{"type":"ROOT", "root":"vm", "references":["0x7fcbb10c03f8", "0x7fcbb10bb9c0", "0x7fcbb10e3f88", "0x7fcbb10c3f58", "0x7fcbb10c3f08", "0x7fcbb10b8bf8", "0x7fcbb10c3e90", "0x7fcbb10c3e68", "0x7fcbb10e1c88", "0x7fcbb10e3fb0"]}
{"type":"ROOT", "root":"machine_context", "references":["0x7fcbb10c2d10", "0x7fcbb10e3fb0", "0x7fcbb10c2d10", "0x7fcbb10e3fb0", "0x7fcbb102be60", "0x7fcbb102bcf8", "0x7fcbb10c2cc0", "0x7fcbb10c2d10", "0x7fcbb10c2cc0", "0x7fcbb10c2cc0", "0x7fcbb102bd70", "0x7fcbb102be60", "0x7fcbb10ca088", "0x7fcbb10e1c88", "0x7fcbb10ca088", "0x7fcbb102be60", "0x7fcbb102be60", "0x7fcbb102be60", "0x7fcbb10ca088", "0x7fcbb102be60", "0x7fcbb10ca088", "0x7fcbb10ca088", "0x7fcbb102be60", "0x7fcbb102be60", "0x7fcbb10ca088", "0x7fcbb102be60", "0x7fcbb10ca088", "0x7fcbb10cb3c0", "0x7fcbb10ca088", "0x7fcbb102bf00", "0x7fcbb10cb3c0", "0x7fcbb10ca060", "0x7fcbb10c0330", "0x7fcbb10c0380", "0x7fcbb10e1c88", "0x7fcbb1051048", "0x7fcbb1051048", "0x7fcbb1051048", "0x7fcbb1051048", "0x7fcbb1051048"]}
{"type":"ROOT", "root":"global_list", "references":["0x7fcbb10e3f60"]}
{"type":"ROOT", "root":"global_tbl", "references":["0x7fcbb10cada8", "0x7fcbb10cada8", "0x7fcbb10ca5d8", "0x7fcbb10ca560", "0x7fcbb10ca4e8", "0x7fcbb10ca560", "0x7fcbb10ca268", "0x7fcbb10ca268", "0x7fcbb10ca268", "0x7fcbb10ca268", "0x7fcbb10ca268", "0x7fcbb10c0420", "0x7fcbb10c0420", "0x7fcbb10c0420", "0x7fcbb1052e70", "0x7fcbb1052e70"]}
{"address":"0x7fcbb1028008", "type":"NODE", "frozen":true, "node_type":"NODE_CALL", "references":["0x7fcbb1028030"], "memsize":40}
{"address":"0x7fcbb1028030", "type":"NODE", "frozen":true, "node_type":"NODE_CALL", "references":["0x7fcbb1028080"], "memsize":40}
{"address":"0x7fcbb1028080", "type":"NODE", "frozen":true, "node_type":"NODE_DVAR", "memsize":40}
{"address":"0x7fcbb10280d0", "type":"STRING", "class":"0x7fcbb10e0ef0", "frozen":true, "embedded":true, "fstring":true, "bytesize":13, "value":"NACL_SDK_ROOT", "encoding":"UTF-8", "memsize":40, "flags":{"wb_protected":true, "old":true, "long_lived":true, "marked":true}}
{"address":"0x7fcbb1028120", "type":"STRING", "class":"0x7fcbb10e0ef0", "frozen":true, "embedded":true, "fstring":true, "bytesize":14, "value":"prerelease_dep", "encoding":"US-ASCII", "memsize":40, "flags":{"wb_protected":true, "old":true, "long_lived":true, "marked":true}}
{"address":"0x7fcbb1028198", "type":"STRING", "class":"0x7fcbb10e0ef0", "frozen":true, "embedded":true, "fstring":true, "bytesize":14, "value":"NACL_TOOLCHAIN", "encoding":"UTF-8", "memsize":40, "flags":{"wb_protected":true, "old":true, "long_lived":true, "marked":true}}
{"address":"0x7fcbb1028238", "type":"STRING", "class":"0x7fcbb10e0ef0", "frozen":true, "embedded":true, "fstring":true, "bytesize":16, "value":"NACL_SDK_VARIANT", "encoding":"UTF-8", "memsize":40, "flags":{"wb_protected":true, "old":true, "long_lived":true, "marked":true}}
{"address":"0x7fcbb10282b0", "type":"STRING", "class":"0x7fcbb10e0ef0", "frozen":true, "embedded":true, "fstring":true, "bytesize":9, "value":"target_os", "encoding":"UTF-8", "memsize":40, "flags":{"wb_protected":true, "old":true, "long_lived":true, "marked":true}}
{"address":"0x7fcbb1028418", "type":"STRING", "class":"0x7fcbb10e0ef0", "frozen":true, "embedded":true, "fstring":true, "bytesize":13, "value":"NACL_LIB_PATH", "encoding":"UTF-8", "memsize":40, "flags":{"wb_protected":true, "old":true, "long_lived":true, "marked":true}}
{"address":"0x7fcbb1028468", "type":"STRING", "class":"0x7fcbb10e0ef0", "frozen":true, "embedded":true, "fstring":true, "bytesize":12, "value":"executables=", "encoding":"US-ASCII", "memsize":40, "flags":{"wb_protected":true, "old":true, "long_lived":true, "marked":true}}
{"address":"0x7fcbb1028490", "type":"STRING", "class":"0x7fcbb10e0ef0", "frozen":true, "embedded":true, "fstring":true, "bytesize":13, "value":"target_vendor", "encoding":"UTF-8", "memsize":40, "flags":{"wb_protected":true, "old":true, "long_lived":true, "marked":true}}
{"address":"0x7fcbb1028670", "type":"STRING", "class":"0x7fcbb10e0ef0", "frozen":true, "embedded":true, "fstring":true, "bytesize":10, "value":"target_cpu", "encoding":"UTF-8", "memsize":40, "flags":{"wb_protected":true, "old":true, "long_lived":true, "marked":true}}
{"address":"0x7fcbb10287d8", "type":"STRING", "class":"0x7fcbb10e0ef0", "frozen":true, "embedded":true, "fstring":true, "bytesize":2, "value":"CC", "encoding":"UTF-8", "memsize":40, "flags":{"wb_protected":true, "old":true, "long_lived":true, "marked":true}}
{"address":"0x7fcbb1028850", "type":"STRING", "class":"0x7fcbb10e0ef0", "frozen":true, "embedded":true, "fstring":true, "bytesize":6, "value":"target", "encoding":"UTF-8", "memsize":40, "flags":{"wb_protected":true, "old":true, "long_lived":true, "marked":true}}
{"address":"0x7fcbb10288f0", "type":"STRING", "class":"0x7fcbb10e0ef0", "frozen":true, "embedded":true, "fstring":true, "bytesize":11, "value":"executable=", "encoding":"US-ASCII", "memsize":40, "flags":{"wb_protected":true, "old":true, "long_lived":true, "marked":true}}
{"address":"0x7fcbb1028af8", "type":"STRING", "class":"0x7fcbb10e0ef0", "frozen":true, "embedded":true, "fstring":true, "bytesize":11, "value":"host_vendor", "encoding":"UTF-8", "memsize":40, "flags":{"wb_protected":true, "old":true, "long_lived":true, "marked":true}}
{"address":"0x7fcbb1028be8", "type":"STRING", "class":"0x7fcbb10e0ef0", "frozen":true, "embedded":true, "fstring":true, "bytesize":3, "value":"CXX", "encoding":"UTF-8", "memsize":40, "flags":{"wb_protected":true, "old":true, "long_lived":true, "marked":true}}
{"address":"0x7fcbb1028c10", "type":"STRING", "class":"0x7fcbb10e0ef0", "frozen":true, "embedded":true, "fstring":true, "bytesize":8, "value":"host_cpu", "encoding":"UTF-8", "memsize":40, "flags":{"wb_protected":true, "old":true, "long_lived":true, "marked":true}}
{"address":"0x7fcbb1028cd8", "type":"STRING", "class":"0x7fcbb10e0ef0", "frozen":true, "embedded":true, "fstring":true, "bytesize":4, "value":"host", "encoding":"UTF-8", "memsize":40, "flags":{"wb_protected":true, "old":true, "long_lived":true, "marked":true}}
{"address":"0x7fcbb1028d78", "type":"STRING", "class":"0x7fcbb10e0ef0", "frozen":true, "fstring":true, "bytesize":28, "value":"$(cflags)  -fno-common -pipe", "encoding":"UTF-8", "memsize":69, "flags":{"wb_protected":true, "old":true, "long_lived":true, "marked":true}}
{"address":"0x7fcbb1028df0", "type":"STRING", "class":"0x7fcbb10e0ef0", "frozen":true, "fstring":true, "bytesize":25, "value":"x86_64-apple-darwin14.5.0", "encoding":"UTF-8", "memsize":66, "flags":{"wb_protected":true, "old":true, "long_lived":true, "marked":true}}
{"address":"0x7fcbb1028eb8", "type":"STRING", "class":"0x7fcbb10e0ef0", "frozen":true, "embedded":true, "fstring":true, "bytesize":17, "value":"RUBY_VERSION_NAME", "encoding":"UTF-8", "memsize":40, "flags":{"wb_protected":true, "old":true, "long_lived":true, "marked":true}}
{"address":"0x7fcbb1028f58", "type":"STRING", "class":"0x7fcbb10e0ef0", "frozen":true, "embedded":true, "fstring":true, "bytesize":6, "value":"CFLAGS", "encoding":"UTF-8", "memsize":40, "flags":{"wb_protected":true, "old":true, "long_lived":true, "marked":true}}
{"address":"0x7fcbb1028fd0", "type":"STRING", "class":"0x7fcbb10e0ef0", "frozen":true, "fstring":true, "bytesize":33, "value":"$(RUBY_BASE_NAME)-$(ruby_version)", "encoding":"UTF-8", "memsize":74, "flags":{"wb_protected":true, "old":true, "long_lived":true, "marked":true}}
{"address":"0x7fcbb1029098", "type":"STRING", "class":"0x7fcbb10e0ef0", "frozen":true, "embedded":true, "fstring":true, "bytesize":15, "value":"RUBYW_BASE_NAME", "encoding":"UTF-8", "memsize":40, "flags":{"wb_protected":true, "old":true, "long_lived":true, "marked":true}}
{"address":"0x7fcbb1029138", "type":"STRING", "class":"0x7fcbb10e0ef0", "frozen":true, "fstring":true, "bytesize":139, "value":"-L. -fstack-protector -L/usr/local/opt/libyaml/lib -L/usr/local/opt/readline/lib -L/usr/local/opt/libksba/lib -L/usr/local/opt/openssl/lib ", "encoding":"UTF-8", "memsize":180, "flags":{"wb_protected":true, "old":true, "long_lived":true, "marked":true}}
{"address":"0x7fcbb1029200", "type":"STRING", "class":"0x7fcbb10e0ef0", "frozen":true, "embedded":true, "fstring":true, "bytesize":4, "value":"prev", "encoding":"US-ASCII", "memsize":40, "flags":{"wb_protected":true, "old":true, "long_lived":true, "marked":true}}
{"address":"0x7fcbb1029278", "type":"STRING", "class":"0x7fcbb10e0ef0", "frozen":true, "embedded":true, "fstring":true, "bytesize":14, "value":"RUBY_BASE_NAME", "encoding":"UTF-8", "memsize":40, "flags":{"wb_protected":true, "old":true, "long_lived":true, "marked":true}}
{"address":"0x7fcbb1029318", "type":"STRING", "class":"0x7fcbb10e0ef0", "frozen":true, "embedded":true, "fstring":true, "bytesize":7, "value":"LDFLAGS", "encoding":"UTF-8", "memsize":40, "flags":{"wb_protected":true, "old":true, "long_lived":true, "marked":true}}
{"address":"0x7fcbb1029390", "type":"STRING", "class":"0x7fcbb10e0ef0", "frozen":true, "embedded":true, "fstring":true, "bytesize":8, "value":"build_os", "encoding":"UTF-8", "memsize":40, "flags":{"wb_protected":true, "old":true, "long_lived":true, "marked":true}}
{"address":"0x7fcbb1029458", "type":"STRING", "class":"0x7fcbb10e0ef0", "frozen":true, "embedded":true, "fstring":true, "bytesize":12, "value":"build_vendor", "encoding":"UTF-8", "memsize":40, "flags":{"wb_protected":true, "old":true, "long_lived":true, "marked":true}}
{"address":"0x7fcbb1029480", "type":"STRING", "class":"0x7fcbb10e0ef0", "frozen":true, "embedded":true, "fstring":true, "bytesize":4, "value":"seen", "encoding":"US-ASCII", "memsize":40, "flags":{"wb_protected":true, "old":true, "long_lived":true, "marked":true}}
{"address":"0x7fcbb1029548", "type":"STRING", "class":"0x7fcbb10e0ef0", "frozen":true, "fstring":true, "bytesize":228, "value":" -I/usr/local/opt/libyaml/include -I/usr/local/opt/readline/include -I/usr/local/opt/libksba/include -I/usr/local/opt/openssl/include -D_XOPEN_SOURCE -D_DARWIN_C_SOURCE -D_DARWIN_UNLIMITED_SELECT -D_REENTRANT $(DEFS) $(cppflags)", "encoding":"UTF-8", "memsize":269, "flags":{"wb_protected":true, "old":true, "long_lived":true, "marked":true}}
{"address":"0x7fcbb1029570", "type":"STRING", "class":"0x7fcbb10e0ef0", "frozen":true, "embedded":true, "fstring":true, "bytesize":9, "value":"build_cpu", "encoding":"UTF-8", "memsize":40, "flags":{"wb_protected":true, "old":true, "long_lived":true, "marked":true}}
{"address":"0x7fcbb1029638", "type":"STRING", "class":"0x7fcbb10e0ef0", "frozen":true, "embedded":true, "fstring":true, "bytesize":5, "value":"build", "encoding":"UTF-8", "memsize":40, "flags":{"wb_protected":true, "old":true, "long_lived":true, "marked":true}}
{"address":"0x7fcbb10296d8", "type":"STRING", "class":"0x7fcbb10e0ef0", "frozen":true, "embedded":true, "fstring":true, "bytesize":8, "value":"CPPFLAGS", "encoding":"UTF-8", "memsize":40, "flags":{"wb_protected":true, "old":true, "long_lived":true, "marked":true}}
{"address":"0x7fcbb1029750", "type":"STRING", "class":"0x7fcbb10e0ef0", "frozen":true, "embedded":true, "fstring":true, "bytesize":20, "value":"RUBY_PROGRAM_VERSION", "encoding":"UTF-8", "memsize":40, "flags":{"wb_protected":true, "old":true, "long_lived":true, "marked":true}}
{"address":"0x7fcbb1029818", "type":"STRING", "class":"0x7fcbb10e0ef0", "frozen":true, "embedded":true, "fstring":true, "bytesize":13, "value":"HAVE_BASERUBY", "encoding":"UTF-8", "memsize":40, "flags":{"wb_protected":true, "old":true, "long_lived":true, "marked":true}}
{"address":"0x7fcbb1029908", "type":"STRING", "class":"0x7fcbb10e0ef0", "frozen":true, "embedded":true, "fstring":true, "bytesize":10, "value":"executable", "encoding":"US-ASCII", "memsize":40, "flags":{"wb_protected":true, "old":true, "long_lived":true, "marked":true}}
{"address":"0x7fcbb1029930", "type":"STRING", "class":"0x7fcbb10e0ef0", "frozen":true, "embedded":true, "fstring":true, "bytesize":12, "value":"target_alias", "encoding":"UTF-8", "memsize":40, "flags":{"wb_protected":true, "old":true, "long_lived":true, "marked":true}}
{"address":"0x7fcbb10299d0", "type":"STRING", "class":"0x7fcbb10e0ef0", "frozen":true, "embedded":true, "fstring":true, "bytesize":13, "value":"alert_warning", "encoding":"US-ASCII", "memsize":40, "flags":{"wb_protected":true, "old":true, "long_lived":true, "marked":true}}
{"address":"0x7fcbb10299f8", "type":"STRING", "class":"0x7fcbb10e0ef0", "frozen":true, "embedded":true, "fstring":true, "bytesize":10, "value":"host_alias", "encoding":"UTF-8", "memsize":40, "flags":{"wb_protected":true, "old":true, "long_lived":true, "marked":true}}
{"address":"0x7fcbb1029a98", "type":"STRING", "class":"0x7fcbb10e0ef0", "frozen":true, "embedded":true, "fstring":true, "bytesize":6, "value":"OBJEXT", "encoding":"UTF-8", "memsize":40, "flags":{"wb_protected":true, "old":true, "long_lived":true, "marked":true}}
{"address":"0x7fcbb1029b10", "type":"STRING", "class":"0x7fcbb10e0ef0", "frozen":true, "embedded":true, "fstring":true, "bytesize":11, "value":"build_alias", "encoding":"UTF-8", "memsize":40, "flags":{"wb_protected":true, "old":true, "long_lived":true, "marked":true}}
{"address":"0x7fcbb1029bd8", "type":"STRING", "class":"0x7fcbb10e0ef0", "frozen":true, "embedded":true, "fstring":true, "bytesize":4, "value":"LIBS", "encoding":"UTF-8", "memsize":40, "flags":{"wb_protected":true, "old":true, "long_lived":true, "marked":true}}
{"address":"0x7fcbb1029d40", "type":"STRING", "class":"0x7fcbb10e0ef0", "frozen":true, "embedded":true, "fstring":true, "bytesize":21, "value":"validate_dependencies", "encoding":"US-ASCII", "memsize":40, "flags":{"wb_protected":true, "old":true, "long_lived":true, "marked":true}}
{"address":"0x7fcbb1029db8", "type":"STRING", "class":"0x7fcbb10e0ef0", "frozen":true, "embedded":true, "fstring":true, "bytesize":6, "value":"ECHO_T", "encoding":"UTF-8", "memsize":40, "flags":{"wb_protected":true, "old":true, "long_lived":true, "marked":true}}
{"address":"0x7fcbb1029ea8", "type":"STRING", "class":"0x7fcbb10e0ef0", "frozen":true, "embedded":true, "fstring":true, "bytesize":8, "value":"CXXFLAGS", "encoding":"UTF-8", "memsize":40, "flags":{"wb_protected":true, "old":true, "long_lived":true, "marked":true}}
{"address":"0x7fcbb1029ed0", "type":"STRING", "class":"0x7fcbb10e0ef0", "frozen":true, "embedded":true, "fstring":true, "bytesize":6, "value":"ECHO_N", "encoding":"UTF-8", "memsize":40, "flags":{"wb_protected":true, "old":true, "long_lived":true, "marked":true}}
{"address":"0x7fcbb1029f98", "type":"STRING", "class":"0x7fcbb10e0ef0", "frozen":true, "embedded":true, "fstring":true, "bytesize":6, "value":"ECHO_C", "encoding":"UTF-8", "memsize":40, "flags":{"wb_protected":true, "old":true, "long_lived":true, "marked":true}}
{"address":"0x7fcbb102a178", "type":"STRING", "class":"0x7fcbb10e0ef0", "frozen":true, "embedded":true, "fstring":true, "bytesize":4, "value":"DEFS", "encoding":"UTF-8", "memsize":40, "flags":{"wb_protected":true, "old":true, "long_lived":true, "marked":true}}
{"address":"0x7fcbb102a268", "type":"STRING", "class":"0x7fcbb10e0ef0", "frozen":true, "embedded":true, "fstring":true, "bytesize":3, "value":"CPP", "encoding":"UTF-8", "memsize":40, "flags":{"wb_protected":true, "old":true, "long_lived":true, "marked":true}}
{"address":"0x7fcbb102a290", "type":"STRING", "class":"0x7fcbb10e0ef0", "frozen":true, "embedded":true, "fstring":true, "bytesize":6, "value":"mandir", "encoding":"UTF-8", "memsize":40, "flags":{"wb_protected":true, "old":true, "long_lived":true, "marked":true}}
{"address":"0x7fcbb102a470", "type":"STRING", "class":"0x7fcbb10e0ef0", "frozen":true, "embedded":true, "fstring":true, "bytesize":9, "value":"localedir", "encoding":"UTF-8", "memsize":40, "flags":{"wb_protected":true, "old":true, "long_lived":true, "marked":true}}
{"address":"0x7fcbb102a600", "type":"STRING", "class":"0x7fcbb10e0ef0", "frozen":true, "embedded":true, "fstring":true, "bytesize":16, "value":"same_attributes?", "encoding":"US-ASCII", "memsize":40, "flags":{"wb_protected":true, "old":true, "long_lived":true, "marked":true}}
{"address":"0x7fcbb102a628", "type":"STRING", "class":"0x7fcbb10e0ef0", "frozen":true, "embedded":true, "fstring":true, "bytesize":4, "value":"GREP", "encoding":"UTF-8", "memsize":40, "flags":{"wb_protected":true, "old":true, "long_lived":true, "marked":true}}
{"address":"0x7fcbb102a678", "type":"STRING", "class":"0x7fcbb10e0ef0", "frozen":true, "embedded":true, "fstring":true, "bytesize":7, "value":"shebang", "encoding":"US-ASCII", "memsize":40, "flags":{"wb_protected":true, "old":true, "long_lived":true, "marked":true}}
{"address":"0x7fcbb102a718", "type":"STRING", "class":"0x7fcbb10e0ef0", "frozen":true, "embedded":true, "fstring":true, "bytesize":5, "value":"psdir", "encoding":"UTF-8", "memsize":40, "flags":{"wb_protected":true, "old":true, "long_lived":true, "marked":true}}
{"address":"0x7fcbb102a8a8", "type":"STRING", "class":"0x7fcbb10e0ef0", "frozen":true, "embedded":true, "fstring":true, "bytesize":15, "value":"executable_path", "encoding":"US-ASCII", "memsize":40, "flags":{"wb_protected":true, "old":true, "long_lived":true, "marked":true}}
{"address":"0x7fcbb102a8f8", "type":"STRING", "class":"0x7fcbb10e0ef0", "frozen":true, "embedded":true, "fstring":true, "bytesize":6, "value":"pdfdir", "encoding":"UTF-8", "memsize":40, "flags":{"wb_protected":true, "old":true, "long_lived":true, "marked":true}}
{"address":"0x7fcbb102a998", "type":"STRING", "class":"0x7fcbb10e0ef0", "frozen":true, "embedded":true, "fstring":true, "bytesize":5, "value":"EGREP", "encoding":"UTF-8", "memsize":40, "flags":{"wb_protected":true, "old":true, "long_lived":true, "marked":true}}
{"address":"0x7fcbb102aa10", "type":"STRING", "class":"0x7fcbb10e0ef0", "frozen":true, "embedded":true, "fstring":true, "bytesize":6, "value":"dvidir", "encoding":"UTF-8", "memsize":40, "flags":{"wb_protected":true, "old":true, "long_lived":true, "marked":true}}
{"address":"0x7fcbb102aad8", "type":"STRING", "class":"0x7fcbb10e0ef0", "frozen":true, "embedded":true, "fstring":true, "bytesize":7, "value":"htmldir", "encoding":"UTF-8", "memsize":40, "flags":{"wb_protected":true, "old":true, "long_lived":true, "marked":true}}
{"address":"0x7fcbb102ab78", "type":"STRING", "class":"0x7fcbb10e0ef0", "frozen":true, "embedded":true, "fstring":true, "bytesize":3, "value":"GCC", "encoding":"UTF-8", "memsize":40, "flags":{"wb_protected":true, "old":true, "long_lived":true, "marked":true}}
{"address":"0x7fcbb102abf0", "type":"STRING", "class":"0x7fcbb10e0ef0", "frozen":true, "embedded":true, "fstring":true, "bytesize":7, "value":"infodir", "encoding":"UTF-8", "memsize":40, "flags":{"wb_protected":true, "old":true, "long_lived":true, "marked":true}}
{"address":"0x7fcbb102add0", "type":"STRING", "class":"0x7fcbb10e0ef0", "frozen":true, "embedded":true, "fstring":true, "bytesize":6, "value":"docdir", "encoding":"UTF-8", "memsize":40, "flags":{"wb_protected":true, "old":true, "long_lived":true, "marked":true}}
{"address":"0x7fcbb102ae98", "type":"STRING", "class":"0x7fcbb10e0ef0", "frozen":true, "fstring":true, "bytesize":29, "value":"$(datarootdir)/doc/$(PACKAGE)", "encoding":"UTF-8", "memsize":70, "flags":{"wb_protected":true, "old":true, "long_lived":true, "marked":true}}
{"address":"0x7fcbb102af38", "type":"STRING", "class":"0x7fcbb10e0ef0", "frozen":true, "embedded":true, "fstring":true, "bytesize":2, "value":"LD", "encoding":"UTF-8", "memsize":40, "flags":{"wb_protected":true, "old":true, "long_lived":true, "marked":true}}
{"address":"0x7fcbb102afb0", "type":"STRING", "class":"0x7fcbb10e0ef0", "frozen":true, "embedded":true, "fstring":true, "bytesize":13, "value":"oldincludedir", "encoding":"UTF-8", "memsize":40, "flags":{"wb_protected":true, "old":true, "long_lived":true, "marked":true}}
{"address":"0x7fcbb102b118", "type":"STRING", "class":"0x7fcbb10e0ef0", "frozen":true, "embedded":true, "fstring":true, "bytesize":6, "value":"GNU_LD", "encoding":"UTF-8", "memsize":40, "flags":{"wb_protected":true, "old":true, "long_lived":true, "marked":true}}
{"address":"0x7fcbb102b190", "type":"STRING", "class":"0x7fcbb10e0ef0", "frozen":true, "embedded":true, "fstring":true, "bytesize":10, "value":"includedir", "encoding":"UTF-8", "memsize":40, "flags":{"wb_protected":true, "old":true, "long_lived":true, "marked":true}}
{"address":"0x7fcbb102b370", "type":"STRING", "class":"0x7fcbb10e0ef0", "frozen":true, "embedded":true, "fstring":true, "bytesize":13, "value":"localstatedir", "encoding":"UTF-8", "memsize":40, "flags":{"wb_protected":true, "old":true, "long_lived":true, "marked":true}}
{"address":"0x7fcbb102b4d8", "type":"STRING", "class":"0x7fcbb10e0ef0", "frozen":true, "embedded":true, "fstring":true, "bytesize":10, "value":"CPPOUTFILE", "encoding":"UTF-8", "memsize":40, "flags":{"wb_protected":true, "old":true, "long_lived":true, "marked":true}}
{"address":"0x7fcbb102b550", "type":"STRING", "class":"0x7fcbb10e0ef0", "frozen":true, "embedded":true, "fstring":true, "bytesize":14, "value":"sharedstatedir", "encoding":"UTF-8", "memsize":40, "flags":{"wb_protected":true, "old":true, "long_lived":true, "marked":true}}
{"address":"0x7fcbb102b6b8", "type":"STRING", "class":"0x7fcbb10e0ef0", "frozen":true, "embedded":true, "fstring":true, "bytesize":7, "value":"OUTFLAG", "encoding":"UTF-8", "memsize":40, "flags":{"wb_protected":true, "old":true, "long_lived":true, "marked":true}}
{"address":"0x7fcbb102b730", "type":"STRING", "class":"0x7fcbb10e0ef0", "frozen":true, "embedded":true, "fstring":true, "bytesize":10, "value":"sysconfdir", "encoding":"UTF-8", "memsize":40, "flags":{"wb_protected":true, "old":true, "long_lived":true, "marked":true}}
{"address":"0x7fcbb102b8e8", "type":"STRING", "class":"0x7fcbb10e0ef0", "frozen":true, "embedded":true, "fstring":true, "bytesize":9, "value":"attribute", "encoding":"US-ASCII", "memsize":40, "flags":{"wb_protected":true, "old":true, "long_lived":true, "marked":true}}
{"address":"0x7fcbb102b910", "type":"STRING", "class":"0x7fcbb10e0ef0", "frozen":true, "embedded":true, "fstring":true, "bytesize":7, "value":"datadir", "encoding":"UTF-8", "memsize":40, "flags":{"wb_protected":true, "old":true, "long_lived":true, "marked":true}}
{"address":"0x7fcbb102bac8", "type":"STRING", "class":"0x7fcbb10e0ef0", "frozen":true, "embedded":true, "fstring":true, "bytesize":8, "value":"COUTFLAG", "encoding":"UTF-8", "memsize":40, "flags":{"wb_protected":true, "old":true, "long_lived":true, "marked":true}}
{"address":"0x7fcbb102baf0", "type":"STRING", "class":"0x7fcbb10e0ef0", "frozen":true, "embedded":true, "fstring":true, "bytesize":11, "value":"datarootdir", "encoding":"UTF-8", "memsize":40, "flags":{"wb_protected":true, "old":true, "long_lived":true, "marked":true}}
{"address":"0x7fcbb102bcd0", "type":"STRING", "class":"0x7fcbb10e0ef0", "frozen":true, "embedded":true, "fstring":true, "bytesize":10, "value":"libexecdir", "encoding":"UTF-8", "memsize":40, "flags":{"wb_protected":true, "old":true, "long_lived":true, "marked":true}}
{"address":"0x7fcbb102bcf8", "type":"HASH", "class":"0x7fcbb10d1270", "size":1, "references":["0x7fcbb102be60"], "memsize":232, "flags":{"wb_protected":true}}
{"address":"0x7fcbb102bd20", "type":"HASH", "class":"0x7fcbb10d1270", "size":1, "references":["0x7fcbb102be60"], "memsize":232, "flags":{"wb_protected":true}}
{"address":"0x7fcbb102bd70", "type":"STRING", "class":"0x7fcbb10e0ef0", "frozen":true, "embedded":true, "bytesize":11, "value":"memory.json", "encoding":"UTF-8", "memsize":40, "flags":{"wb_protected":true}}
{"address":"0x7fcbb102be38", "type":"STRING", "class":"0x7fcbb10e0ef0", "frozen":true, "embedded":true, "fstring":true, "bytesize":10, "value":"CC_VERSION", "encoding":"UTF-8", "memsize":40, "flags":{"wb_protected":true, "old":true, "long_lived":true, "marked":true}}
{"address":"0x7fcbb102beb0", "type":"STRING", "class":"0x7fcbb10e0ef0", "frozen":true, "embedded":true, "fstring":true, "bytesize":7, "value":"sbindir", "encoding":"UTF-8", "memsize":40, "flags":{"wb_protected":true, "old":true, "long_lived":true, "marked":true}}
{"address":"0x7fcbb102bf00", "type":"STRING", "class":"0x7fcbb10e0ef0", "embedded":true, "bytesize":1, "value":"w", "encoding":"UTF-8", "memsize":40, "flags":{"wb_protected":true}}
{"address":"0x7fcbb102bf28", "type":"STRING", "class":"0x7fcbb10e0ef0", "embedded":true, "bytesize":11, "value":"memory.json", "encoding":"UTF-8", "memsize":40, "flags":{"wb_protected":true}}
{"address":"0x7fcbb1030370", "type":"STRING", "class":"0x7fcbb10e0ef0", "frozen":true, "fstring":true, "bytesize":29, "value":"InvalidSpecificationException", "encoding":"US-ASCII", "memsize":70, "flags":{"wb_protected":true, "old":true, "long_lived":true, "marked":true}}
{"address":"0x7fcbb1031090", "type":"STRING", "class":"0x7fcbb10e0ef0", "frozen":true, "fstring":true, "bytesize":52, "value":"\\A(\\d{4})-(\\d{2})-(\\d{2}) \\d{2}:\\d{2}:\\d{2}\\.\\d+?Z\\z", "encoding":"US-ASCII", "memsize":93, "flags":{"wb_protected":true, "old":true, "long_lived":true, "marked":true}}
{"address":"0x7fcbb1031388", "type":"REGEXP", "class":"0x7fcbb10d0b40", "references":["0x7fcbb1031090"], "memsize":969, "flags":{"wb_protected":true, "old":true, "long_lived":true, "marked":true}}
{"address":"0x7fcbb10324e0", "type":"STRING", "class":"0x7fcbb10e0ef0", "frozen":true, "embedded":true, "fstring":true, "bytesize":5, "value":"field", "encoding":"US-ASCII", "memsize":40, "flags":{"wb_protected":true, "old":true, "long_lived":true, "marked":true}}
{"address":"0x7fcbb1033250", "type":"STRING", "class":"0x7fcbb10e0ef0", "frozen":true, "fstring":true, "bytesize":99, "value":"\\A\n     (\\d{4})-(\\d{2})-(\\d{2})\n     (\\s+ \\d{2}:\\d{2}:\\d{2}\\.\\d+ \\s* (Z | [-+]\\d\\d:\\d\\d) )?\n     \\Z", "encoding":"US-ASCII", "memsize":140, "flags":{"wb_protected":true, "old":true, "long_lived":true, "marked":true}}
{"address":"0x7fcbb1033430", "type":"REGEXP", "class":"0x7fcbb10d0b40", "references":["0x7fcbb1033250"], "memsize":1345, "flags":{"wb_protected":true, "old":true, "long_lived":true, "marked":true}}
{"address":"0x7fcbb1033ac0", "type":"STRING", "class":"0x7fcbb10e0ef0", "frozen":true, "embedded":true, "fstring":true, "bytesize":14, "value":"DateTimeFormat", "encoding":"US-ASCII", "memsize":40, "flags":{"wb_protected":true, "old":true, "long_lived":true, "marked":true}}
{"address":"0x7fcbb1033c28", "type":"STRING", "class":"0x7fcbb10e0ef0", "frozen":true, "embedded":true, "fstring":true, "bytesize":9, "value":"non_files", "encoding":"US-ASCII", "memsize":40, "flags":{"wb_protected":true, "old":true, "long_lived":true, "marked":true}}
{"address":"0x7fcbb1038110", "type":"STRING", "class":"0x7fcbb10e0ef0", "frozen":true, "embedded":true, "fstring":true, "bytesize":7, "value":"LINK_SO", "encoding":"UTF-8", "memsize":40, "flags":{"wb_protected":true, "old":true, "long_lived":true, "marked":true}}
{"address":"0x7fcbb10382c8", "type":"STRING", "class":"0x7fcbb10e0ef0", "frozen":true, "embedded":true, "fstring":true, "bytesize":11, "value":"LIBPATHFLAG", "encoding":"UTF-8", "memsize":40, "flags":{"wb_protected":true, "old":true, "long_lived":true, "marked":true}}
{"address":"0x7fcbb10382f0", "type":"STRING", "class":"0x7fcbb10e0ef0", "frozen":true, "embedded":true, "fstring":true, "bytesize":6, "value":"ASMEXT", "encoding":"UTF-8", "memsize":40, "flags":{"wb_protected":true, "old":true, "long_lived":true, "marked":true}}
{"address":"0x7fcbb1038458", "type":"STRING", "class":"0x7fcbb10e0ef0", "frozen":true, "embedded":true, "fstring":true, "bytesize":9, "value":"RPATHFLAG", "encoding":"UTF-8", "memsize":40, "flags":{"wb_protected":true, "old":true, "long_lived":true, "marked":true}}
{"address":"0x7fcbb1038480", "type":"STRING", "class":"0x7fcbb10e0ef0", "frozen":true, "embedded":true, "fstring":true, "bytesize":19, "value":"\\A[a-z][a-z\\d+.-]*:", "encoding":"US-ASCII", "memsize":40, "flags":{"wb_protected":true, "old":true, "long_lived":true, "marked":true}}
{"address":"0x7fcbb10384d0", "type":"STRING", "class":"0x7fcbb10e0ef0", "frozen":true, "embedded":true, "fstring":true, "bytesize":6, "value":"LIBEXT", "encoding":"UTF-8", "memsize":40, "flags":{"wb_protected":true, "old":true, "long_lived":true, "marked":true}}
{"address":"0x7fcbb1038548", "type":"REGEXP", "class":"0x7fcbb10d0b40", "references":["0x7fcbb1038480"], "memsize":641, "flags":{"wb_protected":true, "old":true, "long_lived":true, "marked":true}}
{"address":"0x7fcbb1038778", "type":"STRING", "class":"0x7fcbb10e0ef0", "frozen":true, "embedded":true, "fstring":true, "bytesize":10, "value":"LDSHAREDXX", "encoding":"UTF-8", "memsize":40, "flags":{"wb_protected":true, "old":true, "long_lived":true, "marked":true}}
{"address":"0x7fcbb1038818", "type":"STRING", "class":"0x7fcbb10e0ef0", "frozen":true, "embedded":true, "fstring":true, "bytesize":10, "value":"LIBPATHENV", "encoding":"UTF-8", "memsize":40, "flags":{"wb_protected":true, "old":true, "long_lived":true, "marked":true}}
{"address":"0x7fcbb1038958", "type":"STRING", "class":"0x7fcbb10e0ef0", "frozen":true, "embedded":true, "fstring":true, "bytesize":8, "value":"LDSHARED", "encoding":"UTF-8", "memsize":40, "flags":{"wb_protected":true, "old":true, "long_lived":true, "marked":true}}
{"address":"0x7fcbb10389f8", "type":"STRING", "class":"0x7fcbb10e0ef0", "frozen":true, "embedded":true, "fstring":true, "bytesize":8, "value":"TRY_LINK", "encoding":"UTF-8", "memsize":40, "flags":{"wb_protected":true, "old":true, "long_lived":true, "marked":true}}
{"address":"0x7fcbb1038b38", "type":"STRING", "class":"0x7fcbb10e0ef0", "frozen":true, "embedded":true, "fstring":true, "bytesize":9, "value":"CCDLFLAGS", "encoding":"UTF-8", "memsize":40, "flags":{"wb_protected":true, "old":true, "long_lived":true, "marked":true}}
{"address":"0x7fcbb1038d18", "type":"STRING", "class":"0x7fcbb10e0ef0", "frozen":true, "embedded":true, "fstring":true, "bytesize":6, "value":"STATIC", "encoding":"UTF-8", "memsize":40, "flags":{"wb_protected":true, "old":true, "long_lived":true, "marked":true}}
{"address":"0x7fcbb1038d90", "type":"REGEXP", "class":"0x7fcbb10d0b40", "references":["0x7fcbb103a320"], "memsize":512, "flags":{"wb_protected":true, "old":true, "long_lived":true, "marked":true}}
{"address":"0x7fcbb1038db8", "type":"STRING", "class":"0x7fcbb10e0ef0", "frozen":true, "embedded":true, "fstring":true, "bytesize":5, "value":"STRIP", "encoding":"UTF-8", "memsize":40, "flags":{"wb_protected":true, "old":true, "long_lived":true, "marked":true}}
{"address":"0x7fcbb1038e30", "type":"STRING", "class":"0x7fcbb10e0ef0", "frozen":true, "embedded":true, "fstring":true, "bytesize":9, "value":"ARCH_FLAG", "encoding":"UTF-8", "memsize":40, "flags":{"wb_protected":true, "old":true, "long_lived":true, "marked":true}}
{"address":"0x7fcbb1038ef8", "type":"STRING", "class":"0x7fcbb10e0ef0", "frozen":true, "embedded":true, "fstring":true, "bytesize":8, "value":"DLDFLAGS", "encoding":"UTF-8", "memsize":40, "flags":{"wb_protected":true, "old":true, "long_lived":true, "marked":true}}
{"address":"0x7fcbb1038fe8", "type":"STRING", "class":"0x7fcbb10e0ef0", "frozen":true, "embedded":true, "fstring":true, "bytesize":9, "value":"EXTSTATIC", "encoding":"UTF-8", "memsize":40, "flags":{"wb_protected":true, "old":true, "long_lived":true, "marked":true}}
{"address":"0x7fcbb1039010", "type":"STRING", "class":"0x7fcbb10e0ef0", "frozen":true, "fstring":true, "bytesize":178, "value":"-Wl,-undefined,dynamic_lookup -Wl,-multiply_defined,suppress -L/usr/local/opt/libyaml/lib -L/usr/local/opt/readline/lib -L/usr/local/opt/libksba/lib -L/usr/local/opt/openssl/lib ", "encoding":"UTF-8", "memsize":219, "flags":{"wb_protected":true, "old":true, "long_lived":true, "marked":true}}
{"address":"0x7fcbb10390d8", "type":"STRING", "class":"0x7fcbb10e0ef0", "frozen":true, "embedded":true, "fstring":true, "bytesize":6, "value":"ALLOCA", "encoding":"UTF-8", "memsize":40, "flags":{"wb_protected":true, "old":true, "long_lived":true, "marked":true}}
{"address":"0x7fcbb1039178", "type":"STRING", "class":"0x7fcbb10e0ef0", "frozen":true, "embedded":true, "fstring":true, "bytesize":9, "value":"ENCSTATIC", "encoding":"UTF-8", "memsize":40, "flags":{"wb_protected":true, "old":true, "long_lived":true, "marked":true}}
{"address":"0x7fcbb10391f0", "type":"STRING", "class":"0x7fcbb10e0ef0", "frozen":true, "embedded":true, "fstring":true, "bytesize":8, "value":"codesign", "encoding":"UTF-8", "memsize":40, "flags":{"wb_protected":true, "old":true, "long_lived":true, "marked":true}}
{"address":"0x7fcbb10392b8", "type":"STRING", "class":"0x7fcbb10e0ef0", "frozen":true, "embedded":true, "fstring":true, "bytesize":8, "value":"POSTLINK", "encoding":"UTF-8", "memsize":40, "flags":{"wb_protected":true, "old":true, "long_lived":true, "marked":true}}
{"address":"0x7fcbb10393d0", "type":"STRING", "class":"0x7fcbb10e0ef0", "frozen":true, "fstring":true, "bytesize":66, "value":"test -z '$(RUBY_CODESIGN)' || codesign -s '$(RUBY_CODESIGN)' -f $@", "encoding":"UTF-8", "memsize":107, "flags":{"wb_protected":true, "old":true, "long_lived":true, "marked":true}}
{"address":"0x7fcbb1039498", "type":"STRING", "class":"0x7fcbb10e0ef0", "frozen":true, "embedded":true, "fstring":true, "bytesize":10, "value":"WERRORFLAG", "encoding":"UTF-8", "memsize":40, "flags":{"wb_protected":true, "old":true, "long_lived":true, "marked":true}}
{"address":"0x7fcbb10394c0", "type":"REGEXP", "class":"0x7fcbb10d0b40", "references":["0x7fcbb103a320"], "memsize":512, "flags":{"wb_protected":true, "old":true, "long_lived":true, "marked":true}}
{"address":"0x7fcbb1039538", "type":"STRING", "class":"0x7fcbb10e0ef0", "frozen":true, "embedded":true, "fstring":true, "bytesize":5, "value":"setup", "encoding":"UTF-8", "memsize":40, "flags":{"wb_protected":true, "old":true, "long_lived":true, "marked":true}}
{"address":"0x7fcbb1039678", "type":"STRING", "class":"0x7fcbb10e0ef0", "frozen":true, "embedded":true, "fstring":true, "bytesize":5, "value":"CHDIR", "encoding":"UTF-8", "memsize":40, "flags":{"wb_protected":true, "old":true, "long_lived":true, "marked":true}}
{"address":"0x7fcbb1039718", "type":"STRING", "class":"0x7fcbb10e0ef0", "frozen":true, "fstring":true, "bytesize":27, "value":"$(libdir)/$(RUBY_BASE_NAME)", "encoding":"UTF-8", "memsize":68, "flags":{"wb_protected":true, "old":true, "long_lived":true, "marked":true}}
{"address":"0x7fcbb1039858", "type":"STRING", "class":"0x7fcbb10e0ef0", "frozen":true, "embedded":true, "fstring":true, "bytesize":5, "value":"RMALL", "encoding":"UTF-8", "memsize":40, "flags":{"wb_protected":true, "old":true, "long_lived":true, "marked":true}}
{"address":"0x7fcbb10398f8", "type":"STRING", "class":"0x7fcbb10e0ef0", "frozen":true, "embedded":true, "fstring":true, "bytesize":13, "value":"rubylibprefix", "encoding":"UTF-8", "memsize":40, "flags":{"wb_protected":true, "old":true, "long_lived":true, "marked":true}}
{"address":"0x7fcbb1039948", "type":"STRING", "class":"0x7fcbb10e0ef0", "frozen":true, "embedded":true, "fstring":true, "bytesize":10, "value":"build_info", "encoding":"US-ASCII", "memsize":40, "flags":{"wb_protected":true, "old":true, "long_lived":true, "marked":true}}
{"address":"0x7fcbb1039a38", "type":"STRING", "class":"0x7fcbb10e0ef0", "frozen":true, "embedded":true, "fstring":true, "bytesize":6, "value":"RMDIRS", "encoding":"UTF-8", "memsize":40, "flags":{"wb_protected":true, "old":true, "long_lived":true, "marked":true}}
{"address":"0x7fcbb1039ad8", "type":"STRING", "class":"0x7fcbb10e0ef0", "frozen":true, "embedded":true, "fstring":true, "bytesize":13, "value":"TEST_RUNNABLE", "encoding":"UTF-8", "memsize":40, "flags":{"wb_protected":true, "old":true, "long_lived":true, "marked":true}}
{"address":"0x7fcbb1039c18", "type":"STRING", "class":"0x7fcbb10e0ef0", "frozen":true, "embedded":true, "fstring":true, "bytesize":5, "value":"RMDIR", "encoding":"UTF-8", "memsize":40, "flags":{"wb_protected":true, "old":true, "long_lived":true, "marked":true}}
{"address":"0x7fcbb1039c40", "type":"REGEXP", "class":"0x7fcbb10d0b40", "references":["0x7fcbb103a320"], "memsize":512, "flags":{"wb_protected":true, "old":true, "long_lived":true, "marked":true}}
{"address":"0x7fcbb1039cb8", "type":"STRING", "class":"0x7fcbb10e0ef0", "frozen":true, "embedded":true, "fstring":true, "bytesize":15, "value":"CROSS_COMPILING", "encoding":"UTF-8", "memsize":40, "flags":{"wb_protected":true, "old":true, "long_lived":true, "marked":true}}
{"address":"0x7fcbb1039dd0", "type":"STRING", "class":"0x7fcbb10e0ef0", "frozen":true, "embedded":true, "fstring":true, "bytesize":15, "value":"build_info_file", "encoding":"US-ASCII", "memsize":40, "flags":{"wb_protected":true, "old":true, "long_lived":true, "marked":true}}
{"address":"0x7fcbb1039df8", "type":"STRING", "class":"0x7fcbb10e0ef0", "frozen":true, "embedded":true, "fstring":true, "bytesize":2, "value":"CP", "encoding":"UTF-8", "memsize":40, "flags":{"wb_protected":true, "old":true, "long_lived":true, "marked":true}}
{"address":"0x7fcbb1039fd8", "type":"STRING", "class":"0x7fcbb10e0ef0", "frozen":true, "embedded":true, "fstring":true, "bytesize":2, "value":"RM", "encoding":"UTF-8", "memsize":40, "flags":{"wb_protected":true, "old":true, "long_lived":true, "marked":true}}
{"address":"0x7fcbb103a078", "type":"STRING", "class":"0x7fcbb10e0ef0", "frozen":true, "embedded":true, "fstring":true, "bytesize":9, "value":"BTESTRUBY", "encoding":"UTF-8", "memsize":40, "flags":{"wb_protected":true, "old":true, "long_lived":true, "marked":true}}
{"address":"0x7fcbb103a190", "type":"STRING", "class":"0x7fcbb10e0ef0", "frozen":true, "embedded":true, "fstring":true, "bytesize":10, "value":"build_args", "encoding":"US-ASCII", "memsize":40, "flags":{"wb_protected":true, "old":true, "long_lived":true, "marked":true}}
{"address":"0x7fcbb103a1b8", "type":"STRING", "class":"0x7fcbb10e0ef0", "frozen":true, "embedded":true, "fstring":true, "bytesize":10, "value":"PKG_CONFIG", "encoding":"UTF-8", "memsize":40, "flags":{"wb_protected":true, "old":true, "long_lived":true, "marked":true}}
{"address":"0x7fcbb103a320", "type":"STRING", "class":"0x7fcbb10e0ef0", "frozen":true, "embedded":true, "fstring":true, "bytesize":12, "value":"FI XME|TO DO", "encoding":"US-ASCII", "memsize":40, "flags":{"wb_protected":true, "old":true, "long_lived":true, "marked":true}}
{"address":"0x7fcbb103a398", "type":"STRING", "class":"0x7fcbb10e0ef0", "frozen":true, "embedded":true, "fstring":true, "bytesize":6, "value":"PYTHON", "encoding":"UTF-8", "memsize":40, "flags":{"wb_protected":true, "old":true, "long_lived":true, "marked":true}}
{"address":"0x7fcbb103a3c0", "type":"REGEXP", "class":"0x7fcbb10d0b40", "references":["0x7fcbb103a320"], "memsize":512, "flags":{"wb_protected":true, "old":true, "long_lived":true, "marked":true}}
{"address":"0x7fcbb103a438", "type":"STRING", "class":"0x7fcbb10e0ef0", "frozen":true, "embedded":true, "fstring":true, "bytesize":4, "value":"PREP", "encoding":"UTF-8", "memsize":40, "flags":{"wb_protected":true, "old":true, "long_lived":true, "marked":true}}
{"address":"0x7fcbb103a4b0", "type":"STRING", "class":"0x7fcbb10e0ef0", "frozen":true, "embedded":true, "fstring":true, "bytesize":7, "value":"DOXYGEN", "encoding":"UTF-8", "memsize":40, "flags":{"wb_protected":true, "old":true, "long_lived":true, "marked":true}}
{"address":"0x7fcbb103a578", "type":"STRING", "class":"0x7fcbb10e0ef0", "frozen":true, "embedded":true, "fstring":true, "bytesize":3, "value":"DOT", "encoding":"UTF-8", "memsize":40, "flags":{"wb_protected":true, "old":true, "long_lived":true, "marked":true}}
{"address":"0x7fcbb103a618", "type":"STRING", "class":"0x7fcbb10e0ef0", "frozen":true, "fstring":true, "bytesize":70, "value":"$(MINIRUBY) $(srcdir)/tool/runruby.rb --extout=$(EXTOUT) $(RUNRUBYOPT)", "encoding":"UTF-8", "memsize":111, "flags":{"wb_protected":true, "old":true, "long_lived":true, "marked":true}}
{"address":"0x7fcbb103a690", "type":"STRING", "class":"0x7fcbb10e0ef0", "frozen":true, "embedded":true, "fstring":true, "bytesize":6, "value":"DTRACE", "encoding":"UTF-8", "memsize":40, "flags":{"wb_protected":true, "old":true, "long_lived":true, "marked":true}}
{"address":"0x7fcbb103a6e0", "type":"STRING", "class":"0x7fcbb10e0ef0", "frozen":true, "embedded":true, "fstring":true, "bytesize":3, "value":"xxx", "encoding":"US-ASCII", "memsize":40, "flags":{"wb_protected":true, "old":true, "long_lived":true, "marked":true}}
{"address":"0x7fcbb103a780", "type":"REGEXP", "class":"0x7fcbb10d0b40", "references":["0x7fcbb103a6e0"], "memsize":497, "flags":{"wb_protected":true, "old":true, "long_lived":true, "marked":true}}
{"address":"0x7fcbb103a7f8", "type":"STRING", "class":"0x7fcbb10e0ef0", "frozen":true, "embedded":true, "fstring":true, "bytesize":15, "value":"RUNRUBY_COMMAND", "encoding":"UTF-8", "memsize":40, "flags":{"wb_protected":true, "old":true, "long_lived":true, "marked":true}}
{"address":"0x7fcbb103a870", "type":"STRING", "class":"0x7fcbb10e0ef0", "frozen":true, "embedded":true, "fstring":true, "bytesize":8, "value":"MAKEDIRS", "encoding":"UTF-8", "memsize":40, "flags":{"wb_protected":true, "old":true, "long_lived":true, "marked":true}}
{"address":"0x7fcbb103aa50", "type":"STRING", "class":"0x7fcbb10e0ef0", "frozen":true, "embedded":true, "fstring":true, "bytesize":7, "value":"MKDIR_P", "encoding":"UTF-8", "memsize":40, "flags":{"wb_protected":true, "old":true, "long_lived":true, "marked":true}}
{"address":"0x7fcbb103ab18", "type":"STRING", "class":"0x7fcbb10e0ef0", "frozen":true, "embedded":true, "fstring":true, "bytesize":12, "value":"INSTALL_DATA", "encoding":"UTF-8", "memsize":40, "flags":{"wb_protected":true, "old":true, "long_lived":true, "marked":true}}
{"address":"0x7fcbb103ab40", "type":"STRING", "class":"0x7fcbb10e0ef0", "frozen":true, "embedded":true, "fstring":true, "bytesize":20, "value":"validate_permissions", "encoding":"US-ASCII", "memsize":40, "flags":{"wb_protected":true, "old":true, "long_lived":true, "marked":true}}
{"address":"0x7fcbb103abb8", "type":"STRING", "class":"0x7fcbb10e0ef0", "frozen":true, "embedded":true, "fstring":true, "bytesize":6, "value":"EXTOUT", "encoding":"UTF-8", "memsize":40, "flags":{"wb_protected":true, "old":true, "long_lived":true, "marked":true}}
{"address":"0x7fcbb103acf8", "type":"STRING", "class":"0x7fcbb10e0ef0", "frozen":true, "embedded":true, "fstring":true, "bytesize":14, "value":"INSTALL_SCRIPT", "encoding":"UTF-8", "memsize":40, "flags":{"wb_protected":true, "old":true, "long_lived":true, "marked":true}}
{"address":"0x7fcbb103ad98", "type":"STRING", "class":"0x7fcbb10e0ef0", "frozen":true, "embedded":true, "fstring":true, "bytesize":16, "value":"LIBRUBY_RELATIVE", "encoding":"UTF-8", "memsize":40, "flags":{"wb_protected":true, "old":true, "long_lived":true, "marked":true}}
{"address":"0x7fcbb103aed8", "type":"STRING", "class":"0x7fcbb10e0ef0", "frozen":true, "embedded":true, "fstring":true, "bytesize":15, "value":"INSTALL_PROGRAM", "encoding":"UTF-8", "memsize":40, "flags":{"wb_protected":true, "old":true, "long_lived":true, "marked":true}}
{"address":"0x7fcbb103af50", "type":"STRING", "class":"0x7fcbb10e0ef0", "frozen":true, "embedded":true, "fstring":true, "bytesize":7, "value":"warning", "encoding":"US-ASCII", "memsize":40, "flags":{"wb_protected":true, "old":true, "long_lived":true, "marked":true}}
{"address":"0x7fcbb103af78", "type":"STRING", "class":"0x7fcbb10e0ef0", "frozen":true, "embedded":true, "fstring":true, "bytesize":8, "value":"ARCHFILE", "encoding":"UTF-8", "memsize":40, "flags":{"wb_protected":true, "old":true, "long_lived":true, "marked":true}}
{"address":"0x7fcbb103aff0", "type":"STRING", "class":"0x7fcbb10e0ef0", "frozen":true, "embedded":true, "fstring":true, "bytesize":8, "value":"SET_MAKE", "encoding":"UTF-8", "memsize":40, "flags":{"wb_protected":true, "old":true, "long_lived":true, "marked":true}}
{"address":"0x7fcbb103b0b8", "type":"STRING", "class":"0x7fcbb10e0ef0", "frozen":true, "embedded":true, "fstring":true, "bytesize":4, "value":"LN_S", "encoding":"UTF-8", "memsize":40, "flags":{"wb_protected":true, "old":true, "long_lived":true, "marked":true}}
{"address":"0x7fcbb103b158", "type":"STRING", "class":"0x7fcbb10e0ef0", "frozen":true, "embedded":true, "fstring":true, "bytesize":15, "value":"EXECUTABLE_EXTS", "encoding":"UTF-8", "memsize":40, "flags":{"wb_protected":true, "old":true, "long_lived":true, "marked":true}}
{"address":"0x7fcbb103b298", "type":"STRING", "class":"0x7fcbb10e0ef0", "frozen":true, "embedded":true, "fstring":true, "bytesize":2, "value":"NM", "encoding":"UTF-8", "memsize":40, "flags":{"wb_protected":true, "old":true, "long_lived":true, "marked":true}}
{"address":"0x7fcbb103b478", "type":"STRING", "class":"0x7fcbb10e0ef0", "frozen":true, "embedded":true, "fstring":true, "bytesize":7, "value":"DLLWRAP", "encoding":"UTF-8", "memsize":40, "flags":{"wb_protected":true, "old":true, "long_lived":true, "marked":true}}
{"address":"0x7fcbb103b568", "type":"STRING", "class":"0x7fcbb10e0ef0", "frozen":true, "embedded":true, "fstring":true, "bytesize":10, "value":"DTRACE_EXT", "encoding":"UTF-8", "memsize":40, "flags":{"wb_protected":true, "old":true, "long_lived":true, "marked":true}}
{"address":"0x7fcbb103b590", "type":"STRING", "class":"0x7fcbb10e0ef0", "frozen":true, "embedded":true, "fstring":true, "bytesize":7, "value":"WINDRES", "encoding":"UTF-8", "memsize":40, "flags":{"wb_protected":true, "old":true, "long_lived":true, "marked":true}}
{"address":"0x7fcbb103b658", "type":"STRING", "class":"0x7fcbb10e0ef0", "frozen":true, "embedded":true, "fstring":true, "bytesize":7, "value":"OBJCOPY", "encoding":"UTF-8", "memsize":40, "flags":{"wb_protected":true, "old":true, "long_lived":true, "marked":true}}
{"address":"0x7fcbb103b748", "type":"STRING", "class":"0x7fcbb10e0ef0", "frozen":true, "embedded":true, "fstring":true, "bytesize":10, "value":"DTRACE_OBJ", "encoding":"UTF-8", "memsize":40, "flags":{"wb_protected":true, "old":true, "long_lived":true, "marked":true}}
{"address":"0x7fcbb103b770", "type":"STRING", "class":"0x7fcbb10e0ef0", "frozen":true, "embedded":true, "fstring":true, "bytesize":7, "value":"OBJDUMP", "encoding":"UTF-8", "memsize":40, "flags":{"wb_protected":true, "old":true, "long_lived":true, "marked":true}}
{"address":"0x7fcbb103b838", "type":"STRING", "class":"0x7fcbb10e0ef0", "frozen":true, "embedded":true, "fstring":true, "bytesize":7, "value":"ASFLAGS", "encoding":"UTF-8", "memsize":40, "flags":{"wb_protected":true, "old":true, "long_lived":true, "marked":true}}
{"address":"0x7fcbb103b8d8", "type":"STRING", "class":"0x7fcbb10e0ef0", "frozen":true, "embedded":true, "fstring":true, "bytesize":14, "value":"DTRACE_REBUILD", "encoding":"UTF-8", "memsize":40, "flags":{"wb_protected":true, "old":true, "long_lived":true, "marked":true}}
{"address":"0x7fcbb103b950", "type":"STRING", "class":"0x7fcbb10e0ef0", "frozen":true, "embedded":true, "fstring":true, "bytesize":2, "value":"AS", "encoding":"UTF-8", "memsize":40, "flags":{"wb_protected":true, "old":true, "long_lived":true, "marked":true}}
{"address":"0x7fcbb103bab8", "type":"STRING", "class":"0x7fcbb10e0ef0", "frozen":true, "embedded":true, "fstring":true, "bytesize":10, "value":"RDOCTARGET", "encoding":"UTF-8", "memsize":40, "flags":{"wb_protected":true, "old":true, "long_lived":true, "marked":true}}
{"address":"0x7fcbb103bb30", "type":"STRING", "class":"0x7fcbb10e0ef0", "frozen":true, "embedded":true, "fstring":true, "bytesize":2, "value":"AR", "encoding":"UTF-8", "memsize":40, "flags":{"wb_protected":true, "old":true, "long_lived":true, "marked":true}}
{"address":"0x7fcbb103bc98", "type":"STRING", "class":"0x7fcbb10e0ef0", "frozen":true, "embedded":true, "fstring":true, "bytesize":10, "value":"CAPITARGET", "encoding":"UTF-8", "memsize":40, "flags":{"wb_protected":true, "old":true, "long_lived":true, "marked":true}}
{"address":"0x7fcbb103bd10", "type":"STRING", "class":"0x7fcbb10e0ef0", "frozen":true, "embedded":true, "fstring":true, "bytesize":6, "value":"RANLIB", "encoding":"UTF-8", "memsize":40, "flags":{"wb_protected":true, "old":true, "long_lived":true, "marked":true}}
{"address":"0x7fcbb103bef0", "type":"STRING", "class":"0x7fcbb10e0ef0", "frozen":true, "embedded":true, "fstring":true, "bytesize":10, "value":"try_header", "encoding":"UTF-8", "memsize":40, "flags":{"wb_protected":true, "old":true, "long_lived":true, "marked":true}}
{"address":"0x7fcbb1040130", "type":"STRING", "class":"0x7fcbb10e0ef0", "frozen":true, "embedded":true, "fstring":true, "bytesize":18, "value":"raise_if_conflicts", "encoding":"US-ASCII", "memsize":40, "flags":{"wb_protected":true, "old":true, "long_lived":true, "marked":true}}
{"address":"0x7fcbb1040a18", "type":"STRING", "class":"0x7fcbb10e0ef0", "frozen":true, "embedded":true, "fstring":true, "bytesize":22, "value":"check_version_conflict", "encoding":"US-ASCII", "memsize":40, "flags":{"wb_protected":true, "old":true, "long_lived":true, "marked":true}}
{"address":"0x7fcbb1040b58", "type":"REGEXP", "class":"0x7fcbb10d0b40", "references":["0x7fcbb1040e50"], "memsize":604, "flags":{"wb_protected":true, "old":true, "long_lived":true, "marked":true}}
{"address":"0x7fcbb1040e50", "type":"STRING", "class":"0x7fcbb10e0ef0", "frozen":true, "fstring":true, "bytesize":29, "value":"\\A[^:]+(?=(?::(.*?)=(.*))?\\z)", "encoding":"US-ASCII", "memsize":70, "flags":{"wb_protected":true, "old":true, "long_lived":true, "marked":true}}
{"address":"0x7fcbb1040fb8", "type":"STRING", "class":"0x7fcbb10e0ef0", "frozen":true, "embedded":true, "fstring":true, "bytesize":3, "value":"var", "encoding":"US-ASCII", "memsize":40, "flags":{"wb_protected":true, "old":true, "long_lived":true, "marked":true}}
{"address":"0x7fcbb10413f0", "type":"STRING", "class":"0x7fcbb10e0ef0", "frozen":true, "embedded":true, "fstring":true, "bytesize":3, "value":"pat", "encoding":"US-ASCII", "memsize":40, "flags":{"wb_protected":true, "old":true, "long_lived":true, "marked":true}}
{"address":"0x7fcbb1041738", "type":"STRING", "class":"0x7fcbb10e0ef0", "frozen":true, "fstring":true, "bytesize":34, "value":"\\$\\$|\\$\\(([^()]+)\\)|\\$\\{([^{}]+)\\}", "encoding":"US-ASCII", "memsize":75, "flags":{"wb_protected":true, "old":true, "long_lived":true, "marked":true}}
{"address":"0x7fcbb1041760", "type":"STRING", "class":"0x7fcbb10e0ef0", "frozen":true, "embedded":true, "fstring":true, "bytesize":6, "value":"symbol", "encoding":"US-ASCII", "memsize":40, "flags":{"wb_protected":true, "old":true, "long_lived":true, "marked":true}}
{"address":"0x7fcbb1041da0", "type":"REGEXP", "class":"0x7fcbb10d0b40", "references":["0x7fcbb1041738"], "memsize":760, "flags":{"wb_protected":true, "old":true, "long_lived":true, "marked":true}}
{"address":"0x7fcbb1042610", "type":"STRING", "class":"0x7fcbb10e0ef0", "frozen":true, "embedded":true, "fstring":true, "bytesize":8, "value":"attrname", "encoding":"US-ASCII", "memsize":40, "flags":{"wb_protected":true, "old":true, "long_lived":true, "marked":true}}
{"address":"0x7fcbb1042700", "type":"STRING", "class":"0x7fcbb10e0ef0", "frozen":true, "embedded":true, "fstring":true, "bytesize":14, "value":"nil_attributes", "encoding":"US-ASCII", "memsize":40, "flags":{"wb_protected":true, "old":true, "long_lived":true, "marked":true}}
{"address":"0x7fcbb1042868", "type":"STRING", "class":"0x7fcbb10e0ef0", "frozen":true, "embedded":true, "fstring":true, "bytesize":6, "value":"newval", "encoding":"US-ASCII", "memsize":40, "flags":{"wb_protected":true, "old":true, "long_lived":true, "marked":true}}
{"address":"0x7fcbb10428b8", "type":"STRING", "class":"0x7fcbb10e0ef0", "frozen":true, "embedded":true, "fstring":true, "bytesize":15, "value":"UserInteraction", "encoding":"US-ASCII", "memsize":40, "flags":{"wb_protected":true, "old":true, "long_lived":true, "marked":true}}
{"address":"0x7fcbb1042a48", "type":"STRING", "class":"0x7fcbb10e0ef0", "frozen":true, "embedded":true, "fstring":true, "bytesize":7, "value":"DESTDIR", "encoding":"US-ASCII", "memsize":40, "flags":{"wb_protected":true, "old":true, "long_lived":true, "marked":true}}
{"address":"0x7fcbb1042b60", "type":"STRING", "class":"0x7fcbb10e0ef0", "frozen":true, "embedded":true, "fstring":true, "bytesize":9, "value":"@warnings", "encoding":"US-ASCII", "memsize":40, "flags":{"wb_protected":true, "old":true, "long_lived":true, "marked":true}}
{"address":"0x7fcbb1042c78", "type":"STRING", "class":"0x7fcbb10e0ef0", "frozen":true, "embedded":true, "fstring":true, "bytesize":6, "value":"TOPDIR", "encoding":"US-ASCII", "memsize":40, "flags":{"wb_protected":true, "old":true, "long_lived":true, "marked":true}}
{"address":"0x7fcbb1042ca0", "type":"STRING", "class":"0x7fcbb10e0ef0", "frozen":true, "embedded":true, "fstring":true, "bytesize":9, "value":"packaging", "encoding":"US-ASCII", "memsize":40, "flags":{"wb_protected":true, "old":true, "long_lived":true, "marked":true}}
{"address":"0x7fcbb1042cc8", "type":"STRING", "class":"0x7fcbb10e0ef0", "frozen":true, "embedded":true, "fstring":true, "bytesize":8, "value":"validate", "encoding":"US-ASCII", "memsize":40, "flags":{"wb_protected":true, "old":true, "long_lived":true, "marked":true}}
{"address":"0x7fcbb1043038", "type":"STRING", "class":"0x7fcbb10e0ef0", "frozen":true, "embedded":true, "fstring":true, "bytesize":6, "value":"expand", "encoding":"US-ASCII", "memsize":40, "flags":{"wb_protected":true, "old":true, "long_lived":true, "marked":true}}
{"address":"0x7fcbb10433f8", "type":"STRING", "class":"0x7fcbb10e0ef0", "frozen":true, "fstring":true, "bytesize":77, "capacity":154, "value":"/Users/path/.rvm/rubies/ruby-2.2.3/lib/ruby/2.2.0/x86_64-darwin14/rbconfig.rb", "encoding":"US-ASCII", "memsize":195, "flags":{"wb_protected":true, "old":true, "long_lived":true, "marked":true}}
{"address":"0x7fcbb1043998", "type":"STRING", "class":"0x7fcbb10e0ef0", "frozen":true, "embedded":true, "fstring":true, "bytesize":20, "value":"rubygems/config_file", "encoding":"UTF-8", "memsize":40, "flags":{"wb_protected":true, "old":true, "long_lived":true, "marked":true}}
{"address":"0x7fcbb10439e8", "type":"STRING", "class":"0x7fcbb10e0ef0", "frozen":true, "embedded":true, "fstring":true, "bytesize":1, "value":"v", "encoding":"US-ASCII", "memsize":40, "flags":{"wb_protected":true, "old":true, "long_lived":true, "marked":true}}
{"address":"0x7fcbb1043a38", "type":"NODE", "frozen":true, "node_type":"NODE_CREF", "references":["0x7fcbb18322d0", "0x7fcbb1052ad8"], "memsize":40, "flags":{"wb_protected":true, "old":true, "long_lived":true, "marked":true}}
{"address":"0x7fcbb1043a60", "type":"DATA", "class":"0x7fcbb10c0100", "struct":"iseq", "references":["0x7fcbb105adc8", "0x7fcbb105adc8", "0x7fcbb10a91d0", "0x7fcbb10a91d0", "0x7fcbb1043a38", "0x7fcbb18322d0"], "memsize":560, "flags":{"wb_protected":true, "old":true, "long_lived":true, "marked":true}}
{"address":"0x7fcbb1043a88", "type":"STRING", "class":"0x7fcbb10e0ef0", "frozen":true, "embedded":true, "fstring":true, "bytesize":1, "value":"k", "encoding":"US-ASCII", "memsize":40, "flags":{"wb_protected":true, "old":true, "long_lived":true, "marked":true}}
{"address":"0x7fcbb1043ab0", "type":"ARRAY", "length":1, "embedded":true, "references":["0x7fcbb1043b78"], "memsize":40, "flags":{"wb_protected":true, "old":true, "long_lived":true, "marked":true}}
{"address":"0x7fcbb1043b78", "type":"DATA", "class":"0x7fcbb10c0100", "struct":"iseq", "references":["0x7fcbb1043ba0", "0x7fcbb105b1d8", "0x7fcbb10a91d0", "0x7fcbb10a91d0", "0x7fcbb1043c40"], "memsize":656, "flags":{"wb_protected":true, "old":true, "long_lived":true, "marked":true}}
{"address":"0x7fcbb1043ba0", "type":"STRING", "class":"0x7fcbb10e0ef0", "frozen":true, "fstring":true, "bytesize":39, "value":"block in remove_unresolved_default_spec", "memsize":80, "flags":{"wb_protected":true, "old":true, "long_lived":true, "marked":true}}
{"address":"0x7fcbb1043c18", "type":"STRING", "class":"0x7fcbb10e0ef0", "frozen":true, "embedded":true, "fstring":true, "bytesize":15, "value":"MAKEFILE_CONFIG", "encoding":"US-ASCII", "memsize":40, "flags":{"wb_protected":true, "old":true, "long_lived":true, "marked":true}}
{"address":"0x7fcbb1043c40", "type":"NODE", "frozen":true, "node_type":"NODE_CREF", "references":["0x7fcbb18322d0", "0x7fcbb1052ad8"], "memsize":40, "flags":{"wb_protected":true, "old":true, "long_lived":true, "marked":true}}
{"address":"0x7fcbb1043c68", "type":"DATA", "class":"0x7fcbb10c0100", "struct":"iseq", "references":["0x7fcbb1043ab0", "0x7fcbb105b1d8", "0x7fcbb105b1d8", "0x7fcbb10a91d0", "0x7fcbb10a91d0", "0x7fcbb1043c40", "0x7fcbb18322d0"], "memsize":704, "flags":{"wb_protected":true, "old":true, "long_lived":true, "marked":true}}
{"address":"0x7fcbb1043c90", "type":"STRING", "class":"0x7fcbb10e0ef0", "frozen":true, "embedded":true, "fstring":true, "bytesize":8, "value":"dep_spec", "encoding":"US-ASCII", "memsize":40, "flags":{"wb_protected":true, "old":true, "long_lived":true, "marked":true}}
{"address":"0x7fcbb1043cb8", "type":"ARRAY", "length":1, "embedded":true, "references":["0x7fcbb1043d80"], "memsize":40, "flags":{"wb_protected":true, "old":true, "long_lived":true, "marked":true}}
{"address":"0x7fcbb1043d80", "type":"DATA", "class":"0x7fcbb10c0100", "struct":"iseq", "references":["0x7fcbb1043da8", "0x7fcbb105b958", "0x7fcbb10a91d0", "0x7fcbb10a91d0", "0x7fcbb1043e48"], "memsize":840, "flags":{"wb_protected":true, "old":true, "long_lived":true, "marked":true}}
{"address":"0x7fcbb1043da8", "type":"STRING", "class":"0x7fcbb10e0ef0", "frozen":true, "fstring":true, "bytesize":37, "value":"block in find_unresolved_default_spec", "memsize":78, "flags":{"wb_protected":true, "old":true, "long_lived":true, "marked":true}}
{"address":"0x7fcbb1043e48", "type":"NODE", "frozen":true, "node_type":"NODE_CREF", "references":["0x7fcbb18322d0", "0x7fcbb1052ad8"], "memsize":40, "flags":{"wb_protected":true, "old":true, "long_lived":true, "marked":true}}
{"address":"0x7fcbb1043e70", "type":"DATA", "class":"0x7fcbb10c0100", "struct":"iseq", "references":["0x7fcbb1043cb8", "0x7fcbb105b958", "0x7fcbb105b958", "0x7fcbb10a91d0", "0x7fcbb10a91d0", "0x7fcbb1043e48", "0x7fcbb18322d0"], "memsize":776, "flags":{"wb_protected":true, "old":true, "long_lived":true, "marked":true}}
{"address":"0x7fcbb1043ee8", "type":"ARRAY", "length":1, "embedded":true, "references":["0x7fcbb1049d98"], "memsize":40, "flags":{"wb_protected":true, "old":true, "long_lived":true, "marked":true}}
{"address":"0x7fcbb1043fb0", "type":"DATA", "class":"0x7fcbb10c0100", "struct":"iseq", "references":["0x7fcbb1043ee8", "0x7fcbb1048448", "0x7fcbb1060d18", "0x7fcbb10a91d0", "0x7fcbb10a91d0", "0x7fcbb10484e8"], "memsize":1064, "flags":{"wb_protected":true, "old":true, "long_lived":true, "marked":true}}
{"address":"0x7fcbb1048010", "type":"STRING", "class":"0x7fcbb10e0ef0", "frozen":true, "embedded":true, "fstring":true, "bytesize":10, "value":"INSTALLDOC", "encoding":"UTF-8", "memsize":40, "flags":{"wb_protected":true, "old":true, "long_lived":true, "marked":true}}
{"address":"0x7fcbb1048038", "type":"STRING", "class":"0x7fcbb10e0ef0", "frozen":true, "embedded":true, "fstring":true, "bytesize":2, "value":"^(", "encoding":"UTF-8", "memsize":40, "flags":{"wb_protected":true, "old":true, "long_lived":true, "marked":true}}
{"address":"0x7fcbb1048060", "type":"STRING", "class":"0x7fcbb10e0ef0", "frozen":true, "embedded":true, "fstring":true, "bytesize":1, "value":"|", "encoding":"UTF-8", "memsize":40, "flags":{"wb_protected":true, "old":true, "long_lived":true, "marked":true}}
{"address":"0x7fcbb10480b0", "type":"ARRAY", "length":1, "embedded":true, "references":["0x7fcbb1050530"], "memsize":40, "flags":{"wb_protected":true, "old":true, "long_lived":true, "marked":true}}
{"address":"0x7fcbb10480d8", "type":"STRING", "class":"0x7fcbb10e0ef0", "frozen":true, "embedded":true, "fstring":true, "bytesize":6, "value":"DLNOBJ", "encoding":"UTF-8", "memsize":40, "flags":{"wb_protected":true, "old":true, "long_lived":true, "marked":true}}
{"address":"0x7fcbb1048100", "type":"STRING", "class":"0x7fcbb10e0ef0", "frozen":true, "embedded":true, "fstring":true, "bytesize":1, "value":":", "encoding":"UTF-8", "memsize":40, "flags":{"wb_protected":true, "old":true, "long_lived":true, "marked":true}}
{"address":"0x7fcbb1048128", "type":"STRING", "class":"0x7fcbb10e0ef0", "frozen":true, "embedded":true, "fstring":true, "bytesize":7, "value":"NULLCMD", "encoding":"UTF-8", "memsize":40, "flags":{"wb_protected":true, "old":true, "long_lived":true, "marked":true}}
{"address":"0x7fcbb1048150", "type":"STRING", "class":"0x7fcbb10e0ef0", "frozen":true, "embedded":true, "fstring":true, "bytesize":8, "value":"cppflags", "encoding":"UTF-8", "memsize":40, "flags":{"wb_protected":true, "old":true, "long_lived":true, "marked":true}}
{"address":"0x7fcbb1048178", "type":"DATA", "class":"0x7fcbb10c0100", "struct":"iseq", "references":["0x7fcbb10480b0", "0x7fcbb1048448", "0x7fcbb1060d18", "0x7fcbb10a91d0", "0x7fcbb10a91d0", "0x7fcbb10484e8"], "memsize":608, "flags":{"wb_protected":true, "old":true, "long_lived":true, "marked":true}}
{"address":"0x7fcbb10481a0", "type":"STRING", "class":"0x7fcbb10e0ef0", "frozen":true, "embedded":true, "fstring":true, "bytesize":6, "value":"cflags", "encoding":"UTF-8", "memsize":40, "flags":{"wb_protected":true, "old":true, "long_lived":true, "marked":true}}
{"address":"0x7fcbb10481c8", "type":"STRING", "class":"0x7fcbb10e0ef0", "frozen":true, "fstring":true, "bytesize":39, "value":" $(optflags) $(debugflags) $(warnflags)", "encoding":"UTF-8", "memsize":80, "flags":{"wb_protected":true, "old":true, "long_lived":true, "marked":true}}
{"address":"0x7fcbb10481f0", "type":"ARRAY", "length":6, "references":["0x7fcbb1048420", "0x7fcbb1048178", "0x7fcbb1043fb0", "0x7fcbb1048060", "0x7fcbb1048038", "0x7fcbb1052290"], "memsize":200, "flags":{"wb_protected":true, "old":true, "long_lived":true, "marked":true}}
{"address":"0x7fcbb1048218", "type":"STRING", "class":"0x7fcbb10e0ef0", "frozen":true, "embedded":true, "fstring":true, "bytesize":8, "value":"cxxflags", "encoding":"UTF-8", "memsize":40, "flags":{"wb_protected":true, "old":true, "long_lived":true, "marked":true}}
{"address":"0x7fcbb1048268", "type":"STRING", "class":"0x7fcbb10e0ef0", "frozen":true, "embedded":true, "fstring":true, "bytesize":8, "value":"optflags", "encoding":"UTF-8", "memsize":40, "flags":{"wb_protected":true, "old":true, "long_lived":true, "marked":true}}
{"address":"0x7fcbb1048290", "type":"ARRAY", "length":1, "embedded":true, "references":["0x7fcbb1048358"], "memsize":40, "flags":{"wb_protected":true, "old":true, "long_lived":true, "marked":true}}
{"address":"0x7fcbb10482e0", "type":"STRING", "class":"0x7fcbb10e0ef0", "frozen":true, "embedded":true, "fstring":true, "bytesize":10, "value":"debugflags", "encoding":"UTF-8", "memsize":40, "flags":{"wb_protected":true, "old":true, "long_lived":true, "marked":true}}
{"address":"0x7fcbb1048308", "type":"STRING", "class":"0x7fcbb10e0ef0", "frozen":true, "fstring":true, "bytesize":290, "value":"-Wall -Wextra -Wno-unused-parameter -Wno-parentheses -Wno-long-long -Wno-missing-field-initializers -Wunused-variable -Wpointer-arith -Wwrite-strings -Wdeclaration-after-statement -Wshorten-64-to-32 -Wimplicit-function-declaration -Wdivision-by-zero -Wdeprecated-declarations -Wextra-tokens", "encoding":"UTF-8", "memsize":331, "flags":{"wb_protected":true, "old":true, "long_lived":true, "marked":true}}
{"address":"0x7fcbb1048330", "type":"STRING", "class":"0x7fcbb10e0ef0", "frozen":true, "embedded":true, "fstring":true, "bytesize":9, "value":"warnflags", "encoding":"UTF-8", "memsize":40, "flags":{"wb_protected":true, "old":true, "long_lived":true, "marked":true}}
{"address":"0x7fcbb1048358", "type":"DATA", "class":"0x7fcbb10c0100", "struct":"iseq", "references":["0x7fcbb1048380", "0x7fcbb1060d18", "0x7fcbb10a91d0", "0x7fcbb10a91d0", "0x7fcbb10484e8"], "memsize":608, "flags":{"wb_protected":true, "old":true, "long_lived":true, "marked":true}}
{"address":"0x7fcbb1048380", "type":"STRING", "class":"0x7fcbb10e0ef0", "frozen":true, "fstring":true, "bytesize":41, "value":"block (2 levels) in register_default_spec", "memsize":82, "flags":{"wb_protected":true, "old":true, "long_lived":true, "marked":true}}
{"address":"0x7fcbb10483a8", "type":"STRING", "class":"0x7fcbb10e0ef0", "frozen":true, "embedded":true, "fstring":true, "bytesize":16, "value":"strict_warnflags", "encoding":"UTF-8", "memsize":40, "flags":{"wb_protected":true, "old":true, "long_lived":true, "marked":true}}
{"address":"0x7fcbb10483d0", "type":"STRING", "class":"0x7fcbb10e0ef0", "frozen":true, "embedded":true, "fstring":true, "bytesize":10, "value":"EXTLDFLAGS", "encoding":"UTF-8", "memsize":40, "flags":{"wb_protected":true, "old":true, "long_lived":true, "marked":true}}
{"address":"0x7fcbb10483f8", "type":"STRING", "class":"0x7fcbb10e0ef0", "frozen":true, "embedded":true, "fstring":true, "bytesize":11, "value":"EXTDLDFLAGS", "encoding":"UTF-8", "memsize":40, "flags":{"wb_protected":true, "old":true, "long_lived":true, "marked":true}}
{"address":"0x7fcbb1048420", "type":"DATA", "class":"0x7fcbb10c0100", "struct":"iseq", "references":["0x7fcbb1048290", "0x7fcbb1048448", "0x7fcbb1060d18", "0x7fcbb10a91d0", "0x7fcbb10a91d0", "0x7fcbb10484e8"], "memsize":744, "flags":{"wb_protected":true, "old":true, "long_lived":true, "marked":true}}
{"address":"0x7fcbb1048448", "type":"STRING", "class":"0x7fcbb10e0ef0", "frozen":true, "fstring":true, "bytesize":30, "value":"block in register_default_spec", "memsize":71, "flags":{"wb_protected":true, "old":true, "long_lived":true, "marked":true}}
{"address":"0x7fcbb1048470", "type":"STRING", "class":"0x7fcbb10e0ef0", "frozen":true, "embedded":true, "fstring":true, "bytesize":18, "value":"rubyw_install_name", "encoding":"UTF-8", "memsize":40, "flags":{"wb_protected":true, "old":true, "long_lived":true, "marked":true}}
{"address":"0x7fcbb1048498", "type":"STRING", "class":"0x7fcbb10e0ef0", "frozen":true, "embedded":true, "fstring":true, "bytesize":18, "value":"RUBYW_INSTALL_NAME", "encoding":"UTF-8", "memsize":40, "flags":{"wb_protected":true, "old":true, "long_lived":true, "marked":true}}
{"address":"0x7fcbb10484c0", "type":"STRING", "class":"0x7fcbb10e0ef0", "frozen":true, "fstring":true, "bytesize":27, "value":"lib$(RUBY_SO_NAME)-static.a", "encoding":"UTF-8", "memsize":68, "flags":{"wb_protected":true, "old":true, "long_lived":true, "marked":true}}
{"address":"0x7fcbb10484e8", "type":"NODE", "frozen":true, "node_type":"NODE_CREF", "references":["0x7fcbb18322d0", "0x7fcbb1052ad8"], "memsize":40, "flags":{"wb_protected":true, "old":true, "long_lived":true, "marked":true}}
{"address":"0x7fcbb1048510", "type":"DATA", "class":"0x7fcbb10c0100", "struct":"iseq", "references":["0x7fcbb10481f0", "0x7fcbb1060d18", "0x7fcbb1060d18", "0x7fcbb10a91d0", "0x7fcbb10a91d0", "0x7fcbb10484e8", "0x7fcbb18322d0"], "memsize":1920, "flags":{"wb_protected":true, "old":true, "long_lived":true, "marked":true}}
{"address":"0x7fcbb1048538", "type":"STRING", "class":"0x7fcbb10e0ef0", "frozen":true, "embedded":true, "fstring":true, "bytesize":9, "value":"LIBRUBY_A", "encoding":"UTF-8", "memsize":40, "flags":{"wb_protected":true, "old":true, "long_lived":true, "marked":true}}
{"address":"0x7fcbb1048560", "type":"STRING", "class":"0x7fcbb10e0ef0", "frozen":true, "fstring":true, "bytesize":24, "value":"lib$(RUBY_SO_NAME).dylib", "encoding":"UTF-8", "memsize":65, "flags":{"wb_protected":true, "old":true, "long_lived":true, "marked":true}}
{"address":"0x7fcbb10485d8", "type":"STRING", "class":"0x7fcbb10e0ef0", "frozen":true, "embedded":true, "fstring":true, "bytesize":10, "value":"LIBRUBY_SO", "encoding":"UTF-8", "memsize":40, "flags":{"wb_protected":true, "old":true, "long_lived":true, "marked":true}}
{"address":"0x7fcbb1048600", "type":"STRING", "class":"0x7fcbb10e0ef0", "frozen":true, "embedded":true, "fstring":true, "bytesize":14, "value":"singletonclass", "encoding":"US-ASCII", "memsize":40, "flags":{"wb_protected":true, "old":true, "long_lived":true, "marked":true}}
{"address":"0x7fcbb1048628", "type":"STRING", "class":"0x7fcbb10e0ef0", "frozen":true, "fstring":true, "bytesize":74, "value":"lib$(RUBY_BASE_NAME).$(MAJOR).$(MINOR).dylib lib$(RUBY_INSTALL_NAME).dylib", "encoding":"UTF-8", "memsize":115, "flags":{"wb_protected":true, "old":true, "long_lived":true, "marked":true}}
{"address":"0x7fcbb1048650", "type":"STRING", "class":"0x7fcbb10e0ef0", "frozen":true, "embedded":true, "fstring":true, "bytesize":15, "value":"LIBRUBY_ALIASES", "encoding":"UTF-8", "memsize":40, "flags":{"wb_protected":true, "old":true, "long_lived":true, "marked":true}}
{"address":"0x7fcbb1048718", "type":"STRING", "class":"0x7fcbb10e0ef0", "frozen":true, "embedded":true, "fstring":true, "bytesize":7, "value":"LIBRUBY", "encoding":"UTF-8", "memsize":40, "flags":{"wb_protected":true, "old":true, "long_lived":true, "marked":true}}
{"address":"0x7fcbb1048768", "type":"STRING", "class":"0x7fcbb10e0ef0", "frozen":true, "embedded":true, "fstring":true, "bytesize":10, "value":"LIBRUBYARG", "encoding":"UTF-8", "memsize":40, "flags":{"wb_protected":true, "old":true, "long_lived":true, "marked":true}}
{"address":"0x7fcbb1048790", "type":"STRING", "class":"0x7fcbb10e0ef0", "frozen":true, "fstring":true, "bytesize":50, "value":"-l$(RUBY_SO_NAME)-static -framework CoreFoundation", "encoding":"UTF-8", "memsize":91, "flags":{"wb_protected":true, "old":true, "long_lived":true, "marked":true}}
{"address":"0x7fcbb10487b8", "type":"STRING", "class":"0x7fcbb10e0ef0", "frozen":true, "embedded":true, "fstring":true, "bytesize":17, "value":"LIBRUBYARG_STATIC", "encoding":"UTF-8", "memsize":40, "flags":{"wb_protected":true, "old":true, "long_lived":true, "marked":true}}
{"address":"0x7fcbb1048808", "type":"STRING", "class":"0x7fcbb10e0ef0", "frozen":true, "embedded":true, "fstring":true, "bytesize":17, "value":"LIBRUBYARG_SHARED", "encoding":"UTF-8", "memsize":40, "flags":{"wb_protected":true, "old":true, "long_lived":true, "marked":true}}
{"address":"0x7fcbb1048830", "type":"DATA", "class":"0x7fcbb10c0100", "struct":"iseq", "references":["0x7fcbb1048b00", "0x7fcbb1063428", "0x7fcbb10a91d0", "0x7fcbb10a91d0", "0x7fcbb1048d58"], "memsize":848, "flags":{"wb_protected":true, "old":true, "long_lived":true, "marked":true}}
{"address":"0x7fcbb1048880", "type":"STRING", "class":"0x7fcbb10e0ef0", "frozen":true, "fstring":true, "bytesize":40, "value":"Unable to find gem dependencies file at ", "encoding":"UTF-8", "memsize":81, "flags":{"wb_protected":true, "old":true, "long_lived":true, "marked":true}}
{"address":"0x7fcbb10488a8", "type":"STRING", "class":"0x7fcbb10e0ef0", "frozen":true, "embedded":true, "fstring":true, "bytesize":6, "value":"SOLIBS", "encoding":"UTF-8", "memsize":40, "flags":{"wb_protected":true, "old":true, "long_lived":true, "marked":true}}
{"address":"0x7fcbb10488d0", "type":"STRING", "class":"0x7fcbb10e0ef0", "frozen":true, "embedded":true, "fstring":true, "bytesize":7, "value":"DLDLIBS", "encoding":"UTF-8", "memsize":40, "flags":{"wb_protected":true, "old":true, "long_lived":true, "marked":true}}
{"address":"0x7fcbb1048920", "type":"STRING", "class":"0x7fcbb10e0ef0", "frozen":true, "embedded":true, "fstring":true, "bytesize":8, "value":"MAINLIBS", "encoding":"UTF-8", "memsize":40, "flags":{"wb_protected":true, "old":true, "long_lived":true, "marked":true}}
{"address":"0x7fcbb1048948", "type":"ARRAY", "length":1, "embedded":true, "references":["0x7fcbb1048a10"], "memsize":40, "flags":{"wb_protected":true, "old":true, "long_lived":true, "marked":true}}
{"address":"0x7fcbb1048970", "type":"STRING", "class":"0x7fcbb10e0ef0", "frozen":true, "embedded":true, "fstring":true, "bytesize":11, "value":"COMMON_LIBS", "encoding":"UTF-8", "memsize":40, "flags":{"wb_protected":true, "old":true, "long_lived":true, "marked":true}}
{"address":"0x7fcbb1048998", "type":"STRING", "class":"0x7fcbb10e0ef0", "frozen":true, "embedded":true, "fstring":true, "bytesize":13, "value":"COMMON_MACROS", "encoding":"UTF-8", "memsize":40, "flags":{"wb_protected":true, "old":true, "long_lived":true, "marked":true}}
{"address":"0x7fcbb10489c0", "type":"STRING", "class":"0x7fcbb10e0ef0", "frozen":true, "embedded":true, "fstring":true, "bytesize":14, "value":"COMMON_HEADERS", "encoding":"UTF-8", "memsize":40, "flags":{"wb_protected":true, "old":true, "long_lived":true, "marked":true}}
{"address":"0x7fcbb10489e8", "type":"STRING", "class":"0x7fcbb10e0ef0", "frozen":true, "embedded":true, "fstring":true, "bytesize":13, "value":"EXPORT_PREFIX", "encoding":"UTF-8", "memsize":40, "flags":{"wb_protected":true, "old":true, "long_lived":true, "marked":true}}
{"address":"0x7fcbb1048a10", "type":"DATA", "class":"0x7fcbb10c0100", "struct":"iseq", "references":["0x7fcbb1048a38", "0x7fcbb1063428", "0x7fcbb10a91d0", "0x7fcbb10a91d0", "0x7fcbb1048d58"], "memsize":664, "flags":{"wb_protected":true, "old":true, "long_lived":true, "marked":true}}
{"address":"0x7fcbb1048a38", "type":"STRING", "class":"0x7fcbb10e0ef0", "frozen":true, "fstring":true, "bytesize":31, "value":"block (2 levels) in use_gemdeps", "memsize":72, "flags":{"wb_protected":true, "old":true, "long_lived":true, "marked":true}}
{"address":"0x7fcbb1048a88", "type":"STRING", "class":"0x7fcbb10e0ef0", "frozen":true, "embedded":true, "fstring":true, "bytesize":13, "value":"SYMBOL_PREFIX", "encoding":"UTF-8", "memsize":40, "flags":{"wb_protected":true, "old":true, "long_lived":true, "marked":true}}
{"address":"0x7fcbb1048ad8", "type":"DATA", "class":"0x7fcbb10c0100", "struct":"iseq", "references":["0x7fcbb1048948", "0x7fcbb1048b00", "0x7fcbb1063428", "0x7fcbb10a91d0", "0x7fcbb10a91d0", "0x7fcbb1048d58"], "memsize":1136, "flags":{"wb_protected":true, "old":true, "long_lived":true, "marked":true}}
{"address":"0x7fcbb1048b00", "type":"STRING", "class":"0x7fcbb10e0ef0", "frozen":true, "embedded":true, "fstring":true, "bytesize":20, "value":"block in use_gemdeps", "memsize":40, "flags":{"wb_protected":true, "old":true, "long_lived":true, "marked":true}}
{"address":"0x7fcbb1048b28", "type":"STRING", "class":"0x7fcbb10e0ef0", "frozen":true, "embedded":true, "fstring":true, "bytesize":12, "value":"THREAD_MODEL", "encoding":"UTF-8", "memsize":40, "flags":{"wb_protected":true, "old":true, "long_lived":true, "marked":true}}
{"address":"0x7fcbb1048b50", "type":"STRING", "class":"0x7fcbb10e0ef0", "frozen":true, "embedded":true, "fstring":true, "bytesize":1, "value":"-", "encoding":"UTF-8", "memsize":40, "flags":{"wb_protected":true, "old":true, "long_lived":true, "marked":true}}
{"address":"0x7fcbb1048b78", "type":"STRING", "class":"0x7fcbb10e0ef0", "frozen":true, "embedded":true, "fstring":true, "bytesize":16, "value":"RUBYGEMS_GEMDEPS", "encoding":"UTF-8", "memsize":40, "flags":{"wb_protected":true, "old":true, "long_lived":true, "marked":true}}
{"address":"0x7fcbb1048ba0", "type":"ARRAY", "length":8, "references":["0x7fcbb1048c68", "0x7fcbb1048ad8", "0x7fcbb1048830", "0x7fcbb1048b78", "0x7fcbb1048b50", "0x7fcbb10501c0", "0x7fcbb1048880", "0x7fcbb1048c68"], "memsize":200, "flags":{"wb_protected":true, "old":true, "long_lived":true, "marked":true}}
{"address":"0x7fcbb1048bc8", "type":"ARRAY", "length":2, "embedded":true, "references":["0x7fcbb1048bf0", "0x7fcbb1049d98"], "memsize":40, "flags":{"wb_protected":true, "old":true, "long_lived":true, "marked":true}}
{"address":"0x7fcbb1048bf0", "type":"STRING", "class":"0x7fcbb10e0ef0", "frozen":true, "fstring":true, "bytesize":56, "value":"You may need to `gem install -g` to install missing gems", "encoding":"UTF-8", "memsize":97, "flags":{"wb_protected":true, "old":true, "long_lived":true, "marked":true}}
{"address":"0x7fcbb1048c18", "type":"STRING", "class":"0x7fcbb10e0ef0", "frozen":true, "embedded":true, "fstring":true, "bytesize":12, "value":"PLATFORM_DIR", "encoding":"UTF-8", "memsize":40, "flags":{"wb_protected":true, "old":true, "long_lived":true, "marked":true}}
{"address":"0x7fcbb1048c68", "type":"DATA", "class":"0x7fcbb10c0100", "struct":"iseq", "references":["0x7fcbb1048bc8", "0x7fcbb1048c90", "0x7fcbb1063428", "0x7fcbb10a91d0", "0x7fcbb10a91d0", "0x7fcbb1048d58"], "memsize":1344, "flags":{"wb_protected":true, "old":true, "long_lived":true, "marked":true}}
{"address":"0x7fcbb1048c90", "type":"STRING", "class":"0x7fcbb10e0ef0", "frozen":true, "embedded":true, "fstring":true, "bytesize":21, "value":"rescue in use_gemdeps", "memsize":40, "flags":{"wb_protected":true, "old":true, "long_lived":true, "marked":true}}
{"address":"0x7fcbb1048cb8", "type":"STRING", "class":"0x7fcbb10e0ef0", "frozen":true, "embedded":true, "fstring":true, "bytesize":9, "value":"MAKEFILES", "encoding":"UTF-8", "memsize":40, "flags":{"wb_protected":true, "old":true, "long_lived":true, "marked":true}}
{"address":"0x7fcbb1048ce0", "type":"STRING", "class":"0x7fcbb10e0ef0", "frozen":true, "fstring":true, "bytesize":24, "value":"$(rubylibprefix)/$(arch)", "encoding":"UTF-8", "memsize":65, "flags":{"wb_protected":true, "old":true, "long_lived":true, "marked":true}}
{"address":"0x7fcbb1048d08", "type":"STRING", "class":"0x7fcbb10e0ef0", "frozen":true, "embedded":true, "fstring":true, "bytesize":14, "value":"rubyarchprefix", "encoding":"UTF-8", "memsize":40, "flags":{"wb_protected":true, "old":true, "long_lived":true, "marked":true}}
{"address":"0x7fcbb1048d30", "type":"STRING", "class":"0x7fcbb10e0ef0", "frozen":true, "fstring":true, "bytesize":28, "value":"$(rubylibprefix)/$(sitearch)", "encoding":"UTF-8", "memsize":69, "flags":{"wb_protected":true, "old":true, "long_lived":true, "marked":true}}
{"address":"0x7fcbb1048d58", "type":"NODE", "frozen":true, "node_type":"NODE_CREF", "references":["0x7fcbb10b0f98", "0x7fcbb1052df8"], "memsize":40, "flags":{"wb_protected":true, "old":true, "long_lived":true, "marked":true}}
{"address":"0x7fcbb1048d80", "type":"DATA", "class":"0x7fcbb10c0100", "struct":"iseq", "references":["0x7fcbb1048ba0", "0x7fcbb1063428", "0x7fcbb1063428", "0x7fcbb10a91d0", "0x7fcbb10a91d0", "0x7fcbb1048d58", "0x7fcbb18322d0"], "memsize":3584, "flags":{"wb_protected":true, "old":true, "long_lived":true, "marked":true}}
{"address":"0x7fcbb1048da8", "type":"STRING", "class":"0x7fcbb10e0ef0", "frozen":true, "embedded":true, "fstring":true, "bytesize":18, "value":"rubysitearchprefix", "encoding":"UTF-8", "memsize":40, "flags":{"wb_protected":true, "old":true, "long_lived":true, "marked":true}}
{"address":"0x7fcbb1048dd0", "type":"ARRAY", "length":2, "embedded":true, "references":["0x7fcbb1049000", "0x7fcbb1049140"], "memsize":40, "flags":{"wb_protected":true, "old":true, "long_lived":true, "marked":true}}
{"address":"0x7fcbb1048df8", "type":"STRING", "class":"0x7fcbb10e0ef0", "frozen":true, "fstring":true, "bytesize":30, "value":"$(datarootdir)/$(RI_BASE_NAME)", "encoding":"UTF-8", "memsize":71, "flags":{"wb_protected":true, "old":true, "long_lived":true, "marked":true}}
{"address":"0x7fcbb1048e20", "type":"STRING", "class":"0x7fcbb10e0ef0", "frozen":true, "embedded":true, "fstring":true, "bytesize":5, "value":"ridir", "encoding":"UTF-8", "memsize":40, "flags":{"wb_protected":true, "old":true, "long_lived":true, "marked":true}}
{"address":"0x7fcbb1048e48", "type":"STRING", "class":"0x7fcbb10e0ef0", "frozen":true, "embedded":true, "fstring":true, "bytesize":2, "value":"ri", "encoding":"UTF-8", "memsize":40, "flags":{"wb_protected":true, "old":true, "long_lived":true, "marked":true}}
{"address":"0x7fcbb1048e70", "type":"ARRAY", "length":1, "embedded":true, "references":["0x7fcbb1048f38"], "memsize":40, "flags":{"wb_protected":true, "old":true, "long_lived":true, "marked":true}}
{"address":"0x7fcbb1048e98", "type":"STRING", "class":"0x7fcbb10e0ef0", "frozen":true, "embedded":true, "fstring":true, "bytesize":12, "value":"RI_BASE_NAME", "encoding":"UTF-8", "memsize":40, "flags":{"wb_protected":true, "old":true, "long_lived":true, "marked":true}}
{"address":"0x7fcbb1048ee8", "type":"STRING", "class":"0x7fcbb10e0ef0", "frozen":true, "embedded":true, "fstring":true, "bytesize":22, "value":"RUBY_LIB_VERSION_STYLE", "encoding":"UTF-8", "memsize":40, "flags":{"wb_protected":true, "old":true, "long_lived":true, "marked":true}}
{"address":"0x7fcbb1048f10", "type":"STRING", "class":"0x7fcbb10e0ef0", "frozen":true, "embedded":true, "fstring":true, "bytesize":16, "value":"RUBY_LIB_VERSION", "encoding":"UTF-8", "memsize":40, "flags":{"wb_protected":true, "old":true, "long_lived":true, "marked":true}}
{"address":"0x7fcbb1048f38", "type":"DATA", "class":"0x7fcbb10c0100", "struct":"iseq", "references":["0x7fcbb1048f60", "0x7fcbb10683d8", "0x7fcbb10a91d0", "0x7fcbb10a91d0", "0x7fcbb10490c8"], "memsize":1008, "flags":{"wb_protected":true, "old":true, "long_lived":true, "marked":true}}
{"address":"0x7fcbb1048f60", "type":"STRING", "class":"0x7fcbb10e0ef0", "frozen":true, "fstring":true, "bytesize":36, "value":"block (2 levels) in load_env_plugins", "memsize":77, "flags":{"wb_protected":true, "old":true, "long_lived":true, "marked":true}}
{"address":"0x7fcbb1048f88", "type":"STRING", "class":"0x7fcbb10e0ef0", "frozen":true, "embedded":true, "fstring":true, "bytesize":16, "value":"RUBY_EXEC_PREFIX", "encoding":"UTF-8", "memsize":40, "flags":{"wb_protected":true, "old":true, "long_lived":true, "marked":true}}
{"address":"0x7fcbb1048fb0", "type":"STRING", "class":"0x7fcbb10e0ef0", "frozen":true, "embedded":true, "fstring":true, "bytesize":10, "value":"libdirname", "encoding":"UTF-8", "memsize":40, "flags":{"wb_protected":true, "old":true, "long_lived":true, "marked":true}}
{"address":"0x7fcbb1049000", "type":"DATA", "class":"0x7fcbb10c0100", "struct":"iseq", "references":["0x7fcbb1048e70", "0x7fcbb1049028", "0x7fcbb10683d8", "0x7fcbb10a91d0", "0x7fcbb10a91d0", "0x7fcbb10490c8"], "memsize":1336, "flags":{"wb_protected":true, "old":true, "long_lived":true, "marked":true}}
{"address":"0x7fcbb1049028", "type":"STRING", "class":"0x7fcbb10e0ef0", "frozen":true, "fstring":true, "bytesize":25, "value":"block in load_env_plugins", "memsize":66, "flags":{"wb_protected":true, "old":true, "long_lived":true, "marked":true}}
{"address":"0x7fcbb1049050", "type":"STRING", "class":"0x7fcbb10e0ef0", "frozen":true, "embedded":true, "fstring":true, "bytesize":10, "value":"archlibdir", "encoding":"UTF-8", "memsize":40, "flags":{"wb_protected":true, "old":true, "long_lived":true, "marked":true}}
{"address":"0x7fcbb10490a0", "type":"STRING", "class":"0x7fcbb10e0ef0", "frozen":true, "embedded":true, "fstring":true, "bytesize":14, "value":"sitearchlibdir", "encoding":"UTF-8", "memsize":40, "flags":{"wb_protected":true, "old":true, "long_lived":true, "marked":true}}
{"address":"0x7fcbb10490c8", "type":"NODE", "frozen":true, "node_type":"NODE_CREF", "references":["0x7fcbb10b0f98", "0x7fcbb1052df8"], "memsize":40, "flags":{"wb_protected":true, "old":true, "long_lived":true, "marked":true}}
{"address":"0x7fcbb10490f0", "type":"DATA", "class":"0x7fcbb10c0100", "struct":"iseq", "references":["0x7fcbb1048dd0", "0x7fcbb10683d8", "0x7fcbb10683d8", "0x7fcbb10a91d0", "0x7fcbb10a91d0", "0x7fcbb10490c8", "0x7fcbb18322d0"], "memsize":880, "flags":{"wb_protected":true, "old":true, "long_lived":true, "marked":true}}
{"address":"0x7fcbb1049118", "type":"ARRAY", "length":3, "embedded":true, "references":["0x7fcbb1049168", "0x7fcbb1049140", "0x7fcbb1049140"], "memsize":40, "flags":{"wb_protected":true, "old":true, "long_lived":true, "marked":true}}
{"address":"0x7fcbb1049140", "type":"STRING", "class":"0x7fcbb10e0ef0", "frozen":true, "embedded":true, "fstring":true, "bytesize":15, "value":"rubygems_plugin", "encoding":"UTF-8", "memsize":40, "flags":{"wb_protected":true, "old":true, "long_lived":true, "marked":true}}
{"address":"0x7fcbb1049168", "type":"STRING", "class":"0x7fcbb10e0ef0", "frozen":true, "fstring":true, "bytesize":25, "value":"RUBYGEMS_LOAD_ALL_PLUGINS", "encoding":"UTF-8", "memsize":66, "flags":{"wb_protected":true, "old":true, "long_lived":true, "marked":true}}
{"address":"0x7fcbb10491b8", "type":"STRING", "class":"0x7fcbb10e0ef0", "frozen":true, "embedded":true, "fstring":true, "bytesize":14, "value":"archincludedir", "encoding":"UTF-8", "memsize":40, "flags":{"wb_protected":true, "old":true, "long_lived":true, "marked":true}}
{"address":"0x7fcbb10491e0", "type":"NODE", "frozen":true, "node_type":"NODE_CREF", "references":["0x7fcbb10b0f98", "0x7fcbb1052df8"], "memsize":40, "flags":{"wb_protected":true, "old":true, "long_lived":true, "marked":true}}
{"address":"0x7fcbb1049208", "type":"DATA", "class":"0x7fcbb10c0100", "struct":"iseq", "references":["0x7fcbb1049118", "0x7fcbb1068a90", "0x7fcbb1068a90", "0x7fcbb10a91d0", "0x7fcbb10a91d0", "0x7fcbb10491e0", "0x7fcbb18322d0"], "memsize":1264, "flags":{"wb_protected":true, "old":true, "long_lived":true, "marked":true}}
{"address":"0x7fcbb1049230", "type":"STRING", "class":"0x7fcbb10e0ef0", "frozen":true, "fstring":true, "bytesize":25, "value":"$(includedir)/$(sitearch)", "encoding":"UTF-8", "memsize":66, "flags":{"wb_protected":true, "old":true, "long_lived":true, "marked":true}}
{"address":"0x7fcbb1049258", "type":"ARRAY", "length":1, "embedded":true, "references":["0x7fcbb10494d8"], "memsize":40, "flags":{"wb_protected":true, "old":true, "long_lived":true, "marked":true}}
{"address":"0x7fcbb1049280", "type":"STRING", "class":"0x7fcbb10e0ef0", "frozen":true, "embedded":true, "fstring":true, "bytesize":18, "value":"sitearchincludedir", "encoding":"UTF-8", "memsize":40, "flags":{"wb_protected":true, "old":true, "long_lived":true, "marked":true}}
{"address":"0x7fcbb10492d0", "type":"STRING", "class":"0x7fcbb10e0ef0", "frozen":true, "embedded":true, "fstring":true, "bytesize":4, "value":"arch", "encoding":"UTF-8", "memsize":40, "flags":{"wb_protected":true, "old":true, "long_lived":true, "marked":true}}
{"address":"0x7fcbb1049320", "type":"ARRAY", "length":3, "embedded":true, "references":["0x7fcbb1049410", "0x7fcbb1069670", "0x7fcbb1049410"], "memsize":40, "flags":{"wb_protected":true, "old":true, "long_lived":true, "marked":true}}
{"address":"0x7fcbb1049348", "type":"ARRAY", "length":5, "references":["0x7fcbb10e2c78", "0x7fcbb1049398", "0x7fcbb10522b8", "0x7fcbb1052290", "0x7fcbb1049370"], "memsize":200, "flags":{"wb_protected":true, "old":true, "long_lived":true, "marked":true}}
{"address":"0x7fcbb1049370", "type":"STRING", "class":"0x7fcbb10e0ef0", "frozen":true, "fstring":true, "bytesize":30, "value":"Error loading RubyGems plugin ", "encoding":"UTF-8", "memsize":71, "flags":{"wb_protected":true, "old":true, "long_lived":true, "marked":true}}
{"address":"0x7fcbb1049398", "type":"STRING", "class":"0x7fcbb10e0ef0", "frozen":true, "embedded":true, "fstring":true, "bytesize":2, "value":": ", "encoding":"UTF-8", "memsize":40, "flags":{"wb_protected":true, "old":true, "long_lived":true, "marked":true}}
{"address":"0x7fcbb10493c0", "type":"STRING", "class":"0x7fcbb10e0ef0", "frozen":true, "embedded":true, "fstring":true, "bytesize":8, "value":"sitearch", "encoding":"UTF-8", "memsize":40, "flags":{"wb_protected":true, "old":true, "long_lived":true, "marked":true}}
{"address":"0x7fcbb1049410", "type":"DATA", "class":"0x7fcbb10c0100", "struct":"iseq", "references":["0x7fcbb1049348", "0x7fcbb1049438", "0x7fcbb1069990", "0x7fcbb10a91d0", "0x7fcbb10a91d0", "0x7fcbb10495a0"], "memsize":1320, "flags":{"wb_protected":true, "old":true, "long_lived":true, "marked":true}}
{"address":"0x7fcbb1049438", "type":"STRING", "class":"0x7fcbb10e0ef0", "frozen":true, "fstring":true, "bytesize":36, "capacity":46, "value":"rescue in block in load_plugin_files", "memsize":87, "flags":{"wb_protected":true, "old":true, "long_lived":true, "marked":true}}
{"address":"0x7fcbb1049460", "type":"STRING", "class":"0x7fcbb10e0ef0", "frozen":true, "fstring":true, "bytesize":32, "value":"$(rubylibprefix)/$(ruby_version)", "encoding":"UTF-8", "memsize":73, "flags":{"wb_protected":true, "old":true, "long_lived":true, "marked":true}}
{"address":"0x7fcbb1049488", "type":"STRING", "class":"0x7fcbb10e0ef0", "frozen":true, "embedded":true, "fstring":true, "bytesize":10, "value":"rubylibdir", "encoding":"UTF-8", "memsize":40, "flags":{"wb_protected":true, "old":true, "long_lived":true, "marked":true}}
{"address":"0x7fcbb10494d8", "type":"DATA", "class":"0x7fcbb10c0100", "struct":"iseq", "references":["0x7fcbb1049320", "0x7fcbb1049500", "0x7fcbb1069990", "0x7fcbb10a91d0", "0x7fcbb10a91d0", "0x7fcbb10495a0"], "memsize":976, "flags":{"wb_protected":true, "old":true, "long_lived":true, "marked":true}}
{"address":"0x7fcbb1049500", "type":"STRING", "class":"0x7fcbb10e0ef0", "frozen":true, "fstring":true, "bytesize":26, "value":"block in load_plugin_files", "memsize":67, "flags":{"wb_protected":true, "old":true, "long_lived":true, "marked":true}}
{"address":"0x7fcbb1049528", "type":"STRING", "class":"0x7fcbb10e0ef0", "frozen":true, "embedded":true, "fstring":true, "bytesize":11, "value":"rubyarchdir", "encoding":"UTF-8", "memsize":40, "flags":{"wb_protected":true, "old":true, "long_lived":true, "marked":true}}
{"address":"0x7fcbb1049550", "type":"STRING", "class":"0x7fcbb10e0ef0", "frozen":true, "fstring":true, "bytesize":26, "value":"$(rubylibprefix)/site_ruby", "encoding":"UTF-8", "memsize":67, "flags":{"wb_protected":true, "old":true, "long_lived":true, "marked":true}}
{"address":"0x7fcbb1049578", "type":"STRING", "class":"0x7fcbb10e0ef0", "frozen":true, "embedded":true, "fstring":true, "bytesize":7, "value":"sitedir", "encoding":"UTF-8", "memsize":40, "flags":{"wb_protected":true, "old":true, "long_lived":true, "marked":true}}
{"address":"0x7fcbb10495a0", "type":"NODE", "frozen":true, "node_type":"NODE_CREF", "references":["0x7fcbb10b0f98", "0x7fcbb1052df8"], "memsize":40, "flags":{"wb_protected":true, "old":true, "long_lived":true, "marked":true}}
{"address":"0x7fcbb10495c8", "type":"DATA", "class":"0x7fcbb10c0100", "struct":"iseq", "references":["0x7fcbb1049258", "0x7fcbb1069990", "0x7fcbb1069990", "0x7fcbb10a91d0", "0x7fcbb10a91d0", "0x7fcbb10495a0", "0x7fcbb18322d0"], "memsize":584, "flags":{"wb_protected":true, "old":true, "long_lived":true, "marked":true}}
{"address":"0x7fcbb10495f0", "type":"STRING", "class":"0x7fcbb10e0ef0", "frozen":true, "fstring":true, "bytesize":26, "value":"$(sitedir)/$(ruby_version)", "encoding":"UTF-8", "memsize":67, "flags":{"wb_protected":true, "old":true, "long_lived":true, "marked":true}}
{"address":"0x7fcbb1049618", "type":"ARRAY", "length":2, "embedded":true, "references":["0x7fcbb10496e0", "0x7fcbb1049758"], "memsize":40, "flags":{"wb_protected":true, "old":true, "long_lived":true, "marked":true}}
{"address":"0x7fcbb1049640", "type":"STRING", "class":"0x7fcbb10e0ef0", "frozen":true, "fstring":true, "bytesize":25, "value":"$(sitelibdir)/$(sitearch)", "encoding":"UTF-8", "memsize":66, "flags":{"wb_protected":true, "old":true, "long_lived":true, "marked":true}}
{"address":"0x7fcbb1049668", "type":"STRING", "class":"0x7fcbb10e0ef0", "frozen":true, "embedded":true, "fstring":true, "bytesize":11, "value":"sitearchdir", "encoding":"UTF-8", "memsize":40, "flags":{"wb_protected":true, "old":true, "long_lived":true, "marked":true}}
{"address":"0x7fcbb1049690", "type":"STRING", "class":"0x7fcbb10e0ef0", "frozen":true, "fstring":true, "bytesize":28, "value":"$(rubylibprefix)/vendor_ruby", "encoding":"UTF-8", "memsize":69, "flags":{"wb_protected":true, "old":true, "long_lived":true, "marked":true}}
{"address":"0x7fcbb10496b8", "type":"STRING", "class":"0x7fcbb10e0ef0", "frozen":true, "embedded":true, "fstring":true, "bytesize":9, "value":"vendordir", "encoding":"UTF-8", "memsize":40, "flags":{"wb_protected":true, "old":true, "long_lived":true, "marked":true}}
{"address":"0x7fcbb10496e0", "type":"DATA", "class":"0x7fcbb10c0100", "struct":"iseq", "references":["0x7fcbb1049708", "0x7fcbb106a138", "0x7fcbb10a91d0", "0x7fcbb10a91d0", "0x7fcbb10497d0"], "memsize":608, "flags":{"wb_protected":true, "old":true, "long_lived":true, "marked":true}}
{"address":"0x7fcbb1049708", "type":"STRING", "class":"0x7fcbb10e0ef0", "frozen":true, "embedded":true, "fstring":true, "bytesize":22, "value":"block in win_platform?", "memsize":40, "flags":{"wb_protected":true, "old":true, "long_lived":true, "marked":true}}
{"address":"0x7fcbb1049730", "type":"STRING", "class":"0x7fcbb10e0ef0", "frozen":true, "fstring":true, "bytesize":28, "value":"$(vendordir)/$(ruby_version)", "encoding":"UTF-8", "memsize":69, "flags":{"wb_protected":true, "old":true, "long_lived":true, "marked":true}}
{"address":"0x7fcbb1049758", "type":"STRING", "class":"0x7fcbb10e0ef0", "frozen":true, "embedded":true, "fstring":true, "bytesize":7, "value":"host_os", "encoding":"UTF-8", "memsize":40, "flags":{"wb_protected":true, "old":true, "long_lived":true, "marked":true}}
{"address":"0x7fcbb1049780", "type":"STRING", "class":"0x7fcbb10e0ef0", "frozen":true, "embedded":true, "fstring":true, "bytesize":12, "value":"vendorlibdir", "encoding":"UTF-8", "memsize":40, "flags":{"wb_protected":true, "old":true, "long_lived":true, "marked":true}}
{"address":"0x7fcbb10497a8", "type":"STRING", "class":"0x7fcbb10e0ef0", "frozen":true, "fstring":true, "bytesize":27, "value":"$(vendorlibdir)/$(sitearch)", "encoding":"UTF-8", "memsize":68, "flags":{"wb_protected":true, "old":true, "long_lived":true, "marked":true}}
{"address":"0x7fcbb10497d0", "type":"NODE", "frozen":true, "node_type":"NODE_CREF", "references":["0x7fcbb10b0f98", "0x7fcbb1052df8"], "memsize":40, "flags":{"wb_protected":true, "old":true, "long_lived":true, "marked":true}}
{"address":"0x7fcbb10497f8", "type":"DATA", "class":"0x7fcbb10c0100", "struct":"iseq", "references":["0x7fcbb1049618", "0x7fcbb106a138", "0x7fcbb106a138", "0x7fcbb10a91d0", "0x7fcbb10a91d0", "0x7fcbb10497d0", "0x7fcbb18322d0"], "memsize":1368, "flags":{"wb_protected":true, "old":true, "long_lived":true, "marked":true}}
{"address":"0x7fcbb1049820", "type":"STRING", "class":"0x7fcbb10e0ef0", "frozen":true, "embedded":true, "fstring":true, "bytesize":13, "value":"vendorarchdir", "encoding":"UTF-8", "memsize":40, "flags":{"wb_protected":true, "old":true, "long_lived":true, "marked":true}}
{"address":"0x7fcbb1049848", "type":"STRING", "class":"0x7fcbb10e0ef0", "frozen":true, "fstring":true, "bytesize":207, "value":" '--prefix=/Users/path/.rvm/rubies/ruby-2.2.3' '--with-opt-dir=/usr/local/opt/libyaml:/usr/local/opt/readline:/usr/local/opt/libksba:/usr/local/opt/openssl' '--disable-install-doc' '--enable-shared' 'CC=gcc'", "encoding":"UTF-8", "memsize":248, "flags":{"wb_protected":true, "old":true, "long_lived":true, "marked":true}}
{"address":"0x7fcbb1049870", "type":"NODE", "frozen":true, "node_type":"NODE_CREF", "references":["0x7fcbb10b0f98", "0x7fcbb1052df8"], "memsize":40, "flags":{"wb_protected":true, "old":true, "long_lived":true, "marked":true}}
{"address":"0x7fcbb1049898", "type":"DATA", "class":"0x7fcbb10c0100", "struct":"iseq", "references":["0x7fcbb1098628", "0x7fcbb1098628", "0x7fcbb10a91d0", "0x7fcbb10a91d0", "0x7fcbb1049870", "0x7fcbb18322d0"], "memsize":824, "flags":{"wb_protected":true, "old":true, "long_lived":true, "marked":true}}
{"address":"0x7fcbb10498c0", "type":"ARRAY", "length":2, "embedded":true, "references":["0x7fcbb106a778", "0x7fcbb106a660"], "memsize":40, "flags":{"wb_protected":true, "old":true, "long_lived":true, "marked":true}}
{"address":"0x7fcbb10498e8", "type":"STRING", "class":"0x7fcbb10e0ef0", "frozen":true, "embedded":true, "fstring":true, "bytesize":14, "value":"configure_args", "encoding":"UTF-8", "memsize":40, "flags":{"wb_protected":true, "old":true, "long_lived":true, "marked":true}}
{"address":"0x7fcbb1049910", "type":"STRING", "class":"0x7fcbb10e0ef0", "frozen":true, "embedded":true, "fstring":true, "bytesize":19, "value":"UNIVERSAL_ARCHNAMES", "encoding":"UTF-8", "memsize":40, "flags":{"wb_protected":true, "old":true, "long_lived":true, "marked":true}}
{"address":"0x7fcbb1049938", "type":"NODE", "frozen":true, "node_type":"NODE_CREF", "references":["0x7fcbb10b0f98", "0x7fcbb1052df8"], "memsize":40, "flags":{"wb_protected":true, "old":true, "long_lived":true, "marked":true}}
{"address":"0x7fcbb1049960", "type":"DATA", "class":"0x7fcbb10c0100", "struct":"iseq", "references":["0x7fcbb10498c0", "0x7fcbb106acc8", "0x7fcbb106acc8", "0x7fcbb10a91d0", "0x7fcbb10a91d0", "0x7fcbb1049938", "0x7fcbb18322d0"], "memsize":1528, "flags":{"wb_protected":true, "old":true, "long_lived":true, "marked":true}}
{"address":"0x7fcbb1049988", "type":"ARRAY", "length":1, "embedded":true, "references":["0x7fcbb10499b0"], "memsize":40, "flags":{"wb_protected":true, "old":true, "long_lived":true, "marked":true}}
{"address":"0x7fcbb10499b0", "type":"STRING", "class":"0x7fcbb10e0ef0", "frozen":true, "fstring":true, "bytesize":25, "value":"rubygems/user_interaction", "encoding":"UTF-8", "memsize":66, "flags":{"wb_protected":true, "old":true, "long_lived":true, "marked":true}}
{"address":"0x7fcbb10499d8", "type":"STRING", "class":"0x7fcbb10e0ef0", "frozen":true, "embedded":true, "fstring":true, "bytesize":14, "value":"UNIVERSAL_INTS", "encoding":"UTF-8", "memsize":40, "flags":{"wb_protected":true, "old":true, "long_lived":true, "marked":true}}
{"address":"0x7fcbb1049a00", "type":"STRING", "class":"0x7fcbb10e0ef0", "frozen":true, "embedded":true, "fstring":true, "bytesize":16, "value":"RUBY_SEARCH_PATH", "encoding":"UTF-8", "memsize":40, "flags":{"wb_protected":true, "old":true, "long_lived":true, "marked":true}}
{"address":"0x7fcbb1049a28", "type":"NODE", "frozen":true, "node_type":"NODE_CREF", "references":["0x7fcbb10b0f98", "0x7fcbb1052df8"], "memsize":40, "flags":{"wb_protected":true, "old":true, "long_lived":true, "marked":true}}
{"address":"0x7fcbb1049a50", "type":"DATA", "class":"0x7fcbb10c0100", "struct":"iseq", "references":["0x7fcbb1049988", "0x7fcbb106b628", "0x7fcbb106b628", "0x7fcbb10a91d0", "0x7fcbb10a91d0", "0x7fcbb1049a28", "0x7fcbb18322d0"], "memsize":784, "flags":{"wb_protected":true, "old":true, "long_lived":true, "marked":true}}
{"address":"0x7fcbb1049a78", "type":"ARRAY", "length":1, "embedded":true, "references":["0x7fcbb1049aa0"], "memsize":40, "flags":{"wb_protected":true, "old":true, "long_lived":true, "marked":true}}
{"address":"0x7fcbb1049aa0", "type":"STRING", "class":"0x7fcbb10e0ef0", "frozen":true, "embedded":true, "fstring":true, "bytesize":17, "value":"%2$*1$s: %3$3.3fs", "encoding":"UTF-8", "memsize":40, "flags":{"wb_protected":true, "old":true, "long_lived":true, "marked":true}}
{"address":"0x7fcbb1049ac8", "type":"STRING", "class":"0x7fcbb10e0ef0", "frozen":true, "fstring":true, "bytesize":34, "value":"$(includedir)/$(RUBY_VERSION_NAME)", "encoding":"UTF-8", "memsize":75, "flags":{"wb_protected":true, "old":true, "long_lived":true, "marked":true}}
{"address":"0x7fcbb1049af0", "type":"STRING", "class":"0x7fcbb10e0ef0", "frozen":true, "embedded":true, "fstring":true, "bytesize":10, "value":"rubyhdrdir", "encoding":"UTF-8", "memsize":40, "flags":{"wb_protected":true, "old":true, "long_lived":true, "marked":true}}
{"address":"0x7fcbb1049b40", "type":"NODE", "frozen":true, "node_type":"NODE_CREF", "references":["0x7fcbb10b0f98", "0x7fcbb1052df8"], "memsize":40, "flags":{"wb_protected":true, "old":true, "long_lived":true, "marked":true}}
{"address":"0x7fcbb1049b68", "type":"DATA", "class":"0x7fcbb10c0100", "struct":"iseq", "references":["0x7fcbb1049a78", "0x7fcbb106bba0", "0x7fcbb106bba0", "0x7fcbb10a91d0", "0x7fcbb10a91d0", "0x7fcbb1049b40", "0x7fcbb18322d0"], "memsize":2224, "flags":{"wb_protected":true, "old":true, "long_lived":true, "marked":true}}
{"address":"0x7fcbb1049b90", "type":"STRING", "class":"0x7fcbb10e0ef0", "frozen":true, "embedded":true, "fstring":true, "bytesize":10, "value":"sitehdrdir", "encoding":"UTF-8", "memsize":40, "flags":{"wb_protected":true, "old":true, "long_lived":true, "marked":true}}
{"address":"0x7fcbb1049bb8", "type":"STRING", "class":"0x7fcbb10e0ef0", "frozen":true, "embedded":true, "fstring":true, "bytesize":6, "value":"DLEXT2", "encoding":"UTF-8", "memsize":40, "flags":{"wb_protected":true, "old":true, "long_lived":true, "marked":true}}
{"address":"0x7fcbb1049be0", "type":"STRING", "class":"0x7fcbb10e0ef0", "frozen":true, "embedded":true, "fstring":true, "bytesize":5, "value":"DLEXT", "encoding":"UTF-8", "memsize":40, "flags":{"wb_protected":true, "old":true, "long_lived":true, "marked":true}}
{"address":"0x7fcbb1049c08", "type":"ARRAY", "length":5, "references":["0x7fcbb1049cf8", "0x7fcbb1049d98", "0x7fcbb1049d70", "0x7fcbb1049be0", "0x7fcbb1049bb8"], "memsize":200, "flags":{"wb_protected":true, "old":true, "long_lived":true, "marked":true}}
{"address":"0x7fcbb1049c30", "type":"ARRAY", "length":1, "embedded":true, "references":["0x7fcbb104b3c8"], "memsize":40, "flags":{"wb_protected":true, "old":true, "long_lived":true, "marked":true}}
{"address":"0x7fcbb1049c58", "type":"STRING", "class":"0x7fcbb10e0ef0", "frozen":true, "fstring":true, "bytesize":25, "value":"$(rubyhdrdir)/vendor_ruby", "encoding":"UTF-8", "memsize":66, "flags":{"wb_protected":true, "old":true, "long_lived":true, "marked":true}}
{"address":"0x7fcbb1049c80", "type":"STRING", "class":"0x7fcbb10e0ef0", "frozen":true, "embedded":true, "fstring":true, "bytesize":12, "value":"vendorhdrdir", "encoding":"UTF-8", "memsize":40, "flags":{"wb_protected":true, "old":true, "long_lived":true, "marked":true}}
{"address":"0x7fcbb1049cd0", "type":"STRING", "class":"0x7fcbb10e0ef0", "frozen":true, "embedded":true, "fstring":true, "bytesize":14, "value":"rubyarchhdrdir", "encoding":"UTF-8", "memsize":40, "flags":{"wb_protected":true, "old":true, "long_lived":true, "marked":true}}
{"address":"0x7fcbb1049cf8", "type":"DATA", "class":"0x7fcbb10c0100", "struct":"iseq", "references":["0x7fcbb1049c30", "0x7fcbb1049d20", "0x7fcbb1070a88", "0x7fcbb10a91d0", "0x7fcbb10a91d0", "0x7fcbb1049e10"], "memsize":1176, "flags":{"wb_protected":true, "old":true, "long_lived":true, "marked":true}}
{"address":"0x7fcbb1049d20", "type":"STRING", "class":"0x7fcbb10e0ef0", "frozen":true, "embedded":true, "fstring":true, "bytesize":17, "value":"block in suffixes", "memsize":40, "flags":{"wb_protected":true, "old":true, "long_lived":true, "marked":true}}
{"address":"0x7fcbb1049d48", "type":"STRING", "class":"0x7fcbb10e0ef0", "frozen":true, "fstring":true, "bytesize":25, "value":"$(sitehdrdir)/$(sitearch)", "encoding":"UTF-8", "memsize":66, "flags":{"wb_protected":true, "old":true, "long_lived":true, "marked":true}}
{"address":"0x7fcbb1049d70", "type":"STRING", "class":"0x7fcbb10e0ef0", "frozen":true, "embedded":true, "fstring":true, "bytesize":3, "value":".rb", "encoding":"UTF-8", "memsize":40, "flags":{"wb_protected":true, "old":true, "long_lived":true, "marked":true}}
{"address":"0x7fcbb1049d98", "type":"STRING", "class":"0x7fcbb10e0ef0", "frozen":true, "embedded":true, "fstring":true, "bytesize":0, "value":"", "encoding":"UTF-8", "memsize":40, "flags":{"wb_protected":true, "old":true, "long_lived":true, "marked":true}}
{"address":"0x7fcbb1049dc0", "type":"STRING", "class":"0x7fcbb10e0ef0", "frozen":true, "embedded":true, "fstring":true, "bytesize":14, "value":"sitearchhdrdir", "encoding":"UTF-8", "memsize":40, "flags":{"wb_protected":true, "old":true, "long_lived":true, "marked":true}}
{"address":"0x7fcbb1049de8", "type":"STRING", "class":"0x7fcbb10e0ef0", "frozen":true, "fstring":true, "bytesize":27, "value":"$(vendorhdrdir)/$(sitearch)", "encoding":"UTF-8", "memsize":68, "flags":{"wb_protected":true, "old":true, "long_lived":true, "marked":true}}
{"address":"0x7fcbb1049e10", "type":"NODE", "frozen":true, "node_type":"NODE_CREF", "references":["0x7fcbb10b0f98", "0x7fcbb1052df8"], "memsize":40, "flags":{"wb_protected":true, "old":true, "long_lived":true, "marked":true}}
{"address":"0x7fcbb1049e38", "type":"DATA", "class":"0x7fcbb10c0100", "struct":"iseq", "references":["0x7fcbb1049c08", "0x7fcbb1070a88", "0x7fcbb1070a88", "0x7fcbb10a91d0", "0x7fcbb10a91d0", "0x7fcbb1049e10", "0x7fcbb18322d0"], "memsize":1136, "flags":{"wb_protected":true, "old":true, "long_lived":true, "marked":true}}
{"address":"0x7fcbb1049e60", "type":"ARRAY", "length":3, "embedded":true, "references":["0x7fcbb1049ed8", "0x7fcbb1049eb0", "0x7fcbb1049e88"], "memsize":40, "flags":{"wb_protected":true, "old":true, "long_lived":true, "marked":true}}
{"address":"0x7fcbb1049e88", "type":"STRING", "class":"0x7fcbb10e0ef0", "frozen":true, "embedded":true, "fstring":true, "bytesize":1, "value":"}", "encoding":"UTF-8", "memsize":40, "flags":{"wb_protected":true, "old":true, "long_lived":true, "marked":true}}
{"address":"0x7fcbb1049eb0", "type":"STRING", "class":"0x7fcbb10e0ef0", "frozen":true, "embedded":true, "fstring":true, "bytesize":1, "value":",", "encoding":"UTF-8", "memsize":40, "flags":{"wb_protected":true, "old":true, "long_lived":true, "marked":true}}
{"address":"0x7fcbb1049ed8", "type":"STRING", "class":"0x7fcbb10e0ef0", "frozen":true, "embedded":true, "fstring":true, "bytesize":1, "value":"{", "encoding":"UTF-8", "memsize":40, "flags":{"wb_protected":true, "old":true, "long_lived":true, "marked":true}}
{"address":"0x7fcbb1049f00", "type":"STRING", "class":"0x7fcbb10e0ef0", "frozen":true, "embedded":true, "fstring":true, "bytesize":16, "value":"vendorarchhdrdir", "encoding":"UTF-8", "memsize":40, "flags":{"wb_protected":true, "old":true, "long_lived":true, "marked":true}}
{"address":"0x7fcbb1049f50", "type":"NODE", "frozen":true, "node_type":"NODE_CREF", "references":["0x7fcbb10b0f98", "0x7fcbb1052df8"], "memsize":40, "flags":{"wb_protected":true, "old":true, "long_lived":true, "marked":true}}
{"address":"0x7fcbb1049f78", "type":"DATA", "class":"0x7fcbb10c0100", "struct":"iseq", "references":["0x7fcbb1049e60", "0x7fcbb108b9a0", "0x7fcbb108b9a0", "0x7fcbb10a91d0", "0x7fcbb10a91d0", "0x7fcbb1049f50", "0x7fcbb18322d0"], "memsize":896, "flags":{"wb_protected":true, "old":true, "long_lived":true, "marked":true}}
{"address":"0x7fcbb1049fa0", "type":"STRING", "class":"0x7fcbb10e0ef0", "frozen":true, "embedded":true, "fstring":true, "bytesize":5, "value":"NROFF", "encoding":"UTF-8", "memsize":40, "flags":{"wb_protected":true, "old":true, "long_lived":true, "marked":true}}
{"address":"0x7fcbb1049fc8", "type":"STRING", "class":"0x7fcbb10e0ef0", "frozen":true, "embedded":true, "fstring":true, "bytesize":7, "value":"MANTYPE", "encoding":"UTF-8", "memsize":40, "flags":{"wb_protected":true, "old":true, "long_lived":true, "marked":true}}
{"address":"0x7fcbb1049ff0", "type":"NODE", "frozen":true, "node_type":"NODE_CREF", "references":["0x7fcbb10b0f98", "0x7fcbb1052df8"], "memsize":40, "flags":{"wb_protected":true, "old":true, "long_lived":true, "marked":true}}
{"address":"0x7fcbb104a018", "type":"DATA", "class":"0x7fcbb10c0100", "struct":"iseq", "references":["0x7fcbb1071050", "0x7fcbb1071050", "0x7fcbb10a91d0", "0x7fcbb10a91d0", "0x7fcbb1049ff0", "0x7fcbb18322d0"], "memsize":960, "flags":{"wb_protected":true, "old":true, "long_lived":true, "marked":true}}
{"address":"0x7fcbb104a068", "type":"STRING", "class":"0x7fcbb10e0ef0", "frozen":true, "embedded":true, "fstring":true, "bytesize":12, "value":"USE_RUBYGEMS", "encoding":"UTF-8", "memsize":40, "flags":{"wb_protected":true, "old":true, "long_lived":true, "marked":true}}
{"address":"0x7fcbb104a090", "type":"NODE", "frozen":true, "node_type":"NODE_CREF", "references":["0x7fcbb10b0f98", "0x7fcbb1052df8"], "memsize":40, "flags":{"wb_protected":true, "old":true, "long_lived":true, "marked":true}}
{"address":"0x7fcbb104a0b8", "type":"DATA", "class":"0x7fcbb10c0100", "struct":"iseq", "references":["0x7fcbb10714b0", "0x7fcbb10714b0", "0x7fcbb10a91d0", "0x7fcbb10a91d0", "0x7fcbb104a090", "0x7fcbb18322d0"], "memsize":912, "flags":{"wb_protected":true, "old":true, "long_lived":true, "marked":true}}
{"address":"0x7fcbb104a108", "type":"STRING", "class":"0x7fcbb10e0ef0", "frozen":true, "embedded":true, "fstring":true, "bytesize":17, "value":"BUILTIN_TRANSSRCS", "encoding":"UTF-8", "memsize":40, "flags":{"wb_protected":true, "old":true, "long_lived":true, "marked":true}}
{"address":"0x7fcbb104a130", "type":"NODE", "frozen":true, "node_type":"NODE_CREF", "references":["0x7fcbb10b0f98", "0x7fcbb1052df8"], "memsize":40, "flags":{"wb_protected":true, "old":true, "long_lived":true, "marked":true}}
{"address":"0x7fcbb104a158", "type":"DATA", "class":"0x7fcbb10c0100", "struct":"iseq", "references":["0x7fcbb1071988", "0x7fcbb1071988", "0x7fcbb10a91d0", "0x7fcbb10a91d0", "0x7fcbb104a130", "0x7fcbb18322d0"], "memsize":928, "flags":{"wb_protected":true, "old":true, "long_lived":true, "marked":true}}
{"address":"0x7fcbb104a180", "type":"ARRAY", "length":2, "embedded":true, "references":["0x7fcbb104b3c8", "0x7fcbb104a1a8"], "memsize":40, "flags":{"wb_protected":true, "old":true, "long_lived":true, "marked":true}}
{"address":"0x7fcbb104a1a8", "type":"STRING", "class":"0x7fcbb10e0ef0", "frozen":true, "embedded":true, "fstring":true, "bytesize":5, "value":".dev.", "encoding":"UTF-8", "memsize":40, "flags":{"wb_protected":true, "old":true, "long_lived":true, "marked":true}}
{"address":"0x7fcbb104a1d0", "type":"STRING", "class":"0x7fcbb10e0ef0", "frozen":true, "embedded":true, "fstring":true, "bytesize":4, "value":"ruby", "encoding":"UTF-8", "memsize":40, "flags":{"wb_protected":true, "old":true, "long_lived":true, "marked":true}}
{"address":"0x7fcbb104a1f8", "type":"STRING", "class":"0x7fcbb10e0ef0", "frozen":true, "embedded":true, "fstring":true, "bytesize":7, "value":"PACKAGE", "encoding":"UTF-8", "memsize":40, "flags":{"wb_protected":true, "old":true, "long_lived":true, "marked":true}}
{"address":"0x7fcbb104a220", "type":"NODE", "frozen":true, "node_type":"NODE_CREF", "references":["0x7fcbb10b0f98", "0x7fcbb1052df8"], "memsize":40, "flags":{"wb_protected":true, "old":true, "long_lived":true, "marked":true}}
{"address":"0x7fcbb104a248", "type":"DATA", "class":"0x7fcbb10c0100", "struct":"iseq", "references":["0x7fcbb104a180", "0x7fcbb10724c8", "0x7fcbb10724c8", "0x7fcbb10a91d0", "0x7fcbb10a91d0", "0x7fcbb104a220", "0x7fcbb18322d0"], "memsize":2208, "flags":{"wb_protected":true, "old":true, "long_lived":true, "marked":true}}
{"address":"0x7fcbb104a298", "type":"STRING", "class":"0x7fcbb10e0ef0", "frozen":true, "embedded":true, "fstring":true, "bytesize":7, "value":"ruby_pc", "encoding":"UTF-8", "memsize":40, "flags":{"wb_protected":true, "old":true, "long_lived":true, "marked":true}}
{"address":"0x7fcbb104a2c0", "type":"NODE", "frozen":true, "node_type":"NODE_CREF", "references":["0x7fcbb10b0f98", "0x7fcbb1052df8"], "memsize":40, "flags":{"wb_protected":true, "old":true, "long_lived":true, "marked":true}}
{"address":"0x7fcbb104a2e8", "type":"DATA", "class":"0x7fcbb10c0100", "struct":"iseq", "references":["0x7fcbb1072c20", "0x7fcbb1072c20", "0x7fcbb10a91d0", "0x7fcbb10a91d0", "0x7fcbb104a2c0", "0x7fcbb18322d0"], "memsize":784, "flags":{"wb_protected":true, "old":true, "long_lived":true, "marked":true}}
{"address":"0x7fcbb104a310", "type":"ARRAY", "length":2, "embedded":true, "references":["0x7fcbb104a360", "0x7fcbb104a338"], "memsize":40, "flags":{"wb_protected":true, "old":true, "long_lived":true, "marked":true}}
{"address":"0x7fcbb104a338", "type":"STRING", "class":"0x7fcbb10e0ef0", "frozen":true, "fstring":true, "bytesize":66, "value":"Can't find 'rubygems-update' in any repo. Check `gem source list`.", "encoding":"UTF-8", "memsize":107, "flags":{"wb_protected":true, "old":true, "long_lived":true, "marked":true}}
{"address":"0x7fcbb104a360", "type":"STRING", "class":"0x7fcbb10e0ef0", "frozen":true, "embedded":true, "fstring":true, "bytesize":15, "value":"rubygems-update", "encoding":"UTF-8", "memsize":40, "flags":{"wb_protected":true, "old":true, "long_lived":true, "marked":true}}
{"address":"0x7fcbb104a388", "type":"STRING", "class":"0x7fcbb10e0ef0", "frozen":true, "embedded":true, "fstring":true, "bytesize":4, "value":"exec", "encoding":"UTF-8", "memsize":40, "flags":{"wb_protected":true, "old":true, "long_lived":true, "marked":true}}
{"address":"0x7fcbb104a3b0", "type":"STRING", "class":"0x7fcbb10e0ef0", "frozen":true, "fstring":true, "bytesize":44, "value":"$(RUBY_BASE_NAME).$(MAJOR).$(MINOR).$(TEENY)", "encoding":"UTF-8", "memsize":85, "flags":{"wb_protected":true, "old":true, "long_lived":true, "marked":true}}
{"address":"0x7fcbb104a3d8", "type":"NODE", "frozen":true, "node_type":"NODE_CREF", "references":["0x7fcbb10b0f98", "0x7fcbb1052df8"], "memsize":40, "flags":{"wb_protected":true, "old":true, "long_lived":true, "marked":true}}
{"address":"0x7fcbb104a400", "type":"DATA", "class":"0x7fcbb10c0100", "struct":"iseq", "references":["0x7fcbb104a310", "0x7fcbb1072c98", "0x7fcbb1072c98", "0x7fcbb10a91d0", "0x7fcbb10a91d0", "0x7fcbb104a3d8", "0x7fcbb18322d0"], "memsize":736, "flags":{"wb_protected":true, "old":true, "long_lived":true, "marked":true}}
{"address":"0x7fcbb104a428", "type":"STRING", "class":"0x7fcbb10e0ef0", "frozen":true, "embedded":true, "fstring":true, "bytesize":12, "value":"RUBY_SO_NAME", "encoding":"UTF-8", "memsize":40, "flags":{"wb_protected":true, "old":true, "long_lived":true, "marked":true}}
{"address":"0x7fcbb104a450", "type":"STRING", "class":"0x7fcbb10e0ef0", "frozen":true, "embedded":true, "fstring":true, "bytesize":17, "value":"RUBY_INSTALL_NAME", "encoding":"UTF-8", "memsize":40, "flags":{"wb_protected":true, "old":true, "long_lived":true, "marked":true}}
{"address":"0x7fcbb104a478", "type":"NODE", "frozen":true, "node_type":"NODE_CREF", "references":["0x7fcbb10b0f98", "0x7fcbb1052df8"], "memsize":40, "flags":{"wb_protected":true, "old":true, "long_lived":true, "marked":true}}
{"address":"0x7fcbb104a4a0", "type":"DATA", "class":"0x7fcbb10c0100", "struct":"iseq", "references":["0x7fcbb10734e0", "0x7fcbb10734e0", "0x7fcbb10a91d0", "0x7fcbb10a91d0", "0x7fcbb104a478", "0x7fcbb18322d0"], "memsize":1384, "flags":{"wb_protected":true, "old":true, "long_lived":true, "marked":true}}
{"address":"0x7fcbb104a4c8", "type":"ARRAY", "length":1, "embedded":true, "references":["0x7fcbb104a4f0"], "memsize":40, "flags":{"wb_protected":true, "old":true, "long_lived":true, "marked":true}}
{"address":"0x7fcbb104a4f0", "type":"STRING", "class":"0x7fcbb10e0ef0", "frozen":true, "embedded":true, "fstring":true, "bytesize":12, "value":"ruby_version", "encoding":"UTF-8", "memsize":40, "flags":{"wb_protected":true, "old":true, "long_lived":true, "marked":true}}
{"address":"0x7fcbb104a540", "type":"STRING", "class":"0x7fcbb10e0ef0", "frozen":true, "fstring":true, "bytesize":34, "value":"/Users/path/.rvm/rubies/ruby-2.2.3", "encoding":"UTF-8", "memsize":75, "flags":{"wb_protected":true, "old":true, "long_lived":true, "marked":true}}
{"address":"0x7fcbb104a568", "type":"NODE", "frozen":true, "node_type":"NODE_CREF", "references":["0x7fcbb10b0f98", "0x7fcbb1052df8"], "memsize":40, "flags":{"wb_protected":true, "old":true, "long_lived":true, "marked":true}}
{"address":"0x7fcbb104a590", "type":"DATA", "class":"0x7fcbb10c0100", "struct":"iseq", "references":["0x7fcbb104a4c8", "0x7fcbb10904c8", "0x7fcbb10904c8", "0x7fcbb10a91d0", "0x7fcbb10a91d0", "0x7fcbb104a568", "0x7fcbb18322d0"], "memsize":912, "flags":{"wb_protected":true, "old":true, "long_lived":true, "marked":true}}
{"address":"0x7fcbb104a5b8", "type":"ARRAY", "length":6, "references":["0x7fcbb104a658", "0x7fcbb104a630", "0x7fcbb104a608", "0x7fcbb1073c60", "0x7fcbb104a5e0", "0x7fcbb104a5e0"], "memsize":200, "flags":{"wb_protected":true, "old":true, "long_lived":true, "marked":true}}
{"address":"0x7fcbb104a5e0", "type":"STRING", "class":"0x7fcbb10e0ef0", "frozen":true, "embedded":true, "fstring":true, "bytesize":1, "value":"\"", "encoding":"UTF-8", "memsize":40, "flags":{"wb_protected":true, "old":true, "long_lived":true, "marked":true}}
{"address":"0x7fcbb104a608", "type":"STRING", "class":"0x7fcbb10e0ef0", "frozen":true, "embedded":true, "fstring":true, "bytesize":6, "value":"EXEEXT", "encoding":"UTF-8", "memsize":40, "flags":{"wb_protected":true, "old":true, "long_lived":true, "marked":true}}
{"address":"0x7fcbb104a630", "type":"STRING", "class":"0x7fcbb10e0ef0", "frozen":true, "embedded":true, "fstring":true, "bytesize":17, "value":"ruby_install_name", "encoding":"UTF-8", "memsize":40, "flags":{"wb_protected":true, "old":true, "long_lived":true, "marked":true}}
{"address":"0x7fcbb104a658", "type":"STRING", "class":"0x7fcbb10e0ef0", "frozen":true, "embedded":true, "fstring":true, "bytesize":6, "value":"bindir", "encoding":"UTF-8", "memsize":40, "flags":{"wb_protected":true, "old":true, "long_lived":true, "marked":true}}
{"address":"0x7fcbb104a680", "type":"STRING", "class":"0x7fcbb10e0ef0", "frozen":true, "embedded":true, "fstring":true, "bytesize":6, "value":"prefix", "encoding":"UTF-8", "memsize":40, "flags":{"wb_protected":true, "old":true, "long_lived":true, "marked":true}}
{"address":"0x7fcbb104a6d0", "type":"NODE", "frozen":true, "node_type":"NODE_CREF", "references":["0x7fcbb10b0f98", "0x7fcbb1052df8"], "memsize":40, "flags":{"wb_protected":true, "old":true, "long_lived":true, "marked":true}}
{"address":"0x7fcbb104a6f8", "type":"DATA", "class":"0x7fcbb10c0100", "struct":"iseq", "references":["0x7fcbb104a5b8", "0x7fcbb1078530", "0x7fcbb1078530", "0x7fcbb10a91d0", "0x7fcbb10a91d0", "0x7fcbb104a6d0", "0x7fcbb18322d0"], "memsize":1944, "flags":{"wb_protected":true, "old":true, "long_lived":true, "marked":true}}
{"address":"0x7fcbb104a720", "type":"STRING", "class":"0x7fcbb10e0ef0", "frozen":true, "embedded":true, "fstring":true, "bytesize":7, "value":"INSTALL", "encoding":"UTF-8", "memsize":40, "flags":{"wb_protected":true, "old":true, "long_lived":true, "marked":true}}
{"address":"0x7fcbb104a770", "type":"STRING", "class":"0x7fcbb10e0ef0", "frozen":true, "embedded":true, "fstring":true, "bytesize":10, "value":"PATCHLEVEL", "encoding":"UTF-8", "memsize":40, "flags":{"wb_protected":true, "old":true, "long_lived":true, "marked":true}}
{"address":"0x7fcbb104a798", "type":"STRING", "class":"0x7fcbb10e0ef0", "frozen":true, "embedded":true, "fstring":true, "bytesize":3, "value":"rb+", "encoding":"UTF-8", "memsize":40, "flags":{"wb_protected":true, "old":true, "long_lived":true, "marked":true}}
{"address":"0x7fcbb104a7e8", "type":"STRING", "class":"0x7fcbb10e0ef0", "frozen":true, "embedded":true, "fstring":true, "bytesize":5, "value":"TEENY", "encoding":"UTF-8", "memsize":40, "flags":{"wb_protected":true, "old":true, "long_lived":true, "marked":true}}
{"address":"0x7fcbb104a810", "type":"STRING", "class":"0x7fcbb10e0ef0", "frozen":true, "embedded":true, "fstring":true, "bytesize":5, "value":"MINOR", "encoding":"UTF-8", "memsize":40, "flags":{"wb_protected":true, "old":true, "long_lived":true, "marked":true}}
{"address":"0x7fcbb104a860", "type":"DATA", "class":"0x7fcbb10c0100", "struct":"iseq", "references":["0x7fcbb104a9f0", "0x7fcbb1078e90", "0x7fcbb10a91d0", "0x7fcbb10a91d0", "0x7fcbb104ab58"], "memsize":872, "flags":{"wb_protected":true, "old":true, "long_lived":true, "marked":true}}
{"address":"0x7fcbb104a888", "type":"STRING", "class":"0x7fcbb10e0ef0", "frozen":true, "embedded":true, "fstring":true, "bytesize":5, "value":"MAJOR", "encoding":"UTF-8", "memsize":40, "flags":{"wb_protected":true, "old":true, "long_lived":true, "marked":true}}
{"address":"0x7fcbb104a8b0", "type":"ARRAY", "length":4, "references":["0x7fcbb104aa90", "0x7fcbb104a860", "0x7fcbb104a798", "0x7fcbb104aa90"], "memsize":200, "flags":{"wb_protected":true, "old":true, "long_lived":true, "marked":true}}
{"address":"0x7fcbb104a900", "type":"ARRAY", "length":2, "embedded":true, "references":["0x7fcbb104a9c8", "0x7fcbb1052038"], "memsize":40, "flags":{"wb_protected":true, "old":true, "long_lived":true, "marked":true}}
{"address":"0x7fcbb104a928", "type":"STRING", "class":"0x7fcbb10e0ef0", "frozen":true, "embedded":true, "fstring":true, "bytesize":7, "value":"DESTDIR", "encoding":"UTF-8", "memsize":40, "flags":{"wb_protected":true, "old":true, "long_lived":true, "marked":true}}
{"address":"0x7fcbb104a9c8", "type":"DATA", "class":"0x7fcbb10c0100", "struct":"iseq", "references":["0x7fcbb104a9f0", "0x7fcbb1078e90", "0x7fcbb10a91d0", "0x7fcbb10a91d0", "0x7fcbb104ab58"], "memsize":616, "flags":{"wb_protected":true, "old":true, "long_lived":true, "marked":true}}
{"address":"0x7fcbb104a9f0", "type":"STRING", "class":"0x7fcbb10e0ef0", "frozen":true, "embedded":true, "fstring":true, "bytesize":20, "value":"block in read_binary", "memsize":40, "flags":{"wb_protected":true, "old":true, "long_lived":true, "marked":true}}
{"address":"0x7fcbb104aa90", "type":"DATA", "class":"0x7fcbb10c0100", "struct":"iseq", "references":["0x7fcbb104a900", "0x7fcbb104aab8", "0x7fcbb1078e90", "0x7fcbb10a91d0", "0x7fcbb10a91d0", "0x7fcbb104ab58"], "memsize":744, "flags":{"wb_protected":true, "old":true, "long_lived":true, "marked":true}}
{"address":"0x7fcbb104aab8", "type":"STRING", "class":"0x7fcbb10e0ef0", "frozen":true, "embedded":true, "fstring":true, "bytesize":21, "value":"rescue in read_binary", "memsize":40, "flags":{"wb_protected":true, "old":true, "long_lived":true, "marked":true}}
{"address":"0x7fcbb104ab58", "type":"NODE", "frozen":true, "node_type":"NODE_CREF", "references":["0x7fcbb10b0f98", "0x7fcbb1052df8"], "memsize":40, "flags":{"wb_protected":true, "old":true, "long_lived":true, "marked":true}}
{"address":"0x7fcbb104ab80", "type":"DATA", "class":"0x7fcbb10c0100", "struct":"iseq", "references":["0x7fcbb104a8b0", "0x7fcbb1078e90", "0x7fcbb1078e90", "0x7fcbb10a91d0", "0x7fcbb10a91d0", "0x7fcbb104ab58", "0x7fcbb18322d0"], "memsize":680, "flags":{"wb_protected":true, "old":true, "long_lived":true, "marked":true}}
{"address":"0x7fcbb104abf8", "type":"NODE", "frozen":true, "node_type":"NODE_CREF", "references":["0x7fcbb10b0f98", "0x7fcbb1052df8"], "memsize":40, "flags":{"wb_protected":true, "old":true, "long_lived":true, "marked":true}}
{"address":"0x7fcbb104ac20", "type":"DATA", "class":"0x7fcbb10c0100", "struct":"iseq", "references":["0x7fcbb1079110", "0x7fcbb1079110", "0x7fcbb10a91d0", "0x7fcbb10a91d0", "0x7fcbb104abf8", "0x7fcbb18322d0"], "memsize":608, "flags":{"wb_protected":true, "old":true, "long_lived":true, "marked":true}}
{"address":"0x7fcbb104ac48", "type":"ARRAY", "length":3, "embedded":true, "references":["0x7fcbb104bcb0", "0x7fcbb104ac98", "0x7fcbb104ac70"], "memsize":40, "flags":{"wb_protected":true, "old":true, "long_lived":true, "marked":true}}
{"address":"0x7fcbb104ac70", "type":"STRING", "class":"0x7fcbb10e0ef0", "frozen":true, "embedded":true, "fstring":true, "bytesize":3, "value":"lib", "encoding":"UTF-8", "memsize":40, "flags":{"wb_protected":true, "old":true, "long_lived":true, "marked":true}}
{"address":"0x7fcbb104ac98", "type":"STRING", "class":"0x7fcbb10e0ef0", "frozen":true, "embedded":true, "fstring":true, "bytesize":6, "value":"libdir", "encoding":"UTF-8", "memsize":40, "flags":{"wb_protected":true, "old":true, "long_lived":true, "marked":true}}
{"address":"0x7fcbb104acc0", "type":"NODE", "frozen":true, "node_type":"NODE_CREF", "references":["0x7fcbb10e2c78"], "memsize":40, "flags":{"wb_protected":true, "old":true, "long_lived":true, "marked":true}}
{"address":"0x7fcbb104ad10", "type":"NODE", "frozen":true, "node_type":"NODE_CREF", "references":["0x7fcbb10b0f98", "0x7fcbb1052df8"], "memsize":40, "flags":{"wb_protected":true, "old":true, "long_lived":true, "marked":true}}
{"address":"0x7fcbb104ad38", "type":"DATA", "class":"0x7fcbb10c0100", "struct":"iseq", "references":["0x7fcbb104ac48", "0x7fcbb1079b38", "0x7fcbb1079b38", "0x7fcbb10a91d0", "0x7fcbb10a91d0", "0x7fcbb104ad10", "0x7fcbb18322d0"], "memsize":2576, "flags":{"wb_protected":true, "old":true, "long_lived":true, "marked":true}}
{"address":"0x7fcbb104ad88", "type":"STRING", "class":"0x7fcbb10e0ef0", "frozen":true, "embedded":true, "fstring":true, "bytesize":11, "value":"field_count", "encoding":"US-ASCII", "memsize":40, "flags":{"wb_protected":true, "old":true, "long_lived":true, "marked":true}}
{"address":"0x7fcbb104adb0", "type":"NODE", "frozen":true, "node_type":"NODE_CREF", "references":["0x7fcbb10b0f98", "0x7fcbb1052df8"], "memsize":40, "flags":{"wb_protected":true, "old":true, "long_lived":true, "marked":true}}
{"address":"0x7fcbb104add8", "type":"DATA", "class":"0x7fcbb10c0100", "struct":"iseq", "references":["0x7fcbb1079e30", "0x7fcbb1079e30", "0x7fcbb10a91d0", "0x7fcbb10a91d0", "0x7fcbb104adb0", "0x7fcbb18322d0"], "memsize":584, "flags":{"wb_protected":true, "old":true, "long_lived":true, "marked":true}}
{"address":"0x7fcbb104ae50", "type":"NODE", "frozen":true, "node_type":"NODE_CREF", "references":["0x7fcbb10b0f98", "0x7fcbb1052df8"], "memsize":40, "flags":{"wb_protected":true, "old":true, "long_lived":true, "marked":true}}
{"address":"0x7fcbb104ae78", "type":"DATA", "class":"0x7fcbb10c0100", "struct":"iseq", "references":["0x7fcbb107a128", "0x7fcbb107a128", "0x7fcbb10a91d0", "0x7fcbb10a91d0", "0x7fcbb104ae50", "0x7fcbb18322d0"], "memsize":584, "flags":{"wb_protected":true, "old":true, "long_lived":true, "marked":true}}
{"address":"0x7fcbb104aef0", "type":"NODE", "frozen":true, "node_type":"NODE_CREF", "references":["0x7fcbb10b0f98", "0x7fcbb1052df8"], "memsize":40, "flags":{"wb_protected":true, "old":true, "long_lived":true, "marked":true}}
{"address":"0x7fcbb104af18", "type":"DATA", "class":"0x7fcbb10c0100", "struct":"iseq", "references":["0x7fcbb107a3f8", "0x7fcbb107a3f8", "0x7fcbb10a91d0", "0x7fcbb10a91d0", "0x7fcbb104aef0", "0x7fcbb18322d0"], "memsize":584, "flags":{"wb_protected":true, "old":true, "long_lived":true, "marked":true}}
{"address":"0x7fcbb104af68", "type":"STRING", "class":"0x7fcbb10e0ef0", "frozen":true, "embedded":true, "fstring":true, "bytesize":15, "value":"current_version", "encoding":"US-ASCII", "memsize":40, "flags":{"wb_protected":true, "old":true, "long_lived":true, "marked":true}}
{"address":"0x7fcbb104af90", "type":"NODE", "frozen":true, "node_type":"NODE_CREF", "references":["0x7fcbb10b0f98", "0x7fcbb1052df8"], "memsize":40, "flags":{"wb_protected":true, "old":true, "long_lived":true, "marked":true}}
{"address":"0x7fcbb104afb8", "type":"DATA", "class":"0x7fcbb10c0100", "struct":"iseq", "references":["0x7fcbb107a6f0", "0x7fcbb107a6f0", "0x7fcbb10a91d0", "0x7fcbb10a91d0", "0x7fcbb104af90", "0x7fcbb18322d0"], "memsize":584, "flags":{"wb_protected":true, "old":true, "long_lived":true, "marked":true}}
{"address":"0x7fcbb104b030", "type":"NODE", "frozen":true, "node_type":"NODE_CREF", "references":["0x7fcbb10b0f98", "0x7fcbb1052df8"], "memsize":40, "flags":{"wb_protected":true, "old":true, "long_lived":true, "marked":true}}
{"address":"0x7fcbb104b058", "type":"DATA", "class":"0x7fcbb10c0100", "struct":"iseq", "references":["0x7fcbb107a9e8", "0x7fcbb107a9e8", "0x7fcbb10a91d0", "0x7fcbb10a91d0", "0x7fcbb104b030", "0x7fcbb18322d0"], "memsize":584, "flags":{"wb_protected":true, "old":true, "long_lived":true, "marked":true}}
{"address":"0x7fcbb104b0d0", "type":"NODE", "frozen":true, "node_type":"NODE_CREF", "references":["0x7fcbb10b0f98", "0x7fcbb1052df8"], "memsize":40, "flags":{"wb_protected":true, "old":true, "long_lived":true, "marked":true}}
{"address":"0x7fcbb104b0f8", "type":"DATA", "class":"0x7fcbb10c0100", "struct":"iseq", "references":["0x7fcbb107ace0", "0x7fcbb107ace0", "0x7fcbb10a91d0", "0x7fcbb10a91d0", "0x7fcbb104b0d0", "0x7fcbb18322d0"], "memsize":584, "flags":{"wb_protected":true, "old":true, "long_lived":true, "marked":true}}
{"address":"0x7fcbb104b170", "type":"NODE", "frozen":true, "node_type":"NODE_CREF", "references":["0x7fcbb10b0f98", "0x7fcbb1052df8"], "memsize":40, "flags":{"wb_protected":true, "old":true, "long_lived":true, "marked":true}}
{"address":"0x7fcbb104b198", "type":"DATA", "class":"0x7fcbb10c0100", "struct":"iseq", "references":["0x7fcbb107afd8", "0x7fcbb107afd8", "0x7fcbb10a91d0", "0x7fcbb10a91d0", "0x7fcbb104b170", "0x7fcbb18322d0"], "memsize":584, "flags":{"wb_protected":true, "old":true, "long_lived":true, "marked":true}}
{"address":"0x7fcbb104b210", "type":"NODE", "frozen":true, "node_type":"NODE_CREF", "references":["0x7fcbb10b0f98", "0x7fcbb1052df8"], "memsize":40, "flags":{"wb_protected":true, "old":true, "long_lived":true, "marked":true}}
{"address":"0x7fcbb104b238", "type":"DATA", "class":"0x7fcbb10c0100", "struct":"iseq", "references":["0x7fcbb107b2d0", "0x7fcbb107b2d0", "0x7fcbb10a91d0", "0x7fcbb10a91d0", "0x7fcbb104b210", "0x7fcbb18322d0"], "memsize":584, "flags":{"wb_protected":true, "old":true, "long_lived":true, "marked":true}}
{"address":"0x7fcbb104b2b0", "type":"NODE", "frozen":true, "node_type":"NODE_CREF", "references":["0x7fcbb10b0f98", "0x7fcbb1052df8"], "memsize":40, "flags":{"wb_protected":true, "old":true, "long_lived":true, "marked":true}}
{"address":"0x7fcbb104b2d8", "type":"DATA", "class":"0x7fcbb10c0100", "struct":"iseq", "references":["0x7fcbb107bbe0", "0x7fcbb107bbe0", "0x7fcbb10a91d0", "0x7fcbb10a91d0", "0x7fcbb104b2b0", "0x7fcbb18322d0"], "memsize":1256, "flags":{"wb_protected":true, "old":true, "long_lived":true, "marked":true}}
{"address":"0x7fcbb104b328", "type":"STRING", "class":"0x7fcbb10e0ef0", "frozen":true, "embedded":true, "fstring":true, "bytesize":22, "value":"@specification_version", "encoding":"US-ASCII", "memsize":40, "flags":{"wb_protected":true, "old":true, "long_lived":true, "marked":true}}
{"address":"0x7fcbb104b350", "type":"NODE", "frozen":true, "node_type":"NODE_CREF", "references":["0x7fcbb10b0f98", "0x7fcbb1052df8"], "memsize":40, "flags":{"wb_protected":true, "old":true, "long_lived":true, "marked":true}}
{"address":"0x7fcbb104b378", "type":"DATA", "class":"0x7fcbb10c0100", "struct":"iseq", "references":["0x7fcbb107bc08", "0x7fcbb107bc08", "0x7fcbb10a91d0", "0x7fcbb10a91d0", "0x7fcbb104b350", "0x7fcbb18322d0"], "memsize":472, "flags":{"wb_protected":true, "old":true, "long_lived":true, "marked":true}}
{"address":"0x7fcbb104b3a0", "type":"ARRAY", "length":1, "embedded":true, "references":["0x7fcbb104b3c8"], "memsize":40, "flags":{"wb_protected":true, "old":true, "long_lived":true, "marked":true}}
{"address":"0x7fcbb104b3c8", "type":"STRING", "class":"0x7fcbb10e0ef0", "frozen":true, "embedded":true, "fstring":true, "bytesize":1, "value":".", "encoding":"UTF-8", "memsize":40, "flags":{"wb_protected":true, "old":true, "long_lived":true, "marked":true}}
{"address":"0x7fcbb104b440", "type":"NODE", "frozen":true, "node_type":"NODE_CREF", "references":["0x7fcbb10b0f98", "0x7fcbb1052df8"], "memsize":40, "flags":{"wb_protected":true, "old":true, "long_lived":true, "marked":true}}
{"address":"0x7fcbb104b468", "type":"DATA", "class":"0x7fcbb10c0100", "struct":"iseq", "references":["0x7fcbb104b3a0", "0x7fcbb1080078", "0x7fcbb1080078", "0x7fcbb10a91d0", "0x7fcbb10a91d0", "0x7fcbb104b440", "0x7fcbb18322d0"], "memsize":624, "flags":{"wb_protected":true, "old":true, "long_lived":true, "marked":true}}
{"address":"0x7fcbb104b490", "type":"ARRAY", "length":1, "embedded":true, "references":["0x7fcbb1080578"], "memsize":40, "flags":{"wb_protected":true, "old":true, "long_lived":true, "marked":true}}
{"address":"0x7fcbb104b508", "type":"NODE", "frozen":true, "node_type":"NODE_CREF", "references":["0x7fcbb10b0f98", "0x7fcbb1052df8"], "memsize":40, "flags":{"wb_protected":true, "old":true, "long_lived":true, "marked":true}}
{"address":"0x7fcbb104b530", "type":"DATA", "class":"0x7fcbb10c0100", "struct":"iseq", "references":["0x7fcbb104b490", "0x7fcbb1080708", "0x7fcbb1080708", "0x7fcbb10a91d0", "0x7fcbb10a91d0", "0x7fcbb104b508", "0x7fcbb18322d0"], "memsize":1136, "flags":{"wb_protected":true, "old":true, "long_lived":true, "marked":true}}
{"address":"0x7fcbb104b558", "type":"STRING", "class":"0x7fcbb10e0ef0", "frozen":true, "embedded":true, "fstring":true, "bytesize":18, "value":"rubygems/syck_hack", "encoding":"UTF-8", "memsize":40, "flags":{"wb_protected":true, "old":true, "long_lived":true, "marked":true}}
{"address":"0x7fcbb104b580", "type":"STRING", "class":"0x7fcbb10e0ef0", "frozen":true, "embedded":true, "fstring":true, "bytesize":4, "value":"syck", "encoding":"UTF-8", "memsize":40, "flags":{"wb_protected":true, "old":true, "long_lived":true, "marked":true}}
{"address":"0x7fcbb104b620", "type":"DATA", "class":"0x7fcbb10c0100", "struct":"iseq", "references":["0x7fcbb104bb70", "0x7fcbb10822d8", "0x7fcbb10a91d0", "0x7fcbb10a91d0", "0x7fcbb104bc38"], "memsize":328, "flags":{"wb_protected":true, "old":true, "long_lived":true, "marked":true}}
{"address":"0x7fcbb104b698", "type":"STRING", "class":"0x7fcbb10e0ef0", "frozen":true, "embedded":true, "fstring":true, "bytesize":4, "value":"yaml", "encoding":"UTF-8", "memsize":40, "flags":{"wb_protected":true, "old":true, "long_lived":true, "marked":true}}
{"address":"0x7fcbb104b710", "type":"STRING", "class":"0x7fcbb10e0ef0", "frozen":true, "embedded":true, "fstring":true, "bytesize":19, "value":"rubygems/psych_tree", "encoding":"UTF-8", "memsize":40, "flags":{"wb_protected":true, "old":true, "long_lived":true, "marked":true}}
{"address":"0x7fcbb104b738", "type":"STRING", "class":"0x7fcbb10e0ef0", "frozen":true, "fstring":true, "bytesize":24, "value":"rubygems/psych_additions", "encoding":"UTF-8", "memsize":65, "flags":{"wb_protected":true, "old":true, "long_lived":true, "marked":true}}
{"address":"0x7fcbb104b7d8", "type":"DATA", "class":"0x7fcbb10c0100", "struct":"iseq", "references":["0x7fcbb104bb70", "0x7fcbb10822d8", "0x7fcbb10a91d0", "0x7fcbb10a91d0", "0x7fcbb104bc38"], "memsize":328, "flags":{"wb_protected":true, "old":true, "long_lived":true, "marked":true}}
{"address":"0x7fcbb104b850", "type":"ARRAY", "length":1, "embedded":true, "references":["0x7fcbb10e2c78"], "memsize":40, "flags":{"wb_protected":true, "old":true, "long_lived":true, "marked":true}}
{"address":"0x7fcbb104b8c8", "type":"DATA", "class":"0x7fcbb10c0100", "struct":"iseq", "references":["0x7fcbb104b850", "0x7fcbb104ba30", "0x7fcbb10822d8", "0x7fcbb10a91d0", "0x7fcbb10a91d0", "0x7fcbb104bc38"], "memsize":544, "flags":{"wb_protected":true, "old":true, "long_lived":true, "marked":true}}
{"address":"0x7fcbb104b968", "type":"STRING", "class":"0x7fcbb10e0ef0", "frozen":true, "embedded":true, "fstring":true, "bytesize":8, "value":">= 1.2.1", "encoding":"UTF-8", "memsize":40, "flags":{"wb_protected":true, "old":true, "long_lived":true, "marked":true}}
{"address":"0x7fcbb104b990", "type":"STRING", "class":"0x7fcbb10e0ef0", "frozen":true, "embedded":true, "fstring":true, "bytesize":5, "value":"psych", "encoding":"UTF-8", "memsize":40, "flags":{"wb_protected":true, "old":true, "long_lived":true, "marked":true}}
{"address":"0x7fcbb104b9b8", "type":"STRING", "class":"0x7fcbb10e0ef0", "frozen":true, "embedded":true, "fstring":true, "bytesize":15, "value":"CROSS_COMPILING", "encoding":"US-ASCII", "memsize":40, "flags":{"wb_protected":true, "old":true, "long_lived":true, "marked":true}}
{"address":"0x7fcbb104ba08", "type":"DATA", "class":"0x7fcbb10c0100", "struct":"iseq", "references":["0x7fcbb104ba30", "0x7fcbb10822d8", "0x7fcbb10a91d0", "0x7fcbb10a91d0", "0x7fcbb104bc38"], "memsize":536, "flags":{"wb_protected":true, "old":true, "long_lived":true, "marked":true}}
{"address":"0x7fcbb104ba30", "type":"STRING", "class":"0x7fcbb10e0ef0", "frozen":true, "embedded":true, "fstring":true, "bytesize":19, "value":"rescue in load_yaml", "memsize":40, "flags":{"wb_protected":true, "old":true, "long_lived":true, "marked":true}}
{"address":"0x7fcbb104ba80", "type":"STRING", "class":"0x7fcbb10e0ef0", "frozen":true, "embedded":true, "fstring":true, "bytesize":9, "value":"TEST_SYCK", "encoding":"UTF-8", "memsize":40, "flags":{"wb_protected":true, "old":true, "long_lived":true, "marked":true}}
{"address":"0x7fcbb104bad0", "type":"ARRAY", "length":21, "references":["0x7fcbb104bb48", "0x7fcbb104ba08", "0x7fcbb104b8c8", "0x7fcbb104b7d8", "0x7fcbb104b620", "0x7fcbb104ba80", "0x7fcbb104b990", "0x7fcbb104b968", "0x7fcbb104b990", "0x7fcbb104b990", "0x7fcbb104b990", "0x7fcbb104b738", "0x7fcbb104b710", "0x7fcbb104b698", "0x7fcbb104b580", "0x7fcbb104b558", "0x7fcbb104bb48", "0x7fcbb104ba08", "0x7fcbb104b7d8", "0x7fcbb104b8c8", "0x7fcbb104b620"], "memsize":336, "flags":{"wb_protected":true, "old":true, "long_lived":true, "marked":true}}
{"address":"0x7fcbb104bb48", "type":"DATA", "class":"0x7fcbb10c0100", "struct":"iseq", "references":["0x7fcbb104bb70", "0x7fcbb10822d8", "0x7fcbb10a91d0", "0x7fcbb10a91d0", "0x7fcbb104bc38"], "memsize":328, "flags":{"wb_protected":true, "old":true, "long_lived":true, "marked":true}}
{"address":"0x7fcbb104bb70", "type":"STRING", "class":"0x7fcbb10e0ef0", "frozen":true, "fstring":true, "bytesize":26, "capacity":46, "value":"defined guard in load_yaml", "memsize":87, "flags":{"wb_protected":true, "old":true, "long_lived":true, "marked":true}}
{"address":"0x7fcbb104bc38", "type":"NODE", "frozen":true, "node_type":"NODE_CREF", "references":["0x7fcbb10b0f98", "0x7fcbb1052df8"], "memsize":40, "flags":{"wb_protected":true, "old":true, "long_lived":true, "marked":true}}
{"address":"0x7fcbb104bc60", "type":"DATA", "class":"0x7fcbb10c0100", "struct":"iseq", "references":["0x7fcbb104bad0", "0x7fcbb10822d8", "0x7fcbb10822d8", "0x7fcbb10a91d0", "0x7fcbb10a91d0", "0x7fcbb104bc38", "0x7fcbb18322d0"], "memsize":4128, "flags":{"wb_protected":true, "old":true, "long_lived":true, "marked":true}}
{"address":"0x7fcbb104bc88", "type":"ARRAY", "length":1, "embedded":true, "references":["0x7fcbb104bcb0"], "memsize":40, "flags":{"wb_protected":true, "old":true, "long_lived":true, "marked":true}}
{"address":"0x7fcbb104bcb0", "type":"STRING", "class":"0x7fcbb10e0ef0", "frozen":true, "embedded":true, "fstring":true, "bytesize":10, "value":"sitelibdir", "encoding":"UTF-8", "memsize":40, "flags":{"wb_protected":true, "old":true, "long_lived":true, "marked":true}}
{"address":"0x7fcbb104bd28", "type":"NODE", "frozen":true, "node_type":"NODE_CREF", "references":["0x7fcbb10b0f98", "0x7fcbb1052df8"], "memsize":40, "flags":{"wb_protected":true, "old":true, "long_lived":true, "marked":true}}
{"address":"0x7fcbb104bd50", "type":"DATA", "class":"0x7fcbb10c0100", "struct":"iseq", "references":["0x7fcbb104bc88", "0x7fcbb1082850", "0x7fcbb1082850", "0x7fcbb10a91d0", "0x7fcbb10a91d0", "0x7fcbb104bd28", "0x7fcbb18322d0"], "memsize":816, "flags":{"wb_protected":true, "old":true, "long_lived":true, "marked":true}}
{"address":"0x7fcbb104bdc8", "type":"NODE", "frozen":true, "node_type":"NODE_CREF", "references":["0x7fcbb10b0f98", "0x7fcbb1052df8"], "memsize":40, "flags":{"wb_protected":true, "old":true, "long_lived":true, "marked":true}}
{"address":"0x7fcbb104bdf0", "type":"DATA", "class":"0x7fcbb10c0100", "struct":"iseq", "references":["0x7fcbb1082b20", "0x7fcbb1082b20", "0x7fcbb10a91d0", "0x7fcbb10a91d0", "0x7fcbb104bdc8", "0x7fcbb18322d0"], "memsize":472, "flags":{"wb_protected":true, "old":true, "long_lived":true, "marked":true}}
{"address":"0x7fcbb104be18", "type":"STRING", "class":"0x7fcbb10e0ef0", "frozen":true, "embedded":true, "fstring":true, "bytesize":5, "value":"array", "encoding":"US-ASCII", "memsize":40, "flags":{"wb_protected":true, "old":true, "long_lived":true, "marked":true}}
{"address":"0x7fcbb104be68", "type":"NODE", "frozen":true, "node_type":"NODE_CREF", "references":["0x7fcbb10b0f98", "0x7fcbb1052df8"], "memsize":40, "flags":{"wb_protected":true, "old":true, "long_lived":true, "marked":true}}
{"address":"0x7fcbb104be90", "type":"DATA", "class":"0x7fcbb10c0100", "struct":"iseq", "references":["0x7fcbb1082e40", "0x7fcbb1082e40", "0x7fcbb10a91d0", "0x7fcbb10a91d0", "0x7fcbb104be68", "0x7fcbb18322d0"], "memsize":664, "flags":{"wb_protected":true, "old":true, "long_lived":true, "marked":true}}
{"address":"0x7fcbb104beb8", "type":"ARRAY", "length":1, "embedded":true, "references":["0x7fcbb104bee0"], "memsize":40, "flags":{"wb_protected":true, "old":true, "long_lived":true, "marked":true}}
{"address":"0x7fcbb104bee0", "type":"STRING", "class":"0x7fcbb10e0ef0", "frozen":true, "fstring":true, "bytesize":29, "value":"rubygems/dependency_installer", "encoding":"UTF-8", "memsize":70, "flags":{"wb_protected":true, "old":true, "long_lived":true, "marked":true}}
{"address":"0x7fcbb104bf80", "type":"NODE", "frozen":true, "node_type":"NODE_CREF", "references":["0x7fcbb10b0f98", "0x7fcbb1052df8"], "memsize":40, "flags":{"wb_protected":true, "old":true, "long_lived":true, "marked":true}}
{"address":"0x7fcbb104bfa8", "type":"DATA", "class":"0x7fcbb10c0100", "struct":"iseq", "references":["0x7fcbb104beb8", "0x7fcbb1083610", "0x7fcbb1083610", "0x7fcbb10a91d0", "0x7fcbb10a91d0", "0x7fcbb104bf80", "0x7fcbb18322d0"], "memsize":1456, "flags":{"wb_protected":true, "old":true, "long_lived":true, "marked":true}}
{"address":"0x7fcbb1050008", "type":"ARRAY", "length":1, "embedded":true, "references":["0x7fcbb10501c0"], "memsize":40, "flags":{"wb_protected":true, "old":true, "long_lived":true, "marked":true}}
{"address":"0x7fcbb1050080", "type":"NODE", "frozen":true, "node_type":"NODE_CREF", "references":["0x7fcbb10b0f98", "0x7fcbb1052df8"], "memsize":40, "flags":{"wb_protected":true, "old":true, "long_lived":true, "marked":true}}
{"address":"0x7fcbb10500a8", "type":"DATA", "class":"0x7fcbb10c0100", "struct":"iseq", "references":["0x7fcbb1050008", "0x7fcbb1083b10", "0x7fcbb1083b10", "0x7fcbb10a91d0", "0x7fcbb10a91d0", "0x7fcbb1050080", "0x7fcbb18322d0"], "memsize":808, "flags":{"wb_protected":true, "old":true, "long_lived":true, "marked":true}}
{"address":"0x7fcbb10500d0", "type":"ARRAY", "length":1, "embedded":true, "references":["0x7fcbb10501c0"], "memsize":40, "flags":{"wb_protected":true, "old":true, "long_lived":true, "marked":true}}
{"address":"0x7fcbb1050148", "type":"NODE", "frozen":true, "node_type":"NODE_CREF", "references":["0x7fcbb10b0f98", "0x7fcbb1052df8"], "memsize":40, "flags":{"wb_protected":true, "old":true, "long_lived":true, "marked":true}}
{"address":"0x7fcbb1050170", "type":"DATA", "class":"0x7fcbb10c0100", "struct":"iseq", "references":["0x7fcbb10500d0", "0x7fcbb1083f48", "0x7fcbb1083f48", "0x7fcbb10a91d0", "0x7fcbb10a91d0", "0x7fcbb1050148", "0x7fcbb18322d0"], "memsize":808, "flags":{"wb_protected":true, "old":true, "long_lived":true, "marked":true}}
{"address":"0x7fcbb1050198", "type":"ARRAY", "length":1, "embedded":true, "references":["0x7fcbb10501c0"], "memsize":40, "flags":{"wb_protected":true, "old":true, "long_lived":true, "marked":true}}
{"address":"0x7fcbb10501c0", "type":"STRING", "class":"0x7fcbb10e0ef0", "frozen":true, "embedded":true, "fstring":true, "bytesize":13, "value":"rubygems/util", "encoding":"UTF-8", "memsize":40, "flags":{"wb_protected":true, "old":true, "long_lived":true, "marked":true}}
{"address":"0x7fcbb10501e8", "type":"STRING", "class":"0x7fcbb10e0ef0", "frozen":true, "embedded":true, "fstring":true, "bytesize":1, "value":"w", "encoding":"UTF-8", "memsize":40, "flags":{"wb_protected":true, "old":true, "long_lived":true, "marked":true}}
{"address":"0x7fcbb1050238", "type":"NODE", "frozen":true, "node_type":"NODE_CREF", "references":["0x7fcbb10b0f98", "0x7fcbb1052df8"], "memsize":40, "flags":{"wb_protected":true, "old":true, "long_lived":true, "marked":true}}
{"address":"0x7fcbb1050260", "type":"DATA", "class":"0x7fcbb10c0100", "struct":"iseq", "references":["0x7fcbb1050198", "0x7fcbb1088408", "0x7fcbb1088408", "0x7fcbb10a91d0", "0x7fcbb10a91d0", "0x7fcbb1050238", "0x7fcbb18322d0"], "memsize":808, "flags":{"wb_protected":true, "old":true, "long_lived":true, "marked":true}}
{"address":"0x7fcbb10502d8", "type":"STRING", "class":"0x7fcbb10e0ef0", "frozen":true, "embedded":true, "fstring":true, "bytesize":8, "value":"HOMEPATH", "encoding":"UTF-8", "memsize":40, "flags":{"wb_protected":true, "old":true, "long_lived":true, "marked":true}}
{"address":"0x7fcbb1050328", "type":"STRING", "class":"0x7fcbb10e0ef0", "frozen":true, "embedded":true, "fstring":true, "bytesize":11, "value":"USERPROFILE", "encoding":"UTF-8", "memsize":40, "flags":{"wb_protected":true, "old":true, "long_lived":true, "marked":true}}
{"address":"0x7fcbb1050350", "type":"STRING", "class":"0x7fcbb10e0ef0", "frozen":true, "embedded":true, "fstring":true, "bytesize":4, "value":"HOME", "encoding":"UTF-8", "memsize":40, "flags":{"wb_protected":true, "old":true, "long_lived":true, "marked":true}}
{"address":"0x7fcbb10503a0", "type":"STRING", "class":"0x7fcbb10e0ef0", "frozen":true, "embedded":true, "fstring":true, "bytesize":11, "value":"memory.json", "encoding":"UTF-8", "memsize":40, "flags":{"wb_protected":true, "old":true, "long_lived":true, "marked":true}}
{"address":"0x7fcbb10503f0", "type":"ARRAY", "length":4, "references":["0x7fcbb1050878", "0x7fcbb1050b20", "0x7fcbb10503a0", "0x7fcbb10501e8"], "memsize":200, "flags":{"wb_protected":true, "old":true, "long_lived":true, "marked":true}}
{"address":"0x7fcbb1050418", "type":"DATA", "class":"0x7fcbb10c0100", "struct":"iseq", "references":["0x7fcbb1050440", "0x7fcbb1089c90", "0x7fcbb10a91d0", "0x7fcbb10a91d0", "0x7fcbb10506c0"], "memsize":1144, "flags":{"wb_protected":true, "old":true, "long_lived":true, "marked":true}}
{"address":"0x7fcbb1050440", "type":"STRING", "class":"0x7fcbb10e0ef0", "frozen":true, "embedded":true, "fstring":true, "bytesize":18, "value":"block in find_home", "memsize":40, "flags":{"wb_protected":true, "old":true, "long_lived":true, "marked":true}}
{"address":"0x7fcbb1050490", "type":"STRING", "class":"0x7fcbb10e0ef0", "frozen":true, "embedded":true, "fstring":true, "bytesize":1, "value":"~", "encoding":"UTF-8", "memsize":40, "flags":{"wb_protected":true, "old":true, "long_lived":true, "marked":true}}
{"address":"0x7fcbb10504b8", "type":"STRING", "class":"0x7fcbb10e0ef0", "frozen":true, "embedded":true, "fstring":true, "bytesize":3, "value":"1.9", "encoding":"UTF-8", "memsize":40, "flags":{"wb_protected":true, "old":true, "long_lived":true, "marked":true}}
{"address":"0x7fcbb10504e0", "type":"ARRAY", "length":11, "references":["0x7fcbb10505f8", "0x7fcbb1050418", "0x7fcbb10504b8", "0x7fcbb1050490", "0x7fcbb1050350", "0x7fcbb1050328", "0x7fcbb1050580", "0x7fcbb10502d8", "0x7fcbb1050580", "0x7fcbb10502d8", "0x7fcbb10505f8"], "memsize":200, "flags":{"wb_protected":true, "old":true, "long_lived":true, "marked":true}}
{"address":"0x7fcbb1050508", "type":"ARRAY", "length":5, "references":["0x7fcbb10dbc98", "0x7fcbb1050580", "0x7fcbb1050558", "0x7fcbb1050530", "0x7fcbb1050530"], "memsize":200, "flags":{"wb_protected":true, "old":true, "long_lived":true, "marked":true}}
{"address":"0x7fcbb1050530", "type":"STRING", "class":"0x7fcbb10e0ef0", "frozen":true, "embedded":true, "fstring":true, "bytesize":1, "value":"/", "encoding":"UTF-8", "memsize":40, "flags":{"wb_protected":true, "old":true, "long_lived":true, "marked":true}}
{"address":"0x7fcbb1050558", "type":"STRING", "class":"0x7fcbb10e0ef0", "frozen":true, "embedded":true, "fstring":true, "bytesize":11, "value":"SystemDrive", "encoding":"UTF-8", "memsize":40, "flags":{"wb_protected":true, "old":true, "long_lived":true, "marked":true}}
{"address":"0x7fcbb1050580", "type":"STRING", "class":"0x7fcbb10e0ef0", "frozen":true, "embedded":true, "fstring":true, "bytesize":9, "value":"HOMEDRIVE", "encoding":"UTF-8", "memsize":40, "flags":{"wb_protected":true, "old":true, "long_lived":true, "marked":true}}
{"address":"0x7fcbb10505f8", "type":"DATA", "class":"0x7fcbb10c0100", "struct":"iseq", "references":["0x7fcbb1050508", "0x7fcbb1050620", "0x7fcbb1089c90", "0x7fcbb10a91d0", "0x7fcbb10a91d0", "0x7fcbb10506c0"], "memsize":1608, "flags":{"wb_protected":true, "old":true, "long_lived":true, "marked":true}}
{"address":"0x7fcbb1050620", "type":"STRING", "class":"0x7fcbb10e0ef0", "frozen":true, "embedded":true, "fstring":true, "bytesize":19, "value":"rescue in find_home", "memsize":40, "flags":{"wb_protected":true, "old":true, "long_lived":true, "marked":true}}
{"address":"0x7fcbb10506c0", "type":"NODE", "frozen":true, "node_type":"NODE_CREF", "references":["0x7fcbb10b0f98", "0x7fcbb1052df8"], "memsize":40, "flags":{"wb_protected":true, "old":true, "long_lived":true, "marked":true}}
{"address":"0x7fcbb10506e8", "type":"DATA", "class":"0x7fcbb10c0100", "struct":"iseq", "references":["0x7fcbb10504e0", "0x7fcbb1089c90", "0x7fcbb1089c90", "0x7fcbb10a91d0", "0x7fcbb10a91d0", "0x7fcbb10506c0", "0x7fcbb18322d0"], "memsize":2632, "flags":{"wb_protected":true, "old":true, "long_lived":true, "marked":true}}
{"address":"0x7fcbb1050738", "type":"ARRAY", "length":1, "embedded":true, "references":["0x7fcbb1050800"], "memsize":40, "flags":{"wb_protected":true, "old":true, "long_lived":true, "marked":true}}
{"address":"0x7fcbb1050800", "type":"DATA", "class":"0x7fcbb10c0100", "struct":"iseq", "references":["0x7fcbb1050828", "0x7fcbb108aaa0", "0x7fcbb10a91d0", "0x7fcbb10a91d0", "0x7fcbb10508f0"], "memsize":856, "flags":{"wb_protected":true, "old":true, "long_lived":true, "marked":true}}
{"address":"0x7fcbb1050828", "type":"STRING", "class":"0x7fcbb10e0ef0", "frozen":true, "fstring":true, "bytesize":26, "value":"block in find_latest_files", "memsize":67, "flags":{"wb_protected":true, "old":true, "long_lived":true, "marked":true}}
{"address":"0x7fcbb1050878", "type":"DATA", "class":"0x7fcbb10c0100", "struct":"iseq", "references":["0x7fcbb1050940", "0x7fcbb10c0498", "0x7fcbb10b8ec8", "0x7fcbb1050d00", "0x7fcbb10c04c0"], "memsize":688, "flags":{"wb_protected":true, "old":true, "long_lived":true, "marked":true}}
{"address":"0x7fcbb10508f0", "type":"NODE", "frozen":true, "node_type":"NODE_CREF", "references":["0x7fcbb10b0f98", "0x7fcbb1052df8"], "memsize":40, "flags":{"wb_protected":true, "old":true, "long_lived":true, "marked":true}}
{"address":"0x7fcbb1050918", "type":"DATA", "class":"0x7fcbb10c0100", "struct":"iseq", "references":["0x7fcbb1050738", "0x7fcbb108aaa0", "0x7fcbb108aaa0", "0x7fcbb10a91d0", "0x7fcbb10a91d0", "0x7fcbb10508f0", "0x7fcbb18322d0"], "memsize":1640, "flags":{"wb_protected":true, "old":true, "long_lived":true, "marked":true}}
{"address":"0x7fcbb1050940", "type":"STRING", "class":"0x7fcbb10e0ef0", "frozen":true, "embedded":true, "fstring":true, "bytesize":15, "value":"block in <main>", "memsize":40, "flags":{"wb_protected":true, "old":true, "long_lived":true, "marked":true}}
{"address":"0x7fcbb1050a30", "type":"DATA", "class":"0x7fcbb10c0100", "struct":"iseq", "references":["0x7fcbb1050b70", "0x7fcbb108bd38", "0x7fcbb10a91d0", "0x7fcbb10a91d0", "0x7fcbb1050c10"], "memsize":1120, "flags":{"wb_protected":true, "old":true, "long_lived":true, "marked":true}}
{"address":"0x7fcbb1050a80", "type":"ARRAY", "length":2, "embedded":true, "references":["0x7fcbb1050b48", "0x7fcbb1050a30"], "memsize":40, "flags":{"wb_protected":true, "old":true, "long_lived":true, "marked":true}}
{"address":"0x7fcbb1050b20", "type":"STRING", "class":"0x7fcbb10e0ef0", "frozen":true, "embedded":true, "fstring":true, "bytesize":8, "value":"objspace", "encoding":"UTF-8", "memsize":40, "flags":{"wb_protected":true, "old":true, "long_lived":true, "marked":true}}
{"address":"0x7fcbb1050b48", "type":"DATA", "class":"0x7fcbb10c0100", "struct":"iseq", "references":["0x7fcbb1050b70", "0x7fcbb108bd38", "0x7fcbb10a91d0", "0x7fcbb10a91d0", "0x7fcbb1050c10"], "memsize":784, "flags":{"wb_protected":true, "old":true, "long_lived":true, "marked":true}}
{"address":"0x7fcbb1050b70", "type":"STRING", "class":"0x7fcbb10e0ef0", "frozen":true, "fstring":true, "bytesize":34, "value":"block in find_files_from_load_path", "memsize":75, "flags":{"wb_protected":true, "old":true, "long_lived":true, "marked":true}}
{"address":"0x7fcbb1050c10", "type":"NODE", "frozen":true, "node_type":"NODE_CREF", "references":["0x7fcbb10b0f98", "0x7fcbb1052df8"], "memsize":40, "flags":{"wb_protected":true, "old":true, "long_lived":true, "marked":true}}
{"address":"0x7fcbb1050c38", "type":"DATA", "class":"0x7fcbb10c0100", "struct":"iseq", "references":["0x7fcbb1050a80", "0x7fcbb108bd38", "0x7fcbb108bd38", "0x7fcbb10a91d0", "0x7fcbb10a91d0", "0x7fcbb1050c10", "0x7fcbb18322d0"], "memsize":872, "flags":{"wb_protected":true, "old":true, "long_lived":true, "marked":true}}
{"address":"0x7fcbb1050c88", "type":"ARRAY", "length":1, "embedded":true, "references":["0x7fcbb1050d50"], "memsize":40, "flags":{"wb_protected":true, "old":true, "long_lived":true, "marked":true}}
{"address":"0x7fcbb1050d00", "type":"STRING", "class":"0x7fcbb10e0ef0", "frozen":true, "fstring":true, "bytesize":45, "value":"/Users/path/code/ruby_little_code/objspqce.rb", "encoding":"UTF-8", "memsize":86, "flags":{"wb_protected":true, "old":true, "long_lived":true, "marked":true}}
{"address":"0x7fcbb1050d50", "type":"DATA", "class":"0x7fcbb10c0100", "struct":"iseq", "references":["0x7fcbb1050d78", "0x7fcbb108bf68", "0x7fcbb10a91d0", "0x7fcbb10a91d0", "0x7fcbb1050e40"], "memsize":856, "flags":{"wb_protected":true, "old":true, "long_lived":true, "marked":true}}
{"address":"0x7fcbb1050d78", "type":"STRING", "class":"0x7fcbb10e0ef0", "frozen":true, "embedded":true, "fstring":true, "bytesize":19, "value":"block in find_files", "memsize":40, "flags":{"wb_protected":true, "old":true, "long_lived":true, "marked":true}}
{"address":"0x7fcbb1050df0", "type":"STRING", "class":"0x7fcbb10e0ef0", "frozen":true, "embedded":true, "fstring":true, "bytesize":13, "value":"to_yaml_style", "encoding":"US-ASCII", "memsize":40, "flags":{"wb_protected":true, "old":true, "long_lived":true, "marked":true}}
{"address":"0x7fcbb1050e40", "type":"NODE", "frozen":true, "node_type":"NODE_CREF", "references":["0x7fcbb10b0f98", "0x7fcbb1052df8"], "memsize":40, "flags":{"wb_protected":true, "old":true, "long_lived":true, "marked":true}}
{"address":"0x7fcbb1050e68", "type":"DATA", "class":"0x7fcbb10c0100", "struct":"iseq", "references":["0x7fcbb1050c88", "0x7fcbb108bf68", "0x7fcbb108bf68", "0x7fcbb10a91d0", "0x7fcbb10a91d0", "0x7fcbb1050e40", "0x7fcbb18322d0"], "memsize":1504, "flags":{"wb_protected":true, "old":true, "long_lived":true, "marked":true}}
{"address":"0x7fcbb1050e90", "type":"ARRAY", "length":3, "embedded":true, "references":["0x7fcbb1050f08", "0x7fcbb1050ee0", "0x7fcbb1050eb8"], "memsize":40, "flags":{"wb_protected":true, "old":true, "long_lived":true, "marked":true}}
{"address":"0x7fcbb1050eb8", "type":"STRING", "class":"0x7fcbb10e0ef0", "frozen":true, "embedded":true, "fstring":true, "bytesize":7, "value":"-static", "encoding":"UTF-8", "memsize":40, "flags":{"wb_protected":true, "old":true, "long_lived":true, "marked":true}}
{"address":"0x7fcbb1050ee0", "type":"STRING", "class":"0x7fcbb10e0ef0", "frozen":true, "embedded":true, "fstring":true, "bytesize":13, "value":"ENABLE_SHARED", "encoding":"UTF-8", "memsize":40, "flags":{"wb_protected":true, "old":true, "long_lived":true, "marked":true}}
{"address":"0x7fcbb1050f08", "type":"STRING", "class":"0x7fcbb10e0ef0", "frozen":true, "embedded":true, "fstring":true, "bytesize":2, "value":"no", "encoding":"UTF-8", "memsize":40, "flags":{"wb_protected":true, "old":true, "long_lived":true, "marked":true}}
{"address":"0x7fcbb1050f80", "type":"NODE", "frozen":true, "node_type":"NODE_CREF", "references":["0x7fcbb10b0f98", "0x7fcbb1052df8"], "memsize":40, "flags":{"wb_protected":true, "old":true, "long_lived":true, "marked":true}}
{"address":"0x7fcbb1050fa8", "type":"DATA", "class":"0x7fcbb10c0100", "struct":"iseq", "references":["0x7fcbb1050e90", "0x7fcbb10907c0", "0x7fcbb10907c0", "0x7fcbb10a91d0", "0x7fcbb10a91d0", "0x7fcbb1050f80", "0x7fcbb18322d0"], "memsize":1136, "flags":{"wb_protected":true, "old":true, "long_lived":true, "marked":true}}
{"address":"0x7fcbb1050fd0", "type":"STRING", "class":"0x7fcbb10e0ef0", "frozen":true, "embedded":true, "fstring":true, "bytesize":6, "value":"taguri", "encoding":"US-ASCII", "memsize":40, "flags":{"wb_protected":true, "old":true, "long_lived":true, "marked":true}}
{"address":"0x7fcbb1051048", "type":"DATA", "class":"0x7fcbb10c0100", "struct":"iseq", "references":["0x7fcbb10503f0", "0x7fcbb10c0498", "0x7fcbb10c0498", "0x7fcbb10b8ec8", "0x7fcbb1050d00", "0x7fcbb10c04c0"], "memsize":1008, "flags":{"wb_protected":true, "old":true, "long_lived":true, "marked":true}}
{"address":"0x7fcbb10510c0", "type":"ARRAY", "length":2, "embedded":true, "references":["0x7fcbb1051160", "0x7fcbb1051160"], "memsize":40, "flags":{"wb_protected":true, "old":true, "long_lived":true, "marked":true}}
{"address":"0x7fcbb10510e8", "type":"ARRAY", "length":1, "embedded":true, "references":["0x7fcbb10dbc98"], "memsize":40, "flags":{"wb_protected":true, "old":true, "long_lived":true, "marked":true}}
{"address":"0x7fcbb1051160", "type":"DATA", "class":"0x7fcbb10c0100", "struct":"iseq", "references":["0x7fcbb10510e8", "0x7fcbb1051188", "0x7fcbb1091f58", "0x7fcbb10a91d0", "0x7fcbb10a91d0", "0x7fcbb1051408"], "memsize":448, "flags":{"wb_protected":true, "old":true, "long_lived":true, "marked":true}}
{"address":"0x7fcbb1051188", "type":"STRING", "class":"0x7fcbb10e0ef0", "frozen":true, "fstring":true, "bytesize":40, "capacity":46, "value":"rescue in block in ensure_subdirectories", "memsize":87, "flags":{"wb_protected":true, "old":true, "long_lived":true, "marked":true}}
{"address":"0x7fcbb1051228", "type":"DATA", "class":"0x7fcbb10c0100", "struct":"iseq", "references":["0x7fcbb10510c0", "0x7fcbb1051250", "0x7fcbb1091f58", "0x7fcbb10a91d0", "0x7fcbb10a91d0", "0x7fcbb1051408"], "memsize":1336, "flags":{"wb_protected":true, "old":true, "long_lived":true, "marked":true}}
{"address":"0x7fcbb1051250", "type":"STRING", "class":"0x7fcbb10e0ef0", "frozen":true, "fstring":true, "bytesize":30, "value":"block in ensure_subdirectories", "memsize":71, "flags":{"wb_protected":true, "old":true, "long_lived":true, "marked":true}}
{"address":"0x7fcbb10512a0", "type":"STRING", "class":"0x7fcbb10e0ef0", "frozen":true, "embedded":true, "fstring":true, "bytesize":9, "value":"fileutils", "encoding":"UTF-8", "memsize":40, "flags":{"wb_protected":true, "old":true, "long_lived":true, "marked":true}}
{"address":"0x7fcbb10512c8", "type":"ARRAY", "length":4, "references":["0x7fcbb1051340", "0x7fcbb1051228", "0x7fcbb10512a0", "0x7fcbb1051340"], "memsize":200, "flags":{"wb_protected":true, "old":true, "long_lived":true, "marked":true}}
{"address":"0x7fcbb1051340", "type":"DATA", "class":"0x7fcbb10c0100", "struct":"iseq", "references":["0x7fcbb1051368", "0x7fcbb1091f58", "0x7fcbb10a91d0", "0x7fcbb10a91d0", "0x7fcbb1051408"], "memsize":600, "flags":{"wb_protected":true, "old":true, "long_lived":true, "marked":true}}
{"address":"0x7fcbb1051368", "type":"STRING", "class":"0x7fcbb10e0ef0", "frozen":true, "fstring":true, "bytesize":31, "capacity":46, "value":"ensure in ensure_subdirectories", "memsize":87, "flags":{"wb_protected":true, "old":true, "long_lived":true, "marked":true}}
{"address":"0x7fcbb10513b8", "type":"STRING", "class":"0x7fcbb10e0ef0", "frozen":true, "embedded":true, "fstring":true, "bytesize":10, "value":"quick_emit", "encoding":"US-ASCII", "memsize":40, "flags":{"wb_protected":true, "old":true, "long_lived":true, "marked":true}}
{"address":"0x7fcbb1051408", "type":"NODE", "frozen":true, "node_type":"NODE_CREF", "references":["0x7fcbb10b0f98", "0x7fcbb1052df8"], "memsize":40, "flags":{"wb_protected":true, "old":true, "long_lived":true, "marked":true}}
{"address":"0x7fcbb1051430", "type":"DATA", "class":"0x7fcbb10c0100", "struct":"iseq", "references":["0x7fcbb10512c8", "0x7fcbb1091f58", "0x7fcbb1091f58", "0x7fcbb10a91d0", "0x7fcbb10a91d0", "0x7fcbb1051408", "0x7fcbb18322d0"], "memsize":1960, "flags":{"wb_protected":true, "old":true, "long_lived":true, "marked":true}}
{"address":"0x7fcbb10514d0", "type":"NODE", "frozen":true, "node_type":"NODE_CREF", "references":["0x7fcbb10b0f98", "0x7fcbb1052df8"], "memsize":40, "flags":{"wb_protected":true, "old":true, "long_lived":true, "marked":true}}
{"address":"0x7fcbb10514f8", "type":"DATA", "class":"0x7fcbb10c0100", "struct":"iseq", "references":["0x7fcbb1091b98", "0x7fcbb1091b98", "0x7fcbb10a91d0", "0x7fcbb10a91d0", "0x7fcbb10514d0", "0x7fcbb18322d0"], "memsize":896, "flags":{"wb_protected":true, "old":true, "long_lived":true, "marked":true}}
{"address":"0x7fcbb1051598", "type":"NODE", "frozen":true, "node_type":"NODE_CREF", "references":["0x7fcbb10b0f98", "0x7fcbb1052df8"], "memsize":40, "flags":{"wb_protected":true, "old":true, "long_lived":true, "marked":true}}
{"address":"0x7fcbb10515c0", "type":"DATA", "class":"0x7fcbb10c0100", "struct":"iseq", "references":["0x7fcbb10920e8", "0x7fcbb10920e8", "0x7fcbb10a91d0", "0x7fcbb10a91d0", "0x7fcbb1051598", "0x7fcbb18322d0"], "memsize":896, "flags":{"wb_protected":true, "old":true, "long_lived":true, "marked":true}}
{"address":"0x7fcbb1051638", "type":"NODE", "frozen":true, "node_type":"NODE_CREF", "references":["0x7fcbb10b0f98", "0x7fcbb1052df8"], "memsize":40, "flags":{"wb_protected":true, "old":true, "long_lived":true, "marked":true}}
{"address":"0x7fcbb1051660", "type":"DATA", "class":"0x7fcbb10c0100", "struct":"iseq", "references":["0x7fcbb1092430", "0x7fcbb1092430", "0x7fcbb10a91d0", "0x7fcbb10a91d0", "0x7fcbb1051638", "0x7fcbb18322d0"], "memsize":648, "flags":{"wb_protected":true, "old":true, "long_lived":true, "marked":true}}
{"address":"0x7fcbb10516d8", "type":"NODE", "frozen":true, "node_type":"NODE_CREF", "references":["0x7fcbb10b0f98", "0x7fcbb1052df8"], "memsize":40, "flags":{"wb_protected":true, "old":true, "long_lived":true, "marked":true}}
{"address":"0x7fcbb1051700", "type":"DATA", "class":"0x7fcbb10c0100", "struct":"iseq", "references":["0x7fcbb10db888", "0x7fcbb10db888", "0x7fcbb10a91d0", "0x7fcbb10a91d0", "0x7fcbb10516d8", "0x7fcbb18322d0"], "memsize":648, "flags":{"wb_protected":true, "old":true, "long_lived":true, "marked":true}}
{"address":"0x7fcbb1051778", "type":"NODE", "frozen":true, "node_type":"NODE_CREF", "references":["0x7fcbb10b0f98", "0x7fcbb1052df8"], "memsize":40, "flags":{"wb_protected":true, "old":true, "long_lived":true, "marked":true}}
{"address":"0x7fcbb10517a0", "type":"DATA", "class":"0x7fcbb10c0100", "struct":"iseq", "references":["0x7fcbb1099410", "0x7fcbb1099410", "0x7fcbb10a91d0", "0x7fcbb10a91d0", "0x7fcbb1051778", "0x7fcbb18322d0"], "memsize":648, "flags":{"wb_protected":true, "old":true, "long_lived":true, "marked":true}}
{"address":"0x7fcbb1051818", "type":"NODE", "frozen":true, "node_type":"NODE_CREF", "references":["0x7fcbb10b0f98", "0x7fcbb1052df8"], "memsize":40, "flags":{"wb_protected":true, "old":true, "long_lived":true, "marked":true}}
{"address":"0x7fcbb1051840", "type":"DATA", "class":"0x7fcbb10c0100", "struct":"iseq", "references":["0x7fcbb1092d68", "0x7fcbb1092d68", "0x7fcbb10a91d0", "0x7fcbb10a91d0", "0x7fcbb1051818", "0x7fcbb18322d0"], "memsize":1256, "flags":{"wb_protected":true, "old":true, "long_lived":true, "marked":true}}
{"address":"0x7fcbb10518b8", "type":"NODE", "frozen":true, "node_type":"NODE_CREF", "references":["0x7fcbb10b0f98", "0x7fcbb1052df8"], "memsize":40, "flags":{"wb_protected":true, "old":true, "long_lived":true, "marked":true}}
{"address":"0x7fcbb10518e0", "type":"DATA", "class":"0x7fcbb10c0100", "struct":"iseq", "references":["0x7fcbb10930b0", "0x7fcbb10930b0", "0x7fcbb10a91d0", "0x7fcbb10a91d0", "0x7fcbb10518b8", "0x7fcbb18322d0"], "memsize":784, "flags":{"wb_protected":true, "old":true, "long_lived":true, "marked":true}}
{"address":"0x7fcbb1051908", "type":"ARRAY", "length":1, "embedded":true, "references":["0x7fcbb1051930"], "memsize":40, "flags":{"wb_protected":true, "old":true, "long_lived":true, "marked":true}}
{"address":"0x7fcbb1051930", "type":"STRING", "class":"0x7fcbb10e0ef0", "frozen":true, "embedded":true, "fstring":true, "bytesize":4, "value":"zlib", "encoding":"UTF-8", "memsize":40, "flags":{"wb_protected":true, "old":true, "long_lived":true, "marked":true}}
{"address":"0x7fcbb1051980", "type":"REGEXP", "class":"0x7fcbb10d0b40", "references":["0x7fcbb1053960"], "memsize":517, "flags":{"wb_protected":true, "old":true, "long_lived":true, "marked":true}}
{"address":"0x7fcbb10519a8", "type":"NODE", "frozen":true, "node_type":"NODE_CREF", "references":["0x7fcbb10b0f98", "0x7fcbb1052df8"], "memsize":40, "flags":{"wb_protected":true, "old":true, "long_lived":true, "marked":true}}
{"address":"0x7fcbb10519d0", "type":"DATA", "class":"0x7fcbb10c0100", "struct":"iseq", "references":["0x7fcbb1051908", "0x7fcbb1093560", "0x7fcbb1093560", "0x7fcbb10a91d0", "0x7fcbb10a91d0", "0x7fcbb10519a8", "0x7fcbb18322d0"], "memsize":808, "flags":{"wb_protected":true, "old":true, "long_lived":true, "marked":true}}
{"address":"0x7fcbb10519f8", "type":"ARRAY", "length":1, "embedded":true, "references":["0x7fcbb1051a20"], "memsize":40, "flags":{"wb_protected":true, "old":true, "long_lived":true, "marked":true}}
{"address":"0x7fcbb1051a20", "type":"STRING", "class":"0x7fcbb10e0ef0", "frozen":true, "embedded":true, "fstring":true, "bytesize":4, "value":"data", "encoding":"UTF-8", "memsize":40, "flags":{"wb_protected":true, "old":true, "long_lived":true, "marked":true}}
{"address":"0x7fcbb1051a98", "type":"NODE", "frozen":true, "node_type":"NODE_CREF", "references":["0x7fcbb10b0f98", "0x7fcbb1052df8"], "memsize":40, "flags":{"wb_protected":true, "old":true, "long_lived":true, "marked":true}}
{"address":"0x7fcbb1051ac0", "type":"DATA", "class":"0x7fcbb10c0100", "struct":"iseq", "references":["0x7fcbb10519f8", "0x7fcbb1093c68", "0x7fcbb1093c68", "0x7fcbb10a91d0", "0x7fcbb10a91d0", "0x7fcbb1051a98", "0x7fcbb18322d0"], "memsize":1216, "flags":{"wb_protected":true, "old":true, "long_lived":true, "marked":true}}
{"address":"0x7fcbb1051ae8", "type":"STRING", "class":"0x7fcbb10e0ef0", "frozen":true, "embedded":true, "fstring":true, "bytesize":3, "value":"$-p", "encoding":"US-ASCII", "memsize":40, "flags":{"wb_protected":true, "old":true, "long_lived":true, "marked":true}}
{"address":"0x7fcbb1051b10", "type":"REGEXP", "class":"0x7fcbb10d0b40", "references":["0x7fcbb10521a0"], "memsize":504, "flags":{"wb_protected":true, "old":true, "long_lived":true, "marked":true}}
{"address":"0x7fcbb1051b38", "type":"NODE", "frozen":true, "node_type":"NODE_CREF", "references":["0x7fcbb10b0f98", "0x7fcbb1052df8"], "memsize":40, "flags":{"wb_protected":true, "old":true, "long_lived":true, "marked":true}}
{"address":"0x7fcbb1051b60", "type":"DATA", "class":"0x7fcbb10c0100", "struct":"iseq", "references":["0x7fcbb1093f38", "0x7fcbb1093f38", "0x7fcbb10a91d0", "0x7fcbb10a91d0", "0x7fcbb1051b38", "0x7fcbb18322d0"], "memsize":472, "flags":{"wb_protected":true, "old":true, "long_lived":true, "marked":true}}
{"address":"0x7fcbb1051bd8", "type":"NODE", "frozen":true, "node_type":"NODE_CREF", "references":["0x7fcbb10b0f98", "0x7fcbb1052df8"], "memsize":40, "flags":{"wb_protected":true, "old":true, "long_lived":true, "marked":true}}
{"address":"0x7fcbb1051c00", "type":"DATA", "class":"0x7fcbb10c0100", "struct":"iseq", "references":["0x7fcbb1098308", "0x7fcbb1098308", "0x7fcbb10a91d0", "0x7fcbb10a91d0", "0x7fcbb1051bd8", "0x7fcbb18322d0"], "memsize":800, "flags":{"wb_protected":true, "old":true, "long_lived":true, "marked":true}}
{"address":"0x7fcbb1051c28", "type":"ARRAY", "length":1, "embedded":true, "references":["0x7fcbb1051c50"], "memsize":40, "flags":{"wb_protected":true, "old":true, "long_lived":true, "marked":true}}
{"address":"0x7fcbb1051c50", "type":"STRING", "class":"0x7fcbb10e0ef0", "frozen":true, "embedded":true, "fstring":true, "bytesize":6, "value":".gemrc", "encoding":"UTF-8", "memsize":40, "flags":{"wb_protected":true, "old":true, "long_lived":true, "marked":true}}
{"address":"0x7fcbb1051cc8", "type":"NODE", "frozen":true, "node_type":"NODE_CREF", "references":["0x7fcbb10b0f98", "0x7fcbb1052df8"], "memsize":40, "flags":{"wb_protected":true, "old":true, "long_lived":true, "marked":true}}
{"address":"0x7fcbb1051cf0", "type":"DATA", "class":"0x7fcbb10c0100", "struct":"iseq", "references":["0x7fcbb1051c28", "0x7fcbb1098740", "0x7fcbb1098740", "0x7fcbb10a91d0", "0x7fcbb10a91d0", "0x7fcbb1051cc8", "0x7fcbb18322d0"], "memsize":976, "flags":{"wb_protected":true, "old":true, "long_lived":true, "marked":true}}
{"address":"0x7fcbb1051d18", "type":"STRING", "class":"0x7fcbb10e0ef0", "frozen":true, "embedded":true, "fstring":true, "bytesize":18, "value":"non_nil_attributes", "encoding":"US-ASCII", "memsize":40, "flags":{"wb_protected":true, "old":true, "long_lived":true, "marked":true}}
{"address":"0x7fcbb1051d40", "type":"ARRAY", "length":2, "embedded":true, "references":["0x7fcbb1051db8", "0x7fcbb1051db8"], "memsize":40, "flags":{"wb_protected":true, "old":true, "long_lived":true, "marked":true}}
{"address":"0x7fcbb1051db8", "type":"DATA", "class":"0x7fcbb10c0100", "struct":"iseq", "references":["0x7fcbb1051de0", "0x7fcbb1098d30", "0x7fcbb10a91d0", "0x7fcbb10a91d0", "0x7fcbb1051ea8"], "memsize":328, "flags":{"wb_protected":true, "old":true, "long_lived":true, "marked":true}}
{"address":"0x7fcbb1051de0", "type":"STRING", "class":"0x7fcbb10e0ef0", "frozen":true, "fstring":true, "bytesize":28, "capacity":46, "value":"defined guard in clear_paths", "memsize":87, "flags":{"wb_protected":true, "old":true, "long_lived":true, "marked":true}}
{"address":"0x7fcbb1051e80", "type":"STRING", "class":"0x7fcbb10e0ef0", "frozen":true, "embedded":true, "fstring":true, "bytesize":6, "value":"accept", "encoding":"US-ASCII", "memsize":40, "flags":{"wb_protected":true, "old":true, "long_lived":true, "marked":true}}
{"address":"0x7fcbb1051ea8", "type":"NODE", "frozen":true, "node_type":"NODE_CREF", "references":["0x7fcbb10b0f98", "0x7fcbb1052df8"], "memsize":40, "flags":{"wb_protected":true, "old":true, "long_lived":true, "marked":true}}
{"address":"0x7fcbb1051ed0", "type":"DATA", "class":"0x7fcbb10c0100", "struct":"iseq", "references":["0x7fcbb1051d40", "0x7fcbb1098d30", "0x7fcbb1098d30", "0x7fcbb10a91d0", "0x7fcbb10a91d0", "0x7fcbb1051ea8", "0x7fcbb18322d0"], "memsize":1256, "flags":{"wb_protected":true, "old":true, "long_lived":true, "marked":true}}
{"address":"0x7fcbb1051ef8", "type":"ARRAY", "length":1, "embedded":true, "references":["0x7fcbb1051f20"], "memsize":40, "flags":{"wb_protected":true, "old":true, "long_lived":true, "marked":true}}
{"address":"0x7fcbb1051f20", "type":"STRING", "class":"0x7fcbb10e0ef0", "frozen":true, "embedded":true, "fstring":true, "bytesize":3, "value":"bin", "encoding":"UTF-8", "memsize":40, "flags":{"wb_protected":true, "old":true, "long_lived":true, "marked":true}}
{"address":"0x7fcbb1051fc0", "type":"NODE", "frozen":true, "node_type":"NODE_CREF", "references":["0x7fcbb10b0f98", "0x7fcbb1052df8"], "memsize":40, "flags":{"wb_protected":true, "old":true, "long_lived":true, "marked":true}}
{"address":"0x7fcbb1051fe8", "type":"DATA", "class":"0x7fcbb10c0100", "struct":"iseq", "references":["0x7fcbb1051ef8", "0x7fcbb1099488", "0x7fcbb1099488", "0x7fcbb10a91d0", "0x7fcbb10a91d0", "0x7fcbb1051fc0", "0x7fcbb18322d0"], "memsize":1696, "flags":{"wb_protected":true, "old":true, "long_lived":true, "marked":true}}
{"address":"0x7fcbb1052010", "type":"ARRAY", "length":1, "embedded":true, "references":["0x7fcbb1052038"], "memsize":40, "flags":{"wb_protected":true, "old":true, "long_lived":true, "marked":true}}
{"address":"0x7fcbb1052038", "type":"STRING", "class":"0x7fcbb10e0ef0", "frozen":true, "embedded":true, "fstring":true, "bytesize":2, "value":"rb", "encoding":"UTF-8", "memsize":40, "flags":{"wb_protected":true, "old":true, "long_lived":true, "marked":true}}
{"address":"0x7fcbb1052088", "type":"STRING", "class":"0x7fcbb10e0ef0", "frozen":true, "embedded":true, "fstring":true, "bytesize":7, "value":"Emitter", "encoding":"US-ASCII", "memsize":40, "flags":{"wb_protected":true, "old":true, "long_lived":true, "marked":true}}
{"address":"0x7fcbb10520b0", "type":"NODE", "frozen":true, "node_type":"NODE_CREF", "references":["0x7fcbb10b0f98", "0x7fcbb1052df8"], "memsize":40, "flags":{"wb_protected":true, "old":true, "long_lived":true, "marked":true}}
{"address":"0x7fcbb10520d8", "type":"DATA", "class":"0x7fcbb10c0100", "struct":"iseq", "references":["0x7fcbb1052010", "0x7fcbb1099708", "0x7fcbb1099708", "0x7fcbb10a91d0", "0x7fcbb10a91d0", "0x7fcbb10520b0", "0x7fcbb18322d0"], "memsize":416, "flags":{"wb_protected":true, "old":true, "long_lived":true, "marked":true}}
{"address":"0x7fcbb1052100", "type":"STRING", "class":"0x7fcbb10e0ef0", "frozen":true, "embedded":true, "fstring":true, "bytesize":18, "value":") with executable ", "encoding":"UTF-8", "memsize":40, "flags":{"wb_protected":true, "old":true, "long_lived":true, "marked":true}}
{"address":"0x7fcbb1052150", "type":"ARRAY", "length":8, "references":["0x7fcbb1052218", "0x7fcbb1052308", "0x7fcbb10522e0", "0x7fcbb10522b8", "0x7fcbb1052290", "0x7fcbb10522e0", "0x7fcbb10522b8", "0x7fcbb1052100"], "memsize":200, "flags":{"wb_protected":true, "old":true, "long_lived":true, "marked":true}}
{"address":"0x7fcbb1052178", "type":"STRING", "class":"0x7fcbb10e0ef0", "frozen":true, "embedded":true, "fstring":true, "bytesize":8, "value":"Visitors", "encoding":"US-ASCII", "memsize":40, "flags":{"wb_protected":true, "old":true, "long_lived":true, "marked":true}}
{"address":"0x7fcbb10521a0", "type":"STRING", "class":"0x7fcbb10e0ef0", "frozen":true, "embedded":true, "fstring":true, "bytesize":6, "value":"\\A--- ", "encoding":"US-ASCII", "memsize":40, "flags":{"wb_protected":true, "old":true, "long_lived":true, "marked":true}}
{"address":"0x7fcbb1052218", "type":"DATA", "class":"0x7fcbb10c0100", "struct":"iseq", "references":["0x7fcbb1052240", "0x7fcbb109b490", "0x7fcbb10a91d0", "0x7fcbb10a91d0", "0x7fcbb10523a8"], "memsize":752, "flags":{"wb_protected":true, "old":true, "long_lived":true, "marked":true}}
{"address":"0x7fcbb1052240", "type":"STRING", "class":"0x7fcbb10e0ef0", "frozen":true, "embedded":true, "fstring":true, "bytesize":17, "value":"block in bin_path", "memsize":40, "flags":{"wb_protected":true, "old":true, "long_lived":true, "marked":true}}
{"address":"0x7fcbb1052290", "type":"STRING", "class":"0x7fcbb10e0ef0", "frozen":true, "embedded":true, "fstring":true, "bytesize":1, "value":")", "encoding":"UTF-8", "memsize":40, "flags":{"wb_protected":true, "old":true, "long_lived":true, "marked":true}}
{"address":"0x7fcbb10522b8", "type":"STRING", "class":"0x7fcbb10e0ef0", "frozen":true, "embedded":true, "fstring":true, "bytesize":2, "value":" (", "encoding":"UTF-8", "memsize":40, "flags":{"wb_protected":true, "old":true, "long_lived":true, "marked":true}}
{"address":"0x7fcbb10522e0", "type":"STRING", "class":"0x7fcbb10e0ef0", "frozen":true, "embedded":true, "fstring":true, "bytesize":15, "value":"can't find gem ", "encoding":"UTF-8", "memsize":40, "flags":{"wb_protected":true, "old":true, "long_lived":true, "marked":true}}
{"address":"0x7fcbb1052308", "type":"STRING", "class":"0x7fcbb10e0ef0", "frozen":true, "fstring":true, "bytesize":25, "value":"you must supply exec_name", "encoding":"UTF-8", "memsize":66, "flags":{"wb_protected":true, "old":true, "long_lived":true, "marked":true}}
{"address":"0x7fcbb10523a8", "type":"NODE", "frozen":true, "node_type":"NODE_CREF", "references":["0x7fcbb10b0f98", "0x7fcbb1052df8"], "memsize":40, "flags":{"wb_protected":true, "old":true, "long_lived":true, "marked":true}}
{"address":"0x7fcbb10523d0", "type":"DATA", "class":"0x7fcbb10c0100", "struct":"iseq", "references":["0x7fcbb1052150", "0x7fcbb109b490", "0x7fcbb109b490", "0x7fcbb10a91d0", "0x7fcbb10a91d0", "0x7fcbb10523a8", "0x7fcbb18322d0"], "memsize":4024, "flags":{"wb_protected":true, "old":true, "long_lived":true, "marked":true}}
{"address":"0x7fcbb1052420", "type":"ARRAY", "length":1, "embedded":true, "references":["0x7fcbb10524e8"], "memsize":40, "flags":{"wb_protected":true, "old":true, "long_lived":true, "marked":true}}
{"address":"0x7fcbb10524e8", "type":"DATA", "class":"0x7fcbb10c0100", "struct":"iseq", "references":["0x7fcbb1052510", "0x7fcbb109be18", "0x7fcbb10a91d0", "0x7fcbb10a91d0", "0x7fcbb10525d8"], "memsize":736, "flags":{"wb_protected":true, "old":true, "long_lived":true, "marked":true}}
{"address":"0x7fcbb1052510", "type":"STRING", "class":"0x7fcbb10e0ef0", "frozen":true, "embedded":true, "fstring":true, "bytesize":23, "value":"block in finish_resolve", "memsize":40, "flags":{"wb_protected":true, "old":true, "long_lived":true, "marked":true}}
{"address":"0x7fcbb10525d8", "type":"NODE", "frozen":true, "node_type":"NODE_CREF", "references":["0x7fcbb10b0f98", "0x7fcbb1052df8"], "memsize":40, "flags":{"wb_protected":true, "old":true, "long_lived":true, "marked":true}}
{"address":"0x7fcbb1052600", "type":"DATA", "class":"0x7fcbb10c0100", "struct":"iseq", "references":["0x7fcbb1052420", "0x7fcbb109be18", "0x7fcbb109be18", "0x7fcbb10a91d0", "0x7fcbb10a91d0", "0x7fcbb10525d8", "0x7fcbb18322d0"], "memsize":1432, "flags":{"wb_protected":true, "old":true, "long_lived":true, "marked":true}}
{"address":"0x7fcbb1052678", "type":"NODE", "frozen":true, "node_type":"NODE_CREF", "references":["0x7fcbb10b0f98", "0x7fcbb1052df8"], "memsize":40, "flags":{"wb_protected":true, "old":true, "long_lived":true, "marked":true}}
{"address":"0x7fcbb10526a0", "type":"DATA", "class":"0x7fcbb10c0100", "struct":"iseq", "references":["0x7fcbb10a0120", "0x7fcbb10a0120", "0x7fcbb10a91d0", "0x7fcbb10a91d0", "0x7fcbb1052678", "0x7fcbb18322d0"], "memsize":968, "flags":{"wb_protected":true, "old":true, "long_lived":true, "marked":true}}
{"address":"0x7fcbb1052740", "type":"ARRAY", "length":2, "embedded":true, "references":["0x7fcbb10527b8", "0x7fcbb10527b8"], "memsize":40, "flags":{"wb_protected":true, "old":true, "long_lived":true, "marked":true}}
{"address":"0x7fcbb10527b8", "type":"DATA", "class":"0x7fcbb10c0100", "struct":"iseq", "references":["0x7fcbb10527e0", "0x7fcbb10a0ee0", "0x7fcbb10a91d0", "0x7fcbb10a91d0", "0x7fcbb1052880"], "memsize":1008, "flags":{"wb_protected":true, "old":true, "long_lived":true, "marked":true}}
{"address":"0x7fcbb10527e0", "type":"STRING", "class":"0x7fcbb10e0ef0", "frozen":true, "embedded":true, "fstring":true, "bytesize":22, "value":"rescue in try_activate", "memsize":40, "flags":{"wb_protected":true, "old":true, "long_lived":true, "marked":true}}
{"address":"0x7fcbb1052880", "type":"NODE", "frozen":true, "node_type":"NODE_CREF", "references":["0x7fcbb10b0f98", "0x7fcbb1052df8"], "memsize":40, "flags":{"wb_protected":true, "old":true, "long_lived":true, "marked":true}}
{"address":"0x7fcbb10528a8", "type":"DATA", "class":"0x7fcbb10c0100", "struct":"iseq", "references":["0x7fcbb1052740", "0x7fcbb10a0ee0", "0x7fcbb10a0ee0", "0x7fcbb10a91d0", "0x7fcbb10a91d0", "0x7fcbb1052880", "0x7fcbb18322d0"], "memsize":1640, "flags":{"wb_protected":true, "old":true, "long_lived":true, "marked":true}}
{"address":"0x7fcbb10528f8", "type":"STRING", "class":"0x7fcbb10e0ef0", "frozen":true, "embedded":true, "fstring":true, "bytesize":14, "value":"specifications", "encoding":"UTF-8", "memsize":40, "flags":{"wb_protected":true, "old":true, "long_lived":true, "marked":true}}
{"address":"0x7fcbb1052920", "type":"STRING", "class":"0x7fcbb10e0ef0", "frozen":true, "embedded":true, "fstring":true, "bytesize":4, "value":"gems", "encoding":"UTF-8", "memsize":40, "flags":{"wb_protected":true, "old":true, "long_lived":true, "marked":true}}
{"address":"0x7fcbb1052948", "type":"STRING", "class":"0x7fcbb10e0ef0", "frozen":true, "embedded":true, "fstring":true, "bytesize":10, "value":"extensions", "encoding":"UTF-8", "memsize":40, "flags":{"wb_protected":true, "old":true, "long_lived":true, "marked":true}}
{"address":"0x7fcbb1052970", "type":"STRING", "class":"0x7fcbb10e0ef0", "frozen":true, "embedded":true, "fstring":true, "bytesize":3, "value":"doc", "encoding":"UTF-8", "memsize":40, "flags":{"wb_protected":true, "old":true, "long_lived":true, "marked":true}}
{"address":"0x7fcbb1052998", "type":"STRING", "class":"0x7fcbb10e0ef0", "frozen":true, "embedded":true, "fstring":true, "bytesize":5, "value":"cache", "encoding":"UTF-8", "memsize":40, "flags":{"wb_protected":true, "old":true, "long_lived":true, "marked":true}}
{"address":"0x7fcbb10529c0", "type":"STRING", "class":"0x7fcbb10e0ef0", "frozen":true, "embedded":true, "fstring":true, "bytesize":10, "value":"build_info", "encoding":"UTF-8", "memsize":40, "flags":{"wb_protected":true, "old":true, "long_lived":true, "marked":true}}
{"address":"0x7fcbb1052ab0", "type":"STRING", "class":"0x7fcbb10e0ef0", "frozen":true, "embedded":true, "fstring":true, "bytesize":10, "value":"StringSink", "encoding":"US-ASCII", "memsize":40, "flags":{"wb_protected":true, "old":true, "long_lived":true, "marked":true}}
{"address":"0x7fcbb1052ad8", "type":"NODE", "frozen":true, "node_type":"NODE_CREF", "references":["0x7fcbb10b0f98", "0x7fcbb1052df8"], "memsize":40, "flags":{"wb_protected":true, "old":true, "long_lived":true, "marked":true}}
{"address":"0x7fcbb1052d08", "type":"STRING", "class":"0x7fcbb10e0ef0", "frozen":true, "embedded":true, "fstring":true, "bytesize":12, "value":"<module:Gem>", "memsize":40, "flags":{"wb_protected":true, "old":true, "long_lived":true, "marked":true}}
{"address":"0x7fcbb1052d30", "type":"STRING", "class":"0x7fcbb10e0ef0", "frozen":true, "embedded":true, "fstring":true, "bytesize":2, "value":"io", "encoding":"US-ASCII", "memsize":40, "flags":{"wb_protected":true, "old":true, "long_lived":true, "marked":true}}
{"address":"0x7fcbb1052df8", "type":"NODE", "frozen":true, "node_type":"NODE_CREF", "references":["0x7fcbb10e2c78"], "memsize":40, "flags":{"wb_protected":true, "old":true, "long_lived":true, "marked":true}}
{"address":"0x7fcbb1052e70", "type":"STRING", "class":"0x7fcbb10e0ef0", "embedded":true, "bytesize":11, "value":"objspqce.rb", "encoding":"UTF-8", "memsize":40, "flags":{"wb_protected":true, "old":true, "long_lived":true, "marking":true, "marked":true}}
{"address":"0x7fcbb1052e98", "type":"STRING", "class":"0x7fcbb10e0ef0", "frozen":true, "embedded":true, "fstring":true, "bytesize":4, "value":"tree", "encoding":"US-ASCII", "memsize":40, "flags":{"wb_protected":true, "old":true, "long_lived":true, "marked":true}}
{"address":"0x7fcbb1052f38", "type":"STRING", "class":"0x7fcbb10e0ef0", "frozen":true, "embedded":true, "fstring":true, "bytesize":3, "value":"ast", "encoding":"US-ASCII", "memsize":40, "flags":{"wb_protected":true, "old":true, "long_lived":true, "marked":true}}
{"address":"0x7fcbb10532d0", "type":"REGEXP", "class":"0x7fcbb10d0b40", "references":["0x7fcbb1053960"], "memsize":517, "flags":{"wb_protected":true, "old":true, "long_lived":true, "marked":true}}
{"address":"0x7fcbb10535c8", "type":"STRING", "class":"0x7fcbb10e0ef0", "frozen":true, "embedded":true, "fstring":true, "bytesize":3, "value":"$-l", "encoding":"US-ASCII", "memsize":40, "flags":{"wb_protected":true, "old":true, "long_lived":true, "marked":true}}
{"address":"0x7fcbb1053730", "type":"STRING", "class":"0x7fcbb10e0ef0", "frozen":true, "embedded":true, "fstring":true, "bytesize":13, "value":"load_defaults", "encoding":"US-ASCII", "memsize":40, "flags":{"wb_protected":true, "old":true, "long_lived":true, "marked":true}}
{"address":"0x7fcbb10537f8", "type":"STRING", "class":"0x7fcbb10e0ef0", "frozen":true, "embedded":true, "fstring":true, "bytesize":15, "value":"NoAliasYAMLTree", "encoding":"US-ASCII", "memsize":40, "flags":{"wb_protected":true, "old":true, "long_lived":true, "marked":true}}
{"address":"0x7fcbb1053960", "type":"STRING", "class":"0x7fcbb10e0ef0", "frozen":true, "embedded":true, "fstring":true, "bytesize":10, "value":" !!null \\n", "encoding":"US-ASCII", "memsize":40, "flags":{"wb_protected":true, "old":true, "long_lived":true, "marked":true}}
{"address":"0x7fcbb1053f28", "type":"STRING", "class":"0x7fcbb10e0ef0", "frozen":true, "embedded":true, "fstring":true, "bytesize":5, "value":"Psych", "encoding":"US-ASCII", "memsize":40, "flags":{"wb_protected":true, "old":true, "long_lived":true, "marked":true}}
{"address":"0x7fcbb1058028", "type":"STRING", "class":"0x7fcbb10e0ef0", "embedded":true, "bytesize":0, "value":"", "encoding":"UTF-8", "memsize":40, "flags":{"wb_protected":true, "old":true, "long_lived":true, "marked":true}}
{"address":"0x7fcbb1058050", "type":"STRING", "class":"0x7fcbb10e0ef0", "embedded":true, "bytesize":0, "value":"", "encoding":"UTF-8", "memsize":40, "flags":{"wb_protected":true, "old":true, "long_lived":true, "marked":true}}
{"address":"0x7fcbb1058140", "type":"STRING", "class":"0x7fcbb10e0ef0", "embedded":true, "bytesize":10, "value":"pkg-config", "encoding":"UTF-8", "memsize":40, "flags":{"wb_protected":true, "old":true, "long_lived":true, "marked":true}}
{"address":"0x7fcbb1058190", "type":"STRING", "class":"0x7fcbb10e0ef0", "frozen":true, "embedded":true, "fstring":true, "bytesize":19, "value":"GEM_PRELUDE_SUCKAGE", "encoding":"US-ASCII", "memsize":40, "flags":{"wb_protected":true, "old":true, "long_lived":true, "marked":true}}
{"address":"0x7fcbb1058208", "type":"STRING", "class":"0x7fcbb10e0ef0", "frozen":true, "embedded":true, "fstring":true, "bytesize":12, "value":"gem_preluded", "encoding":"US-ASCII", "memsize":40, "flags":{"wb_protected":true, "old":true, "long_lived":true, "marked":true}}
{"address":"0x7fcbb1058230", "type":"STRING", "class":"0x7fcbb10e0ef0", "embedded":true, "bytesize":5, "value":"rm -f", "encoding":"UTF-8", "memsize":40, "flags":{"wb_protected":true, "old":true, "long_lived":true, "marked":true}}
{"address":"0x7fcbb1058258", "type":"STRING", "class":"0x7fcbb10e0ef0", "embedded":true, "bytesize":2, "value":"cp", "encoding":"UTF-8", "memsize":40, "flags":{"wb_protected":true, "old":true, "long_lived":true, "marked":true}}
{"address":"0x7fcbb10582d0", "type":"STRING", "class":"0x7fcbb10e0ef0", "embedded":true, "bytesize":5, "value":"rmdir", "encoding":"UTF-8", "memsize":40, "flags":{"wb_protected":true, "old":true, "long_lived":true, "marked":true}}
{"address":"0x7fcbb1058320", "type":"STRING", "class":"0x7fcbb10e0ef0", "embedded":true, "bytesize":8, "value":"rmdir -p", "encoding":"UTF-8", "memsize":40, "flags":{"wb_protected":true, "old":true, "long_lived":true, "marked":true}}
{"address":"0x7fcbb1058370", "type":"STRING", "class":"0x7fcbb10e0ef0", "embedded":true, "bytesize":0, "value":"", "encoding":"UTF-8", "memsize":40, "flags":{"wb_protected":true, "old":true, "long_lived":true, "marked":true}}
{"address":"0x7fcbb1058398", "type":"STRING", "class":"0x7fcbb10e0ef0", "embedded":true, "bytesize":6, "value":"rm -fr", "encoding":"UTF-8", "memsize":40, "flags":{"wb_protected":true, "old":true, "long_lived":true, "marked":true}}
{"address":"0x7fcbb10583e8", "type":"STRING", "class":"0x7fcbb10e0ef0", "embedded":true, "bytesize":5, "value":"cd -P", "encoding":"UTF-8", "memsize":40, "flags":{"wb_protected":true, "old":true, "long_lived":true, "marked":true}}
{"address":"0x7fcbb10584b0", "type":"STRING", "class":"0x7fcbb10e0ef0", "embedded":true, "bytesize":7, "value":"-Werror", "encoding":"UTF-8", "memsize":40, "flags":{"wb_protected":true, "old":true, "long_lived":true, "marked":true}}
{"address":"0x7fcbb1058500", "type":"STRING", "class":"0x7fcbb10e0ef0", "shared":true, "encoding":"UTF-8", "references":["0x7fcbb10393d0"], "memsize":40, "flags":{"wb_protected":true, "old":true, "long_lived":true, "marked":true}}
{"address":"0x7fcbb1058550", "type":"STRING", "class":"0x7fcbb10e0ef0", "embedded":true, "bytesize":6, "value":"dtrace", "encoding":"UTF-8", "memsize":40, "flags":{"wb_protected":true, "old":true, "long_lived":true, "marked":true}}
{"address":"0x7fcbb1058578", "type":"STRING", "class":"0x7fcbb10e0ef0", "embedded":true, "bytesize":8, "value":"codesign", "encoding":"UTF-8", "memsize":40, "flags":{"wb_protected":true, "old":true, "long_lived":true, "marked":true}}
{"address":"0x7fcbb10585f0", "type":"STRING", "class":"0x7fcbb10e0ef0", "embedded":true, "bytesize":0, "value":"", "encoding":"UTF-8", "memsize":40, "flags":{"wb_protected":true, "old":true, "long_lived":true, "marked":true}}
{"address":"0x7fcbb1058640", "type":"STRING", "class":"0x7fcbb10e0ef0", "shared":true, "encoding":"UTF-8", "references":["0x7fcbb1039010"], "memsize":40, "flags":{"wb_protected":true, "old":true, "long_lived":true, "marked":true}}
{"address":"0x7fcbb1058668", "type":"STRING", "class":"0x7fcbb10e0ef0", "embedded":true, "bytesize":8, "value":"mkdir -p", "encoding":"UTF-8", "memsize":40, "flags":{"wb_protected":true, "old":true, "long_lived":true, "marked":true}}
{"address":"0x7fcbb1058758", "type":"STRING", "class":"0x7fcbb10e0ef0", "embedded":true, "bytesize":0, "value":"", "encoding":"UTF-8", "memsize":40, "flags":{"wb_protected":true, "old":true, "long_lived":true, "marked":true}}
{"address":"0x7fcbb10587a8", "type":"STRING", "class":"0x7fcbb10e0ef0", "embedded":true, "bytesize":0, "value":"", "encoding":"UTF-8", "memsize":40, "flags":{"wb_protected":true, "old":true, "long_lived":true, "marked":true}}
{"address":"0x7fcbb10587d0", "type":"STRING", "class":"0x7fcbb10e0ef0", "embedded":true, "bytesize":8, "value":"mkdir -p", "encoding":"UTF-8", "memsize":40, "flags":{"wb_protected":true, "old":true, "long_lived":true, "marked":true}}
{"address":"0x7fcbb10588c0", "type":"STRING", "class":"0x7fcbb10e0ef0", "embedded":true, "bytesize":11, "value":"-fno-common", "encoding":"UTF-8", "memsize":40, "flags":{"wb_protected":true, "old":true, "long_lived":true, "marked":true}}
{"address":"0x7fcbb1058910", "type":"STRING", "class":"0x7fcbb10e0ef0", "embedded":true, "bytesize":22, "value":"$(CC) -dynamic -bundle", "encoding":"UTF-8", "memsize":40, "flags":{"wb_protected":true, "old":true, "long_lived":true, "marked":true}}
{"address":"0x7fcbb1058938", "type":"STRING", "class":"0x7fcbb10e0ef0", "embedded":true, "bytesize":17, "value":"$(INSTALL) -m 644", "encoding":"UTF-8", "memsize":40, "flags":{"wb_protected":true, "old":true, "long_lived":true, "marked":true}}
{"address":"0x7fcbb1058a28", "type":"STRING", "class":"0x7fcbb10e0ef0", "embedded":true, "bytesize":23, "value":"$(CXX) -dynamic -bundle", "encoding":"UTF-8", "memsize":40, "flags":{"wb_protected":true, "old":true, "long_lived":true, "marked":true}}
{"address":"0x7fcbb1058a78", "type":"STRING", "class":"0x7fcbb10e0ef0", "embedded":true, "bytesize":6, "value":"bundle", "encoding":"UTF-8", "memsize":40, "flags":{"wb_protected":true, "old":true, "long_lived":true, "marked":true}}
{"address":"0x7fcbb1058aa0", "type":"STRING", "class":"0x7fcbb10e0ef0", "embedded":true, "bytesize":10, "value":"$(INSTALL)", "encoding":"UTF-8", "memsize":40, "flags":{"wb_protected":true, "old":true, "long_lived":true, "marked":true}}
{"address":"0x7fcbb1058b90", "type":"STRING", "class":"0x7fcbb10e0ef0", "embedded":true, "bytesize":0, "value":"", "encoding":"UTF-8", "memsize":40, "flags":{"wb_protected":true, "old":true, "long_lived":true, "marked":true}}
{"address":"0x7fcbb1058be0", "type":"STRING", "class":"0x7fcbb10e0ef0", "embedded":true, "bytesize":1, "value":"a", "encoding":"UTF-8", "memsize":40, "flags":{"wb_protected":true, "old":true, "long_lived":true, "marked":true}}
{"address":"0x7fcbb1058c08", "type":"STRING", "class":"0x7fcbb10e0ef0", "embedded":true, "bytesize":10, "value":"$(INSTALL)", "encoding":"UTF-8", "memsize":40, "flags":{"wb_protected":true, "old":true, "long_lived":true, "marked":true}}
{"address":"0x7fcbb1058c80", "type":"STRING", "class":"0x7fcbb10e0ef0", "frozen":true, "embedded":true, "fstring":true, "bytesize":6, "value":"Source", "encoding":"US-ASCII", "memsize":40, "flags":{"wb_protected":true, "old":true, "long_lived":true, "marked":true}}
{"address":"0x7fcbb1058d20", "type":"STRING", "class":"0x7fcbb10e0ef0", "embedded":true, "bytesize":1, "value":"S", "encoding":"UTF-8", "memsize":40, "flags":{"wb_protected":true, "old":true, "long_lived":true, "marked":true}}
{"address":"0x7fcbb1058d70", "type":"STRING", "class":"0x7fcbb10e0ef0", "embedded":true, "bytesize":12, "value":"\n$(POSTLINK)", "encoding":"UTF-8", "memsize":40, "flags":{"wb_protected":true, "old":true, "long_lived":true, "marked":true}}
{"address":"0x7fcbb1058d98", "type":"STRING", "class":"0x7fcbb10e0ef0", "embedded":true, "bytesize":0, "value":"", "encoding":"UTF-8", "memsize":40, "flags":{"wb_protected":true, "old":true, "long_lived":true, "marked":true}}
{"address":"0x7fcbb1058e10", "type":"STRING", "class":"0x7fcbb10e0ef0", "frozen":true, "embedded":true, "fstring":true, "bytesize":8, "value":"Resolver", "encoding":"US-ASCII", "memsize":40, "flags":{"wb_protected":true, "old":true, "long_lived":true, "marked":true}}
{"address":"0x7fcbb1058eb0", "type":"STRING", "class":"0x7fcbb10e0ef0", "embedded":true, "bytesize":5, "value":" -L%s", "encoding":"UTF-8", "memsize":40, "flags":{"wb_protected":true, "old":true, "long_lived":true, "marked":true}}
{"address":"0x7fcbb1058f00", "type":"STRING", "class":"0x7fcbb10e0ef0", "embedded":true, "bytesize":0, "value":"", "encoding":"UTF-8", "memsize":40, "flags":{"wb_protected":true, "old":true, "long_lived":true, "marked":true}}
{"address":"0x7fcbb1058f28", "type":"STRING", "class":"0x7fcbb10e0ef0", "embedded":true, "bytesize":5, "value":"ln -s", "encoding":"UTF-8", "memsize":40, "flags":{"wb_protected":true, "old":true, "long_lived":true, "marked":true}}
{"address":"0x7fcbb1059018", "type":"STRING", "class":"0x7fcbb10e0ef0", "embedded":true, "bytesize":17, "value":"DYLD_LIBRARY_PATH", "encoding":"UTF-8", "memsize":40, "flags":{"wb_protected":true, "old":true, "long_lived":true, "marked":true}}
{"address":"0x7fcbb1059068", "type":"STRING", "class":"0x7fcbb10e0ef0", "embedded":true, "bytesize":0, "value":"", "encoding":"UTF-8", "memsize":40, "flags":{"wb_protected":true, "old":true, "long_lived":true, "marked":true}}
{"address":"0x7fcbb1059090", "type":"STRING", "class":"0x7fcbb10e0ef0", "embedded":true, "bytesize":2, "value":"nm", "encoding":"UTF-8", "memsize":40, "flags":{"wb_protected":true, "old":true, "long_lived":true, "marked":true}}
{"address":"0x7fcbb1059180", "type":"STRING", "class":"0x7fcbb10e0ef0", "embedded":true, "bytesize":11, "value":"strip -A -n", "encoding":"UTF-8", "memsize":40, "flags":{"wb_protected":true, "old":true, "long_lived":true, "marked":true}}
{"address":"0x7fcbb10591d0", "type":"STRING", "class":"0x7fcbb10e0ef0", "embedded":true, "bytesize":0, "value":"", "encoding":"UTF-8", "memsize":40, "flags":{"wb_protected":true, "old":true, "long_lived":true, "marked":true}}
{"address":"0x7fcbb10591f8", "type":"STRING", "class":"0x7fcbb10e0ef0", "embedded":true, "bytesize":0, "value":"", "encoding":"UTF-8", "memsize":40, "flags":{"wb_protected":true, "old":true, "long_lived":true, "marked":true}}
{"address":"0x7fcbb10592e8", "type":"STRING", "class":"0x7fcbb10e0ef0", "embedded":true, "bytesize":0, "value":"", "encoding":"UTF-8", "memsize":40, "flags":{"wb_protected":true, "old":true, "long_lived":true, "marked":true}}
{"address":"0x7fcbb1059338", "type":"STRING", "class":"0x7fcbb10e0ef0", "embedded":true, "bytesize":5, "value":"Setup", "encoding":"UTF-8", "memsize":40, "flags":{"wb_protected":true, "old":true, "long_lived":true, "marked":true}}
{"address":"0x7fcbb1059360", "type":"STRING", "class":"0x7fcbb10e0ef0", "embedded":true, "bytesize":0, "value":"", "encoding":"UTF-8", "memsize":40, "flags":{"wb_protected":true, "old":true, "long_lived":true, "marked":true}}
{"address":"0x7fcbb1059450", "type":"STRING", "class":"0x7fcbb10e0ef0", "shared":true, "encoding":"UTF-8", "references":["0x7fcbb1039718"], "memsize":40, "flags":{"wb_protected":true, "old":true, "long_lived":true, "marked":true}}
{"address":"0x7fcbb10594a0", "type":"STRING", "class":"0x7fcbb10e0ef0", "embedded":true, "bytesize":3, "value":"yes", "encoding":"UTF-8", "memsize":40, "flags":{"wb_protected":true, "old":true, "long_lived":true, "marked":true}}
{"address":"0x7fcbb10594c8", "type":"STRING", "class":"0x7fcbb10e0ef0", "embedded":true, "bytesize":1, "value":":", "encoding":"UTF-8", "memsize":40, "flags":{"wb_protected":true, "old":true, "long_lived":true, "marked":true}}
{"address":"0x7fcbb1059540", "type":"STRING", "class":"0x7fcbb10e0ef0", "frozen":true, "embedded":true, "fstring":true, "bytesize":9, "value":"Installer", "encoding":"US-ASCII", "memsize":40, "flags":{"wb_protected":true, "old":true, "long_lived":true, "marked":true}}
{"address":"0x7fcbb10595e0", "type":"STRING", "class":"0x7fcbb10e0ef0", "embedded":true, "bytesize":2, "value":"no", "encoding":"UTF-8", "memsize":40, "flags":{"wb_protected":true, "old":true, "long_lived":true, "marked":true}}
{"address":"0x7fcbb1059630", "type":"STRING", "class":"0x7fcbb10e0ef0", "embedded":true, "bytesize":11, "value":"$(MINIRUBY)", "encoding":"UTF-8", "memsize":40, "flags":{"wb_protected":true, "old":true, "long_lived":true, "marked":true}}
{"address":"0x7fcbb1059658", "type":"STRING", "class":"0x7fcbb10e0ef0", "embedded":true, "bytesize":0, "value":"", "encoding":"UTF-8", "memsize":40, "flags":{"wb_protected":true, "old":true, "long_lived":true, "marked":true}}
{"address":"0x7fcbb10596d0", "type":"STRING", "class":"0x7fcbb10e0ef0", "frozen":true, "embedded":true, "fstring":true, "bytesize":18, "value":"DependencyResolver", "encoding":"US-ASCII", "memsize":40, "flags":{"wb_protected":true, "old":true, "long_lived":true, "marked":true}}
{"address":"0x7fcbb1059770", "type":"STRING", "class":"0x7fcbb10e0ef0", "embedded":true, "bytesize":17, "value":"miniruby$(EXEEXT)", "encoding":"UTF-8", "memsize":40, "flags":{"wb_protected":true, "old":true, "long_lived":true, "marked":true}}
{"address":"0x7fcbb10597c0", "type":"STRING", "class":"0x7fcbb10e0ef0", "shared":true, "encoding":"UTF-8", "references":["0x7fcbb103a618"], "memsize":40, "flags":{"wb_protected":true, "old":true, "long_lived":true, "marked":true}}
{"address":"0x7fcbb10597e8", "type":"STRING", "class":"0x7fcbb10e0ef0", "embedded":true, "bytesize":0, "value":"", "encoding":"UTF-8", "memsize":40, "flags":{"wb_protected":true, "old":true, "long_lived":true, "marked":true}}
{"address":"0x7fcbb1059860", "type":"STRING", "class":"0x7fcbb10e0ef0", "frozen":true, "embedded":true, "fstring":true, "bytesize":14, "value":"DependencyList", "encoding":"US-ASCII", "memsize":40, "flags":{"wb_protected":true, "old":true, "long_lived":true, "marked":true}}
{"address":"0x7fcbb1059900", "type":"STRING", "class":"0x7fcbb10e0ef0", "embedded":true, "bytesize":4, "value":".ext", "encoding":"UTF-8", "memsize":40, "flags":{"wb_protected":true, "old":true, "long_lived":true, "marked":true}}
{"address":"0x7fcbb1059950", "type":"STRING", "class":"0x7fcbb10e0ef0", "embedded":true, "bytesize":2, "value":"no", "encoding":"UTF-8", "memsize":40, "flags":{"wb_protected":true, "old":true, "long_lived":true, "marked":true}}
{"address":"0x7fcbb1059978", "type":"STRING", "class":"0x7fcbb10e0ef0", "embedded":true, "bytesize":2, "value":"as", "encoding":"UTF-8", "memsize":40, "flags":{"wb_protected":true, "old":true, "long_lived":true, "marked":true}}
{"address":"0x7fcbb1059a68", "type":"STRING", "class":"0x7fcbb10e0ef0", "embedded":true, "bytesize":0, "value":"", "encoding":"UTF-8", "memsize":40, "flags":{"wb_protected":true, "old":true, "long_lived":true, "marked":true}}
{"address":"0x7fcbb1059ab8", "type":"STRING", "class":"0x7fcbb10e0ef0", "embedded":true, "bytesize":0, "value":"", "encoding":"UTF-8", "memsize":40, "flags":{"wb_protected":true, "old":true, "long_lived":true, "marked":true}}
{"address":"0x7fcbb1059ae0", "type":"STRING", "class":"0x7fcbb10e0ef0", "embedded":true, "bytesize":2, "value":"ar", "encoding":"UTF-8", "memsize":40, "flags":{"wb_protected":true, "old":true, "long_lived":true, "marked":true}}
{"address":"0x7fcbb1059b80", "type":"STRING", "class":"0x7fcbb10e0ef0", "embedded":true, "bytesize":1, "value":"d", "encoding":"UTF-8", "memsize":40, "flags":{"wb_protected":true, "old":true, "long_lived":true, "marked":true}}
{"address":"0x7fcbb1059bd0", "type":"STRING", "class":"0x7fcbb10e0ef0", "embedded":true, "bytesize":0, "value":"", "encoding":"UTF-8", "memsize":40, "flags":{"wb_protected":true, "old":true, "long_lived":true, "marked":true}}
{"address":"0x7fcbb1059c48", "type":"STRING", "class":"0x7fcbb10e0ef0", "embedded":true, "bytesize":0, "value":"", "encoding":"UTF-8", "memsize":40, "flags":{"wb_protected":true, "old":true, "long_lived":true, "marked":true}}
{"address":"0x7fcbb1059d38", "type":"STRING", "class":"0x7fcbb10e0ef0", "embedded":true, "bytesize":5, "value":"nodoc", "encoding":"UTF-8", "memsize":40, "flags":{"wb_protected":true, "old":true, "long_lived":true, "marked":true}}
{"address":"0x7fcbb1059d60", "type":"STRING", "class":"0x7fcbb10e0ef0", "embedded":true, "bytesize":6, "value":"ranlib", "encoding":"UTF-8", "memsize":40, "flags":{"wb_protected":true, "old":true, "long_lived":true, "marked":true}}
{"address":"0x7fcbb1059db0", "type":"STRING", "class":"0x7fcbb10e0ef0", "frozen":true, "embedded":true, "fstring":true, "bytesize":16, "value":"MARSHAL_SPEC_DIR", "encoding":"US-ASCII", "memsize":40, "flags":{"wb_protected":true, "old":true, "long_lived":true, "marked":true}}
{"address":"0x7fcbb1059dd8", "type":"STRING", "class":"0x7fcbb10e0ef0", "embedded":true, "bytesize":5, "value":"nodoc", "encoding":"UTF-8", "memsize":40, "flags":{"wb_protected":true, "old":true, "long_lived":true, "marked":true}}
{"address":"0x7fcbb1059e00", "type":"STRING", "class":"0x7fcbb10e0ef0", "embedded":true, "bytesize":5, "value":"nodoc", "encoding":"UTF-8", "memsize":40, "flags":{"wb_protected":true, "old":true, "long_lived":true, "marked":true}}
{"address":"0x7fcbb1059e28", "type":"STRING", "class":"0x7fcbb10e0ef0", "embedded":true, "bytesize":5, "value":"dln.o", "encoding":"UTF-8", "memsize":40, "flags":{"wb_protected":true, "old":true, "long_lived":true, "marked":true}}
{"address":"0x7fcbb1059e50", "type":"STRING", "class":"0x7fcbb10e0ef0", "embedded":true, "bytesize":1, "value":":", "encoding":"UTF-8", "memsize":40, "flags":{"wb_protected":true, "old":true, "long_lived":true, "marked":true}}
{"address":"0x7fcbb1059ea0", "type":"STRING", "class":"0x7fcbb10e0ef0", "embedded":true, "bytesize":0, "value":"", "encoding":"UTF-8", "memsize":40, "flags":{"wb_protected":true, "old":true, "long_lived":true, "marked":true}}
{"address":"0x7fcbb1059f68", "type":"STRING", "class":"0x7fcbb10e0ef0", "shared":true, "encoding":"UTF-8", "references":["0x7fcbb10481c8"], "memsize":40, "flags":{"wb_protected":true, "old":true, "long_lived":true, "marked":true}}
{"address":"0x7fcbb1059fb8", "type":"STRING", "class":"0x7fcbb10e0ef0", "frozen":true, "embedded":true, "fstring":true, "bytesize":19, "value":"pre_uninstall_hooks", "encoding":"US-ASCII", "memsize":40, "flags":{"wb_protected":true, "old":true, "long_lived":true, "marked":true}}
{"address":"0x7fcbb105a008", "type":"STRING", "class":"0x7fcbb10e0ef0", "shared":true, "encoding":"UTF-8", "references":["0x7fcbb10481c8"], "memsize":40, "flags":{"wb_protected":true, "old":true, "long_lived":true, "marked":true}}
{"address":"0x7fcbb105a030", "type":"STRING", "class":"0x7fcbb10e0ef0", "embedded":true, "bytesize":18, "value":"-O3 -fno-fast-math", "encoding":"UTF-8", "memsize":40, "flags":{"wb_protected":true, "old":true, "long_lived":true, "marked":true}}
{"address":"0x7fcbb105a058", "type":"STRING", "class":"0x7fcbb10e0ef0", "embedded":true, "bytesize":6, "value":"-ggdb3", "encoding":"UTF-8", "memsize":40, "flags":{"wb_protected":true, "old":true, "long_lived":true, "marked":true}}
{"address":"0x7fcbb105a080", "type":"STRING", "class":"0x7fcbb10e0ef0", "shared":true, "encoding":"UTF-8", "references":["0x7fcbb1048308"], "memsize":40, "flags":{"wb_protected":true, "old":true, "long_lived":true, "marked":true}}
{"address":"0x7fcbb105a0a8", "type":"STRING", "class":"0x7fcbb10e0ef0", "embedded":true, "bytesize":0, "value":"", "encoding":"UTF-8", "memsize":40, "flags":{"wb_protected":true, "old":true, "long_lived":true, "marked":true}}
{"address":"0x7fcbb105a120", "type":"STRING", "class":"0x7fcbb10e0ef0", "embedded":true, "bytesize":0, "value":"", "encoding":"UTF-8", "memsize":40, "flags":{"wb_protected":true, "old":true, "long_lived":true, "marked":true}}
{"address":"0x7fcbb105a170", "type":"STRING", "class":"0x7fcbb10e0ef0", "frozen":true, "embedded":true, "fstring":true, "bytesize":15, "value":"pre_reset_hooks", "encoding":"US-ASCII", "memsize":40, "flags":{"wb_protected":true, "old":true, "long_lived":true, "marked":true}}
{"address":"0x7fcbb105a1c0", "type":"STRING", "class":"0x7fcbb10e0ef0", "embedded":true, "bytesize":0, "value":"", "encoding":"UTF-8", "memsize":40, "flags":{"wb_protected":true, "old":true, "long_lived":true, "marked":true}}
{"address":"0x7fcbb105a1e8", "type":"STRING", "class":"0x7fcbb10e0ef0", "embedded":true, "bytesize":0, "value":"", "encoding":"UTF-8", "memsize":40, "flags":{"wb_protected":true, "old":true, "long_lived":true, "marked":true}}
{"address":"0x7fcbb105a210", "type":"STRING", "class":"0x7fcbb10e0ef0", "embedded":true, "bytesize":0, "value":"", "encoding":"UTF-8", "memsize":40, "flags":{"wb_protected":true, "old":true, "long_lived":true, "marked":true}}
{"address":"0x7fcbb105a238", "type":"STRING", "class":"0x7fcbb10e0ef0", "shared":true, "encoding":"UTF-8", "references":["0x7fcbb10484c0"], "memsize":40, "flags":{"wb_protected":true, "old":true, "long_lived":true, "marked":true}}
{"address":"0x7fcbb105a2b0", "type":"STRING", "class":"0x7fcbb10e0ef0", "shared":true, "encoding":"UTF-8", "references":["0x7fcbb1048560"], "memsize":40, "flags":{"wb_protected":true, "old":true, "long_lived":true, "marked":true}}
{"address":"0x7fcbb105a300", "type":"STRING", "class":"0x7fcbb10e0ef0", "frozen":true, "embedded":true, "fstring":true, "bytesize":17, "value":"pre_install_hooks", "encoding":"US-ASCII", "memsize":40, "flags":{"wb_protected":true, "old":true, "long_lived":true, "marked":true}}
{"address":"0x7fcbb105a350", "type":"STRING", "class":"0x7fcbb10e0ef0", "shared":true, "encoding":"UTF-8", "references":["0x7fcbb1048628"], "memsize":40, "flags":{"wb_protected":true, "old":true, "long_lived":true, "marked":true}}
{"address":"0x7fcbb105a378", "type":"STRING", "class":"0x7fcbb10e0ef0", "embedded":true, "bytesize":13, "value":"$(LIBRUBY_SO)", "encoding":"UTF-8", "memsize":40, "flags":{"wb_protected":true, "old":true, "long_lived":true, "marked":true}}
{"address":"0x7fcbb105a3a0", "type":"STRING", "class":"0x7fcbb10e0ef0", "embedded":true, "bytesize":20, "value":"$(LIBRUBYARG_SHARED)", "encoding":"UTF-8", "memsize":40, "flags":{"wb_protected":true, "old":true, "long_lived":true, "marked":true}}
{"address":"0x7fcbb105a3c8", "type":"STRING", "class":"0x7fcbb10e0ef0", "shared":true, "encoding":"UTF-8", "references":["0x7fcbb1048790"], "memsize":40, "flags":{"wb_protected":true, "old":true, "long_lived":true, "marked":true}}
{"address":"0x7fcbb105a440", "type":"STRING", "class":"0x7fcbb10e0ef0", "embedded":true, "bytesize":17, "value":"-l$(RUBY_SO_NAME)", "encoding":"UTF-8", "memsize":40, "flags":{"wb_protected":true, "old":true, "long_lived":true, "marked":true}}
{"address":"0x7fcbb105a490", "type":"STRING", "class":"0x7fcbb10e0ef0", "frozen":true, "embedded":true, "fstring":true, "bytesize":20, "value":"post_uninstall_hooks", "encoding":"US-ASCII", "memsize":40, "flags":{"wb_protected":true, "old":true, "long_lived":true, "marked":true}}
{"address":"0x7fcbb105a4e0", "type":"STRING", "class":"0x7fcbb10e0ef0", "embedded":true, "bytesize":7, "value":"$(LIBS)", "encoding":"UTF-8", "memsize":40, "flags":{"wb_protected":true, "old":true, "long_lived":true, "marked":true}}
{"address":"0x7fcbb105a508", "type":"STRING", "class":"0x7fcbb10e0ef0", "embedded":true, "bytesize":0, "value":"", "encoding":"UTF-8", "memsize":40, "flags":{"wb_protected":true, "old":true, "long_lived":true, "marked":true}}
{"address":"0x7fcbb105a530", "type":"STRING", "class":"0x7fcbb10e0ef0", "embedded":true, "bytesize":3, "value":"yes", "encoding":"UTF-8", "memsize":40, "flags":{"wb_protected":true, "old":true, "long_lived":true, "marked":true}}
{"address":"0x7fcbb105a558", "type":"STRING", "class":"0x7fcbb10e0ef0", "embedded":true, "bytesize":0, "value":"", "encoding":"UTF-8", "memsize":40, "flags":{"wb_protected":true, "old":true, "long_lived":true, "marked":true}}
{"address":"0x7fcbb105a580", "type":"STRING", "class":"0x7fcbb10e0ef0", "embedded":true, "bytesize":0, "value":"", "encoding":"UTF-8", "memsize":40, "flags":{"wb_protected":true, "old":true, "long_lived":true, "marked":true}}
{"address":"0x7fcbb105a5f8", "type":"STRING", "class":"0x7fcbb10e0ef0", "embedded":true, "bytesize":0, "value":"", "encoding":"UTF-8", "memsize":40, "flags":{"wb_protected":true, "old":true, "long_lived":true, "marked":true}}
{"address":"0x7fcbb105a648", "type":"STRING", "class":"0x7fcbb10e0ef0", "frozen":true, "embedded":true, "fstring":true, "bytesize":16, "value":"post_reset_hooks", "encoding":"US-ASCII", "memsize":40, "flags":{"wb_protected":true, "old":true, "long_lived":true, "marked":true}}
{"address":"0x7fcbb105a698", "type":"STRING", "class":"0x7fcbb10e0ef0", "embedded":true, "bytesize":0, "value":"", "encoding":"UTF-8", "memsize":40, "flags":{"wb_protected":true, "old":true, "long_lived":true, "marked":true}}
{"address":"0x7fcbb105a6c0", "type":"STRING", "class":"0x7fcbb10e0ef0", "embedded":true, "bytesize":0, "value":"", "encoding":"UTF-8", "memsize":40, "flags":{"wb_protected":true, "old":true, "long_lived":true, "marked":true}}
{"address":"0x7fcbb105a6e8", "type":"STRING", "class":"0x7fcbb10e0ef0", "embedded":true, "bytesize":1, "value":"_", "encoding":"UTF-8", "memsize":40, "flags":{"wb_protected":true, "old":true, "long_lived":true, "marked":true}}
{"address":"0x7fcbb105a710", "type":"STRING", "class":"0x7fcbb10e0ef0", "embedded":true, "bytesize":7, "value":"pthread", "encoding":"UTF-8", "memsize":40, "flags":{"wb_protected":true, "old":true, "long_lived":true, "marked":true}}
{"address":"0x7fcbb105a788", "type":"STRING", "class":"0x7fcbb10e0ef0", "embedded":true, "bytesize":0, "value":"", "encoding":"UTF-8", "memsize":40, "flags":{"wb_protected":true, "old":true, "long_lived":true, "marked":true}}
{"address":"0x7fcbb105a7d8", "type":"STRING", "class":"0x7fcbb10e0ef0", "frozen":true, "embedded":true, "fstring":true, "bytesize":21, "value":"done_installing_hooks", "encoding":"US-ASCII", "memsize":40, "flags":{"wb_protected":true, "old":true, "long_lived":true, "marked":true}}
{"address":"0x7fcbb105a828", "type":"STRING", "class":"0x7fcbb10e0ef0", "embedded":true, "bytesize":20, "value":"Makefile GNUmakefile", "encoding":"UTF-8", "memsize":40, "flags":{"wb_protected":true, "old":true, "long_lived":true, "marked":true}}
{"address":"0x7fcbb105a850", "type":"STRING", "class":"0x7fcbb10e0ef0", "shared":true, "encoding":"UTF-8", "references":["0x7fcbb1048ce0"], "memsize":40, "flags":{"wb_protected":true, "old":true, "long_lived":true, "marked":true}}
{"address":"0x7fcbb105a878", "type":"STRING", "class":"0x7fcbb10e0ef0", "shared":true, "encoding":"UTF-8", "references":["0x7fcbb1048d30"], "memsize":40, "flags":{"wb_protected":true, "old":true, "long_lived":true, "marked":true}}
{"address":"0x7fcbb105a8a0", "type":"STRING", "class":"0x7fcbb10e0ef0", "shared":true, "encoding":"UTF-8", "references":["0x7fcbb1048df8"], "memsize":40, "flags":{"wb_protected":true, "old":true, "long_lived":true, "marked":true}}
{"address":"0x7fcbb105a8c8", "type":"STRING", "class":"0x7fcbb10e0ef0", "embedded":true, "bytesize":2, "value":"ri", "encoding":"UTF-8", "memsize":40, "flags":{"wb_protected":true, "old":true, "long_lived":true, "marked":true}}
{"address":"0x7fcbb105a940", "type":"STRING", "class":"0x7fcbb10e0ef0", "embedded":true, "bytesize":12, "value":"3\t/* full */", "encoding":"UTF-8", "memsize":40, "flags":{"wb_protected":true, "old":true, "long_lived":true, "marked":true}}
{"address":"0x7fcbb105a990", "type":"STRING", "class":"0x7fcbb10e0ef0", "frozen":true, "embedded":true, "fstring":true, "bytesize":18, "value":"post_install_hooks", "encoding":"US-ASCII", "memsize":40, "flags":{"wb_protected":true, "old":true, "long_lived":true, "marked":true}}
{"address":"0x7fcbb105a9e0", "type":"STRING", "class":"0x7fcbb10e0ef0", "embedded":true, "bytesize":0, "value":"", "encoding":"UTF-8", "memsize":40, "flags":{"wb_protected":true, "old":true, "long_lived":true, "marked":true}}
{"address":"0x7fcbb105aa08", "type":"STRING", "class":"0x7fcbb10e0ef0", "shared":true, "encoding":"UTF-8", "references":["0x7fcbb104a540"], "memsize":40, "flags":{"wb_protected":true, "old":true, "long_lived":true, "marked":true}}
{"address":"0x7fcbb105aa30", "type":"STRING", "class":"0x7fcbb10e0ef0", "embedded":true, "bytesize":6, "value":"libdir", "encoding":"UTF-8", "memsize":40, "flags":{"wb_protected":true, "old":true, "long_lived":true, "marked":true}}
{"address":"0x7fcbb105aa58", "type":"STRING", "class":"0x7fcbb10e0ef0", "embedded":true, "bytesize":17, "value":"$(libdir)/$(arch)", "encoding":"UTF-8", "memsize":40, "flags":{"wb_protected":true, "old":true, "long_lived":true, "marked":true}}
{"address":"0x7fcbb105aa80", "type":"STRING", "class":"0x7fcbb10e0ef0", "embedded":true, "bytesize":21, "value":"$(libdir)/$(sitearch)", "encoding":"UTF-8", "memsize":40, "flags":{"wb_protected":true, "old":true, "long_lived":true, "marked":true}}
{"address":"0x7fcbb105aaf8", "type":"STRING", "class":"0x7fcbb10e0ef0", "embedded":true, "bytesize":21, "value":"$(includedir)/$(arch)", "encoding":"UTF-8", "memsize":40, "flags":{"wb_protected":true, "old":true, "long_lived":true, "marked":true}}
{"address":"0x7fcbb105ab48", "type":"STRING", "class":"0x7fcbb10e0ef0", "frozen":true, "embedded":true, "fstring":true, "bytesize":16, "value":"post_build_hooks", "encoding":"US-ASCII", "memsize":40, "flags":{"wb_protected":true, "old":true, "long_lived":true, "marked":true}}
{"address":"0x7fcbb105ab98", "type":"STRING", "class":"0x7fcbb10e0ef0", "shared":true, "encoding":"UTF-8", "references":["0x7fcbb1049230"], "memsize":40, "flags":{"wb_protected":true, "old":true, "long_lived":true, "marked":true}}
{"address":"0x7fcbb105abc0", "type":"STRING", "class":"0x7fcbb10e0ef0", "embedded":true, "bytesize":15, "value":"x86_64-darwin14", "encoding":"UTF-8", "memsize":40, "flags":{"wb_protected":true, "old":true, "long_lived":true, "marked":true}}
{"address":"0x7fcbb105abe8", "type":"STRING", "class":"0x7fcbb10e0ef0", "embedded":true, "bytesize":7, "value":"$(arch)", "encoding":"UTF-8", "memsize":40, "flags":{"wb_protected":true, "old":true, "long_lived":true, "marked":true}}
{"address":"0x7fcbb105ac10", "type":"STRING", "class":"0x7fcbb10e0ef0", "embedded":true, "bytesize":5, "value":"2.2.0", "encoding":"UTF-8", "memsize":40, "flags":{"wb_protected":true, "old":true, "long_lived":true, "marked":true}}
{"address":"0x7fcbb105ac38", "type":"STRING", "class":"0x7fcbb10e0ef0", "shared":true, "encoding":"UTF-8", "references":["0x7fcbb1049460"], "memsize":40, "flags":{"wb_protected":true, "old":true, "long_lived":true, "marked":true}}
{"address":"0x7fcbb105ac88", "type":"STRING", "class":"0x7fcbb10e0ef0", "embedded":true, "bytesize":21, "value":"$(rubylibdir)/$(arch)", "encoding":"UTF-8", "memsize":40, "flags":{"wb_protected":true, "old":true, "long_lived":true, "marked":true}}
{"address":"0x7fcbb105ad28", "type":"STRING", "class":"0x7fcbb10e0ef0", "shared":true, "encoding":"UTF-8", "references":["0x7fcbb1049550"], "memsize":40, "flags":{"wb_protected":true, "old":true, "long_lived":true, "marked":true}}
{"address":"0x7fcbb105ada0", "type":"STRING", "class":"0x7fcbb10e0ef0", "shared":true, "encoding":"UTF-8", "references":["0x7fcbb10495f0"], "memsize":40, "flags":{"wb_protected":true, "old":true, "long_lived":true, "marked":true}}
{"address":"0x7fcbb105adc8", "type":"STRING", "class":"0x7fcbb10e0ef0", "frozen":true, "embedded":true, "fstring":true, "bytesize":19, "value":"clear_default_specs", "encoding":"US-ASCII", "memsize":40, "flags":{"wb_protected":true, "old":true, "long_lived":true, "marked":true}}
{"address":"0x7fcbb105adf0", "type":"STRING", "class":"0x7fcbb10e0ef0", "shared":true, "encoding":"UTF-8", "references":["0x7fcbb1049640"], "memsize":40, "flags":{"wb_protected":true, "old":true, "long_lived":true, "marked":true}}
{"address":"0x7fcbb105ae18", "type":"STRING", "class":"0x7fcbb10e0ef0", "shared":true, "encoding":"UTF-8", "references":["0x7fcbb1049690"], "memsize":40, "flags":{"wb_protected":true, "old":true, "long_lived":true, "marked":true}}
{"address":"0x7fcbb105ae40", "type":"STRING", "class":"0x7fcbb10e0ef0", "shared":true, "encoding":"UTF-8", "references":["0x7fcbb1049730"], "memsize":40, "flags":{"wb_protected":true, "old":true, "long_lived":true, "marked":true}}
{"address":"0x7fcbb105ae68", "type":"STRING", "class":"0x7fcbb10e0ef0", "shared":true, "encoding":"UTF-8", "references":["0x7fcbb10497a8"], "memsize":40, "flags":{"wb_protected":true, "old":true, "long_lived":true, "marked":true}}
{"address":"0x7fcbb105aeb8", "type":"STRING", "class":"0x7fcbb10e0ef0", "shared":true, "encoding":"UTF-8", "references":["0x7fcbb1049848"], "memsize":40, "flags":{"wb_protected":true, "old":true, "long_lived":true, "marked":true}}
{"address":"0x7fcbb105af30", "type":"STRING", "class":"0x7fcbb10e0ef0", "embedded":true, "bytesize":0, "value":"", "encoding":"UTF-8", "memsize":40, "flags":{"wb_protected":true, "old":true, "long_lived":true, "marked":true}}
{"address":"0x7fcbb105afa8", "type":"STRING", "class":"0x7fcbb10e0ef0", "embedded":true, "bytesize":0, "value":"", "encoding":"UTF-8", "memsize":40, "flags":{"wb_protected":true, "old":true, "long_lived":true, "marked":true}}
{"address":"0x7fcbb105b070", "type":"STRING", "class":"0x7fcbb10e0ef0", "embedded":true, "bytesize":0, "value":"", "encoding":"UTF-8", "memsize":40, "flags":{"wb_protected":true, "old":true, "long_lived":true, "marked":true}}
{"address":"0x7fcbb105b0c0", "type":"STRING", "class":"0x7fcbb10e0ef0", "shared":true, "encoding":"UTF-8", "references":["0x7fcbb1049ac8"], "memsize":40, "flags":{"wb_protected":true, "old":true, "long_lived":true, "marked":true}}
{"address":"0x7fcbb105b160", "type":"STRING", "class":"0x7fcbb10e0ef0", "embedded":true, "bytesize":23, "value":"$(rubyhdrdir)/site_ruby", "encoding":"UTF-8", "memsize":40, "flags":{"wb_protected":true, "old":true, "long_lived":true, "marked":true}}
{"address":"0x7fcbb105b1b0", "type":"STRING", "class":"0x7fcbb10e0ef0", "shared":true, "encoding":"UTF-8", "references":["0x7fcbb1049c58"], "memsize":40, "flags":{"wb_protected":true, "old":true, "long_lived":true, "marked":true}}
{"address":"0x7fcbb105b1d8", "type":"STRING", "class":"0x7fcbb10e0ef0", "frozen":true, "fstring":true, "bytesize":30, "value":"remove_unresolved_default_spec", "encoding":"US-ASCII", "memsize":71, "flags":{"wb_protected":true, "old":true, "long_lived":true, "marked":true}}
{"address":"0x7fcbb105b200", "type":"STRING", "class":"0x7fcbb10e0ef0", "embedded":true, "bytesize":21, "value":"$(rubyhdrdir)/$(arch)", "encoding":"UTF-8", "memsize":40, "flags":{"wb_protected":true, "old":true, "long_lived":true, "marked":true}}
{"address":"0x7fcbb105b228", "type":"STRING", "class":"0x7fcbb10e0ef0", "shared":true, "encoding":"UTF-8", "references":["0x7fcbb1049d48"], "memsize":40, "flags":{"wb_protected":true, "old":true, "long_lived":true, "marked":true}}
{"address":"0x7fcbb105b250", "type":"STRING", "class":"0x7fcbb10e0ef0", "shared":true, "encoding":"UTF-8", "references":["0x7fcbb1049de8"], "memsize":40, "flags":{"wb_protected":true, "old":true, "long_lived":true, "marked":true}}
{"address":"0x7fcbb105b278", "type":"STRING", "class":"0x7fcbb10e0ef0", "embedded":true, "bytesize":14, "value":"/usr/bin/nroff", "encoding":"UTF-8", "memsize":40, "flags":{"wb_protected":true, "old":true, "long_lived":true, "marked":true}}
{"address":"0x7fcbb105b2a0", "type":"STRING", "class":"0x7fcbb10e0ef0", "embedded":true, "bytesize":3, "value":"doc", "encoding":"UTF-8", "memsize":40, "flags":{"wb_protected":true, "old":true, "long_lived":true, "marked":true}}
{"address":"0x7fcbb105b2f0", "type":"STRING", "class":"0x7fcbb10e0ef0", "embedded":true, "bytesize":3, "value":"YES", "encoding":"UTF-8", "memsize":40, "flags":{"wb_protected":true, "old":true, "long_lived":true, "marked":true}}
{"address":"0x7fcbb105b3b8", "type":"STRING", "class":"0x7fcbb10e0ef0", "embedded":true, "bytesize":10, "value":" newline.c", "encoding":"UTF-8", "memsize":40, "flags":{"wb_protected":true, "old":true, "long_lived":true, "marked":true}}
{"address":"0x7fcbb105b3e0", "type":"STRING", "class":"0x7fcbb10e0ef0", "embedded":true, "bytesize":4, "value":"ruby", "encoding":"UTF-8", "memsize":40, "flags":{"wb_protected":true, "old":true, "long_lived":true, "marked":true}}
{"address":"0x7fcbb105b408", "type":"STRING", "class":"0x7fcbb10e0ef0", "embedded":true, "bytesize":11, "value":"ruby-2.2.pc", "encoding":"UTF-8", "memsize":40, "flags":{"wb_protected":true, "old":true, "long_lived":true, "marked":true}}
{"address":"0x7fcbb105b520", "type":"STRING", "class":"0x7fcbb10e0ef0", "embedded":true, "bytesize":4, "value":"exec", "encoding":"UTF-8", "memsize":40, "flags":{"wb_protected":true, "old":true, "long_lived":true, "marked":true}}
{"address":"0x7fcbb105b570", "type":"STRING", "class":"0x7fcbb10e0ef0", "shared":true, "encoding":"UTF-8", "references":["0x7fcbb104a3b0"], "memsize":40, "flags":{"wb_protected":true, "old":true, "long_lived":true, "marked":true}}
{"address":"0x7fcbb105b5e8", "type":"STRING", "class":"0x7fcbb10e0ef0", "embedded":true, "bytesize":17, "value":"$(RUBY_BASE_NAME)", "encoding":"UTF-8", "memsize":40, "flags":{"wb_protected":true, "old":true, "long_lived":true, "marked":true}}
{"address":"0x7fcbb105b750", "type":"STRING", "class":"0x7fcbb10e0ef0", "embedded":true, "bytesize":0, "value":"", "encoding":"UTF-8", "memsize":40, "flags":{"wb_protected":true, "old":true, "long_lived":true, "marked":true}}
{"address":"0x7fcbb105b7c8", "type":"STRING", "class":"0x7fcbb10e0ef0", "embedded":true, "bytesize":17, "value":"$(RUBY_BASE_NAME)", "encoding":"UTF-8", "memsize":40, "flags":{"wb_protected":true, "old":true, "long_lived":true, "marked":true}}
{"address":"0x7fcbb105b818", "type":"STRING", "class":"0x7fcbb10e0ef0", "frozen":true, "bytesize":34, "capacity":65, "value":"/Users/path/.rvm/rubies/ruby-2.2.3", "encoding":"US-ASCII", "memsize":106, "flags":{"wb_protected":true, "old":true, "long_lived":true, "marked":true}}
{"address":"0x7fcbb105b840", "type":"STRING", "class":"0x7fcbb10e0ef0", "frozen":true, "embedded":true, "fstring":true, "bytesize":6, "value":"suffix", "encoding":"US-ASCII", "memsize":40, "flags":{"wb_protected":true, "old":true, "long_lived":true, "marked":true}}
{"address":"0x7fcbb105b8e0", "type":"STRING", "class":"0x7fcbb10e0ef0", "shared":true, "encoding":"US-ASCII", "references":["0x7fcbb105b818"], "memsize":40, "flags":{"wb_protected":true, "old":true, "long_lived":true, "marked":true}}
{"address":"0x7fcbb105b930", "type":"STRING", "class":"0x7fcbb10e0ef0", "embedded":true, "bytesize":0, "value":"", "encoding":"UTF-8", "memsize":40, "flags":{"wb_protected":true, "old":true, "long_lived":true, "marked":true}}
{"address":"0x7fcbb105b958", "type":"STRING", "class":"0x7fcbb10e0ef0", "frozen":true, "fstring":true, "bytesize":28, "value":"find_unresolved_default_spec", "encoding":"US-ASCII", "memsize":69, "flags":{"wb_protected":true, "old":true, "long_lived":true, "marked":true}}
{"address":"0x7fcbb105b980", "type":"STRING", "class":"0x7fcbb10e0ef0", "embedded":true, "bytesize":19, "value":"/usr/bin/install -c", "encoding":"UTF-8", "memsize":40, "flags":{"wb_protected":true, "old":true, "long_lived":true, "marked":true}}
{"address":"0x7fcbb105b9a8", "type":"STRING", "class":"0x7fcbb10e0ef0", "embedded":true, "bytesize":3, "value":"173", "encoding":"UTF-8", "memsize":40, "flags":{"wb_protected":true, "old":true, "long_lived":true, "marked":true}}
{"address":"0x7fcbb105b9d0", "type":"STRING", "class":"0x7fcbb10e0ef0", "embedded":true, "bytesize":1, "value":"0", "encoding":"UTF-8", "memsize":40, "flags":{"wb_protected":true, "old":true, "long_lived":true, "marked":true}}
{"address":"0x7fcbb105b9f8", "type":"STRING", "class":"0x7fcbb10e0ef0", "embedded":true, "bytesize":1, "value":"2", "encoding":"UTF-8", "memsize":40, "flags":{"wb_protected":true, "old":true, "long_lived":true, "marked":true}}
{"address":"0x7fcbb105ba70", "type":"STRING", "class":"0x7fcbb10e0ef0", "embedded":true, "bytesize":1, "value":"2", "encoding":"UTF-8", "memsize":40, "flags":{"wb_protected":true, "old":true, "long_lived":true, "marked":true}}
{"address":"0x7fcbb105bb10", "type":"STRING", "class":"0x7fcbb10e0ef0", "embedded":true, "bytesize":0, "value":"", "encoding":"UTF-8", "memsize":40, "flags":{"wb_protected":true, "old":true, "long_lived":true, "marked":true}}
{"address":"0x7fcbb105bc28", "type":"HASH", "class":"0x7fcbb10d1270", "size":226, "references":["0x7fcbb104a928", "0x7fcbb105bb10", "0x7fcbb104a888", "0x7fcbb105ba70", "0x7fcbb104a810", "0x7fcbb105b9f8", "0x7fcbb104a7e8", "0x7fcbb105b9d0", "0x7fcbb104a770", "0x7fcbb105b9a8", "0x7fcbb104a720", "0x7fcbb105b980", "0x7fcbb104a608", "0x7fcbb105b930", "0x7fcbb104a680", "0x7fcbb105b8e0", "0x7fcbb104a630", "0x7fcbb105b7c8", "0x7fcbb104a450", "0x7fcbb105b5e8", "0x7fcbb104a428", "0x7fcbb105b570", "0x7fcbb104a388", "0x7fcbb105b520", "0x7fcbb104a298", "0x7fcbb105b408", "0x7fcbb104a1f8", "0x7fcbb105b3e0", "0x7fcbb104a108", "0x7fcbb105b3b8", "0x7fcbb104a068", "0x7fcbb105b2f0", "0x7fcbb1049fc8", "0x7fcbb105b2a0", "0x7fcbb1049fa0", "0x7fcbb105b278", "0x7fcbb1049f00", "0x7fcbb105b250", "0x7fcbb1049dc0", "0x7fcbb105b228", "0x7fcbb1049cd0", "0x7fcbb105b200", "0x7fcbb1049c80", "0x7fcbb105b1b0", "0x7fcbb1049b90", "0x7fcbb105b160", "0x7fcbb1049af0", "0x7fcbb105b0c0", "0x7fcbb1049a00", "0x7fcbb105b070", "0x7fcbb10499d8", "0x7fcbb105afa8", "0x7fcbb1049910", "0x7fcbb105af30", "0x7fcbb10498e8", "0x7fcbb105aeb8", "0x7fcbb1049820", "0x7fcbb105ae68", "0x7fcbb1049780", "0x7fcbb105ae40", "0x7fcbb10496b8", "0x7fcbb105ae18", "0x7fcbb1049668", "0x7fcbb105adf0", "0x7fcbb104bcb0", "0x7fcbb105ada0", "0x7fcbb1049578", "0x7fcbb105ad28", "0x7fcbb1049528", "0x7fcbb105ac88", "0x7fcbb1049488", "0x7fcbb105ac38", "0x7fcbb104a4f0", "0x7fcbb105ac10", "0x7fcbb10493c0", "0x7fcbb105abe8", "0x7fcbb10492d0", "0x7fcbb105abc0", "0x7fcbb1049280", "0x7fcbb105ab98", "0x7fcbb10491b8", "0x7fcbb105aaf8", "0x7fcbb10490a0", "0x7fcbb105aa80", "0x7fcbb1049050", "0x7fcbb105aa58", "0x7fcbb1048fb0", "0x7fcbb105aa30", "0x7fcbb1048f88", "0x7fcbb105aa08", "0x7fcbb1048f10", "0x7fcbb105a9e0", "0x7fcbb1048ee8", "0x7fcbb105a940", "0x7fcbb1048e98", "0x7fcbb105a8c8", "0x7fcbb1048e20", "0x7fcbb105a8a0", "0x7fcbb1048da8", "0x7fcbb105a878", "0x7fcbb1048d08", "0x7fcbb105a850", "0x7fcbb1048cb8", "0x7fcbb105a828", "0x7fcbb1048c18", "0x7fcbb105a788", "0x7fcbb1048b28", "0x7fcbb105a710", "0x7fcbb1048a88", "0x7fcbb105a6e8", "0x7fcbb10489e8", "0x7fcbb105a6c0", "0x7fcbb10489c0", "0x7fcbb105a698", "0x7fcbb1048998", "0x7fcbb105a5f8", "0x7fcbb1048970", "0x7fcbb105a580", "0x7fcbb1048920", "0x7fcbb105a558", "0x7fcbb1050ee0", "0x7fcbb105a530", "0x7fcbb10488d0", "0x7fcbb105a508", "0x7fcbb10488a8", "0x7fcbb105a4e0", "0x7fcbb1048808", "0x7fcbb105a440", "0x7fcbb10487b8", "0x7fcbb105a3c8", "0x7fcbb1048768", "0x7fcbb105a3a0", "0x7fcbb1048718", "0x7fcbb105a378", "0x7fcbb1048650", "0x7fcbb105a350", "0x7fcbb10485d8", "0x7fcbb105a2b0", "0x7fcbb1048538", "0x7fcbb105a238", "0x7fcbb1048498", "0x7fcbb105a210", "0x7fcbb1048470", "0x7fcbb105a1e8", "0x7fcbb10483f8", "0x7fcbb105a1c0", "0x7fcbb10483d0", "0x7fcbb105a120", "0x7fcbb10483a8", "0x7fcbb105a0a8", "0x7fcbb1048330", "0x7fcbb105a080", "0x7fcbb10482e0", "0x7fcbb105a058", "0x7fcbb1048268", "0x7fcbb105a030", "0x7fcbb1048218", "0x7fcbb105a008", "0x7fcbb10481a0", "0x7fcbb1059f68", "0x7fcbb1048150", "0x7fcbb1059ea0", "0x7fcbb1048128", "0x7fcbb1059e50", "0x7fcbb10480d8", "0x7fcbb1059e28", "0x7fcbb1048010", "0x7fcbb1059e00", "0x7fcbb103bc98", "0x7fcbb1059dd8", "0x7fcbb103bab8", "0x7fcbb1059d38", "0x7fcbb103b8d8", "0x7fcbb1059c48", "0x7fcbb103b748", "0x7fcbb1059bd0", "0x7fcbb103b568", "0x7fcbb1059b80", "0x7fcbb103b158", "0x7fcbb1059ab8", "0x7fcbb103af78", "0x7fcbb1059a68", "0x7fcbb103ad98", "0x7fcbb1059950", "0x7fcbb103abb8", "0x7fcbb1059900", "0x7fcbb103a7f8", "0x7fcbb10597c0", "0x7fcbb103a438", "0x7fcbb1059770", "0x7fcbb103a078", "0x7fcbb1059630", "0x7fcbb1039cb8", "0x7fcbb10595e0", "0x7fcbb1039ad8", "0x7fcbb10594a0", "0x7fcbb10398f8", "0x7fcbb1059450", "0x7fcbb1039538", "0x7fcbb1059338", "0x7fcbb1039178", "0x7fcbb10592e8", "0x7fcbb1038fe8", "0x7fcbb10591d0", "0x7fcbb1038db8", "0x7fcbb1059180", "0x7fcbb10389f8", "0x7fcbb1059068", "0x7fcbb1038818", "0x7fcbb1059018", "0x7fcbb1038458", "0x7fcbb1058f00", "0x7fcbb10382c8", "0x7fcbb1058eb0", "0x7fcbb1038110", "0x7fcbb1058d70", "0x7fcbb10382f0", "0x7fcbb1058d20", "0x7fcbb10384d0", "0x7fcbb1058be0", "0x7fcbb1049bb8", "0x7fcbb1058b90", "0x7fcbb1049be0", "0x7fcbb1058a78", "0x7fcbb1038778", "0x7fcbb1058a28", "0x7fcbb1038958", "0x7fcbb1058910", "0x7fcbb1038b38", "0x7fcbb10588c0", "0x7fcbb1038d18", "0x7fcbb10587a8", "0x7fcbb1038e30", "0x7fcbb1058758", "0x7fcbb1038ef8", "0x7fcbb1058640", "0x7fcbb10390d8", "0x7fcbb10585f0", "0x7fcbb10391f0", "0x7fcbb1058578", "0x7fcbb10392b8", "0x7fcbb1058500", "0x7fcbb1039498", "0x7fcbb10584b0", "0x7fcbb1039678", "0x7fcbb10583e8", "0x7fcbb1039858", "0x7fcbb1058398", "0x7fcbb1039a38", "0x7fcbb1058320", "0x7fcbb1039c18", "0x7fcbb10582d0", "0x7fcbb1039df8", "0x7fcbb1058258", "0x7fcbb1039fd8", "0x7fcbb1058230", "0x7fcbb103a1b8", "0x7fcbb1058140", "0x7fcbb103a398", "0x7fcbb1058050", "0x7fcbb103a4b0", "0x7fcbb1058028", "0x7fcbb103a578", "0x7fcbb1058370", "0x7fcbb103a690", "0x7fcbb1058550", "0x7fcbb103a870", "0x7fcbb1058668", "0x7fcbb103aa50", "0x7fcbb10587d0", "0x7fcbb103ab18", "0x7fcbb1058938", "0x7fcbb103acf8", "0x7fcbb1058aa0", "0x7fcbb103aed8", "0x7fcbb1058c08", "0x7fcbb103aff0", "0x7fcbb1058d98", "0x7fcbb103b0b8", "0x7fcbb1058f28", "0x7fcbb103b298", "0x7fcbb1059090", "0x7fcbb103b478", "0x7fcbb10591f8", "0x7fcbb103b590", "0x7fcbb1059360", "0x7fcbb103b658", "0x7fcbb10594c8", "0x7fcbb103b770", "0x7fcbb1059658", "0x7fcbb103b838", "0x7fcbb10597e8", "0x7fcbb103b950", "0x7fcbb1059978", "0x7fcbb103bb30", "0x7fcbb1059ae0", "0x7fcbb103bd10", "0x7fcbb1059d60", "0x7fcbb103bef0", "0x7fcbb105b750", "0x7fcbb102be38", "0x7fcbb105bf20", "0x7fcbb102bac8", "0x7fcbb10a9108", "0x7fcbb102b6b8", "0x7fcbb10abc78", "0x7fcbb102b4d8", "0x7fcbb10abf98", "0x7fcbb102b118", "0x7fcbb10abf70", "0x7fcbb102af38", "0x7fcbb10abf48", "0x7fcbb102ab78", "0x7fcbb10abf20", "0x7fcbb102a998", "0x7fcbb10abef8", "0x7fcbb102a628", "0x7fcbb10abea8", "0x7fcbb102a268", "0x7fcbb10abe58", "0x7fcbb1029ea8", "0x7fcbb10abe30", "0x7fcbb1029a98", "0x7fcbb10abe08", "0x7fcbb10296d8", "0x7fcbb10abde0", "0x7fcbb1029318", "0x7fcbb10abdb8", "0x7fcbb1028f58", "0x7fcbb10abd90", "0x7fcbb1028be8", "0x7fcbb10abd68", "0x7fcbb10287d8", "0x7fcbb10abd18", "0x7fcbb1028418", "0x7fcbb10abcf0", "0x7fcbb1028238", "0x7fcbb10abcc8", "0x7fcbb10280d0", "0x7fcbb10abca0", "0x7fcbb1028198", "0x7fcbb10abc50", "0x7fcbb10282b0", "0x7fcbb10abc28", "0x7fcbb1028490", "0x7fcbb10abc00", "0x7fcbb1028670", "0x7fcbb10abbd8", "0x7fcbb1028850", "0x7fcbb10abbb0", "0x7fcbb1049758", "0x7fcbb10abb88", "0x7fcbb1028af8", "0x7fcbb10abb60", "0x7fcbb1028c10", "0x7fcbb10abb38", "0x7fcbb1028cd8", "0x7fcbb10abb10", "0x7fcbb1028eb8", "0x7fcbb10abae8", "0x7fcbb1029098", "0x7fcbb10abac0", "0x7fcbb1029278", "0x7fcbb10aba98", "0x7fcbb1029390", "0x7fcbb10aba70", "0x7fcbb1029458", "0x7fcbb10aba48", "0x7fcbb1029570", "0x7fcbb10aba20", "0x7fcbb1029638", "0x7fcbb10ab9f8", "0x7fcbb1029750", "0x7fcbb10ab9d0", "0x7fcbb1029818", "0x7fcbb10ab9a8", "0x7fcbb1029930", "0x7fcbb10ab980", "0x7fcbb10299f8", "0x7fcbb10ab958", "0x7fcbb1029b10", "0x7fcbb10ab930", "0x7fcbb1029bd8", "0x7fcbb10ab908", "0x7fcbb1029db8", "0x7fcbb10ab8e0", "0x7fcbb1029ed0", "0x7fcbb10ab8b8", "0x7fcbb1029f98", "0x7fcbb10ab890", "0x7fcbb102a178", "0x7fcbb10ab868", "0x7fcbb102a290", "0x7fcbb10ab840", "0x7fcbb102a470", "0x7fcbb10ab818", "0x7fcbb104ac98", "0x7fcbb10ab7f0", "0x7fcbb102a718", "0x7fcbb10ab7c8", "0x7fcbb102a8f8", "0x7fcbb10ab7a0", "0x7fcbb102aa10", "0x7fcbb10ab778", "0x7fcbb102aad8", "0x7fcbb10ab750", "0x7fcbb102abf0", "0x7fcbb10ab728", "0x7fcbb102add0", "0x7fcbb10ab700", "0x7fcbb102afb0", "0x7fcbb10ab6d8", "0x7fcbb102b190", "0x7fcbb10ab660", "0x7fcbb102b370", "0x7fcbb10ab638", "0x7fcbb102b550", "0x7fcbb10ab610", "0x7fcbb102b730", "0x7fcbb10ab5e8", "0x7fcbb102b910", "0x7fcbb10ab5c0", "0x7fcbb102baf0", "0x7fcbb10ab570", "0x7fcbb102bcd0", "0x7fcbb10ab548", "0x7fcbb102beb0", "0x7fcbb10ab520", "0x7fcbb104a658", "0x7fcbb10ab4f8", "0x7fcbb107bd98", "0x7fcbb10ab4a8", "0x7fcbb107bcd0", "0x7fcbb10ab480", "0x7fcbb107bca8", "0x7fcbb10ab458", "0x7fcbb107bc80", "0x7fcbb10ab430", "0x7fcbb107bc58", "0x7fcbb10ab408", "0x7fcbb107bbb8", "0x7fcbb10ab3e0", "0x7fcbb107bb68", "0x7fcbb10ab3b8", "0x7fcbb107bb18", "0x7fcbb10ab390", "0x7fcbb107ba78", "0x7fcbb10ab368", "0x7fcbb107ba00", "0x7fcbb10ab340", "0x7fcbb107b9b0", "0x7fcbb10ab2f0"], "memsize":11448, "flags":{"wb_protected":true, "old":true, "long_lived":true, "marked":true}}
{"address":"0x7fcbb105bcf0", "type":"STRING", "class":"0x7fcbb10e0ef0", "shared":true, "encoding":"US-ASCII", "references":["0x7fcbb10ab2c8"], "memsize":40, "flags":{"wb_protected":true, "old":true, "long_lived":true, "marked":true}}
{"address":"0x7fcbb105be08", "type":"STRING", "class":"0x7fcbb10e0ef0", "shared":true, "encoding":"UTF-8", "references":["0x7fcbb3003b98"], "memsize":40, "flags":{"wb_protected":true, "old":true, "long_lived":true, "marked":true}}
{"address":"0x7fcbb105be58", "type":"STRING", "class":"0x7fcbb10e0ef0", "embedded":true, "bytesize":7, "value":"/bin/sh", "encoding":"UTF-8", "memsize":40, "flags":{"wb_protected":true, "old":true, "long_lived":true, "marked":true}}
{"address":"0x7fcbb105bef8", "type":"STRING", "class":"0x7fcbb10e0ef0", "embedded":true, "bytesize":1, "value":":", "encoding":"UTF-8", "memsize":40, "flags":{"wb_protected":true, "old":true, "long_lived":true, "marked":true}}
{"address":"0x7fcbb105bf20", "type":"STRING", "class":"0x7fcbb10e0ef0", "embedded":true, "bytesize":8, "value":"$(CC) -v", "encoding":"UTF-8", "memsize":40, "flags":{"wb_protected":true, "old":true, "long_lived":true, "marked":true}}
{"address":"0x7fcbb1060188", "type":"STRING", "class":"0x7fcbb10e0ef0", "frozen":true, "embedded":true, "fstring":true, "bytesize":4, "value":"all=", "encoding":"US-ASCII", "memsize":40, "flags":{"wb_protected":true, "old":true, "long_lived":true, "marked":true}}
{"address":"0x7fcbb10604a8", "type":"STRING", "class":"0x7fcbb10e0ef0", "frozen":true, "embedded":true, "fstring":true, "bytesize":14, "value":"prefix_pattern", "encoding":"US-ASCII", "memsize":40, "flags":{"wb_protected":true, "old":true, "long_lived":true, "marked":true}}
{"address":"0x7fcbb10607f0", "type":"STRING", "class":"0x7fcbb10e0ef0", "frozen":true, "embedded":true, "fstring":true, "bytesize":12, "value":"prefix_group", "encoding":"US-ASCII", "memsize":40, "flags":{"wb_protected":true, "old":true, "long_lived":true, "marked":true}}
{"address":"0x7fcbb1060b88", "type":"STRING", "class":"0x7fcbb10e0ef0", "frozen":true, "embedded":true, "fstring":true, "bytesize":13, "value":"require_paths", "encoding":"US-ASCII", "memsize":40, "flags":{"wb_protected":true, "old":true, "long_lived":true, "marked":true}}
{"address":"0x7fcbb1060c00", "type":"STRING", "class":"0x7fcbb10e0ef0", "frozen":true, "fstring":true, "bytesize":28, "value":"default_gems_use_full_paths?", "encoding":"US-ASCII", "memsize":69, "flags":{"wb_protected":true, "old":true, "long_lived":true, "marked":true}}
{"address":"0x7fcbb1060c78", "type":"STRING", "class":"0x7fcbb10e0ef0", "frozen":true, "embedded":true, "fstring":true, "bytesize":10, "value":"new_format", "encoding":"US-ASCII", "memsize":40, "flags":{"wb_protected":true, "old":true, "long_lived":true, "marked":true}}
{"address":"0x7fcbb1060d18", "type":"STRING", "class":"0x7fcbb10e0ef0", "frozen":true, "embedded":true, "fstring":true, "bytesize":21, "value":"register_default_spec", "encoding":"US-ASCII", "memsize":40, "flags":{"wb_protected":true, "old":true, "long_lived":true, "marked":true}}
{"address":"0x7fcbb10612b8", "type":"STRING", "class":"0x7fcbb10e0ef0", "frozen":true, "embedded":true, "fstring":true, "bytesize":14, "value":"detect_gemdeps", "encoding":"US-ASCII", "memsize":40, "flags":{"wb_protected":true, "old":true, "long_lived":true, "marked":true}}
{"address":"0x7fcbb1061858", "type":"STRING", "class":"0x7fcbb10e0ef0", "frozen":true, "embedded":true, "fstring":true, "bytesize":4, "value":"ivar", "encoding":"US-ASCII", "memsize":40, "flags":{"wb_protected":true, "old":true, "long_lived":true, "marked":true}}
{"address":"0x7fcbb10618d0", "type":"STRING", "class":"0x7fcbb10e0ef0", "frozen":true, "fstring":true, "bytesize":28, "value":"UnsatisfiableDependencyError", "encoding":"US-ASCII", "memsize":69, "flags":{"wb_protected":true, "old":true, "long_lived":true, "marked":true}}
{"address":"0x7fcbb1061c18", "type":"STRING", "class":"0x7fcbb10e0ef0", "frozen":true, "embedded":true, "fstring":true, "bytesize":2, "value":"sp", "encoding":"US-ASCII", "memsize":40, "flags":{"wb_protected":true, "old":true, "long_lived":true, "marked":true}}
{"address":"0x7fcbb1061d30", "type":"STRING", "class":"0x7fcbb10e0ef0", "frozen":true, "embedded":true, "fstring":true, "bytesize":4, "value":"vals", "encoding":"US-ASCII", "memsize":40, "flags":{"wb_protected":true, "old":true, "long_lived":true, "marked":true}}
{"address":"0x7fcbb1061e20", "type":"STRING", "class":"0x7fcbb10e0ef0", "frozen":true, "embedded":true, "fstring":true, "bytesize":12, "value":"load_gemdeps", "encoding":"US-ASCII", "memsize":40, "flags":{"wb_protected":true, "old":true, "long_lived":true, "marked":true}}
{"address":"0x7fcbb1062550", "type":"STRING", "class":"0x7fcbb10e0ef0", "frozen":true, "embedded":true, "fstring":true, "bytesize":8, "value":"stubbed?", "encoding":"US-ASCII", "memsize":40, "flags":{"wb_protected":true, "old":true, "long_lived":true, "marked":true}}
{"address":"0x7fcbb10627a8", "type":"STRING", "class":"0x7fcbb10e0ef0", "frozen":true, "embedded":true, "fstring":true, "bytesize":9, "value":"all_names", "encoding":"US-ASCII", "memsize":40, "flags":{"wb_protected":true, "old":true, "long_lived":true, "marked":true}}
{"address":"0x7fcbb1062ac8", "type":"STRING", "class":"0x7fcbb10e0ef0", "frozen":true, "embedded":true, "fstring":true, "bytesize":8, "value":"dep_file", "encoding":"US-ASCII", "memsize":40, "flags":{"wb_protected":true, "old":true, "long_lived":true, "marked":true}}
{"address":"0x7fcbb1062b68", "type":"STRING", "class":"0x7fcbb10e0ef0", "frozen":true, "embedded":true, "fstring":true, "bytesize":9, "value":"directory", "encoding":"US-ASCII", "memsize":40, "flags":{"wb_protected":true, "old":true, "long_lived":true, "marked":true}}
{"address":"0x7fcbb1062c30", "type":"STRING", "class":"0x7fcbb10e0ef0", "frozen":true, "embedded":true, "fstring":true, "bytesize":16, "value":"traverse_parents", "encoding":"US-ASCII", "memsize":40, "flags":{"wb_protected":true, "old":true, "long_lived":true, "marked":true}}
{"address":"0x7fcbb1063338", "type":"STRING", "class":"0x7fcbb10e0ef0", "frozen":true, "embedded":true, "fstring":true, "bytesize":15, "value":"raise_exception", "encoding":"US-ASCII", "memsize":40, "flags":{"wb_protected":true, "old":true, "long_lived":true, "marked":true}}
{"address":"0x7fcbb1063428", "type":"STRING", "class":"0x7fcbb10e0ef0", "frozen":true, "embedded":true, "fstring":true, "bytesize":11, "value":"use_gemdeps", "encoding":"US-ASCII", "memsize":40, "flags":{"wb_protected":true, "old":true, "long_lived":true, "marked":true}}
{"address":"0x7fcbb1063ce8", "type":"STRING", "class":"0x7fcbb10e0ef0", "frozen":true, "embedded":true, "fstring":true, "bytesize":14, "value":"load_path_file", "encoding":"US-ASCII", "memsize":40, "flags":{"wb_protected":true, "old":true, "long_lived":true, "marked":true}}
{"address":"0x7fcbb1068068", "type":"STRING", "class":"0x7fcbb10e0ef0", "shared":true, "encoding":"UTF-8", "references":["0x7fcbb20200a0"], "memsize":40, "flags":{"wb_protected":true, "old":true, "long_lived":true, "marked":true}}
{"address":"0x7fcbb10680e0", "type":"STRING", "class":"0x7fcbb10e0ef0", "frozen":true, "embedded":true, "fstring":true, "bytesize":7, "value":"globbed", "encoding":"US-ASCII", "memsize":40, "flags":{"wb_protected":true, "old":true, "long_lived":true, "marked":true}}
{"address":"0x7fcbb1068108", "type":"STRING", "class":"0x7fcbb10e0ef0", "shared":true, "encoding":"UTF-8", "references":["0x7fcbb2020320"], "memsize":40, "flags":{"wb_protected":true, "old":true, "long_lived":true, "marked":true}}
{"address":"0x7fcbb1068158", "type":"STRING", "class":"0x7fcbb10e0ef0", "shared":true, "encoding":"UTF-8", "references":["0x7fcbb20205a0"], "memsize":40, "flags":{"wb_protected":true, "old":true, "long_lived":true, "marked":true}}
{"address":"0x7fcbb1068220", "type":"STRING", "class":"0x7fcbb10e0ef0", "shared":true, "encoding":"UTF-8", "references":["0x7fcbb10a9cc0"], "memsize":40, "flags":{"wb_protected":true, "old":true, "long_lived":true, "marked":true}}
{"address":"0x7fcbb1068298", "type":"STRING", "class":"0x7fcbb10e0ef0", "embedded":true, "bytesize":12, "value":"/usr/include", "encoding":"UTF-8", "memsize":40, "flags":{"wb_protected":true, "old":true, "long_lived":true, "marked":true}}
{"address":"0x7fcbb10682c0", "type":"STRING", "class":"0x7fcbb10e0ef0", "shared":true, "encoding":"UTF-8", "references":["0x7fcbb2021248"], "memsize":40, "flags":{"wb_protected":true, "old":true, "long_lived":true, "marked":true}}
{"address":"0x7fcbb1068310", "type":"STRING", "class":"0x7fcbb10e0ef0", "shared":true, "encoding":"UTF-8", "references":["0x7fcbb2020910"], "memsize":40, "flags":{"wb_protected":true, "old":true, "long_lived":true, "marked":true}}
{"address":"0x7fcbb1068338", "type":"STRING", "class":"0x7fcbb10e0ef0", "shared":true, "encoding":"UTF-8", "references":["0x7fcbb10b1330"], "memsize":40, "flags":{"wb_protected":true, "old":true, "long_lived":true, "marked":true}}
{"address":"0x7fcbb10683b0", "type":"STRING", "class":"0x7fcbb10e0ef0", "shared":true, "encoding":"UTF-8", "references":["0x7fcbb2020b40"], "memsize":40, "flags":{"wb_protected":true, "old":true, "long_lived":true, "marked":true}}
{"address":"0x7fcbb10683d8", "type":"STRING", "class":"0x7fcbb10e0ef0", "frozen":true, "embedded":true, "fstring":true, "bytesize":16, "value":"load_env_plugins", "encoding":"US-ASCII", "memsize":40, "flags":{"wb_protected":true, "old":true, "long_lived":true, "marked":true}}
{"address":"0x7fcbb1068428", "type":"STRING", "class":"0x7fcbb10e0ef0", "shared":true, "encoding":"UTF-8", "references":["0x7fcbb2020d70"], "memsize":40, "flags":{"wb_protected":true, "old":true, "long_lived":true, "marked":true}}
{"address":"0x7fcbb1068450", "type":"STRING", "class":"0x7fcbb10e0ef0", "shared":true, "encoding":"UTF-8", "references":["0x7fcbb2020fa0"], "memsize":40, "flags":{"wb_protected":true, "old":true, "long_lived":true, "marked":true}}
{"address":"0x7fcbb1068478", "type":"STRING", "class":"0x7fcbb10e0ef0", "shared":true, "encoding":"UTF-8", "references":["0x7fcbb20211d0"], "memsize":40, "flags":{"wb_protected":true, "old":true, "long_lived":true, "marked":true}}
{"address":"0x7fcbb10684a0", "type":"STRING", "class":"0x7fcbb10e0ef0", "shared":true, "encoding":"UTF-8", "references":["0x7fcbb1099e38"], "memsize":40, "flags":{"wb_protected":true, "old":true, "long_lived":true, "marked":true}}
{"address":"0x7fcbb10684f0", "type":"STRING", "class":"0x7fcbb10e0ef0", "shared":true, "encoding":"UTF-8", "references":["0x7fcbb20216f8"], "memsize":40, "flags":{"wb_protected":true, "old":true, "long_lived":true, "marked":true}}
{"address":"0x7fcbb1068568", "type":"STRING", "class":"0x7fcbb10e0ef0", "shared":true, "encoding":"UTF-8", "references":["0x7fcbb2021928"], "memsize":40, "flags":{"wb_protected":true, "old":true, "long_lived":true, "marked":true}}
{"address":"0x7fcbb10685e0", "type":"STRING", "class":"0x7fcbb10e0ef0", "embedded":true, "bytesize":0, "value":"", "encoding":"UTF-8", "memsize":40, "flags":{"wb_protected":true, "old":true, "long_lived":true, "marked":true}}
{"address":"0x7fcbb10686a8", "type":"STRING", "class":"0x7fcbb10e0ef0", "embedded":true, "bytesize":3, "value":"\\\\c", "encoding":"UTF-8", "memsize":40, "flags":{"wb_protected":true, "old":true, "long_lived":true, "marked":true}}
{"address":"0x7fcbb10686d0", "type":"STRING", "class":"0x7fcbb10e0ef0", "shared":true, "encoding":"UTF-8", "references":["0x7fcbb10c17f8"], "memsize":40, "flags":{"wb_protected":true, "old":true, "long_lived":true, "marked":true}}
{"address":"0x7fcbb1068748", "type":"STRING", "class":"0x7fcbb10e0ef0", "embedded":true, "bytesize":0, "value":"", "encoding":"UTF-8", "memsize":40, "flags":{"wb_protected":true, "old":true, "long_lived":true, "marked":true}}
{"address":"0x7fcbb1068798", "type":"STRING", "class":"0x7fcbb10e0ef0", "embedded":true, "bytesize":0, "value":"", "encoding":"UTF-8", "memsize":40, "flags":{"wb_protected":true, "old":true, "long_lived":true, "marked":true}}
{"address":"0x7fcbb1068860", "type":"STRING", "class":"0x7fcbb10e0ef0", "embedded":true, "bytesize":21, "value":"-lpthread -ldl -lobjc", "encoding":"UTF-8", "memsize":40, "flags":{"wb_protected":true, "old":true, "long_lived":true, "marked":true}}
{"address":"0x7fcbb1068888", "type":"STRING", "class":"0x7fcbb10e0ef0", "shared":true, "encoding":"UTF-8", "references":["0x7fcbb10b06b0"], "memsize":40, "flags":{"wb_protected":true, "old":true, "long_lived":true, "marked":true}}
{"address":"0x7fcbb1068928", "type":"STRING", "class":"0x7fcbb10e0ef0", "embedded":true, "bytesize":0, "value":"", "encoding":"UTF-8", "memsize":40, "flags":{"wb_protected":true, "old":true, "long_lived":true, "marked":true}}
{"address":"0x7fcbb10689a0", "type":"STRING", "class":"0x7fcbb10e0ef0", "embedded":true, "bytesize":0, "value":"", "encoding":"UTF-8", "memsize":40, "flags":{"wb_protected":true, "old":true, "long_lived":true, "marked":true}}
{"address":"0x7fcbb10689c8", "type":"STRING", "class":"0x7fcbb10e0ef0", "shared":true, "encoding":"UTF-8", "references":["0x7fcbb10b0430"], "memsize":40, "flags":{"wb_protected":true, "old":true, "long_lived":true, "marked":true}}
{"address":"0x7fcbb1068a18", "type":"STRING", "class":"0x7fcbb10e0ef0", "embedded":true, "bytesize":0, "value":"", "encoding":"UTF-8", "memsize":40, "flags":{"wb_protected":true, "old":true, "long_lived":true, "marked":true}}
{"address":"0x7fcbb1068a68", "type":"STRING", "class":"0x7fcbb10e0ef0", "embedded":true, "bytesize":3, "value":"yes", "encoding":"UTF-8", "memsize":40, "flags":{"wb_protected":true, "old":true, "long_lived":true, "marked":true}}
{"address":"0x7fcbb1068a90", "type":"STRING", "class":"0x7fcbb10e0ef0", "frozen":true, "embedded":true, "fstring":true, "bytesize":12, "value":"load_plugins", "encoding":"US-ASCII", "memsize":40, "flags":{"wb_protected":true, "old":true, "long_lived":true, "marked":true}}
{"address":"0x7fcbb1068ae0", "type":"STRING", "class":"0x7fcbb10e0ef0", "embedded":true, "bytesize":5, "value":"2.2.3", "encoding":"UTF-8", "memsize":40, "flags":{"wb_protected":true, "old":true, "long_lived":true, "marked":true}}
{"address":"0x7fcbb1068b08", "type":"STRING", "class":"0x7fcbb10e0ef0", "shared":true, "encoding":"UTF-8", "references":["0x7fcbb1028df0"], "memsize":40, "flags":{"wb_protected":true, "old":true, "long_lived":true, "marked":true}}
{"address":"0x7fcbb1068b30", "type":"STRING", "class":"0x7fcbb10e0ef0", "embedded":true, "bytesize":6, "value":"x86_64", "encoding":"UTF-8", "memsize":40, "flags":{"wb_protected":true, "old":true, "long_lived":true, "marked":true}}
{"address":"0x7fcbb1068b58", "type":"STRING", "class":"0x7fcbb10e0ef0", "embedded":true, "bytesize":5, "value":"apple", "encoding":"UTF-8", "memsize":40, "flags":{"wb_protected":true, "old":true, "long_lived":true, "marked":true}}
{"address":"0x7fcbb1068b80", "type":"STRING", "class":"0x7fcbb10e0ef0", "embedded":true, "bytesize":12, "value":"darwin14.5.0", "encoding":"UTF-8", "memsize":40, "flags":{"wb_protected":true, "old":true, "long_lived":true, "marked":true}}
{"address":"0x7fcbb1068bd0", "type":"STRING", "class":"0x7fcbb10e0ef0", "embedded":true, "bytesize":4, "value":"ruby", "encoding":"UTF-8", "memsize":40, "flags":{"wb_protected":true, "old":true, "long_lived":true, "marked":true}}
{"address":"0x7fcbb1068c48", "type":"STRING", "class":"0x7fcbb10e0ef0", "embedded":true, "bytesize":5, "value":"rubyw", "encoding":"UTF-8", "memsize":40, "flags":{"wb_protected":true, "old":true, "long_lived":true, "marked":true}}
{"address":"0x7fcbb1068d10", "type":"STRING", "class":"0x7fcbb10e0ef0", "embedded":true, "bytesize":10, "value":"ruby-2.2.0", "encoding":"UTF-8", "memsize":40, "flags":{"wb_protected":true, "old":true, "long_lived":true, "marked":true}}
{"address":"0x7fcbb1068d38", "type":"STRING", "class":"0x7fcbb10e0ef0", "shared":true, "encoding":"UTF-8", "references":["0x7fcbb1028df0"], "memsize":40, "flags":{"wb_protected":true, "old":true, "long_lived":true, "marked":true}}
{"address":"0x7fcbb1068e78", "type":"STRING", "class":"0x7fcbb10e0ef0", "embedded":true, "bytesize":6, "value":"x86_64", "encoding":"UTF-8", "memsize":40, "flags":{"wb_protected":true, "old":true, "long_lived":true, "marked":true}}
{"address":"0x7fcbb1068f40", "type":"STRING", "class":"0x7fcbb10e0ef0", "embedded":true, "bytesize":5, "value":"apple", "encoding":"UTF-8", "memsize":40, "flags":{"wb_protected":true, "old":true, "long_lived":true, "marked":true}}
{"address":"0x7fcbb1068f90", "type":"STRING", "class":"0x7fcbb10e0ef0", "shared":true, "encoding":"UTF-8", "references":["0x7fcbb10b1538"], "memsize":40, "flags":{"wb_protected":true, "old":true, "long_lived":true, "marked":true}}
{"address":"0x7fcbb1068fb8", "type":"STRING", "class":"0x7fcbb10e0ef0", "embedded":true, "bytesize":12, "value":"darwin14.5.0", "encoding":"UTF-8", "memsize":40, "flags":{"wb_protected":true, "old":true, "long_lived":true, "marked":true}}
{"address":"0x7fcbb1069030", "type":"STRING", "class":"0x7fcbb10e0ef0", "embedded":true, "bytesize":21, "value":"x86_64-apple-darwin14", "encoding":"UTF-8", "memsize":40, "flags":{"wb_protected":true, "old":true, "long_lived":true, "marked":true}}
{"address":"0x7fcbb1069148", "type":"STRING", "class":"0x7fcbb10e0ef0", "embedded":true, "bytesize":6, "value":"x86_64", "encoding":"UTF-8", "memsize":40, "flags":{"wb_protected":true, "old":true, "long_lived":true, "marked":true}}
{"address":"0x7fcbb10692b0", "type":"STRING", "class":"0x7fcbb10e0ef0", "embedded":true, "bytesize":5, "value":"apple", "encoding":"UTF-8", "memsize":40, "flags":{"wb_protected":true, "old":true, "long_lived":true, "marked":true}}
{"address":"0x7fcbb1069350", "type":"STRING", "class":"0x7fcbb10e0ef0", "shared":true, "encoding":"UTF-8", "references":["0x7fcbb109a018"], "memsize":40, "flags":{"wb_protected":true, "old":true, "long_lived":true, "marked":true}}
{"address":"0x7fcbb10693a0", "type":"STRING", "class":"0x7fcbb10e0ef0", "frozen":true, "embedded":true, "fstring":true, "bytesize":7, "value":"details", "encoding":"US-ASCII", "memsize":40, "flags":{"wb_protected":true, "old":true, "long_lived":true, "marked":true}}
{"address":"0x7fcbb10693f0", "type":"STRING", "class":"0x7fcbb10e0ef0", "embedded":true, "bytesize":8, "value":"darwin14", "encoding":"UTF-8", "memsize":40, "flags":{"wb_protected":true, "old":true, "long_lived":true, "marked":true}}
{"address":"0x7fcbb1069418", "type":"STRING", "class":"0x7fcbb10e0ef0", "frozen":true, "embedded":true, "fstring":true, "bytesize":1, "value":"e", "encoding":"US-ASCII", "memsize":40, "flags":{"wb_protected":true, "old":true, "long_lived":true, "marked":true}}
{"address":"0x7fcbb10694e0", "type":"STRING", "class":"0x7fcbb10e0ef0", "embedded":true, "bytesize":0, "value":"", "encoding":"UTF-8", "memsize":40, "flags":{"wb_protected":true, "old":true, "long_lived":true, "marked":true}}
{"address":"0x7fcbb1069530", "type":"STRING", "class":"0x7fcbb10e0ef0", "embedded":true, "bytesize":0, "value":"", "encoding":"UTF-8", "memsize":40, "flags":{"wb_protected":true, "old":true, "long_lived":true, "marked":true}}
{"address":"0x7fcbb1069558", "type":"STRING", "class":"0x7fcbb10e0ef0", "embedded":true, "bytesize":0, "value":"", "encoding":"UTF-8", "memsize":40, "flags":{"wb_protected":true, "old":true, "long_lived":true, "marked":true}}
{"address":"0x7fcbb10695d0", "type":"STRING", "class":"0x7fcbb10e0ef0", "embedded":true, "bytesize":0, "value":"", "encoding":"UTF-8", "memsize":40, "flags":{"wb_protected":true, "old":true, "long_lived":true, "marked":true}}
{"address":"0x7fcbb10695f8", "type":"STRING", "class":"0x7fcbb10e0ef0", "frozen":true, "embedded":true, "fstring":true, "bytesize":18, "value":"gemcutter-0\\.[0-3]", "encoding":"US-ASCII", "memsize":40, "flags":{"wb_protected":true, "old":true, "long_lived":true, "marked":true}}
{"address":"0x7fcbb1069620", "type":"STRING", "class":"0x7fcbb10e0ef0", "embedded":true, "bytesize":3, "value":"gcc", "encoding":"UTF-8", "memsize":40, "flags":{"wb_protected":true, "old":true, "long_lived":true, "marked":true}}
{"address":"0x7fcbb1069648", "type":"STRING", "class":"0x7fcbb10e0ef0", "embedded":true, "bytesize":3, "value":"g++", "encoding":"UTF-8", "memsize":40, "flags":{"wb_protected":true, "old":true, "long_lived":true, "marked":true}}
{"address":"0x7fcbb1069670", "type":"REGEXP", "class":"0x7fcbb10d0b40", "references":["0x7fcbb10695f8"], "memsize":572, "flags":{"wb_protected":true, "old":true, "long_lived":true, "marked":true}}
{"address":"0x7fcbb10696c0", "type":"STRING", "class":"0x7fcbb10e0ef0", "shared":true, "encoding":"UTF-8", "references":["0x7fcbb2022508"], "memsize":40, "flags":{"wb_protected":true, "old":true, "long_lived":true, "marked":true}}
{"address":"0x7fcbb10696e8", "type":"STRING", "class":"0x7fcbb10e0ef0", "embedded":true, "bytesize":0, "value":"", "encoding":"UTF-8", "memsize":40, "flags":{"wb_protected":true, "old":true, "long_lived":true, "marked":true}}
{"address":"0x7fcbb1069760", "type":"STRING", "class":"0x7fcbb10e0ef0", "shared":true, "encoding":"UTF-8", "references":["0x7fcbb1029138"], "memsize":40, "flags":{"wb_protected":true, "old":true, "long_lived":true, "marked":true}}
{"address":"0x7fcbb1069788", "type":"STRING", "class":"0x7fcbb10e0ef0", "shared":true, "encoding":"UTF-8", "references":["0x7fcbb2022738"], "memsize":40, "flags":{"wb_protected":true, "old":true, "long_lived":true, "marked":true}}
{"address":"0x7fcbb10697b0", "type":"STRING", "class":"0x7fcbb10e0ef0", "embedded":true, "bytesize":1, "value":"o", "encoding":"UTF-8", "memsize":40, "flags":{"wb_protected":true, "old":true, "long_lived":true, "marked":true}}
{"address":"0x7fcbb10697d8", "type":"STRING", "class":"0x7fcbb10e0ef0", "shared":true, "encoding":"UTF-8", "references":["0x7fcbb2022a80"], "memsize":40, "flags":{"wb_protected":true, "old":true, "long_lived":true, "marked":true}}
{"address":"0x7fcbb1069800", "type":"STRING", "class":"0x7fcbb10e0ef0", "embedded":true, "bytesize":6, "value":"gcc -E", "encoding":"UTF-8", "memsize":40, "flags":{"wb_protected":true, "old":true, "long_lived":true, "marked":true}}
{"address":"0x7fcbb1069850", "type":"STRING", "class":"0x7fcbb10e0ef0", "embedded":true, "bytesize":13, "value":"/usr/bin/grep", "encoding":"UTF-8", "memsize":40, "flags":{"wb_protected":true, "old":true, "long_lived":true, "marked":true}}
{"address":"0x7fcbb1069878", "type":"STRING", "class":"0x7fcbb10e0ef0", "frozen":true, "embedded":true, "fstring":true, "bytesize":6, "value":"plugin", "encoding":"US-ASCII", "memsize":40, "flags":{"wb_protected":true, "old":true, "long_lived":true, "marked":true}}
{"address":"0x7fcbb1069918", "type":"STRING", "class":"0x7fcbb10e0ef0", "embedded":true, "bytesize":16, "value":"/usr/bin/grep -E", "encoding":"UTF-8", "memsize":40, "flags":{"wb_protected":true, "old":true, "long_lived":true, "marked":true}}
{"address":"0x7fcbb1069940", "type":"STRING", "class":"0x7fcbb10e0ef0", "embedded":true, "bytesize":3, "value":"yes", "encoding":"UTF-8", "memsize":40, "flags":{"wb_protected":true, "old":true, "long_lived":true, "marked":true}}
{"address":"0x7fcbb1069968", "type":"STRING", "class":"0x7fcbb10e0ef0", "frozen":true, "embedded":true, "fstring":true, "bytesize":7, "value":"plugins", "encoding":"US-ASCII", "memsize":40, "flags":{"wb_protected":true, "old":true, "long_lived":true, "marked":true}}
{"address":"0x7fcbb1069990", "type":"STRING", "class":"0x7fcbb10e0ef0", "frozen":true, "embedded":true, "fstring":true, "bytesize":17, "value":"load_plugin_files", "encoding":"US-ASCII", "memsize":40, "flags":{"wb_protected":true, "old":true, "long_lived":true, "marked":true}}
{"address":"0x7fcbb10699e0", "type":"STRING", "class":"0x7fcbb10e0ef0", "embedded":true, "bytesize":2, "value":"ld", "encoding":"UTF-8", "memsize":40, "flags":{"wb_protected":true, "old":true, "long_lived":true, "marked":true}}
{"address":"0x7fcbb1069a08", "type":"STRING", "class":"0x7fcbb10e0ef0", "embedded":true, "bytesize":2, "value":"no", "encoding":"UTF-8", "memsize":40, "flags":{"wb_protected":true, "old":true, "long_lived":true, "marked":true}}
{"address":"0x7fcbb1069a30", "type":"STRING", "class":"0x7fcbb10e0ef0", "embedded":true, "bytesize":13, "value":"-o conftest.i", "encoding":"UTF-8", "memsize":40, "flags":{"wb_protected":true, "old":true, "long_lived":true, "marked":true}}
{"address":"0x7fcbb1069a58", "type":"STRING", "class":"0x7fcbb10e0ef0", "embedded":true, "bytesize":3, "value":"-o ", "encoding":"UTF-8", "memsize":40, "flags":{"wb_protected":true, "old":true, "long_lived":true, "marked":true}}
{"address":"0x7fcbb1069aa8", "type":"STRING", "class":"0x7fcbb10e0ef0", "embedded":true, "bytesize":3, "value":"-o ", "encoding":"UTF-8", "memsize":40, "flags":{"wb_protected":true, "old":true, "long_lived":true, "marked":true}}
{"address":"0x7fcbb1069b98", "type":"STRING", "class":"0x7fcbb10e0ef0", "embedded":true, "bytesize":6, "value":"gcc -v", "encoding":"UTF-8", "memsize":40, "flags":{"wb_protected":true, "old":true, "long_lived":true, "marked":true}}
{"address":"0x7fcbb1069bc0", "type":"STRING", "class":"0x7fcbb10e0ef0", "embedded":true, "bytesize":0, "value":"", "encoding":"UTF-8", "memsize":40, "flags":{"wb_protected":true, "old":true, "long_lived":true, "marked":true}}
{"address":"0x7fcbb1069be8", "type":"STRING", "class":"0x7fcbb10e0ef0", "embedded":true, "bytesize":6, "value":"ranlib", "encoding":"UTF-8", "memsize":40, "flags":{"wb_protected":true, "old":true, "long_lived":true, "marked":true}}
{"address":"0x7fcbb1069cd8", "type":"STRING", "class":"0x7fcbb10e0ef0", "embedded":true, "bytesize":2, "value":"ar", "encoding":"UTF-8", "memsize":40, "flags":{"wb_protected":true, "old":true, "long_lived":true, "marked":true}}
{"address":"0x7fcbb1069e18", "type":"STRING", "class":"0x7fcbb10e0ef0", "embedded":true, "bytesize":2, "value":"as", "encoding":"UTF-8", "memsize":40, "flags":{"wb_protected":true, "old":true, "long_lived":true, "marked":true}}
{"address":"0x7fcbb1069e40", "type":"STRING", "class":"0x7fcbb10e0ef0", "frozen":true, "embedded":true, "fstring":true, "bytesize":1, "value":"r", "encoding":"US-ASCII", "memsize":40, "flags":{"wb_protected":true, "old":true, "long_lived":true, "marked":true}}
{"address":"0x7fcbb1069f08", "type":"STRING", "class":"0x7fcbb10e0ef0", "embedded":true, "bytesize":0, "value":"", "encoding":"UTF-8", "memsize":40, "flags":{"wb_protected":true, "old":true, "long_lived":true, "marked":true}}
{"address":"0x7fcbb1069f80", "type":"STRING", "class":"0x7fcbb10e0ef0", "embedded":true, "bytesize":0, "value":"", "encoding":"UTF-8", "memsize":40, "flags":{"wb_protected":true, "old":true, "long_lived":true, "marked":true}}
{"address":"0x7fcbb1069fa8", "type":"STRING", "class":"0x7fcbb10e0ef0", "embedded":true, "bytesize":0, "value":"", "encoding":"UTF-8", "memsize":40, "flags":{"wb_protected":true, "old":true, "long_lived":true, "marked":true}}
{"address":"0x7fcbb106a048", "type":"STRING", "class":"0x7fcbb10e0ef0", "frozen":true, "embedded":true, "fstring":true, "bytesize":13, "value":"ruby_platform", "encoding":"US-ASCII", "memsize":40, "flags":{"wb_protected":true, "old":true, "long_lived":true, "marked":true}}
{"address":"0x7fcbb106a070", "type":"STRING", "class":"0x7fcbb10e0ef0", "embedded":true, "bytesize":1, "value":":", "encoding":"UTF-8", "memsize":40, "flags":{"wb_protected":true, "old":true, "long_lived":true, "marked":true}}
{"address":"0x7fcbb106a110", "type":"STRING", "class":"0x7fcbb10e0ef0", "embedded":true, "bytesize":0, "value":"", "encoding":"UTF-8", "memsize":40, "flags":{"wb_protected":true, "old":true, "long_lived":true, "marked":true}}
{"address":"0x7fcbb106a138", "type":"STRING", "class":"0x7fcbb10e0ef0", "frozen":true, "embedded":true, "fstring":true, "bytesize":13, "value":"win_platform?", "encoding":"US-ASCII", "memsize":40, "flags":{"wb_protected":true, "old":true, "long_lived":true, "marked":true}}
{"address":"0x7fcbb106a188", "type":"STRING", "class":"0x7fcbb10e0ef0", "embedded":true, "bytesize":0, "value":"", "encoding":"UTF-8", "memsize":40, "flags":{"wb_protected":true, "old":true, "long_lived":true, "marked":true}}
{"address":"0x7fcbb106a1b0", "type":"STRING", "class":"0x7fcbb10e0ef0", "embedded":true, "bytesize":2, "value":"nm", "encoding":"UTF-8", "memsize":40, "flags":{"wb_protected":true, "old":true, "long_lived":true, "marked":true}}
{"address":"0x7fcbb106a1d8", "type":"STRING", "class":"0x7fcbb10e0ef0", "embedded":true, "bytesize":5, "value":"ln -s", "encoding":"UTF-8", "memsize":40, "flags":{"wb_protected":true, "old":true, "long_lived":true, "marked":true}}
{"address":"0x7fcbb106a200", "type":"STRING", "class":"0x7fcbb10e0ef0", "embedded":true, "bytesize":0, "value":"", "encoding":"UTF-8", "memsize":40, "flags":{"wb_protected":true, "old":true, "long_lived":true, "marked":true}}
{"address":"0x7fcbb106a250", "type":"STRING", "class":"0x7fcbb10e0ef0", "embedded":true, "bytesize":19, "value":"/usr/bin/install -c", "encoding":"UTF-8", "memsize":40, "flags":{"wb_protected":true, "old":true, "long_lived":true, "marked":true}}
{"address":"0x7fcbb106a340", "type":"STRING", "class":"0x7fcbb10e0ef0", "embedded":true, "bytesize":19, "value":"/usr/bin/install -c", "encoding":"UTF-8", "memsize":40, "flags":{"wb_protected":true, "old":true, "long_lived":true, "marked":true}}
{"address":"0x7fcbb106a3e0", "type":"STRING", "class":"0x7fcbb10e0ef0", "shared":true, "encoding":"UTF-8", "references":["0x7fcbb2023b10"], "memsize":40, "flags":{"wb_protected":true, "old":true, "long_lived":true, "marked":true}}
{"address":"0x7fcbb106a430", "type":"STRING", "class":"0x7fcbb10e0ef0", "embedded":true, "bytesize":8, "value":"mkdir -p", "encoding":"UTF-8", "memsize":40, "flags":{"wb_protected":true, "old":true, "long_lived":true, "marked":true}}
{"address":"0x7fcbb106a458", "type":"STRING", "class":"0x7fcbb10e0ef0", "embedded":true, "bytesize":8, "value":"mkdir -p", "encoding":"UTF-8", "memsize":40, "flags":{"wb_protected":true, "old":true, "long_lived":true, "marked":true}}
{"address":"0x7fcbb106a480", "type":"STRING", "class":"0x7fcbb10e0ef0", "embedded":true, "bytesize":6, "value":"dtrace", "encoding":"UTF-8", "memsize":40, "flags":{"wb_protected":true, "old":true, "long_lived":true, "marked":true}}
{"address":"0x7fcbb106a4a8", "type":"STRING", "class":"0x7fcbb10e0ef0", "embedded":true, "bytesize":0, "value":"", "encoding":"UTF-8", "memsize":40, "flags":{"wb_protected":true, "old":true, "long_lived":true, "marked":true}}
{"address":"0x7fcbb106a4f8", "type":"STRING", "class":"0x7fcbb10e0ef0", "embedded":true, "bytesize":0, "value":"", "encoding":"UTF-8", "memsize":40, "flags":{"wb_protected":true, "old":true, "long_lived":true, "marked":true}}
{"address":"0x7fcbb106a5c0", "type":"STRING", "class":"0x7fcbb10e0ef0", "embedded":true, "bytesize":0, "value":"", "encoding":"UTF-8", "memsize":40, "flags":{"wb_protected":true, "old":true, "long_lived":true, "marked":true}}
{"address":"0x7fcbb106a660", "type":"STRING", "class":"0x7fcbb10e0ef0", "frozen":true, "embedded":true, "fstring":true, "bytesize":8, "value":"GEM_PATH", "encoding":"UTF-8", "memsize":40, "flags":{"wb_protected":true, "old":true, "long_lived":true, "marked":true}}
{"address":"0x7fcbb106a6d8", "type":"STRING", "class":"0x7fcbb10e0ef0", "embedded":true, "bytesize":10, "value":"pkg-config", "encoding":"UTF-8", "memsize":40, "flags":{"wb_protected":true, "old":true, "long_lived":true, "marked":true}}
{"address":"0x7fcbb106a700", "type":"STRING", "class":"0x7fcbb10e0ef0", "embedded":true, "bytesize":0, "value":"", "encoding":"UTF-8", "memsize":40, "flags":{"wb_protected":true, "old":true, "long_lived":true, "marked":true}}
{"address":"0x7fcbb106a778", "type":"STRING", "class":"0x7fcbb10e0ef0", "frozen":true, "embedded":true, "fstring":true, "bytesize":8, "value":"GEM_HOME", "encoding":"UTF-8", "memsize":40, "flags":{"wb_protected":true, "old":true, "long_lived":true, "marked":true}}
{"address":"0x7fcbb106a7f0", "type":"STRING", "class":"0x7fcbb10e0ef0", "embedded":true, "bytesize":5, "value":"rm -f", "encoding":"UTF-8", "memsize":40, "flags":{"wb_protected":true, "old":true, "long_lived":true, "marked":true}}
{"address":"0x7fcbb106a818", "type":"STRING", "class":"0x7fcbb10e0ef0", "embedded":true, "bytesize":0, "value":"", "encoding":"UTF-8", "memsize":40, "flags":{"wb_protected":true, "old":true, "long_lived":true, "marked":true}}
{"address":"0x7fcbb106a868", "type":"STRING", "class":"0x7fcbb10e0ef0", "embedded":true, "bytesize":2, "value":"cp", "encoding":"UTF-8", "memsize":40, "flags":{"wb_protected":true, "old":true, "long_lived":true, "marked":true}}
{"address":"0x7fcbb106a9a8", "type":"STRING", "class":"0x7fcbb10e0ef0", "embedded":true, "bytesize":5, "value":"rmdir", "encoding":"UTF-8", "memsize":40, "flags":{"wb_protected":true, "old":true, "long_lived":true, "marked":true}}
{"address":"0x7fcbb106ab60", "type":"STRING", "class":"0x7fcbb10e0ef0", "embedded":true, "bytesize":8, "value":"rmdir -p", "encoding":"UTF-8", "memsize":40, "flags":{"wb_protected":true, "old":true, "long_lived":true, "marked":true}}
{"address":"0x7fcbb106ac50", "type":"STRING", "class":"0x7fcbb10e0ef0", "embedded":true, "bytesize":6, "value":"rm -fr", "encoding":"UTF-8", "memsize":40, "flags":{"wb_protected":true, "old":true, "long_lived":true, "marked":true}}
{"address":"0x7fcbb106aca0", "type":"STRING", "class":"0x7fcbb10e0ef0", "embedded":true, "bytesize":5, "value":"cd -P", "encoding":"UTF-8", "memsize":40, "flags":{"wb_protected":true, "old":true, "long_lived":true, "marked":true}}
{"address":"0x7fcbb106acc8", "type":"STRING", "class":"0x7fcbb10e0ef0", "frozen":true, "embedded":true, "fstring":true, "bytesize":9, "value":"use_paths", "encoding":"US-ASCII", "memsize":40, "flags":{"wb_protected":true, "old":true, "long_lived":true, "marked":true}}
{"address":"0x7fcbb106ad18", "type":"STRING", "class":"0x7fcbb10e0ef0", "embedded":true, "bytesize":7, "value":"-Werror", "encoding":"UTF-8", "memsize":40, "flags":{"wb_protected":true, "old":true, "long_lived":true, "marked":true}}
{"address":"0x7fcbb106ad40", "type":"STRING", "class":"0x7fcbb10e0ef0", "shared":true, "encoding":"UTF-8", "references":["0x7fcbb10393d0"], "memsize":40, "flags":{"wb_protected":true, "old":true, "long_lived":true, "marked":true}}
{"address":"0x7fcbb106ad68", "type":"STRING", "class":"0x7fcbb10e0ef0", "embedded":true, "bytesize":8, "value":"codesign", "encoding":"UTF-8", "memsize":40, "flags":{"wb_protected":true, "old":true, "long_lived":true, "marked":true}}
{"address":"0x7fcbb106ad90", "type":"STRING", "class":"0x7fcbb10e0ef0", "embedded":true, "bytesize":0, "value":"", "encoding":"UTF-8", "memsize":40, "flags":{"wb_protected":true, "old":true, "long_lived":true, "marked":true}}
{"address":"0x7fcbb106adb8", "type":"STRING", "class":"0x7fcbb10e0ef0", "shared":true, "encoding":"UTF-8", "references":["0x7fcbb1039010"], "memsize":40, "flags":{"wb_protected":true, "old":true, "long_lived":true, "marked":true}}
{"address":"0x7fcbb106ae08", "type":"STRING", "class":"0x7fcbb10e0ef0", "embedded":true, "bytesize":0, "value":"", "encoding":"UTF-8", "memsize":40, "flags":{"wb_protected":true, "old":true, "long_lived":true, "marked":true}}
{"address":"0x7fcbb106aef8", "type":"STRING", "class":"0x7fcbb10e0ef0", "embedded":true, "bytesize":0, "value":"", "encoding":"UTF-8", "memsize":40, "flags":{"wb_protected":true, "old":true, "long_lived":true, "marked":true}}
{"address":"0x7fcbb106af48", "type":"STRING", "class":"0x7fcbb10e0ef0", "frozen":true, "embedded":true, "fstring":true, "bytesize":22, "value":"DefaultUserInteraction", "encoding":"US-ASCII", "memsize":40, "flags":{"wb_protected":true, "old":true, "long_lived":true, "marked":true}}
{"address":"0x7fcbb106af98", "type":"STRING", "class":"0x7fcbb10e0ef0", "embedded":true, "bytesize":11, "value":"-fno-common", "encoding":"UTF-8", "memsize":40, "flags":{"wb_protected":true, "old":true, "long_lived":true, "marked":true}}
{"address":"0x7fcbb106afe8", "type":"STRING", "class":"0x7fcbb10e0ef0", "embedded":true, "bytesize":20, "value":"gcc -dynamic -bundle", "encoding":"UTF-8", "memsize":40, "flags":{"wb_protected":true, "old":true, "long_lived":true, "marked":true}}
{"address":"0x7fcbb106b038", "type":"STRING", "class":"0x7fcbb10e0ef0", "embedded":true, "bytesize":20, "value":"g++ -dynamic -bundle", "encoding":"UTF-8", "memsize":40, "flags":{"wb_protected":true, "old":true, "long_lived":true, "marked":true}}
{"address":"0x7fcbb106b088", "type":"STRING", "class":"0x7fcbb10e0ef0", "embedded":true, "bytesize":0, "value":"", "encoding":"UTF-8", "memsize":40, "flags":{"wb_protected":true, "old":true, "long_lived":true, "marked":true}}
{"address":"0x7fcbb106b0d8", "type":"STRING", "class":"0x7fcbb10e0ef0", "embedded":true, "bytesize":6, "value":"bundle", "encoding":"UTF-8", "memsize":40, "flags":{"wb_protected":true, "old":true, "long_lived":true, "marked":true}}
{"address":"0x7fcbb106b128", "type":"STRING", "class":"0x7fcbb10e0ef0", "embedded":true, "bytesize":0, "value":"", "encoding":"UTF-8", "memsize":40, "flags":{"wb_protected":true, "old":true, "long_lived":true, "marked":true}}
{"address":"0x7fcbb106b150", "type":"STRING", "class":"0x7fcbb10e0ef0", "embedded":true, "bytesize":1, "value":"a", "encoding":"UTF-8", "memsize":40, "flags":{"wb_protected":true, "old":true, "long_lived":true, "marked":true}}
{"address":"0x7fcbb106b178", "type":"STRING", "class":"0x7fcbb10e0ef0", "embedded":true, "bytesize":1, "value":"S", "encoding":"UTF-8", "memsize":40, "flags":{"wb_protected":true, "old":true, "long_lived":true, "marked":true}}
{"address":"0x7fcbb106b1a0", "type":"STRING", "class":"0x7fcbb10e0ef0", "shared":true, "encoding":"UTF-8", "references":["0x7fcbb2018918"], "memsize":40, "flags":{"wb_protected":true, "old":true, "long_lived":true, "marked":true}}
{"address":"0x7fcbb106b1f0", "type":"STRING", "class":"0x7fcbb10e0ef0", "embedded":true, "bytesize":5, "value":" -L%s", "encoding":"UTF-8", "memsize":40, "flags":{"wb_protected":true, "old":true, "long_lived":true, "marked":true}}
{"address":"0x7fcbb106b2b8", "type":"STRING", "class":"0x7fcbb10e0ef0", "embedded":true, "bytesize":0, "value":"", "encoding":"UTF-8", "memsize":40, "flags":{"wb_protected":true, "old":true, "long_lived":true, "marked":true}}
{"address":"0x7fcbb106b2e0", "type":"STRING", "class":"0x7fcbb10e0ef0", "embedded":true, "bytesize":17, "value":"DYLD_LIBRARY_PATH", "encoding":"UTF-8", "memsize":40, "flags":{"wb_protected":true, "old":true, "long_lived":true, "marked":true}}
{"address":"0x7fcbb106b380", "type":"STRING", "class":"0x7fcbb10e0ef0", "embedded":true, "bytesize":0, "value":"", "encoding":"UTF-8", "memsize":40, "flags":{"wb_protected":true, "old":true, "long_lived":true, "marked":true}}
{"address":"0x7fcbb106b588", "type":"STRING", "class":"0x7fcbb10e0ef0", "embedded":true, "bytesize":11, "value":"strip -A -n", "encoding":"UTF-8", "memsize":40, "flags":{"wb_protected":true, "old":true, "long_lived":true, "marked":true}}
{"address":"0x7fcbb106b5b0", "type":"STRING", "class":"0x7fcbb10e0ef0", "embedded":true, "bytesize":0, "value":"", "encoding":"UTF-8", "memsize":40, "flags":{"wb_protected":true, "old":true, "long_lived":true, "marked":true}}
{"address":"0x7fcbb106b5d8", "type":"STRING", "class":"0x7fcbb10e0ef0", "frozen":true, "embedded":true, "fstring":true, "bytesize":3, "value":"say", "encoding":"US-ASCII", "memsize":40, "flags":{"wb_protected":true, "old":true, "long_lived":true, "marked":true}}
{"address":"0x7fcbb106b628", "type":"STRING", "class":"0x7fcbb10e0ef0", "frozen":true, "embedded":true, "fstring":true, "bytesize":2, "value":"ui", "encoding":"US-ASCII", "memsize":40, "flags":{"wb_protected":true, "old":true, "long_lived":true, "marked":true}}
{"address":"0x7fcbb106b650", "type":"STRING", "class":"0x7fcbb10e0ef0", "embedded":true, "bytesize":0, "value":"", "encoding":"UTF-8", "memsize":40, "flags":{"wb_protected":true, "old":true, "long_lived":true, "marked":true}}
{"address":"0x7fcbb106b718", "type":"STRING", "class":"0x7fcbb10e0ef0", "embedded":true, "bytesize":0, "value":"", "encoding":"UTF-8", "memsize":40, "flags":{"wb_protected":true, "old":true, "long_lived":true, "marked":true}}
{"address":"0x7fcbb106b7b8", "type":"STRING", "class":"0x7fcbb10e0ef0", "frozen":true, "embedded":true, "fstring":true, "bytesize":7, "value":"elapsed", "encoding":"US-ASCII", "memsize":40, "flags":{"wb_protected":true, "old":true, "long_lived":true, "marked":true}}
{"address":"0x7fcbb106b7e0", "type":"STRING", "class":"0x7fcbb10e0ef0", "embedded":true, "bytesize":5, "value":"Setup", "encoding":"UTF-8", "memsize":40, "flags":{"wb_protected":true, "old":true, "long_lived":true, "marked":true}}
{"address":"0x7fcbb106b880", "type":"STRING", "class":"0x7fcbb10e0ef0", "shared":true, "encoding":"UTF-8", "references":["0x7fcbb10997d0"], "memsize":40, "flags":{"wb_protected":true, "old":true, "long_lived":true, "marked":true}}
{"address":"0x7fcbb106b8d0", "type":"STRING", "class":"0x7fcbb10e0ef0", "embedded":true, "bytesize":3, "value":"yes", "encoding":"UTF-8", "memsize":40, "flags":{"wb_protected":true, "old":true, "long_lived":true, "marked":true}}
{"address":"0x7fcbb106b920", "type":"STRING", "class":"0x7fcbb10e0ef0", "embedded":true, "bytesize":2, "value":"no", "encoding":"UTF-8", "memsize":40, "flags":{"wb_protected":true, "old":true, "long_lived":true, "marked":true}}
{"address":"0x7fcbb106b998", "type":"STRING", "class":"0x7fcbb10e0ef0", "embedded":true, "bytesize":11, "value":"$(MINIRUBY)", "encoding":"UTF-8", "memsize":40, "flags":{"wb_protected":true, "old":true, "long_lived":true, "marked":true}}
{"address":"0x7fcbb106ba60", "type":"STRING", "class":"0x7fcbb10e0ef0", "frozen":true, "embedded":true, "fstring":true, "bytesize":7, "value":"verbose", "encoding":"US-ASCII", "memsize":40, "flags":{"wb_protected":true, "old":true, "long_lived":true, "marked":true}}
{"address":"0x7fcbb106bb50", "type":"STRING", "class":"0x7fcbb10e0ef0", "frozen":true, "embedded":true, "fstring":true, "bytesize":5, "value":"width", "encoding":"US-ASCII", "memsize":40, "flags":{"wb_protected":true, "old":true, "long_lived":true, "marked":true}}
{"address":"0x7fcbb106bb78", "type":"STRING", "class":"0x7fcbb10e0ef0", "embedded":true, "bytesize":8, "value":"miniruby", "encoding":"UTF-8", "memsize":40, "flags":{"wb_protected":true, "old":true, "long_lived":true, "marked":true}}
{"address":"0x7fcbb106bba0", "type":"STRING", "class":"0x7fcbb10e0ef0", "frozen":true, "embedded":true, "fstring":true, "bytesize":4, "value":"time", "encoding":"US-ASCII", "memsize":40, "flags":{"wb_protected":true, "old":true, "long_lived":true, "marked":true}}
{"address":"0x7fcbb106bbf0", "type":"STRING", "class":"0x7fcbb10e0ef0", "shared":true, "encoding":"UTF-8", "references":["0x7fcbb2019458"], "memsize":40, "flags":{"wb_protected":true, "old":true, "long_lived":true, "marked":true}}
{"address":"0x7fcbb106bc18", "type":"STRING", "class":"0x7fcbb10e0ef0", "embedded":true, "bytesize":4, "value":".ext", "encoding":"UTF-8", "memsize":40, "flags":{"wb_protected":true, "old":true, "long_lived":true, "marked":true}}
{"address":"0x7fcbb106bc40", "type":"STRING", "class":"0x7fcbb10e0ef0", "embedded":true, "bytesize":2, "value":"no", "encoding":"UTF-8", "memsize":40, "flags":{"wb_protected":true, "old":true, "long_lived":true, "marked":true}}
{"address":"0x7fcbb106bc68", "type":"STRING", "class":"0x7fcbb10e0ef0", "embedded":true, "bytesize":0, "value":"", "encoding":"UTF-8", "memsize":40, "flags":{"wb_protected":true, "old":true, "long_lived":true, "marked":true}}
{"address":"0x7fcbb106bc90", "type":"STRING", "class":"0x7fcbb10e0ef0", "embedded":true, "bytesize":0, "value":"", "encoding":"UTF-8", "memsize":40, "flags":{"wb_protected":true, "old":true, "long_lived":true, "marked":true}}
{"address":"0x7fcbb106bce0", "type":"STRING", "class":"0x7fcbb10e0ef0", "embedded":true, "bytesize":1, "value":"d", "encoding":"UTF-8", "memsize":40, "flags":{"wb_protected":true, "old":true, "long_lived":true, "marked":true}}
{"address":"0x7fcbb106bdd0", "type":"STRING", "class":"0x7fcbb10e0ef0", "embedded":true, "bytesize":0, "value":"", "encoding":"UTF-8", "memsize":40, "flags":{"wb_protected":true, "old":true, "long_lived":true, "marked":true}}
{"address":"0x7fcbb106be48", "type":"STRING", "class":"0x7fcbb10e0ef0", "embedded":true, "bytesize":0, "value":"", "encoding":"UTF-8", "memsize":40, "flags":{"wb_protected":true, "old":true, "long_lived":true, "marked":true}}
{"address":"0x7fcbb106bee8", "type":"STRING", "class":"0x7fcbb10e0ef0", "embedded":true, "bytesize":5, "value":"nodoc", "encoding":"UTF-8", "memsize":40, "flags":{"wb_protected":true, "old":true, "long_lived":true, "marked":true}}
{"address":"0x7fcbb106bfb0", "type":"STRING", "class":"0x7fcbb10e0ef0", "embedded":true, "bytesize":5, "value":"nodoc", "encoding":"UTF-8", "memsize":40, "flags":{"wb_protected":true, "old":true, "long_lived":true, "marked":true}}
{"address":"0x7fcbb10702e0", "type":"STRING", "class":"0x7fcbb10e0ef0", "frozen":true, "embedded":true, "fstring":true, "bytesize":3, "value":"val", "encoding":"US-ASCII", "memsize":40, "flags":{"wb_protected":true, "old":true, "long_lived":true, "marked":true}}
{"address":"0x7fcbb1070308", "type":"STRING", "class":"0x7fcbb10e0ef0", "frozen":true, "embedded":true, "fstring":true, "bytesize":7, "value":"to_spec", "encoding":"US-ASCII", "memsize":40, "flags":{"wb_protected":true, "old":true, "long_lived":true, "marked":true}}
{"address":"0x7fcbb1070678", "type":"STRING", "class":"0x7fcbb10e0ef0", "frozen":true, "embedded":true, "fstring":true, "bytesize":9, "value":"@suffixes", "encoding":"US-ASCII", "memsize":40, "flags":{"wb_protected":true, "old":true, "long_lived":true, "marked":true}}
{"address":"0x7fcbb10708a8", "type":"STRING", "class":"0x7fcbb10e0ef0", "frozen":true, "embedded":true, "fstring":true, "bytesize":4, "value":"opts", "encoding":"US-ASCII", "memsize":40, "flags":{"wb_protected":true, "old":true, "long_lived":true, "marked":true}}
{"address":"0x7fcbb1070920", "type":"STRING", "class":"0x7fcbb10e0ef0", "frozen":true, "embedded":true, "fstring":true, "bytesize":7, "value":"to_yaml", "encoding":"US-ASCII", "memsize":40, "flags":{"wb_protected":true, "old":true, "long_lived":true, "marked":true}}
{"address":"0x7fcbb1070a38", "type":"STRING", "class":"0x7fcbb10e0ef0", "frozen":true, "embedded":true, "fstring":true, "bytesize":5, "value":"@@all", "encoding":"US-ASCII", "memsize":40, "flags":{"wb_protected":true, "old":true, "long_lived":true, "marked":true}}
{"address":"0x7fcbb1070a88", "type":"STRING", "class":"0x7fcbb10e0ef0", "frozen":true, "embedded":true, "fstring":true, "bytesize":8, "value":"suffixes", "encoding":"US-ASCII", "memsize":40, "flags":{"wb_protected":true, "old":true, "long_lived":true, "marked":true}}
{"address":"0x7fcbb1070b50", "type":"STRING", "class":"0x7fcbb10e0ef0", "frozen":true, "embedded":true, "fstring":true, "bytesize":15, "value":"@suffix_pattern", "encoding":"US-ASCII", "memsize":40, "flags":{"wb_protected":true, "old":true, "long_lived":true, "marked":true}}
{"address":"0x7fcbb1070f88", "type":"STRING", "class":"0x7fcbb10e0ef0", "frozen":true, "embedded":true, "fstring":true, "bytesize":4, "value":"_all", "encoding":"US-ASCII", "memsize":40, "flags":{"wb_protected":true, "old":true, "long_lived":true, "marked":true}}
{"address":"0x7fcbb1071028", "type":"STRING", "class":"0x7fcbb10e0ef0", "frozen":true, "embedded":true, "fstring":true, "bytesize":11, "value":"new_sources", "encoding":"US-ASCII", "memsize":40, "flags":{"wb_protected":true, "old":true, "long_lived":true, "marked":true}}
{"address":"0x7fcbb1071050", "type":"STRING", "class":"0x7fcbb10e0ef0", "frozen":true, "embedded":true, "fstring":true, "bytesize":8, "value":"sources=", "encoding":"US-ASCII", "memsize":40, "flags":{"wb_protected":true, "old":true, "long_lived":true, "marked":true}}
{"address":"0x7fcbb1071370", "type":"STRING", "class":"0x7fcbb10e0ef0", "frozen":true, "embedded":true, "fstring":true, "bytesize":15, "value":"default_sources", "encoding":"US-ASCII", "memsize":40, "flags":{"wb_protected":true, "old":true, "long_lived":true, "marked":true}}
{"address":"0x7fcbb1071398", "type":"STRING", "class":"0x7fcbb10e0ef0", "frozen":true, "embedded":true, "fstring":true, "bytesize":4, "value":"from", "encoding":"US-ASCII", "memsize":40, "flags":{"wb_protected":true, "old":true, "long_lived":true, "marked":true}}
{"address":"0x7fcbb10713e8", "type":"STRING", "class":"0x7fcbb10e0ef0", "frozen":true, "embedded":true, "fstring":true, "bytesize":10, "value":"SourceList", "encoding":"US-ASCII", "memsize":40, "flags":{"wb_protected":true, "old":true, "long_lived":true, "marked":true}}
{"address":"0x7fcbb10714b0", "type":"STRING", "class":"0x7fcbb10e0ef0", "frozen":true, "embedded":true, "fstring":true, "bytesize":7, "value":"sources", "encoding":"US-ASCII", "memsize":40, "flags":{"wb_protected":true, "old":true, "long_lived":true, "marked":true}}
{"address":"0x7fcbb1071910", "type":"STRING", "class":"0x7fcbb10e0ef0", "frozen":true, "embedded":true, "fstring":true, "bytesize":17, "value":"@rubygems_version", "encoding":"US-ASCII", "memsize":40, "flags":{"wb_protected":true, "old":true, "long_lived":true, "marked":true}}
{"address":"0x7fcbb1071988", "type":"STRING", "class":"0x7fcbb10e0ef0", "frozen":true, "embedded":true, "fstring":true, "bytesize":16, "value":"rubygems_version", "encoding":"US-ASCII", "memsize":40, "flags":{"wb_protected":true, "old":true, "long_lived":true, "marked":true}}
{"address":"0x7fcbb1071c08", "type":"STRING", "class":"0x7fcbb10e0ef0", "frozen":true, "embedded":true, "fstring":true, "bytesize":7, "value":"Version", "encoding":"US-ASCII", "memsize":40, "flags":{"wb_protected":true, "old":true, "long_lived":true, "marked":true}}
{"address":"0x7fcbb1072450", "type":"STRING", "class":"0x7fcbb10e0ef0", "frozen":true, "embedded":true, "fstring":true, "bytesize":13, "value":"@ruby_version", "encoding":"US-ASCII", "memsize":40, "flags":{"wb_protected":true, "old":true, "long_lived":true, "marked":true}}
{"address":"0x7fcbb10724c8", "type":"STRING", "class":"0x7fcbb10e0ef0", "frozen":true, "embedded":true, "fstring":true, "bytesize":12, "value":"ruby_version", "encoding":"US-ASCII", "memsize":40, "flags":{"wb_protected":true, "old":true, "long_lived":true, "marked":true}}
{"address":"0x7fcbb1072518", "type":"STRING", "class":"0x7fcbb10e0ef0", "frozen":true, "embedded":true, "fstring":true, "bytesize":17, "value":"to_ruby_for_cache", "encoding":"US-ASCII", "memsize":40, "flags":{"wb_protected":true, "old":true, "long_lived":true, "marked":true}}
{"address":"0x7fcbb1072bd0", "type":"STRING", "class":"0x7fcbb10e0ef0", "frozen":true, "embedded":true, "fstring":true, "bytesize":5, "value":"stubs", "encoding":"US-ASCII", "memsize":40, "flags":{"wb_protected":true, "old":true, "long_lived":true, "marked":true}}
{"address":"0x7fcbb1072c20", "type":"STRING", "class":"0x7fcbb10e0ef0", "frozen":true, "embedded":true, "fstring":true, "bytesize":18, "value":"latest_version_for", "encoding":"US-ASCII", "memsize":40, "flags":{"wb_protected":true, "old":true, "long_lived":true, "marked":true}}
{"address":"0x7fcbb1072c98", "type":"STRING", "class":"0x7fcbb10e0ef0", "frozen":true, "embedded":true, "fstring":true, "bytesize":23, "value":"latest_rubygems_version", "encoding":"US-ASCII", "memsize":40, "flags":{"wb_protected":true, "old":true, "long_lived":true, "marked":true}}
{"address":"0x7fcbb10730d0", "type":"STRING", "class":"0x7fcbb10e0ef0", "frozen":true, "embedded":true, "fstring":true, "bytesize":19, "value":"spec_for_dependency", "encoding":"US-ASCII", "memsize":40, "flags":{"wb_protected":true, "old":true, "long_lived":true, "marked":true}}
{"address":"0x7fcbb1073198", "type":"STRING", "class":"0x7fcbb10e0ef0", "frozen":true, "embedded":true, "fstring":true, "bytesize":11, "value":"spec_tuples", "encoding":"US-ASCII", "memsize":40, "flags":{"wb_protected":true, "old":true, "long_lived":true, "marked":true}}
{"address":"0x7fcbb1073288", "type":"STRING", "class":"0x7fcbb10e0ef0", "frozen":true, "embedded":true, "fstring":true, "bytesize":11, "value":"SpecFetcher", "encoding":"US-ASCII", "memsize":40, "flags":{"wb_protected":true, "old":true, "long_lived":true, "marked":true}}
{"address":"0x7fcbb1073300", "type":"STRING", "class":"0x7fcbb10e0ef0", "frozen":true, "embedded":true, "fstring":true, "bytesize":7, "value":"fetcher", "encoding":"US-ASCII", "memsize":40, "flags":{"wb_protected":true, "old":true, "long_lived":true, "marked":true}}
{"address":"0x7fcbb1073440", "type":"STRING", "class":"0x7fcbb10e0ef0", "frozen":true, "embedded":true, "fstring":true, "bytesize":10, "value":"dependency", "encoding":"US-ASCII", "memsize":40, "flags":{"wb_protected":true, "old":true, "long_lived":true, "marked":true}}
{"address":"0x7fcbb10734e0", "type":"STRING", "class":"0x7fcbb10e0ef0", "frozen":true, "embedded":true, "fstring":true, "bytesize":15, "value":"latest_spec_for", "encoding":"US-ASCII", "memsize":40, "flags":{"wb_protected":true, "old":true, "long_lived":true, "marked":true}}
{"address":"0x7fcbb1073be8", "type":"STRING", "class":"0x7fcbb10e0ef0", "frozen":true, "embedded":true, "fstring":true, "bytesize":2, "value":"\\s", "encoding":"US-ASCII", "memsize":40, "flags":{"wb_protected":true, "old":true, "long_lived":true, "marked":true}}
{"address":"0x7fcbb1073c60", "type":"REGEXP", "class":"0x7fcbb10d0b40", "references":["0x7fcbb1073be8"], "memsize":552, "flags":{"wb_protected":true, "old":true, "long_lived":true, "marked":true}}
{"address":"0x7fcbb10780a8", "type":"STRING", "class":"0x7fcbb10e0ef0", "embedded":true, "bytesize":0, "value":"", "encoding":"UTF-8", "memsize":40, "flags":{"wb_protected":true, "old":true, "long_lived":true, "marked":true}}
{"address":"0x7fcbb10780d0", "type":"STRING", "class":"0x7fcbb10e0ef0", "shared":true, "encoding":"UTF-8", "references":["0x7fcbb1048308"], "memsize":40, "flags":{"wb_protected":true, "old":true, "long_lived":true, "marked":true}}
{"address":"0x7fcbb10781e8", "type":"STRING", "class":"0x7fcbb10e0ef0", "embedded":true, "bytesize":0, "value":"", "encoding":"UTF-8", "memsize":40, "flags":{"wb_protected":true, "old":true, "long_lived":true, "marked":true}}
{"address":"0x7fcbb1078210", "type":"STRING", "class":"0x7fcbb10e0ef0", "embedded":true, "bytesize":6, "value":"-ggdb3", "encoding":"UTF-8", "memsize":40, "flags":{"wb_protected":true, "old":true, "long_lived":true, "marked":true}}
{"address":"0x7fcbb1078288", "type":"STRING", "class":"0x7fcbb10e0ef0", "embedded":true, "bytesize":0, "value":"", "encoding":"UTF-8", "memsize":40, "flags":{"wb_protected":true, "old":true, "long_lived":true, "marked":true}}
{"address":"0x7fcbb10782b0", "type":"STRING", "class":"0x7fcbb10e0ef0", "embedded":true, "bytesize":0, "value":"", "encoding":"UTF-8", "memsize":40, "flags":{"wb_protected":true, "old":true, "long_lived":true, "marked":true}}
{"address":"0x7fcbb1078378", "type":"STRING", "class":"0x7fcbb10e0ef0", "embedded":true, "bytesize":0, "value":"", "encoding":"UTF-8", "memsize":40, "flags":{"wb_protected":true, "old":true, "long_lived":true, "marked":true}}
{"address":"0x7fcbb10783a0", "type":"STRING", "class":"0x7fcbb10e0ef0", "embedded":true, "bytesize":18, "value":"-O3 -fno-fast-math", "encoding":"UTF-8", "memsize":40, "flags":{"wb_protected":true, "old":true, "long_lived":true, "marked":true}}
{"address":"0x7fcbb1078468", "type":"STRING", "class":"0x7fcbb10e0ef0", "embedded":true, "bytesize":22, "value":"libruby.2.2.0-static.a", "encoding":"UTF-8", "memsize":40, "flags":{"wb_protected":true, "old":true, "long_lived":true, "marked":true}}
{"address":"0x7fcbb1078508", "type":"STRING", "class":"0x7fcbb10e0ef0", "embedded":true, "bytesize":19, "value":"libruby.2.2.0.dylib", "encoding":"UTF-8", "memsize":40, "flags":{"wb_protected":true, "old":true, "long_lived":true, "marked":true}}
{"address":"0x7fcbb1078530", "type":"STRING", "class":"0x7fcbb10e0ef0", "frozen":true, "embedded":true, "fstring":true, "bytesize":4, "value":"ruby", "encoding":"US-ASCII", "memsize":40, "flags":{"wb_protected":true, "old":true, "long_lived":true, "marked":true}}
{"address":"0x7fcbb1078580", "type":"STRING", "class":"0x7fcbb10e0ef0", "shared":true, "encoding":"UTF-8", "references":["0x7fcbb201a948"], "memsize":40, "flags":{"wb_protected":true, "old":true, "long_lived":true, "marked":true}}
{"address":"0x7fcbb10785a8", "type":"STRING", "class":"0x7fcbb10e0ef0", "embedded":true, "bytesize":19, "value":"libruby.2.2.0.dylib", "encoding":"UTF-8", "memsize":40, "flags":{"wb_protected":true, "old":true, "long_lived":true, "marked":true}}
{"address":"0x7fcbb10785d0", "type":"STRING", "class":"0x7fcbb10e0ef0", "embedded":true, "bytesize":12, "value":"-lruby.2.2.0", "encoding":"UTF-8", "memsize":40, "flags":{"wb_protected":true, "old":true, "long_lived":true, "marked":true}}
{"address":"0x7fcbb10785f8", "type":"STRING", "class":"0x7fcbb10e0ef0", "shared":true, "encoding":"UTF-8", "references":["0x7fcbb201b3e8"], "memsize":40, "flags":{"wb_protected":true, "old":true, "long_lived":true, "marked":true}}
{"address":"0x7fcbb1078648", "type":"STRING", "class":"0x7fcbb10e0ef0", "embedded":true, "bytesize":12, "value":"-lruby.2.2.0", "encoding":"UTF-8", "memsize":40, "flags":{"wb_protected":true, "old":true, "long_lived":true, "marked":true}}
{"address":"0x7fcbb1078710", "type":"STRING", "class":"0x7fcbb10e0ef0", "embedded":true, "bytesize":21, "value":"-lpthread -ldl -lobjc", "encoding":"UTF-8", "memsize":40, "flags":{"wb_protected":true, "old":true, "long_lived":true, "marked":true}}
{"address":"0x7fcbb10787b0", "type":"STRING", "class":"0x7fcbb10e0ef0", "embedded":true, "bytesize":0, "value":"", "encoding":"UTF-8", "memsize":40, "flags":{"wb_protected":true, "old":true, "long_lived":true, "marked":true}}
{"address":"0x7fcbb1078800", "type":"STRING", "class":"0x7fcbb10e0ef0", "embedded":true, "bytesize":3, "value":"yes", "encoding":"UTF-8", "memsize":40, "flags":{"wb_protected":true, "old":true, "long_lived":true, "marked":true}}
{"address":"0x7fcbb1078850", "type":"STRING", "class":"0x7fcbb10e0ef0", "embedded":true, "bytesize":0, "value":"", "encoding":"UTF-8", "memsize":40, "flags":{"wb_protected":true, "old":true, "long_lived":true, "marked":true}}
{"address":"0x7fcbb10788c8", "type":"STRING", "class":"0x7fcbb10e0ef0", "embedded":true, "bytesize":0, "value":"", "encoding":"UTF-8", "memsize":40, "flags":{"wb_protected":true, "old":true, "long_lived":true, "marked":true}}
{"address":"0x7fcbb10788f0", "type":"STRING", "class":"0x7fcbb10e0ef0", "shared":true, "encoding":"UTF-8", "references":["0x7fcbb201a0b0"], "memsize":40, "flags":{"wb_protected":true, "old":true, "long_lived":true, "marked":true}}
{"address":"0x7fcbb10789e0", "type":"STRING", "class":"0x7fcbb10e0ef0", "embedded":true, "bytesize":0, "value":"", "encoding":"UTF-8", "memsize":40, "flags":{"wb_protected":true, "old":true, "long_lived":true, "marked":true}}
{"address":"0x7fcbb1078a30", "type":"STRING", "class":"0x7fcbb10e0ef0", "embedded":true, "bytesize":0, "value":"", "encoding":"UTF-8", "memsize":40, "flags":{"wb_protected":true, "old":true, "long_lived":true, "marked":true}}
{"address":"0x7fcbb1078b20", "type":"STRING", "class":"0x7fcbb10e0ef0", "embedded":true, "bytesize":0, "value":"", "encoding":"UTF-8", "memsize":40, "flags":{"wb_protected":true, "old":true, "long_lived":true, "marked":true}}
{"address":"0x7fcbb1078b70", "type":"STRING", "class":"0x7fcbb10e0ef0", "embedded":true, "bytesize":1, "value":"_", "encoding":"UTF-8", "memsize":40, "flags":{"wb_protected":true, "old":true, "long_lived":true, "marked":true}}
{"address":"0x7fcbb1078c60", "type":"STRING", "class":"0x7fcbb10e0ef0", "embedded":true, "bytesize":7, "value":"pthread", "encoding":"UTF-8", "memsize":40, "flags":{"wb_protected":true, "old":true, "long_lived":true, "marked":true}}
{"address":"0x7fcbb1078cb0", "type":"STRING", "class":"0x7fcbb10e0ef0", "embedded":true, "bytesize":0, "value":"", "encoding":"UTF-8", "memsize":40, "flags":{"wb_protected":true, "old":true, "long_lived":true, "marked":true}}
{"address":"0x7fcbb1078cd8", "type":"STRING", "class":"0x7fcbb10e0ef0", "frozen":true, "embedded":true, "fstring":true, "bytesize":1, "value":"f", "encoding":"US-ASCII", "memsize":40, "flags":{"wb_protected":true, "old":true, "long_lived":true, "marked":true}}
{"address":"0x7fcbb1078d50", "type":"STRING", "class":"0x7fcbb10e0ef0", "embedded":true, "bytesize":20, "value":"Makefile GNUmakefile", "encoding":"UTF-8", "memsize":40, "flags":{"wb_protected":true, "old":true, "long_lived":true, "marked":true}}
{"address":"0x7fcbb1078d78", "type":"STRING", "class":"0x7fcbb10e0ef0", "shared":true, "encoding":"UTF-8", "references":["0x7fcbb2019ca0"], "memsize":40, "flags":{"wb_protected":true, "old":true, "long_lived":true, "marked":true}}
{"address":"0x7fcbb1078e18", "type":"STRING", "class":"0x7fcbb10e0ef0", "shared":true, "encoding":"UTF-8", "references":["0x7fcbb201bd48"], "memsize":40, "flags":{"wb_protected":true, "old":true, "long_lived":true, "marked":true}}
{"address":"0x7fcbb1078e68", "type":"STRING", "class":"0x7fcbb10e0ef0", "shared":true, "encoding":"UTF-8", "references":["0x7fcbb10c1ca8"], "memsize":40, "flags":{"wb_protected":true, "old":true, "long_lived":true, "marked":true}}
{"address":"0x7fcbb1078e90", "type":"STRING", "class":"0x7fcbb10e0ef0", "frozen":true, "embedded":true, "fstring":true, "bytesize":11, "value":"read_binary", "encoding":"US-ASCII", "memsize":40, "flags":{"wb_protected":true, "old":true, "long_lived":true, "marked":true}}
{"address":"0x7fcbb1078ee0", "type":"STRING", "class":"0x7fcbb10e0ef0", "shared":true, "encoding":"UTF-8", "references":["0x7fcbb10c0cb8"], "memsize":40, "flags":{"wb_protected":true, "old":true, "long_lived":true, "marked":true}}
{"address":"0x7fcbb1078f08", "type":"STRING", "class":"0x7fcbb10e0ef0", "embedded":true, "bytesize":2, "value":"ri", "encoding":"UTF-8", "memsize":40, "flags":{"wb_protected":true, "old":true, "long_lived":true, "marked":true}}
{"address":"0x7fcbb1078f30", "type":"STRING", "class":"0x7fcbb10e0ef0", "embedded":true, "bytesize":12, "value":"3\t/* full */", "encoding":"UTF-8", "memsize":40, "flags":{"wb_protected":true, "old":true, "long_lived":true, "marked":true}}
{"address":"0x7fcbb1078f58", "type":"STRING", "class":"0x7fcbb10e0ef0", "embedded":true, "bytesize":0, "value":"", "encoding":"UTF-8", "memsize":40, "flags":{"wb_protected":true, "old":true, "long_lived":true, "marked":true}}
{"address":"0x7fcbb1078fa8", "type":"STRING", "class":"0x7fcbb10e0ef0", "shared":true, "encoding":"UTF-8", "references":["0x7fcbb104a540"], "memsize":40, "flags":{"wb_protected":true, "old":true, "long_lived":true, "marked":true}}
{"address":"0x7fcbb1079048", "type":"STRING", "class":"0x7fcbb10e0ef0", "embedded":true, "bytesize":6, "value":"libdir", "encoding":"UTF-8", "memsize":40, "flags":{"wb_protected":true, "old":true, "long_lived":true, "marked":true}}
{"address":"0x7fcbb10790e8", "type":"STRING", "class":"0x7fcbb10e0ef0", "shared":true, "encoding":"UTF-8", "references":["0x7fcbb10ba4a8"], "memsize":40, "flags":{"wb_protected":true, "old":true, "long_lived":true, "marked":true}}
{"address":"0x7fcbb1079110", "type":"STRING", "class":"0x7fcbb10e0ef0", "frozen":true, "embedded":true, "fstring":true, "bytesize":7, "value":"refresh", "encoding":"US-ASCII", "memsize":40, "flags":{"wb_protected":true, "old":true, "long_lived":true, "marked":true}}
{"address":"0x7fcbb1079160", "type":"STRING", "class":"0x7fcbb10e0ef0", "shared":true, "encoding":"UTF-8", "references":["0x7fcbb1088368"], "memsize":40, "flags":{"wb_protected":true, "old":true, "long_lived":true, "marked":true}}
{"address":"0x7fcbb1079188", "type":"STRING", "class":"0x7fcbb10e0ef0", "shared":true, "encoding":"UTF-8", "references":["0x7fcbb1088890"], "memsize":40, "flags":{"wb_protected":true, "old":true, "long_lived":true, "marked":true}}
{"address":"0x7fcbb10791b0", "type":"STRING", "class":"0x7fcbb10e0ef0", "shared":true, "encoding":"UTF-8", "references":["0x7fcbb1089858"], "memsize":40, "flags":{"wb_protected":true, "old":true, "long_lived":true, "marked":true}}
{"address":"0x7fcbb10791d8", "type":"STRING", "class":"0x7fcbb10e0ef0", "embedded":true, "bytesize":15, "value":"x86_64-darwin14", "encoding":"UTF-8", "memsize":40, "flags":{"wb_protected":true, "old":true, "long_lived":true, "marked":true}}
{"address":"0x7fcbb1079228", "type":"STRING", "class":"0x7fcbb10e0ef0", "embedded":true, "bytesize":15, "value":"x86_64-darwin14", "encoding":"UTF-8", "memsize":40, "flags":{"wb_protected":true, "old":true, "long_lived":true, "marked":true}}
{"address":"0x7fcbb10792f0", "type":"STRING", "class":"0x7fcbb10e0ef0", "embedded":true, "bytesize":5, "value":"2.2.0", "encoding":"UTF-8", "memsize":40, "flags":{"wb_protected":true, "old":true, "long_lived":true, "marked":true}}
{"address":"0x7fcbb1079368", "type":"STRING", "class":"0x7fcbb10e0ef0", "shared":true, "encoding":"UTF-8", "references":["0x7fcbb108a618"], "memsize":40, "flags":{"wb_protected":true, "old":true, "long_lived":true, "marked":true}}
{"address":"0x7fcbb1079390", "type":"STRING", "class":"0x7fcbb10e0ef0", "shared":true, "encoding":"UTF-8", "references":["0x7fcbb108a078"], "memsize":40, "flags":{"wb_protected":true, "old":true, "long_lived":true, "marked":true}}
{"address":"0x7fcbb10794f8", "type":"STRING", "class":"0x7fcbb10e0ef0", "shared":true, "encoding":"UTF-8", "references":["0x7fcbb1099e60"], "memsize":40, "flags":{"wb_protected":true, "old":true, "long_lived":true, "marked":true}}
{"address":"0x7fcbb1079520", "type":"STRING", "class":"0x7fcbb10e0ef0", "embedded":true, "bytesize":0, "value":"", "encoding":"UTF-8", "memsize":40, "flags":{"wb_protected":true, "old":true, "long_lived":true, "marked":true}}
{"address":"0x7fcbb1079548", "type":"STRING", "class":"0x7fcbb10e0ef0", "shared":true, "encoding":"UTF-8", "references":["0x7fcbb108bb08"], "memsize":40, "flags":{"wb_protected":true, "old":true, "long_lived":true, "marked":true}}
{"address":"0x7fcbb10796b0", "type":"STRING", "class":"0x7fcbb10e0ef0", "shared":true, "encoding":"UTF-8", "references":["0x7fcbb108b590"], "memsize":40, "flags":{"wb_protected":true, "old":true, "long_lived":true, "marked":true}}
{"address":"0x7fcbb10796d8", "type":"STRING", "class":"0x7fcbb10e0ef0", "embedded":true, "bytesize":1, "value":":", "encoding":"UTF-8", "memsize":40, "flags":{"wb_protected":true, "old":true, "long_lived":true, "marked":true}}
{"address":"0x7fcbb10797a0", "type":"STRING", "class":"0x7fcbb10e0ef0", "shared":true, "encoding":"UTF-8", "references":["0x7fcbb1099780"], "memsize":40, "flags":{"wb_protected":true, "old":true, "long_lived":true, "marked":true}}
{"address":"0x7fcbb10798e0", "type":"STRING", "class":"0x7fcbb10e0ef0", "shared":true, "encoding":"UTF-8", "references":["0x7fcbb10994d8"], "memsize":40, "flags":{"wb_protected":true, "old":true, "long_lived":true, "marked":true}}
{"address":"0x7fcbb1079908", "type":"STRING", "class":"0x7fcbb10e0ef0", "embedded":true, "bytesize":5, "value":"dln.o", "encoding":"UTF-8", "memsize":40, "flags":{"wb_protected":true, "old":true, "long_lived":true, "marked":true}}
{"address":"0x7fcbb10799d0", "type":"STRING", "class":"0x7fcbb10e0ef0", "shared":true, "encoding":"UTF-8", "references":["0x7fcbb1098e20"], "memsize":40, "flags":{"wb_protected":true, "old":true, "long_lived":true, "marked":true}}
{"address":"0x7fcbb1079a70", "type":"STRING", "class":"0x7fcbb10e0ef0", "shared":true, "encoding":"UTF-8", "references":["0x7fcbb1049848"], "memsize":40, "flags":{"wb_protected":true, "old":true, "long_lived":true, "marked":true}}
{"address":"0x7fcbb1079b10", "type":"STRING", "class":"0x7fcbb10e0ef0", "embedded":true, "bytesize":0, "value":"", "encoding":"UTF-8", "memsize":40, "flags":{"wb_protected":true, "old":true, "long_lived":true, "marked":true}}
{"address":"0x7fcbb1079b38", "type":"STRING", "class":"0x7fcbb10e0ef0", "frozen":true, "embedded":true, "fstring":true, "bytesize":6, "value":"prefix", "encoding":"US-ASCII", "memsize":40, "flags":{"wb_protected":true, "old":true, "long_lived":true, "marked":true}}
{"address":"0x7fcbb1079b88", "type":"STRING", "class":"0x7fcbb10e0ef0", "embedded":true, "bytesize":0, "value":"", "encoding":"UTF-8", "memsize":40, "flags":{"wb_protected":true, "old":true, "long_lived":true, "marked":true}}
{"address":"0x7fcbb1079bb0", "type":"STRING", "class":"0x7fcbb10e0ef0", "embedded":true, "bytesize":0, "value":"", "encoding":"UTF-8", "memsize":40, "flags":{"wb_protected":true, "old":true, "long_lived":true, "marked":true}}
{"address":"0x7fcbb1079bd8", "type":"STRING", "class":"0x7fcbb10e0ef0", "shared":true, "encoding":"UTF-8", "references":["0x7fcbb10a9748"], "memsize":40, "flags":{"wb_protected":true, "old":true, "long_lived":true, "marked":true}}
{"address":"0x7fcbb1079c00", "type":"STRING", "class":"0x7fcbb10e0ef0", "shared":true, "encoding":"UTF-8", "references":["0x7fcbb10a8758"], "memsize":40, "flags":{"wb_protected":true, "old":true, "long_lived":true, "marked":true}}
{"address":"0x7fcbb1079c28", "type":"STRING", "class":"0x7fcbb10e0ef0", "shared":true, "encoding":"UTF-8", "references":["0x7fcbb10a96f8"], "memsize":40, "flags":{"wb_protected":true, "old":true, "long_lived":true, "marked":true}}
{"address":"0x7fcbb1079c50", "type":"STRING", "class":"0x7fcbb10e0ef0", "shared":true, "encoding":"UTF-8", "references":["0x7fcbb10a8168"], "memsize":40, "flags":{"wb_protected":true, "old":true, "long_lived":true, "marked":true}}
{"address":"0x7fcbb1079ca0", "type":"STRING", "class":"0x7fcbb10e0ef0", "shared":true, "encoding":"UTF-8", "references":["0x7fcbb10a84d8"], "memsize":40, "flags":{"wb_protected":true, "old":true, "long_lived":true, "marked":true}}
{"address":"0x7fcbb1079d90", "type":"STRING", "class":"0x7fcbb10e0ef0", "shared":true, "encoding":"UTF-8", "references":["0x7fcbb10a9018"], "memsize":40, "flags":{"wb_protected":true, "old":true, "long_lived":true, "marked":true}}
{"address":"0x7fcbb1079de0", "type":"STRING", "class":"0x7fcbb10e0ef0", "embedded":true, "bytesize":14, "value":"/usr/bin/nroff", "encoding":"UTF-8", "memsize":40, "flags":{"wb_protected":true, "old":true, "long_lived":true, "marked":true}}
{"address":"0x7fcbb1079e30", "type":"STRING", "class":"0x7fcbb10e0ef0", "frozen":true, "embedded":true, "fstring":true, "bytesize":13, "value":"pre_uninstall", "encoding":"US-ASCII", "memsize":40, "flags":{"wb_protected":true, "old":true, "long_lived":true, "marked":true}}
{"address":"0x7fcbb1079e80", "type":"STRING", "class":"0x7fcbb10e0ef0", "embedded":true, "bytesize":3, "value":"doc", "encoding":"UTF-8", "memsize":40, "flags":{"wb_protected":true, "old":true, "long_lived":true, "marked":true}}
{"address":"0x7fcbb1079ea8", "type":"STRING", "class":"0x7fcbb10e0ef0", "embedded":true, "bytesize":3, "value":"YES", "encoding":"UTF-8", "memsize":40, "flags":{"wb_protected":true, "old":true, "long_lived":true, "marked":true}}
{"address":"0x7fcbb1079ed0", "type":"STRING", "class":"0x7fcbb10e0ef0", "embedded":true, "bytesize":10, "value":" newline.c", "encoding":"UTF-8", "memsize":40, "flags":{"wb_protected":true, "old":true, "long_lived":true, "marked":true}}
{"address":"0x7fcbb1079ef8", "type":"STRING", "class":"0x7fcbb10e0ef0", "embedded":true, "bytesize":4, "value":"ruby", "encoding":"UTF-8", "memsize":40, "flags":{"wb_protected":true, "old":true, "long_lived":true, "marked":true}}
{"address":"0x7fcbb1079f20", "type":"STRING", "class":"0x7fcbb10e0ef0", "embedded":true, "bytesize":11, "value":"ruby-2.2.pc", "encoding":"UTF-8", "memsize":40, "flags":{"wb_protected":true, "old":true, "long_lived":true, "marked":true}}
{"address":"0x7fcbb1079f48", "type":"STRING", "class":"0x7fcbb10e0ef0", "embedded":true, "bytesize":4, "value":"exec", "encoding":"UTF-8", "memsize":40, "flags":{"wb_protected":true, "old":true, "long_lived":true, "marked":true}}
{"address":"0x7fcbb1079f98", "type":"STRING", "class":"0x7fcbb10e0ef0", "embedded":true, "bytesize":0, "value":"", "encoding":"UTF-8", "memsize":40, "flags":{"wb_protected":true, "old":true, "long_lived":true, "marked":true}}
{"address":"0x7fcbb107a088", "type":"STRING", "class":"0x7fcbb10e0ef0", "embedded":true, "bytesize":10, "value":"ruby.2.2.0", "encoding":"UTF-8", "memsize":40, "flags":{"wb_protected":true, "old":true, "long_lived":true, "marked":true}}
{"address":"0x7fcbb107a0d8", "type":"STRING", "class":"0x7fcbb10e0ef0", "embedded":true, "bytesize":4, "value":"ruby", "encoding":"UTF-8", "memsize":40, "flags":{"wb_protected":true, "old":true, "long_lived":true, "marked":true}}
{"address":"0x7fcbb107a128", "type":"STRING", "class":"0x7fcbb10e0ef0", "frozen":true, "embedded":true, "fstring":true, "bytesize":9, "value":"pre_reset", "encoding":"US-ASCII", "memsize":40, "flags":{"wb_protected":true, "old":true, "long_lived":true, "marked":true}}
{"address":"0x7fcbb107a178", "type":"STRING", "class":"0x7fcbb10e0ef0", "embedded":true, "bytesize":4, "value":"ruby", "encoding":"UTF-8", "memsize":40, "flags":{"wb_protected":true, "old":true, "long_lived":true, "marked":true}}
{"address":"0x7fcbb107a1a0", "type":"STRING", "class":"0x7fcbb10e0ef0", "embedded":true, "bytesize":0, "value":"", "encoding":"UTF-8", "memsize":40, "flags":{"wb_protected":true, "old":true, "long_lived":true, "marked":true}}
{"address":"0x7fcbb107a1c8", "type":"STRING", "class":"0x7fcbb10e0ef0", "embedded":true, "bytesize":19, "value":"/usr/bin/install -c", "encoding":"UTF-8", "memsize":40, "flags":{"wb_protected":true, "old":true, "long_lived":true, "marked":true}}
{"address":"0x7fcbb107a1f0", "type":"STRING", "class":"0x7fcbb10e0ef0", "embedded":true, "bytesize":3, "value":"173", "encoding":"UTF-8", "memsize":40, "flags":{"wb_protected":true, "old":true, "long_lived":true, "marked":true}}
{"address":"0x7fcbb107a218", "type":"STRING", "class":"0x7fcbb10e0ef0", "embedded":true, "bytesize":1, "value":"0", "encoding":"UTF-8", "memsize":40, "flags":{"wb_protected":true, "old":true, "long_lived":true, "marked":true}}
{"address":"0x7fcbb107a268", "type":"STRING", "class":"0x7fcbb10e0ef0", "embedded":true, "bytesize":1, "value":"2", "encoding":"UTF-8", "memsize":40, "flags":{"wb_protected":true, "old":true, "long_lived":true, "marked":true}}
{"address":"0x7fcbb107a358", "type":"STRING", "class":"0x7fcbb10e0ef0", "embedded":true, "bytesize":1, "value":"2", "encoding":"UTF-8", "memsize":40, "flags":{"wb_protected":true, "old":true, "long_lived":true, "marked":true}}
{"address":"0x7fcbb107a3a8", "type":"HASH", "class":"0x7fcbb10d1270", "size":226, "references":["0x7fcbb104a928", "0x7fcbb1079f98", "0x7fcbb104a888", "0x7fcbb107a358", "0x7fcbb104a810", "0x7fcbb107a268", "0x7fcbb104a7e8", "0x7fcbb107a218", "0x7fcbb104a770", "0x7fcbb107a1f0", "0x7fcbb104a720", "0x7fcbb107a1c8", "0x7fcbb104a608", "0x7fcbb107a1a0", "0x7fcbb104a680", "0x7fcbb107a498", "0x7fcbb104a630", "0x7fcbb107a178", "0x7fcbb104a450", "0x7fcbb107a0d8", "0x7fcbb104a428", "0x7fcbb107a088", "0x7fcbb104a388", "0x7fcbb1079f48", "0x7fcbb104a298", "0x7fcbb1079f20", "0x7fcbb104a1f8", "0x7fcbb1079ef8", "0x7fcbb104a108", "0x7fcbb1079ed0", "0x7fcbb104a068", "0x7fcbb1079ea8", "0x7fcbb1049fc8", "0x7fcbb1079e80", "0x7fcbb1049fa0", "0x7fcbb1079de0", "0x7fcbb1049f00", "0x7fcbb1079d90", "0x7fcbb1049dc0", "0x7fcbb1079ca0", "0x7fcbb1049cd0", "0x7fcbb1079c50", "0x7fcbb1049c80", "0x7fcbb1079c28", "0x7fcbb1049b90", "0x7fcbb1079c00", "0x7fcbb1049af0", "0x7fcbb1079bd8", "0x7fcbb1049a00", "0x7fcbb1079bb0", "0x7fcbb10499d8", "0x7fcbb1079b88", "0x7fcbb1049910", "0x7fcbb1079b10", "0x7fcbb10498e8", "0x7fcbb1079a70", "0x7fcbb1049820", "0x7fcbb10799d0", "0x7fcbb1049780", "0x7fcbb10798e0", "0x7fcbb10496b8", "0x7fcbb10797a0", "0x7fcbb1049668", "0x7fcbb10796b0", "0x7fcbb104bcb0", "0x7fcbb1079548", "0x7fcbb1049578", "0x7fcbb10794f8", "0x7fcbb1049528", "0x7fcbb1079390", "0x7fcbb1049488", "0x7fcbb1079368", "0x7fcbb104a4f0", "0x7fcbb10792f0", "0x7fcbb10493c0", "0x7fcbb1079228", "0x7fcbb10492d0", "0x7fcbb10791d8", "0x7fcbb1049280", "0x7fcbb10791b0", "0x7fcbb10491b8", "0x7fcbb1079188", "0x7fcbb10490a0", "0x7fcbb1079160", "0x7fcbb1049050", "0x7fcbb10790e8", "0x7fcbb1048fb0", "0x7fcbb1079048", "0x7fcbb1048f88", "0x7fcbb1078fa8", "0x7fcbb1048f10", "0x7fcbb1078f58", "0x7fcbb1048ee8", "0x7fcbb1078f30", "0x7fcbb1048e98", "0x7fcbb1078f08", "0x7fcbb1048e20", "0x7fcbb1078ee0", "0x7fcbb1048da8", "0x7fcbb1078e68", "0x7fcbb1048d08", "0x7fcbb1078e18", "0x7fcbb1048cb8", "0x7fcbb1078d50", "0x7fcbb1048c18", "0x7fcbb1078cb0", "0x7fcbb1048b28", "0x7fcbb1078c60", "0x7fcbb1048a88", "0x7fcbb1078b70", "0x7fcbb10489e8", "0x7fcbb1078b20", "0x7fcbb10489c0", "0x7fcbb1078a30", "0x7fcbb1048998", "0x7fcbb10789e0", "0x7fcbb1048970", "0x7fcbb10788c8", "0x7fcbb1048920", "0x7fcbb1078850", "0x7fcbb1050ee0", "0x7fcbb1078800", "0x7fcbb10488d0", "0x7fcbb10787b0", "0x7fcbb10488a8", "0x7fcbb1078710", "0x7fcbb1048808", "0x7fcbb1078648", "0x7fcbb10487b8", "0x7fcbb10785f8", "0x7fcbb1048768", "0x7fcbb10785d0", "0x7fcbb1048718", "0x7fcbb10785a8", "0x7fcbb1048650", "0x7fcbb1078580", "0x7fcbb10485d8", "0x7fcbb1078508", "0x7fcbb1048538", "0x7fcbb1078468", "0x7fcbb1048498", "0x7fcbb1078378", "0x7fcbb1048470", "0x7fcbb10782b0", "0x7fcbb10483f8", "0x7fcbb10781e8", "0x7fcbb10483d0", "0x7fcbb10780a8", "0x7fcbb10483a8", "0x7fcbb1078288", "0x7fcbb1048330", "0x7fcbb10780d0", "0x7fcbb10482e0", "0x7fcbb1078210", "0x7fcbb1048268", "0x7fcbb10783a0", "0x7fcbb1048218", "0x7fcbb10788f0", "0x7fcbb10481a0", "0x7fcbb1078d78", "0x7fcbb1048150", "0x7fcbb1079520", "0x7fcbb1048128", "0x7fcbb10796d8", "0x7fcbb10480d8", "0x7fcbb1079908", "0x7fcbb1048010", "0x7fcbb107bfa0", "0x7fcbb103bc98", "0x7fcbb106bfb0", "0x7fcbb103bab8", "0x7fcbb106bee8", "0x7fcbb103b8d8", "0x7fcbb106be48", "0x7fcbb103b748", "0x7fcbb106bdd0", "0x7fcbb103b568", "0x7fcbb106bce0", "0x7fcbb103b158", "0x7fcbb106bc90", "0x7fcbb103af78", "0x7fcbb106bc68", "0x7fcbb103ad98", "0x7fcbb106bc40", "0x7fcbb103abb8", "0x7fcbb106bc18", "0x7fcbb103a7f8", "0x7fcbb106bbf0", "0x7fcbb103a438", "0x7fcbb106bb78", "0x7fcbb103a078", "0x7fcbb106b998", "0x7fcbb1039cb8", "0x7fcbb106b920", "0x7fcbb1039ad8", "0x7fcbb106b8d0", "0x7fcbb10398f8", "0x7fcbb106b880", "0x7fcbb1039538", "0x7fcbb106b7e0", "0x7fcbb1039178", "0x7fcbb106b718", "0x7fcbb1038fe8", "0x7fcbb106b650", "0x7fcbb1038db8", "0x7fcbb106b588", "0x7fcbb10389f8", "0x7fcbb106b380", "0x7fcbb1038818", "0x7fcbb106b2e0", "0x7fcbb1038458", "0x7fcbb106b2b8", "0x7fcbb10382c8", "0x7fcbb106b1f0", "0x7fcbb1038110", "0x7fcbb106b1a0", "0x7fcbb10382f0", "0x7fcbb106b178", "0x7fcbb10384d0", "0x7fcbb106b150", "0x7fcbb1049bb8", "0x7fcbb106b128", "0x7fcbb1049be0", "0x7fcbb106b0d8", "0x7fcbb1038778", "0x7fcbb106b038", "0x7fcbb1038958", "0x7fcbb106afe8", "0x7fcbb1038b38", "0x7fcbb106af98", "0x7fcbb1038d18", "0x7fcbb106aef8", "0x7fcbb1038e30", "0x7fcbb106ae08", "0x7fcbb1038ef8", "0x7fcbb106adb8", "0x7fcbb10390d8", "0x7fcbb106ad90", "0x7fcbb10391f0", "0x7fcbb106ad68", "0x7fcbb10392b8", "0x7fcbb106ad40", "0x7fcbb1039498", "0x7fcbb106ad18", "0x7fcbb1039678", "0x7fcbb106aca0", "0x7fcbb1039858", "0x7fcbb106ac50", "0x7fcbb1039a38", "0x7fcbb106ab60", "0x7fcbb1039c18", "0x7fcbb106a9a8", "0x7fcbb1039df8", "0x7fcbb106a868", "0x7fcbb1039fd8", "0x7fcbb106a7f0", "0x7fcbb103a1b8", "0x7fcbb106a6d8", "0x7fcbb103a398", "0x7fcbb106a5c0", "0x7fcbb103a4b0", "0x7fcbb106a4f8", "0x7fcbb103a578", "0x7fcbb106a4a8", "0x7fcbb103a690", "0x7fcbb106a480", "0x7fcbb103a870", "0x7fcbb106a458", "0x7fcbb103aa50", "0x7fcbb106a430", "0x7fcbb103ab18", "0x7fcbb106a3e0", "0x7fcbb103acf8", "0x7fcbb106a340", "0x7fcbb103aed8", "0x7fcbb106a250", "0x7fcbb103aff0", "0x7fcbb106a200", "0x7fcbb103b0b8", "0x7fcbb106a1d8", "0x7fcbb103b298", "0x7fcbb106a1b0", "0x7fcbb103b478", "0x7fcbb106a188", "0x7fcbb103b590", "0x7fcbb106a110", "0x7fcbb103b658", "0x7fcbb106a070", "0x7fcbb103b770", "0x7fcbb1069f80", "0x7fcbb103b838", "0x7fcbb1069f08", "0x7fcbb103b950", "0x7fcbb1069e18", "0x7fcbb103bb30", "0x7fcbb1069cd8", "0x7fcbb103bd10", "0x7fcbb1069be8", "0x7fcbb103bef0", "0x7fcbb1069bc0", "0x7fcbb102be38", "0x7fcbb1069b98", "0x7fcbb102bac8", "0x7fcbb1069aa8", "0x7fcbb102b6b8", "0x7fcbb1069a58", "0x7fcbb102b4d8", "0x7fcbb1069a30", "0x7fcbb102b118", "0x7fcbb1069a08", "0x7fcbb102af38", "0x7fcbb10699e0", "0x7fcbb102ab78", "0x7fcbb1069940", "0x7fcbb102a998", "0x7fcbb1069918", "0x7fcbb102a628", "0x7fcbb1069850", "0x7fcbb102a268", "0x7fcbb1069800", "0x7fcbb1029ea8", "0x7fcbb10697d8", "0x7fcbb1029a98", "0x7fcbb10697b0", "0x7fcbb10296d8", "0x7fcbb1069788", "0x7fcbb1029318", "0x7fcbb1069760", "0x7fcbb1028f58", "0x7fcbb10696c0", "0x7fcbb1028be8", "0x7fcbb1069648", "0x7fcbb10287d8", "0x7fcbb1069620", "0x7fcbb1028418", "0x7fcbb10695d0", "0x7fcbb1028238", "0x7fcbb1069558", "0x7fcbb10280d0", "0x7fcbb1069530", "0x7fcbb1028198", "0x7fcbb10694e0", "0x7fcbb10282b0", "0x7fcbb10693f0", "0x7fcbb1028490", "0x7fcbb10692b0", "0x7fcbb1028670", "0x7fcbb1069148", "0x7fcbb1028850", "0x7fcbb1069030", "0x7fcbb1049758", "0x7fcbb1068fb8", "0x7fcbb1028af8", "0x7fcbb1068f40", "0x7fcbb1028c10", "0x7fcbb1068e78", "0x7fcbb1028cd8", "0x7fcbb1068d38", "0x7fcbb1028eb8", "0x7fcbb1068d10", "0x7fcbb1029098", "0x7fcbb1068c48", "0x7fcbb1029278", "0x7fcbb1068bd0", "0x7fcbb1029390", "0x7fcbb1068b80", "0x7fcbb1029458", "0x7fcbb1068b58", "0x7fcbb1029570", "0x7fcbb1068b30", "0x7fcbb1029638", "0x7fcbb1068b08", "0x7fcbb1029750", "0x7fcbb1068ae0", "0x7fcbb1029818", "0x7fcbb1068a68", "0x7fcbb1029930", "0x7fcbb1068a18", "0x7fcbb10299f8", "0x7fcbb10689a0", "0x7fcbb1029b10", "0x7fcbb1068928", "0x7fcbb1029bd8", "0x7fcbb1068860", "0x7fcbb1029db8", "0x7fcbb1068798", "0x7fcbb1029ed0", "0x7fcbb1068748", "0x7fcbb1029f98", "0x7fcbb10686a8", "0x7fcbb102a178", "0x7fcbb10685e0", "0x7fcbb102a290", "0x7fcbb1068568", "0x7fcbb102a470", "0x7fcbb10684f0", "0x7fcbb104ac98", "0x7fcbb10684a0", "0x7fcbb102a718", "0x7fcbb1068478", "0x7fcbb102a8f8", "0x7fcbb1068450", "0x7fcbb102aa10", "0x7fcbb1068428", "0x7fcbb102aad8", "0x7fcbb10683b0", "0x7fcbb102abf0", "0x7fcbb1068310", "0x7fcbb102add0", "0x7fcbb10682c0", "0x7fcbb102afb0", "0x7fcbb1068298", "0x7fcbb102b190", "0x7fcbb1068220", "0x7fcbb102b370", "0x7fcbb1068158", "0x7fcbb102b550", "0x7fcbb1068108", "0x7fcbb102b730", "0x7fcbb1068068", "0x7fcbb102b910", "0x7fcbb1068338", "0x7fcbb102baf0", "0x7fcbb10686d0", "0x7fcbb102bcd0", "0x7fcbb1068888", "0x7fcbb102beb0", "0x7fcbb10689c8", "0x7fcbb104a658", "0x7fcbb1068f90", "0x7fcbb107bd98", "0x7fcbb1069350", "0x7fcbb107bcd0", "0x7fcbb10696e8", "0x7fcbb107bca8", "0x7fcbb1069fa8", "0x7fcbb107bc80", "0x7fcbb106a700", "0x7fcbb107bc58", "0x7fcbb106a818", "0x7fcbb107bbb8", "0x7fcbb106b088", "0x7fcbb107bb68", "0x7fcbb106b5b0", "0x7fcbb107bb18", "0x7fcbb105bef8", "0x7fcbb107ba78", "0x7fcbb105be58", "0x7fcbb107ba00", "0x7fcbb105be08", "0x7fcbb107b9b0", "0x7fcbb105bcf0"], "memsize":11448, "flags":{"wb_protected":true, "old":true, "long_lived":true, "marked":true}}
{"address":"0x7fcbb107a3f8", "type":"STRING", "class":"0x7fcbb10e0ef0", "frozen":true, "embedded":true, "fstring":true, "bytesize":11, "value":"pre_install", "encoding":"US-ASCII", "memsize":40, "flags":{"wb_protected":true, "old":true, "long_lived":true, "marked":true}}
{"address":"0x7fcbb107a448", "type":"STRING", "class":"0x7fcbb10e0ef0", "embedded":true, "bytesize":0, "value":"", "encoding":"UTF-8", "memsize":40, "flags":{"wb_protected":true, "old":true, "long_lived":true, "marked":true}}
{"address":"0x7fcbb107a498", "type":"STRING", "class":"0x7fcbb10e0ef0", "shared":true, "encoding":"US-ASCII", "references":["0x7fcbb105b818"], "memsize":40, "flags":{"wb_protected":true, "old":true, "long_lived":true, "marked":true}}
{"address":"0x7fcbb107a6f0", "type":"STRING", "class":"0x7fcbb10e0ef0", "frozen":true, "embedded":true, "fstring":true, "bytesize":14, "value":"post_uninstall", "encoding":"US-ASCII", "memsize":40, "flags":{"wb_protected":true, "old":true, "long_lived":true, "marked":true}}
{"address":"0x7fcbb107a790", "type":"MODULE", "class":"0x7fcbb10ab2a0", "name":"RbConfig", "references":["0x7fcbb10906d0", "0x7fcbb107a498", "0x7fcbb10433f8", "0x7fcbb107a448", "0x7fcbb10433f8", "0x7fcbb107a3a8", "0x7fcbb10433f8", "0x7fcbb105bc28", "0x7fcbb10433f8"], "memsize":904, "flags":{"wb_protected":true, "old":true, "long_lived":true, "marked":true}}
{"address":"0x7fcbb107a7e0", "type":"ARRAY", "length":3, "embedded":true, "references":["0x7fcbb104a658", "0x7fcbb104a630", "0x7fcbb104a608"], "memsize":40, "flags":{"wb_protected":true, "old":true, "long_lived":true, "marked":true}}
{"address":"0x7fcbb107a948", "type":"NODE", "frozen":true, "node_type":"NODE_CREF", "references":["0x7fcbb107a790", "0x7fcbb104acc0"], "memsize":40, "flags":{"wb_protected":true, "old":true, "long_lived":true, "marked":true}}
{"address":"0x7fcbb107a998", "type":"DATA", "class":"0x7fcbb10c0100", "struct":"iseq", "references":["0x7fcbb107a7e0", "0x7fcbb1078530", "0x7fcbb1078530", "0x7fcbb10433f8", "0x7fcbb10433f8", "0x7fcbb107a948", "0x7fcbb10ab2a0"], "memsize":1384, "flags":{"wb_protected":true, "old":true, "long_lived":true, "marked":true}}
{"address":"0x7fcbb107a9e8", "type":"STRING", "class":"0x7fcbb10e0ef0", "frozen":true, "embedded":true, "fstring":true, "bytesize":10, "value":"post_reset", "encoding":"US-ASCII", "memsize":40, "flags":{"wb_protected":true, "old":true, "long_lived":true, "marked":true}}
{"address":"0x7fcbb107ac68", "type":"STRING", "class":"0x7fcbb10e0ef0", "frozen":true, "embedded":true, "fstring":true, "bytesize":22, "value":"@done_installing_hooks", "encoding":"US-ASCII", "memsize":40, "flags":{"wb_protected":true, "old":true, "long_lived":true, "marked":true}}
{"address":"0x7fcbb107ace0", "type":"STRING", "class":"0x7fcbb10e0ef0", "frozen":true, "embedded":true, "fstring":true, "bytesize":15, "value":"done_installing", "encoding":"US-ASCII", "memsize":40, "flags":{"wb_protected":true, "old":true, "long_lived":true, "marked":true}}
{"address":"0x7fcbb107ad30", "type":"ARRAY", "length":2, "embedded":true, "references":["0x7fcbb107b258", "0x7fcbb1041da0"], "memsize":40, "flags":{"wb_protected":true, "old":true, "long_lived":true, "marked":true}}
{"address":"0x7fcbb107add0", "type":"STRING", "class":"0x7fcbb10e0ef0", "frozen":true, "embedded":true, "fstring":true, "bytesize":9, "value":"(?=\\s|\\z)", "memsize":40, "flags":{"wb_protected":true, "old":true, "long_lived":true, "marked":true}}
{"address":"0x7fcbb107adf8", "type":"ARRAY", "length":4, "references":["0x7fcbb107b050", "0x7fcbb107b0c8", "0x7fcbb1040b58", "0x7fcbb107add0"], "memsize":200, "flags":{"wb_protected":true, "old":true, "long_lived":true, "marked":true}}
{"address":"0x7fcbb107afd8", "type":"STRING", "class":"0x7fcbb10e0ef0", "frozen":true, "embedded":true, "fstring":true, "bytesize":12, "value":"post_install", "encoding":"US-ASCII", "memsize":40, "flags":{"wb_protected":true, "old":true, "long_lived":true, "marked":true}}
{"address":"0x7fcbb107b050", "type":"DATA", "class":"0x7fcbb10c0100", "struct":"iseq", "references":["0x7fcbb107b078", "0x7fcbb1043038", "0x7fcbb10433f8", "0x7fcbb10433f8", "0x7fcbb107b3e8"], "memsize":464, "flags":{"wb_protected":true, "old":true, "long_lived":true, "marked":true}}
{"address":"0x7fcbb107b078", "type":"STRING", "class":"0x7fcbb10e0ef0", "frozen":true, "fstring":true, "bytesize":26, "value":"block (2 levels) in expand", "memsize":67, "flags":{"wb_protected":true, "old":true, "long_lived":true, "marked":true}}
{"address":"0x7fcbb107b0c8", "type":"STRING", "class":"0x7fcbb10e0ef0", "frozen":true, "embedded":true, "fstring":true, "bytesize":1, "value":"$", "encoding":"UTF-8", "memsize":40, "flags":{"wb_protected":true, "old":true, "long_lived":true, "marked":true}}
{"address":"0x7fcbb107b258", "type":"DATA", "class":"0x7fcbb10c0100", "struct":"iseq", "references":["0x7fcbb107adf8", "0x7fcbb107b320", "0x7fcbb1043038", "0x7fcbb10433f8", "0x7fcbb10433f8", "0x7fcbb107b3e8"], "memsize":2552, "flags":{"wb_protected":true, "old":true, "long_lived":true, "marked":true}}
{"address":"0x7fcbb107b2a8", "type":"STRING", "class":"0x7fcbb10e0ef0", "frozen":true, "embedded":true, "fstring":true, "bytesize":4, "value":"hook", "encoding":"US-ASCII", "memsize":40, "flags":{"wb_protected":true, "old":true, "long_lived":true, "marked":true}}
{"address":"0x7fcbb107b2d0", "type":"STRING", "class":"0x7fcbb10e0ef0", "frozen":true, "embedded":true, "fstring":true, "bytesize":10, "value":"post_build", "encoding":"US-ASCII", "memsize":40, "flags":{"wb_protected":true, "old":true, "long_lived":true, "marked":true}}
{"address":"0x7fcbb107b320", "type":"STRING", "class":"0x7fcbb10e0ef0", "frozen":true, "embedded":true, "fstring":true, "bytesize":15, "value":"block in expand", "memsize":40, "flags":{"wb_protected":true, "old":true, "long_lived":true, "marked":true}}
{"address":"0x7fcbb107b3e8", "type":"NODE", "frozen":true, "node_type":"NODE_CREF", "references":["0x7fcbb107a790", "0x7fcbb104acc0"], "memsize":40, "flags":{"wb_protected":true, "old":true, "long_lived":true, "marked":true}}
{"address":"0x7fcbb107b410", "type":"DATA", "class":"0x7fcbb10c0100", "struct":"iseq", "references":["0x7fcbb107ad30", "0x7fcbb1043038", "0x7fcbb1043038", "0x7fcbb10433f8", "0x7fcbb10433f8", "0x7fcbb107b3e8", "0x7fcbb10ab2a0"], "memsize":1120, "flags":{"wb_protected":true, "old":true, "long_lived":true, "marked":true}}
{"address":"0x7fcbb107b730", "type":"STRING", "class":"0x7fcbb10e0ef0", "frozen":true, "embedded":true, "fstring":true, "bytesize":4, "value":"RUBY", "encoding":"US-ASCII", "memsize":40, "flags":{"wb_protected":true, "old":true, "long_lived":true, "marked":true}}
{"address":"0x7fcbb107b780", "type":"STRING", "class":"0x7fcbb10e0ef0", "frozen":true, "embedded":true, "fstring":true, "bytesize":8, "value":"Platform", "encoding":"US-ASCII", "memsize":40, "flags":{"wb_protected":true, "old":true, "long_lived":true, "marked":true}}
{"address":"0x7fcbb107b9b0", "type":"STRING", "class":"0x7fcbb10e0ef0", "frozen":true, "embedded":true, "fstring":true, "bytesize":6, "value":"topdir", "encoding":"UTF-8", "memsize":40, "flags":{"wb_protected":true, "old":true, "long_lived":true, "marked":true}}
{"address":"0x7fcbb107ba00", "type":"STRING", "class":"0x7fcbb10e0ef0", "frozen":true, "embedded":true, "fstring":true, "bytesize":7, "value":"archdir", "encoding":"UTF-8", "memsize":40, "flags":{"wb_protected":true, "old":true, "long_lived":true, "marked":true}}
{"address":"0x7fcbb107ba78", "type":"STRING", "class":"0x7fcbb10e0ef0", "frozen":true, "embedded":true, "fstring":true, "bytesize":5, "value":"SHELL", "encoding":"UTF-8", "memsize":40, "flags":{"wb_protected":true, "old":true, "long_lived":true, "marked":true}}
{"address":"0x7fcbb107bb18", "type":"STRING", "class":"0x7fcbb10e0ef0", "frozen":true, "embedded":true, "fstring":true, "bytesize":14, "value":"PATH_SEPARATOR", "encoding":"UTF-8", "memsize":40, "flags":{"wb_protected":true, "old":true, "long_lived":true, "marked":true}}
{"address":"0x7fcbb107bb68", "type":"STRING", "class":"0x7fcbb10e0ef0", "frozen":true, "embedded":true, "fstring":true, "bytesize":12, "value":"PACKAGE_NAME", "encoding":"UTF-8", "memsize":40, "flags":{"wb_protected":true, "old":true, "long_lived":true, "marked":true}}
{"address":"0x7fcbb107bbb8", "type":"STRING", "class":"0x7fcbb10e0ef0", "frozen":true, "embedded":true, "fstring":true, "bytesize":15, "value":"PACKAGE_TARNAME", "encoding":"UTF-8", "memsize":40, "flags":{"wb_protected":true, "old":true, "long_lived":true, "marked":true}}
{"address":"0x7fcbb107bbe0", "type":"STRING", "class":"0x7fcbb10e0ef0", "frozen":true, "embedded":true, "fstring":true, "bytesize":9, "value":"platforms", "encoding":"US-ASCII", "memsize":40, "flags":{"wb_protected":true, "old":true, "long_lived":true, "marked":true}}
{"address":"0x7fcbb107bc08", "type":"STRING", "class":"0x7fcbb10e0ef0", "frozen":true, "embedded":true, "fstring":true, "bytesize":10, "value":"platforms=", "encoding":"US-ASCII", "memsize":40, "flags":{"wb_protected":true, "old":true, "long_lived":true, "marked":true}}
{"address":"0x7fcbb107bc58", "type":"STRING", "class":"0x7fcbb10e0ef0", "frozen":true, "embedded":true, "fstring":true, "bytesize":15, "value":"PACKAGE_VERSION", "encoding":"UTF-8", "memsize":40, "flags":{"wb_protected":true, "old":true, "long_lived":true, "marked":true}}
{"address":"0x7fcbb107bc80", "type":"STRING", "class":"0x7fcbb10e0ef0", "frozen":true, "embedded":true, "fstring":true, "bytesize":14, "value":"PACKAGE_STRING", "encoding":"UTF-8", "memsize":40, "flags":{"wb_protected":true, "old":true, "long_lived":true, "marked":true}}
{"address":"0x7fcbb107bca8", "type":"STRING", "class":"0x7fcbb10e0ef0", "frozen":true, "embedded":true, "fstring":true, "bytesize":17, "value":"PACKAGE_BUGREPORT", "encoding":"UTF-8", "memsize":40, "flags":{"wb_protected":true, "old":true, "long_lived":true, "marked":true}}
{"address":"0x7fcbb107bcd0", "type":"STRING", "class":"0x7fcbb10e0ef0", "frozen":true, "embedded":true, "fstring":true, "bytesize":11, "value":"PACKAGE_URL", "encoding":"UTF-8", "memsize":40, "flags":{"wb_protected":true, "old":true, "long_lived":true, "marked":true}}
{"address":"0x7fcbb107bd98", "type":"STRING", "class":"0x7fcbb10e0ef0", "frozen":true, "embedded":true, "fstring":true, "bytesize":11, "value":"exec_prefix", "encoding":"UTF-8", "memsize":40, "flags":{"wb_protected":true, "old":true, "long_lived":true, "marked":true}}
{"address":"0x7fcbb107bfa0", "type":"STRING", "class":"0x7fcbb10e0ef0", "embedded":true, "bytesize":5, "value":"nodoc", "encoding":"UTF-8", "memsize":40, "flags":{"wb_protected":true, "old":true, "long_lived":true, "marked":true}}
{"address":"0x7fcbb1080078", "type":"STRING", "class":"0x7fcbb10e0ef0", "frozen":true, "embedded":true, "fstring":true, "bytesize":15, "value":"marshal_version", "encoding":"US-ASCII", "memsize":40, "flags":{"wb_protected":true, "old":true, "long_lived":true, "marked":true}}
{"address":"0x7fcbb1080190", "type":"STRING", "class":"0x7fcbb10e0ef0", "frozen":true, "embedded":true, "fstring":true, "bytesize":14, "value":"require_paths=", "encoding":"US-ASCII", "memsize":40, "flags":{"wb_protected":true, "old":true, "long_lived":true, "marked":true}}
{"address":"0x7fcbb1080500", "type":"STRING", "class":"0x7fcbb10e0ef0", "frozen":true, "embedded":true, "fstring":true, "bytesize":15, "value":"(.*?):(\\d+).*?$", "encoding":"US-ASCII", "memsize":40, "flags":{"wb_protected":true, "old":true, "long_lived":true, "marked":true}}
{"address":"0x7fcbb1080578", "type":"REGEXP", "class":"0x7fcbb10d0b40", "references":["0x7fcbb1080500"], "memsize":609, "flags":{"wb_protected":true, "old":true, "long_lived":true, "marked":true}}
{"address":"0x7fcbb1080708", "type":"STRING", "class":"0x7fcbb10e0ef0", "frozen":true, "embedded":true, "fstring":true, "bytesize":18, "value":"location_of_caller", "encoding":"US-ASCII", "memsize":40, "flags":{"wb_protected":true, "old":true, "long_lived":true, "marked":true}}
{"address":"0x7fcbb1080be0", "type":"STRING", "class":"0x7fcbb10e0ef0", "frozen":true, "embedded":true, "fstring":true, "bytesize":5, "value":"syck?", "encoding":"US-ASCII", "memsize":40, "flags":{"wb_protected":true, "old":true, "long_lived":true, "marked":true}}
{"address":"0x7fcbb1080ca8", "type":"STRING", "class":"0x7fcbb10e0ef0", "frozen":true, "embedded":true, "fstring":true, "bytesize":14, "value":"@require_paths", "encoding":"US-ASCII", "memsize":40, "flags":{"wb_protected":true, "old":true, "long_lived":true, "marked":true}}
{"address":"0x7fcbb1081360", "type":"STRING", "class":"0x7fcbb10e0ef0", "frozen":true, "embedded":true, "fstring":true, "bytesize":9, "value":"skip_list", "encoding":"US-ASCII", "memsize":40, "flags":{"wb_protected":true, "old":true, "long_lived":true, "marked":true}}
{"address":"0x7fcbb1081540", "type":"STRING", "class":"0x7fcbb10e0ef0", "frozen":true, "embedded":true, "fstring":true, "bytesize":7, "value":"yamler=", "encoding":"US-ASCII", "memsize":40, "flags":{"wb_protected":true, "old":true, "long_lived":true, "marked":true}}
{"address":"0x7fcbb10816f8", "type":"STRING", "class":"0x7fcbb10e0ef0", "frozen":true, "embedded":true, "fstring":true, "bytesize":6, "value":"yamler", "encoding":"US-ASCII", "memsize":40, "flags":{"wb_protected":true, "old":true, "long_lived":true, "marked":true}}
{"address":"0x7fcbb10817c0", "type":"STRING", "class":"0x7fcbb10e0ef0", "frozen":true, "embedded":true, "fstring":true, "bytesize":6, "value":"ENGINE", "encoding":"US-ASCII", "memsize":40, "flags":{"wb_protected":true, "old":true, "long_lived":true, "marked":true}}
{"address":"0x7fcbb1081810", "type":"STRING", "class":"0x7fcbb10e0ef0", "frozen":true, "embedded":true, "fstring":true, "bytesize":4, "value":"YAML", "encoding":"US-ASCII", "memsize":40, "flags":{"wb_protected":true, "old":true, "long_lived":true, "marked":true}}
{"address":"0x7fcbb1082058", "type":"STRING", "class":"0x7fcbb10e0ef0", "frozen":true, "embedded":true, "fstring":true, "bytesize":9, "value":"test_syck", "encoding":"US-ASCII", "memsize":40, "flags":{"wb_protected":true, "old":true, "long_lived":true, "marked":true}}
{"address":"0x7fcbb1082198", "type":"STRING", "class":"0x7fcbb10e0ef0", "frozen":true, "embedded":true, "fstring":true, "bytesize":3, "value":"gem", "encoding":"US-ASCII", "memsize":40, "flags":{"wb_protected":true, "old":true, "long_lived":true, "marked":true}}
{"address":"0x7fcbb10822d8", "type":"STRING", "class":"0x7fcbb10e0ef0", "frozen":true, "embedded":true, "fstring":true, "bytesize":9, "value":"load_yaml", "encoding":"US-ASCII", "memsize":40, "flags":{"wb_protected":true, "old":true, "long_lived":true, "marked":true}}
{"address":"0x7fcbb1082468", "type":"STRING", "class":"0x7fcbb10e0ef0", "frozen":true, "embedded":true, "fstring":true, "bytesize":12, "value":"@yaml_loaded", "encoding":"US-ASCII", "memsize":40, "flags":{"wb_protected":true, "old":true, "long_lived":true, "marked":true}}
{"address":"0x7fcbb1082698", "type":"STRING", "class":"0x7fcbb10e0ef0", "frozen":true, "embedded":true, "fstring":true, "bytesize":18, "value":"version_reqs_param", "encoding":"US-ASCII", "memsize":40, "flags":{"wb_protected":true, "old":true, "long_lived":true, "marked":true}}
{"address":"0x7fcbb1082850", "type":"STRING", "class":"0x7fcbb10e0ef0", "frozen":true, "embedded":true, "fstring":true, "bytesize":22, "value":"load_path_insert_index", "encoding":"US-ASCII", "memsize":40, "flags":{"wb_protected":true, "old":true, "long_lived":true, "marked":true}}
{"address":"0x7fcbb1082af8", "type":"REGEXP", "class":"0x7fcbb10d0b40", "references":["0x7fcbb10e3c40"], "memsize":493, "flags":{"wb_protected":true, "old":true, "long_lived":true, "marked":true}}
{"address":"0x7fcbb1082b20", "type":"STRING", "class":"0x7fcbb10e0ef0", "frozen":true, "embedded":true, "fstring":true, "bytesize":5, "value":"host=", "encoding":"US-ASCII", "memsize":40, "flags":{"wb_protected":true, "old":true, "long_lived":true, "marked":true}}
{"address":"0x7fcbb1082d28", "type":"STRING", "class":"0x7fcbb10e0ef0", "frozen":true, "embedded":true, "fstring":true, "bytesize":12, "value":"DEFAULT_HOST", "encoding":"US-ASCII", "memsize":40, "flags":{"wb_protected":true, "old":true, "long_lived":true, "marked":true}}
{"address":"0x7fcbb1082da0", "type":"STRING", "class":"0x7fcbb10e0ef0", "frozen":true, "embedded":true, "fstring":true, "bytesize":5, "value":"@host", "encoding":"US-ASCII", "memsize":40, "flags":{"wb_protected":true, "old":true, "long_lived":true, "marked":true}}
{"address":"0x7fcbb1082e40", "type":"STRING", "class":"0x7fcbb10e0ef0", "frozen":true, "embedded":true, "fstring":true, "bytesize":4, "value":"host", "encoding":"US-ASCII", "memsize":40, "flags":{"wb_protected":true, "old":true, "long_lived":true, "marked":true}}
{"address":"0x7fcbb1083070", "type":"STRING", "class":"0x7fcbb10e0ef0", "frozen":true, "embedded":true, "fstring":true, "bytesize":14, "value":"installed_gems", "encoding":"US-ASCII", "memsize":40, "flags":{"wb_protected":true, "old":true, "long_lived":true, "marked":true}}
{"address":"0x7fcbb1083318", "type":"STRING", "class":"0x7fcbb10e0ef0", "frozen":true, "embedded":true, "fstring":true, "bytesize":19, "value":"DependencyInstaller", "encoding":"US-ASCII", "memsize":40, "flags":{"wb_protected":true, "old":true, "long_lived":true, "marked":true}}
{"address":"0x7fcbb1083390", "type":"STRING", "class":"0x7fcbb10e0ef0", "frozen":true, "embedded":true, "fstring":true, "bytesize":4, "value":"inst", "encoding":"US-ASCII", "memsize":40, "flags":{"wb_protected":true, "old":true, "long_lived":true, "marked":true}}
{"address":"0x7fcbb10835c0", "type":"STRING", "class":"0x7fcbb10e0ef0", "frozen":true, "embedded":true, "fstring":true, "bytesize":7, "value":"version", "encoding":"US-ASCII", "memsize":40, "flags":{"wb_protected":true, "old":true, "long_lived":true, "marked":true}}
{"address":"0x7fcbb1083610", "type":"STRING", "class":"0x7fcbb10e0ef0", "frozen":true, "embedded":true, "fstring":true, "bytesize":7, "value":"install", "encoding":"US-ASCII", "memsize":40, "flags":{"wb_protected":true, "old":true, "long_lived":true, "marked":true}}
{"address":"0x7fcbb1083b10", "type":"STRING", "class":"0x7fcbb10e0ef0", "frozen":true, "embedded":true, "fstring":true, "bytesize":7, "value":"inflate", "encoding":"US-ASCII", "memsize":40, "flags":{"wb_protected":true, "old":true, "long_lived":true, "marked":true}}
{"address":"0x7fcbb1083f48", "type":"STRING", "class":"0x7fcbb10e0ef0", "frozen":true, "embedded":true, "fstring":true, "bytesize":4, "value":"gzip", "encoding":"US-ASCII", "memsize":40, "flags":{"wb_protected":true, "old":true, "long_lived":true, "marked":true}}
{"address":"0x7fcbb1088048", "type":"STRING", "class":"0x7fcbb10e0ef0", "shared":true, "encoding":"UTF-8", "references":["0x7fcbb195de20"], "memsize":40, "flags":{"wb_protected":true, "old":true, "long_lived":true, "marked":true}}
{"address":"0x7fcbb10880c0", "type":"STRING", "class":"0x7fcbb10e0ef0", "shared":true, "encoding":"UTF-8", "references":["0x7fcbb195de48"], "memsize":40, "flags":{"wb_protected":true, "old":true, "long_lived":true, "marked":true}}
{"address":"0x7fcbb1088250", "type":"STRING", "class":"0x7fcbb10e0ef0", "frozen":true, "embedded":true, "fstring":true, "bytesize":4, "value":"Util", "encoding":"US-ASCII", "memsize":40, "flags":{"wb_protected":true, "old":true, "long_lived":true, "marked":true}}
{"address":"0x7fcbb1088368", "type":"STRING", "class":"0x7fcbb10e0ef0", "frozen":true, "bytesize":54, "capacity":128, "value":"/Users/path/.rvm/rubies/ruby-2.2.3/lib/x86_64-darwin14", "encoding":"UTF-8", "memsize":169, "flags":{"wb_protected":true, "old":true, "long_lived":true, "marked":true}}
{"address":"0x7fcbb1088390", "type":"STRING", "class":"0x7fcbb10e0ef0", "embedded":true, "bytesize":14, "value":"rdoc/markup.rb", "encoding":"UTF-8", "memsize":40, "flags":{"wb_protected":true, "old":true, "long_lived":true, "marked":true}}
{"address":"0x7fcbb1088408", "type":"STRING", "class":"0x7fcbb10e0ef0", "frozen":true, "embedded":true, "fstring":true, "bytesize":6, "value":"gunzip", "encoding":"US-ASCII", "memsize":40, "flags":{"wb_protected":true, "old":true, "long_lived":true, "marked":true}}
{"address":"0x7fcbb10884f8", "type":"STRING", "class":"0x7fcbb10e0ef0", "shared":true, "encoding":"UTF-8", "references":["0x7fcbb195de98"], "memsize":40, "flags":{"wb_protected":true, "old":true, "long_lived":true, "marked":true}}
{"address":"0x7fcbb1088660", "type":"STRING", "class":"0x7fcbb10e0ef0", "shared":true, "encoding":"UTF-8", "references":["0x7fcbb195dec0"], "memsize":40, "flags":{"wb_protected":true, "old":true, "long_lived":true, "marked":true}}
{"address":"0x7fcbb1088890", "type":"STRING", "class":"0x7fcbb10e0ef0", "frozen":true, "bytesize":58, "capacity":128, "value":"/Users/path/.rvm/rubies/ruby-2.2.3/include/x86_64-darwin14", "encoding":"UTF-8", "memsize":169, "flags":{"wb_protected":true, "old":true, "long_lived":true, "marked":true}}
{"address":"0x7fcbb10889a8", "type":"STRING", "class":"0x7fcbb10e0ef0", "embedded":true, "bytesize":16, "value":"rdoc/markdown.rb", "encoding":"UTF-8", "memsize":40, "flags":{"wb_protected":true, "old":true, "long_lived":true, "marked":true}}
{"address":"0x7fcbb1088bd8", "type":"STRING", "class":"0x7fcbb10e0ef0", "embedded":true, "bytesize":21, "value":"rdoc/known_classes.rb", "encoding":"UTF-8", "memsize":40, "flags":{"wb_protected":true, "old":true, "long_lived":true, "marked":true}}
{"address":"0x7fcbb1088cc8", "type":"STRING", "class":"0x7fcbb10e0ef0", "embedded":true, "bytesize":15, "value":"rdoc/include.rb", "encoding":"UTF-8", "memsize":40, "flags":{"wb_protected":true, "old":true, "long_lived":true, "marked":true}}
{"address":"0x7fcbb1089150", "type":"STRING", "class":"0x7fcbb10e0ef0", "embedded":true, "bytesize":17, "value":"rdoc/i18n/text.rb", "encoding":"UTF-8", "memsize":40, "flags":{"wb_protected":true, "old":true, "long_lived":true, "marked":true}}
{"address":"0x7fcbb10891a0", "type":"STRING", "class":"0x7fcbb10e0ef0", "embedded":true, "bytesize":19, "value":"rdoc/i18n/locale.rb", "encoding":"UTF-8", "memsize":40, "flags":{"wb_protected":true, "old":true, "long_lived":true, "marked":true}}
{"address":"0x7fcbb1089380", "type":"STRING", "class":"0x7fcbb10e0ef0", "embedded":true, "bytesize":12, "value":"rdoc/i18n.rb", "encoding":"UTF-8", "memsize":40, "flags":{"wb_protected":true, "old":true, "long_lived":true, "marked":true}}
{"address":"0x7fcbb1089858", "type":"STRING", "class":"0x7fcbb10e0ef0", "frozen":true, "bytesize":58, "capacity":128, "value":"/Users/path/.rvm/rubies/ruby-2.2.3/include/x86_64-darwin14", "encoding":"UTF-8", "memsize":169, "flags":{"wb_protected":true, "old":true, "long_lived":true, "marked":true}}
{"address":"0x7fcbb1089880", "type":"STRING", "class":"0x7fcbb10e0ef0", "embedded":true, "bytesize":20, "value":"rdoc/ghost_method.rb", "encoding":"UTF-8", "memsize":40, "flags":{"wb_protected":true, "old":true, "long_lived":true, "marked":true}}
{"address":"0x7fcbb1089970", "type":"STRING", "class":"0x7fcbb10e0ef0", "embedded":true, "bytesize":20, "value":"rdoc/generator/ri.rb", "encoding":"UTF-8", "memsize":40, "flags":{"wb_protected":true, "old":true, "long_lived":true, "marked":true}}
{"address":"0x7fcbb10899e8", "type":"STRING", "class":"0x7fcbb10e0ef0", "frozen":true, "fstring":true, "bytesize":29, "value":"SPECIFICATION_VERSION_HISTORY", "encoding":"US-ASCII", "memsize":70, "flags":{"wb_protected":true, "old":true, "long_lived":true, "marked":true}}
{"address":"0x7fcbb1089c18", "type":"STRING", "class":"0x7fcbb10e0ef0", "frozen":true, "embedded":true, "fstring":true, "bytesize":7, "value":"windows", "encoding":"US-ASCII", "memsize":40, "flags":{"wb_protected":true, "old":true, "long_lived":true, "marked":true}}
{"address":"0x7fcbb1089c90", "type":"STRING", "class":"0x7fcbb10e0ef0", "frozen":true, "embedded":true, "fstring":true, "bytesize":9, "value":"find_home", "encoding":"US-ASCII", "memsize":40, "flags":{"wb_protected":true, "old":true, "long_lived":true, "marked":true}}
{"address":"0x7fcbb1089ce0", "type":"STRING", "class":"0x7fcbb10e0ef0", "shared":true, "encoding":"UTF-8", "references":["0x7fcbb195e028"], "memsize":40, "flags":{"wb_protected":true, "old":true, "long_lived":true, "marked":true}}
{"address":"0x7fcbb1089dd0", "type":"STRING", "class":"0x7fcbb10e0ef0", "frozen":true, "fstring":true, "bytesize":29, "value":"CURRENT_SPECIFICATION_VERSION", "encoding":"US-ASCII", "memsize":70, "flags":{"wb_protected":true, "old":true, "long_lived":true, "marked":true}}
{"address":"0x7fcbb1089e48", "type":"STRING", "class":"0x7fcbb10e0ef0", "shared":true, "encoding":"UTF-8", "references":["0x7fcbb195ddf8"], "memsize":40, "flags":{"wb_protected":true, "old":true, "long_lived":true, "marked":true}}
{"address":"0x7fcbb1089ee8", "type":"STRING", "class":"0x7fcbb10e0ef0", "shared":true, "encoding":"UTF-8", "references":["0x7fcbb195e050"], "memsize":40, "flags":{"wb_protected":true, "old":true, "long_lived":true, "marked":true}}
{"address":"0x7fcbb108a078", "type":"STRING", "class":"0x7fcbb10e0ef0", "frozen":true, "bytesize":65, "capacity":128, "value":"/Users/path/.rvm/rubies/ruby-2.2.3/lib/ruby/2.2.0/x86_64-darwin14", "encoding":"UTF-8", "memsize":169, "flags":{"wb_protected":true, "old":true, "long_lived":true, "marked":true}}
{"address":"0x7fcbb108a258", "type":"STRING", "class":"0x7fcbb10e0ef0", "shared":true, "encoding":"UTF-8", "references":["0x7fcbb195e078"], "memsize":40, "flags":{"wb_protected":true, "old":true, "long_lived":true, "marked":true}}
{"address":"0x7fcbb108a348", "type":"STRING", "class":"0x7fcbb10e0ef0", "embedded":true, "bytesize":21, "value":"rdoc/generator/pot.rb", "encoding":"UTF-8", "memsize":40, "flags":{"wb_protected":true, "old":true, "long_lived":true, "marked":true}}
{"address":"0x7fcbb108a5c8", "type":"STRING", "class":"0x7fcbb10e0ef0", "shared":true, "encoding":"UTF-8", "references":["0x7fcbb195e0c8"], "memsize":40, "flags":{"wb_protected":true, "old":true, "long_lived":true, "marked":true}}
{"address":"0x7fcbb108a618", "type":"STRING", "class":"0x7fcbb10e0ef0", "frozen":true, "bytesize":49, "capacity":128, "value":"/Users/path/.rvm/rubies/ruby-2.2.3/lib/ruby/2.2.0", "encoding":"UTF-8", "memsize":169, "flags":{"wb_protected":true, "old":true, "long_lived":true, "marked":true}}
{"address":"0x7fcbb108a6e0", "type":"STRING", "class":"0x7fcbb10e0ef0", "frozen":true, "embedded":true, "fstring":true, "bytesize":12, "value":"latest_specs", "encoding":"US-ASCII", "memsize":40, "flags":{"wb_protected":true, "old":true, "long_lived":true, "marked":true}}
{"address":"0x7fcbb108a910", "type":"STRING", "class":"0x7fcbb10e0ef0", "frozen":true, "fstring":true, "bytesize":33, "value":"NONEXISTENT_SPECIFICATION_VERSION", "encoding":"US-ASCII", "memsize":74, "flags":{"wb_protected":true, "old":true, "long_lived":true, "marked":true}}
{"address":"0x7fcbb108aa78", "type":"STRING", "class":"0x7fcbb10e0ef0", "shared":true, "encoding":"UTF-8", "references":["0x7fcbb195e0f0"], "memsize":40, "flags":{"wb_protected":true, "old":true, "long_lived":true, "marked":true}}
{"address":"0x7fcbb108aaa0", "type":"STRING", "class":"0x7fcbb10e0ef0", "frozen":true, "embedded":true, "fstring":true, "bytesize":17, "value":"find_latest_files", "encoding":"US-ASCII", "memsize":40, "flags":{"wb_protected":true, "old":true, "long_lived":true, "marked":true}}
{"address":"0x7fcbb108ab68", "type":"STRING", "class":"0x7fcbb10e0ef0", "shared":true, "encoding":"UTF-8", "references":["0x7fcbb195e118"], "memsize":40, "flags":{"wb_protected":true, "old":true, "long_lived":true, "marked":true}}
{"address":"0x7fcbb108ab90", "type":"STRING", "class":"0x7fcbb10e0ef0", "embedded":true, "bytesize":17, "value":"rdoc/generator.rb", "encoding":"UTF-8", "memsize":40, "flags":{"wb_protected":true, "old":true, "long_lived":true, "marked":true}}
{"address":"0x7fcbb108abb8", "type":"STRING", "class":"0x7fcbb10e0ef0", "embedded":true, "bytesize":14, "value":"rdoc/extend.rb", "encoding":"UTF-8", "memsize":40, "flags":{"wb_protected":true, "old":true, "long_lived":true, "marked":true}}
{"address":"0x7fcbb108abe0", "type":"STRING", "class":"0x7fcbb10e0ef0", "embedded":true, "bytesize":13, "value":"rdoc/erbio.rb", "encoding":"UTF-8", "memsize":40, "flags":{"wb_protected":true, "old":true, "long_lived":true, "marked":true}}
{"address":"0x7fcbb108ac30", "type":"STRING", "class":"0x7fcbb10e0ef0", "embedded":true, "bytesize":19, "value":"rdoc/erb_partial.rb", "encoding":"UTF-8", "memsize":40, "flags":{"wb_protected":true, "old":true, "long_lived":true, "marked":true}}
{"address":"0x7fcbb108ac58", "type":"STRING", "class":"0x7fcbb10e0ef0", "frozen":true, "embedded":true, "fstring":true, "bytesize":18, "value":"BasicSpecification", "encoding":"US-ASCII", "memsize":40, "flags":{"wb_protected":true, "old":true, "long_lived":true, "marked":true}}
{"address":"0x7fcbb108ad98", "type":"STRING", "class":"0x7fcbb10e0ef0", "embedded":true, "bytesize":16, "value":"rdoc/encoding.rb", "encoding":"UTF-8", "memsize":40, "flags":{"wb_protected":true, "old":true, "long_lived":true, "marked":true}}
{"address":"0x7fcbb108b2e8", "type":"STRING", "class":"0x7fcbb10e0ef0", "embedded":true, "bytesize":23, "value":"rdoc/cross_reference.rb", "encoding":"UTF-8", "memsize":40, "flags":{"wb_protected":true, "old":true, "long_lived":true, "marked":true}}
{"address":"0x7fcbb108b310", "type":"STRING", "class":"0x7fcbb10e0ef0", "frozen":true, "embedded":true, "fstring":true, "bytesize":9, "value":"load_path", "encoding":"US-ASCII", "memsize":40, "flags":{"wb_protected":true, "old":true, "long_lived":true, "marked":true}}
{"address":"0x7fcbb108b478", "type":"STRING", "class":"0x7fcbb10e0ef0", "embedded":true, "bytesize":23, "value":"rdoc/context/section.rb", "encoding":"UTF-8", "memsize":40, "flags":{"wb_protected":true, "old":true, "long_lived":true, "marked":true}}
{"address":"0x7fcbb108b590", "type":"STRING", "class":"0x7fcbb10e0ef0", "frozen":true, "bytesize":75, "capacity":128, "value":"/Users/path/.rvm/rubies/ruby-2.2.3/lib/ruby/site_ruby/2.2.0/x86_64-darwin14", "encoding":"UTF-8", "memsize":169, "flags":{"wb_protected":true, "old":true, "long_lived":true, "marked":true}}
{"address":"0x7fcbb108b658", "type":"STRING", "class":"0x7fcbb10e0ef0", "embedded":true, "bytesize":15, "value":"rdoc/context.rb", "encoding":"UTF-8", "memsize":40, "flags":{"wb_protected":true, "old":true, "long_lived":true, "marked":true}}
{"address":"0x7fcbb108b720", "type":"STRING", "class":"0x7fcbb10e0ef0", "shared":true, "encoding":"UTF-8", "references":["0x7fcbb195ddd0"], "memsize":40, "flags":{"wb_protected":true, "old":true, "long_lived":true, "marked":true}}
{"address":"0x7fcbb108b7e8", "type":"STRING", "class":"0x7fcbb10e0ef0", "embedded":true, "bytesize":16, "value":"rdoc/constant.rb", "encoding":"UTF-8", "memsize":40, "flags":{"wb_protected":true, "old":true, "long_lived":true, "marked":true}}
{"address":"0x7fcbb108b860", "type":"STRING", "class":"0x7fcbb10e0ef0", "embedded":true, "bytesize":15, "value":"rdoc/comment.rb", "encoding":"UTF-8", "memsize":40, "flags":{"wb_protected":true, "old":true, "long_lived":true, "marked":true}}
{"address":"0x7fcbb108b9a0", "type":"STRING", "class":"0x7fcbb10e0ef0", "frozen":true, "embedded":true, "fstring":true, "bytesize":14, "value":"suffix_pattern", "encoding":"US-ASCII", "memsize":40, "flags":{"wb_protected":true, "old":true, "long_lived":true, "marked":true}}
{"address":"0x7fcbb108ba68", "type":"STRING", "class":"0x7fcbb10e0ef0", "frozen":true, "embedded":true, "fstring":true, "bytesize":16, "value":"matches_for_glob", "encoding":"US-ASCII", "memsize":40, "flags":{"wb_protected":true, "old":true, "long_lived":true, "marked":true}}
{"address":"0x7fcbb108bb08", "type":"STRING", "class":"0x7fcbb10e0ef0", "frozen":true, "bytesize":59, "capacity":128, "value":"/Users/path/.rvm/rubies/ruby-2.2.3/lib/ruby/site_ruby/2.2.0", "encoding":"UTF-8", "memsize":169, "flags":{"wb_protected":true, "old":true, "long_lived":true, "marked":true}}
{"address":"0x7fcbb108bd38", "type":"STRING", "class":"0x7fcbb10e0ef0", "frozen":true, "fstring":true, "bytesize":25, "value":"find_files_from_load_path", "encoding":"US-ASCII", "memsize":66, "flags":{"wb_protected":true, "old":true, "long_lived":true, "marked":true}}
{"address":"0x7fcbb108bdb0", "type":"STRING", "class":"0x7fcbb10e0ef0", "embedded":true, "bytesize":20, "value":"rdoc/code_objects.rb", "encoding":"UTF-8", "memsize":40, "flags":{"wb_protected":true, "old":true, "long_lived":true, "marked":true}}
{"address":"0x7fcbb108be28", "type":"STRING", "class":"0x7fcbb10e0ef0", "frozen":true, "embedded":true, "fstring":true, "bytesize":5, "value":"files", "encoding":"US-ASCII", "memsize":40, "flags":{"wb_protected":true, "old":true, "long_lived":true, "marked":true}}
{"address":"0x7fcbb108bf18", "type":"STRING", "class":"0x7fcbb10e0ef0", "frozen":true, "embedded":true, "fstring":true, "bytesize":15, "value":"check_load_path", "encoding":"US-ASCII", "memsize":40, "flags":{"wb_protected":true, "old":true, "long_lived":true, "marked":true}}
{"address":"0x7fcbb108bf68", "type":"STRING", "class":"0x7fcbb10e0ef0", "frozen":true, "embedded":true, "fstring":true, "bytesize":10, "value":"find_files", "encoding":"US-ASCII", "memsize":40, "flags":{"wb_protected":true, "old":true, "long_lived":true, "marked":true}}
{"address":"0x7fcbb1090130", "type":"STRING", "class":"0x7fcbb10e0ef0", "frozen":true, "embedded":true, "fstring":true, "bytesize":5, "value":"@type", "encoding":"US-ASCII", "memsize":40, "flags":{"wb_protected":true, "old":true, "long_lived":true, "marked":true}}
{"address":"0x7fcbb10901f8", "type":"STRING", "class":"0x7fcbb10e0ef0", "frozen":true, "embedded":true, "fstring":true, "bytesize":17, "value":"requirements_list", "encoding":"US-ASCII", "memsize":40, "flags":{"wb_protected":true, "old":true, "long_lived":true, "marked":true}}
{"address":"0x7fcbb1090450", "type":"STRING", "class":"0x7fcbb10e0ef0", "frozen":true, "embedded":true, "fstring":true, "bytesize":6, "value":"@error", "encoding":"US-ASCII", "memsize":40, "flags":{"wb_protected":true, "old":true, "long_lived":true, "marked":true}}
{"address":"0x7fcbb10904c8", "type":"STRING", "class":"0x7fcbb10e0ef0", "frozen":true, "embedded":true, "fstring":true, "bytesize":16, "value":"ruby_api_version", "encoding":"US-ASCII", "memsize":40, "flags":{"wb_protected":true, "old":true, "long_lived":true, "marked":true}}
{"address":"0x7fcbb1090680", "type":"STRING", "class":"0x7fcbb10e0ef0", "frozen":true, "embedded":true, "fstring":true, "bytesize":6, "value":"CONFIG", "encoding":"US-ASCII", "memsize":40, "flags":{"wb_protected":true, "old":true, "long_lived":true, "marked":true}}
{"address":"0x7fcbb10906d0", "type":"STRING", "class":"0x7fcbb10e0ef0", "frozen":true, "embedded":true, "fstring":true, "bytesize":8, "value":"RbConfig", "encoding":"US-ASCII", "memsize":40, "flags":{"wb_protected":true, "old":true, "long_lived":true, "marked":true}}
{"address":"0x7fcbb10907c0", "type":"STRING", "class":"0x7fcbb10e0ef0", "frozen":true, "embedded":true, "fstring":true, "bytesize":21, "value":"extension_api_version", "encoding":"US-ASCII", "memsize":40, "flags":{"wb_protected":true, "old":true, "long_lived":true, "marked":true}}
{"address":"0x7fcbb1090cc0", "type":"STRING", "class":"0x7fcbb10e0ef0", "frozen":true, "embedded":true, "fstring":true, "bytesize":7, "value":"mkdir_p", "encoding":"US-ASCII", "memsize":40, "flags":{"wb_protected":true, "old":true, "long_lived":true, "marked":true}}
{"address":"0x7fcbb1090d10", "type":"STRING", "class":"0x7fcbb10e0ef0", "frozen":true, "embedded":true, "fstring":true, "bytesize":9, "value":"FileUtils", "encoding":"US-ASCII", "memsize":40, "flags":{"wb_protected":true, "old":true, "long_lived":true, "marked":true}}
{"address":"0x7fcbb1090fe0", "type":"STRING", "class":"0x7fcbb10e0ef0", "frozen":true, "embedded":true, "fstring":true, "bytesize":6, "value":"subdir", "encoding":"US-ASCII", "memsize":40, "flags":{"wb_protected":true, "old":true, "long_lived":true, "marked":true}}
{"address":"0x7fcbb1091008", "type":"STRING", "class":"0x7fcbb10e0ef0", "frozen":true, "embedded":true, "fstring":true, "bytesize":7, "value":"@source", "encoding":"US-ASCII", "memsize":40, "flags":{"wb_protected":true, "old":true, "long_lived":true, "marked":true}}
{"address":"0x7fcbb10916e8", "type":"STRING", "class":"0x7fcbb10e0ef0", "frozen":true, "embedded":true, "fstring":true, "bytesize":9, "value":"old_umask", "encoding":"US-ASCII", "memsize":40, "flags":{"wb_protected":true, "old":true, "long_lived":true, "marked":true}}
{"address":"0x7fcbb1091788", "type":"STRING", "class":"0x7fcbb10e0ef0", "frozen":true, "embedded":true, "fstring":true, "bytesize":7, "value":"subdirs", "encoding":"US-ASCII", "memsize":40, "flags":{"wb_protected":true, "old":true, "long_lived":true, "marked":true}}
{"address":"0x7fcbb10917b0", "type":"STRING", "class":"0x7fcbb10e0ef0", "frozen":true, "embedded":true, "fstring":true, "bytesize":5, "value":"error", "encoding":"US-ASCII", "memsize":40, "flags":{"wb_protected":true, "old":true, "long_lived":true, "marked":true}}
{"address":"0x7fcbb1091b98", "type":"STRING", "class":"0x7fcbb10e0ef0", "frozen":true, "fstring":true, "bytesize":33, "value":"ensure_default_gem_subdirectories", "encoding":"US-ASCII", "memsize":74, "flags":{"wb_protected":true, "old":true, "long_lived":true, "marked":true}}
{"address":"0x7fcbb1091f58", "type":"STRING", "class":"0x7fcbb10e0ef0", "frozen":true, "embedded":true, "fstring":true, "bytesize":21, "value":"ensure_subdirectories", "encoding":"US-ASCII", "memsize":40, "flags":{"wb_protected":true, "old":true, "long_lived":true, "marked":true}}
{"address":"0x7fcbb10920e8", "type":"STRING", "class":"0x7fcbb10e0ef0", "frozen":true, "fstring":true, "bytesize":25, "value":"ensure_gem_subdirectories", "encoding":"US-ASCII", "memsize":66, "flags":{"wb_protected":true, "old":true, "long_lived":true, "marked":true}}
{"address":"0x7fcbb1092430", "type":"STRING", "class":"0x7fcbb10e0ef0", "frozen":true, "embedded":true, "fstring":true, "bytesize":14, "value":"spec_cache_dir", "encoding":"US-ASCII", "memsize":40, "flags":{"wb_protected":true, "old":true, "long_lived":true, "marked":true}}
{"address":"0x7fcbb1092638", "type":"STRING", "class":"0x7fcbb10e0ef0", "frozen":true, "embedded":true, "fstring":true, "bytesize":18, "value":"SourceFetchProblem", "encoding":"US-ASCII", "memsize":40, "flags":{"wb_protected":true, "old":true, "long_lived":true, "marked":true}}
{"address":"0x7fcbb1092a70", "type":"STRING", "class":"0x7fcbb10e0ef0", "frozen":true, "embedded":true, "fstring":true, "bytesize":5, "value":"dirs=", "encoding":"US-ASCII", "memsize":40, "flags":{"wb_protected":true, "old":true, "long_lived":true, "marked":true}}
{"address":"0x7fcbb1092a98", "type":"STRING", "class":"0x7fcbb10e0ef0", "frozen":true, "embedded":true, "fstring":true, "bytesize":4, "value":"dirs", "encoding":"US-ASCII", "memsize":40, "flags":{"wb_protected":true, "old":true, "long_lived":true, "marked":true}}
{"address":"0x7fcbb1092d40", "type":"STRING", "class":"0x7fcbb10e0ef0", "frozen":true, "embedded":true, "fstring":true, "bytesize":3, "value":"env", "encoding":"US-ASCII", "memsize":40, "flags":{"wb_protected":true, "old":true, "long_lived":true, "marked":true}}
{"address":"0x7fcbb1092d68", "type":"STRING", "class":"0x7fcbb10e0ef0", "frozen":true, "embedded":true, "fstring":true, "bytesize":6, "value":"paths=", "encoding":"US-ASCII", "memsize":40, "flags":{"wb_protected":true, "old":true, "long_lived":true, "marked":true}}
{"address":"0x7fcbb1092fe8", "type":"STRING", "class":"0x7fcbb10e0ef0", "frozen":true, "embedded":true, "fstring":true, "bytesize":11, "value":"PathSupport", "encoding":"US-ASCII", "memsize":40, "flags":{"wb_protected":true, "old":true, "long_lived":true, "marked":true}}
{"address":"0x7fcbb10930b0", "type":"STRING", "class":"0x7fcbb10e0ef0", "frozen":true, "embedded":true, "fstring":true, "bytesize":5, "value":"paths", "encoding":"US-ASCII", "memsize":40, "flags":{"wb_protected":true, "old":true, "long_lived":true, "marked":true}}
{"address":"0x7fcbb1093358", "type":"STRING", "class":"0x7fcbb10e0ef0", "frozen":true, "embedded":true, "fstring":true, "bytesize":7, "value":"Deflate", "encoding":"US-ASCII", "memsize":40, "flags":{"wb_protected":true, "old":true, "long_lived":true, "marked":true}}
{"address":"0x7fcbb10933a8", "type":"STRING", "class":"0x7fcbb10e0ef0", "frozen":true, "embedded":true, "fstring":true, "bytesize":4, "value":"Zlib", "encoding":"US-ASCII", "memsize":40, "flags":{"wb_protected":true, "old":true, "long_lived":true, "marked":true}}
{"address":"0x7fcbb1093538", "type":"STRING", "class":"0x7fcbb10e0ef0", "frozen":true, "embedded":true, "fstring":true, "bytesize":4, "value":"data", "encoding":"US-ASCII", "memsize":40, "flags":{"wb_protected":true, "old":true, "long_lived":true, "marked":true}}
{"address":"0x7fcbb1093560", "type":"STRING", "class":"0x7fcbb10e0ef0", "frozen":true, "embedded":true, "fstring":true, "bytesize":7, "value":"deflate", "encoding":"US-ASCII", "memsize":40, "flags":{"wb_protected":true, "old":true, "long_lived":true, "marked":true}}
{"address":"0x7fcbb10938a8", "type":"STRING", "class":"0x7fcbb10e0ef0", "frozen":true, "embedded":true, "fstring":true, "bytesize":13, "value":"full_gem_path", "encoding":"US-ASCII", "memsize":40, "flags":{"wb_protected":true, "old":true, "long_lived":true, "marked":true}}
{"address":"0x7fcbb1093c40", "type":"STRING", "class":"0x7fcbb10e0ef0", "frozen":true, "embedded":true, "fstring":true, "bytesize":8, "value":"gem_name", "encoding":"US-ASCII", "memsize":40, "flags":{"wb_protected":true, "old":true, "long_lived":true, "marked":true}}
{"address":"0x7fcbb1093c68", "type":"STRING", "class":"0x7fcbb10e0ef0", "frozen":true, "embedded":true, "fstring":true, "bytesize":7, "value":"datadir", "encoding":"US-ASCII", "memsize":40, "flags":{"wb_protected":true, "old":true, "long_lived":true, "marked":true}}
{"address":"0x7fcbb1093f10", "type":"STRING", "class":"0x7fcbb10e0ef0", "frozen":true, "embedded":true, "fstring":true, "bytesize":6, "value":"config", "encoding":"US-ASCII", "memsize":40, "flags":{"wb_protected":true, "old":true, "long_lived":true, "marked":true}}
{"address":"0x7fcbb1093f38", "type":"STRING", "class":"0x7fcbb10e0ef0", "frozen":true, "embedded":true, "fstring":true, "bytesize":14, "value":"configuration=", "encoding":"US-ASCII", "memsize":40, "flags":{"wb_protected":true, "old":true, "long_lived":true, "marked":true}}
{"address":"0x7fcbb1098240", "type":"STRING", "class":"0x7fcbb10e0ef0", "frozen":true, "embedded":true, "fstring":true, "bytesize":10, "value":"ConfigFile", "encoding":"US-ASCII", "memsize":40, "flags":{"wb_protected":true, "old":true, "long_lived":true, "marked":true}}
{"address":"0x7fcbb1098308", "type":"STRING", "class":"0x7fcbb10e0ef0", "frozen":true, "embedded":true, "fstring":true, "bytesize":13, "value":"configuration", "encoding":"US-ASCII", "memsize":40, "flags":{"wb_protected":true, "old":true, "long_lived":true, "marked":true}}
{"address":"0x7fcbb1098628", "type":"STRING", "class":"0x7fcbb10e0ef0", "frozen":true, "embedded":true, "fstring":true, "bytesize":9, "value":"user_home", "encoding":"US-ASCII", "memsize":40, "flags":{"wb_protected":true, "old":true, "long_lived":true, "marked":true}}
{"address":"0x7fcbb10986c8", "type":"STRING", "class":"0x7fcbb10e0ef0", "frozen":true, "embedded":true, "fstring":true, "bytesize":12, "value":"@config_file", "encoding":"US-ASCII", "memsize":40, "flags":{"wb_protected":true, "old":true, "long_lived":true, "marked":true}}
{"address":"0x7fcbb1098740", "type":"STRING", "class":"0x7fcbb10e0ef0", "frozen":true, "embedded":true, "fstring":true, "bytesize":11, "value":"config_file", "encoding":"US-ASCII", "memsize":40, "flags":{"wb_protected":true, "old":true, "long_lived":true, "marked":true}}
{"address":"0x7fcbb1098a10", "type":"STRING", "class":"0x7fcbb10e0ef0", "frozen":true, "embedded":true, "fstring":true, "bytesize":8, "value":"Security", "encoding":"US-ASCII", "memsize":40, "flags":{"wb_protected":true, "old":true, "long_lived":true, "marked":true}}
{"address":"0x7fcbb1098ad8", "type":"STRING", "class":"0x7fcbb10e0ef0", "frozen":true, "embedded":true, "fstring":true, "bytesize":5, "value":"reset", "encoding":"US-ASCII", "memsize":40, "flags":{"wb_protected":true, "old":true, "long_lived":true, "marked":true}}
{"address":"0x7fcbb1098c18", "type":"STRING", "class":"0x7fcbb10e0ef0", "frozen":true, "embedded":true, "fstring":true, "bytesize":10, "value":"@user_home", "encoding":"US-ASCII", "memsize":40, "flags":{"wb_protected":true, "old":true, "long_lived":true, "marked":true}}
{"address":"0x7fcbb1098cb8", "type":"STRING", "class":"0x7fcbb10e0ef0", "frozen":true, "embedded":true, "fstring":true, "bytesize":6, "value":"@paths", "encoding":"US-ASCII", "memsize":40, "flags":{"wb_protected":true, "old":true, "long_lived":true, "marked":true}}
{"address":"0x7fcbb1098d30", "type":"STRING", "class":"0x7fcbb10e0ef0", "frozen":true, "embedded":true, "fstring":true, "bytesize":11, "value":"clear_paths", "encoding":"US-ASCII", "memsize":40, "flags":{"wb_protected":true, "old":true, "long_lived":true, "marked":true}}
{"address":"0x7fcbb1098e20", "type":"STRING", "class":"0x7fcbb10e0ef0", "frozen":true, "bytesize":77, "capacity":128, "value":"/Users/path/.rvm/rubies/ruby-2.2.3/lib/ruby/vendor_ruby/2.2.0/x86_64-darwin14", "encoding":"UTF-8", "memsize":169, "flags":{"wb_protected":true, "old":true, "long_lived":true, "marked":true}}
{"address":"0x7fcbb1098fb0", "type":"STRING", "class":"0x7fcbb10e0ef0", "frozen":true, "embedded":true, "fstring":true, "bytesize":14, "value":"default_bindir", "encoding":"US-ASCII", "memsize":40, "flags":{"wb_protected":true, "old":true, "long_lived":true, "marked":true}}
{"address":"0x7fcbb10990f0", "type":"STRING", "class":"0x7fcbb10e0ef0", "frozen":true, "embedded":true, "fstring":true, "bytesize":11, "value":"default_dir", "encoding":"US-ASCII", "memsize":40, "flags":{"wb_protected":true, "old":true, "long_lived":true, "marked":true}}
{"address":"0x7fcbb1099410", "type":"STRING", "class":"0x7fcbb10e0ef0", "frozen":true, "embedded":true, "fstring":true, "bytesize":3, "value":"dir", "encoding":"US-ASCII", "memsize":40, "flags":{"wb_protected":true, "old":true, "long_lived":true, "marked":true}}
{"address":"0x7fcbb1099460", "type":"STRING", "class":"0x7fcbb10e0ef0", "frozen":true, "embedded":true, "fstring":true, "bytesize":11, "value":"install_dir", "encoding":"US-ASCII", "memsize":40, "flags":{"wb_protected":true, "old":true, "long_lived":true, "marked":true}}
{"address":"0x7fcbb1099488", "type":"STRING", "class":"0x7fcbb10e0ef0", "frozen":true, "embedded":true, "fstring":true, "bytesize":6, "value":"bindir", "encoding":"US-ASCII", "memsize":40, "flags":{"wb_protected":true, "old":true, "long_lived":true, "marked":true}}
{"address":"0x7fcbb10994d8", "type":"STRING", "class":"0x7fcbb10e0ef0", "frozen":true, "bytesize":61, "capacity":128, "value":"/Users/path/.rvm/rubies/ruby-2.2.3/lib/ruby/vendor_ruby/2.2.0", "encoding":"UTF-8", "memsize":169, "flags":{"wb_protected":true, "old":true, "long_lived":true, "marked":true}}
{"address":"0x7fcbb1099708", "type":"STRING", "class":"0x7fcbb10e0ef0", "frozen":true, "embedded":true, "fstring":true, "bytesize":11, "value":"binary_mode", "encoding":"US-ASCII", "memsize":40, "flags":{"wb_protected":true, "old":true, "long_lived":true, "marked":true}}
{"address":"0x7fcbb1099780", "type":"STRING", "class":"0x7fcbb10e0ef0", "frozen":true, "bytesize":55, "capacity":128, "value":"/Users/path/.rvm/rubies/ruby-2.2.3/lib/ruby/vendor_ruby", "encoding":"UTF-8", "memsize":169, "flags":{"wb_protected":true, "old":true, "long_lived":true, "marked":true}}
{"address":"0x7fcbb10997d0", "type":"STRING", "class":"0x7fcbb10e0ef0", "frozen":true, "bytesize":43, "capacity":128, "value":"/Users/path/.rvm/rubies/ruby-2.2.3/lib/ruby", "encoding":"UTF-8", "memsize":169, "flags":{"wb_protected":true, "old":true, "long_lived":true, "marked":true}}
{"address":"0x7fcbb1099e38", "type":"STRING", "class":"0x7fcbb10e0ef0", "frozen":true, "bytesize":38, "capacity":128, "value":"/Users/path/.rvm/rubies/ruby-2.2.3/lib", "encoding":"UTF-8", "memsize":169, "flags":{"wb_protected":true, "old":true, "long_lived":true, "marked":true}}
{"address":"0x7fcbb1099e60", "type":"STRING", "class":"0x7fcbb10e0ef0", "frozen":true, "bytesize":53, "capacity":128, "value":"/Users/path/.rvm/rubies/ruby-2.2.3/lib/ruby/site_ruby", "encoding":"UTF-8", "memsize":169, "flags":{"wb_protected":true, "old":true, "long_lived":true, "marked":true}}
{"address":"0x7fcbb1099eb0", "type":"STRING", "class":"0x7fcbb10e0ef0", "frozen":true, "embedded":true, "fstring":true, "bytesize":3, "value":"msg", "encoding":"US-ASCII", "memsize":40, "flags":{"wb_protected":true, "old":true, "long_lived":true, "marked":true}}
{"address":"0x7fcbb109a018", "type":"STRING", "class":"0x7fcbb10e0ef0", "frozen":true, "bytesize":34, "capacity":128, "value":"/Users/path/.rvm/rubies/ruby-2.2.3", "encoding":"UTF-8", "memsize":169, "flags":{"wb_protected":true, "old":true, "long_lived":true, "marked":true}}
{"address":"0x7fcbb109a158", "type":"STRING", "class":"0x7fcbb10e0ef0", "frozen":true, "embedded":true, "fstring":true, "bytesize":11, "value":"executables", "encoding":"US-ASCII", "memsize":40, "flags":{"wb_protected":true, "old":true, "long_lived":true, "marked":true}}
{"address":"0x7fcbb109a680", "type":"STRING", "class":"0x7fcbb10e0ef0", "frozen":true, "embedded":true, "fstring":true, "bytesize":20, "value":"GemNotFoundException", "encoding":"US-ASCII", "memsize":40, "flags":{"wb_protected":true, "old":true, "long_lived":true, "marked":true}}
{"address":"0x7fcbb109a7e8", "type":"STRING", "class":"0x7fcbb10e0ef0", "frozen":true, "embedded":true, "fstring":true, "bytesize":14, "value":"matching_specs", "encoding":"US-ASCII", "memsize":40, "flags":{"wb_protected":true, "old":true, "long_lived":true, "marked":true}}
{"address":"0x7fcbb109a860", "type":"STRING", "class":"0x7fcbb10e0ef0", "frozen":true, "embedded":true, "fstring":true, "bytesize":5, "value":"specs", "encoding":"US-ASCII", "memsize":40, "flags":{"wb_protected":true, "old":true, "long_lived":true, "marked":true}}
{"address":"0x7fcbb109a928", "type":"STRING", "class":"0x7fcbb10e0ef0", "frozen":true, "bytesize":8, "capacity":128, "value":"bin/rake", "encoding":"UTF-8", "memsize":169, "flags":{"wb_protected":true, "old":true, "long_lived":true, "marked":true}}
{"address":"0x7fcbb109a9c8", "type":"STRING", "class":"0x7fcbb10e0ef0", "frozen":true, "embedded":true, "fstring":true, "bytesize":13, "value":"matches_spec?", "encoding":"US-ASCII", "memsize":40, "flags":{"wb_protected":true, "old":true, "long_lived":true, "marked":true}}
{"address":"0x7fcbb109ab08", "type":"STRING", "class":"0x7fcbb10e0ef0", "frozen":true, "embedded":true, "fstring":true, "bytesize":8, "value":"bin_file", "encoding":"US-ASCII", "memsize":40, "flags":{"wb_protected":true, "old":true, "long_lived":true, "marked":true}}
{"address":"0x7fcbb109ac70", "type":"STRING", "class":"0x7fcbb10e0ef0", "frozen":true, "embedded":true, "fstring":true, "bytesize":12, "value":"loaded_specs", "encoding":"US-ASCII", "memsize":40, "flags":{"wb_protected":true, "old":true, "long_lived":true, "marked":true}}
{"address":"0x7fcbb109ace8", "type":"STRING", "class":"0x7fcbb10e0ef0", "frozen":true, "embedded":true, "fstring":true, "bytesize":6, "value":"loaded", "encoding":"US-ASCII", "memsize":40, "flags":{"wb_protected":true, "old":true, "long_lived":true, "marked":true}}
{"address":"0x7fcbb109ae78", "type":"STRING", "class":"0x7fcbb10e0ef0", "frozen":true, "embedded":true, "fstring":true, "bytesize":10, "value":"Dependency", "encoding":"US-ASCII", "memsize":40, "flags":{"wb_protected":true, "old":true, "long_lived":true, "marked":true}}
{"address":"0x7fcbb109aef0", "type":"STRING", "class":"0x7fcbb10e0ef0", "frozen":true, "embedded":true, "fstring":true, "bytesize":3, "value":"dep", "encoding":"US-ASCII", "memsize":40, "flags":{"wb_protected":true, "old":true, "long_lived":true, "marked":true}}
{"address":"0x7fcbb109b0a8", "type":"STRING", "class":"0x7fcbb10e0ef0", "frozen":true, "embedded":true, "fstring":true, "bytesize":11, "value":"Requirement", "encoding":"US-ASCII", "memsize":40, "flags":{"wb_protected":true, "old":true, "long_lived":true, "marked":true}}
{"address":"0x7fcbb109b3a0", "type":"STRING", "class":"0x7fcbb10e0ef0", "frozen":true, "embedded":true, "fstring":true, "bytesize":12, "value":"requirements", "encoding":"US-ASCII", "memsize":40, "flags":{"wb_protected":true, "old":true, "long_lived":true, "marked":true}}
{"address":"0x7fcbb109b440", "type":"STRING", "class":"0x7fcbb10e0ef0", "frozen":true, "embedded":true, "fstring":true, "bytesize":9, "value":"exec_name", "encoding":"US-ASCII", "memsize":40, "flags":{"wb_protected":true, "old":true, "long_lived":true, "marked":true}}
{"address":"0x7fcbb109b490", "type":"STRING", "class":"0x7fcbb10e0ef0", "frozen":true, "embedded":true, "fstring":true, "bytesize":8, "value":"bin_path", "encoding":"US-ASCII", "memsize":40, "flags":{"wb_protected":true, "old":true, "long_lived":true, "marked":true}}
{"address":"0x7fcbb109b508", "type":"STRING", "class":"0x7fcbb10e0ef0", "frozen":true, "embedded":true, "fstring":true, "bytesize":6, "value":"bugfix", "encoding":"US-ASCII", "memsize":40, "flags":{"wb_protected":true, "old":true, "long_lived":true, "marked":true}}
{"address":"0x7fcbb109b7d8", "type":"STRING", "class":"0x7fcbb10e0ef0", "frozen":true, "embedded":true, "fstring":true, "bytesize":9, "value":"full_spec", "encoding":"US-ASCII", "memsize":40, "flags":{"wb_protected":true, "old":true, "long_lived":true, "marked":true}}
{"address":"0x7fcbb109b8a0", "type":"STRING", "class":"0x7fcbb10e0ef0", "frozen":true, "embedded":true, "fstring":true, "bytesize":1, "value":"s", "encoding":"US-ASCII", "memsize":40, "flags":{"wb_protected":true, "old":true, "long_lived":true, "marked":true}}
{"address":"0x7fcbb109b918", "type":"STRING", "class":"0x7fcbb10e0ef0", "frozen":true, "embedded":true, "fstring":true, "bytesize":15, "value":"resolve_current", "encoding":"US-ASCII", "memsize":40, "flags":{"wb_protected":true, "old":true, "long_lived":true, "marked":true}}
{"address":"0x7fcbb109ba58", "type":"STRING", "class":"0x7fcbb10e0ef0", "frozen":true, "embedded":true, "fstring":true, "bytesize":15, "value":"unresolved_deps", "encoding":"US-ASCII", "memsize":40, "flags":{"wb_protected":true, "old":true, "long_lived":true, "marked":true}}
{"address":"0x7fcbb109bad0", "type":"STRING", "class":"0x7fcbb10e0ef0", "frozen":true, "embedded":true, "fstring":true, "bytesize":6, "value":"import", "encoding":"US-ASCII", "memsize":40, "flags":{"wb_protected":true, "old":true, "long_lived":true, "marked":true}}
{"address":"0x7fcbb109bc38", "type":"STRING", "class":"0x7fcbb10e0ef0", "frozen":true, "embedded":true, "fstring":true, "bytesize":11, "value":"request_set", "encoding":"US-ASCII", "memsize":40, "flags":{"wb_protected":true, "old":true, "long_lived":true, "marked":true}}
{"address":"0x7fcbb109be18", "type":"STRING", "class":"0x7fcbb10e0ef0", "frozen":true, "embedded":true, "fstring":true, "bytesize":14, "value":"finish_resolve", "encoding":"US-ASCII", "memsize":40, "flags":{"wb_protected":true, "old":true, "long_lived":true, "marked":true}}
{"address":"0x7fcbb10a0030", "type":"STRING", "class":"0x7fcbb10e0ef0", "frozen":true, "embedded":true, "fstring":true, "bytesize":10, "value":"RequestSet", "encoding":"US-ASCII", "memsize":40, "flags":{"wb_protected":true, "old":true, "long_lived":true, "marked":true}}
{"address":"0x7fcbb10a00a8", "type":"STRING", "class":"0x7fcbb10e0ef0", "frozen":true, "embedded":true, "fstring":true, "bytesize":2, "value":"rs", "encoding":"US-ASCII", "memsize":40, "flags":{"wb_protected":true, "old":true, "long_lived":true, "marked":true}}
{"address":"0x7fcbb10a0120", "type":"STRING", "class":"0x7fcbb10e0ef0", "frozen":true, "embedded":true, "fstring":true, "bytesize":5, "value":"needs", "encoding":"US-ASCII", "memsize":40, "flags":{"wb_protected":true, "old":true, "long_lived":true, "marked":true}}
{"address":"0x7fcbb10a04e0", "type":"STRING", "class":"0x7fcbb10e0ef0", "frozen":true, "embedded":true, "fstring":true, "bytesize":12, "value":"find_by_name", "encoding":"US-ASCII", "memsize":40, "flags":{"wb_protected":true, "old":true, "long_lived":true, "marked":true}}
{"address":"0x7fcbb10a0648", "type":"STRING", "class":"0x7fcbb10e0ef0", "frozen":true, "embedded":true, "fstring":true, "bytesize":8, "value":"activate", "encoding":"US-ASCII", "memsize":40, "flags":{"wb_protected":true, "old":true, "long_lived":true, "marked":true}}
{"address":"0x7fcbb10a0940", "type":"STRING", "class":"0x7fcbb10e0ef0", "frozen":true, "embedded":true, "fstring":true, "bytesize":10, "value":"activated?", "encoding":"US-ASCII", "memsize":40, "flags":{"wb_protected":true, "old":true, "long_lived":true, "marked":true}}
{"address":"0x7fcbb10a0ad0", "type":"STRING", "class":"0x7fcbb10e0ef0", "frozen":true, "embedded":true, "fstring":true, "bytesize":12, "value":"find_by_path", "encoding":"US-ASCII", "memsize":40, "flags":{"wb_protected":true, "old":true, "long_lived":true, "marked":true}}
{"address":"0x7fcbb10a0c88", "type":"STRING", "class":"0x7fcbb10e0ef0", "frozen":true, "embedded":true, "fstring":true, "bytesize":21, "value":"find_inactive_by_path", "encoding":"US-ASCII", "memsize":40, "flags":{"wb_protected":true, "old":true, "long_lived":true, "marked":true}}
{"address":"0x7fcbb10a0cd8", "type":"STRING", "class":"0x7fcbb10e0ef0", "frozen":true, "embedded":true, "fstring":true, "bytesize":13, "value":"Specification", "encoding":"US-ASCII", "memsize":40, "flags":{"wb_protected":true, "old":true, "long_lived":true, "marked":true}}
{"address":"0x7fcbb10a0d50", "type":"STRING", "class":"0x7fcbb10e0ef0", "frozen":true, "embedded":true, "fstring":true, "bytesize":4, "value":"spec", "encoding":"US-ASCII", "memsize":40, "flags":{"wb_protected":true, "old":true, "long_lived":true, "marked":true}}
{"address":"0x7fcbb10a0ee0", "type":"STRING", "class":"0x7fcbb10e0ef0", "frozen":true, "embedded":true, "fstring":true, "bytesize":12, "value":"try_activate", "encoding":"US-ASCII", "memsize":40, "flags":{"wb_protected":true, "old":true, "long_lived":true, "marked":true}}
{"address":"0x7fcbb10a1110", "type":"STRING", "class":"0x7fcbb10e0ef0", "frozen":true, "embedded":true, "fstring":true, "bytesize":17, "value":"@post_reset_hooks", "encoding":"US-ASCII", "memsize":40, "flags":{"wb_protected":true, "old":true, "long_lived":true, "marked":true}}
{"address":"0x7fcbb10a1228", "type":"STRING", "class":"0x7fcbb10e0ef0", "frozen":true, "embedded":true, "fstring":true, "bytesize":16, "value":"@pre_reset_hooks", "encoding":"US-ASCII", "memsize":40, "flags":{"wb_protected":true, "old":true, "long_lived":true, "marked":true}}
{"address":"0x7fcbb10a1340", "type":"STRING", "class":"0x7fcbb10e0ef0", "frozen":true, "embedded":true, "fstring":true, "bytesize":18, "value":"@pre_install_hooks", "encoding":"US-ASCII", "memsize":40, "flags":{"wb_protected":true, "old":true, "long_lived":true, "marked":true}}
{"address":"0x7fcbb10a1458", "type":"STRING", "class":"0x7fcbb10e0ef0", "frozen":true, "embedded":true, "fstring":true, "bytesize":20, "value":"@pre_uninstall_hooks", "encoding":"US-ASCII", "memsize":40, "flags":{"wb_protected":true, "old":true, "long_lived":true, "marked":true}}
{"address":"0x7fcbb10a1570", "type":"STRING", "class":"0x7fcbb10e0ef0", "frozen":true, "embedded":true, "fstring":true, "bytesize":21, "value":"@post_uninstall_hooks", "encoding":"US-ASCII", "memsize":40, "flags":{"wb_protected":true, "old":true, "long_lived":true, "marked":true}}
{"address":"0x7fcbb10a1688", "type":"STRING", "class":"0x7fcbb10e0ef0", "frozen":true, "embedded":true, "fstring":true, "bytesize":19, "value":"@post_install_hooks", "encoding":"US-ASCII", "memsize":40, "flags":{"wb_protected":true, "old":true, "long_lived":true, "marked":true}}
{"address":"0x7fcbb10a17a0", "type":"STRING", "class":"0x7fcbb10e0ef0", "frozen":true, "embedded":true, "fstring":true, "bytesize":17, "value":"@post_build_hooks", "encoding":"US-ASCII", "memsize":40, "flags":{"wb_protected":true, "old":true, "long_lived":true, "marked":true}}
{"address":"0x7fcbb10a1890", "type":"STRING", "class":"0x7fcbb10e0ef0", "frozen":true, "embedded":true, "fstring":true, "bytesize":8, "value":"@sources", "encoding":"US-ASCII", "memsize":40, "flags":{"wb_protected":true, "old":true, "long_lived":true, "marked":true}}
{"address":"0x7fcbb10a1958", "type":"STRING", "class":"0x7fcbb10e0ef0", "frozen":true, "embedded":true, "fstring":true, "bytesize":17, "value":"@ruby_api_version", "encoding":"US-ASCII", "memsize":40, "flags":{"wb_protected":true, "old":true, "long_lived":true, "marked":true}}
{"address":"0x7fcbb10a1a20", "type":"STRING", "class":"0x7fcbb10e0ef0", "frozen":true, "embedded":true, "fstring":true, "bytesize":5, "value":"@ruby", "encoding":"US-ASCII", "memsize":40, "flags":{"wb_protected":true, "old":true, "long_lived":true, "marked":true}}
{"address":"0x7fcbb10a1ae8", "type":"STRING", "class":"0x7fcbb10e0ef0", "frozen":true, "embedded":true, "fstring":true, "bytesize":10, "value":"@platforms", "encoding":"US-ASCII", "memsize":40, "flags":{"wb_protected":true, "old":true, "long_lived":true, "marked":true}}
{"address":"0x7fcbb10a1bb0", "type":"STRING", "class":"0x7fcbb10e0ef0", "frozen":true, "fstring":true, "bytesize":25, "value":"@path_to_default_spec_map", "encoding":"US-ASCII", "memsize":66, "flags":{"wb_protected":true, "old":true, "long_lived":true, "marked":true}}
{"address":"0x7fcbb10a1ca0", "type":"STRING", "class":"0x7fcbb10e0ef0", "frozen":true, "embedded":true, "fstring":true, "bytesize":18, "value":"LOADED_SPECS_MUTEX", "encoding":"US-ASCII", "memsize":40, "flags":{"wb_protected":true, "old":true, "long_lived":true, "marked":true}}
{"address":"0x7fcbb10a1d68", "type":"STRING", "class":"0x7fcbb10e0ef0", "frozen":true, "embedded":true, "fstring":true, "bytesize":13, "value":"@loaded_specs", "encoding":"US-ASCII", "memsize":40, "flags":{"wb_protected":true, "old":true, "long_lived":true, "marked":true}}
{"address":"0x7fcbb10a1de0", "type":"STRING", "class":"0x7fcbb10e0ef0", "frozen":true, "fstring":true, "bytesize":24, "value":"install_extension_in_lib", "encoding":"US-ASCII", "memsize":65, "flags":{"wb_protected":true, "old":true, "long_lived":true, "marked":true}}
{"address":"0x7fcbb10a1e30", "type":"STRING", "class":"0x7fcbb10e0ef0", "frozen":true, "embedded":true, "fstring":true, "bytesize":14, "value":"@configuration", "encoding":"US-ASCII", "memsize":40, "flags":{"wb_protected":true, "old":true, "long_lived":true, "marked":true}}
{"address":"0x7fcbb10a1f20", "type":"STRING", "class":"0x7fcbb10e0ef0", "frozen":true, "embedded":true, "fstring":true, "bytesize":14, "value":"@@win_platform", "encoding":"US-ASCII", "memsize":40, "flags":{"wb_protected":true, "old":true, "long_lived":true, "marked":true}}
{"address":"0x7fcbb10a1f48", "type":"STRING", "class":"0x7fcbb10e0ef0", "frozen":true, "embedded":true, "fstring":true, "bytesize":7, "value":"handled", "encoding":"US-ASCII", "memsize":40, "flags":{"wb_protected":true, "old":true, "long_lived":true, "marked":true}}
{"address":"0x7fcbb10a2178", "type":"STRING", "class":"0x7fcbb10e0ef0", "frozen":true, "fstring":true, "bytesize":37, "value":"REPOSITORY_DEFAULT_GEM_SUBDIRECTORIES", "encoding":"US-ASCII", "memsize":78, "flags":{"wb_protected":true, "old":true, "long_lived":true, "marked":true}}
{"address":"0x7fcbb10a26c8", "type":"STRING", "class":"0x7fcbb10e0ef0", "frozen":true, "fstring":true, "bytesize":25, "value":"REPOSITORY_SUBDIRECTORIES", "encoding":"US-ASCII", "memsize":66, "flags":{"wb_protected":true, "old":true, "long_lived":true, "marked":true}}
{"address":"0x7fcbb10a2a38", "type":"STRING", "class":"0x7fcbb10e0ef0", "frozen":true, "embedded":true, "fstring":true, "bytesize":13, "value":"GEM_DEP_FILES", "encoding":"US-ASCII", "memsize":40, "flags":{"wb_protected":true, "old":true, "long_lived":true, "marked":true}}
{"address":"0x7fcbb10a2b28", "type":"STRING", "class":"0x7fcbb10e0ef0", "frozen":true, "embedded":true, "fstring":true, "bytesize":5, "value":"wince", "encoding":"US-ASCII", "memsize":40, "flags":{"wb_protected":true, "old":true, "long_lived":true, "marked":true}}
{"address":"0x7fcbb10a2ba0", "type":"REGEXP", "class":"0x7fcbb10d0b40", "references":["0x7fcbb10a2b28"], "memsize":513, "flags":{"wb_protected":true, "old":true, "long_lived":true, "marked":true}}
{"address":"0x7fcbb10a2c90", "type":"STRING", "class":"0x7fcbb10e0ef0", "frozen":true, "embedded":true, "fstring":true, "bytesize":5, "value":"mswin", "encoding":"US-ASCII", "memsize":40, "flags":{"wb_protected":true, "old":true, "long_lived":true, "marked":true}}
{"address":"0x7fcbb10a2d08", "type":"REGEXP", "class":"0x7fcbb10d0b40", "references":["0x7fcbb10a2c90"], "memsize":513, "flags":{"wb_protected":true, "old":true, "long_lived":true, "marked":true}}
{"address":"0x7fcbb10a2df8", "type":"STRING", "class":"0x7fcbb10e0ef0", "frozen":true, "embedded":true, "fstring":true, "bytesize":5, "value":"mingw", "encoding":"US-ASCII", "memsize":40, "flags":{"wb_protected":true, "old":true, "long_lived":true, "marked":true}}
{"address":"0x7fcbb10a2e70", "type":"REGEXP", "class":"0x7fcbb10d0b40", "references":["0x7fcbb10a2df8"], "memsize":513, "flags":{"wb_protected":true, "old":true, "long_lived":true, "marked":true}}
{"address":"0x7fcbb10a2f60", "type":"STRING", "class":"0x7fcbb10e0ef0", "frozen":true, "embedded":true, "fstring":true, "bytesize":5, "value":"djgpp", "encoding":"US-ASCII", "memsize":40, "flags":{"wb_protected":true, "old":true, "long_lived":true, "marked":true}}
{"address":"0x7fcbb10a2fd8", "type":"REGEXP", "class":"0x7fcbb10d0b40", "references":["0x7fcbb10a2f60"], "memsize":513, "flags":{"wb_protected":true, "old":true, "long_lived":true, "marked":true}}
{"address":"0x7fcbb10a30c8", "type":"STRING", "class":"0x7fcbb10e0ef0", "frozen":true, "embedded":true, "fstring":true, "bytesize":6, "value":"cygwin", "encoding":"US-ASCII", "memsize":40, "flags":{"wb_protected":true, "old":true, "long_lived":true, "marked":true}}
{"address":"0x7fcbb10a3140", "type":"REGEXP", "class":"0x7fcbb10d0b40", "references":["0x7fcbb10a30c8"], "memsize":506, "flags":{"wb_protected":true, "old":true, "long_lived":true, "marked":true}}
{"address":"0x7fcbb10a3230", "type":"STRING", "class":"0x7fcbb10e0ef0", "frozen":true, "embedded":true, "fstring":true, "bytesize":6, "value":"bccwin", "encoding":"US-ASCII", "memsize":40, "flags":{"wb_protected":true, "old":true, "long_lived":true, "marked":true}}
{"address":"0x7fcbb10a32a8", "type":"REGEXP", "class":"0x7fcbb10d0b40", "references":["0x7fcbb10a3230"], "memsize":506, "flags":{"wb_protected":true, "old":true, "long_lived":true, "marked":true}}
{"address":"0x7fcbb10a3398", "type":"STRING", "class":"0x7fcbb10e0ef0", "frozen":true, "embedded":true, "fstring":true, "bytesize":12, "value":"WIN_PATTERNS", "encoding":"US-ASCII", "memsize":40, "flags":{"wb_protected":true, "old":true, "long_lived":true, "marked":true}}
{"address":"0x7fcbb10a3640", "type":"STRING", "class":"0x7fcbb10e0ef0", "frozen":true, "embedded":true, "fstring":true, "bytesize":12, "value":"RUBYGEMS_DIR", "encoding":"US-ASCII", "memsize":40, "flags":{"wb_protected":true, "old":true, "long_lived":true, "marked":true}}
{"address":"0x7fcbb10a8050", "type":"STRING", "class":"0x7fcbb10e0ef0", "shared":true, "encoding":"UTF-8", "references":["0x7fcbb193dc60"], "memsize":40, "flags":{"wb_protected":true, "old":true, "long_lived":true, "marked":true}}
{"address":"0x7fcbb10a8118", "type":"STRING", "class":"0x7fcbb10e0ef0", "shared":true, "encoding":"UTF-8", "references":["0x7fcbb193dc88"], "memsize":40, "flags":{"wb_protected":true, "old":true, "long_lived":true, "marked":true}}
{"address":"0x7fcbb10a8168", "type":"STRING", "class":"0x7fcbb10e0ef0", "frozen":true, "bytesize":69, "capacity":128, "value":"/Users/path/.rvm/rubies/ruby-2.2.3/include/ruby-2.2.0/x86_64-darwin14", "encoding":"UTF-8", "memsize":169, "flags":{"wb_protected":true, "old":true, "long_lived":true, "marked":true}}
{"address":"0x7fcbb10a8208", "type":"STRING", "class":"0x7fcbb10e0ef0", "shared":true, "encoding":"UTF-8", "references":["0x7fcbb193dcb0"], "memsize":40, "flags":{"wb_protected":true, "old":true, "long_lived":true, "marked":true}}
{"address":"0x7fcbb10a8230", "type":"STRING", "class":"0x7fcbb10e0ef0", "shared":true, "encoding":"UTF-8", "references":["0x7fcbb193dc38"], "memsize":40, "flags":{"wb_protected":true, "old":true, "long_lived":true, "marked":true}}
{"address":"0x7fcbb10a8280", "type":"STRING", "class":"0x7fcbb10e0ef0", "shared":true, "encoding":"UTF-8", "references":["0x7fcbb193dcd8"], "memsize":40, "flags":{"wb_protected":true, "old":true, "long_lived":true, "marked":true}}
{"address":"0x7fcbb10a8320", "type":"STRING", "class":"0x7fcbb10e0ef0", "embedded":true, "bytesize":23, "value":"test/psych/test_omap.rb", "encoding":"UTF-8", "memsize":40, "flags":{"wb_protected":true, "old":true, "long_lived":true, "marked":true}}
{"address":"0x7fcbb10a8348", "type":"STRING", "class":"0x7fcbb10e0ef0", "shared":true, "encoding":"UTF-8", "references":["0x7fcbb193dc10"], "memsize":40, "flags":{"wb_protected":true, "old":true, "long_lived":true, "marked":true}}
{"address":"0x7fcbb10a83c0", "type":"STRING", "class":"0x7fcbb10e0ef0", "frozen":true, "embedded":true, "fstring":true, "bytesize":22, "value":"RUBY_FRAMEWORK_VERSION", "encoding":"US-ASCII", "memsize":40, "flags":{"wb_protected":true, "old":true, "long_lived":true, "marked":true}}
{"address":"0x7fcbb10a8438", "type":"STRING", "class":"0x7fcbb10e0ef0", "shared":true, "encoding":"UTF-8", "references":["0x7fcbb193dd28"], "memsize":40, "flags":{"wb_protected":true, "old":true, "long_lived":true, "marked":true}}
{"address":"0x7fcbb10a8488", "type":"STRING", "class":"0x7fcbb10e0ef0", "embedded":true, "bytesize":22, "value":"test/psych/test_set.rb", "encoding":"UTF-8", "memsize":40, "flags":{"wb_protected":true, "old":true, "long_lived":true, "marked":true}}
{"address":"0x7fcbb10a84b0", "type":"STRING", "class":"0x7fcbb10e0ef0", "shared":true, "encoding":"UTF-8", "references":["0x7fcbb193dd50"], "memsize":40, "flags":{"wb_protected":true, "old":true, "long_lived":true, "marked":true}}
{"address":"0x7fcbb10a84d8", "type":"STRING", "class":"0x7fcbb10e0ef0", "frozen":true, "bytesize":79, "capacity":128, "value":"/Users/path/.rvm/rubies/ruby-2.2.3/include/ruby-2.2.0/site_ruby/x86_64-darwin14", "encoding":"UTF-8", "memsize":169, "flags":{"wb_protected":true, "old":true, "long_lived":true, "marked":true}}
{"address":"0x7fcbb10a85c8", "type":"STRING", "class":"0x7fcbb10e0ef0", "frozen":true, "embedded":true, "fstring":true, "bytesize":10, "value":"open_ended", "encoding":"US-ASCII", "memsize":40, "flags":{"wb_protected":true, "old":true, "long_lived":true, "marked":true}}
{"address":"0x7fcbb10a8640", "type":"STRING", "class":"0x7fcbb10e0ef0", "shared":true, "encoding":"UTF-8", "references":["0x7fcbb193dd78"], "memsize":40, "flags":{"wb_protected":true, "old":true, "long_lived":true, "marked":true}}
{"address":"0x7fcbb10a86e0", "type":"STRING", "class":"0x7fcbb10e0ef0", "embedded":true, "bytesize":23, "value":"test/psych/test_null.rb", "encoding":"UTF-8", "memsize":40, "flags":{"wb_protected":true, "old":true, "long_lived":true, "marked":true}}
{"address":"0x7fcbb10a8758", "type":"STRING", "class":"0x7fcbb10e0ef0", "frozen":true, "bytesize":63, "capacity":128, "value":"/Users/path/.rvm/rubies/ruby-2.2.3/include/ruby-2.2.0/site_ruby", "encoding":"UTF-8", "memsize":169, "flags":{"wb_protected":true, "old":true, "long_lived":true, "marked":true}}
{"address":"0x7fcbb10a8910", "type":"STRING", "class":"0x7fcbb10e0ef0", "embedded":true, "bytesize":22, "value":"test/psych/test_nil.rb", "encoding":"UTF-8", "memsize":40, "flags":{"wb_protected":true, "old":true, "long_lived":true, "marked":true}}
{"address":"0x7fcbb10a8a50", "type":"STRING", "class":"0x7fcbb10e0ef0", "shared":true, "encoding":"UTF-8", "references":["0x7fcbb193dbc0"], "memsize":40, "flags":{"wb_protected":true, "old":true, "long_lived":true, "marked":true}}
{"address":"0x7fcbb10a8a78", "type":"STRING", "class":"0x7fcbb10e0ef0", "shared":true, "encoding":"UTF-8", "references":["0x7fcbb193ddf0"], "memsize":40, "flags":{"wb_protected":true, "old":true, "long_lived":true, "marked":true}}
{"address":"0x7fcbb10a8aa0", "type":"STRING", "class":"0x7fcbb10e0ef0", "shared":true, "encoding":"UTF-8", "references":["0x7fcbb193de18"], "memsize":40, "flags":{"wb_protected":true, "old":true, "long_lived":true, "marked":true}}
{"address":"0x7fcbb10a8c30", "type":"STRING", "class":"0x7fcbb10e0ef0", "frozen":true, "embedded":true, "fstring":true, "bytesize":22, "value":"default_spec_cache_dir", "encoding":"US-ASCII", "memsize":40, "flags":{"wb_protected":true, "old":true, "long_lived":true, "marked":true}}
{"address":"0x7fcbb10a8c80", "type":"STRING", "class":"0x7fcbb10e0ef0", "frozen":true, "embedded":true, "fstring":true, "bytesize":7, "value":"VERSION", "encoding":"US-ASCII", "memsize":40, "flags":{"wb_protected":true, "old":true, "long_lived":true, "marked":true}}
{"address":"0x7fcbb10a8dc0", "type":"STRING", "class":"0x7fcbb10e0ef0", "shared":true, "encoding":"UTF-8", "references":["0x7fcbb193de40"], "memsize":40, "flags":{"wb_protected":true, "old":true, "long_lived":true, "marked":true}}
{"address":"0x7fcbb10a8f78", "type":"STRING", "class":"0x7fcbb10e0ef0", "embedded":true, "bytesize":23, "value":"test/psych/test_hash.rb", "encoding":"UTF-8", "memsize":40, "flags":{"wb_protected":true, "old":true, "long_lived":true, "marked":true}}
{"address":"0x7fcbb10a8fa0", "type":"STRING", "class":"0x7fcbb10e0ef0", "shared":true, "encoding":"UTF-8", "references":["0x7fcbb193db48"], "memsize":40, "flags":{"wb_protected":true, "old":true, "long_lived":true, "marked":true}}
{"address":"0x7fcbb10a9018", "type":"STRING", "class":"0x7fcbb10e0ef0", "frozen":true, "bytesize":81, "capacity":128, "value":"/Users/path/.rvm/rubies/ruby-2.2.3/include/ruby-2.2.0/vendor_ruby/x86_64-darwin14", "encoding":"UTF-8", "memsize":169, "flags":{"wb_protected":true, "old":true, "long_lived":true, "marked":true}}
{"address":"0x7fcbb10a9068", "type":"STRING", "class":"0x7fcbb10e0ef0", "shared":true, "encoding":"UTF-8", "references":["0x7fcbb193de90"], "memsize":40, "flags":{"wb_protected":true, "old":true, "long_lived":true, "marked":true}}
{"address":"0x7fcbb10a9108", "type":"STRING", "class":"0x7fcbb10e0ef0", "embedded":true, "bytesize":3, "value":"-o ", "encoding":"UTF-8", "memsize":40, "flags":{"wb_protected":true, "old":true, "long_lived":true, "marked":true}}
{"address":"0x7fcbb10a91d0", "type":"STRING", "class":"0x7fcbb10e0ef0", "frozen":true, "fstring":true, "bytesize":71, "capacity":118, "value":"/Users/path/.rvm/rubies/ruby-2.2.3/lib/ruby/site_ruby/2.2.0/rubygems.rb", "encoding":"US-ASCII", "memsize":159, "flags":{"wb_protected":true, "old":true, "long_lived":true, "marked":true}}
{"address":"0x7fcbb10a9270", "type":"STRING", "class":"0x7fcbb10e0ef0", "frozen":true, "embedded":true, "bytesize":8, "value":"constant", "memsize":40, "flags":{"wb_protected":true, "old":true, "long_lived":true, "marked":true}}
{"address":"0x7fcbb10a9310", "type":"STRING", "class":"0x7fcbb10e0ef0", "shared":true, "encoding":"UTF-8", "references":["0x7fcbb193deb8"], "memsize":40, "flags":{"wb_protected":true, "old":true, "long_lived":true, "marked":true}}
{"address":"0x7fcbb10a95e0", "type":"STRING", "class":"0x7fcbb10e0ef0", "shared":true, "encoding":"UTF-8", "references":["0x7fcbb193dee0"], "memsize":40, "flags":{"wb_protected":true, "old":true, "long_lived":true, "marked":true}}
{"address":"0x7fcbb10a9630", "type":"STRING", "class":"0x7fcbb10e0ef0", "shared":true, "encoding":"UTF-8", "references":["0x7fcbb193df08"], "memsize":40, "flags":{"wb_protected":true, "old":true, "long_lived":true, "marked":true}}
{"address":"0x7fcbb10a96f8", "type":"STRING", "class":"0x7fcbb10e0ef0", "frozen":true, "bytesize":65, "capacity":128, "value":"/Users/path/.rvm/rubies/ruby-2.2.3/include/ruby-2.2.0/vendor_ruby", "encoding":"UTF-8", "memsize":169, "flags":{"wb_protected":true, "old":true, "long_lived":true, "marked":true}}
{"address":"0x7fcbb10a9748", "type":"STRING", "class":"0x7fcbb10e0ef0", "frozen":true, "bytesize":53, "capacity":128, "value":"/Users/path/.rvm/rubies/ruby-2.2.3/include/ruby-2.2.0", "encoding":"UTF-8", "memsize":169, "flags":{"wb_protected":true, "old":true, "long_lived":true, "marked":true}}
{"address":"0x7fcbb10a9798", "type":"STRING", "class":"0x7fcbb10e0ef0", "shared":true, "encoding":"UTF-8", "references":["0x7fcbb193df30"], "memsize":40, "flags":{"wb_protected":true, "old":true, "long_lived":true, "marked":true}}
{"address":"0x7fcbb10a97c0", "type":"STRING", "class":"0x7fcbb10e0ef0", "shared":true, "encoding":"UTF-8", "references":["0x7fcbb193df58"], "memsize":40, "flags":{"wb_protected":true, "old":true, "long_lived":true, "marked":true}}
{"address":"0x7fcbb10a9888", "type":"STRING", "class":"0x7fcbb10e0ef0", "shared":true, "encoding":"UTF-8", "references":["0x7fcbb193df80"], "memsize":40, "flags":{"wb_protected":true, "old":true, "long_lived":true, "marked":true}}
{"address":"0x7fcbb10a98b0", "type":"STRING", "class":"0x7fcbb10e0ef0", "shared":true, "encoding":"UTF-8", "references":["0x7fcbb193dfa8"], "memsize":40, "flags":{"wb_protected":true, "old":true, "long_lived":true, "marked":true}}
{"address":"0x7fcbb10a9900", "type":"STRING", "class":"0x7fcbb10e0ef0", "shared":true, "encoding":"UTF-8", "references":["0x7fcbb193db98"], "memsize":40, "flags":{"wb_protected":true, "old":true, "long_lived":true, "marked":true}}
{"address":"0x7fcbb10a9928", "type":"STRING", "class":"0x7fcbb10e0ef0", "shared":true, "encoding":"UTF-8", "references":["0x7fcbb193db70"], "memsize":40, "flags":{"wb_protected":true, "old":true, "long_lived":true, "marked":true}}
{"address":"0x7fcbb10a9950", "type":"STRING", "class":"0x7fcbb10e0ef0", "shared":true, "encoding":"UTF-8", "references":["0x7fcbb193dfd0"], "memsize":40, "flags":{"wb_protected":true, "old":true, "long_lived":true, "marked":true}}
{"address":"0x7fcbb10a99a0", "type":"ARRAY", "length":1, "embedded":true, "references":["0x7fcbb10a9bd0"], "memsize":40, "flags":{"wb_protected":true, "old":true, "long_lived":true, "marked":true}}
{"address":"0x7fcbb10a9a40", "type":"NODE", "frozen":true, "node_type":"NODE_CREF", "references":["0x7fcbb10e0ef0", "0x7fcbb10a9e28"], "memsize":40, "flags":{"wb_protected":true, "old":true, "long_lived":true, "marked":true}}
{"address":"0x7fcbb10a9a68", "type":"DATA", "class":"0x7fcbb10c0100", "struct":"iseq", "references":["0x7fcbb10a99a0", "0x7fcbb10aa878", "0x7fcbb10aa878", "0x7fcbb10abd40", "0x7fcbb10abd40", "0x7fcbb10a9a40", "0x7fcbb10e0ef0"], "memsize":920, "flags":{"wb_protected":true, "old":true, "long_lived":true, "marked":true}}
{"address":"0x7fcbb10a9a90", "type":"ARRAY", "length":1, "embedded":true, "references":["0x7fcbb10a9bd0"], "memsize":40, "flags":{"wb_protected":true, "old":true, "long_lived":true, "marked":true}}
{"address":"0x7fcbb10a9ab8", "type":"STRING", "class":"0x7fcbb10e0ef0", "shared":true, "encoding":"UTF-8", "references":["0x7fcbb193dff8"], "memsize":40, "flags":{"wb_protected":true, "old":true, "long_lived":true, "marked":true}}
{"address":"0x7fcbb10a9b30", "type":"NODE", "frozen":true, "node_type":"NODE_CREF", "references":["0x7fcbb10e0ef0", "0x7fcbb10a9e28"], "memsize":40, "flags":{"wb_protected":true, "old":true, "long_lived":true, "marked":true}}
{"address":"0x7fcbb10a9b58", "type":"DATA", "class":"0x7fcbb10c0100", "struct":"iseq", "references":["0x7fcbb10a9a90", "0x7fcbb10ab020", "0x7fcbb10ab020", "0x7fcbb10abd40", "0x7fcbb10abd40", "0x7fcbb10a9b30", "0x7fcbb10e0ef0"], "memsize":976, "flags":{"wb_protected":true, "old":true, "long_lived":true, "marked":true}}
{"address":"0x7fcbb10a9ba8", "type":"ARRAY", "length":1, "embedded":true, "references":["0x7fcbb10a9bd0"], "memsize":40, "flags":{"wb_protected":true, "old":true, "long_lived":true, "marked":true}}
{"address":"0x7fcbb10a9bd0", "type":"STRING", "class":"0x7fcbb10e0ef0", "frozen":true, "fstring":true, "bytesize":30, "value":"unicode_normalize/normalize.rb", "encoding":"UTF-8", "memsize":71, "flags":{"wb_protected":true, "old":true, "long_lived":true, "marked":true}}
{"address":"0x7fcbb10a9c20", "type":"STRING", "class":"0x7fcbb10e0ef0", "frozen":true, "embedded":true, "fstring":true, "bytesize":4, "value":"base", "encoding":"US-ASCII", "memsize":40, "flags":{"wb_protected":true, "old":true, "long_lived":true, "marked":true}}
{"address":"0x7fcbb10a9c48", "type":"STRING", "class":"0x7fcbb10e0ef0", "shared":true, "encoding":"UTF-8", "references":["0x7fcbb193e020"], "memsize":40, "flags":{"wb_protected":true, "old":true, "long_lived":true, "marked":true}}
{"address":"0x7fcbb10a9c70", "type":"NODE", "frozen":true, "node_type":"NODE_CREF", "references":["0x7fcbb10e0ef0", "0x7fcbb10a9e28"], "memsize":40, "flags":{"wb_protected":true, "old":true, "long_lived":true, "marked":true}}
{"address":"0x7fcbb10a9c98", "type":"DATA", "class":"0x7fcbb10c0100", "struct":"iseq", "references":["0x7fcbb10a9ba8", "0x7fcbb10abe80", "0x7fcbb10abe80", "0x7fcbb10abd40", "0x7fcbb10abd40", "0x7fcbb10a9c70", "0x7fcbb10e0ef0"], "memsize":920, "flags":{"wb_protected":true, "old":true, "long_lived":true, "marked":true}}
{"address":"0x7fcbb10a9cc0", "type":"STRING", "class":"0x7fcbb10e0ef0", "frozen":true, "bytesize":42, "capacity":128, "value":"/Users/path/.rvm/rubies/ruby-2.2.3/include", "encoding":"UTF-8", "memsize":169, "flags":{"wb_protected":true, "old":true, "long_lived":true, "marked":true}}
{"address":"0x7fcbb10a9d38", "type":"STRING", "class":"0x7fcbb10e0ef0", "shared":true, "encoding":"UTF-8", "references":["0x7fcbb193e048"], "memsize":40, "flags":{"wb_protected":true, "old":true, "long_lived":true, "marked":true}}
{"address":"0x7fcbb10a9e28", "type":"NODE", "frozen":true, "node_type":"NODE_CREF", "references":["0x7fcbb10e2c78"], "memsize":40, "flags":{"wb_protected":true, "old":true, "long_lived":true, "marked":true}}
{"address":"0x7fcbb10a9ec8", "type":"STRING", "class":"0x7fcbb10e0ef0", "frozen":true, "embedded":true, "fstring":true, "bytesize":11, "value":"dep_version", "encoding":"US-ASCII", "memsize":40, "flags":{"wb_protected":true, "old":true, "long_lived":true, "marked":true}}
{"address":"0x7fcbb10a9f40", "type":"STRING", "class":"0x7fcbb10e0ef0", "shared":true, "encoding":"UTF-8", "references":["0x7fcbb193e070"], "memsize":40, "flags":{"wb_protected":true, "old":true, "long_lived":true, "marked":true}}
{"address":"0x7fcbb10a9f68", "type":"STRING", "class":"0x7fcbb10e0ef0", "frozen":true, "fstring":true, "bytesize":80, "capacity":118, "value":"/Users/path/.rvm/rubies/ruby-2.2.3/lib/ruby/site_ruby/2.2.0/rubygems/defaults.rb", "encoding":"US-ASCII", "memsize":159, "flags":{"wb_protected":true, "old":true, "long_lived":true, "marked":true}}
{"address":"0x7fcbb10a9fb8", "type":"STRING", "class":"0x7fcbb10e0ef0", "shared":true, "encoding":"UTF-8", "references":["0x7fcbb193e098"], "memsize":40, "flags":{"wb_protected":true, "old":true, "long_lived":true, "marked":true}}
{"address":"0x7fcbb10aa030", "type":"STRING", "class":"0x7fcbb10e0ef0", "embedded":true, "bytesize":10, "value":"psych/y.rb", "encoding":"UTF-8", "memsize":40, "flags":{"wb_protected":true, "old":true, "long_lived":true, "marked":true}}
{"address":"0x7fcbb10aa058", "type":"STRING", "class":"0x7fcbb10e0ef0", "shared":true, "encoding":"UTF-8", "references":["0x7fcbb193e0e8"], "memsize":40, "flags":{"wb_protected":true, "old":true, "long_lived":true, "marked":true}}
{"address":"0x7fcbb10aa148", "type":"STRING", "class":"0x7fcbb10e0ef0", "shared":true, "encoding":"UTF-8", "references":["0x7fcbb193e110"], "memsize":40, "flags":{"wb_protected":true, "old":true, "long_lived":true, "marked":true}}
{"address":"0x7fcbb10aa210", "type":"STRING", "class":"0x7fcbb10e0ef0", "shared":true, "encoding":"UTF-8", "references":["0x7fcbb193e138"], "memsize":40, "flags":{"wb_protected":true, "old":true, "long_lived":true, "marked":true}}
{"address":"0x7fcbb10aa2b0", "type":"STRING", "class":"0x7fcbb10e0ef0", "frozen":true, "embedded":true, "fstring":true, "bytesize":9, "value":"resolving", "encoding":"US-ASCII", "memsize":40, "flags":{"wb_protected":true, "old":true, "long_lived":true, "marked":true}}
{"address":"0x7fcbb10aa350", "type":"STRING", "class":"0x7fcbb10e0ef0", "frozen":true, "embedded":true, "fstring":true, "bytesize":8, "value":"segments", "encoding":"US-ASCII", "memsize":40, "flags":{"wb_protected":true, "old":true, "long_lived":true, "marked":true}}
{"address":"0x7fcbb10aa3a0", "type":"STRING", "class":"0x7fcbb10e0ef0", "shared":true, "encoding":"UTF-8", "references":["0x7fcbb193e160"], "memsize":40, "flags":{"wb_protected":true, "old":true, "long_lived":true, "marked":true}}
{"address":"0x7fcbb10aa418", "type":"DATA", "class":"0x7fcbb10c3d50", "struct":"proc", "references":["0x7fcbb10aa440", "0x7fcbb10aa418", "0x7fcbb10b0f98"], "memsize":104, "flags":{"long_lived":true, "marked":true}}
{"address":"0x7fcbb10aa440", "type":"DATA", "class":"0x7fcbb10c2360", "struct":"VM/env", "references":["0x7fcbb10aa440", "0x7fcbb10b0f98", "0x7fcbb10aab20"], "memsize":120}
{"address":"0x7fcbb10aa468", "type":"HASH", "class":"0x7fcbb10d1270", "size":0, "default":"0x7fcbb10aa418", "references":["0x7fcbb10aa418"], "memsize":232, "flags":{"wb_protected":true, "old":true, "long_lived":true, "marked":true}}
{"address":"0x7fcbb10aa490", "type":"ARRAY", "class":"0x7fcbb10d19a0", "length":17, "references":["0x7fcbb10aa760", "0x7fcbb10aa738", "0x7fcbb10aa710", "0x7fcbb10aa6e8", "0x7fcbb10aa6c0", "0x7fcbb10aa698", "0x7fcbb10aa670", "0x7fcbb10aa648", "0x7fcbb10aa620", "0x7fcbb10aa5f8", "0x7fcbb10aa5a8", "0x7fcbb10aa580", "0x7fcbb10aa558", "0x7fcbb10aa530", "0x7fcbb10aa508", "0x7fcbb10aa4e0", "0x7fcbb10aa4b8"], "memsize":176, "flags":{"wb_protected":true, "old":true, "long_lived":true, "marked":true}}
{"address":"0x7fcbb10aa4b8", "type":"STRING", "class":"0x7fcbb10e0ef0", "embedded":true, "bytesize":10, "value":"rubylibdir", "encoding":"UTF-8", "memsize":40, "flags":{"wb_protected":true, "old":true, "long_lived":true, "marked":true}}
{"address":"0x7fcbb10aa4e0", "type":"STRING", "class":"0x7fcbb10e0ef0", "embedded":true, "bytesize":12, "value":"vendorlibdir", "encoding":"UTF-8", "memsize":40, "flags":{"wb_protected":true, "old":true, "long_lived":true, "marked":true}}
{"address":"0x7fcbb10aa508", "type":"STRING", "class":"0x7fcbb10e0ef0", "embedded":true, "bytesize":9, "value":"vendordir", "encoding":"UTF-8", "memsize":40, "flags":{"wb_protected":true, "old":true, "long_lived":true, "marked":true}}
{"address":"0x7fcbb10aa530", "type":"STRING", "class":"0x7fcbb10e0ef0", "embedded":true, "bytesize":10, "value":"sitelibdir", "encoding":"UTF-8", "memsize":40, "flags":{"wb_protected":true, "old":true, "long_lived":true, "marked":true}}
{"address":"0x7fcbb10aa558", "type":"STRING", "class":"0x7fcbb10e0ef0", "embedded":true, "bytesize":7, "value":"sitedir", "encoding":"UTF-8", "memsize":40, "flags":{"wb_protected":true, "old":true, "long_lived":true, "marked":true}}
{"address":"0x7fcbb10aa580", "type":"STRING", "class":"0x7fcbb10e0ef0", "embedded":true, "bytesize":13, "value":"rubylibprefix", "encoding":"UTF-8", "memsize":40, "flags":{"wb_protected":true, "old":true, "long_lived":true, "marked":true}}
{"address":"0x7fcbb10aa5a8", "type":"STRING", "class":"0x7fcbb10e0ef0", "embedded":true, "bytesize":12, "value":"ruby_version", "encoding":"UTF-8", "memsize":40, "flags":{"wb_protected":true, "old":true, "long_lived":true, "marked":true}}
{"address":"0x7fcbb10aa5d0", "type":"STRING", "class":"0x7fcbb10e0ef0", "frozen":true, "embedded":true, "fstring":true, "bytesize":11, "value":"normalized?", "encoding":"US-ASCII", "memsize":40, "flags":{"wb_protected":true, "old":true, "long_lived":true, "marked":true}}
{"address":"0x7fcbb10aa5f8", "type":"STRING", "class":"0x7fcbb10e0ef0", "embedded":true, "bytesize":17, "value":"ruby_install_name", "encoding":"UTF-8", "memsize":40, "flags":{"wb_protected":true, "old":true, "long_lived":true, "marked":true}}
{"address":"0x7fcbb10aa620", "type":"STRING", "class":"0x7fcbb10e0ef0", "embedded":true, "bytesize":6, "value":"libdir", "encoding":"UTF-8", "memsize":40, "flags":{"wb_protected":true, "old":true, "long_lived":true, "marked":true}}
{"address":"0x7fcbb10aa648", "type":"STRING", "class":"0x7fcbb10e0ef0", "embedded":true, "bytesize":7, "value":"datadir", "encoding":"UTF-8", "memsize":40, "flags":{"wb_protected":true, "old":true, "long_lived":true, "marked":true}}
{"address":"0x7fcbb10aa670", "type":"STRING", "class":"0x7fcbb10e0ef0", "embedded":true, "bytesize":6, "value":"bindir", "encoding":"UTF-8", "memsize":40, "flags":{"wb_protected":true, "old":true, "long_lived":true, "marked":true}}
{"address":"0x7fcbb10aa698", "type":"STRING", "class":"0x7fcbb10e0ef0", "embedded":true, "bytesize":4, "value":"arch", "encoding":"UTF-8", "memsize":40, "flags":{"wb_protected":true, "old":true, "long_lived":true, "marked":true}}
{"address":"0x7fcbb10aa6c0", "type":"STRING", "class":"0x7fcbb10e0ef0", "embedded":true, "bytesize":12, "value":"RUBY_SO_NAME", "encoding":"UTF-8", "memsize":40, "flags":{"wb_protected":true, "old":true, "long_lived":true, "marked":true}}
{"address":"0x7fcbb10aa6e8", "type":"STRING", "class":"0x7fcbb10e0ef0", "embedded":true, "bytesize":6, "value":"EXEEXT", "encoding":"UTF-8", "memsize":40, "flags":{"wb_protected":true, "old":true, "long_lived":true, "marked":true}}
{"address":"0x7fcbb10aa710", "type":"STRING", "class":"0x7fcbb10e0ef0", "embedded":true, "bytesize":5, "value":"TEENY", "encoding":"UTF-8", "memsize":40, "flags":{"wb_protected":true, "old":true, "long_lived":true, "marked":true}}
{"address":"0x7fcbb10aa738", "type":"STRING", "class":"0x7fcbb10e0ef0", "embedded":true, "bytesize":5, "value":"MINOR", "encoding":"UTF-8", "memsize":40, "flags":{"wb_protected":true, "old":true, "long_lived":true, "marked":true}}
{"address":"0x7fcbb10aa760", "type":"STRING", "class":"0x7fcbb10e0ef0", "embedded":true, "bytesize":5, "value":"MAJOR", "encoding":"UTF-8", "memsize":40, "flags":{"wb_protected":true, "old":true, "long_lived":true, "marked":true}}
{"address":"0x7fcbb10aa7d8", "type":"STRING", "class":"0x7fcbb10e0ef0", "shared":true, "encoding":"UTF-8", "references":["0x7fcbb193e188"], "memsize":40, "flags":{"wb_protected":true, "old":true, "long_lived":true, "marked":true}}
{"address":"0x7fcbb10aa878", "type":"STRING", "class":"0x7fcbb10e0ef0", "frozen":true, "embedded":true, "fstring":true, "bytesize":19, "value":"unicode_normalized?", "encoding":"US-ASCII", "memsize":40, "flags":{"wb_protected":true, "old":true, "long_lived":true, "marked":true}}
{"address":"0x7fcbb10aa8a0", "type":"STRING", "class":"0x7fcbb10e0ef0", "shared":true, "encoding":"UTF-8", "references":["0x7fcbb193e1b0"], "memsize":40, "flags":{"wb_protected":true, "old":true, "long_lived":true, "marked":true}}
{"address":"0x7fcbb10aa8c8", "type":"STRING", "class":"0x7fcbb10e0ef0", "shared":true, "encoding":"UTF-8", "references":["0x7fcbb193db20"], "memsize":40, "flags":{"wb_protected":true, "old":true, "long_lived":true, "marked":true}}
{"address":"0x7fcbb10aa8f0", "type":"DATA", "class":"0x7fcbb10c0100", "struct":"iseq", "references":["0x7fcbb10aaa58", "0x7fcbb1052d08", "0x7fcbb3002d38", "0x7fcbb3002d38", "0x7fcbb10aaaf8"], "memsize":1016, "flags":{"wb_protected":true, "old":true, "long_lived":true, "marked":true}}
{"address":"0x7fcbb10aa940", "type":"STRING", "class":"0x7fcbb10e0ef0", "embedded":true, "bytesize":17, "value":"psych/visitors.rb", "encoding":"UTF-8", "memsize":40, "flags":{"wb_protected":true, "old":true, "long_lived":true, "marked":true}}
{"address":"0x7fcbb10aa968", "type":"ARRAY", "length":19, "references":["0x7fcbb10aaa30", "0x7fcbb10aa8f0", "0x7fcbb104a888", "0x7fcbb104a810", "0x7fcbb104a7e8", "0x7fcbb104a608", "0x7fcbb104a428", "0x7fcbb10492d0", "0x7fcbb104a658", "0x7fcbb102b910", "0x7fcbb104ac98", "0x7fcbb104a630", "0x7fcbb104a4f0", "0x7fcbb10398f8", "0x7fcbb1049578", "0x7fcbb104bcb0", "0x7fcbb10496b8", "0x7fcbb1049780", "0x7fcbb1049488"], "memsize":200, "flags":{"wb_protected":true, "old":true, "long_lived":true, "marked":true}}
{"address":"0x7fcbb10aa9b8", "type":"STRING", "class":"0x7fcbb10e0ef0", "shared":true, "encoding":"UTF-8", "references":["0x7fcbb193daf8"], "memsize":40, "flags":{"wb_protected":true, "old":true, "long_lived":true, "marked":true}}
{"address":"0x7fcbb10aa9e0", "type":"STRING", "class":"0x7fcbb10e0ef0", "embedded":true, "bytesize":21, "value":"psych/tree_builder.rb", "encoding":"UTF-8", "memsize":40, "flags":{"wb_protected":true, "old":true, "long_lived":true, "marked":true}}
{"address":"0x7fcbb10aaa08", "type":"STRING", "class":"0x7fcbb10e0ef0", "frozen":true, "embedded":true, "fstring":true, "bytesize":2, "value":"op", "encoding":"US-ASCII", "memsize":40, "flags":{"wb_protected":true, "old":true, "long_lived":true, "marked":true}}
{"address":"0x7fcbb10aaa30", "type":"DATA", "class":"0x7fcbb10c0100", "struct":"iseq", "references":["0x7fcbb10aaa58", "0x7fcbb1052d08", "0x7fcbb3002d38", "0x7fcbb3002d38", "0x7fcbb10aaaf8"], "memsize":1064, "flags":{"wb_protected":true, "old":true, "long_lived":true, "marked":true}}
{"address":"0x7fcbb10aaa58", "type":"STRING", "class":"0x7fcbb10e0ef0", "frozen":true, "embedded":true, "fstring":true, "bytesize":21, "value":"block in <module:Gem>", "memsize":40, "flags":{"wb_protected":true, "old":true, "long_lived":true, "marked":true}}
{"address":"0x7fcbb10aaaf8", "type":"NODE", "frozen":true, "node_type":"NODE_CREF", "references":["0x7fcbb10b0f98", "0x7fcbb10ab098"], "memsize":40, "flags":{"wb_protected":true, "old":true, "long_lived":true, "marked":true}}
{"address":"0x7fcbb10aab20", "type":"DATA", "class":"0x7fcbb10c0100", "struct":"iseq", "references":["0x7fcbb10aa968", "0x7fcbb1052d08", "0x7fcbb1052d08", "0x7fcbb3002d38", "0x7fcbb3002d38", "0x7fcbb10aaaf8"], "memsize":1720, "flags":{"wb_protected":true, "old":true, "long_lived":true, "marked":true}}
{"address":"0x7fcbb10aab70", "type":"STRING", "class":"0x7fcbb10e0ef0", "embedded":true, "bytesize":21, "value":"psych/syntax_error.rb", "encoding":"UTF-8", "memsize":40, "flags":{"wb_protected":true, "old":true, "long_lived":true, "marked":true}}
{"address":"0x7fcbb10aad00", "type":"STRING", "class":"0x7fcbb10e0ef0", "frozen":true, "embedded":true, "fstring":true, "bytesize":13, "value":"overly_strict", "encoding":"US-ASCII", "memsize":40, "flags":{"wb_protected":true, "old":true, "long_lived":true, "marked":true}}
{"address":"0x7fcbb10aad28", "type":"STRING", "class":"0x7fcbb10e0ef0", "embedded":true, "bytesize":18, "value":"psych/streaming.rb", "encoding":"UTF-8", "memsize":40, "flags":{"wb_protected":true, "old":true, "long_lived":true, "marked":true}}
{"address":"0x7fcbb10aadc8", "type":"STRING", "class":"0x7fcbb10e0ef0", "embedded":true, "bytesize":15, "value":"psych/stream.rb", "encoding":"UTF-8", "memsize":40, "flags":{"wb_protected":true, "old":true, "long_lived":true, "marked":true}}
{"address":"0x7fcbb10aae18", "type":"STRING", "class":"0x7fcbb10e0ef0", "embedded":true, "bytesize":12, "value":"psych/set.rb", "encoding":"UTF-8", "memsize":40, "flags":{"wb_protected":true, "old":true, "long_lived":true, "marked":true}}
{"address":"0x7fcbb10aaf08", "type":"STRING", "class":"0x7fcbb10e0ef0", "embedded":true, "bytesize":23, "value":"psych/scalar_scanner.rb", "encoding":"UTF-8", "memsize":40, "flags":{"wb_protected":true, "old":true, "long_lived":true, "marked":true}}
{"address":"0x7fcbb10aafd0", "type":"STRING", "class":"0x7fcbb10e0ef0", "embedded":true, "bytesize":15, "value":"psych/parser.rb", "encoding":"UTF-8", "memsize":40, "flags":{"wb_protected":true, "old":true, "long_lived":true, "marked":true}}
{"address":"0x7fcbb10ab020", "type":"STRING", "class":"0x7fcbb10e0ef0", "frozen":true, "embedded":true, "fstring":true, "bytesize":18, "value":"unicode_normalize!", "encoding":"US-ASCII", "memsize":40, "flags":{"wb_protected":true, "old":true, "long_lived":true, "marked":true}}
{"address":"0x7fcbb10ab070", "type":"STRING", "class":"0x7fcbb10e0ef0", "shared":true, "encoding":"UTF-8", "references":["0x7fcbb193dad0"], "memsize":40, "flags":{"wb_protected":true, "old":true, "long_lived":true, "marked":true}}
{"address":"0x7fcbb10ab098", "type":"NODE", "frozen":true, "node_type":"NODE_CREF", "references":["0x7fcbb10e2c78"], "memsize":40, "flags":{"wb_protected":true, "old":true, "long_lived":true, "marked":true}}
{"address":"0x7fcbb10ab0c0", "type":"STRING", "class":"0x7fcbb10e0ef0", "embedded":true, "bytesize":13, "value":"psych/omap.rb", "encoding":"UTF-8", "memsize":40, "flags":{"wb_protected":true, "old":true, "long_lived":true, "marked":true}}
{"address":"0x7fcbb10ab110", "type":"STRING", "class":"0x7fcbb10e0ef0", "embedded":true, "bytesize":21, "value":"psych/nodes/stream.rb", "encoding":"UTF-8", "memsize":40, "flags":{"wb_protected":true, "old":true, "long_lived":true, "marked":true}}
{"address":"0x7fcbb10ab1b0", "type":"STRING", "class":"0x7fcbb10e0ef0", "embedded":true, "bytesize":23, "value":"psych/nodes/sequence.rb", "encoding":"UTF-8", "memsize":40, "flags":{"wb_protected":true, "old":true, "long_lived":true, "marked":true}}
{"address":"0x7fcbb10ab2a0", "type":"CLASS", "class":"0x7fcbb10e2408", "name":"Module", "references":["0x7fcbb10ab2a0", "0x7fcbb107b410", "0x7fcbb10ab2a0", "0x7fcbb107a998", "0x7fcbb107a790", "0x7fcbb10e2c28"], "memsize":712, "flags":{"wb_protected":true, "old":true, "long_lived":true, "marked":true}}
{"address":"0x7fcbb10ab2c8", "type":"STRING", "class":"0x7fcbb10e0ef0", "frozen":true, "bytesize":65, "value":"/Users/path/.rvm/rubies/ruby-2.2.3/lib/ruby/2.2.0/x86_64-darwin14", "encoding":"US-ASCII", "memsize":106, "flags":{"wb_protected":true, "old":true, "long_lived":true, "marked":true}}
{"address":"0x7fcbb10ab2f0", "type":"STRING", "class":"0x7fcbb10e0ef0", "shared":true, "encoding":"US-ASCII", "references":["0x7fcbb10ab2c8"], "memsize":40, "flags":{"wb_protected":true, "old":true, "long_lived":true, "marked":true}}
{"address":"0x7fcbb10ab318", "type":"STRING", "class":"0x7fcbb10e0ef0", "frozen":true, "embedded":true, "fstring":true, "bytesize":9, "value":"normalize", "encoding":"US-ASCII", "memsize":40, "flags":{"wb_protected":true, "old":true, "long_lived":true, "marked":true}}
{"address":"0x7fcbb10ab340", "type":"STRING", "class":"0x7fcbb10e0ef0", "embedded":true, "bytesize":14, "value":"$(rubyarchdir)", "encoding":"UTF-8", "memsize":40, "flags":{"wb_protected":true, "old":true, "long_lived":true, "marked":true}}
{"address":"0x7fcbb10ab368", "type":"STRING", "class":"0x7fcbb10e0ef0", "embedded":true, "bytesize":7, "value":"/bin/sh", "encoding":"UTF-8", "memsize":40, "flags":{"wb_protected":true, "old":true, "long_lived":true, "marked":true}}
{"address":"0x7fcbb10ab390", "type":"STRING", "class":"0x7fcbb10e0ef0", "embedded":true, "bytesize":1, "value":":", "encoding":"UTF-8", "memsize":40, "flags":{"wb_protected":true, "old":true, "long_lived":true, "marked":true}}
{"address":"0x7fcbb10ab3b8", "type":"STRING", "class":"0x7fcbb10e0ef0", "embedded":true, "bytesize":0, "value":"", "encoding":"UTF-8", "memsize":40, "flags":{"wb_protected":true, "old":true, "long_lived":true, "marked":true}}
{"address":"0x7fcbb10ab3e0", "type":"STRING", "class":"0x7fcbb10e0ef0", "embedded":true, "bytesize":0, "value":"", "encoding":"UTF-8", "memsize":40, "flags":{"wb_protected":true, "old":true, "long_lived":true, "marked":true}}
{"address":"0x7fcbb10ab408", "type":"STRING", "class":"0x7fcbb10e0ef0", "embedded":true, "bytesize":0, "value":"", "encoding":"UTF-8", "memsize":40, "flags":{"wb_protected":true, "old":true, "long_lived":true, "marked":true}}
{"address":"0x7fcbb10ab430", "type":"STRING", "class":"0x7fcbb10e0ef0", "embedded":true, "bytesize":0, "value":"", "encoding":"UTF-8", "memsize":40, "flags":{"wb_protected":true, "old":true, "long_lived":true, "marked":true}}
{"address":"0x7fcbb10ab458", "type":"STRING", "class":"0x7fcbb10e0ef0", "embedded":true, "bytesize":0, "value":"", "encoding":"UTF-8", "memsize":40, "flags":{"wb_protected":true, "old":true, "long_lived":true, "marked":true}}
{"address":"0x7fcbb10ab480", "type":"STRING", "class":"0x7fcbb10e0ef0", "embedded":true, "bytesize":0, "value":"", "encoding":"UTF-8", "memsize":40, "flags":{"wb_protected":true, "old":true, "long_lived":true, "marked":true}}
{"address":"0x7fcbb10ab4a8", "type":"STRING", "class":"0x7fcbb10e0ef0", "embedded":true, "bytesize":9, "value":"$(prefix)", "encoding":"UTF-8", "memsize":40, "flags":{"wb_protected":true, "old":true, "long_lived":true, "marked":true}}
{"address":"0x7fcbb10ab4d0", "type":"STRING", "class":"0x7fcbb10e0ef0", "frozen":true, "embedded":true, "fstring":true, "bytesize":16, "value":"UnicodeNormalize", "encoding":"US-ASCII", "memsize":40, "flags":{"wb_protected":true, "old":true, "long_lived":true, "marked":true}}
{"address":"0x7fcbb10ab4f8", "type":"STRING", "class":"0x7fcbb10e0ef0", "embedded":true, "bytesize":18, "value":"$(exec_prefix)/bin", "encoding":"UTF-8", "memsize":40, "flags":{"wb_protected":true, "old":true, "long_lived":true, "marked":true}}
{"address":"0x7fcbb10ab520", "type":"STRING", "class":"0x7fcbb10e0ef0", "embedded":true, "bytesize":19, "value":"$(exec_prefix)/sbin", "encoding":"UTF-8", "memsize":40, "flags":{"wb_protected":true, "old":true, "long_lived":true, "marked":true}}
{"address":"0x7fcbb10ab548", "type":"STRING", "class":"0x7fcbb10e0ef0", "embedded":true, "bytesize":22, "value":"$(exec_prefix)/libexec", "encoding":"UTF-8", "memsize":40, "flags":{"wb_protected":true, "old":true, "long_lived":true, "marked":true}}
{"address":"0x7fcbb10ab570", "type":"STRING", "class":"0x7fcbb10e0ef0", "embedded":true, "bytesize":15, "value":"$(prefix)/share", "encoding":"UTF-8", "memsize":40, "flags":{"wb_protected":true, "old":true, "long_lived":true, "marked":true}}
{"address":"0x7fcbb10ab598", "type":"STRING", "class":"0x7fcbb10e0ef0", "embedded":true, "bytesize":21, "value":"psych/nodes/scalar.rb", "encoding":"UTF-8", "memsize":40, "flags":{"wb_protected":true, "old":true, "long_lived":true, "marked":true}}
{"address":"0x7fcbb10ab5c0", "type":"STRING", "class":"0x7fcbb10e0ef0", "embedded":true, "bytesize":14, "value":"$(datarootdir)", "encoding":"UTF-8", "memsize":40, "flags":{"wb_protected":true, "old":true, "long_lived":true, "marked":true}}
{"address":"0x7fcbb10ab5e8", "type":"STRING", "class":"0x7fcbb10e0ef0", "embedded":true, "bytesize":13, "value":"$(prefix)/etc", "encoding":"UTF-8", "memsize":40, "flags":{"wb_protected":true, "old":true, "long_lived":true, "marked":true}}
{"address":"0x7fcbb10ab610", "type":"STRING", "class":"0x7fcbb10e0ef0", "embedded":true, "bytesize":13, "value":"$(prefix)/com", "encoding":"UTF-8", "memsize":40, "flags":{"wb_protected":true, "old":true, "long_lived":true, "marked":true}}
{"address":"0x7fcbb10ab638", "type":"STRING", "class":"0x7fcbb10e0ef0", "embedded":true, "bytesize":13, "value":"$(prefix)/var", "encoding":"UTF-8", "memsize":40, "flags":{"wb_protected":true, "old":true, "long_lived":true, "marked":true}}
{"address":"0x7fcbb10ab660", "type":"STRING", "class":"0x7fcbb10e0ef0", "embedded":true, "bytesize":17, "value":"$(prefix)/include", "encoding":"UTF-8", "memsize":40, "flags":{"wb_protected":true, "old":true, "long_lived":true, "marked":true}}
{"address":"0x7fcbb10ab688", "type":"STRING", "class":"0x7fcbb10e0ef0", "frozen":true, "embedded":true, "fstring":true, "bytesize":3, "value":"nfc", "encoding":"US-ASCII", "memsize":40, "flags":{"wb_protected":true, "old":true, "long_lived":true, "marked":true}}
{"address":"0x7fcbb10ab6b0", "type":"STRING", "class":"0x7fcbb10e0ef0", "frozen":true, "embedded":true, "fstring":true, "bytesize":4, "value":"form", "encoding":"US-ASCII", "memsize":40, "flags":{"wb_protected":true, "old":true, "long_lived":true, "marked":true}}
{"address":"0x7fcbb10ab6d8", "type":"STRING", "class":"0x7fcbb10e0ef0", "embedded":true, "bytesize":12, "value":"/usr/include", "encoding":"UTF-8", "memsize":40, "flags":{"wb_protected":true, "old":true, "long_lived":true, "marked":true}}
{"address":"0x7fcbb10ab700", "type":"STRING", "class":"0x7fcbb10e0ef0", "shared":true, "encoding":"UTF-8", "references":["0x7fcbb102ae98"], "memsize":40, "flags":{"wb_protected":true, "old":true, "long_lived":true, "marked":true}}
{"address":"0x7fcbb10ab728", "type":"STRING", "class":"0x7fcbb10e0ef0", "embedded":true, "bytesize":19, "value":"$(datarootdir)/info", "encoding":"UTF-8", "memsize":40, "flags":{"wb_protected":true, "old":true, "long_lived":true, "marked":true}}
{"address":"0x7fcbb10ab750", "type":"STRING", "class":"0x7fcbb10e0ef0", "embedded":true, "bytesize":9, "value":"$(docdir)", "encoding":"UTF-8", "memsize":40, "flags":{"wb_protected":true, "old":true, "long_lived":true, "marked":true}}
{"address":"0x7fcbb10ab778", "type":"STRING", "class":"0x7fcbb10e0ef0", "embedded":true, "bytesize":9, "value":"$(docdir)", "encoding":"UTF-8", "memsize":40, "flags":{"wb_protected":true, "old":true, "long_lived":true, "marked":true}}
{"address":"0x7fcbb10ab7a0", "type":"STRING", "class":"0x7fcbb10e0ef0", "embedded":true, "bytesize":9, "value":"$(docdir)", "encoding":"UTF-8", "memsize":40, "flags":{"wb_protected":true, "old":true, "long_lived":true, "marked":true}}
{"address":"0x7fcbb10ab7c8", "type":"STRING", "class":"0x7fcbb10e0ef0", "embedded":true, "bytesize":9, "value":"$(docdir)", "encoding":"UTF-8", "memsize":40, "flags":{"wb_protected":true, "old":true, "long_lived":true, "marked":true}}
{"address":"0x7fcbb10ab7f0", "type":"STRING", "class":"0x7fcbb10e0ef0", "embedded":true, "bytesize":18, "value":"$(exec_prefix)/lib", "encoding":"UTF-8", "memsize":40, "flags":{"wb_protected":true, "old":true, "long_lived":true, "marked":true}}
{"address":"0x7fcbb10ab818", "type":"STRING", "class":"0x7fcbb10e0ef0", "embedded":true, "bytesize":21, "value":"$(datarootdir)/locale", "encoding":"UTF-8", "memsize":40, "flags":{"wb_protected":true, "old":true, "long_lived":true, "marked":true}}
{"address":"0x7fcbb10ab840", "type":"STRING", "class":"0x7fcbb10e0ef0", "embedded":true, "bytesize":18, "value":"$(datarootdir)/man", "encoding":"UTF-8", "memsize":40, "flags":{"wb_protected":true, "old":true, "long_lived":true, "marked":true}}
{"address":"0x7fcbb10ab868", "type":"STRING", "class":"0x7fcbb10e0ef0", "embedded":true, "bytesize":0, "value":"", "encoding":"UTF-8", "memsize":40, "flags":{"wb_protected":true, "old":true, "long_lived":true, "marked":true}}
{"address":"0x7fcbb10ab890", "type":"STRING", "class":"0x7fcbb10e0ef0", "embedded":true, "bytesize":3, "value":"\\\\c", "encoding":"UTF-8", "memsize":40, "flags":{"wb_protected":true, "old":true, "long_lived":true, "marked":true}}
{"address":"0x7fcbb10ab8b8", "type":"STRING", "class":"0x7fcbb10e0ef0", "embedded":true, "bytesize":0, "value":"", "encoding":"UTF-8", "memsize":40, "flags":{"wb_protected":true, "old":true, "long_lived":true, "marked":true}}
{"address":"0x7fcbb10ab8e0", "type":"STRING", "class":"0x7fcbb10e0ef0", "embedded":true, "bytesize":0, "value":"", "encoding":"UTF-8", "memsize":40, "flags":{"wb_protected":true, "old":true, "long_lived":true, "marked":true}}
{"address":"0x7fcbb10ab908", "type":"STRING", "class":"0x7fcbb10e0ef0", "embedded":true, "bytesize":21, "value":"-lpthread -ldl -lobjc", "encoding":"UTF-8", "memsize":40, "flags":{"wb_protected":true, "old":true, "long_lived":true, "marked":true}}
{"address":"0x7fcbb10ab930", "type":"STRING", "class":"0x7fcbb10e0ef0", "embedded":true, "bytesize":0, "value":"", "encoding":"UTF-8", "memsize":40, "flags":{"wb_protected":true, "old":true, "long_lived":true, "marked":true}}
{"address":"0x7fcbb10ab958", "type":"STRING", "class":"0x7fcbb10e0ef0", "embedded":true, "bytesize":0, "value":"", "encoding":"UTF-8", "memsize":40, "flags":{"wb_protected":true, "old":true, "long_lived":true, "marked":true}}
{"address":"0x7fcbb10ab980", "type":"STRING", "class":"0x7fcbb10e0ef0", "embedded":true, "bytesize":0, "value":"", "encoding":"UTF-8", "memsize":40, "flags":{"wb_protected":true, "old":true, "long_lived":true, "marked":true}}
{"address":"0x7fcbb10ab9a8", "type":"STRING", "class":"0x7fcbb10e0ef0", "embedded":true, "bytesize":3, "value":"yes", "encoding":"UTF-8", "memsize":40, "flags":{"wb_protected":true, "old":true, "long_lived":true, "marked":true}}
{"address":"0x7fcbb10ab9d0", "type":"STRING", "class":"0x7fcbb10e0ef0", "embedded":true, "bytesize":5, "value":"2.2.3", "encoding":"UTF-8", "memsize":40, "flags":{"wb_protected":true, "old":true, "long_lived":true, "marked":true}}
{"address":"0x7fcbb10ab9f8", "type":"STRING", "class":"0x7fcbb10e0ef0", "shared":true, "encoding":"UTF-8", "references":["0x7fcbb1028df0"], "memsize":40, "flags":{"wb_protected":true, "old":true, "long_lived":true, "marked":true}}
{"address":"0x7fcbb10aba20", "type":"STRING", "class":"0x7fcbb10e0ef0", "embedded":true, "bytesize":6, "value":"x86_64", "encoding":"UTF-8", "memsize":40, "flags":{"wb_protected":true, "old":true, "long_lived":true, "marked":true}}
{"address":"0x7fcbb10aba48", "type":"STRING", "class":"0x7fcbb10e0ef0", "embedded":true, "bytesize":5, "value":"apple", "encoding":"UTF-8", "memsize":40, "flags":{"wb_protected":true, "old":true, "long_lived":true, "marked":true}}
{"address":"0x7fcbb10aba70", "type":"STRING", "class":"0x7fcbb10e0ef0", "embedded":true, "bytesize":12, "value":"darwin14.5.0", "encoding":"UTF-8", "memsize":40, "flags":{"wb_protected":true, "old":true, "long_lived":true, "marked":true}}
{"address":"0x7fcbb10aba98", "type":"STRING", "class":"0x7fcbb10e0ef0", "embedded":true, "bytesize":4, "value":"ruby", "encoding":"UTF-8", "memsize":40, "flags":{"wb_protected":true, "old":true, "long_lived":true, "marked":true}}
{"address":"0x7fcbb10abac0", "type":"STRING", "class":"0x7fcbb10e0ef0", "embedded":true, "bytesize":5, "value":"rubyw", "encoding":"UTF-8", "memsize":40, "flags":{"wb_protected":true, "old":true, "long_lived":true, "marked":true}}
{"address":"0x7fcbb10abae8", "type":"STRING", "class":"0x7fcbb10e0ef0", "shared":true, "encoding":"UTF-8", "references":["0x7fcbb1028fd0"], "memsize":40, "flags":{"wb_protected":true, "old":true, "long_lived":true, "marked":true}}
{"address":"0x7fcbb10abb10", "type":"STRING", "class":"0x7fcbb10e0ef0", "shared":true, "encoding":"UTF-8", "references":["0x7fcbb1028df0"], "memsize":40, "flags":{"wb_protected":true, "old":true, "long_lived":true, "marked":true}}
{"address":"0x7fcbb10abb38", "type":"STRING", "class":"0x7fcbb10e0ef0", "embedded":true, "bytesize":6, "value":"x86_64", "encoding":"UTF-8", "memsize":40, "flags":{"wb_protected":true, "old":true, "long_lived":true, "marked":true}}
{"address":"0x7fcbb10abb60", "type":"STRING", "class":"0x7fcbb10e0ef0", "embedded":true, "bytesize":5, "value":"apple", "encoding":"UTF-8", "memsize":40, "flags":{"wb_protected":true, "old":true, "long_lived":true, "marked":true}}
{"address":"0x7fcbb10abb88", "type":"STRING", "class":"0x7fcbb10e0ef0", "embedded":true, "bytesize":12, "value":"darwin14.5.0", "encoding":"UTF-8", "memsize":40, "flags":{"wb_protected":true, "old":true, "long_lived":true, "marked":true}}
{"address":"0x7fcbb10abbb0", "type":"STRING", "class":"0x7fcbb10e0ef0", "embedded":true, "bytesize":21, "value":"x86_64-apple-darwin14", "encoding":"UTF-8", "memsize":40, "flags":{"wb_protected":true, "old":true, "long_lived":true, "marked":true}}
{"address":"0x7fcbb10abbd8", "type":"STRING", "class":"0x7fcbb10e0ef0", "embedded":true, "bytesize":6, "value":"x86_64", "encoding":"UTF-8", "memsize":40, "flags":{"wb_protected":true, "old":true, "long_lived":true, "marked":true}}
{"address":"0x7fcbb10abc00", "type":"STRING", "class":"0x7fcbb10e0ef0", "embedded":true, "bytesize":5, "value":"apple", "encoding":"UTF-8", "memsize":40, "flags":{"wb_protected":true, "old":true, "long_lived":true, "marked":true}}
{"address":"0x7fcbb10abc28", "type":"STRING", "class":"0x7fcbb10e0ef0", "embedded":true, "bytesize":8, "value":"darwin14", "encoding":"UTF-8", "memsize":40, "flags":{"wb_protected":true, "old":true, "long_lived":true, "marked":true}}
{"address":"0x7fcbb10abc50", "type":"STRING", "class":"0x7fcbb10e0ef0", "embedded":true, "bytesize":0, "value":"", "encoding":"UTF-8", "memsize":40, "flags":{"wb_protected":true, "old":true, "long_lived":true, "marked":true}}
{"address":"0x7fcbb10abc78", "type":"STRING", "class":"0x7fcbb10e0ef0", "embedded":true, "bytesize":3, "value":"-o ", "encoding":"UTF-8", "memsize":40, "flags":{"wb_protected":true, "old":true, "long_lived":true, "marked":true}}
{"address":"0x7fcbb10abca0", "type":"STRING", "class":"0x7fcbb10e0ef0", "embedded":true, "bytesize":0, "value":"", "encoding":"UTF-8", "memsize":40, "flags":{"wb_protected":true, "old":true, "long_lived":true, "marked":true}}
{"address":"0x7fcbb10abcc8", "type":"STRING", "class":"0x7fcbb10e0ef0", "embedded":true, "bytesize":0, "value":"", "encoding":"UTF-8", "memsize":40, "flags":{"wb_protected":true, "old":true, "long_lived":true, "marked":true}}
{"address":"0x7fcbb10abcf0", "type":"STRING", "class":"0x7fcbb10e0ef0", "embedded":true, "bytesize":0, "value":"", "encoding":"UTF-8", "memsize":40, "flags":{"wb_protected":true, "old":true, "long_lived":true, "marked":true}}
{"address":"0x7fcbb10abd18", "type":"STRING", "class":"0x7fcbb10e0ef0", "embedded":true, "bytesize":3, "value":"gcc", "encoding":"UTF-8", "memsize":40, "flags":{"wb_protected":true, "old":true, "long_lived":true, "marked":true}}
{"address":"0x7fcbb10abd40", "type":"STRING", "class":"0x7fcbb10e0ef0", "frozen":true, "fstring":true, "bytesize":70, "value":"/Users/path/.rvm/rubies/ruby-2.2.3/lib/ruby/2.2.0/unicode_normalize.rb", "encoding":"US-ASCII", "memsize":111, "flags":{"wb_protected":true, "old":true, "long_lived":true, "marked":true}}
{"address":"0x7fcbb10abd68", "type":"STRING", "class":"0x7fcbb10e0ef0", "embedded":true, "bytesize":3, "value":"g++", "encoding":"UTF-8", "memsize":40, "flags":{"wb_protected":true, "old":true, "long_lived":true, "marked":true}}
{"address":"0x7fcbb10abd90", "type":"STRING", "class":"0x7fcbb10e0ef0", "shared":true, "encoding":"UTF-8", "references":["0x7fcbb1028d78"], "memsize":40, "flags":{"wb_protected":true, "old":true, "long_lived":true, "marked":true}}
{"address":"0x7fcbb10abdb8", "type":"STRING", "class":"0x7fcbb10e0ef0", "shared":true, "encoding":"UTF-8", "references":["0x7fcbb1029138"], "memsize":40, "flags":{"wb_protected":true, "old":true, "long_lived":true, "marked":true}}
{"address":"0x7fcbb10abde0", "type":"STRING", "class":"0x7fcbb10e0ef0", "shared":true, "encoding":"UTF-8", "references":["0x7fcbb1029548"], "memsize":40, "flags":{"wb_protected":true, "old":true, "long_lived":true, "marked":true}}
{"address":"0x7fcbb10abe08", "type":"STRING", "class":"0x7fcbb10e0ef0", "embedded":true, "bytesize":1, "value":"o", "encoding":"UTF-8", "memsize":40, "flags":{"wb_protected":true, "old":true, "long_lived":true, "marked":true}}
{"address":"0x7fcbb10abe30", "type":"STRING", "class":"0x7fcbb10e0ef0", "embedded":true, "bytesize":11, "value":"$(cxxflags)", "encoding":"UTF-8", "memsize":40, "flags":{"wb_protected":true, "old":true, "long_lived":true, "marked":true}}
{"address":"0x7fcbb10abe58", "type":"STRING", "class":"0x7fcbb10e0ef0", "embedded":true, "bytesize":8, "value":"$(CC) -E", "encoding":"UTF-8", "memsize":40, "flags":{"wb_protected":true, "old":true, "long_lived":true, "marked":true}}
{"address":"0x7fcbb10abe80", "type":"STRING", "class":"0x7fcbb10e0ef0", "frozen":true, "embedded":true, "fstring":true, "bytesize":17, "value":"unicode_normalize", "encoding":"US-ASCII", "memsize":40, "flags":{"wb_protected":true, "old":true, "long_lived":true, "marked":true}}
{"address":"0x7fcbb10abea8", "type":"STRING", "class":"0x7fcbb10e0ef0", "embedded":true, "bytesize":13, "value":"/usr/bin/grep", "encoding":"UTF-8", "memsize":40, "flags":{"wb_protected":true, "old":true, "long_lived":true, "marked":true}}
{"address":"0x7fcbb10abed0", "type":"STRING", "class":"0x7fcbb10e0ef0", "frozen":true, "embedded":true, "fstring":true, "bytesize":3, "value":"#$!", "encoding":"US-ASCII", "memsize":40, "flags":{"wb_protected":true, "old":true, "long_lived":true, "marked":true}}
{"address":"0x7fcbb10abef8", "type":"STRING", "class":"0x7fcbb10e0ef0", "embedded":true, "bytesize":16, "value":"/usr/bin/grep -E", "encoding":"UTF-8", "memsize":40, "flags":{"wb_protected":true, "old":true, "long_lived":true, "marked":true}}
{"address":"0x7fcbb10abf20", "type":"STRING", "class":"0x7fcbb10e0ef0", "embedded":true, "bytesize":3, "value":"yes", "encoding":"UTF-8", "memsize":40, "flags":{"wb_protected":true, "old":true, "long_lived":true, "marked":true}}
{"address":"0x7fcbb10abf48", "type":"STRING", "class":"0x7fcbb10e0ef0", "embedded":true, "bytesize":2, "value":"ld", "encoding":"UTF-8", "memsize":40, "flags":{"wb_protected":true, "old":true, "long_lived":true, "marked":true}}
{"address":"0x7fcbb10abf70", "type":"STRING", "class":"0x7fcbb10e0ef0", "embedded":true, "bytesize":2, "value":"no", "encoding":"UTF-8", "memsize":40, "flags":{"wb_protected":true, "old":true, "long_lived":true, "marked":true}}
{"address":"0x7fcbb10abf98", "type":"STRING", "class":"0x7fcbb10e0ef0", "embedded":true, "bytesize":13, "value":"-o conftest.i", "encoding":"UTF-8", "memsize":40, "flags":{"wb_protected":true, "old":true, "long_lived":true, "marked":true}}
{"address":"0x7fcbb10b0430", "type":"STRING", "class":"0x7fcbb10e0ef0", "frozen":true, "bytesize":39, "capacity":128, "value":"/Users/path/.rvm/rubies/ruby-2.2.3/sbin", "encoding":"UTF-8", "memsize":169, "flags":{"wb_protected":true, "old":true, "long_lived":true, "marked":true}}
{"address":"0x7fcbb10b0458", "type":"CLASS", "class":"0x7fcbb10c8378", "name":"Class", "references":["0x7fcbb10c2298", "0x7fcbb10c8328"], "memsize":712, "flags":{"wb_protected":true, "old":true, "long_lived":true, "marked":true}}
{"address":"0x7fcbb10b0480", "type":"DATA", "class":"0x7fcbb10bb948", "struct":"mutex", "memsize":176, "flags":{"long_lived":true, "marked":true}}
{"address":"0x7fcbb10b0548", "type":"ARRAY", "length":1, "embedded":true, "references":["0x7fcbb10b0610"], "memsize":40, "flags":{"wb_protected":true, "old":true, "long_lived":true, "marked":true}}
{"address":"0x7fcbb10b05c0", "type":"STRING", "class":"0x7fcbb10e0ef0", "frozen":true, "embedded":true, "fstring":true, "bytesize":17, "value":"raw_require_paths", "encoding":"US-ASCII", "memsize":40, "flags":{"wb_protected":true, "old":true, "long_lived":true, "marked":true}}
{"address":"0x7fcbb10b0610", "type":"DATA", "class":"0x7fcbb10c0100", "struct":"iseq", "references":["0x7fcbb10b0638", "0x7fcbb10b0c00", "0x7fcbb10b0868", "0x7fcbb10b06d8"], "memsize":592, "flags":{"wb_protected":true, "old":true, "long_lived":true, "marked":true}}
{"address":"0x7fcbb10b0638", "type":"STRING", "class":"0x7fcbb10e0ef0", "frozen":true, "embedded":true, "fstring":true, "bytesize":18, "value":"block in exclusive", "memsize":40, "flags":{"wb_protected":true, "old":true, "long_lived":true, "marked":true}}
{"address":"0x7fcbb10b06b0", "type":"STRING", "class":"0x7fcbb10e0ef0", "frozen":true, "bytesize":42, "capacity":128, "value":"/Users/path/.rvm/rubies/ruby-2.2.3/libexec", "encoding":"UTF-8", "memsize":169, "flags":{"wb_protected":true, "old":true, "long_lived":true, "marked":true}}
{"address":"0x7fcbb10b06d8", "type":"NODE", "frozen":true, "node_type":"NODE_CREF", "references":["0x7fcbb10c22c0", "0x7fcbb10b08b8"], "memsize":40, "flags":{"wb_protected":true, "old":true, "long_lived":true, "marked":true}}
{"address":"0x7fcbb10b0700", "type":"DATA", "class":"0x7fcbb10c0100", "struct":"iseq", "references":["0x7fcbb10b0548", "0x7fcbb10b0c00", "0x7fcbb10b0c00", "0x7fcbb10b0868", "0x7fcbb10b06d8", "0x7fcbb10c2298"], "memsize":632, "flags":{"wb_protected":true, "old":true, "long_lived":true, "marked":true}}
{"address":"0x7fcbb10b0868", "type":"STRING", "class":"0x7fcbb10e0ef0", "frozen":true, "embedded":true, "fstring":true, "bytesize":18, "value":"<internal:prelude>", "encoding":"US-ASCII", "memsize":40, "flags":{"wb_protected":true, "old":true, "long_lived":true, "marked":true}}
{"address":"0x7fcbb10b08b8", "type":"NODE", "frozen":true, "node_type":"NODE_CREF", "references":["0x7fcbb10e2c78"], "memsize":40, "flags":{"wb_protected":true, "old":true, "long_lived":true, "marked":true}}
{"address":"0x7fcbb10b0a98", "type":"STRING", "class":"0x7fcbb10e0ef0", "frozen":true, "embedded":true, "fstring":true, "bytesize":6, "value":"PREFIX", "encoding":"US-ASCII", "memsize":40, "flags":{"wb_protected":true, "old":true, "long_lived":true, "marked":true}}
{"address":"0x7fcbb10b0c00", "type":"STRING", "class":"0x7fcbb10e0ef0", "frozen":true, "embedded":true, "fstring":true, "bytesize":9, "value":"exclusive", "encoding":"US-ASCII", "memsize":40, "flags":{"wb_protected":true, "old":true, "long_lived":true, "marked":true}}
{"address":"0x7fcbb10b0e08", "type":"STRING", "class":"0x7fcbb10e0ef0", "frozen":true, "fstring":true, "bytesize":26, "value":"MUTEX_FOR_THREAD_EXCLUSIVE", "encoding":"US-ASCII", "memsize":67, "flags":{"wb_protected":true, "old":true, "long_lived":true, "marked":true}}
{"address":"0x7fcbb10b0e58", "type":"STRING", "class":"0x7fcbb10e0ef0", "frozen":true, "embedded":true, "fstring":true, "bytesize":7, "value":"to_ruby", "encoding":"US-ASCII", "memsize":40, "flags":{"wb_protected":true, "old":true, "long_lived":true, "marked":true}}
{"address":"0x7fcbb10b0ea8", "type":"STRING", "class":"0x7fcbb10e0ef0", "frozen":true, "embedded":true, "fstring":true, "bytesize":14, "value":"SCRIPT_LINES__", "encoding":"US-ASCII", "memsize":40, "flags":{"wb_protected":true, "old":true, "long_lived":true, "marked":true}}
{"address":"0x7fcbb10b0f98", "type":"MODULE", "class":"0x7fcbb18322d0", "name":"Gem", "references":["0x7fcbb1832398", "0x7fcbb1832370", "0x7fcbb1832348", "0x7fcbb1832320", "0x7fcbb18322f8", "0x7fcbb10b0fc0", "0x7fcbb1841848", "0x7fcbb18417f8", "0x7fcbb18417d0", "0x7fcbb191c1a0", "0x7fcbb18417a8", "0x7fcbb1841780", "0x7fcbb1841758", "0x7fcbb1841320", "0x7fcbb20209b0", "0x7fcbb198fd08", "0x7fcbb3002e00", "0x7fcbb10a91d0", "0x7fcbb3002d38", "0x7fcbb3002e00", "0x7fcbb3002d38", "0x7fcbb10aa490", "0x7fcbb3002d38", "0x7fcbb10aa468", "0x7fcbb3002d38", "0x7fcbb3002e00", "0x7fcbb3002d38", "0x7fcbb18323c0", "0x7fcbb10a9f68", "0x7fcbb183b178", "0x7fcbb1831e48", "0x7fcbb18425e0", "0x7fcbb183ac78", "0x7fcbb18423d8", "0x7fcbb183ac78", "0x7fcbb1842298", "0x7fcbb183ac78", "0x7fcbb18421f8", "0x7fcbb183ac78", "0x7fcbb1842068", "0x7fcbb183ac78", "0x7fcbb1841ac8", "0x7fcbb10a91d0", "0x7fcbb1841aa0", "0x7fcbb10a91d0", "0x7fcbb1841a00", "0x7fcbb10a91d0", "0x7fcbb18418e8", "0x7fcbb10a91d0", "0x7fcbb1841870", "0x7fcbb10a91d0", "0x7fcbb1841820", "0x7fcbb10a91d0", "0x7fcbb1841398", "0x7fcbb10a91d0", "0x7fcbb10a91d0", "0x7fcbb10a91d0", "0x7fcbb10a91d0", "0x7fcbb10a91d0", "0x7fcbb10a91d0", "0x7fcbb10a91d0", "0x7fcbb10a91d0", "0x7fcbb10a91d0", "0x7fcbb10a91d0", "0x7fcbb10a91d0", "0x7fcbb10a91d0", "0x7fcbb18ac238", "0x7fcbb1888a18", "0x7fcbb1869a78", "0x7fcbb18b7de0", "0x7fcbb18502f8", "0x7fcbb18cf4e0", "0x7fcbb18f6310", "0x7fcbb18e7978", "0x7fcbb18fc1c0", "0x7fcbb18f5be0", "0x7fcbb1906af8", "0x7fcbb1832f50", "0x7fcbb1906a08", "0x7fcbb1832f50", "0x7fcbb1906558", "0x7fcbb1840970", "0x7fcbb1914220", "0x7fcbb182b958", "0x7fcbb19140b8", "0x7fcbb182b958", "0x7fcbb1914018", "0x7fcbb182b958", "0x7fcbb2023d90", "0x7fcbb182b958", "0x7fcbb2023bb0", "0x7fcbb182b958", "0x7fcbb2023700", "0x7fcbb182b958", "0x7fcbb2023278", "0x7fcbb182b958", "0x7fcbb2022fd0", "0x7fcbb182b958", "0x7fcbb2022e40", "0x7fcbb182b958", "0x7fcbb2022d50", "0x7fcbb182b958", "0x7fcbb2022aa8", "0x7fcbb182b958", "0x7fcbb20229e0", "0x7fcbb182b958", "0x7fcbb2022850", "0x7fcbb182b958", "0x7fcbb20226e8", "0x7fcbb182b958", "0x7fcbb2022648", "0x7fcbb182b958", "0x7fcbb20225a8", "0x7fcbb182b958", "0x7fcbb2022378", "0x7fcbb182b958", "0x7fcbb2022148", "0x7fcbb182b958", "0x7fcbb2022008", "0x7fcbb182b958", "0x7fcbb2021f68", "0x7fcbb182b958", "0x7fcbb2021ea0", "0x7fcbb182b958", "0x7fcbb2021dd8", "0x7fcbb182b958", "0x7fcbb2021d38", "0x7fcbb182b958", "0x7fcbb2021b80", "0x7fcbb182b958", "0x7fcbb2021b80", "0x7fcbb182b958"], "memsize":6232, "flags":{"wb_protected":true, "old":true, "long_lived":true, "marked":true}}
{"address":"0x7fcbb10b0fc0", "type":"STRING", "class":"0x7fcbb10e0ef0", "frozen":true, "embedded":true, "fstring":true, "bytesize":3, "value":"Gem", "encoding":"US-ASCII", "memsize":40, "flags":{"wb_protected":true, "old":true, "long_lived":true, "marked":true}}
{"address":"0x7fcbb10b0fe8", "type":"STRING", "class":"0x7fcbb10e0ef0", "shared":true, "encoding":"UTF-8", "references":["0x7fcbb10b8d60"], "memsize":40, "flags":{"wb_protected":true, "old":true, "long_lived":true, "marked":true}}
{"address":"0x7fcbb10b1010", "type":"STRING", "class":"0x7fcbb10e0ef0", "shared":true, "encoding":"UTF-8", "references":["0x7fcbb10b8d88"], "memsize":40, "flags":{"wb_protected":true, "old":true, "long_lived":true, "marked":true}}
{"address":"0x7fcbb10b1038", "type":"STRING", "class":"0x7fcbb10e0ef0", "shared":true, "encoding":"UTF-8", "references":["0x7fcbb10b8db0"], "memsize":40, "flags":{"wb_protected":true, "old":true, "long_lived":true, "marked":true}}
{"address":"0x7fcbb10b1060", "type":"STRING", "class":"0x7fcbb10e0ef0", "shared":true, "encoding":"UTF-8", "references":["0x7fcbb10b8dd8"], "memsize":40, "flags":{"wb_protected":true, "old":true, "long_lived":true, "marked":true}}
{"address":"0x7fcbb10b1088", "type":"STRING", "class":"0x7fcbb10e0ef0", "shared":true, "encoding":"UTF-8", "references":["0x7fcbb10b8e00"], "memsize":40, "flags":{"wb_protected":true, "old":true, "long_lived":true, "marked":true}}
{"address":"0x7fcbb10b10b0", "type":"STRING", "class":"0x7fcbb10e0ef0", "shared":true, "encoding":"UTF-8", "references":["0x7fcbb10b8e28"], "memsize":40, "flags":{"wb_protected":true, "old":true, "long_lived":true, "marked":true}}
{"address":"0x7fcbb10b10d8", "type":"STRING", "class":"0x7fcbb10e0ef0", "shared":true, "encoding":"UTF-8", "references":["0x7fcbb10b8e50"], "memsize":40, "flags":{"wb_protected":true, "old":true, "long_lived":true, "marked":true}}
{"address":"0x7fcbb10b1100", "type":"STRING", "class":"0x7fcbb10e0ef0", "shared":true, "encoding":"UTF-8", "references":["0x7fcbb10b8e78"], "memsize":40, "flags":{"wb_protected":true, "old":true, "long_lived":true, "marked":true}}
{"address":"0x7fcbb10b1330", "type":"STRING", "class":"0x7fcbb10e0ef0", "frozen":true, "bytesize":40, "capacity":128, "value":"/Users/path/.rvm/rubies/ruby-2.2.3/share", "encoding":"UTF-8", "memsize":169, "flags":{"wb_protected":true, "old":true, "long_lived":true, "marked":true}}
{"address":"0x7fcbb10b1538", "type":"STRING", "class":"0x7fcbb10e0ef0", "frozen":true, "bytesize":38, "capacity":128, "value":"/Users/path/.rvm/rubies/ruby-2.2.3/bin", "encoding":"UTF-8", "memsize":169, "flags":{"wb_protected":true, "old":true, "long_lived":true, "marked":true}}
{"address":"0x7fcbb10b1678", "type":"STRING", "class":"0x7fcbb10e0ef0", "frozen":true, "fstring":true, "bytesize":90, "capacity":154, "value":"/Users/path/.rvm/rubies/ruby-2.2.3/lib/ruby/2.2.0/x86_64-darwin14/enc/trans/transdb.bundle", "encoding":"US-ASCII", "memsize":195, "flags":{"wb_protected":true, "old":true, "long_lived":true, "marked":true}}
{"address":"0x7fcbb10b1718", "type":"STRING", "class":"0x7fcbb10e0ef0", "frozen":true, "embedded":true, "fstring":true, "bytesize":16, "value":"@test_suite_file", "encoding":"US-ASCII", "memsize":40, "flags":{"wb_protected":true, "old":true, "long_lived":true, "marked":true}}
{"address":"0x7fcbb10b1ad8", "type":"STRING", "class":"0x7fcbb10e0ef0", "frozen":true, "embedded":true, "fstring":true, "bytesize":13, "value":"SJIS_SOFTBANK", "encoding":"US-ASCII", "memsize":40, "flags":{"wb_protected":true, "old":true, "long_lived":true, "marked":true}}
{"address":"0x7fcbb10b1b00", "type":"STRING", "class":"0x7fcbb10e0ef0", "frozen":true, "embedded":true, "fstring":true, "bytesize":13, "value":"SJIS_SoftBank", "encoding":"US-ASCII", "memsize":40, "flags":{"wb_protected":true, "old":true, "long_lived":true, "marked":true}}
{"address":"0x7fcbb10b1b28", "type":"DATA", "class":"0x7fcbb10e1c10", "struct":"encoding", "memsize":40, "flags":{"long_lived":true, "marked":true}}
{"address":"0x7fcbb10b1b50", "type":"STRING", "class":"0x7fcbb10e0ef0", "frozen":true, "embedded":true, "fstring":true, "bytesize":13, "value":"UTF8_SOFTBANK", "encoding":"US-ASCII", "memsize":40, "flags":{"wb_protected":true, "old":true, "long_lived":true, "marked":true}}
{"address":"0x7fcbb10b1b78", "type":"STRING", "class":"0x7fcbb10e0ef0", "frozen":true, "embedded":true, "fstring":true, "bytesize":13, "value":"UTF8_SoftBank", "encoding":"US-ASCII", "memsize":40, "flags":{"wb_protected":true, "old":true, "long_lived":true, "marked":true}}
{"address":"0x7fcbb10b1ba0", "type":"DATA", "class":"0x7fcbb10e1c10", "struct":"encoding", "memsize":40, "flags":{"long_lived":true, "marked":true}}
{"address":"0x7fcbb10b1bc8", "type":"STRING", "class":"0x7fcbb10e0ef0", "frozen":true, "fstring":true, "bytesize":26, "value":"STATELESS_ISO_2022_JP_KDDI", "encoding":"US-ASCII", "memsize":67, "flags":{"wb_protected":true, "old":true, "long_lived":true, "marked":true}}
{"address":"0x7fcbb10b1bf0", "type":"STRING", "class":"0x7fcbb10e0ef0", "frozen":true, "fstring":true, "bytesize":26, "value":"Stateless_ISO_2022_JP_KDDI", "encoding":"US-ASCII", "memsize":67, "flags":{"wb_protected":true, "old":true, "long_lived":true, "marked":true}}
{"address":"0x7fcbb10b1c18", "type":"DATA", "class":"0x7fcbb10e1c10", "struct":"encoding", "memsize":40, "flags":{"long_lived":true, "marked":true}}
{"address":"0x7fcbb10b1c40", "type":"STRING", "class":"0x7fcbb10e0ef0", "frozen":true, "embedded":true, "fstring":true, "bytesize":16, "value":"ISO_2022_JP_KDDI", "encoding":"US-ASCII", "memsize":40, "flags":{"wb_protected":true, "old":true, "long_lived":true, "marked":true}}
{"address":"0x7fcbb10b1c68", "type":"DATA", "class":"0x7fcbb10e1c10", "struct":"encoding", "memsize":40, "flags":{"long_lived":true, "marked":true}}
{"address":"0x7fcbb10b1c90", "type":"STRING", "class":"0x7fcbb10e0ef0", "frozen":true, "embedded":true, "fstring":true, "bytesize":9, "value":"SJIS_KDDI", "encoding":"US-ASCII", "memsize":40, "flags":{"wb_protected":true, "old":true, "long_lived":true, "marked":true}}
{"address":"0x7fcbb10b1cb8", "type":"DATA", "class":"0x7fcbb10e1c10", "struct":"encoding", "memsize":40, "flags":{"long_lived":true, "marked":true}}
{"address":"0x7fcbb10b1ce0", "type":"STRING", "class":"0x7fcbb10e0ef0", "frozen":true, "embedded":true, "fstring":true, "bytesize":9, "value":"UTF8_KDDI", "encoding":"US-ASCII", "memsize":40, "flags":{"wb_protected":true, "old":true, "long_lived":true, "marked":true}}
{"address":"0x7fcbb10b1d08", "type":"DATA", "class":"0x7fcbb10e1c10", "struct":"encoding", "memsize":40, "flags":{"long_lived":true, "marked":true}}
{"address":"0x7fcbb10b1d30", "type":"STRING", "class":"0x7fcbb10e0ef0", "frozen":true, "embedded":true, "fstring":true, "bytesize":11, "value":"SJIS_DOCOMO", "encoding":"US-ASCII", "memsize":40, "flags":{"wb_protected":true, "old":true, "long_lived":true, "marked":true}}
{"address":"0x7fcbb10b1d58", "type":"STRING", "class":"0x7fcbb10e0ef0", "frozen":true, "embedded":true, "fstring":true, "bytesize":11, "value":"SJIS_DoCoMo", "encoding":"US-ASCII", "memsize":40, "flags":{"wb_protected":true, "old":true, "long_lived":true, "marked":true}}
{"address":"0x7fcbb10b1d80", "type":"DATA", "class":"0x7fcbb10e1c10", "struct":"encoding", "memsize":40, "flags":{"long_lived":true, "marked":true}}
{"address":"0x7fcbb10b1da8", "type":"STRING", "class":"0x7fcbb10e0ef0", "frozen":true, "embedded":true, "fstring":true, "bytesize":11, "value":"UTF8_DOCOMO", "encoding":"US-ASCII", "memsize":40, "flags":{"wb_protected":true, "old":true, "long_lived":true, "marked":true}}
{"address":"0x7fcbb10b1dd0", "type":"STRING", "class":"0x7fcbb10e0ef0", "frozen":true, "embedded":true, "fstring":true, "bytesize":11, "value":"UTF8_DoCoMo", "encoding":"US-ASCII", "memsize":40, "flags":{"wb_protected":true, "old":true, "long_lived":true, "marked":true}}
{"address":"0x7fcbb10b1df8", "type":"DATA", "class":"0x7fcbb10e1c10", "struct":"encoding", "memsize":40, "flags":{"long_lived":true, "marked":true}}
{"address":"0x7fcbb10b1e20", "type":"STRING", "class":"0x7fcbb10e0ef0", "frozen":true, "embedded":true, "fstring":true, "bytesize":6, "value":"CP1251", "encoding":"US-ASCII", "memsize":40, "flags":{"wb_protected":true, "old":true, "long_lived":true, "marked":true}}
{"address":"0x7fcbb10b1e48", "type":"STRING", "class":"0x7fcbb10e0ef0", "frozen":true, "embedded":true, "fstring":true, "bytesize":3, "value":"PCK", "encoding":"US-ASCII", "memsize":40, "flags":{"wb_protected":true, "old":true, "long_lived":true, "marked":true}}
{"address":"0x7fcbb10b1e70", "type":"STRING", "class":"0x7fcbb10e0ef0", "frozen":true, "embedded":true, "fstring":true, "bytesize":4, "value":"SJIS", "encoding":"US-ASCII", "memsize":40, "flags":{"wb_protected":true, "old":true, "long_lived":true, "marked":true}}
{"address":"0x7fcbb10b1e98", "type":"STRING", "class":"0x7fcbb10e0ef0", "frozen":true, "embedded":true, "fstring":true, "bytesize":12, "value":"CSWINDOWS31J", "encoding":"US-ASCII", "memsize":40, "flags":{"wb_protected":true, "old":true, "long_lived":true, "marked":true}}
{"address":"0x7fcbb10b1ec0", "type":"STRING", "class":"0x7fcbb10e0ef0", "frozen":true, "embedded":true, "fstring":true, "bytesize":12, "value":"CsWindows31J", "encoding":"US-ASCII", "memsize":40, "flags":{"wb_protected":true, "old":true, "long_lived":true, "marked":true}}
{"address":"0x7fcbb10b1ee8", "type":"STRING", "class":"0x7fcbb10e0ef0", "frozen":true, "embedded":true, "fstring":true, "bytesize":5, "value":"CP932", "encoding":"US-ASCII", "memsize":40, "flags":{"wb_protected":true, "old":true, "long_lived":true, "marked":true}}
{"address":"0x7fcbb10b1f10", "type":"STRING", "class":"0x7fcbb10e0ef0", "frozen":true, "embedded":true, "fstring":true, "bytesize":7, "value":"UCS_4LE", "encoding":"US-ASCII", "memsize":40, "flags":{"wb_protected":true, "old":true, "long_lived":true, "marked":true}}
{"address":"0x7fcbb10b1f38", "type":"STRING", "class":"0x7fcbb10e0ef0", "frozen":true, "embedded":true, "fstring":true, "bytesize":7, "value":"UCS_4BE", "encoding":"US-ASCII", "memsize":40, "flags":{"wb_protected":true, "old":true, "long_lived":true, "marked":true}}
{"address":"0x7fcbb10b1f60", "type":"STRING", "class":"0x7fcbb10e0ef0", "frozen":true, "embedded":true, "fstring":true, "bytesize":7, "value":"UCS_2BE", "encoding":"US-ASCII", "memsize":40, "flags":{"wb_protected":true, "old":true, "long_lived":true, "marked":true}}
{"address":"0x7fcbb10b1f88", "type":"STRING", "class":"0x7fcbb10e0ef0", "frozen":true, "embedded":true, "fstring":true, "bytesize":6, "value":"UTF_32", "encoding":"US-ASCII", "memsize":40, "flags":{"wb_protected":true, "old":true, "long_lived":true, "marked":true}}
{"address":"0x7fcbb10b1fb0", "type":"STRING", "class":"0x7fcbb10e0ef0", "frozen":true, "embedded":true, "fstring":true, "bytesize":6, "value":"UTF_16", "encoding":"US-ASCII", "memsize":40, "flags":{"wb_protected":true, "old":true, "long_lived":true, "marked":true}}
{"address":"0x7fcbb10b1fd8", "type":"STRING", "class":"0x7fcbb10e0ef0", "frozen":true, "embedded":true, "fstring":true, "bytesize":9, "value":"UTF_8_HFS", "encoding":"US-ASCII", "memsize":40, "flags":{"wb_protected":true, "old":true, "long_lived":true, "marked":true}}
{"address":"0x7fcbb10b2000", "type":"STRING", "class":"0x7fcbb10e0ef0", "frozen":true, "embedded":true, "fstring":true, "bytesize":9, "value":"UTF_8_MAC", "encoding":"US-ASCII", "memsize":40, "flags":{"wb_protected":true, "old":true, "long_lived":true, "marked":true}}
{"address":"0x7fcbb10b2028", "type":"STRING", "class":"0x7fcbb10e0ef0", "frozen":true, "embedded":true, "fstring":true, "bytesize":8, "value":"UTF8_MAC", "encoding":"US-ASCII", "memsize":40, "flags":{"wb_protected":true, "old":true, "long_lived":true, "marked":true}}
{"address":"0x7fcbb10b2050", "type":"STRING", "class":"0x7fcbb10e0ef0", "frozen":true, "embedded":true, "fstring":true, "bytesize":7, "value":"CP65001", "encoding":"US-ASCII", "memsize":40, "flags":{"wb_protected":true, "old":true, "long_lived":true, "marked":true}}
{"address":"0x7fcbb10b2078", "type":"STRING", "class":"0x7fcbb10e0ef0", "frozen":true, "embedded":true, "fstring":true, "bytesize":7, "value":"CP65000", "encoding":"US-ASCII", "memsize":40, "flags":{"wb_protected":true, "old":true, "long_lived":true, "marked":true}}
{"address":"0x7fcbb10b20a0", "type":"STRING", "class":"0x7fcbb10e0ef0", "frozen":true, "embedded":true, "fstring":true, "bytesize":5, "value":"UTF_7", "encoding":"US-ASCII", "memsize":40, "flags":{"wb_protected":true, "old":true, "long_lived":true, "marked":true}}
{"address":"0x7fcbb10b20c8", "type":"DATA", "class":"0x7fcbb10e1c10", "struct":"encoding", "memsize":40, "flags":{"long_lived":true, "marked":true}}
{"address":"0x7fcbb10b20f0", "type":"STRING", "class":"0x7fcbb10e0ef0", "frozen":true, "embedded":true, "fstring":true, "bytesize":14, "value":"ANSI_X3_4_1968", "encoding":"US-ASCII", "memsize":40, "flags":{"wb_protected":true, "old":true, "long_lived":true, "marked":true}}
{"address":"0x7fcbb10b2118", "type":"STRING", "class":"0x7fcbb10e0ef0", "frozen":true, "embedded":true, "fstring":true, "bytesize":5, "value":"ASCII", "encoding":"US-ASCII", "memsize":40, "flags":{"wb_protected":true, "old":true, "long_lived":true, "marked":true}}
{"address":"0x7fcbb10b2140", "type":"STRING", "class":"0x7fcbb10e0ef0", "frozen":true, "embedded":true, "fstring":true, "bytesize":8, "value":"MACJAPAN", "encoding":"US-ASCII", "memsize":40, "flags":{"wb_protected":true, "old":true, "long_lived":true, "marked":true}}
{"address":"0x7fcbb10b2168", "type":"STRING", "class":"0x7fcbb10e0ef0", "frozen":true, "embedded":true, "fstring":true, "bytesize":8, "value":"MacJapan", "encoding":"US-ASCII", "memsize":40, "flags":{"wb_protected":true, "old":true, "long_lived":true, "marked":true}}
{"address":"0x7fcbb10b2190", "type":"STRING", "class":"0x7fcbb10e0ef0", "frozen":true, "embedded":true, "fstring":true, "bytesize":11, "value":"MACJAPANESE", "encoding":"US-ASCII", "memsize":40, "flags":{"wb_protected":true, "old":true, "long_lived":true, "marked":true}}
{"address":"0x7fcbb10b21b8", "type":"STRING", "class":"0x7fcbb10e0ef0", "frozen":true, "embedded":true, "fstring":true, "bytesize":11, "value":"MacJapanese", "encoding":"US-ASCII", "memsize":40, "flags":{"wb_protected":true, "old":true, "long_lived":true, "marked":true}}
{"address":"0x7fcbb10b21e0", "type":"DATA", "class":"0x7fcbb10e1c10", "struct":"encoding", "memsize":40, "flags":{"long_lived":true, "marked":true}}
{"address":"0x7fcbb10b2208", "type":"STRING", "class":"0x7fcbb10e0ef0", "frozen":true, "embedded":true, "fstring":true, "bytesize":5, "value":"CP878", "encoding":"US-ASCII", "memsize":40, "flags":{"wb_protected":true, "old":true, "long_lived":true, "marked":true}}
{"address":"0x7fcbb10b2230", "type":"STRING", "class":"0x7fcbb10e0ef0", "frozen":true, "embedded":true, "fstring":true, "bytesize":10, "value":"ISO8859_16", "encoding":"US-ASCII", "memsize":40, "flags":{"wb_protected":true, "old":true, "long_lived":true, "marked":true}}
{"address":"0x7fcbb10b2258", "type":"STRING", "class":"0x7fcbb10e0ef0", "frozen":true, "embedded":true, "fstring":true, "bytesize":10, "value":"ISO8859_15", "encoding":"US-ASCII", "memsize":40, "flags":{"wb_protected":true, "old":true, "long_lived":true, "marked":true}}
{"address":"0x7fcbb10b2280", "type":"STRING", "class":"0x7fcbb10e0ef0", "frozen":true, "embedded":true, "fstring":true, "bytesize":10, "value":"ISO8859_14", "encoding":"US-ASCII", "memsize":40, "flags":{"wb_protected":true, "old":true, "long_lived":true, "marked":true}}
{"address":"0x7fcbb10b22a8", "type":"STRING", "class":"0x7fcbb10e0ef0", "frozen":true, "embedded":true, "fstring":true, "bytesize":6, "value":"CP1257", "encoding":"US-ASCII", "memsize":40, "flags":{"wb_protected":true, "old":true, "long_lived":true, "marked":true}}
{"address":"0x7fcbb10b22d0", "type":"STRING", "class":"0x7fcbb10e0ef0", "frozen":true, "embedded":true, "fstring":true, "bytesize":12, "value":"WINDOWS_1257", "encoding":"US-ASCII", "memsize":40, "flags":{"wb_protected":true, "old":true, "long_lived":true, "marked":true}}
{"address":"0x7fcbb10b22f8", "type":"STRING", "class":"0x7fcbb10e0ef0", "frozen":true, "embedded":true, "fstring":true, "bytesize":12, "value":"Windows_1257", "encoding":"US-ASCII", "memsize":40, "flags":{"wb_protected":true, "old":true, "long_lived":true, "marked":true}}
{"address":"0x7fcbb10b2320", "type":"DATA", "class":"0x7fcbb10e1c10", "struct":"encoding", "memsize":40, "flags":{"long_lived":true, "marked":true}}
{"address":"0x7fcbb10b2348", "type":"STRING", "class":"0x7fcbb10e0ef0", "frozen":true, "embedded":true, "fstring":true, "bytesize":10, "value":"ISO8859_13", "encoding":"US-ASCII", "memsize":40, "flags":{"wb_protected":true, "old":true, "long_lived":true, "marked":true}}
{"address":"0x7fcbb10b2370", "type":"STRING", "class":"0x7fcbb10e0ef0", "frozen":true, "embedded":true, "fstring":true, "bytesize":5, "value":"CP874", "encoding":"US-ASCII", "memsize":40, "flags":{"wb_protected":true, "old":true, "long_lived":true, "marked":true}}
{"address":"0x7fcbb10b2398", "type":"STRING", "class":"0x7fcbb10e0ef0", "frozen":true, "embedded":true, "fstring":true, "bytesize":11, "value":"WINDOWS_874", "encoding":"US-ASCII", "memsize":40, "flags":{"wb_protected":true, "old":true, "long_lived":true, "marked":true}}
{"address":"0x7fcbb10b23c0", "type":"STRING", "class":"0x7fcbb10e0ef0", "frozen":true, "embedded":true, "fstring":true, "bytesize":11, "value":"Windows_874", "encoding":"US-ASCII", "memsize":40, "flags":{"wb_protected":true, "old":true, "long_lived":true, "marked":true}}
{"address":"0x7fcbb10b23e8", "type":"DATA", "class":"0x7fcbb10e1c10", "struct":"encoding", "memsize":40, "flags":{"long_lived":true, "marked":true}}
{"address":"0x7fcbb10b2410", "type":"STRING", "class":"0x7fcbb10e0ef0", "frozen":true, "embedded":true, "fstring":true, "bytesize":7, "value":"TIS_620", "encoding":"US-ASCII", "memsize":40, "flags":{"wb_protected":true, "old":true, "long_lived":true, "marked":true}}
{"address":"0x7fcbb10b2438", "type":"DATA", "class":"0x7fcbb10e1c10", "struct":"encoding", "memsize":40, "flags":{"long_lived":true, "marked":true}}
{"address":"0x7fcbb10b2460", "type":"STRING", "class":"0x7fcbb10e0ef0", "frozen":true, "embedded":true, "fstring":true, "bytesize":10, "value":"ISO8859_11", "encoding":"US-ASCII", "memsize":40, "flags":{"wb_protected":true, "old":true, "long_lived":true, "marked":true}}
{"address":"0x7fcbb10b2488", "type":"STRING", "class":"0x7fcbb10e0ef0", "frozen":true, "embedded":true, "fstring":true, "bytesize":10, "value":"ISO8859_10", "encoding":"US-ASCII", "memsize":40, "flags":{"wb_protected":true, "old":true, "long_lived":true, "marked":true}}
{"address":"0x7fcbb10b24b0", "type":"STRING", "class":"0x7fcbb10e0ef0", "frozen":true, "embedded":true, "fstring":true, "bytesize":6, "value":"CP1254", "encoding":"US-ASCII", "memsize":40, "flags":{"wb_protected":true, "old":true, "long_lived":true, "marked":true}}
{"address":"0x7fcbb10b24d8", "type":"STRING", "class":"0x7fcbb10e0ef0", "frozen":true, "embedded":true, "fstring":true, "bytesize":12, "value":"WINDOWS_1254", "encoding":"US-ASCII", "memsize":40, "flags":{"wb_protected":true, "old":true, "long_lived":true, "marked":true}}
{"address":"0x7fcbb10b2500", "type":"STRING", "class":"0x7fcbb10e0ef0", "frozen":true, "embedded":true, "fstring":true, "bytesize":12, "value":"Windows_1254", "encoding":"US-ASCII", "memsize":40, "flags":{"wb_protected":true, "old":true, "long_lived":true, "marked":true}}
{"address":"0x7fcbb10b2528", "type":"DATA", "class":"0x7fcbb10e1c10", "struct":"encoding", "memsize":40, "flags":{"long_lived":true, "marked":true}}
{"address":"0x7fcbb10b2550", "type":"STRING", "class":"0x7fcbb10e0ef0", "frozen":true, "embedded":true, "fstring":true, "bytesize":9, "value":"ISO8859_9", "encoding":"US-ASCII", "memsize":40, "flags":{"wb_protected":true, "old":true, "long_lived":true, "marked":true}}
{"address":"0x7fcbb10b2578", "type":"STRING", "class":"0x7fcbb10e0ef0", "frozen":true, "embedded":true, "fstring":true, "bytesize":6, "value":"CP1255", "encoding":"US-ASCII", "memsize":40, "flags":{"wb_protected":true, "old":true, "long_lived":true, "marked":true}}
{"address":"0x7fcbb10b25a0", "type":"STRING", "class":"0x7fcbb10e0ef0", "frozen":true, "embedded":true, "fstring":true, "bytesize":12, "value":"WINDOWS_1255", "encoding":"US-ASCII", "memsize":40, "flags":{"wb_protected":true, "old":true, "long_lived":true, "marked":true}}
{"address":"0x7fcbb10b25c8", "type":"STRING", "class":"0x7fcbb10e0ef0", "frozen":true, "embedded":true, "fstring":true, "bytesize":12, "value":"Windows_1255", "encoding":"US-ASCII", "memsize":40, "flags":{"wb_protected":true, "old":true, "long_lived":true, "marked":true}}
{"address":"0x7fcbb10b25f0", "type":"DATA", "class":"0x7fcbb10e1c10", "struct":"encoding", "memsize":40, "flags":{"long_lived":true, "marked":true}}
{"address":"0x7fcbb10b2618", "type":"STRING", "class":"0x7fcbb10e0ef0", "frozen":true, "embedded":true, "fstring":true, "bytesize":9, "value":"ISO8859_8", "encoding":"US-ASCII", "memsize":40, "flags":{"wb_protected":true, "old":true, "long_lived":true, "marked":true}}
{"address":"0x7fcbb10b2640", "type":"STRING", "class":"0x7fcbb10e0ef0", "frozen":true, "embedded":true, "fstring":true, "bytesize":6, "value":"CP1253", "encoding":"US-ASCII", "memsize":40, "flags":{"wb_protected":true, "old":true, "long_lived":true, "marked":true}}
{"address":"0x7fcbb10b2668", "type":"STRING", "class":"0x7fcbb10e0ef0", "frozen":true, "embedded":true, "fstring":true, "bytesize":12, "value":"WINDOWS_1253", "encoding":"US-ASCII", "memsize":40, "flags":{"wb_protected":true, "old":true, "long_lived":true, "marked":true}}
{"address":"0x7fcbb10b2690", "type":"STRING", "class":"0x7fcbb10e0ef0", "frozen":true, "embedded":true, "fstring":true, "bytesize":12, "value":"Windows_1253", "encoding":"US-ASCII", "memsize":40, "flags":{"wb_protected":true, "old":true, "long_lived":true, "marked":true}}
{"address":"0x7fcbb10b26b8", "type":"DATA", "class":"0x7fcbb10e1c10", "struct":"encoding", "memsize":40, "flags":{"long_lived":true, "marked":true}}
{"address":"0x7fcbb10b26e0", "type":"STRING", "class":"0x7fcbb10e0ef0", "frozen":true, "embedded":true, "fstring":true, "bytesize":9, "value":"ISO8859_7", "encoding":"US-ASCII", "memsize":40, "flags":{"wb_protected":true, "old":true, "long_lived":true, "marked":true}}
{"address":"0x7fcbb10b2708", "type":"STRING", "class":"0x7fcbb10e0ef0", "frozen":true, "embedded":true, "fstring":true, "bytesize":6, "value":"CP1256", "encoding":"US-ASCII", "memsize":40, "flags":{"wb_protected":true, "old":true, "long_lived":true, "marked":true}}
{"address":"0x7fcbb10b2730", "type":"STRING", "class":"0x7fcbb10e0ef0", "frozen":true, "embedded":true, "fstring":true, "bytesize":12, "value":"WINDOWS_1256", "encoding":"US-ASCII", "memsize":40, "flags":{"wb_protected":true, "old":true, "long_lived":true, "marked":true}}
{"address":"0x7fcbb10b2758", "type":"STRING", "class":"0x7fcbb10e0ef0", "frozen":true, "embedded":true, "fstring":true, "bytesize":12, "value":"Windows_1256", "encoding":"US-ASCII", "memsize":40, "flags":{"wb_protected":true, "old":true, "long_lived":true, "marked":true}}
{"address":"0x7fcbb10b2780", "type":"DATA", "class":"0x7fcbb10e1c10", "struct":"encoding", "memsize":40, "flags":{"long_lived":true, "marked":true}}
{"address":"0x7fcbb10b27a8", "type":"STRING", "class":"0x7fcbb10e0ef0", "frozen":true, "embedded":true, "fstring":true, "bytesize":9, "value":"ISO8859_6", "encoding":"US-ASCII", "memsize":40, "flags":{"wb_protected":true, "old":true, "long_lived":true, "marked":true}}
{"address":"0x7fcbb10b27d0", "type":"STRING", "class":"0x7fcbb10e0ef0", "frozen":true, "embedded":true, "fstring":true, "bytesize":9, "value":"ISO8859_5", "encoding":"US-ASCII", "memsize":40, "flags":{"wb_protected":true, "old":true, "long_lived":true, "marked":true}}
{"address":"0x7fcbb10b27f8", "type":"STRING", "class":"0x7fcbb10e0ef0", "frozen":true, "embedded":true, "fstring":true, "bytesize":9, "value":"ISO8859_4", "encoding":"US-ASCII", "memsize":40, "flags":{"wb_protected":true, "old":true, "long_lived":true, "marked":true}}
{"address":"0x7fcbb10b2820", "type":"STRING", "class":"0x7fcbb10e0ef0", "frozen":true, "embedded":true, "fstring":true, "bytesize":9, "value":"ISO8859_3", "encoding":"US-ASCII", "memsize":40, "flags":{"wb_protected":true, "old":true, "long_lived":true, "marked":true}}
{"address":"0x7fcbb10b2848", "type":"STRING", "class":"0x7fcbb10e0ef0", "frozen":true, "embedded":true, "fstring":true, "bytesize":6, "value":"CP1250", "encoding":"US-ASCII", "memsize":40, "flags":{"wb_protected":true, "old":true, "long_lived":true, "marked":true}}
{"address":"0x7fcbb10b2870", "type":"STRING", "class":"0x7fcbb10e0ef0", "frozen":true, "embedded":true, "fstring":true, "bytesize":12, "value":"WINDOWS_1250", "encoding":"US-ASCII", "memsize":40, "flags":{"wb_protected":true, "old":true, "long_lived":true, "marked":true}}
{"address":"0x7fcbb10b2898", "type":"STRING", "class":"0x7fcbb10e0ef0", "frozen":true, "embedded":true, "fstring":true, "bytesize":12, "value":"Windows_1250", "encoding":"US-ASCII", "memsize":40, "flags":{"wb_protected":true, "old":true, "long_lived":true, "marked":true}}
{"address":"0x7fcbb10b28c0", "type":"DATA", "class":"0x7fcbb10e1c10", "struct":"encoding", "memsize":40, "flags":{"long_lived":true, "marked":true}}
{"address":"0x7fcbb10b28e8", "type":"STRING", "class":"0x7fcbb10e0ef0", "frozen":true, "embedded":true, "fstring":true, "bytesize":9, "value":"ISO8859_2", "encoding":"US-ASCII", "memsize":40, "flags":{"wb_protected":true, "old":true, "long_lived":true, "marked":true}}
{"address":"0x7fcbb10b2910", "type":"STRING", "class":"0x7fcbb10e0ef0", "frozen":true, "embedded":true, "fstring":true, "bytesize":6, "value":"CP1252", "encoding":"US-ASCII", "memsize":40, "flags":{"wb_protected":true, "old":true, "long_lived":true, "marked":true}}
{"address":"0x7fcbb10b2938", "type":"STRING", "class":"0x7fcbb10e0ef0", "frozen":true, "embedded":true, "fstring":true, "bytesize":12, "value":"WINDOWS_1252", "encoding":"US-ASCII", "memsize":40, "flags":{"wb_protected":true, "old":true, "long_lived":true, "marked":true}}
{"address":"0x7fcbb10b2960", "type":"STRING", "class":"0x7fcbb10e0ef0", "frozen":true, "embedded":true, "fstring":true, "bytesize":12, "value":"Windows_1252", "encoding":"US-ASCII", "memsize":40, "flags":{"wb_protected":true, "old":true, "long_lived":true, "marked":true}}
{"address":"0x7fcbb10b2988", "type":"DATA", "class":"0x7fcbb10e1c10", "struct":"encoding", "memsize":40, "flags":{"long_lived":true, "marked":true}}
{"address":"0x7fcbb10b29b0", "type":"STRING", "class":"0x7fcbb10e0ef0", "frozen":true, "embedded":true, "fstring":true, "bytesize":9, "value":"ISO8859_1", "encoding":"US-ASCII", "memsize":40, "flags":{"wb_protected":true, "old":true, "long_lived":true, "marked":true}}
{"address":"0x7fcbb10b29d8", "type":"STRING", "class":"0x7fcbb10e0ef0", "frozen":true, "embedded":true, "fstring":true, "bytesize":7, "value":"CP50221", "encoding":"US-ASCII", "memsize":40, "flags":{"wb_protected":true, "old":true, "long_lived":true, "marked":true}}
{"address":"0x7fcbb10b2a00", "type":"DATA", "class":"0x7fcbb10e1c10", "struct":"encoding", "memsize":40, "flags":{"long_lived":true, "marked":true}}
{"address":"0x7fcbb10b2a28", "type":"STRING", "class":"0x7fcbb10e0ef0", "frozen":true, "embedded":true, "fstring":true, "bytesize":7, "value":"CP50220", "encoding":"US-ASCII", "memsize":40, "flags":{"wb_protected":true, "old":true, "long_lived":true, "marked":true}}
{"address":"0x7fcbb10b2a50", "type":"DATA", "class":"0x7fcbb10e1c10", "struct":"encoding", "memsize":40, "flags":{"long_lived":true, "marked":true}}
{"address":"0x7fcbb10b2a78", "type":"STRING", "class":"0x7fcbb10e0ef0", "frozen":true, "embedded":true, "fstring":true, "bytesize":11, "value":"ISO2022_JP2", "encoding":"US-ASCII", "memsize":40, "flags":{"wb_protected":true, "old":true, "long_lived":true, "marked":true}}
{"address":"0x7fcbb10b2aa0", "type":"STRING", "class":"0x7fcbb10e0ef0", "frozen":true, "embedded":true, "fstring":true, "bytesize":13, "value":"ISO_2022_JP_2", "encoding":"US-ASCII", "memsize":40, "flags":{"wb_protected":true, "old":true, "long_lived":true, "marked":true}}
{"address":"0x7fcbb10b2ac8", "type":"DATA", "class":"0x7fcbb10e1c10", "struct":"encoding", "memsize":40, "flags":{"long_lived":true, "marked":true}}
{"address":"0x7fcbb10b2af0", "type":"STRING", "class":"0x7fcbb10e0ef0", "frozen":true, "embedded":true, "fstring":true, "bytesize":10, "value":"ISO2022_JP", "encoding":"US-ASCII", "memsize":40, "flags":{"wb_protected":true, "old":true, "long_lived":true, "marked":true}}
{"address":"0x7fcbb10b2b18", "type":"STRING", "class":"0x7fcbb10e0ef0", "frozen":true, "embedded":true, "fstring":true, "bytesize":11, "value":"ISO_2022_JP", "encoding":"US-ASCII", "memsize":40, "flags":{"wb_protected":true, "old":true, "long_lived":true, "marked":true}}
{"address":"0x7fcbb10b2b40", "type":"DATA", "class":"0x7fcbb10e1c10", "struct":"encoding", "memsize":40, "flags":{"long_lived":true, "marked":true}}
{"address":"0x7fcbb10b2b68", "type":"STRING", "class":"0x7fcbb10e0ef0", "frozen":true, "embedded":true, "fstring":true, "bytesize":5, "value":"CP936", "encoding":"US-ASCII", "memsize":40, "flags":{"wb_protected":true, "old":true, "long_lived":true, "marked":true}}
{"address":"0x7fcbb10b2b90", "type":"STRING", "class":"0x7fcbb10e0ef0", "frozen":true, "embedded":true, "fstring":true, "bytesize":7, "value":"GB12345", "encoding":"US-ASCII", "memsize":40, "flags":{"wb_protected":true, "old":true, "long_lived":true, "marked":true}}
{"address":"0x7fcbb10b2bb8", "type":"DATA", "class":"0x7fcbb10e1c10", "struct":"encoding", "memsize":40, "flags":{"long_lived":true, "marked":true}}
{"address":"0x7fcbb10b2be0", "type":"STRING", "class":"0x7fcbb10e0ef0", "frozen":true, "embedded":true, "fstring":true, "bytesize":5, "value":"EUCCN", "encoding":"US-ASCII", "memsize":40, "flags":{"wb_protected":true, "old":true, "long_lived":true, "marked":true}}
{"address":"0x7fcbb10b2c08", "type":"STRING", "class":"0x7fcbb10e0ef0", "frozen":true, "embedded":true, "fstring":true, "bytesize":5, "value":"EucCN", "encoding":"US-ASCII", "memsize":40, "flags":{"wb_protected":true, "old":true, "long_lived":true, "marked":true}}
{"address":"0x7fcbb10b2c30", "type":"STRING", "class":"0x7fcbb10e0ef0", "frozen":true, "embedded":true, "fstring":true, "bytesize":6, "value":"EUC_CN", "encoding":"US-ASCII", "memsize":40, "flags":{"wb_protected":true, "old":true, "long_lived":true, "marked":true}}
{"address":"0x7fcbb10b2c58", "type":"STRING", "class":"0x7fcbb10e0ef0", "frozen":true, "embedded":true, "fstring":true, "bytesize":5, "value":"EUCTW", "encoding":"US-ASCII", "memsize":40, "flags":{"wb_protected":true, "old":true, "long_lived":true, "marked":true}}
{"address":"0x7fcbb10b2c80", "type":"STRING", "class":"0x7fcbb10e0ef0", "frozen":true, "embedded":true, "fstring":true, "bytesize":5, "value":"EucTW", "encoding":"US-ASCII", "memsize":40, "flags":{"wb_protected":true, "old":true, "long_lived":true, "marked":true}}
{"address":"0x7fcbb10b2ca8", "type":"STRING", "class":"0x7fcbb10e0ef0", "frozen":true, "embedded":true, "fstring":true, "bytesize":5, "value":"EUCKR", "encoding":"US-ASCII", "memsize":40, "flags":{"wb_protected":true, "old":true, "long_lived":true, "marked":true}}
{"address":"0x7fcbb10b2cd0", "type":"STRING", "class":"0x7fcbb10e0ef0", "frozen":true, "embedded":true, "fstring":true, "bytesize":5, "value":"EucKR", "encoding":"US-ASCII", "memsize":40, "flags":{"wb_protected":true, "old":true, "long_lived":true, "marked":true}}
{"address":"0x7fcbb10b2cf8", "type":"STRING", "class":"0x7fcbb10e0ef0", "frozen":true, "embedded":true, "fstring":true, "bytesize":12, "value":"EUC_JISX0213", "encoding":"US-ASCII", "memsize":40, "flags":{"wb_protected":true, "old":true, "long_lived":true, "marked":true}}
{"address":"0x7fcbb10b2d20", "type":"STRING", "class":"0x7fcbb10e0ef0", "frozen":true, "embedded":true, "fstring":true, "bytesize":12, "value":"EUC_JIS_2004", "encoding":"US-ASCII", "memsize":40, "flags":{"wb_protected":true, "old":true, "long_lived":true, "marked":true}}
{"address":"0x7fcbb10b2d48", "type":"DATA", "class":"0x7fcbb10e1c10", "struct":"encoding", "memsize":40, "flags":{"long_lived":true, "marked":true}}
{"address":"0x7fcbb10b2d70", "type":"STRING", "class":"0x7fcbb10e0ef0", "frozen":true, "embedded":true, "fstring":true, "bytesize":7, "value":"CP51932", "encoding":"US-ASCII", "memsize":40, "flags":{"wb_protected":true, "old":true, "long_lived":true, "marked":true}}
{"address":"0x7fcbb10b2d98", "type":"DATA", "class":"0x7fcbb10e1c10", "struct":"encoding", "memsize":40, "flags":{"long_lived":true, "marked":true}}
{"address":"0x7fcbb10b2dc0", "type":"STRING", "class":"0x7fcbb10e0ef0", "frozen":true, "embedded":true, "fstring":true, "bytesize":9, "value":"EUC_JP_MS", "encoding":"US-ASCII", "memsize":40, "flags":{"wb_protected":true, "old":true, "long_lived":true, "marked":true}}
{"address":"0x7fcbb10b2de8", "type":"STRING", "class":"0x7fcbb10e0ef0", "frozen":true, "embedded":true, "fstring":true, "bytesize":8, "value":"EUCJP_MS", "encoding":"US-ASCII", "memsize":40, "flags":{"wb_protected":true, "old":true, "long_lived":true, "marked":true}}
{"address":"0x7fcbb10b2e10", "type":"STRING", "class":"0x7fcbb10e0ef0", "frozen":true, "embedded":true, "fstring":true, "bytesize":8, "value":"EucJP_ms", "encoding":"US-ASCII", "memsize":40, "flags":{"wb_protected":true, "old":true, "long_lived":true, "marked":true}}
{"address":"0x7fcbb10b2e38", "type":"DATA", "class":"0x7fcbb10e1c10", "struct":"encoding", "memsize":40, "flags":{"long_lived":true, "marked":true}}
{"address":"0x7fcbb10b2e60", "type":"STRING", "class":"0x7fcbb10e0ef0", "frozen":true, "embedded":true, "fstring":true, "bytesize":5, "value":"EUCJP", "encoding":"US-ASCII", "memsize":40, "flags":{"wb_protected":true, "old":true, "long_lived":true, "marked":true}}
{"address":"0x7fcbb10b2e88", "type":"STRING", "class":"0x7fcbb10e0ef0", "frozen":true, "embedded":true, "fstring":true, "bytesize":5, "value":"EucJP", "encoding":"US-ASCII", "memsize":40, "flags":{"wb_protected":true, "old":true, "long_lived":true, "marked":true}}
{"address":"0x7fcbb10b2eb0", "type":"STRING", "class":"0x7fcbb10e0ef0", "frozen":true, "embedded":true, "fstring":true, "bytesize":21, "value":"STATELESS_ISO_2022_JP", "encoding":"US-ASCII", "memsize":40, "flags":{"wb_protected":true, "old":true, "long_lived":true, "marked":true}}
{"address":"0x7fcbb10b2ed8", "type":"STRING", "class":"0x7fcbb10e0ef0", "frozen":true, "embedded":true, "fstring":true, "bytesize":21, "value":"Stateless_ISO_2022_JP", "encoding":"US-ASCII", "memsize":40, "flags":{"wb_protected":true, "old":true, "long_lived":true, "marked":true}}
{"address":"0x7fcbb10b2f00", "type":"DATA", "class":"0x7fcbb10e1c10", "struct":"encoding", "memsize":40, "flags":{"long_lived":true, "marked":true}}
{"address":"0x7fcbb10b2f28", "type":"STRING", "class":"0x7fcbb10e0ef0", "frozen":true, "embedded":true, "fstring":true, "bytesize":5, "value":"CP951", "encoding":"US-ASCII", "memsize":40, "flags":{"wb_protected":true, "old":true, "long_lived":true, "marked":true}}
{"address":"0x7fcbb10b2f50", "type":"DATA", "class":"0x7fcbb10e1c10", "struct":"encoding", "memsize":40, "flags":{"long_lived":true, "marked":true}}
{"address":"0x7fcbb10b2f78", "type":"STRING", "class":"0x7fcbb10e0ef0", "frozen":true, "embedded":true, "fstring":true, "bytesize":15, "value":"BIG5_HKSCS_2008", "encoding":"US-ASCII", "memsize":40, "flags":{"wb_protected":true, "old":true, "long_lived":true, "marked":true}}
{"address":"0x7fcbb10b2fa0", "type":"STRING", "class":"0x7fcbb10e0ef0", "frozen":true, "embedded":true, "fstring":true, "bytesize":15, "value":"Big5_HKSCS_2008", "encoding":"US-ASCII", "memsize":40, "flags":{"wb_protected":true, "old":true, "long_lived":true, "marked":true}}
{"address":"0x7fcbb10b2fc8", "type":"STRING", "class":"0x7fcbb10e0ef0", "frozen":true, "embedded":true, "fstring":true, "bytesize":5, "value":"CP950", "encoding":"US-ASCII", "memsize":40, "flags":{"wb_protected":true, "old":true, "long_lived":true, "marked":true}}
{"address":"0x7fcbb10b2ff0", "type":"DATA", "class":"0x7fcbb10e1c10", "struct":"encoding", "memsize":40, "flags":{"long_lived":true, "marked":true}}
{"address":"0x7fcbb10b3018", "type":"STRING", "class":"0x7fcbb10e0ef0", "frozen":true, "embedded":true, "fstring":true, "bytesize":10, "value":"MACUKRAINE", "encoding":"US-ASCII", "memsize":40, "flags":{"wb_protected":true, "old":true, "long_lived":true, "marked":true}}
{"address":"0x7fcbb10b3040", "type":"STRING", "class":"0x7fcbb10e0ef0", "frozen":true, "embedded":true, "fstring":true, "bytesize":10, "value":"MacUkraine", "encoding":"US-ASCII", "memsize":40, "flags":{"wb_protected":true, "old":true, "long_lived":true, "marked":true}}
{"address":"0x7fcbb10b3068", "type":"DATA", "class":"0x7fcbb10e1c10", "struct":"encoding", "memsize":40, "flags":{"long_lived":true, "marked":true}}
{"address":"0x7fcbb10b3090", "type":"STRING", "class":"0x7fcbb10e0ef0", "frozen":true, "embedded":true, "fstring":true, "bytesize":10, "value":"MACTURKISH", "encoding":"US-ASCII", "memsize":40, "flags":{"wb_protected":true, "old":true, "long_lived":true, "marked":true}}
{"address":"0x7fcbb10b30b8", "type":"STRING", "class":"0x7fcbb10e0ef0", "frozen":true, "embedded":true, "fstring":true, "bytesize":10, "value":"MacTurkish", "encoding":"US-ASCII", "memsize":40, "flags":{"wb_protected":true, "old":true, "long_lived":true, "marked":true}}
{"address":"0x7fcbb10b30e0", "type":"DATA", "class":"0x7fcbb10e1c10", "struct":"encoding", "memsize":40, "flags":{"long_lived":true, "marked":true}}
{"address":"0x7fcbb10b3108", "type":"STRING", "class":"0x7fcbb10e0ef0", "frozen":true, "embedded":true, "fstring":true, "bytesize":7, "value":"MACTHAI", "encoding":"US-ASCII", "memsize":40, "flags":{"wb_protected":true, "old":true, "long_lived":true, "marked":true}}
{"address":"0x7fcbb10b3130", "type":"STRING", "class":"0x7fcbb10e0ef0", "frozen":true, "embedded":true, "fstring":true, "bytesize":7, "value":"MacThai", "encoding":"US-ASCII", "memsize":40, "flags":{"wb_protected":true, "old":true, "long_lived":true, "marked":true}}
{"address":"0x7fcbb10b3158", "type":"DATA", "class":"0x7fcbb10e1c10", "struct":"encoding", "memsize":40, "flags":{"long_lived":true, "marked":true}}
{"address":"0x7fcbb10b3180", "type":"STRING", "class":"0x7fcbb10e0ef0", "frozen":true, "embedded":true, "fstring":true, "bytesize":10, "value":"MACROMANIA", "encoding":"US-ASCII", "memsize":40, "flags":{"wb_protected":true, "old":true, "long_lived":true, "marked":true}}
{"address":"0x7fcbb10b31a8", "type":"STRING", "class":"0x7fcbb10e0ef0", "frozen":true, "embedded":true, "fstring":true, "bytesize":10, "value":"MacRomania", "encoding":"US-ASCII", "memsize":40, "flags":{"wb_protected":true, "old":true, "long_lived":true, "marked":true}}
{"address":"0x7fcbb10b31d0", "type":"DATA", "class":"0x7fcbb10e1c10", "struct":"encoding", "memsize":40, "flags":{"long_lived":true, "marked":true}}
{"address":"0x7fcbb10b31f8", "type":"STRING", "class":"0x7fcbb10e0ef0", "frozen":true, "embedded":true, "fstring":true, "bytesize":8, "value":"MACROMAN", "encoding":"US-ASCII", "memsize":40, "flags":{"wb_protected":true, "old":true, "long_lived":true, "marked":true}}
{"address":"0x7fcbb10b3220", "type":"STRING", "class":"0x7fcbb10e0ef0", "frozen":true, "embedded":true, "fstring":true, "bytesize":8, "value":"MacRoman", "encoding":"US-ASCII", "memsize":40, "flags":{"wb_protected":true, "old":true, "long_lived":true, "marked":true}}
{"address":"0x7fcbb10b3248", "type":"DATA", "class":"0x7fcbb10e1c10", "struct":"encoding", "memsize":40, "flags":{"long_lived":true, "marked":true}}
{"address":"0x7fcbb10b3270", "type":"STRING", "class":"0x7fcbb10e0ef0", "frozen":true, "embedded":true, "fstring":true, "bytesize":10, "value":"MACICELAND", "encoding":"US-ASCII", "memsize":40, "flags":{"wb_protected":true, "old":true, "long_lived":true, "marked":true}}
{"address":"0x7fcbb10b3298", "type":"STRING", "class":"0x7fcbb10e0ef0", "frozen":true, "embedded":true, "fstring":true, "bytesize":10, "value":"MacIceland", "encoding":"US-ASCII", "memsize":40, "flags":{"wb_protected":true, "old":true, "long_lived":true, "marked":true}}
{"address":"0x7fcbb10b32c0", "type":"DATA", "class":"0x7fcbb10e1c10", "struct":"encoding", "memsize":40, "flags":{"long_lived":true, "marked":true}}
{"address":"0x7fcbb10b32e8", "type":"STRING", "class":"0x7fcbb10e0ef0", "frozen":true, "embedded":true, "fstring":true, "bytesize":8, "value":"MACGREEK", "encoding":"US-ASCII", "memsize":40, "flags":{"wb_protected":true, "old":true, "long_lived":true, "marked":true}}
{"address":"0x7fcbb10b3310", "type":"STRING", "class":"0x7fcbb10e0ef0", "frozen":true, "embedded":true, "fstring":true, "bytesize":8, "value":"MacGreek", "encoding":"US-ASCII", "memsize":40, "flags":{"wb_protected":true, "old":true, "long_lived":true, "marked":true}}
{"address":"0x7fcbb10b3338", "type":"DATA", "class":"0x7fcbb10e1c10", "struct":"encoding", "memsize":40, "flags":{"long_lived":true, "marked":true}}
{"address":"0x7fcbb10b3360", "type":"STRING", "class":"0x7fcbb10e0ef0", "frozen":true, "embedded":true, "fstring":true, "bytesize":11, "value":"MACCYRILLIC", "encoding":"US-ASCII", "memsize":40, "flags":{"wb_protected":true, "old":true, "long_lived":true, "marked":true}}
{"address":"0x7fcbb10b3388", "type":"STRING", "class":"0x7fcbb10e0ef0", "frozen":true, "embedded":true, "fstring":true, "bytesize":11, "value":"MacCyrillic", "encoding":"US-ASCII", "memsize":40, "flags":{"wb_protected":true, "old":true, "long_lived":true, "marked":true}}
{"address":"0x7fcbb10b33b0", "type":"DATA", "class":"0x7fcbb10e1c10", "struct":"encoding", "memsize":40, "flags":{"long_lived":true, "marked":true}}
{"address":"0x7fcbb10b33d8", "type":"STRING", "class":"0x7fcbb10e0ef0", "frozen":true, "embedded":true, "fstring":true, "bytesize":11, "value":"MACCROATIAN", "encoding":"US-ASCII", "memsize":40, "flags":{"wb_protected":true, "old":true, "long_lived":true, "marked":true}}
{"address":"0x7fcbb10b3400", "type":"STRING", "class":"0x7fcbb10e0ef0", "frozen":true, "embedded":true, "fstring":true, "bytesize":11, "value":"MacCroatian", "encoding":"US-ASCII", "memsize":40, "flags":{"wb_protected":true, "old":true, "long_lived":true, "marked":true}}
{"address":"0x7fcbb10b3428", "type":"DATA", "class":"0x7fcbb10e1c10", "struct":"encoding", "memsize":40, "flags":{"long_lived":true, "marked":true}}
{"address":"0x7fcbb10b3450", "type":"STRING", "class":"0x7fcbb10e0ef0", "frozen":true, "embedded":true, "fstring":true, "bytesize":11, "value":"MACCENTEURO", "encoding":"US-ASCII", "memsize":40, "flags":{"wb_protected":true, "old":true, "long_lived":true, "marked":true}}
{"address":"0x7fcbb10b3478", "type":"STRING", "class":"0x7fcbb10e0ef0", "frozen":true, "embedded":true, "fstring":true, "bytesize":11, "value":"MacCentEuro", "encoding":"US-ASCII", "memsize":40, "flags":{"wb_protected":true, "old":true, "long_lived":true, "marked":true}}
{"address":"0x7fcbb10b34a0", "type":"DATA", "class":"0x7fcbb10e1c10", "struct":"encoding", "memsize":40, "flags":{"long_lived":true, "marked":true}}
{"address":"0x7fcbb10b34c8", "type":"STRING", "class":"0x7fcbb10e0ef0", "frozen":true, "embedded":true, "fstring":true, "bytesize":6, "value":"GB1988", "encoding":"US-ASCII", "memsize":40, "flags":{"wb_protected":true, "old":true, "long_lived":true, "marked":true}}
{"address":"0x7fcbb10b34f0", "type":"DATA", "class":"0x7fcbb10e1c10", "struct":"encoding", "memsize":40, "flags":{"long_lived":true, "marked":true}}
{"address":"0x7fcbb10b3518", "type":"STRING", "class":"0x7fcbb10e0ef0", "frozen":true, "embedded":true, "fstring":true, "bytesize":6, "value":"CP1258", "encoding":"US-ASCII", "memsize":40, "flags":{"wb_protected":true, "old":true, "long_lived":true, "marked":true}}
{"address":"0x7fcbb10b3540", "type":"STRING", "class":"0x7fcbb10e0ef0", "frozen":true, "embedded":true, "fstring":true, "bytesize":12, "value":"WINDOWS_1258", "encoding":"US-ASCII", "memsize":40, "flags":{"wb_protected":true, "old":true, "long_lived":true, "marked":true}}
{"address":"0x7fcbb10b3568", "type":"STRING", "class":"0x7fcbb10e0ef0", "frozen":true, "embedded":true, "fstring":true, "bytesize":12, "value":"Windows_1258", "encoding":"US-ASCII", "memsize":40, "flags":{"wb_protected":true, "old":true, "long_lived":true, "marked":true}}
{"address":"0x7fcbb10b3590", "type":"DATA", "class":"0x7fcbb10e1c10", "struct":"encoding", "memsize":40, "flags":{"long_lived":true, "marked":true}}
{"address":"0x7fcbb10b35b8", "type":"STRING", "class":"0x7fcbb10e0ef0", "frozen":true, "embedded":true, "fstring":true, "bytesize":5, "value":"CP869", "encoding":"US-ASCII", "memsize":40, "flags":{"wb_protected":true, "old":true, "long_lived":true, "marked":true}}
{"address":"0x7fcbb10b35e0", "type":"STRING", "class":"0x7fcbb10e0ef0", "frozen":true, "embedded":true, "fstring":true, "bytesize":6, "value":"IBM869", "encoding":"US-ASCII", "memsize":40, "flags":{"wb_protected":true, "old":true, "long_lived":true, "marked":true}}
{"address":"0x7fcbb10b3608", "type":"DATA", "class":"0x7fcbb10e1c10", "struct":"encoding", "memsize":40, "flags":{"long_lived":true, "marked":true}}
{"address":"0x7fcbb10b3630", "type":"STRING", "class":"0x7fcbb10e0ef0", "frozen":true, "embedded":true, "fstring":true, "bytesize":5, "value":"CP866", "encoding":"US-ASCII", "memsize":40, "flags":{"wb_protected":true, "old":true, "long_lived":true, "marked":true}}
{"address":"0x7fcbb10b3658", "type":"STRING", "class":"0x7fcbb10e0ef0", "frozen":true, "embedded":true, "fstring":true, "bytesize":6, "value":"IBM866", "encoding":"US-ASCII", "memsize":40, "flags":{"wb_protected":true, "old":true, "long_lived":true, "marked":true}}
{"address":"0x7fcbb10b3680", "type":"DATA", "class":"0x7fcbb10e1c10", "struct":"encoding", "memsize":40, "flags":{"long_lived":true, "marked":true}}
{"address":"0x7fcbb10b36a8", "type":"STRING", "class":"0x7fcbb10e0ef0", "frozen":true, "embedded":true, "fstring":true, "bytesize":5, "value":"CP865", "encoding":"US-ASCII", "memsize":40, "flags":{"wb_protected":true, "old":true, "long_lived":true, "marked":true}}
{"address":"0x7fcbb10b36d0", "type":"STRING", "class":"0x7fcbb10e0ef0", "frozen":true, "embedded":true, "fstring":true, "bytesize":6, "value":"IBM865", "encoding":"US-ASCII", "memsize":40, "flags":{"wb_protected":true, "old":true, "long_lived":true, "marked":true}}
{"address":"0x7fcbb10b36f8", "type":"DATA", "class":"0x7fcbb10e1c10", "struct":"encoding", "memsize":40, "flags":{"long_lived":true, "marked":true}}
{"address":"0x7fcbb10b3720", "type":"STRING", "class":"0x7fcbb10e0ef0", "frozen":true, "embedded":true, "fstring":true, "bytesize":5, "value":"CP864", "encoding":"US-ASCII", "memsize":40, "flags":{"wb_protected":true, "old":true, "long_lived":true, "marked":true}}
{"address":"0x7fcbb10b3748", "type":"STRING", "class":"0x7fcbb10e0ef0", "frozen":true, "embedded":true, "fstring":true, "bytesize":6, "value":"IBM864", "encoding":"US-ASCII", "memsize":40, "flags":{"wb_protected":true, "old":true, "long_lived":true, "marked":true}}
{"address":"0x7fcbb10b3770", "type":"DATA", "class":"0x7fcbb10e1c10", "struct":"encoding", "memsize":40, "flags":{"long_lived":true, "marked":true}}
{"address":"0x7fcbb10b3798", "type":"STRING", "class":"0x7fcbb10e0ef0", "frozen":true, "embedded":true, "fstring":true, "bytesize":5, "value":"CP863", "encoding":"US-ASCII", "memsize":40, "flags":{"wb_protected":true, "old":true, "long_lived":true, "marked":true}}
{"address":"0x7fcbb10b37c0", "type":"STRING", "class":"0x7fcbb10e0ef0", "frozen":true, "embedded":true, "fstring":true, "bytesize":6, "value":"IBM863", "encoding":"US-ASCII", "memsize":40, "flags":{"wb_protected":true, "old":true, "long_lived":true, "marked":true}}
{"address":"0x7fcbb10b37e8", "type":"DATA", "class":"0x7fcbb10e1c10", "struct":"encoding", "memsize":40, "flags":{"long_lived":true, "marked":true}}
{"address":"0x7fcbb10b3810", "type":"STRING", "class":"0x7fcbb10e0ef0", "frozen":true, "embedded":true, "fstring":true, "bytesize":5, "value":"CP862", "encoding":"US-ASCII", "memsize":40, "flags":{"wb_protected":true, "old":true, "long_lived":true, "marked":true}}
{"address":"0x7fcbb10b3838", "type":"STRING", "class":"0x7fcbb10e0ef0", "frozen":true, "embedded":true, "fstring":true, "bytesize":6, "value":"IBM862", "encoding":"US-ASCII", "memsize":40, "flags":{"wb_protected":true, "old":true, "long_lived":true, "marked":true}}
{"address":"0x7fcbb10b3860", "type":"DATA", "class":"0x7fcbb10e1c10", "struct":"encoding", "memsize":40, "flags":{"long_lived":true, "marked":true}}
{"address":"0x7fcbb10b3888", "type":"STRING", "class":"0x7fcbb10e0ef0", "frozen":true, "embedded":true, "fstring":true, "bytesize":5, "value":"CP861", "encoding":"US-ASCII", "memsize":40, "flags":{"wb_protected":true, "old":true, "long_lived":true, "marked":true}}
{"address":"0x7fcbb10b38b0", "type":"STRING", "class":"0x7fcbb10e0ef0", "frozen":true, "embedded":true, "fstring":true, "bytesize":6, "value":"IBM861", "encoding":"US-ASCII", "memsize":40, "flags":{"wb_protected":true, "old":true, "long_lived":true, "marked":true}}
{"address":"0x7fcbb10b38d8", "type":"DATA", "class":"0x7fcbb10e1c10", "struct":"encoding", "memsize":40, "flags":{"long_lived":true, "marked":true}}
{"address":"0x7fcbb10b3900", "type":"STRING", "class":"0x7fcbb10e0ef0", "frozen":true, "embedded":true, "fstring":true, "bytesize":5, "value":"CP860", "encoding":"US-ASCII", "memsize":40, "flags":{"wb_protected":true, "old":true, "long_lived":true, "marked":true}}
{"address":"0x7fcbb10b3928", "type":"STRING", "class":"0x7fcbb10e0ef0", "frozen":true, "embedded":true, "fstring":true, "bytesize":6, "value":"IBM860", "encoding":"US-ASCII", "memsize":40, "flags":{"wb_protected":true, "old":true, "long_lived":true, "marked":true}}
{"address":"0x7fcbb10b3950", "type":"DATA", "class":"0x7fcbb10e1c10", "struct":"encoding", "memsize":40, "flags":{"long_lived":true, "marked":true}}
{"address":"0x7fcbb10b3978", "type":"STRING", "class":"0x7fcbb10e0ef0", "frozen":true, "embedded":true, "fstring":true, "bytesize":5, "value":"CP857", "encoding":"US-ASCII", "memsize":40, "flags":{"wb_protected":true, "old":true, "long_lived":true, "marked":true}}
{"address":"0x7fcbb10b39a0", "type":"STRING", "class":"0x7fcbb10e0ef0", "frozen":true, "embedded":true, "fstring":true, "bytesize":6, "value":"IBM857", "encoding":"US-ASCII", "memsize":40, "flags":{"wb_protected":true, "old":true, "long_lived":true, "marked":true}}
{"address":"0x7fcbb10b39c8", "type":"DATA", "class":"0x7fcbb10e1c10", "struct":"encoding", "memsize":40, "flags":{"long_lived":true, "marked":true}}
{"address":"0x7fcbb10b39f0", "type":"STRING", "class":"0x7fcbb10e0ef0", "frozen":true, "embedded":true, "fstring":true, "bytesize":5, "value":"CP855", "encoding":"US-ASCII", "memsize":40, "flags":{"wb_protected":true, "old":true, "long_lived":true, "marked":true}}
{"address":"0x7fcbb10b3a18", "type":"DATA", "class":"0x7fcbb10e1c10", "struct":"encoding", "memsize":40, "flags":{"long_lived":true, "marked":true}}
{"address":"0x7fcbb10b3a40", "type":"STRING", "class":"0x7fcbb10e0ef0", "frozen":true, "embedded":true, "fstring":true, "bytesize":6, "value":"IBM855", "encoding":"US-ASCII", "memsize":40, "flags":{"wb_protected":true, "old":true, "long_lived":true, "marked":true}}
{"address":"0x7fcbb10b3a68", "type":"DATA", "class":"0x7fcbb10e1c10", "struct":"encoding", "memsize":40, "flags":{"long_lived":true, "marked":true}}
{"address":"0x7fcbb10b3a90", "type":"STRING", "class":"0x7fcbb10e0ef0", "frozen":true, "embedded":true, "fstring":true, "bytesize":5, "value":"CP852", "encoding":"US-ASCII", "memsize":40, "flags":{"wb_protected":true, "old":true, "long_lived":true, "marked":true}}
{"address":"0x7fcbb10b3ab8", "type":"DATA", "class":"0x7fcbb10e1c10", "struct":"encoding", "memsize":40, "flags":{"long_lived":true, "marked":true}}
{"address":"0x7fcbb10b3ae0", "type":"STRING", "class":"0x7fcbb10e0ef0", "frozen":true, "embedded":true, "fstring":true, "bytesize":6, "value":"IBM852", "encoding":"US-ASCII", "memsize":40, "flags":{"wb_protected":true, "old":true, "long_lived":true, "marked":true}}
{"address":"0x7fcbb10b3b08", "type":"DATA", "class":"0x7fcbb10e1c10", "struct":"encoding", "memsize":40, "flags":{"long_lived":true, "marked":true}}
{"address":"0x7fcbb10b3b30", "type":"STRING", "class":"0x7fcbb10e0ef0", "frozen":true, "embedded":true, "fstring":true, "bytesize":6, "value":"IBM850", "encoding":"US-ASCII", "memsize":40, "flags":{"wb_protected":true, "old":true, "long_lived":true, "marked":true}}
{"address":"0x7fcbb10b3b58", "type":"STRING", "class":"0x7fcbb10e0ef0", "frozen":true, "embedded":true, "fstring":true, "bytesize":5, "value":"CP850", "encoding":"US-ASCII", "memsize":40, "flags":{"wb_protected":true, "old":true, "long_lived":true, "marked":true}}
{"address":"0x7fcbb10b3b80", "type":"DATA", "class":"0x7fcbb10e1c10", "struct":"encoding", "memsize":40, "flags":{"long_lived":true, "marked":true}}
{"address":"0x7fcbb10b3ba8", "type":"STRING", "class":"0x7fcbb10e0ef0", "frozen":true, "embedded":true, "fstring":true, "bytesize":5, "value":"CP775", "encoding":"US-ASCII", "memsize":40, "flags":{"wb_protected":true, "old":true, "long_lived":true, "marked":true}}
{"address":"0x7fcbb10b3bd0", "type":"STRING", "class":"0x7fcbb10e0ef0", "frozen":true, "embedded":true, "fstring":true, "bytesize":6, "value":"IBM775", "encoding":"US-ASCII", "memsize":40, "flags":{"wb_protected":true, "old":true, "long_lived":true, "marked":true}}
{"address":"0x7fcbb10b3bf8", "type":"DATA", "class":"0x7fcbb10e1c10", "struct":"encoding", "memsize":40, "flags":{"long_lived":true, "marked":true}}
{"address":"0x7fcbb10b3c20", "type":"STRING", "class":"0x7fcbb10e0ef0", "frozen":true, "embedded":true, "fstring":true, "bytesize":5, "value":"CP737", "encoding":"US-ASCII", "memsize":40, "flags":{"wb_protected":true, "old":true, "long_lived":true, "marked":true}}
{"address":"0x7fcbb10b3c48", "type":"STRING", "class":"0x7fcbb10e0ef0", "frozen":true, "embedded":true, "fstring":true, "bytesize":6, "value":"IBM737", "encoding":"US-ASCII", "memsize":40, "flags":{"wb_protected":true, "old":true, "long_lived":true, "marked":true}}
{"address":"0x7fcbb10b3c70", "type":"DATA", "class":"0x7fcbb10e1c10", "struct":"encoding", "memsize":40, "flags":{"long_lived":true, "marked":true}}
{"address":"0x7fcbb10b3c98", "type":"STRING", "class":"0x7fcbb10e0ef0", "frozen":true, "embedded":true, "fstring":true, "bytesize":5, "value":"CP437", "encoding":"US-ASCII", "memsize":40, "flags":{"wb_protected":true, "old":true, "long_lived":true, "marked":true}}
{"address":"0x7fcbb10b3cc0", "type":"STRING", "class":"0x7fcbb10e0ef0", "frozen":true, "embedded":true, "fstring":true, "bytesize":6, "value":"IBM437", "encoding":"US-ASCII", "memsize":40, "flags":{"wb_protected":true, "old":true, "long_lived":true, "marked":true}}
{"address":"0x7fcbb10b3ce8", "type":"DATA", "class":"0x7fcbb10e1c10", "struct":"encoding", "memsize":40, "flags":{"long_lived":true, "marked":true}}
{"address":"0x7fcbb10b3d10", "type":"STRING", "class":"0x7fcbb10e0ef0", "frozen":true, "embedded":true, "fstring":true, "bytesize":12, "value":"WINDOWS_1251", "encoding":"US-ASCII", "memsize":40, "flags":{"wb_protected":true, "old":true, "long_lived":true, "marked":true}}
{"address":"0x7fcbb10b3d38", "type":"STRING", "class":"0x7fcbb10e0ef0", "frozen":true, "embedded":true, "fstring":true, "bytesize":12, "value":"Windows_1251", "encoding":"US-ASCII", "memsize":40, "flags":{"wb_protected":true, "old":true, "long_lived":true, "marked":true}}
{"address":"0x7fcbb10b3d60", "type":"DATA", "class":"0x7fcbb10e1c10", "struct":"encoding", "memsize":40, "flags":{"long_lived":true, "marked":true}}
{"address":"0x7fcbb10b3d88", "type":"STRING", "class":"0x7fcbb10e0ef0", "frozen":true, "embedded":true, "fstring":true, "bytesize":11, "value":"WINDOWS_31J", "encoding":"US-ASCII", "memsize":40, "flags":{"wb_protected":true, "old":true, "long_lived":true, "marked":true}}
{"address":"0x7fcbb10b3db0", "type":"STRING", "class":"0x7fcbb10e0ef0", "frozen":true, "embedded":true, "fstring":true, "bytesize":11, "value":"Windows_31J", "encoding":"US-ASCII", "memsize":40, "flags":{"wb_protected":true, "old":true, "long_lived":true, "marked":true}}
{"address":"0x7fcbb10b3dd8", "type":"STRING", "class":"0x7fcbb10e0ef0", "frozen":true, "embedded":true, "fstring":true, "bytesize":8, "value":"UTF_32LE", "encoding":"US-ASCII", "memsize":40, "flags":{"wb_protected":true, "old":true, "long_lived":true, "marked":true}}
{"address":"0x7fcbb10b3e00", "type":"STRING", "class":"0x7fcbb10e0ef0", "frozen":true, "embedded":true, "fstring":true, "bytesize":8, "value":"UTF_32BE", "encoding":"US-ASCII", "memsize":40, "flags":{"wb_protected":true, "old":true, "long_lived":true, "marked":true}}
{"address":"0x7fcbb10b3e28", "type":"STRING", "class":"0x7fcbb10e0ef0", "frozen":true, "embedded":true, "fstring":true, "bytesize":8, "value":"UTF_16LE", "encoding":"US-ASCII", "memsize":40, "flags":{"wb_protected":true, "old":true, "long_lived":true, "marked":true}}
{"address":"0x7fcbb10b3e50", "type":"STRING", "class":"0x7fcbb10e0ef0", "frozen":true, "embedded":true, "fstring":true, "bytesize":8, "value":"UTF_16BE", "encoding":"US-ASCII", "memsize":40, "flags":{"wb_protected":true, "old":true, "long_lived":true, "marked":true}}
{"address":"0x7fcbb10b3e78", "type":"STRING", "class":"0x7fcbb10e0ef0", "frozen":true, "embedded":true, "fstring":true, "bytesize":9, "value":"SHIFT_JIS", "encoding":"US-ASCII", "memsize":40, "flags":{"wb_protected":true, "old":true, "long_lived":true, "marked":true}}
{"address":"0x7fcbb10b3ea0", "type":"STRING", "class":"0x7fcbb10e0ef0", "frozen":true, "embedded":true, "fstring":true, "bytesize":9, "value":"Shift_JIS", "encoding":"US-ASCII", "memsize":40, "flags":{"wb_protected":true, "old":true, "long_lived":true, "marked":true}}
{"address":"0x7fcbb10b3ec8", "type":"DATA", "class":"0x7fcbb10e1c10", "struct":"encoding", "memsize":40, "flags":{"long_lived":true, "marked":true}}
{"address":"0x7fcbb10b3ef0", "type":"STRING", "class":"0x7fcbb10e0ef0", "frozen":true, "embedded":true, "fstring":true, "bytesize":6, "value":"KOI8_U", "encoding":"US-ASCII", "memsize":40, "flags":{"wb_protected":true, "old":true, "long_lived":true, "marked":true}}
{"address":"0x7fcbb10b3f18", "type":"DATA", "class":"0x7fcbb10e1c10", "struct":"encoding", "memsize":40, "flags":{"long_lived":true, "marked":true}}
{"address":"0x7fcbb10b3f40", "type":"STRING", "class":"0x7fcbb10e0ef0", "frozen":true, "embedded":true, "fstring":true, "bytesize":6, "value":"KOI8_R", "encoding":"US-ASCII", "memsize":40, "flags":{"wb_protected":true, "old":true, "long_lived":true, "marked":true}}
{"address":"0x7fcbb10b3f68", "type":"DATA", "class":"0x7fcbb10e1c10", "struct":"encoding", "memsize":40, "flags":{"long_lived":true, "marked":true}}
{"address":"0x7fcbb10b3f90", "type":"STRING", "class":"0x7fcbb10e0ef0", "frozen":true, "embedded":true, "fstring":true, "bytesize":11, "value":"ISO_8859_16", "encoding":"US-ASCII", "memsize":40, "flags":{"wb_protected":true, "old":true, "long_lived":true, "marked":true}}
{"address":"0x7fcbb10b8018", "type":"DATA", "class":"0x7fcbb10e1c10", "struct":"encoding", "memsize":40, "flags":{"long_lived":true, "marked":true}}
{"address":"0x7fcbb10b8040", "type":"STRING", "class":"0x7fcbb10e0ef0", "frozen":true, "embedded":true, "fstring":true, "bytesize":11, "value":"ISO_8859_15", "encoding":"US-ASCII", "memsize":40, "flags":{"wb_protected":true, "old":true, "long_lived":true, "marked":true}}
{"address":"0x7fcbb10b8068", "type":"DATA", "class":"0x7fcbb10e1c10", "struct":"encoding", "memsize":40, "flags":{"long_lived":true, "marked":true}}
{"address":"0x7fcbb10b8090", "type":"STRING", "class":"0x7fcbb10e0ef0", "frozen":true, "embedded":true, "fstring":true, "bytesize":11, "value":"ISO_8859_14", "encoding":"US-ASCII", "memsize":40, "flags":{"wb_protected":true, "old":true, "long_lived":true, "marked":true}}
{"address":"0x7fcbb10b80b8", "type":"DATA", "class":"0x7fcbb10e1c10", "struct":"encoding", "memsize":40, "flags":{"long_lived":true, "marked":true}}
{"address":"0x7fcbb10b80e0", "type":"STRING", "class":"0x7fcbb10e0ef0", "frozen":true, "embedded":true, "fstring":true, "bytesize":11, "value":"ISO_8859_13", "encoding":"US-ASCII", "memsize":40, "flags":{"wb_protected":true, "old":true, "long_lived":true, "marked":true}}
{"address":"0x7fcbb10b8108", "type":"DATA", "class":"0x7fcbb10e1c10", "struct":"encoding", "memsize":40, "flags":{"long_lived":true, "marked":true}}
{"address":"0x7fcbb10b8130", "type":"STRING", "class":"0x7fcbb10e0ef0", "frozen":true, "embedded":true, "fstring":true, "bytesize":11, "value":"ISO_8859_11", "encoding":"US-ASCII", "memsize":40, "flags":{"wb_protected":true, "old":true, "long_lived":true, "marked":true}}
{"address":"0x7fcbb10b8158", "type":"DATA", "class":"0x7fcbb10e1c10", "struct":"encoding", "memsize":40, "flags":{"long_lived":true, "marked":true}}
{"address":"0x7fcbb10b8180", "type":"STRING", "class":"0x7fcbb10e0ef0", "frozen":true, "embedded":true, "fstring":true, "bytesize":11, "value":"ISO_8859_10", "encoding":"US-ASCII", "memsize":40, "flags":{"wb_protected":true, "old":true, "long_lived":true, "marked":true}}
{"address":"0x7fcbb10b81a8", "type":"DATA", "class":"0x7fcbb10e1c10", "struct":"encoding", "memsize":40, "flags":{"long_lived":true, "marked":true}}
{"address":"0x7fcbb10b81d0", "type":"STRING", "class":"0x7fcbb10e0ef0", "frozen":true, "embedded":true, "fstring":true, "bytesize":10, "value":"ISO_8859_9", "encoding":"US-ASCII", "memsize":40, "flags":{"wb_protected":true, "old":true, "long_lived":true, "marked":true}}
{"address":"0x7fcbb10b81f8", "type":"DATA", "class":"0x7fcbb10e1c10", "struct":"encoding", "memsize":40, "flags":{"long_lived":true, "marked":true}}
{"address":"0x7fcbb10b8220", "type":"STRING", "class":"0x7fcbb10e0ef0", "frozen":true, "embedded":true, "fstring":true, "bytesize":10, "value":"ISO_8859_8", "encoding":"US-ASCII", "memsize":40, "flags":{"wb_protected":true, "old":true, "long_lived":true, "marked":true}}
{"address":"0x7fcbb10b8248", "type":"DATA", "class":"0x7fcbb10e1c10", "struct":"encoding", "memsize":40, "flags":{"long_lived":true, "marked":true}}
{"address":"0x7fcbb10b8270", "type":"STRING", "class":"0x7fcbb10e0ef0", "frozen":true, "embedded":true, "fstring":true, "bytesize":10, "value":"ISO_8859_7", "encoding":"US-ASCII", "memsize":40, "flags":{"wb_protected":true, "old":true, "long_lived":true, "marked":true}}
{"address":"0x7fcbb10b8298", "type":"DATA", "class":"0x7fcbb10e1c10", "struct":"encoding", "memsize":40, "flags":{"long_lived":true, "marked":true}}
{"address":"0x7fcbb10b82c0", "type":"STRING", "class":"0x7fcbb10e0ef0", "frozen":true, "embedded":true, "fstring":true, "bytesize":10, "value":"ISO_8859_6", "encoding":"US-ASCII", "memsize":40, "flags":{"wb_protected":true, "old":true, "long_lived":true, "marked":true}}
{"address":"0x7fcbb10b82e8", "type":"DATA", "class":"0x7fcbb10e1c10", "struct":"encoding", "memsize":40, "flags":{"long_lived":true, "marked":true}}
{"address":"0x7fcbb10b8310", "type":"STRING", "class":"0x7fcbb10e0ef0", "frozen":true, "embedded":true, "fstring":true, "bytesize":10, "value":"ISO_8859_5", "encoding":"US-ASCII", "memsize":40, "flags":{"wb_protected":true, "old":true, "long_lived":true, "marked":true}}
{"address":"0x7fcbb10b8338", "type":"DATA", "class":"0x7fcbb10e1c10", "struct":"encoding", "memsize":40, "flags":{"long_lived":true, "marked":true}}
{"address":"0x7fcbb10b8360", "type":"STRING", "class":"0x7fcbb10e0ef0", "frozen":true, "embedded":true, "fstring":true, "bytesize":10, "value":"ISO_8859_4", "encoding":"US-ASCII", "memsize":40, "flags":{"wb_protected":true, "old":true, "long_lived":true, "marked":true}}
{"address":"0x7fcbb10b8388", "type":"DATA", "class":"0x7fcbb10e1c10", "struct":"encoding", "memsize":40, "flags":{"long_lived":true, "marked":true}}
{"address":"0x7fcbb10b83b0", "type":"STRING", "class":"0x7fcbb10e0ef0", "frozen":true, "embedded":true, "fstring":true, "bytesize":10, "value":"ISO_8859_3", "encoding":"US-ASCII", "memsize":40, "flags":{"wb_protected":true, "old":true, "long_lived":true, "marked":true}}
{"address":"0x7fcbb10b83d8", "type":"DATA", "class":"0x7fcbb10e1c10", "struct":"encoding", "memsize":40, "flags":{"long_lived":true, "marked":true}}
{"address":"0x7fcbb10b8400", "type":"STRING", "class":"0x7fcbb10e0ef0", "frozen":true, "embedded":true, "fstring":true, "bytesize":10, "value":"ISO_8859_2", "encoding":"US-ASCII", "memsize":40, "flags":{"wb_protected":true, "old":true, "long_lived":true, "marked":true}}
{"address":"0x7fcbb10b8428", "type":"DATA", "class":"0x7fcbb10e1c10", "struct":"encoding", "memsize":40, "flags":{"long_lived":true, "marked":true}}
{"address":"0x7fcbb10b8450", "type":"STRING", "class":"0x7fcbb10e0ef0", "frozen":true, "embedded":true, "fstring":true, "bytesize":10, "value":"ISO_8859_1", "encoding":"US-ASCII", "memsize":40, "flags":{"wb_protected":true, "old":true, "long_lived":true, "marked":true}}
{"address":"0x7fcbb10b8478", "type":"DATA", "class":"0x7fcbb10e1c10", "struct":"encoding", "memsize":40, "flags":{"long_lived":true, "marked":true}}
{"address":"0x7fcbb10b84a0", "type":"STRING", "class":"0x7fcbb10e0ef0", "frozen":true, "embedded":true, "fstring":true, "bytesize":3, "value":"GBK", "encoding":"US-ASCII", "memsize":40, "flags":{"wb_protected":true, "old":true, "long_lived":true, "marked":true}}
{"address":"0x7fcbb10b84c8", "type":"DATA", "class":"0x7fcbb10e1c10", "struct":"encoding", "memsize":40, "flags":{"long_lived":true, "marked":true}}
{"address":"0x7fcbb10b84f0", "type":"STRING", "class":"0x7fcbb10e0ef0", "frozen":true, "embedded":true, "fstring":true, "bytesize":7, "value":"GB18030", "encoding":"US-ASCII", "memsize":40, "flags":{"wb_protected":true, "old":true, "long_lived":true, "marked":true}}
{"address":"0x7fcbb10b8518", "type":"DATA", "class":"0x7fcbb10e1c10", "struct":"encoding", "memsize":40, "flags":{"long_lived":true, "marked":true}}
{"address":"0x7fcbb10b8540", "type":"STRING", "class":"0x7fcbb10e0ef0", "frozen":true, "embedded":true, "fstring":true, "bytesize":6, "value":"GB2312", "encoding":"US-ASCII", "memsize":40, "flags":{"wb_protected":true, "old":true, "long_lived":true, "marked":true}}
{"address":"0x7fcbb10b8568", "type":"DATA", "class":"0x7fcbb10e1c10", "struct":"encoding", "memsize":40, "flags":{"long_lived":true, "marked":true}}
{"address":"0x7fcbb10b8590", "type":"STRING", "class":"0x7fcbb10e0ef0", "frozen":true, "embedded":true, "fstring":true, "bytesize":6, "value":"EUC_TW", "encoding":"US-ASCII", "memsize":40, "flags":{"wb_protected":true, "old":true, "long_lived":true, "marked":true}}
{"address":"0x7fcbb10b85b8", "type":"DATA", "class":"0x7fcbb10e1c10", "struct":"encoding", "memsize":40, "flags":{"long_lived":true, "marked":true}}
{"address":"0x7fcbb10b85e0", "type":"STRING", "class":"0x7fcbb10e0ef0", "frozen":true, "embedded":true, "fstring":true, "bytesize":6, "value":"EUC_KR", "encoding":"US-ASCII", "memsize":40, "flags":{"wb_protected":true, "old":true, "long_lived":true, "marked":true}}
{"address":"0x7fcbb10b8608", "type":"DATA", "class":"0x7fcbb10e1c10", "struct":"encoding", "memsize":40, "flags":{"long_lived":true, "marked":true}}
{"address":"0x7fcbb10b8630", "type":"STRING", "class":"0x7fcbb10e0ef0", "frozen":true, "embedded":true, "fstring":true, "bytesize":6, "value":"EUC_JP", "encoding":"US-ASCII", "memsize":40, "flags":{"wb_protected":true, "old":true, "long_lived":true, "marked":true}}
{"address":"0x7fcbb10b8658", "type":"STRING", "class":"0x7fcbb10e0ef0", "frozen":true, "embedded":true, "fstring":true, "bytesize":10, "value":"EMACS_MULE", "encoding":"US-ASCII", "memsize":40, "flags":{"wb_protected":true, "old":true, "long_lived":true, "marked":true}}
{"address":"0x7fcbb10b8680", "type":"STRING", "class":"0x7fcbb10e0ef0", "frozen":true, "embedded":true, "fstring":true, "bytesize":10, "value":"Emacs_Mule", "encoding":"US-ASCII", "memsize":40, "flags":{"wb_protected":true, "old":true, "long_lived":true, "marked":true}}
{"address":"0x7fcbb10b86a8", "type":"DATA", "class":"0x7fcbb10e1c10", "struct":"encoding", "memsize":40, "flags":{"long_lived":true, "marked":true}}
{"address":"0x7fcbb10b86d0", "type":"STRING", "class":"0x7fcbb10e0ef0", "frozen":true, "embedded":true, "fstring":true, "bytesize":5, "value":"CP949", "encoding":"US-ASCII", "memsize":40, "flags":{"wb_protected":true, "old":true, "long_lived":true, "marked":true}}
{"address":"0x7fcbb10b86f8", "type":"DATA", "class":"0x7fcbb10e1c10", "struct":"encoding", "memsize":40, "flags":{"long_lived":true, "marked":true}}
{"address":"0x7fcbb10b8720", "type":"STRING", "class":"0x7fcbb10e0ef0", "frozen":true, "embedded":true, "fstring":true, "bytesize":8, "value":"BIG5_UAO", "encoding":"US-ASCII", "memsize":40, "flags":{"wb_protected":true, "old":true, "long_lived":true, "marked":true}}
{"address":"0x7fcbb10b8748", "type":"STRING", "class":"0x7fcbb10e0ef0", "frozen":true, "embedded":true, "fstring":true, "bytesize":8, "value":"Big5_UAO", "encoding":"US-ASCII", "memsize":40, "flags":{"wb_protected":true, "old":true, "long_lived":true, "marked":true}}
{"address":"0x7fcbb10b8770", "type":"DATA", "class":"0x7fcbb10e1c10", "struct":"encoding", "memsize":40, "flags":{"long_lived":true, "marked":true}}
{"address":"0x7fcbb10b8798", "type":"STRING", "class":"0x7fcbb10e0ef0", "frozen":true, "embedded":true, "fstring":true, "bytesize":10, "value":"BIG5_HKSCS", "encoding":"US-ASCII", "memsize":40, "flags":{"wb_protected":true, "old":true, "long_lived":true, "marked":true}}
{"address":"0x7fcbb10b87c0", "type":"STRING", "class":"0x7fcbb10e0ef0", "frozen":true, "embedded":true, "fstring":true, "bytesize":10, "value":"Big5_HKSCS", "encoding":"US-ASCII", "memsize":40, "flags":{"wb_protected":true, "old":true, "long_lived":true, "marked":true}}
{"address":"0x7fcbb10b87e8", "type":"DATA", "class":"0x7fcbb10e1c10", "struct":"encoding", "memsize":40, "flags":{"long_lived":true, "marked":true}}
{"address":"0x7fcbb10b8810", "type":"STRING", "class":"0x7fcbb10e0ef0", "frozen":true, "embedded":true, "fstring":true, "bytesize":4, "value":"BIG5", "encoding":"US-ASCII", "memsize":40, "flags":{"wb_protected":true, "old":true, "long_lived":true, "marked":true}}
{"address":"0x7fcbb10b8838", "type":"STRING", "class":"0x7fcbb10e0ef0", "frozen":true, "embedded":true, "fstring":true, "bytesize":4, "value":"Big5", "encoding":"US-ASCII", "memsize":40, "flags":{"wb_protected":true, "old":true, "long_lived":true, "marked":true}}
{"address":"0x7fcbb10b8860", "type":"DATA", "class":"0x7fcbb10e1c10", "struct":"encoding", "memsize":40, "flags":{"long_lived":true, "marked":true}}
{"address":"0x7fcbb10b8888", "type":"STRING", "class":"0x7fcbb10e0ef0", "frozen":true, "embedded":true, "fstring":true, "bytesize":8, "value":"US_ASCII", "encoding":"US-ASCII", "memsize":40, "flags":{"wb_protected":true, "old":true, "long_lived":true, "marked":true}}
{"address":"0x7fcbb10b88b0", "type":"STRING", "class":"0x7fcbb10e0ef0", "frozen":true, "embedded":true, "fstring":true, "bytesize":5, "value":"UTF_8", "encoding":"US-ASCII", "memsize":40, "flags":{"wb_protected":true, "old":true, "long_lived":true, "marked":true}}
{"address":"0x7fcbb10b88d8", "type":"STRING", "class":"0x7fcbb10e0ef0", "frozen":true, "embedded":true, "fstring":true, "bytesize":10, "value":"ASCII_8BIT", "encoding":"US-ASCII", "memsize":40, "flags":{"wb_protected":true, "old":true, "long_lived":true, "marked":true}}
{"address":"0x7fcbb10b8900", "type":"DATA", "class":"0x7fcbb10c0100", "struct":"iseq", "references":["0x7fcbb183bf38", "0x7fcbb1861170", "0x7fcbb1861170", "0x7fcbb1840970", "0x7fcbb1840970", "0x7fcbb183abb0", "0x7fcbb1906530"], "memsize":2104, "flags":{"wb_protected":true, "old":true, "long_lived":true, "marked":true}}
{"address":"0x7fcbb10b8950", "type":"ARRAY", "length":1, "embedded":true, "references":["0x7fcbb10b8a18"], "memsize":40, "flags":{"wb_protected":true, "old":true, "long_lived":true, "marked":true}}
{"address":"0x7fcbb10b8a18", "type":"DATA", "class":"0x7fcbb10c0100", "struct":"iseq", "references":["0x7fcbb10b8a40", "0x7fcbb1053730", "0x7fcbb1840970", "0x7fcbb1840970", "0x7fcbb10b8c98"], "memsize":688, "flags":{"wb_protected":true, "old":true, "long_lived":true, "marked":true}}
{"address":"0x7fcbb10b8a40", "type":"STRING", "class":"0x7fcbb10e0ef0", "frozen":true, "embedded":true, "fstring":true, "bytesize":22, "value":"block in load_defaults", "memsize":40, "flags":{"wb_protected":true, "old":true, "long_lived":true, "marked":true}}
{"address":"0x7fcbb10b8a68", "type":"STRING", "class":"0x7fcbb10e0ef0", "frozen":true, "fstring":true, "bytesize":82, "capacity":154, "value":"/Users/path/.rvm/rubies/ruby-2.2.3/lib/ruby/2.2.0/x86_64-darwin14/enc/encdb.bundle", "encoding":"US-ASCII", "memsize":195, "flags":{"wb_protected":true, "old":true, "long_lived":true, "marked":true}}
{"address":"0x7fcbb10b8a90", "type":"ARRAY", "frozen":true, "length":20, "references":["0x7fcbb10b1100", "0x7fcbb10b10d8", "0x7fcbb10b10b0", "0x7fcbb10b1088", "0x7fcbb10b1060", "0x7fcbb10b1038", "0x7fcbb10b1010", "0x7fcbb10b0fe8"], "memsize":56, "flags":{"wb_protected":true, "old":true, "long_lived":true, "marked":true}}
{"address":"0x7fcbb10b8ab8", "type":"STRING", "class":"0x7fcbb10e0ef0", "frozen":true, "bytesize":65, "value":"/Users/path/.rvm/rubies/ruby-2.2.3/lib/ruby/2.2.0/x86_64-darwin14", "encoding":"US-ASCII", "memsize":106, "flags":{"wb_protected":true, "old":true, "long_lived":true, "marked":true}}
{"address":"0x7fcbb10b8ae0", "type":"STRING", "class":"0x7fcbb10e0ef0", "frozen":true, "bytesize":49, "value":"/Users/path/.rvm/rubies/ruby-2.2.3/lib/ruby/2.2.0", "encoding":"US-ASCII", "memsize":90, "flags":{"wb_protected":true, "old":true, "long_lived":true, "marked":true}}
{"address":"0x7fcbb10b8b08", "type":"STRING", "class":"0x7fcbb10e0ef0", "frozen":true, "bytesize":55, "value":"/Users/path/.rvm/rubies/ruby-2.2.3/lib/ruby/vendor_ruby", "encoding":"US-ASCII", "memsize":96, "flags":{"wb_protected":true, "old":true, "long_lived":true, "marked":true}}
{"address":"0x7fcbb10b8b30", "type":"STRING", "class":"0x7fcbb10e0ef0", "frozen":true, "bytesize":77, "value":"/Users/path/.rvm/rubies/ruby-2.2.3/lib/ruby/vendor_ruby/2.2.0/x86_64-darwin14", "encoding":"US-ASCII", "memsize":118, "flags":{"wb_protected":true, "old":true, "long_lived":true, "marked":true}}
{"address":"0x7fcbb10b8b58", "type":"STRING", "class":"0x7fcbb10e0ef0", "frozen":true, "bytesize":61, "value":"/Users/path/.rvm/rubies/ruby-2.2.3/lib/ruby/vendor_ruby/2.2.0", "encoding":"US-ASCII", "memsize":102, "flags":{"wb_protected":true, "old":true, "long_lived":true, "marked":true}}
{"address":"0x7fcbb10b8b80", "type":"STRING", "class":"0x7fcbb10e0ef0", "frozen":true, "bytesize":53, "value":"/Users/path/.rvm/rubies/ruby-2.2.3/lib/ruby/site_ruby", "encoding":"US-ASCII", "memsize":94, "flags":{"wb_protected":true, "old":true, "long_lived":true, "marked":true}}
{"address":"0x7fcbb10b8ba8", "type":"STRING", "class":"0x7fcbb10e0ef0", "frozen":true, "bytesize":75, "value":"/Users/path/.rvm/rubies/ruby-2.2.3/lib/ruby/site_ruby/2.2.0/x86_64-darwin14", "encoding":"US-ASCII", "memsize":116, "flags":{"wb_protected":true, "old":true, "long_lived":true, "marked":true}}
{"address":"0x7fcbb10b8bd0", "type":"STRING", "class":"0x7fcbb10e0ef0", "frozen":true, "bytesize":59, "value":"/Users/path/.rvm/rubies/ruby-2.2.3/lib/ruby/site_ruby/2.2.0", "encoding":"US-ASCII", "memsize":100, "flags":{"wb_protected":true, "old":true, "long_lived":true, "marked":true}}
{"address":"0x7fcbb10b8bf8", "type":"ARRAY", "frozen":true, "length":8, "references":["0x7fcbb10b8bd0", "0x7fcbb10b8ba8", "0x7fcbb10b8b80", "0x7fcbb10b8b58", "0x7fcbb10b8b30", "0x7fcbb10b8b08", "0x7fcbb10b8ae0", "0x7fcbb10b8ab8"], "memsize":104, "flags":{"wb_protected":true, "old":true, "long_lived":true, "marked":true}}
{"address":"0x7fcbb10b8c98", "type":"NODE", "frozen":true, "node_type":"NODE_CREF", "references":["0x7fcbb1906558", "0x7fcbb2022558"], "memsize":40, "flags":{"wb_protected":true, "old":true, "long_lived":true, "marked":true}}
{"address":"0x7fcbb10b8cc0", "type":"DATA", "class":"0x7fcbb10c0100", "struct":"iseq", "references":["0x7fcbb10b8950", "0x7fcbb1053730", "0x7fcbb1053730", "0x7fcbb1840970", "0x7fcbb1840970", "0x7fcbb10b8c98", "0x7fcbb1906530"], "memsize":712, "flags":{"wb_protected":true, "old":true, "long_lived":true, "marked":true}}
{"address":"0x7fcbb10b8d38", "type":"STRING", "class":"0x7fcbb10e0ef0", "frozen":true, "embedded":true, "fstring":true, "bytesize":15, "value":"TMP_RUBY_PREFIX", "encoding":"US-ASCII", "memsize":40, "flags":{"wb_protected":true, "old":true, "long_lived":true, "marked":true}}
{"address":"0x7fcbb10b8d60", "type":"STRING", "class":"0x7fcbb10e0ef0", "frozen":true, "bytesize":65, "value":"/Users/path/.rvm/rubies/ruby-2.2.3/lib/ruby/2.2.0/x86_64-darwin14", "references":["0x7fcbb10b8d60"], "memsize":298, "flags":{"wb_protected":true, "old":true, "long_lived":true, "marked":true}}
{"address":"0x7fcbb10b8d88", "type":"STRING", "class":"0x7fcbb10e0ef0", "frozen":true, "bytesize":49, "value":"/Users/path/.rvm/rubies/ruby-2.2.3/lib/ruby/2.2.0", "references":["0x7fcbb10b8d88"], "memsize":282, "flags":{"wb_protected":true, "old":true, "long_lived":true, "marked":true}}
{"address":"0x7fcbb10b8db0", "type":"STRING", "class":"0x7fcbb10e0ef0", "frozen":true, "bytesize":55, "value":"/Users/path/.rvm/rubies/ruby-2.2.3/lib/ruby/vendor_ruby", "references":["0x7fcbb10b8db0"], "memsize":288, "flags":{"wb_protected":true, "old":true, "long_lived":true, "marked":true}}
{"address":"0x7fcbb10b8dd8", "type":"STRING", "class":"0x7fcbb10e0ef0", "frozen":true, "bytesize":77, "value":"/Users/path/.rvm/rubies/ruby-2.2.3/lib/ruby/vendor_ruby/2.2.0/x86_64-darwin14", "references":["0x7fcbb10b8dd8"], "memsize":310, "flags":{"wb_protected":true, "old":true, "long_lived":true, "marked":true}}
{"address":"0x7fcbb10b8e00", "type":"STRING", "class":"0x7fcbb10e0ef0", "frozen":true, "bytesize":61, "value":"/Users/path/.rvm/rubies/ruby-2.2.3/lib/ruby/vendor_ruby/2.2.0", "references":["0x7fcbb10b8e00"], "memsize":294, "flags":{"wb_protected":true, "old":true, "long_lived":true, "marked":true}}
{"address":"0x7fcbb10b8e28", "type":"STRING", "class":"0x7fcbb10e0ef0", "frozen":true, "bytesize":53, "value":"/Users/path/.rvm/rubies/ruby-2.2.3/lib/ruby/site_ruby", "references":["0x7fcbb10b8e28"], "memsize":286, "flags":{"wb_protected":true, "old":true, "long_lived":true, "marked":true}}
{"address":"0x7fcbb10b8e50", "type":"STRING", "class":"0x7fcbb10e0ef0", "frozen":true, "bytesize":75, "value":"/Users/path/.rvm/rubies/ruby-2.2.3/lib/ruby/site_ruby/2.2.0/x86_64-darwin14", "references":["0x7fcbb10b8e50"], "memsize":308, "flags":{"wb_protected":true, "old":true, "long_lived":true, "marked":true}}
{"address":"0x7fcbb10b8e78", "type":"STRING", "class":"0x7fcbb10e0ef0", "frozen":true, "bytesize":59, "value":"/Users/path/.rvm/rubies/ruby-2.2.3/lib/ruby/site_ruby/2.2.0", "references":["0x7fcbb10b8e78"], "memsize":292, "flags":{"wb_protected":true, "old":true, "long_lived":true, "marked":true}}
{"address":"0x7fcbb10b8ea0", "type":"STRING", "class":"0x7fcbb10e0ef0", "frozen":true, "embedded":true, "fstring":true, "bytesize":18, "value":"@gem_prelude_index", "encoding":"US-ASCII", "memsize":40, "flags":{"wb_protected":true, "old":true, "long_lived":true, "marked":true}}
{"address":"0x7fcbb10b8ec8", "type":"STRING", "class":"0x7fcbb10e0ef0", "frozen":true, "embedded":true, "fstring":true, "bytesize":11, "value":"objspqce.rb", "encoding":"UTF-8", "memsize":40, "flags":{"wb_protected":true, "old":true, "long_lived":true, "marked":true}}
{"address":"0x7fcbb10b8ef0", "type":"STRING", "class":"0x7fcbb10e0ef0", "frozen":true, "embedded":true, "bytesize":4, "value":"ruby", "memsize":40, "flags":{"wb_protected":true, "old":true, "long_lived":true, "marked":true}}
{"address":"0x7fcbb10b8f18", "type":"STRING", "class":"0x7fcbb10e0ef0", "frozen":true, "embedded":true, "bytesize":4, "value":"ruby", "encoding":"UTF-8", "memsize":40, "flags":{"wb_protected":true, "old":true, "long_lived":true, "marked":true}}
{"address":"0x7fcbb10b8f40", "type":"STRING", "class":"0x7fcbb10e0ef0", "frozen":true, "embedded":true, "fstring":true, "bytesize":4, "value":"ARGV", "encoding":"US-ASCII", "memsize":40, "flags":{"wb_protected":true, "old":true, "long_lived":true, "marked":true}}
{"address":"0x7fcbb10b8f68", "type":"STRING", "class":"0x7fcbb10e0ef0", "frozen":true, "embedded":true, "fstring":true, "bytesize":12, "value":"setproctitle", "encoding":"US-ASCII", "memsize":40, "flags":{"wb_protected":true, "old":true, "long_lived":true, "marked":true}}
{"address":"0x7fcbb10b8f90", "type":"STRING", "class":"0x7fcbb10e0ef0", "frozen":true, "embedded":true, "fstring":true, "bytesize":5, "value":"argv0", "encoding":"US-ASCII", "memsize":40, "flags":{"wb_protected":true, "old":true, "long_lived":true, "marked":true}}
{"address":"0x7fcbb10b8fb8", "type":"STRING", "class":"0x7fcbb10e0ef0", "frozen":true, "embedded":true, "fstring":true, "bytesize":13, "value":"$PROGRAM_NAME", "encoding":"US-ASCII", "memsize":40, "flags":{"wb_protected":true, "old":true, "long_lived":true, "marked":true}}
{"address":"0x7fcbb10b8fe0", "type":"STRING", "class":"0x7fcbb10e0ef0", "frozen":true, "embedded":true, "fstring":true, "bytesize":2, "value":"$0", "encoding":"US-ASCII", "memsize":40, "flags":{"wb_protected":true, "old":true, "long_lived":true, "marked":true}}
{"address":"0x7fcbb10b9008", "type":"STRING", "class":"0x7fcbb10e0ef0", "frozen":true, "embedded":true, "fstring":true, "bytesize":3, "value":"$-d", "encoding":"US-ASCII", "memsize":40, "flags":{"wb_protected":true, "old":true, "long_lived":true, "marked":true}}
{"address":"0x7fcbb10b9030", "type":"STRING", "class":"0x7fcbb10e0ef0", "frozen":true, "embedded":true, "fstring":true, "bytesize":6, "value":"$DEBUG", "encoding":"US-ASCII", "memsize":40, "flags":{"wb_protected":true, "old":true, "long_lived":true, "marked":true}}
{"address":"0x7fcbb10b9058", "type":"STRING", "class":"0x7fcbb10e0ef0", "frozen":true, "embedded":true, "fstring":true, "bytesize":3, "value":"$-W", "encoding":"US-ASCII", "memsize":40, "flags":{"wb_protected":true, "old":true, "long_lived":true, "marked":true}}
{"address":"0x7fcbb10b9080", "type":"STRING", "class":"0x7fcbb10e0ef0", "frozen":true, "embedded":true, "fstring":true, "bytesize":3, "value":"$-w", "encoding":"US-ASCII", "memsize":40, "flags":{"wb_protected":true, "old":true, "long_lived":true, "marked":true}}
{"address":"0x7fcbb10b90a8", "type":"STRING", "class":"0x7fcbb10e0ef0", "frozen":true, "embedded":true, "fstring":true, "bytesize":3, "value":"$-v", "encoding":"US-ASCII", "memsize":40, "flags":{"wb_protected":true, "old":true, "long_lived":true, "marked":true}}
{"address":"0x7fcbb10b90d0", "type":"STRING", "class":"0x7fcbb10e0ef0", "frozen":true, "embedded":true, "fstring":true, "bytesize":8, "value":"$VERBOSE", "encoding":"US-ASCII", "memsize":40, "flags":{"wb_protected":true, "old":true, "long_lived":true, "marked":true}}
{"address":"0x7fcbb10b90f8", "type":"STRING", "class":"0x7fcbb10e0ef0", "frozen":true, "embedded":true, "fstring":true, "bytesize":16, "value":"raised_exception", "encoding":"US-ASCII", "memsize":40, "flags":{"wb_protected":true, "old":true, "long_lived":true, "marked":true}}
{"address":"0x7fcbb10b9120", "type":"STRING", "class":"0x7fcbb10e0ef0", "frozen":true, "embedded":true, "fstring":true, "bytesize":12, "value":"return_value", "encoding":"US-ASCII", "memsize":40, "flags":{"wb_protected":true, "old":true, "long_lived":true, "marked":true}}
{"address":"0x7fcbb10b9148", "type":"STRING", "class":"0x7fcbb10e0ef0", "frozen":true, "embedded":true, "fstring":true, "bytesize":4, "value":"self", "encoding":"US-ASCII", "memsize":40, "flags":{"wb_protected":true, "old":true, "long_lived":true, "marked":true}}
{"address":"0x7fcbb10b9170", "type":"STRING", "class":"0x7fcbb10e0ef0", "frozen":true, "embedded":true, "fstring":true, "bytesize":13, "value":"defined_class", "encoding":"US-ASCII", "memsize":40, "flags":{"wb_protected":true, "old":true, "long_lived":true, "marked":true}}
{"address":"0x7fcbb10b9198", "type":"STRING", "class":"0x7fcbb10e0ef0", "frozen":true, "embedded":true, "fstring":true, "bytesize":9, "value":"method_id", "encoding":"US-ASCII", "memsize":40, "flags":{"wb_protected":true, "old":true, "long_lived":true, "marked":true}}
{"address":"0x7fcbb10b91c0", "type":"STRING", "class":"0x7fcbb10e0ef0", "frozen":true, "embedded":true, "fstring":true, "bytesize":5, "value":"event", "encoding":"US-ASCII", "memsize":40, "flags":{"wb_protected":true, "old":true, "long_lived":true, "marked":true}}
{"address":"0x7fcbb10b91e8", "type":"STRING", "class":"0x7fcbb10e0ef0", "frozen":true, "embedded":true, "fstring":true, "bytesize":5, "value":"trace", "encoding":"US-ASCII", "memsize":40, "flags":{"wb_protected":true, "old":true, "long_lived":true, "marked":true}}
{"address":"0x7fcbb10b9210", "type":"CLASS", "class":"0x7fcbb10e2430", "name":"Class", "references":["0x7fcbb10b9210", "0x7fcbb10b9210", "0x7fcbb10b9210", "0x7fcbb10b9238", "0x7fcbb10e23e0"], "memsize":712, "flags":{"wb_protected":true, "old":true, "long_lived":true, "marked":true}}
{"address":"0x7fcbb10b9238", "type":"CLASS", "class":"0x7fcbb10b9210", "name":"TracePoint", "references":["0x7fcbb10b9238", "0x7fcbb10b9238", "0x7fcbb10b9238", "0x7fcbb10b9238", "0x7fcbb10b9238", "0x7fcbb10b9238", "0x7fcbb10b9238", "0x7fcbb10b9238", "0x7fcbb10b9238", "0x7fcbb10b9238", "0x7fcbb10b9238", "0x7fcbb10b9238", "0x7fcbb10b9238", "0x7fcbb10b9260", "0x7fcbb10e2c78"], "memsize":1320, "flags":{"wb_protected":true, "old":true, "long_lived":true, "marked":true}}
{"address":"0x7fcbb10b9260", "type":"STRING", "class":"0x7fcbb10e0ef0", "frozen":true, "embedded":true, "fstring":true, "bytesize":10, "value":"TracePoint", "encoding":"US-ASCII", "memsize":40, "flags":{"wb_protected":true, "old":true, "long_lived":true, "marked":true}}
{"address":"0x7fcbb10b9288", "type":"STRING", "class":"0x7fcbb10e0ef0", "frozen":true, "embedded":true, "fstring":true, "bytesize":14, "value":"add_trace_func", "encoding":"US-ASCII", "memsize":40, "flags":{"wb_protected":true, "old":true, "long_lived":true, "marked":true}}
{"address":"0x7fcbb10b92b0", "type":"STRING", "class":"0x7fcbb10e0ef0", "frozen":true, "embedded":true, "fstring":true, "bytesize":14, "value":"set_trace_func", "encoding":"US-ASCII", "memsize":40, "flags":{"wb_protected":true, "old":true, "long_lived":true, "marked":true}}
{"address":"0x7fcbb10b92d8", "type":"STRING", "class":"0x7fcbb10e0ef0", "frozen":true, "embedded":true, "fstring":true, "bytesize":11, "value":"RUBY_ENGINE", "encoding":"US-ASCII", "memsize":40, "flags":{"wb_protected":true, "old":true, "long_lived":true, "marked":true}}
{"address":"0x7fcbb10b9300", "type":"STRING", "class":"0x7fcbb10e0ef0", "frozen":true, "embedded":true, "bytesize":4, "value":"ruby", "encoding":"US-ASCII", "memsize":40, "flags":{"wb_protected":true, "old":true, "long_lived":true, "marked":true}}
{"address":"0x7fcbb10b9328", "type":"STRING", "class":"0x7fcbb10e0ef0", "frozen":true, "embedded":true, "fstring":true, "bytesize":14, "value":"RUBY_COPYRIGHT", "encoding":"US-ASCII", "memsize":40, "flags":{"wb_protected":true, "old":true, "long_lived":true, "marked":true}}
{"address":"0x7fcbb10b9350", "type":"STRING", "class":"0x7fcbb10e0ef0", "frozen":true, "bytesize":49, "value":"ruby - Copyright (C) 1993-2015 Yukihiro Matsumoto", "encoding":"US-ASCII", "memsize":90, "flags":{"wb_protected":true, "old":true, "long_lived":true, "marked":true}}
{"address":"0x7fcbb10b9378", "type":"STRING", "class":"0x7fcbb10e0ef0", "frozen":true, "embedded":true, "fstring":true, "bytesize":16, "value":"RUBY_DESCRIPTION", "encoding":"US-ASCII", "memsize":40, "flags":{"wb_protected":true, "old":true, "long_lived":true, "marked":true}}
{"address":"0x7fcbb10b93a0", "type":"STRING", "class":"0x7fcbb10e0ef0", "frozen":true, "bytesize":60, "value":"ruby 2.2.3p173 (2015-08-18 revision 51636) [x86_64-darwin14]", "encoding":"US-ASCII", "memsize":101, "flags":{"wb_protected":true, "old":true, "long_lived":true, "marked":true}}
{"address":"0x7fcbb10b93c8", "type":"STRING", "class":"0x7fcbb10e0ef0", "frozen":true, "embedded":true, "fstring":true, "bytesize":13, "value":"RUBY_REVISION", "encoding":"US-ASCII", "memsize":40, "flags":{"wb_protected":true, "old":true, "long_lived":true, "marked":true}}
{"address":"0x7fcbb10b93f0", "type":"STRING", "class":"0x7fcbb10e0ef0", "frozen":true, "embedded":true, "fstring":true, "bytesize":15, "value":"RUBY_PATCHLEVEL", "encoding":"US-ASCII", "memsize":40, "flags":{"wb_protected":true, "old":true, "long_lived":true, "marked":true}}
{"address":"0x7fcbb10b9418", "type":"STRING", "class":"0x7fcbb10e0ef0", "frozen":true, "embedded":true, "fstring":true, "bytesize":13, "value":"RUBY_PLATFORM", "encoding":"US-ASCII", "memsize":40, "flags":{"wb_protected":true, "old":true, "long_lived":true, "marked":true}}
{"address":"0x7fcbb10b9440", "type":"STRING", "class":"0x7fcbb10e0ef0", "frozen":true, "embedded":true, "bytesize":15, "value":"x86_64-darwin14", "encoding":"US-ASCII", "memsize":40, "flags":{"wb_protected":true, "old":true, "long_lived":true, "marked":true}}
{"address":"0x7fcbb10b9468", "type":"STRING", "class":"0x7fcbb10e0ef0", "frozen":true, "embedded":true, "fstring":true, "bytesize":17, "value":"RUBY_RELEASE_DATE", "encoding":"US-ASCII", "memsize":40, "flags":{"wb_protected":true, "old":true, "long_lived":true, "marked":true}}
{"address":"0x7fcbb10b9490", "type":"STRING", "class":"0x7fcbb10e0ef0", "frozen":true, "embedded":true, "bytesize":10, "value":"2015-08-18", "encoding":"US-ASCII", "memsize":40, "flags":{"wb_protected":true, "old":true, "long_lived":true, "marked":true}}
{"address":"0x7fcbb10b94b8", "type":"STRING", "class":"0x7fcbb10e0ef0", "frozen":true, "embedded":true, "fstring":true, "bytesize":12, "value":"RUBY_VERSION", "encoding":"US-ASCII", "memsize":40, "flags":{"wb_protected":true, "old":true, "long_lived":true, "marked":true}}
{"address":"0x7fcbb10b94e0", "type":"STRING", "class":"0x7fcbb10e0ef0", "frozen":true, "embedded":true, "bytesize":5, "value":"2.2.3", "encoding":"US-ASCII", "memsize":40, "flags":{"wb_protected":true, "old":true, "long_lived":true, "marked":true}}
{"address":"0x7fcbb10b9508", "type":"ARRAY", "length":1, "embedded":true, "references":["0x7fcbb10ba390"], "memsize":40, "flags":{"wb_protected":true, "old":true, "long_lived":true, "marked":true}}
{"address":"0x7fcbb10b9530", "type":"STRING", "class":"0x7fcbb10e0ef0", "frozen":true, "embedded":true, "bytesize":10, "value":"complex.so", "encoding":"US-ASCII", "memsize":40, "flags":{"wb_protected":true, "old":true, "long_lived":true, "marked":true}}
{"address":"0x7fcbb10b9558", "type":"ARRAY", "length":1024, "references":["0x7fcbb10b9580", "0x7fcbb10b94b8", "0x7fcbb10b9468", "0x7fcbb10b9418", "0x7fcbb10b93f0", "0x7fcbb10b93c8", "0x7fcbb10b9378", "0x7fcbb10b9328", "0x7fcbb10b92d8", "0x7fcbb10b92b0", "0x7fcbb10b9288", "0x7fcbb10b9260", "0x7fcbb10b91e8", "0x7fcbb10b91c0", "0x7fcbb10b9198", "0x7fcbb10b9170", "0x7fcbb10b9148", "0x7fcbb10b9120", "0x7fcbb10b90f8", "0x7fcbb10b90d0", "0x7fcbb10b90a8", "0x7fcbb10b9080", "0x7fcbb10b9058", "0x7fcbb10b9030", "0x7fcbb10b9008", "0x7fcbb10b8fe0", "0x7fcbb10b8fb8", "0x7fcbb10b8f90", "0x7fcbb10b8f68", "0x7fcbb10b8f40", "0x7fcbb10b8ea0", "0x7fcbb10b8d38", "0x7fcbb10b88d8", "0x7fcbb10b88b0", "0x7fcbb10b8888", "0x7fcbb10b8838", "0x7fcbb10b8810", "0x7fcbb10b87c0", "0x7fcbb10b8798", "0x7fcbb10b8748", "0x7fcbb10b8720", "0x7fcbb10b86d0", "0x7fcbb10b8680", "0x7fcbb10b8658", "0x7fcbb10b8630", "0x7fcbb10b85e0", "0x7fcbb10b8590", "0x7fcbb10b8540", "0x7fcbb10b84f0", "0x7fcbb10b84a0", "0x7fcbb10b8450", "0x7fcbb10b8400", "0x7fcbb10b83b0", "0x7fcbb10b8360", "0x7fcbb10b8310", "0x7fcbb10b82c0", "0x7fcbb10b8270", "0x7fcbb10b8220", "0x7fcbb10b81d0", "0x7fcbb10b8180", "0x7fcbb10b8130", "0x7fcbb10b80e0", "0x7fcbb10b8090", "0x7fcbb10b8040", "0x7fcbb10b3f90", "0x7fcbb10b3f40", "0x7fcbb10b3ef0", "0x7fcbb10b3ea0", "0x7fcbb10b3e78", "0x7fcbb10b3e50", "0x7fcbb10b3e28", "0x7fcbb10b3e00", "0x7fcbb10b3dd8", "0x7fcbb10b3db0", "0x7fcbb10b3d88", "0x7fcbb10b3d38", "0x7fcbb10b3d10", "0x7fcbb10b3cc0", "0x7fcbb10b3c98", "0x7fcbb10b3c48", "0x7fcbb10b3c20", "0x7fcbb10b3bd0", "0x7fcbb10b3ba8", "0x7fcbb10b3b58", "0x7fcbb10b3b30", "0x7fcbb10b3ae0", "0x7fcbb10b3a90", "0x7fcbb10b3a40", "0x7fcbb10b39f0", "0x7fcbb10b39a0", "0x7fcbb10b3978", "0x7fcbb10b3928", "0x7fcbb10b3900", "0x7fcbb10b38b0", "0x7fcbb10b3888", "0x7fcbb10b3838", "0x7fcbb10b3810", "0x7fcbb10b37c0", "0x7fcbb10b3798", "0x7fcbb10b3748", "0x7fcbb10b3720", "0x7fcbb10b36d0", "0x7fcbb10b36a8", "0x7fcbb10b3658", "0x7fcbb10b3630", "0x7fcbb10b35e0", "0x7fcbb10b35b8", "0x7fcbb10b3568", "0x7fcbb10b3540", "0x7fcbb10b3518", "0x7fcbb10b34c8", "0x7fcbb10b3478", "0x7fcbb10b3450", "0x7fcbb10b3400", "0x7fcbb10b33d8", "0x7fcbb10b3388", "0x7fcbb10b3360", "0x7fcbb10b3310", "0x7fcbb10b32e8", "0x7fcbb10b3298", "0x7fcbb10b3270", "0x7fcbb10b3220", "0x7fcbb10b31f8", "0x7fcbb10b31a8", "0x7fcbb10b3180", "0x7fcbb10b3130", "0x7fcbb10b3108", "0x7fcbb10b30b8", "0x7fcbb10b3090", "0x7fcbb10b3040", "0x7fcbb10b3018", "0x7fcbb10b2fc8", "0x7fcbb10b2fa0", "0x7fcbb10b2f78", "0x7fcbb10b2f28", "0x7fcbb10b2ed8", "0x7fcbb10b2eb0", "0x7fcbb10b2e88", "0x7fcbb10b2e60", "0x7fcbb10b2e10", "0x7fcbb10b2de8", "0x7fcbb10b2dc0", "0x7fcbb10b2d70", "0x7fcbb10b2d20", "0x7fcbb10b2cf8", "0x7fcbb10b2cd0", "0x7fcbb10b2ca8", "0x7fcbb10b2c80", "0x7fcbb10b2c58", "0x7fcbb10b2c30", "0x7fcbb10b2c08", "0x7fcbb10b2be0", "0x7fcbb10b2b90", "0x7fcbb10b2b68", "0x7fcbb10b2b18", "0x7fcbb10b2af0", "0x7fcbb10b2aa0", "0x7fcbb10b2a78", "0x7fcbb10b2a28", "0x7fcbb10b29d8", "0x7fcbb10b29b0", "0x7fcbb10b2960", "0x7fcbb10b2938", "0x7fcbb10b2910", "0x7fcbb10b28e8", "0x7fcbb10b2898", "0x7fcbb10b2870", "0x7fcbb10b2848", "0x7fcbb10b2820", "0x7fcbb10b27f8", "0x7fcbb10b27d0", "0x7fcbb10b27a8", "0x7fcbb10b2758", "0x7fcbb10b2730", "0x7fcbb10b2708", "0x7fcbb10b26e0", "0x7fcbb10b2690", "0x7fcbb10b2668", "0x7fcbb10b2640", "0x7fcbb10b2618", "0x7fcbb10b25c8", "0x7fcbb10b25a0", "0x7fcbb10b2578", "0x7fcbb10b2550", "0x7fcbb10b2500", "0x7fcbb10b24d8", "0x7fcbb10b24b0", "0x7fcbb10b2488", "0x7fcbb10b2460", "0x7fcbb10b2410", "0x7fcbb10b23c0", "0x7fcbb10b2398", "0x7fcbb10b2370", "0x7fcbb10b2348", "0x7fcbb10b22f8", "0x7fcbb10b22d0", "0x7fcbb10b22a8", "0x7fcbb10b2280", "0x7fcbb10b2258", "0x7fcbb10b2230", "0x7fcbb10b2208", "0x7fcbb10b21b8", "0x7fcbb10b2190", "0x7fcbb10b2168", "0x7fcbb10b2140", "0x7fcbb10b2118", "0x7fcbb10b20f0", "0x7fcbb10b20a0", "0x7fcbb10b2078", "0x7fcbb10b2050", "0x7fcbb10b2028", "0x7fcbb10b2000", "0x7fcbb10b1fd8", "0x7fcbb10b1fb0", "0x7fcbb10b1f88", "0x7fcbb10b1f60", "0x7fcbb10b1f38", "0x7fcbb10b1f10", "0x7fcbb10b1ee8", "0x7fcbb10b1ec0", "0x7fcbb10b1e98", "0x7fcbb10b1e70", "0x7fcbb10b1e48", "0x7fcbb10b1e20", "0x7fcbb10b1dd0", "0x7fcbb10b1da8", "0x7fcbb10b1d58", "0x7fcbb10b1d30", "0x7fcbb10b1ce0", "0x7fcbb10b1c90", "0x7fcbb10b1c40", "0x7fcbb10b1bf0", "0x7fcbb10b1bc8", "0x7fcbb10b1b78", "0x7fcbb10b1b50", "0x7fcbb10b1b00", "0x7fcbb10b1ad8", "0x7fcbb10b0fc0", "0x7fcbb10b0ea8", "0x7fcbb10b0e08", "0x7fcbb10b0c00", "0x7fcbb10abed0", "0x7fcbb10abe80", "0x7fcbb10ab6b0", "0x7fcbb10ab688", "0x7fcbb10ab4d0", "0x7fcbb10ab318", "0x7fcbb10ab020", "0x7fcbb10aa878", "0x7fcbb10aa5d0", "0x7fcbb10aa2b0", "0x7fcbb10a8c80", "0x7fcbb10a3640", "0x7fcbb10a3398", "0x7fcbb10a2a38", "0x7fcbb10a26c8", "0x7fcbb10a2178", "0x7fcbb10a1f20", "0x7fcbb10a1e30", "0x7fcbb10a1d68", "0x7fcbb10a1ca0", "0x7fcbb10a1bb0", "0x7fcbb10a1ae8", "0x7fcbb10a1a20", "0x7fcbb10a1958", "0x7fcbb10a1890", "0x7fcbb10a17a0", "0x7fcbb10a1688", "0x7fcbb10a1570", "0x7fcbb10a1458", "0x7fcbb10a1340", "0x7fcbb10a1228", "0x7fcbb10a1110", "0x7fcbb10a0ee0", "0x7fcbb10a0d50", "0x7fcbb10a0cd8", "0x7fcbb10a0c88", "0x7fcbb10a0ad0", "0x7fcbb10a0940", "0x7fcbb10a0648", "0x7fcbb10a04e0", "0x7fcbb10a0120", "0x7fcbb10a00a8", "0x7fcbb10a0030", "0x7fcbb109be18", "0x7fcbb109bc38", "0x7fcbb109bad0", "0x7fcbb109ba58", "0x7fcbb109b918", "0x7fcbb109b8a0", "0x7fcbb109b7d8", "0x7fcbb109b490", "0x7fcbb109b440", "0x7fcbb109b3a0", "0x7fcbb109b0a8", "0x7fcbb109aef0", "0x7fcbb109ae78", "0x7fcbb109ace8", "0x7fcbb109ac70", "0x7fcbb109ab08", "0x7fcbb109a9c8", "0x7fcbb109a860", "0x7fcbb109a7e8", "0x7fcbb109a680", "0x7fcbb109a158", "0x7fcbb1099eb0", "0x7fcbb1099708", "0x7fcbb1099488", "0x7fcbb1099460", "0x7fcbb1099410", "0x7fcbb10990f0", "0x7fcbb1098fb0", "0x7fcbb1098d30", "0x7fcbb1098cb8", "0x7fcbb1098c18", "0x7fcbb1098ad8", "0x7fcbb1098a10", "0x7fcbb1098740", "0x7fcbb10986c8", "0x7fcbb1098628", "0x7fcbb1098308", "0x7fcbb1098240", "0x7fcbb1093f38", "0x7fcbb1093f10", "0x7fcbb1093c68", "0x7fcbb1093c40", "0x7fcbb10938a8", "0x7fcbb1093560", "0x7fcbb1093538", "0x7fcbb10933a8", "0x7fcbb1093358", "0x7fcbb10930b0", "0x7fcbb1092fe8", "0x7fcbb1092d68", "0x7fcbb1092d40", "0x7fcbb1092a98", "0x7fcbb1092a70", "0x7fcbb1092430", "0x7fcbb10920e8", "0x7fcbb1091f58", "0x7fcbb1091b98", "0x7fcbb1091788", "0x7fcbb10916e8", "0x7fcbb1090fe0", "0x7fcbb1090d10", "0x7fcbb1090cc0", "0x7fcbb10907c0", "0x7fcbb10906d0", "0x7fcbb1090680", "0x7fcbb10904c8", "0x7fcbb108bf68", "0x7fcbb108bf18", "0x7fcbb108be28", "0x7fcbb108bd38", "0x7fcbb108ba68", "0x7fcbb108b9a0", "0x7fcbb108b310", "0x7fcbb108aaa0", "0x7fcbb108a6e0", "0x7fcbb1089c90", "0x7fcbb1089c18", "0x7fcbb1088408", "0x7fcbb1088250", "0x7fcbb1083f48", "0x7fcbb1083b10", "0x7fcbb1083610", "0x7fcbb10835c0", "0x7fcbb1083390", "0x7fcbb1083318", "0x7fcbb1083070", "0x7fcbb1082e40", "0x7fcbb1082da0", "0x7fcbb1082d28", "0x7fcbb1082b20", "0x7fcbb1082850", "0x7fcbb1082468", "0x7fcbb10822d8", "0x7fcbb1082198", "0x7fcbb1082058", "0x7fcbb1081810", "0x7fcbb10817c0", "0x7fcbb10816f8", "0x7fcbb1081540", "0x7fcbb1080be0", "0x7fcbb1080708", "0x7fcbb1080078", "0x7fcbb107bc08", "0x7fcbb107bbe0", "0x7fcbb107b780", "0x7fcbb107b730", "0x7fcbb107b2d0", "0x7fcbb107b2a8", "0x7fcbb107afd8", "0x7fcbb107ace0", "0x7fcbb107ac68", "0x7fcbb107a9e8", "0x7fcbb107a6f0", "0x7fcbb107a3f8", "0x7fcbb107a128", "0x7fcbb1079e30", "0x7fcbb1079b38", "0x7fcbb1079110", "0x7fcbb1078e90", "0x7fcbb1078cd8", "0x7fcbb1078530", "0x7fcbb10734e0", "0x7fcbb1073440", "0x7fcbb1073300", "0x7fcbb1073288", "0x7fcbb1073198", "0x7fcbb10730d0", "0x7fcbb1072c98", "0x7fcbb1072c20", "0x7fcbb10724c8", "0x7fcbb1072450", "0x7fcbb1071c08", "0x7fcbb1071988", "0x7fcbb1071910", "0x7fcbb10714b0", "0x7fcbb10713e8", "0x7fcbb1071398", "0x7fcbb1071370", "0x7fcbb1071050", "0x7fcbb1071028", "0x7fcbb1070b50", "0x7fcbb1070a88", "0x7fcbb1070678", "0x7fcbb10702e0", "0x7fcbb106bba0", "0x7fcbb106bb50", "0x7fcbb106ba60", "0x7fcbb106b7b8", "0x7fcbb106b628", "0x7fcbb106b5d8", "0x7fcbb106af48", "0x7fcbb106acc8", "0x7fcbb106a138", "0x7fcbb106a048", "0x7fcbb1069e40", "0x7fcbb1069990", "0x7fcbb1069968", "0x7fcbb1069878", "0x7fcbb1069418", "0x7fcbb10693a0", "0x7fcbb1068a90", "0x7fcbb10683d8", "0x7fcbb10680e0", "0x7fcbb1063ce8", "0x7fcbb1063428", "0x7fcbb1063338", "0x7fcbb1062c30", "0x7fcbb1062b68", "0x7fcbb1062ac8", "0x7fcbb1061e20", "0x7fcbb1061c18", "0x7fcbb10618d0", "0x7fcbb10612b8", "0x7fcbb1060d18", "0x7fcbb1060c78", "0x7fcbb1060c00", "0x7fcbb1060b88", "0x7fcbb10607f0", "0x7fcbb10604a8", "0x7fcbb105b958", "0x7fcbb105b840", "0x7fcbb105b1d8", "0x7fcbb105adc8", "0x7fcbb105ab48", "0x7fcbb105a990", "0x7fcbb105a7d8", "0x7fcbb105a648", "0x7fcbb105a490", "0x7fcbb105a300", "0x7fcbb105a170", "0x7fcbb1059fb8", "0x7fcbb1059db0", "0x7fcbb1059860", "0x7fcbb10596d0", "0x7fcbb1059540", "0x7fcbb1058e10", "0x7fcbb1058c80", "0x7fcbb1058208", "0x7fcbb1058190", "0x7fcbb1053730", "0x7fcbb1048600", "0x7fcbb1042c78", "0x7fcbb1042a48", "0x7fcbb1043c18", "0x7fcbb1043a88", "0x7fcbb10439e8", "0x7fcbb1043038", "0x7fcbb1042868", "0x7fcbb1040fb8", "0x7fcbb10413f0", "0x7fcbb104b9b8", "0x7fcbb30035a8", "0x7fcbb3003580", "0x7fcbb30034b8", "0x7fcbb3003490", "0x7fcbb30033c8", "0x7fcbb30033a0", "0x7fcbb3003300", "0x7fcbb30032d8", "0x7fcbb30032b0", "0x7fcbb3003288", "0x7fcbb3003260", "0x7fcbb3003238", "0x7fcbb3002518", "0x7fcbb3002400", "0x7fcbb30022e8", "0x7fcbb3002130", "0x7fcbb3001910"], "memsize":8232, "flags":{"wb_protected":true, "old":true, "long_lived":true, "marked":true}}
{"address":"0x7fcbb10b9580", "type":"STRING", "class":"0x7fcbb10e0ef0", "frozen":true, "embedded":true, "fstring":true, "bytesize":1, "value":"I", "encoding":"US-ASCII", "memsize":40, "flags":{"wb_protected":true, "old":true, "long_lived":true, "marked":true}}
{"address":"0x7fcbb10b95a8", "type":"COMPLEX", "class":"0x7fcbb10b9850", "memsize":40, "flags":{"wb_protected":true, "old":true, "long_lived":true, "marked":true}}
{"address":"0x7fcbb10b95d0", "type":"STRING", "class":"0x7fcbb10e0ef0", "frozen":true, "embedded":true, "fstring":true, "bytesize":4, "value":"to_c", "encoding":"US-ASCII", "memsize":40, "flags":{"wb_protected":true, "old":true, "long_lived":true, "marked":true}}
{"address":"0x7fcbb10b95f8", "type":"STRING", "class":"0x7fcbb10e0ef0", "frozen":true, "embedded":true, "bytesize":19, "value":"Complex::compatible", "encoding":"US-ASCII", "memsize":40, "flags":{"wb_protected":true, "old":true, "long_lived":true, "marked":true}}
{"address":"0x7fcbb10b9620", "type":"CLASS", "class":"0x7fcbb10e2430", "name":"Class", "references":["0x7fcbb10b9648", "0x7fcbb10e23e0"], "memsize":712, "flags":{"wb_protected":true, "old":true, "long_lived":true, "marked":true}}
{"address":"0x7fcbb10b9648", "type":"CLASS", "class":"0x7fcbb10b9620", "name":"Complex::compatible", "references":["0x7fcbb10b9648", "0x7fcbb10b95f8", "0x7fcbb10e2c78"], "memsize":712, "flags":{"wb_protected":true, "old":true, "long_lived":true, "marked":true}}
{"address":"0x7fcbb10b9670", "type":"STRING", "class":"0x7fcbb10e0ef0", "frozen":true, "embedded":true, "fstring":true, "bytesize":4, "value":"conj", "encoding":"US-ASCII", "memsize":40, "flags":{"wb_protected":true, "old":true, "long_lived":true, "marked":true}}
{"address":"0x7fcbb10b9698", "type":"STRING", "class":"0x7fcbb10e0ef0", "frozen":true, "embedded":true, "fstring":true, "bytesize":9, "value":"conjugate", "encoding":"US-ASCII", "memsize":40, "flags":{"wb_protected":true, "old":true, "long_lived":true, "marked":true}}
{"address":"0x7fcbb10b96c0", "type":"STRING", "class":"0x7fcbb10e0ef0", "frozen":true, "embedded":true, "fstring":true, "bytesize":5, "value":"phase", "encoding":"US-ASCII", "memsize":40, "flags":{"wb_protected":true, "old":true, "long_lived":true, "marked":true}}
{"address":"0x7fcbb10b96e8", "type":"STRING", "class":"0x7fcbb10e0ef0", "frozen":true, "embedded":true, "fstring":true, "bytesize":5, "value":"angle", "encoding":"US-ASCII", "memsize":40, "flags":{"wb_protected":true, "old":true, "long_lived":true, "marked":true}}
{"address":"0x7fcbb10b9710", "type":"STRING", "class":"0x7fcbb10e0ef0", "frozen":true, "embedded":true, "fstring":true, "bytesize":4, "value":"abs2", "encoding":"US-ASCII", "memsize":40, "flags":{"wb_protected":true, "old":true, "long_lived":true, "marked":true}}
{"address":"0x7fcbb10b9738", "type":"STRING", "class":"0x7fcbb10e0ef0", "frozen":true, "embedded":true, "fstring":true, "bytesize":4, "value":"imag", "encoding":"US-ASCII", "memsize":40, "flags":{"wb_protected":true, "old":true, "long_lived":true, "marked":true}}
{"address":"0x7fcbb10b9760", "type":"STRING", "class":"0x7fcbb10e0ef0", "frozen":true, "embedded":true, "fstring":true, "bytesize":9, "value":"imaginary", "encoding":"US-ASCII", "memsize":40, "flags":{"wb_protected":true, "old":true, "long_lived":true, "marked":true}}
{"address":"0x7fcbb10b9788", "type":"STRING", "class":"0x7fcbb10e0ef0", "frozen":true, "embedded":true, "fstring":true, "bytesize":4, "value":"real", "encoding":"US-ASCII", "memsize":40, "flags":{"wb_protected":true, "old":true, "long_lived":true, "marked":true}}
{"address":"0x7fcbb10b97b0", "type":"STRING", "class":"0x7fcbb10e0ef0", "frozen":true, "embedded":true, "fstring":true, "bytesize":5, "value":"polar", "encoding":"US-ASCII", "memsize":40, "flags":{"wb_protected":true, "old":true, "long_lived":true, "marked":true}}
{"address":"0x7fcbb10b97d8", "type":"STRING", "class":"0x7fcbb10e0ef0", "frozen":true, "embedded":true, "fstring":true, "bytesize":4, "value":"rect", "encoding":"US-ASCII", "memsize":40, "flags":{"wb_protected":true, "old":true, "long_lived":true, "marked":true}}
{"address":"0x7fcbb10b9800", "type":"STRING", "class":"0x7fcbb10e0ef0", "frozen":true, "embedded":true, "fstring":true, "bytesize":11, "value":"rectangular", "encoding":"US-ASCII", "memsize":40, "flags":{"wb_protected":true, "old":true, "long_lived":true, "marked":true}}
{"address":"0x7fcbb10b9828", "type":"CLASS", "class":"0x7fcbb10e2430", "name":"Class", "references":["0x7fcbb10b9828", "0x7fcbb10b9828", "0x7fcbb10b9828", "0x7fcbb10b9828", "0x7fcbb10b9828", "0x7fcbb10b9828", "0x7fcbb10b9850", "0x7fcbb10da8e8"], "memsize":712, "flags":{"wb_protected":true, "old":true, "long_lived":true, "marked":true}}
{"address":"0x7fcbb10b9850", "type":"CLASS", "class":"0x7fcbb10b9828", "name":"Complex", "references":["0x7fcbb10b9850", "0x7fcbb10b9850", "0x7fcbb10b9850", "0x7fcbb10b9850", "0x7fcbb10b9850", "0x7fcbb10b9850", "0x7fcbb10b9850", "0x7fcbb10b9850", "0x7fcbb10b9850", "0x7fcbb10b9850", "0x7fcbb10b9850", "0x7fcbb10b9850", "0x7fcbb10b9850", "0x7fcbb10b9850", "0x7fcbb10b9850", "0x7fcbb10b9850", "0x7fcbb10b9850", "0x7fcbb10b9850", "0x7fcbb10b9850", "0x7fcbb10b9850", "0x7fcbb10b9850", "0x7fcbb10b9850", "0x7fcbb10b9850", "0x7fcbb10b9850", "0x7fcbb10b9850", "0x7fcbb10b9850", "0x7fcbb10b9850", "0x7fcbb10b9850", "0x7fcbb10b9850", "0x7fcbb10b9850", "0x7fcbb10b9850", "0x7fcbb10b9850", "0x7fcbb10b9850", "0x7fcbb10b9850", "0x7fcbb10b9850", "0x7fcbb10b9850", "0x7fcbb10b9850", "0x7fcbb10b9850", "0x7fcbb10b9850", "0x7fcbb10b9850", "0x7fcbb10b9850", "0x7fcbb10b9850", "0x7fcbb10b9850", "0x7fcbb10b9850", "0x7fcbb10b9850", "0x7fcbb10b9850", "0x7fcbb10b9850", "0x7fcbb10b9850", "0x7fcbb10b9850", "0x7fcbb10b9850", "0x7fcbb10b9850", "0x7fcbb10b9850", "0x7fcbb10b9850", "0x7fcbb10b9850", "0x7fcbb10b9878", "0x7fcbb10b9648", "0x7fcbb10c0498", "0x7fcbb10b95a8", "0x7fcbb10c0498", "0x7fcbb10da910"], "memsize":3480, "flags":{"wb_protected":true, "old":true, "long_lived":true, "marked":true}}
{"address":"0x7fcbb10b9878", "type":"STRING", "class":"0x7fcbb10e0ef0", "frozen":true, "embedded":true, "fstring":true, "bytesize":7, "value":"Complex", "encoding":"US-ASCII", "memsize":40, "flags":{"wb_protected":true, "old":true, "long_lived":true, "marked":true}}
{"address":"0x7fcbb10b98a0", "type":"STRING", "class":"0x7fcbb10e0ef0", "frozen":true, "embedded":true, "fstring":true, "bytesize":6, "value":"@image", "encoding":"US-ASCII", "memsize":40, "flags":{"wb_protected":true, "old":true, "long_lived":true, "marked":true}}
{"address":"0x7fcbb10b98c8", "type":"STRING", "class":"0x7fcbb10e0ef0", "frozen":true, "embedded":true, "fstring":true, "bytesize":5, "value":"@real", "encoding":"US-ASCII", "memsize":40, "flags":{"wb_protected":true, "old":true, "long_lived":true, "marked":true}}
{"address":"0x7fcbb10b98f0", "type":"STRING", "class":"0x7fcbb10e0ef0", "frozen":true, "embedded":true, "fstring":true, "bytesize":3, "value":"arg", "encoding":"US-ASCII", "memsize":40, "flags":{"wb_protected":true, "old":true, "long_lived":true, "marked":true}}
{"address":"0x7fcbb10b9940", "type":"STRING", "class":"0x7fcbb10e0ef0", "frozen":true, "embedded":true, "bytesize":11, "value":"rational.so", "encoding":"US-ASCII", "memsize":40, "flags":{"wb_protected":true, "old":true, "long_lived":true, "marked":true}}
{"address":"0x7fcbb10b9968", "type":"STRING", "class":"0x7fcbb10e0ef0", "frozen":true, "embedded":true, "fstring":true, "bytesize":6, "value":"gcdlcm", "encoding":"US-ASCII", "memsize":40, "flags":{"wb_protected":true, "old":true, "long_lived":true, "marked":true}}
{"address":"0x7fcbb10b9990", "type":"STRING", "class":"0x7fcbb10e0ef0", "frozen":true, "embedded":true, "fstring":true, "bytesize":3, "value":"lcm", "encoding":"US-ASCII", "memsize":40, "flags":{"wb_protected":true, "old":true, "long_lived":true, "marked":true}}
{"address":"0x7fcbb10b99b8", "type":"STRING", "class":"0x7fcbb10e0ef0", "frozen":true, "embedded":true, "fstring":true, "bytesize":3, "value":"gcd", "encoding":"US-ASCII", "memsize":40, "flags":{"wb_protected":true, "old":true, "long_lived":true, "marked":true}}
{"address":"0x7fcbb10b99e0", "type":"STRING", "class":"0x7fcbb10e0ef0", "frozen":true, "embedded":true, "bytesize":20, "value":"Rational::compatible", "encoding":"US-ASCII", "memsize":40, "flags":{"wb_protected":true, "old":true, "long_lived":true, "marked":true}}
{"address":"0x7fcbb10b9a08", "type":"CLASS", "class":"0x7fcbb10e2430", "name":"Class", "references":["0x7fcbb10b9a30", "0x7fcbb10e23e0"], "memsize":712, "flags":{"wb_protected":true, "old":true, "long_lived":true, "marked":true}}
{"address":"0x7fcbb10b9a30", "type":"CLASS", "class":"0x7fcbb10b9a08", "name":"Rational::compatible", "references":["0x7fcbb10b9a30", "0x7fcbb10b99e0", "0x7fcbb10e2c78"], "memsize":712, "flags":{"wb_protected":true, "old":true, "long_lived":true, "marked":true}}
{"address":"0x7fcbb10b9a58", "type":"STRING", "class":"0x7fcbb10e0ef0", "frozen":true, "embedded":true, "fstring":true, "bytesize":10, "value":"compatible", "encoding":"US-ASCII", "memsize":40, "flags":{"wb_protected":true, "old":true, "long_lived":true, "marked":true}}
{"address":"0x7fcbb10b9a80", "type":"STRING", "class":"0x7fcbb10e0ef0", "frozen":true, "embedded":true, "fstring":true, "bytesize":11, "value":"rationalize", "encoding":"US-ASCII", "memsize":40, "flags":{"wb_protected":true, "old":true, "long_lived":true, "marked":true}}
{"address":"0x7fcbb10b9aa8", "type":"STRING", "class":"0x7fcbb10e0ef0", "frozen":true, "embedded":true, "fstring":true, "bytesize":11, "value":"denominator", "encoding":"US-ASCII", "memsize":40, "flags":{"wb_protected":true, "old":true, "long_lived":true, "marked":true}}
{"address":"0x7fcbb10b9ad0", "type":"STRING", "class":"0x7fcbb10e0ef0", "frozen":true, "embedded":true, "fstring":true, "bytesize":9, "value":"numerator", "encoding":"US-ASCII", "memsize":40, "flags":{"wb_protected":true, "old":true, "long_lived":true, "marked":true}}
{"address":"0x7fcbb10b9af8", "type":"CLASS", "class":"0x7fcbb10e2430", "name":"Class", "references":["0x7fcbb10b9af8", "0x7fcbb10b9af8", "0x7fcbb10b9af8", "0x7fcbb10b9b20", "0x7fcbb10da8e8"], "memsize":712, "flags":{"wb_protected":true, "old":true, "long_lived":true, "marked":true}}
{"address":"0x7fcbb10b9b20", "type":"CLASS", "class":"0x7fcbb10b9af8", "name":"Rational", "references":["0x7fcbb10b9b20", "0x7fcbb10b9b20", "0x7fcbb10b9b20", "0x7fcbb10b9b20", "0x7fcbb10b9b20", "0x7fcbb10b9b20", "0x7fcbb10b9b20", "0x7fcbb10b9b20", "0x7fcbb10b9b20", "0x7fcbb10b9b20", "0x7fcbb10b9b20", "0x7fcbb10b9b20", "0x7fcbb10b9b20", "0x7fcbb10b9b20", "0x7fcbb10b9b20", "0x7fcbb10b9b20", "0x7fcbb10b9b20", "0x7fcbb10b9b20", "0x7fcbb10b9b20", "0x7fcbb10b9b20", "0x7fcbb10b9b20", "0x7fcbb10b9b20", "0x7fcbb10b9b20", "0x7fcbb10b9b20", "0x7fcbb10b9b48", "0x7fcbb10b9a30", "0x7fcbb10c0498", "0x7fcbb10da910"], "memsize":2040, "flags":{"wb_protected":true, "old":true, "long_lived":true, "marked":true}}
{"address":"0x7fcbb10b9b48", "type":"STRING", "class":"0x7fcbb10e0ef0", "frozen":true, "embedded":true, "fstring":true, "bytesize":8, "value":"Rational", "encoding":"US-ASCII", "memsize":40, "flags":{"wb_protected":true, "old":true, "long_lived":true, "marked":true}}
{"address":"0x7fcbb10b9b70", "type":"STRING", "class":"0x7fcbb10e0ef0", "frozen":true, "embedded":true, "fstring":true, "bytesize":12, "value":"@denominator", "encoding":"US-ASCII", "memsize":40, "flags":{"wb_protected":true, "old":true, "long_lived":true, "marked":true}}
{"address":"0x7fcbb10b9b98", "type":"STRING", "class":"0x7fcbb10e0ef0", "frozen":true, "embedded":true, "fstring":true, "bytesize":10, "value":"@numerator", "encoding":"US-ASCII", "memsize":40, "flags":{"wb_protected":true, "old":true, "long_lived":true, "marked":true}}
{"address":"0x7fcbb10b9bc0", "type":"STRING", "class":"0x7fcbb10e0ef0", "frozen":true, "embedded":true, "fstring":true, "bytesize":6, "value":"resume", "encoding":"US-ASCII", "memsize":40, "flags":{"wb_protected":true, "old":true, "long_lived":true, "marked":true}}
{"address":"0x7fcbb10b9be8", "type":"CLASS", "class":"0x7fcbb10e2430", "name":"Class", "references":["0x7fcbb10b9c10", "0x7fcbb10dbc70"], "memsize":712, "flags":{"wb_protected":true, "old":true, "long_lived":true, "marked":true}}
{"address":"0x7fcbb10b9c10", "type":"CLASS", "class":"0x7fcbb10b9be8", "name":"FiberError", "references":["0x7fcbb10b9c38", "0x7fcbb10dbc98"], "memsize":712, "flags":{"wb_protected":true, "old":true, "long_lived":true, "marked":true}}
{"address":"0x7fcbb10b9c38", "type":"STRING", "class":"0x7fcbb10e0ef0", "frozen":true, "embedded":true, "fstring":true, "bytesize":10, "value":"FiberError", "encoding":"US-ASCII", "memsize":40, "flags":{"wb_protected":true, "old":true, "long_lived":true, "marked":true}}
{"address":"0x7fcbb10b9c60", "type":"CLASS", "class":"0x7fcbb10e2430", "name":"Class", "references":["0x7fcbb10b9c60", "0x7fcbb10b9c88", "0x7fcbb10e23e0"], "memsize":712, "flags":{"wb_protected":true, "old":true, "long_lived":true, "marked":true}}
{"address":"0x7fcbb10b9c88", "type":"CLASS", "class":"0x7fcbb10b9c60", "name":"Fiber", "references":["0x7fcbb10b9c88", "0x7fcbb10b9c88", "0x7fcbb10b9cb0", "0x7fcbb10e2c78"], "memsize":712, "flags":{"wb_protected":true, "old":true, "long_lived":true, "marked":true}}
{"address":"0x7fcbb10b9cb0", "type":"STRING", "class":"0x7fcbb10e0ef0", "frozen":true, "embedded":true, "fstring":true, "bytesize":5, "value":"Fiber", "encoding":"US-ASCII", "memsize":40, "flags":{"wb_protected":true, "old":true, "long_lived":true, "marked":true}}
{"address":"0x7fcbb10b9cd8", "type":"STRING", "class":"0x7fcbb10e0ef0", "frozen":true, "embedded":true, "fstring":true, "bytesize":9, "value":"issetugid", "encoding":"US-ASCII", "memsize":40, "flags":{"wb_protected":true, "old":true, "long_lived":true, "marked":true}}
{"address":"0x7fcbb10b9d00", "type":"STRING", "class":"0x7fcbb10e0ef0", "frozen":true, "embedded":true, "fstring":true, "bytesize":9, "value":"setresgid", "encoding":"US-ASCII", "memsize":40, "flags":{"wb_protected":true, "old":true, "long_lived":true, "marked":true}}
{"address":"0x7fcbb10b9d28", "type":"STRING", "class":"0x7fcbb10e0ef0", "frozen":true, "embedded":true, "fstring":true, "bytesize":9, "value":"setresuid", "encoding":"US-ASCII", "memsize":40, "flags":{"wb_protected":true, "old":true, "long_lived":true, "marked":true}}
{"address":"0x7fcbb10b9d50", "type":"STRING", "class":"0x7fcbb10e0ef0", "frozen":true, "embedded":true, "fstring":true, "bytesize":8, "value":"setregid", "encoding":"US-ASCII", "memsize":40, "flags":{"wb_protected":true, "old":true, "long_lived":true, "marked":true}}
{"address":"0x7fcbb10b9d78", "type":"STRING", "class":"0x7fcbb10e0ef0", "frozen":true, "embedded":true, "fstring":true, "bytesize":8, "value":"setreuid", "encoding":"US-ASCII", "memsize":40, "flags":{"wb_protected":true, "old":true, "long_lived":true, "marked":true}}
{"address":"0x7fcbb10b9da0", "type":"STRING", "class":"0x7fcbb10e0ef0", "frozen":true, "embedded":true, "fstring":true, "bytesize":7, "value":"setegid", "encoding":"US-ASCII", "memsize":40, "flags":{"wb_protected":true, "old":true, "long_lived":true, "marked":true}}
{"address":"0x7fcbb10b9dc8", "type":"STRING", "class":"0x7fcbb10e0ef0", "frozen":true, "embedded":true, "fstring":true, "bytesize":7, "value":"seteuid", "encoding":"US-ASCII", "memsize":40, "flags":{"wb_protected":true, "old":true, "long_lived":true, "marked":true}}
{"address":"0x7fcbb10b9df0", "type":"STRING", "class":"0x7fcbb10e0ef0", "frozen":true, "embedded":true, "fstring":true, "bytesize":7, "value":"setrgid", "encoding":"US-ASCII", "memsize":40, "flags":{"wb_protected":true, "old":true, "long_lived":true, "marked":true}}
{"address":"0x7fcbb10b9e18", "type":"STRING", "class":"0x7fcbb10e0ef0", "frozen":true, "embedded":true, "fstring":true, "bytesize":7, "value":"setruid", "encoding":"US-ASCII", "memsize":40, "flags":{"wb_protected":true, "old":true, "long_lived":true, "marked":true}}
{"address":"0x7fcbb10b9e40", "type":"STRING", "class":"0x7fcbb10e0ef0", "frozen":true, "embedded":true, "fstring":true, "bytesize":6, "value":"setgid", "encoding":"US-ASCII", "memsize":40, "flags":{"wb_protected":true, "old":true, "long_lived":true, "marked":true}}
{"address":"0x7fcbb10b9e68", "type":"STRING", "class":"0x7fcbb10e0ef0", "frozen":true, "embedded":true, "fstring":true, "bytesize":6, "value":"setuid", "encoding":"US-ASCII", "memsize":40, "flags":{"wb_protected":true, "old":true, "long_lived":true, "marked":true}}
{"address":"0x7fcbb10b9e90", "type":"STRING", "class":"0x7fcbb10e0ef0", "frozen":true, "embedded":true, "fstring":true, "bytesize":7, "value":"getegid", "encoding":"US-ASCII", "memsize":40, "flags":{"wb_protected":true, "old":true, "long_lived":true, "marked":true}}
{"address":"0x7fcbb10b9eb8", "type":"STRING", "class":"0x7fcbb10e0ef0", "frozen":true, "embedded":true, "fstring":true, "bytesize":6, "value":"getgid", "encoding":"US-ASCII", "memsize":40, "flags":{"wb_protected":true, "old":true, "long_lived":true, "marked":true}}
{"address":"0x7fcbb10b9ee0", "type":"STRING", "class":"0x7fcbb10e0ef0", "frozen":true, "embedded":true, "fstring":true, "bytesize":7, "value":"geteuid", "encoding":"US-ASCII", "memsize":40, "flags":{"wb_protected":true, "old":true, "long_lived":true, "marked":true}}
{"address":"0x7fcbb10b9f08", "type":"CLASS", "class":"0x7fcbb10e2408", "name":"Module", "references":["0x7fcbb10b9f08", "0x7fcbb10b9f08", "0x7fcbb10b9f08", "0x7fcbb10b9f08", "0x7fcbb10b9f08", "0x7fcbb10b9f08", "0x7fcbb10b9f08", "0x7fcbb10b9f08", "0x7fcbb10b9f08", "0x7fcbb10b9f08", "0x7fcbb10b9f08", "0x7fcbb10b9f08", "0x7fcbb10b9f08", "0x7fcbb10b9f08", "0x7fcbb10b9f08", "0x7fcbb10b9f80", "0x7fcbb10e2c28"], "memsize":1416, "flags":{"wb_protected":true, "old":true, "long_lived":true, "marked":true}}
{"address":"0x7fcbb10b9f30", "type":"STRING", "class":"0x7fcbb10e0ef0", "frozen":true, "embedded":true, "fstring":true, "bytesize":6, "value":"getuid", "encoding":"US-ASCII", "memsize":40, "flags":{"wb_protected":true, "old":true, "long_lived":true, "marked":true}}
{"address":"0x7fcbb10b9f58", "type":"STRING", "class":"0x7fcbb10e0ef0", "frozen":true, "embedded":true, "bytesize":12, "value":"Process::Sys", "encoding":"US-ASCII", "memsize":40, "flags":{"wb_protected":true, "old":true, "long_lived":true, "marked":true}}
{"address":"0x7fcbb10b9f80", "type":"MODULE", "class":"0x7fcbb10b9f08", "name":"Process::Sys", "references":["0x7fcbb10b9f80", "0x7fcbb10b9f80", "0x7fcbb10b9f80", "0x7fcbb10b9f80", "0x7fcbb10b9f80", "0x7fcbb10b9f80", "0x7fcbb10b9f80", "0x7fcbb10b9f80", "0x7fcbb10b9f80", "0x7fcbb10b9f80", "0x7fcbb10b9f80", "0x7fcbb10b9f80", "0x7fcbb10b9f80", "0x7fcbb10b9f80", "0x7fcbb10b9f80", "0x7fcbb10b9f58"], "memsize":1416, "flags":{"wb_protected":true, "old":true, "long_lived":true, "marked":true}}
{"address":"0x7fcbb10b9fa8", "type":"STRING", "class":"0x7fcbb10e0ef0", "frozen":true, "embedded":true, "fstring":true, "bytesize":3, "value":"Sys", "encoding":"US-ASCII", "memsize":40, "flags":{"wb_protected":true, "old":true, "long_lived":true, "marked":true}}
{"address":"0x7fcbb10b9fd0", "type":"STRING", "class":"0x7fcbb10e0ef0", "frozen":true, "embedded":true, "fstring":true, "bytesize":9, "value":"from_name", "encoding":"US-ASCII", "memsize":40, "flags":{"wb_protected":true, "old":true, "long_lived":true, "marked":true}}
{"address":"0x7fcbb10b9ff8", "type":"STRING", "class":"0x7fcbb10e0ef0", "frozen":true, "embedded":true, "fstring":true, "bytesize":6, "value":"switch", "encoding":"US-ASCII", "memsize":40, "flags":{"wb_protected":true, "old":true, "long_lived":true, "marked":true}}
{"address":"0x7fcbb10ba020", "type":"STRING", "class":"0x7fcbb10e0ef0", "frozen":true, "embedded":true, "fstring":true, "bytesize":14, "value":"sid_available?", "encoding":"US-ASCII", "memsize":40, "flags":{"wb_protected":true, "old":true, "long_lived":true, "marked":true}}
{"address":"0x7fcbb10ba048", "type":"STRING", "class":"0x7fcbb10e0ef0", "frozen":true, "embedded":true, "fstring":true, "bytesize":16, "value":"re_exchangeable?", "encoding":"US-ASCII", "memsize":40, "flags":{"wb_protected":true, "old":true, "long_lived":true, "marked":true}}
{"address":"0x7fcbb10ba070", "type":"STRING", "class":"0x7fcbb10e0ef0", "frozen":true, "embedded":true, "fstring":true, "bytesize":11, "value":"re_exchange", "encoding":"US-ASCII", "memsize":40, "flags":{"wb_protected":true, "old":true, "long_lived":true, "marked":true}}
{"address":"0x7fcbb10ba098", "type":"STRING", "class":"0x7fcbb10e0ef0", "frozen":true, "embedded":true, "fstring":true, "bytesize":4, "value":"eid=", "encoding":"US-ASCII", "memsize":40, "flags":{"wb_protected":true, "old":true, "long_lived":true, "marked":true}}
{"address":"0x7fcbb10ba0c0", "type":"STRING", "class":"0x7fcbb10e0ef0", "frozen":true, "embedded":true, "fstring":true, "bytesize":15, "value":"grant_privilege", "encoding":"US-ASCII", "memsize":40, "flags":{"wb_protected":true, "old":true, "long_lived":true, "marked":true}}
{"address":"0x7fcbb10ba0e8", "type":"STRING", "class":"0x7fcbb10e0ef0", "frozen":true, "embedded":true, "fstring":true, "bytesize":16, "value":"change_privilege", "encoding":"US-ASCII", "memsize":40, "flags":{"wb_protected":true, "old":true, "long_lived":true, "marked":true}}
{"address":"0x7fcbb10ba110", "type":"STRING", "class":"0x7fcbb10e0ef0", "frozen":true, "embedded":true, "fstring":true, "bytesize":3, "value":"eid", "encoding":"US-ASCII", "memsize":40, "flags":{"wb_protected":true, "old":true, "long_lived":true, "marked":true}}
{"address":"0x7fcbb10ba138", "type":"CLASS", "class":"0x7fcbb10e2408", "name":"Module", "references":["0x7fcbb10ba138", "0x7fcbb10ba138", "0x7fcbb10ba138", "0x7fcbb10ba138", "0x7fcbb10ba138", "0x7fcbb10ba138", "0x7fcbb10ba138", "0x7fcbb10ba138", "0x7fcbb10ba138", "0x7fcbb10ba138", "0x7fcbb10ba1d8", "0x7fcbb10e2c28"], "memsize":1176, "flags":{"wb_protected":true, "old":true, "long_lived":true, "marked":true}}
{"address":"0x7fcbb10ba160", "type":"CLASS", "class":"0x7fcbb10e2408", "name":"Module", "references":["0x7fcbb10ba160", "0x7fcbb10ba160", "0x7fcbb10ba160", "0x7fcbb10ba160", "0x7fcbb10ba160", "0x7fcbb10ba160", "0x7fcbb10ba160", "0x7fcbb10ba160", "0x7fcbb10ba160", "0x7fcbb10ba160", "0x7fcbb10ba250", "0x7fcbb10e2c28"], "memsize":1176, "flags":{"wb_protected":true, "old":true, "long_lived":true, "marked":true}}
{"address":"0x7fcbb10ba188", "type":"STRING", "class":"0x7fcbb10e0ef0", "frozen":true, "embedded":true, "fstring":true, "bytesize":3, "value":"rid", "encoding":"US-ASCII", "memsize":40, "flags":{"wb_protected":true, "old":true, "long_lived":true, "marked":true}}
{"address":"0x7fcbb10ba1b0", "type":"STRING", "class":"0x7fcbb10e0ef0", "frozen":true, "embedded":true, "bytesize":12, "value":"Process::GID", "encoding":"US-ASCII", "memsize":40, "flags":{"wb_protected":true, "old":true, "long_lived":true, "marked":true}}
{"address":"0x7fcbb10ba1d8", "type":"MODULE", "class":"0x7fcbb10ba138", "name":"Process::GID", "references":["0x7fcbb10ba1d8", "0x7fcbb10ba1d8", "0x7fcbb10ba1d8", "0x7fcbb10ba1d8", "0x7fcbb10ba1d8", "0x7fcbb10ba1d8", "0x7fcbb10ba1d8", "0x7fcbb10ba1d8", "0x7fcbb10ba1d8", "0x7fcbb10ba1b0"], "memsize":1128, "flags":{"wb_protected":true, "old":true, "long_lived":true, "marked":true}}
{"address":"0x7fcbb10ba200", "type":"STRING", "class":"0x7fcbb10e0ef0", "frozen":true, "embedded":true, "fstring":true, "bytesize":3, "value":"GID", "encoding":"US-ASCII", "memsize":40, "flags":{"wb_protected":true, "old":true, "long_lived":true, "marked":true}}
{"address":"0x7fcbb10ba228", "type":"STRING", "class":"0x7fcbb10e0ef0", "frozen":true, "embedded":true, "bytesize":12, "value":"Process::UID", "encoding":"US-ASCII", "memsize":40, "flags":{"wb_protected":true, "old":true, "long_lived":true, "marked":true}}
{"address":"0x7fcbb10ba250", "type":"MODULE", "class":"0x7fcbb10ba160", "name":"Process::UID", "references":["0x7fcbb10ba250", "0x7fcbb10ba250", "0x7fcbb10ba250", "0x7fcbb10ba250", "0x7fcbb10ba250", "0x7fcbb10ba250", "0x7fcbb10ba250", "0x7fcbb10ba250", "0x7fcbb10ba250", "0x7fcbb10ba228"], "memsize":1128, "flags":{"wb_protected":true, "old":true, "long_lived":true, "marked":true}}
{"address":"0x7fcbb10ba278", "type":"STRING", "class":"0x7fcbb10e0ef0", "frozen":true, "embedded":true, "fstring":true, "bytesize":3, "value":"UID", "encoding":"US-ASCII", "memsize":40, "flags":{"wb_protected":true, "old":true, "long_lived":true, "marked":true}}
{"address":"0x7fcbb10ba2f0", "type":"NODE", "frozen":true, "node_type":"NODE_CREF", "memsize":40, "flags":{"wb_protected":true, "old":true, "long_lived":true, "marked":true}}
{"address":"0x7fcbb10ba318", "type":"DATA", "class":"0x7fcbb10c0100", "struct":"iseq", "references":["0x7fcbb10ba368", "0x7fcbb10ba368", "0x7fcbb10c0498", "0x7fcbb10ba2f0"], "memsize":384, "flags":{"wb_protected":true, "old":true, "long_lived":true, "marked":true}}
{"address":"0x7fcbb10ba368", "type":"STRING", "class":"0x7fcbb10e0ef0", "frozen":true, "embedded":true, "fstring":true, "bytesize":7, "value":"cstime=", "encoding":"US-ASCII", "memsize":40, "flags":{"wb_protected":true, "old":true, "long_lived":true, "marked":true}}
{"address":"0x7fcbb10ba390", "type":"DATA", "class":"0x7fcbb10c0100", "struct":"iseq", "references":["0x7fcbb10ba3b8", "0x7fcbb1862048", "0x7fcbb1840970", "0x7fcbb1840970", "0x7fcbb10ba570"], "memsize":1544, "flags":{"wb_protected":true, "old":true, "long_lived":true, "marked":true}}
{"address":"0x7fcbb10ba3b8", "type":"STRING", "class":"0x7fcbb10e0ef0", "frozen":true, "embedded":true, "fstring":true, "bytesize":17, "value":"block in _resort!", "memsize":40, "flags":{"wb_protected":true, "old":true, "long_lived":true, "marked":true}}
{"address":"0x7fcbb10ba3e0", "type":"NODE", "frozen":true, "node_type":"NODE_CREF", "memsize":40, "flags":{"wb_protected":true, "old":true, "long_lived":true, "marked":true}}
{"address":"0x7fcbb10ba408", "type":"DATA", "class":"0x7fcbb10c0100", "struct":"iseq", "references":["0x7fcbb10ba458", "0x7fcbb10ba458", "0x7fcbb10c0498", "0x7fcbb10ba3e0"], "memsize":384, "flags":{"wb_protected":true, "old":true, "long_lived":true, "marked":true}}
{"address":"0x7fcbb10ba458", "type":"STRING", "class":"0x7fcbb10e0ef0", "frozen":true, "embedded":true, "fstring":true, "bytesize":7, "value":"cutime=", "encoding":"US-ASCII", "memsize":40, "flags":{"wb_protected":true, "old":true, "long_lived":true, "marked":true}}
{"address":"0x7fcbb10ba4a8", "type":"STRING", "class":"0x7fcbb10e0ef0", "frozen":true, "bytesize":54, "capacity":128, "value":"/Users/path/.rvm/rubies/ruby-2.2.3/lib/x86_64-darwin14", "encoding":"UTF-8", "memsize":169, "flags":{"wb_protected":true, "old":true, "long_lived":true, "marked":true}}
{"address":"0x7fcbb10ba4d0", "type":"NODE", "frozen":true, "node_type":"NODE_CREF", "memsize":40, "flags":{"wb_protected":true, "old":true, "long_lived":true, "marked":true}}
{"address":"0x7fcbb10ba4f8", "type":"DATA", "class":"0x7fcbb10c0100", "struct":"iseq", "references":["0x7fcbb10ba548", "0x7fcbb10ba548", "0x7fcbb10c0498", "0x7fcbb10ba4d0"], "memsize":376, "flags":{"wb_protected":true, "old":true, "long_lived":true, "marked":true}}
{"address":"0x7fcbb10ba548", "type":"STRING", "class":"0x7fcbb10e0ef0", "frozen":true, "embedded":true, "fstring":true, "bytesize":6, "value":"stime=", "encoding":"US-ASCII", "memsize":40, "flags":{"wb_protected":true, "old":true, "long_lived":true, "marked":true}}
{"address":"0x7fcbb10ba570", "type":"NODE", "frozen":true, "node_type":"NODE_CREF", "references":["0x7fcbb1906558", "0x7fcbb2022558"], "memsize":40, "flags":{"wb_protected":true, "old":true, "long_lived":true, "marked":true}}
{"address":"0x7fcbb10ba598", "type":"DATA", "class":"0x7fcbb10c0100", "struct":"iseq", "references":["0x7fcbb10b9508", "0x7fcbb1862048", "0x7fcbb1862048", "0x7fcbb1840970", "0x7fcbb1840970", "0x7fcbb10ba570", "0x7fcbb1906530"], "memsize":584, "flags":{"wb_protected":true, "old":true, "long_lived":true, "marked":true}}
{"address":"0x7fcbb10ba5c0", "type":"NODE", "frozen":true, "node_type":"NODE_CREF", "memsize":40, "flags":{"wb_protected":true, "old":true, "long_lived":true, "marked":true}}
{"address":"0x7fcbb10ba5e8", "type":"DATA", "class":"0x7fcbb10c0100", "struct":"iseq", "references":["0x7fcbb10ba638", "0x7fcbb10ba638", "0x7fcbb10c0498", "0x7fcbb10ba5c0"], "memsize":376, "flags":{"wb_protected":true, "old":true, "long_lived":true, "marked":true}}
{"address":"0x7fcbb10ba638", "type":"STRING", "class":"0x7fcbb10e0ef0", "frozen":true, "embedded":true, "fstring":true, "bytesize":6, "value":"utime=", "encoding":"US-ASCII", "memsize":40, "flags":{"wb_protected":true, "old":true, "long_lived":true, "marked":true}}
{"address":"0x7fcbb10ba660", "type":"STRING", "class":"0x7fcbb10e0ef0", "frozen":true, "embedded":true, "bytesize":12, "value":"Process::Tms", "encoding":"US-ASCII", "memsize":40, "flags":{"wb_protected":true, "old":true, "long_lived":true, "marked":true}}
{"address":"0x7fcbb10ba688", "type":"CLASS", "class":"0x7fcbb10e2430", "name":"Class", "references":["0x7fcbb10ba688", "0x7fcbb10ba688", "0x7fcbb10ba688", "0x7fcbb10ba6b0", "0x7fcbb10d0d98"], "memsize":712, "flags":{"wb_protected":true, "old":true, "long_lived":true, "marked":true}}
{"address":"0x7fcbb10ba6b0", "type":"CLASS", "class":"0x7fcbb10ba688", "name":"Process::Tms", "references":["0x7fcbb10ba6b0", "0x7fcbb10ba6b0", "0x7fcbb10ba5e8", "0x7fcbb10ba6b0", "0x7fcbb10ba6b0", "0x7fcbb10ba4f8", "0x7fcbb10ba6b0", "0x7fcbb10ba6b0", "0x7fcbb10ba408", "0x7fcbb10ba6b0", "0x7fcbb10ba6b0", "0x7fcbb10ba318", "0x7fcbb10ba660", "0x7fcbb10ba778", "0x7fcbb10d0dc0"], "memsize":1080, "flags":{"wb_protected":true, "old":true, "long_lived":true, "marked":true}}
{"address":"0x7fcbb10ba6d8", "type":"STRING", "class":"0x7fcbb10e0ef0", "frozen":true, "embedded":true, "fstring":true, "bytesize":3, "value":"Tms", "encoding":"US-ASCII", "memsize":40, "flags":{"wb_protected":true, "old":true, "long_lived":true, "marked":true}}
{"address":"0x7fcbb10ba700", "type":"STRING", "class":"0x7fcbb10e0ef0", "frozen":true, "embedded":true, "fstring":true, "bytesize":6, "value":"cstime", "encoding":"US-ASCII", "memsize":40, "flags":{"wb_protected":true, "old":true, "long_lived":true, "marked":true}}
{"address":"0x7fcbb10ba728", "type":"STRING", "class":"0x7fcbb10e0ef0", "frozen":true, "embedded":true, "fstring":true, "bytesize":6, "value":"cutime", "encoding":"US-ASCII", "memsize":40, "flags":{"wb_protected":true, "old":true, "long_lived":true, "marked":true}}
{"address":"0x7fcbb10ba750", "type":"STRING", "class":"0x7fcbb10e0ef0", "frozen":true, "embedded":true, "fstring":true, "bytesize":5, "value":"stime", "encoding":"US-ASCII", "memsize":40, "flags":{"wb_protected":true, "old":true, "long_lived":true, "marked":true}}
{"address":"0x7fcbb10ba778", "type":"ARRAY", "frozen":true, "length":4, "memsize":200, "flags":{"wb_protected":true, "old":true, "long_lived":true, "marked":true}}
{"address":"0x7fcbb10ba7a0", "type":"STRING", "class":"0x7fcbb10e0ef0", "frozen":true, "embedded":true, "fstring":true, "bytesize":12, "value":"clock_getres", "encoding":"US-ASCII", "memsize":40, "flags":{"wb_protected":true, "old":true, "long_lived":true, "marked":true}}
{"address":"0x7fcbb10ba7c8", "type":"STRING", "class":"0x7fcbb10e0ef0", "frozen":true, "embedded":true, "fstring":true, "bytesize":13, "value":"clock_gettime", "encoding":"US-ASCII", "memsize":40, "flags":{"wb_protected":true, "old":true, "long_lived":true, "marked":true}}
{"address":"0x7fcbb10ba7f0", "type":"STRING", "class":"0x7fcbb10e0ef0", "frozen":true, "fstring":true, "bytesize":24, "value":"CLOCK_PROCESS_CPUTIME_ID", "encoding":"US-ASCII", "memsize":65, "flags":{"wb_protected":true, "old":true, "long_lived":true, "marked":true}}
{"address":"0x7fcbb10ba818", "type":"STRING", "class":"0x7fcbb10e0ef0", "frozen":true, "embedded":true, "fstring":true, "bytesize":15, "value":"CLOCK_MONOTONIC", "encoding":"US-ASCII", "memsize":40, "flags":{"wb_protected":true, "old":true, "long_lived":true, "marked":true}}
{"address":"0x7fcbb10ba840", "type":"STRING", "class":"0x7fcbb10e0ef0", "frozen":true, "embedded":true, "fstring":true, "bytesize":14, "value":"CLOCK_REALTIME", "encoding":"US-ASCII", "memsize":40, "flags":{"wb_protected":true, "old":true, "long_lived":true, "marked":true}}
{"address":"0x7fcbb10ba868", "type":"STRING", "class":"0x7fcbb10e0ef0", "frozen":true, "embedded":true, "fstring":true, "bytesize":6, "value":"daemon", "encoding":"US-ASCII", "memsize":40, "flags":{"wb_protected":true, "old":true, "long_lived":true, "marked":true}}
{"address":"0x7fcbb10ba890", "type":"STRING", "class":"0x7fcbb10e0ef0", "frozen":true, "embedded":true, "fstring":true, "bytesize":10, "value":"maxgroups=", "encoding":"US-ASCII", "memsize":40, "flags":{"wb_protected":true, "old":true, "long_lived":true, "marked":true}}
{"address":"0x7fcbb10ba8b8", "type":"STRING", "class":"0x7fcbb10e0ef0", "frozen":true, "embedded":true, "fstring":true, "bytesize":9, "value":"maxgroups", "encoding":"US-ASCII", "memsize":40, "flags":{"wb_protected":true, "old":true, "long_lived":true, "marked":true}}
{"address":"0x7fcbb10ba8e0", "type":"STRING", "class":"0x7fcbb10e0ef0", "frozen":true, "embedded":true, "fstring":true, "bytesize":7, "value":"groups=", "encoding":"US-ASCII", "memsize":40, "flags":{"wb_protected":true, "old":true, "long_lived":true, "marked":true}}
{"address":"0x7fcbb10ba908", "type":"STRING", "class":"0x7fcbb10e0ef0", "frozen":true, "embedded":true, "fstring":true, "bytesize":6, "value":"groups", "encoding":"US-ASCII", "memsize":40, "flags":{"wb_protected":true, "old":true, "long_lived":true, "marked":true}}
{"address":"0x7fcbb10ba930", "type":"STRING", "class":"0x7fcbb10e0ef0", "frozen":true, "embedded":true, "fstring":true, "bytesize":10, "value":"initgroups", "encoding":"US-ASCII", "memsize":40, "flags":{"wb_protected":true, "old":true, "long_lived":true, "marked":true}}
{"address":"0x7fcbb10ba958", "type":"STRING", "class":"0x7fcbb10e0ef0", "frozen":true, "embedded":true, "fstring":true, "bytesize":5, "value":"egid=", "encoding":"US-ASCII", "memsize":40, "flags":{"wb_protected":true, "old":true, "long_lived":true, "marked":true}}
{"address":"0x7fcbb10ba980", "type":"STRING", "class":"0x7fcbb10e0ef0", "frozen":true, "embedded":true, "fstring":true, "bytesize":4, "value":"egid", "encoding":"US-ASCII", "memsize":40, "flags":{"wb_protected":true, "old":true, "long_lived":true, "marked":true}}
{"address":"0x7fcbb10ba9a8", "type":"STRING", "class":"0x7fcbb10e0ef0", "frozen":true, "embedded":true, "fstring":true, "bytesize":5, "value":"euid=", "encoding":"US-ASCII", "memsize":40, "flags":{"wb_protected":true, "old":true, "long_lived":true, "marked":true}}
{"address":"0x7fcbb10ba9d0", "type":"STRING", "class":"0x7fcbb10e0ef0", "frozen":true, "embedded":true, "fstring":true, "bytesize":4, "value":"euid", "encoding":"US-ASCII", "memsize":40, "flags":{"wb_protected":true, "old":true, "long_lived":true, "marked":true}}
{"address":"0x7fcbb10ba9f8", "type":"STRING", "class":"0x7fcbb10e0ef0", "frozen":true, "embedded":true, "fstring":true, "bytesize":4, "value":"gid=", "encoding":"US-ASCII", "memsize":40, "flags":{"wb_protected":true, "old":true, "long_lived":true, "marked":true}}
{"address":"0x7fcbb10baa20", "type":"STRING", "class":"0x7fcbb10e0ef0", "frozen":true, "embedded":true, "fstring":true, "bytesize":4, "value":"uid=", "encoding":"US-ASCII", "memsize":40, "flags":{"wb_protected":true, "old":true, "long_lived":true, "marked":true}}
{"address":"0x7fcbb10baa48", "type":"STRING", "class":"0x7fcbb10e0ef0", "frozen":true, "embedded":true, "fstring":true, "bytesize":12, "value":"RLIMIT_STACK", "encoding":"US-ASCII", "memsize":40, "flags":{"wb_protected":true, "old":true, "long_lived":true, "marked":true}}
{"address":"0x7fcbb10baa70", "type":"STRING", "class":"0x7fcbb10e0ef0", "frozen":true, "embedded":true, "fstring":true, "bytesize":10, "value":"RLIMIT_RSS", "encoding":"US-ASCII", "memsize":40, "flags":{"wb_protected":true, "old":true, "long_lived":true, "marked":true}}
{"address":"0x7fcbb10baa98", "type":"STRING", "class":"0x7fcbb10e0ef0", "frozen":true, "embedded":true, "fstring":true, "bytesize":12, "value":"RLIMIT_NPROC", "encoding":"US-ASCII", "memsize":40, "flags":{"wb_protected":true, "old":true, "long_lived":true, "marked":true}}
{"address":"0x7fcbb10baac0", "type":"STRING", "class":"0x7fcbb10e0ef0", "frozen":true, "embedded":true, "fstring":true, "bytesize":13, "value":"RLIMIT_NOFILE", "encoding":"US-ASCII", "memsize":40, "flags":{"wb_protected":true, "old":true, "long_lived":true, "marked":true}}
{"address":"0x7fcbb10baae8", "type":"STRING", "class":"0x7fcbb10e0ef0", "frozen":true, "embedded":true, "fstring":true, "bytesize":14, "value":"RLIMIT_MEMLOCK", "encoding":"US-ASCII", "memsize":40, "flags":{"wb_protected":true, "old":true, "long_lived":true, "marked":true}}
{"address":"0x7fcbb10bab10", "type":"STRING", "class":"0x7fcbb10e0ef0", "frozen":true, "embedded":true, "fstring":true, "bytesize":12, "value":"RLIMIT_FSIZE", "encoding":"US-ASCII", "memsize":40, "flags":{"wb_protected":true, "old":true, "long_lived":true, "marked":true}}
{"address":"0x7fcbb10bab38", "type":"STRING", "class":"0x7fcbb10e0ef0", "frozen":true, "embedded":true, "fstring":true, "bytesize":11, "value":"RLIMIT_DATA", "encoding":"US-ASCII", "memsize":40, "flags":{"wb_protected":true, "old":true, "long_lived":true, "marked":true}}
{"address":"0x7fcbb10bab60", "type":"STRING", "class":"0x7fcbb10e0ef0", "frozen":true, "embedded":true, "fstring":true, "bytesize":10, "value":"RLIMIT_CPU", "encoding":"US-ASCII", "memsize":40, "flags":{"wb_protected":true, "old":true, "long_lived":true, "marked":true}}
{"address":"0x7fcbb10bab88", "type":"STRING", "class":"0x7fcbb10e0ef0", "frozen":true, "embedded":true, "fstring":true, "bytesize":11, "value":"RLIMIT_CORE", "encoding":"US-ASCII", "memsize":40, "flags":{"wb_protected":true, "old":true, "long_lived":true, "marked":true}}
{"address":"0x7fcbb10babb0", "type":"STRING", "class":"0x7fcbb10e0ef0", "frozen":true, "embedded":true, "fstring":true, "bytesize":9, "value":"RLIMIT_AS", "encoding":"US-ASCII", "memsize":40, "flags":{"wb_protected":true, "old":true, "long_lived":true, "marked":true}}
{"address":"0x7fcbb10babd8", "type":"STRING", "class":"0x7fcbb10e0ef0", "frozen":true, "embedded":true, "fstring":true, "bytesize":14, "value":"RLIM_SAVED_CUR", "encoding":"US-ASCII", "memsize":40, "flags":{"wb_protected":true, "old":true, "long_lived":true, "marked":true}}
{"address":"0x7fcbb10bac00", "type":"STRING", "class":"0x7fcbb10e0ef0", "frozen":true, "embedded":true, "fstring":true, "bytesize":13, "value":"RLIM_INFINITY", "encoding":"US-ASCII", "memsize":40, "flags":{"wb_protected":true, "old":true, "long_lived":true, "marked":true}}
{"address":"0x7fcbb10bac28", "type":"STRING", "class":"0x7fcbb10e0ef0", "frozen":true, "embedded":true, "fstring":true, "bytesize":14, "value":"RLIM_SAVED_MAX", "encoding":"US-ASCII", "memsize":40, "flags":{"wb_protected":true, "old":true, "long_lived":true, "marked":true}}
{"address":"0x7fcbb10bac50", "type":"BIGNUM", "class":"0x7fcbb10da000", "frozen":true, "memsize":40, "flags":{"wb_protected":true, "old":true, "long_lived":true, "marked":true}}
{"address":"0x7fcbb10bac78", "type":"STRING", "class":"0x7fcbb10e0ef0", "frozen":true, "embedded":true, "fstring":true, "bytesize":9, "value":"setrlimit", "encoding":"US-ASCII", "memsize":40, "flags":{"wb_protected":true, "old":true, "long_lived":true, "marked":true}}
{"address":"0x7fcbb10baca0", "type":"STRING", "class":"0x7fcbb10e0ef0", "frozen":true, "embedded":true, "fstring":true, "bytesize":9, "value":"getrlimit", "encoding":"US-ASCII", "memsize":40, "flags":{"wb_protected":true, "old":true, "long_lived":true, "marked":true}}
{"address":"0x7fcbb10bacc8", "type":"STRING", "class":"0x7fcbb10e0ef0", "frozen":true, "embedded":true, "fstring":true, "bytesize":9, "value":"PRIO_USER", "encoding":"US-ASCII", "memsize":40, "flags":{"wb_protected":true, "old":true, "long_lived":true, "marked":true}}
{"address":"0x7fcbb10bacf0", "type":"STRING", "class":"0x7fcbb10e0ef0", "frozen":true, "embedded":true, "fstring":true, "bytesize":9, "value":"PRIO_PGRP", "encoding":"US-ASCII", "memsize":40, "flags":{"wb_protected":true, "old":true, "long_lived":true, "marked":true}}
{"address":"0x7fcbb10bad18", "type":"STRING", "class":"0x7fcbb10e0ef0", "frozen":true, "embedded":true, "fstring":true, "bytesize":12, "value":"PRIO_PROCESS", "encoding":"US-ASCII", "memsize":40, "flags":{"wb_protected":true, "old":true, "long_lived":true, "marked":true}}
{"address":"0x7fcbb10bad40", "type":"STRING", "class":"0x7fcbb10e0ef0", "frozen":true, "embedded":true, "fstring":true, "bytesize":11, "value":"setpriority", "encoding":"US-ASCII", "memsize":40, "flags":{"wb_protected":true, "old":true, "long_lived":true, "marked":true}}
{"address":"0x7fcbb10bad68", "type":"STRING", "class":"0x7fcbb10e0ef0", "frozen":true, "embedded":true, "fstring":true, "bytesize":11, "value":"getpriority", "encoding":"US-ASCII", "memsize":40, "flags":{"wb_protected":true, "old":true, "long_lived":true, "marked":true}}
{"address":"0x7fcbb10bad90", "type":"STRING", "class":"0x7fcbb10e0ef0", "frozen":true, "embedded":true, "fstring":true, "bytesize":6, "value":"setsid", "encoding":"US-ASCII", "memsize":40, "flags":{"wb_protected":true, "old":true, "long_lived":true, "marked":true}}
{"address":"0x7fcbb10badb8", "type":"STRING", "class":"0x7fcbb10e0ef0", "frozen":true, "embedded":true, "fstring":true, "bytesize":6, "value":"getsid", "encoding":"US-ASCII", "memsize":40, "flags":{"wb_protected":true, "old":true, "long_lived":true, "marked":true}}
{"address":"0x7fcbb10bade0", "type":"STRING", "class":"0x7fcbb10e0ef0", "frozen":true, "embedded":true, "fstring":true, "bytesize":7, "value":"setpgid", "encoding":"US-ASCII", "memsize":40, "flags":{"wb_protected":true, "old":true, "long_lived":true, "marked":true}}
{"address":"0x7fcbb10bae08", "type":"STRING", "class":"0x7fcbb10e0ef0", "frozen":true, "embedded":true, "fstring":true, "bytesize":7, "value":"getpgid", "encoding":"US-ASCII", "memsize":40, "flags":{"wb_protected":true, "old":true, "long_lived":true, "marked":true}}
{"address":"0x7fcbb10bae30", "type":"STRING", "class":"0x7fcbb10e0ef0", "frozen":true, "embedded":true, "fstring":true, "bytesize":7, "value":"setpgrp", "encoding":"US-ASCII", "memsize":40, "flags":{"wb_protected":true, "old":true, "long_lived":true, "marked":true}}
{"address":"0x7fcbb10bae58", "type":"STRING", "class":"0x7fcbb10e0ef0", "frozen":true, "embedded":true, "fstring":true, "bytesize":7, "value":"getpgrp", "encoding":"US-ASCII", "memsize":40, "flags":{"wb_protected":true, "old":true, "long_lived":true, "marked":true}}
{"address":"0x7fcbb10bae80", "type":"STRING", "class":"0x7fcbb10e0ef0", "frozen":true, "embedded":true, "fstring":true, "bytesize":4, "value":"ppid", "encoding":"US-ASCII", "memsize":40, "flags":{"wb_protected":true, "old":true, "long_lived":true, "marked":true}}
{"address":"0x7fcbb10baea8", "type":"STRING", "class":"0x7fcbb10e0ef0", "frozen":true, "embedded":true, "fstring":true, "bytesize":9, "value":"coredump?", "encoding":"US-ASCII", "memsize":40, "flags":{"wb_protected":true, "old":true, "long_lived":true, "marked":true}}
{"address":"0x7fcbb10baed0", "type":"STRING", "class":"0x7fcbb10e0ef0", "frozen":true, "embedded":true, "fstring":true, "bytesize":10, "value":"exitstatus", "encoding":"US-ASCII", "memsize":40, "flags":{"wb_protected":true, "old":true, "long_lived":true, "marked":true}}
{"address":"0x7fcbb10baef8", "type":"STRING", "class":"0x7fcbb10e0ef0", "frozen":true, "embedded":true, "fstring":true, "bytesize":7, "value":"exited?", "encoding":"US-ASCII", "memsize":40, "flags":{"wb_protected":true, "old":true, "long_lived":true, "marked":true}}
{"address":"0x7fcbb10baf20", "type":"STRING", "class":"0x7fcbb10e0ef0", "frozen":true, "embedded":true, "fstring":true, "bytesize":7, "value":"termsig", "encoding":"US-ASCII", "memsize":40, "flags":{"wb_protected":true, "old":true, "long_lived":true, "marked":true}}
{"address":"0x7fcbb10baf48", "type":"STRING", "class":"0x7fcbb10e0ef0", "frozen":true, "embedded":true, "fstring":true, "bytesize":9, "value":"signaled?", "encoding":"US-ASCII", "memsize":40, "flags":{"wb_protected":true, "old":true, "long_lived":true, "marked":true}}
{"address":"0x7fcbb10baf70", "type":"STRING", "class":"0x7fcbb10e0ef0", "frozen":true, "embedded":true, "fstring":true, "bytesize":7, "value":"stopsig", "encoding":"US-ASCII", "memsize":40, "flags":{"wb_protected":true, "old":true, "long_lived":true, "marked":true}}
{"address":"0x7fcbb10baf98", "type":"STRING", "class":"0x7fcbb10e0ef0", "frozen":true, "embedded":true, "fstring":true, "bytesize":8, "value":"stopped?", "encoding":"US-ASCII", "memsize":40, "flags":{"wb_protected":true, "old":true, "long_lived":true, "marked":true}}
{"address":"0x7fcbb10bafc0", "type":"STRING", "class":"0x7fcbb10e0ef0", "frozen":true, "embedded":true, "bytesize":15, "value":"Process::Status", "encoding":"US-ASCII", "memsize":40, "flags":{"wb_protected":true, "old":true, "long_lived":true, "marked":true}}
{"address":"0x7fcbb10bafe8", "type":"CLASS", "class":"0x7fcbb10e2430", "name":"Class", "references":["0x7fcbb10bafe8", "0x7fcbb10bb010", "0x7fcbb10e23e0"], "memsize":712, "flags":{"wb_protected":true, "old":true, "long_lived":true, "marked":true}}
{"address":"0x7fcbb10bb010", "type":"CLASS", "class":"0x7fcbb10bafe8", "name":"Process::Status", "references":["0x7fcbb10bb010", "0x7fcbb10bb010", "0x7fcbb10bb010", "0x7fcbb10bb010", "0x7fcbb10bb010", "0x7fcbb10bb010", "0x7fcbb10bb010", "0x7fcbb10bb010", "0x7fcbb10bb010", "0x7fcbb10bb010", "0x7fcbb10bb010", "0x7fcbb10bb010", "0x7fcbb10bb010", "0x7fcbb10bb010", "0x7fcbb10bb010", "0x7fcbb10bafc0", "0x7fcbb10e2c78"], "memsize":1416, "flags":{"wb_protected":true, "old":true, "long_lived":true, "marked":true}}
{"address":"0x7fcbb10bb038", "type":"STRING", "class":"0x7fcbb10e0ef0", "frozen":true, "embedded":true, "fstring":true, "bytesize":6, "value":"Status", "encoding":"US-ASCII", "memsize":40, "flags":{"wb_protected":true, "old":true, "long_lived":true, "marked":true}}
{"address":"0x7fcbb10bb060", "type":"STRING", "class":"0x7fcbb10e0ef0", "frozen":true, "embedded":true, "bytesize":15, "value":"Process::Waiter", "encoding":"US-ASCII", "memsize":40, "flags":{"wb_protected":true, "old":true, "long_lived":true, "marked":true}}
{"address":"0x7fcbb10bb088", "type":"CLASS", "class":"0x7fcbb10e2430", "name":"Class", "references":["0x7fcbb10bb088", "0x7fcbb10bb0b0", "0x7fcbb10c2298"], "memsize":712, "flags":{"wb_protected":true, "old":true, "long_lived":true, "marked":true}}
{"address":"0x7fcbb10bb0b0", "type":"CLASS", "class":"0x7fcbb10bb088", "name":"Process::Waiter", "references":["0x7fcbb10bb0b0", "0x7fcbb10bb060", "0x7fcbb10c22c0"], "memsize":712, "flags":{"wb_protected":true, "old":true, "long_lived":true, "marked":true}}
{"address":"0x7fcbb10bb0d8", "type":"STRING", "class":"0x7fcbb10e0ef0", "frozen":true, "embedded":true, "fstring":true, "bytesize":6, "value":"Waiter", "encoding":"US-ASCII", "memsize":40, "flags":{"wb_protected":true, "old":true, "long_lived":true, "marked":true}}
{"address":"0x7fcbb10bb100", "type":"STRING", "class":"0x7fcbb10e0ef0", "frozen":true, "embedded":true, "fstring":true, "bytesize":6, "value":"detach", "encoding":"US-ASCII", "memsize":40, "flags":{"wb_protected":true, "old":true, "long_lived":true, "marked":true}}
{"address":"0x7fcbb10bb128", "type":"STRING", "class":"0x7fcbb10e0ef0", "frozen":true, "embedded":true, "fstring":true, "bytesize":7, "value":"waitall", "encoding":"US-ASCII", "memsize":40, "flags":{"wb_protected":true, "old":true, "long_lived":true, "marked":true}}
{"address":"0x7fcbb10bb150", "type":"STRING", "class":"0x7fcbb10e0ef0", "frozen":true, "embedded":true, "fstring":true, "bytesize":8, "value":"waitpid2", "encoding":"US-ASCII", "memsize":40, "flags":{"wb_protected":true, "old":true, "long_lived":true, "marked":true}}
{"address":"0x7fcbb10bb178", "type":"STRING", "class":"0x7fcbb10e0ef0", "frozen":true, "embedded":true, "fstring":true, "bytesize":7, "value":"waitpid", "encoding":"US-ASCII", "memsize":40, "flags":{"wb_protected":true, "old":true, "long_lived":true, "marked":true}}
{"address":"0x7fcbb10bb1a0", "type":"STRING", "class":"0x7fcbb10e0ef0", "frozen":true, "embedded":true, "fstring":true, "bytesize":5, "value":"wait2", "encoding":"US-ASCII", "memsize":40, "flags":{"wb_protected":true, "old":true, "long_lived":true, "marked":true}}
{"address":"0x7fcbb10bb1c8", "type":"STRING", "class":"0x7fcbb10e0ef0", "frozen":true, "embedded":true, "fstring":true, "bytesize":4, "value":"wait", "encoding":"US-ASCII", "memsize":40, "flags":{"wb_protected":true, "old":true, "long_lived":true, "marked":true}}
{"address":"0x7fcbb10bb1f0", "type":"CLASS", "class":"0x7fcbb10e2408", "name":"Module", "references":["0x7fcbb10bb1f0", "0x7fcbb10bb1f0", "0x7fcbb10bb1f0", "0x7fcbb10bb1f0", "0x7fcbb10bb1f0", "0x7fcbb10bb1f0", "0x7fcbb10bb1f0", "0x7fcbb10bb1f0", "0x7fcbb10bb1f0", "0x7fcbb10bb1f0", "0x7fcbb10bb1f0", "0x7fcbb10bb1f0", "0x7fcbb10bb1f0", "0x7fcbb10bb1f0", "0x7fcbb10bb1f0", "0x7fcbb10bb1f0", "0x7fcbb10bb1f0", "0x7fcbb10bb1f0", "0x7fcbb10bb1f0", "0x7fcbb10bb1f0", "0x7fcbb10bb1f0", "0x7fcbb10bb1f0", "0x7fcbb10bb1f0", "0x7fcbb10bb1f0", "0x7fcbb10bb1f0", "0x7fcbb10bb1f0", "0x7fcbb10bb1f0", "0x7fcbb10bb1f0", "0x7fcbb10bb1f0", "0x7fcbb10bb1f0", "0x7fcbb10bb1f0", "0x7fcbb10bb1f0", "0x7fcbb10bb1f0", "0x7fcbb10bb1f0", "0x7fcbb10bb1f0", "0x7fcbb10bb1f0", "0x7fcbb10bb1f0", "0x7fcbb10bb1f0", "0x7fcbb10bb1f0", "0x7fcbb10bb1f0", "0x7fcbb10bb1f0", "0x7fcbb10bb1f0", "0x7fcbb10bb1f0", "0x7fcbb10bb1f0", "0x7fcbb10bb268", "0x7fcbb10e2c28"], "memsize":2808, "flags":{"wb_protected":true, "old":true, "long_lived":true, "marked":true}}
{"address":"0x7fcbb10bb218", "type":"STRING", "class":"0x7fcbb10e0ef0", "frozen":true, "embedded":true, "fstring":true, "bytesize":9, "value":"WUNTRACED", "encoding":"US-ASCII", "memsize":40, "flags":{"wb_protected":true, "old":true, "long_lived":true, "marked":true}}
{"address":"0x7fcbb10bb240", "type":"STRING", "class":"0x7fcbb10e0ef0", "frozen":true, "embedded":true, "fstring":true, "bytesize":7, "value":"WNOHANG", "encoding":"US-ASCII", "memsize":40, "flags":{"wb_protected":true, "old":true, "long_lived":true, "marked":true}}
{"address":"0x7fcbb10bb268", "type":"MODULE", "class":"0x7fcbb10bb1f0", "name":"Process", "references":["0x7fcbb10bb268", "0x7fcbb10bb268", "0x7fcbb10bb268", "0x7fcbb10bb268", "0x7fcbb10bb268", "0x7fcbb10bb268", "0x7fcbb10bb268", "0x7fcbb10bb268", "0x7fcbb10bb268", "0x7fcbb10bb268", "0x7fcbb10bb268", "0x7fcbb10bb268", "0x7fcbb10bb268", "0x7fcbb10bb268", "0x7fcbb10bb268", "0x7fcbb10bb268", "0x7fcbb10bb268", "0x7fcbb10bb268", "0x7fcbb10bb268", "0x7fcbb10bb268", "0x7fcbb10bb268", "0x7fcbb10bb268", "0x7fcbb10bb268", "0x7fcbb10bb268", "0x7fcbb10bb268", "0x7fcbb10bb268", "0x7fcbb10bb268", "0x7fcbb10bb268", "0x7fcbb10bb268", "0x7fcbb10bb268", "0x7fcbb10bb268", "0x7fcbb10bb268", "0x7fcbb10bb268", "0x7fcbb10bb268", "0x7fcbb10bb268", "0x7fcbb10bb268", "0x7fcbb10bb268", "0x7fcbb10bb268", "0x7fcbb10bb290", "0x7fcbb10c0498", "0x7fcbb10c0498", "0x7fcbb10bb0b0", "0x7fcbb10c0498", "0x7fcbb10bb010", "0x7fcbb10c0498", "0x7fcbb10c0498", "0x7fcbb10c0498", "0x7fcbb10c0498", "0x7fcbb10bac50", "0x7fcbb10c0498", "0x7fcbb10bac50", "0x7fcbb10c0498", "0x7fcbb10bac50", "0x7fcbb10c0498", "0x7fcbb10c0498", "0x7fcbb10c0498", "0x7fcbb10c0498", "0x7fcbb10c0498", "0x7fcbb10c0498", "0x7fcbb10c0498", "0x7fcbb10c0498", "0x7fcbb10c0498", "0x7fcbb10c0498", "0x7fcbb10c0498", "0x7fcbb10c0498", "0x7fcbb10c0498", "0x7fcbb10c0498", "0x7fcbb10ba6b0", "0x7fcbb10c0498", "0x7fcbb10ba250", "0x7fcbb10c0498", "0x7fcbb10ba1d8", "0x7fcbb10c0498", "0x7fcbb10b9f80", "0x7fcbb10c0498"], "memsize":3992, "flags":{"wb_protected":true, "old":true, "long_lived":true, "marked":true}}
{"address":"0x7fcbb10bb290", "type":"STRING", "class":"0x7fcbb10e0ef0", "frozen":true, "embedded":true, "fstring":true, "bytesize":7, "value":"Process", "encoding":"US-ASCII", "memsize":40, "flags":{"wb_protected":true, "old":true, "long_lived":true, "marked":true}}
{"address":"0x7fcbb10bb2b8", "type":"STRING", "class":"0x7fcbb10e0ef0", "frozen":true, "embedded":true, "fstring":true, "bytesize":5, "value":"abort", "encoding":"US-ASCII", "memsize":40, "flags":{"wb_protected":true, "old":true, "long_lived":true, "marked":true}}
{"address":"0x7fcbb10bb2e0", "type":"STRING", "class":"0x7fcbb10e0ef0", "frozen":true, "embedded":true, "fstring":true, "bytesize":5, "value":"spawn", "encoding":"US-ASCII", "memsize":40, "flags":{"wb_protected":true, "old":true, "long_lived":true, "marked":true}}
{"address":"0x7fcbb10bb308", "type":"STRING", "class":"0x7fcbb10e0ef0", "frozen":true, "embedded":true, "fstring":true, "bytesize":6, "value":"system", "encoding":"US-ASCII", "memsize":40, "flags":{"wb_protected":true, "old":true, "long_lived":true, "marked":true}}
{"address":"0x7fcbb10bb330", "type":"STRING", "class":"0x7fcbb10e0ef0", "frozen":true, "embedded":true, "fstring":true, "bytesize":5, "value":"exit!", "encoding":"US-ASCII", "memsize":40, "flags":{"wb_protected":true, "old":true, "long_lived":true, "marked":true}}
{"address":"0x7fcbb10bb358", "type":"STRING", "class":"0x7fcbb10e0ef0", "frozen":true, "embedded":true, "fstring":true, "bytesize":4, "value":"exec", "encoding":"US-ASCII", "memsize":40, "flags":{"wb_protected":true, "old":true, "long_lived":true, "marked":true}}
{"address":"0x7fcbb10bb380", "type":"STRING", "class":"0x7fcbb10e0ef0", "frozen":true, "embedded":true, "fstring":true, "bytesize":2, "value":"$$", "encoding":"US-ASCII", "memsize":40, "flags":{"wb_protected":true, "old":true, "long_lived":true, "marked":true}}
{"address":"0x7fcbb10bb3a8", "type":"STRING", "class":"0x7fcbb10e0ef0", "frozen":true, "embedded":true, "fstring":true, "bytesize":2, "value":"$?", "encoding":"US-ASCII", "memsize":40, "flags":{"wb_protected":true, "old":true, "long_lived":true, "marked":true}}
{"address":"0x7fcbb10bb3d0", "type":"STRING", "class":"0x7fcbb10e0ef0", "frozen":true, "embedded":true, "fstring":true, "bytesize":5, "value":"hertz", "encoding":"US-ASCII", "memsize":40, "flags":{"wb_protected":true, "old":true, "long_lived":true, "marked":true}}
{"address":"0x7fcbb10bb3f8", "type":"STRING", "class":"0x7fcbb10e0ef0", "frozen":true, "fstring":true, "bytesize":40, "value":"MACH_ABSOLUTE_TIME_BASED_CLOCK_MONOTONIC", "encoding":"US-ASCII", "memsize":81, "flags":{"wb_protected":true, "old":true, "long_lived":true, "marked":true}}
{"address":"0x7fcbb10bb420", "type":"STRING", "class":"0x7fcbb10e0ef0", "frozen":true, "fstring":true, "bytesize":36, "value":"CLOCK_BASED_CLOCK_PROCESS_CPUTIME_ID", "encoding":"US-ASCII", "memsize":77, "flags":{"wb_protected":true, "old":true, "long_lived":true, "marked":true}}
{"address":"0x7fcbb10bb448", "type":"STRING", "class":"0x7fcbb10e0ef0", "frozen":true, "fstring":true, "bytesize":40, "value":"GETRUSAGE_BASED_CLOCK_PROCESS_CPUTIME_ID", "encoding":"US-ASCII", "memsize":81, "flags":{"wb_protected":true, "old":true, "long_lived":true, "marked":true}}
{"address":"0x7fcbb10bb470", "type":"STRING", "class":"0x7fcbb10e0ef0", "frozen":true, "fstring":true, "bytesize":36, "value":"TIMES_BASED_CLOCK_PROCESS_CPUTIME_ID", "encoding":"US-ASCII", "memsize":77, "flags":{"wb_protected":true, "old":true, "long_lived":true, "marked":true}}
{"address":"0x7fcbb10bb498", "type":"STRING", "class":"0x7fcbb10e0ef0", "frozen":true, "fstring":true, "bytesize":27, "value":"TIMES_BASED_CLOCK_MONOTONIC", "encoding":"US-ASCII", "memsize":68, "flags":{"wb_protected":true, "old":true, "long_lived":true, "marked":true}}
{"address":"0x7fcbb10bb4c0", "type":"STRING", "class":"0x7fcbb10e0ef0", "frozen":true, "fstring":true, "bytesize":25, "value":"TIME_BASED_CLOCK_REALTIME", "encoding":"US-ASCII", "memsize":66, "flags":{"wb_protected":true, "old":true, "long_lived":true, "marked":true}}
{"address":"0x7fcbb10bb4e8", "type":"STRING", "class":"0x7fcbb10e0ef0", "frozen":true, "fstring":true, "bytesize":33, "value":"GETTIMEOFDAY_BASED_CLOCK_REALTIME", "encoding":"US-ASCII", "memsize":74, "flags":{"wb_protected":true, "old":true, "long_lived":true, "marked":true}}
{"address":"0x7fcbb10bb510", "type":"STRING", "class":"0x7fcbb10e0ef0", "frozen":true, "embedded":true, "fstring":true, "bytesize":12, "value":"float_second", "encoding":"US-ASCII", "memsize":40, "flags":{"wb_protected":true, "old":true, "long_lived":true, "marked":true}}
{"address":"0x7fcbb10bb538", "type":"STRING", "class":"0x7fcbb10e0ef0", "frozen":true, "embedded":true, "fstring":true, "bytesize":17, "value":"float_millisecond", "encoding":"US-ASCII", "memsize":40, "flags":{"wb_protected":true, "old":true, "long_lived":true, "marked":true}}
{"address":"0x7fcbb10bb560", "type":"STRING", "class":"0x7fcbb10e0ef0", "frozen":true, "embedded":true, "fstring":true, "bytesize":17, "value":"float_microsecond", "encoding":"US-ASCII", "memsize":40, "flags":{"wb_protected":true, "old":true, "long_lived":true, "marked":true}}
{"address":"0x7fcbb10bb588", "type":"STRING", "class":"0x7fcbb10e0ef0", "frozen":true, "embedded":true, "fstring":true, "bytesize":6, "value":"second", "encoding":"US-ASCII", "memsize":40, "flags":{"wb_protected":true, "old":true, "long_lived":true, "marked":true}}
{"address":"0x7fcbb10bb5b0", "type":"STRING", "class":"0x7fcbb10e0ef0", "frozen":true, "embedded":true, "fstring":true, "bytesize":11, "value":"millisecond", "encoding":"US-ASCII", "memsize":40, "flags":{"wb_protected":true, "old":true, "long_lived":true, "marked":true}}
{"address":"0x7fcbb10bb5d8", "type":"STRING", "class":"0x7fcbb10e0ef0", "frozen":true, "embedded":true, "fstring":true, "bytesize":11, "value":"microsecond", "encoding":"US-ASCII", "memsize":40, "flags":{"wb_protected":true, "old":true, "long_lived":true, "marked":true}}
{"address":"0x7fcbb10bb600", "type":"STRING", "class":"0x7fcbb10e0ef0", "frozen":true, "embedded":true, "fstring":true, "bytesize":10, "value":"nanosecond", "encoding":"US-ASCII", "memsize":40, "flags":{"wb_protected":true, "old":true, "long_lived":true, "marked":true}}
{"address":"0x7fcbb10bb628", "type":"STRING", "class":"0x7fcbb10e0ef0", "frozen":true, "embedded":true, "fstring":true, "bytesize":12, "value":"close_others", "encoding":"US-ASCII", "memsize":40, "flags":{"wb_protected":true, "old":true, "long_lived":true, "marked":true}}
{"address":"0x7fcbb10bb650", "type":"STRING", "class":"0x7fcbb10e0ef0", "frozen":true, "embedded":true, "fstring":true, "bytesize":15, "value":"unsetenv_others", "encoding":"US-ASCII", "memsize":40, "flags":{"wb_protected":true, "old":true, "long_lived":true, "marked":true}}
{"address":"0x7fcbb10bb678", "type":"STRING", "class":"0x7fcbb10e0ef0", "frozen":true, "embedded":true, "fstring":true, "bytesize":6, "value":"pgroup", "encoding":"US-ASCII", "memsize":40, "flags":{"wb_protected":true, "old":true, "long_lived":true, "marked":true}}
{"address":"0x7fcbb10bb6a0", "type":"STRING", "class":"0x7fcbb10e0ef0", "frozen":true, "embedded":true, "fstring":true, "bytesize":5, "value":"child", "encoding":"US-ASCII", "memsize":40, "flags":{"wb_protected":true, "old":true, "long_lived":true, "marked":true}}
{"address":"0x7fcbb10bb6c8", "type":"STRING", "class":"0x7fcbb10e0ef0", "frozen":true, "embedded":true, "fstring":true, "bytesize":3, "value":"err", "encoding":"US-ASCII", "memsize":40, "flags":{"wb_protected":true, "old":true, "long_lived":true, "marked":true}}
{"address":"0x7fcbb10bb6f0", "type":"STRING", "class":"0x7fcbb10e0ef0", "frozen":true, "embedded":true, "fstring":true, "bytesize":3, "value":"out", "encoding":"US-ASCII", "memsize":40, "flags":{"wb_protected":true, "old":true, "long_lived":true, "marked":true}}
{"address":"0x7fcbb10bb718", "type":"STRING", "class":"0x7fcbb10e0ef0", "frozen":true, "embedded":true, "fstring":true, "bytesize":2, "value":"in", "encoding":"US-ASCII", "memsize":40, "flags":{"wb_protected":true, "old":true, "long_lived":true, "marked":true}}
{"address":"0x7fcbb10bb740", "type":"ARRAY", "length":0, "memsize":40, "flags":{"wb_protected":true, "old":true, "long_lived":true, "marked":true}}
{"address":"0x7fcbb10bb768", "type":"ARRAY", "length":0, "memsize":40, "flags":{"wb_protected":true, "old":true, "long_lived":true, "marked":true}}
{"address":"0x7fcbb10bb790", "type":"CLASS", "class":"0x7fcbb10e2430", "name":"Class", "references":["0x7fcbb10bb7b8", "0x7fcbb10dbc70"], "memsize":712, "flags":{"wb_protected":true, "old":true, "long_lived":true, "marked":true}}
{"address":"0x7fcbb10bb7b8", "type":"CLASS", "class":"0x7fcbb10bb790", "name":"ThreadError", "references":["0x7fcbb10bb7e0", "0x7fcbb10dbc98"], "memsize":712, "flags":{"wb_protected":true, "old":true, "long_lived":true, "marked":true}}
{"address":"0x7fcbb10bb7e0", "type":"STRING", "class":"0x7fcbb10e0ef0", "frozen":true, "embedded":true, "fstring":true, "bytesize":11, "value":"ThreadError", "encoding":"US-ASCII", "memsize":40, "flags":{"wb_protected":true, "old":true, "long_lived":true, "marked":true}}
{"address":"0x7fcbb10bb808", "type":"STRING", "class":"0x7fcbb10e0ef0", "frozen":true, "embedded":true, "fstring":true, "bytesize":17, "value":"__recursive_key__", "encoding":"US-ASCII", "memsize":40, "flags":{"wb_protected":true, "old":true, "long_lived":true, "marked":true}}
{"address":"0x7fcbb10bb830", "type":"STRING", "class":"0x7fcbb10e0ef0", "frozen":true, "embedded":true, "fstring":true, "bytesize":11, "value":"synchronize", "encoding":"US-ASCII", "memsize":40, "flags":{"wb_protected":true, "old":true, "long_lived":true, "marked":true}}
{"address":"0x7fcbb10bb858", "type":"STRING", "class":"0x7fcbb10e0ef0", "frozen":true, "embedded":true, "fstring":true, "bytesize":5, "value":"sleep", "encoding":"US-ASCII", "memsize":40, "flags":{"wb_protected":true, "old":true, "long_lived":true, "marked":true}}
{"address":"0x7fcbb10bb880", "type":"STRING", "class":"0x7fcbb10e0ef0", "frozen":true, "embedded":true, "fstring":true, "bytesize":6, "value":"unlock", "encoding":"US-ASCII", "memsize":40, "flags":{"wb_protected":true, "old":true, "long_lived":true, "marked":true}}
{"address":"0x7fcbb10bb8a8", "type":"STRING", "class":"0x7fcbb10e0ef0", "frozen":true, "embedded":true, "fstring":true, "bytesize":4, "value":"lock", "encoding":"US-ASCII", "memsize":40, "flags":{"wb_protected":true, "old":true, "long_lived":true, "marked":true}}
{"address":"0x7fcbb10bb8d0", "type":"STRING", "class":"0x7fcbb10e0ef0", "frozen":true, "embedded":true, "fstring":true, "bytesize":8, "value":"try_lock", "encoding":"US-ASCII", "memsize":40, "flags":{"wb_protected":true, "old":true, "long_lived":true, "marked":true}}
{"address":"0x7fcbb10bb8f8", "type":"STRING", "class":"0x7fcbb10e0ef0", "frozen":true, "embedded":true, "fstring":true, "bytesize":7, "value":"locked?", "encoding":"US-ASCII", "memsize":40, "flags":{"wb_protected":true, "old":true, "long_lived":true, "marked":true}}
{"address":"0x7fcbb10bb920", "type":"CLASS", "class":"0x7fcbb10e2430", "name":"Class", "references":["0x7fcbb10bb948", "0x7fcbb10e23e0"], "memsize":712, "flags":{"wb_protected":true, "old":true, "long_lived":true, "marked":true}}
{"address":"0x7fcbb10bb948", "type":"CLASS", "class":"0x7fcbb10bb920", "name":"Mutex", "references":["0x7fcbb10bb948", "0x7fcbb10bb948", "0x7fcbb10bb948", "0x7fcbb10bb948", "0x7fcbb10bb948", "0x7fcbb10bb948", "0x7fcbb10bb948", "0x7fcbb10bb948", "0x7fcbb10bb970", "0x7fcbb10e2c78"], "memsize":1080, "flags":{"wb_protected":true, "old":true, "long_lived":true, "marked":true}}
{"address":"0x7fcbb10bb970", "type":"STRING", "class":"0x7fcbb10e0ef0", "frozen":true, "embedded":true, "fstring":true, "bytesize":5, "value":"Mutex", "encoding":"US-ASCII", "memsize":40, "flags":{"wb_protected":true, "old":true, "long_lived":true, "marked":true}}
{"address":"0x7fcbb10bb998", "type":"STRING", "class":"0x7fcbb10e0ef0", "frozen":true, "embedded":true, "fstring":true, "bytesize":7, "value":"Default", "encoding":"US-ASCII", "memsize":40, "flags":{"wb_protected":true, "old":true, "long_lived":true, "marked":true}}
{"address":"0x7fcbb10bb9c0", "type":"DATA", "class":"0x7fcbb10bba88", "struct":"thgroup", "memsize":56, "flags":{"long_lived":true, "marked":true}}
{"address":"0x7fcbb10bb9e8", "type":"STRING", "class":"0x7fcbb10e0ef0", "frozen":true, "embedded":true, "fstring":true, "bytesize":3, "value":"add", "encoding":"US-ASCII", "memsize":40, "flags":{"wb_protected":true, "old":true, "long_lived":true, "marked":true}}
{"address":"0x7fcbb10bba10", "type":"STRING", "class":"0x7fcbb10e0ef0", "frozen":true, "embedded":true, "fstring":true, "bytesize":9, "value":"enclosed?", "encoding":"US-ASCII", "memsize":40, "flags":{"wb_protected":true, "old":true, "long_lived":true, "marked":true}}
{"address":"0x7fcbb10bba38", "type":"STRING", "class":"0x7fcbb10e0ef0", "frozen":true, "embedded":true, "fstring":true, "bytesize":7, "value":"enclose", "encoding":"US-ASCII", "memsize":40, "flags":{"wb_protected":true, "old":true, "long_lived":true, "marked":true}}
{"address":"0x7fcbb10bba60", "type":"CLASS", "class":"0x7fcbb10e2430", "name":"Class", "references":["0x7fcbb10bba88", "0x7fcbb10e23e0"], "memsize":712, "flags":{"wb_protected":true, "old":true, "long_lived":true, "marked":true}}
{"address":"0x7fcbb10bba88", "type":"CLASS", "class":"0x7fcbb10bba60", "name":"ThreadGroup", "references":["0x7fcbb10bba88", "0x7fcbb10bba88", "0x7fcbb10bba88", "0x7fcbb10bba88", "0x7fcbb10bbab0", "0x7fcbb10bb9c0", "0x7fcbb10c0498", "0x7fcbb10e2c78"], "memsize":904, "flags":{"wb_protected":true, "old":true, "long_lived":true, "marked":true}}
{"address":"0x7fcbb10bbab0", "type":"STRING", "class":"0x7fcbb10e0ef0", "frozen":true, "embedded":true, "fstring":true, "bytesize":11, "value":"ThreadGroup", "encoding":"US-ASCII", "memsize":40, "flags":{"wb_protected":true, "old":true, "long_lived":true, "marked":true}}
{"address":"0x7fcbb10bbad8", "type":"OBJECT", "class":"0x7fcbb10cb708", "frozen":true, "ivars":3, "references":["0x7fcbb10bbb00"], "memsize":40, "flags":{"wb_protected":true, "old":true, "long_lived":true, "marked":true}}
{"address":"0x7fcbb10bbb00", "type":"STRING", "class":"0x7fcbb10e0ef0", "frozen":true, "embedded":true, "bytesize":13, "value":"stream closed", "memsize":40, "flags":{"wb_protected":true, "old":true, "long_lived":true, "marked":true}}
{"address":"0x7fcbb10bbb28", "type":"STRING", "class":"0x7fcbb10e0ef0", "frozen":true, "embedded":true, "fstring":true, "bytesize":5, "value":"group", "encoding":"US-ASCII", "memsize":40, "flags":{"wb_protected":true, "old":true, "long_lived":true, "marked":true}}
{"address":"0x7fcbb10bbb50", "type":"STRING", "class":"0x7fcbb10e0ef0", "frozen":true, "embedded":true, "fstring":true, "bytesize":10, "value":"safe_level", "encoding":"US-ASCII", "memsize":40, "flags":{"wb_protected":true, "old":true, "long_lived":true, "marked":true}}
{"address":"0x7fcbb10bbb78", "type":"STRING", "class":"0x7fcbb10e0ef0", "frozen":true, "embedded":true, "fstring":true, "bytesize":5, "value":"stop?", "encoding":"US-ASCII", "memsize":40, "flags":{"wb_protected":true, "old":true, "long_lived":true, "marked":true}}
{"address":"0x7fcbb10bbba0", "type":"STRING", "class":"0x7fcbb10e0ef0", "frozen":true, "embedded":true, "fstring":true, "bytesize":6, "value":"alive?", "encoding":"US-ASCII", "memsize":40, "flags":{"wb_protected":true, "old":true, "long_lived":true, "marked":true}}
{"address":"0x7fcbb10bbbc8", "type":"STRING", "class":"0x7fcbb10e0ef0", "frozen":true, "embedded":true, "fstring":true, "bytesize":16, "value":"thread_variable?", "encoding":"US-ASCII", "memsize":40, "flags":{"wb_protected":true, "old":true, "long_lived":true, "marked":true}}
{"address":"0x7fcbb10bbbf0", "type":"STRING", "class":"0x7fcbb10e0ef0", "frozen":true, "embedded":true, "fstring":true, "bytesize":16, "value":"thread_variables", "encoding":"US-ASCII", "memsize":40, "flags":{"wb_protected":true, "old":true, "long_lived":true, "marked":true}}
{"address":"0x7fcbb10bbc18", "type":"STRING", "class":"0x7fcbb10e0ef0", "frozen":true, "embedded":true, "fstring":true, "bytesize":19, "value":"thread_variable_set", "encoding":"US-ASCII", "memsize":40, "flags":{"wb_protected":true, "old":true, "long_lived":true, "marked":true}}
{"address":"0x7fcbb10bbc40", "type":"STRING", "class":"0x7fcbb10e0ef0", "frozen":true, "embedded":true, "fstring":true, "bytesize":19, "value":"thread_variable_get", "encoding":"US-ASCII", "memsize":40, "flags":{"wb_protected":true, "old":true, "long_lived":true, "marked":true}}
{"address":"0x7fcbb10bbc68", "type":"STRING", "class":"0x7fcbb10e0ef0", "frozen":true, "embedded":true, "fstring":true, "bytesize":9, "value":"priority=", "encoding":"US-ASCII", "memsize":40, "flags":{"wb_protected":true, "old":true, "long_lived":true, "marked":true}}
{"address":"0x7fcbb10bbc90", "type":"STRING", "class":"0x7fcbb10e0ef0", "frozen":true, "embedded":true, "fstring":true, "bytesize":8, "value":"priority", "encoding":"US-ASCII", "memsize":40, "flags":{"wb_protected":true, "old":true, "long_lived":true, "marked":true}}
{"address":"0x7fcbb10bbcb8", "type":"STRING", "class":"0x7fcbb10e0ef0", "frozen":true, "embedded":true, "fstring":true, "bytesize":6, "value":"wakeup", "encoding":"US-ASCII", "memsize":40, "flags":{"wb_protected":true, "old":true, "long_lived":true, "marked":true}}
{"address":"0x7fcbb10bbce0", "type":"STRING", "class":"0x7fcbb10e0ef0", "frozen":true, "embedded":true, "fstring":true, "bytesize":3, "value":"run", "encoding":"US-ASCII", "memsize":40, "flags":{"wb_protected":true, "old":true, "long_lived":true, "marked":true}}
{"address":"0x7fcbb10bbd08", "type":"STRING", "class":"0x7fcbb10e0ef0", "frozen":true, "embedded":true, "fstring":true, "bytesize":9, "value":"terminate", "encoding":"US-ASCII", "memsize":40, "flags":{"wb_protected":true, "old":true, "long_lived":true, "marked":true}}
{"address":"0x7fcbb10bbd30", "type":"STRING", "class":"0x7fcbb10e0ef0", "frozen":true, "embedded":true, "fstring":true, "bytesize":18, "value":"pending_interrupt?", "encoding":"US-ASCII", "memsize":40, "flags":{"wb_protected":true, "old":true, "long_lived":true, "marked":true}}
{"address":"0x7fcbb10bbd58", "type":"STRING", "class":"0x7fcbb10e0ef0", "frozen":true, "embedded":true, "fstring":true, "bytesize":16, "value":"handle_interrupt", "encoding":"US-ASCII", "memsize":40, "flags":{"wb_protected":true, "old":true, "long_lived":true, "marked":true}}
{"address":"0x7fcbb10bbd80", "type":"STRING", "class":"0x7fcbb10e0ef0", "frozen":true, "embedded":true, "fstring":true, "bytesize":19, "value":"abort_on_exception=", "encoding":"US-ASCII", "memsize":40, "flags":{"wb_protected":true, "old":true, "long_lived":true, "marked":true}}
{"address":"0x7fcbb10bbda8", "type":"STRING", "class":"0x7fcbb10e0ef0", "frozen":true, "embedded":true, "fstring":true, "bytesize":18, "value":"abort_on_exception", "encoding":"US-ASCII", "memsize":40, "flags":{"wb_protected":true, "old":true, "long_lived":true, "marked":true}}
{"address":"0x7fcbb10bbdd0", "type":"STRING", "class":"0x7fcbb10e0ef0", "frozen":true, "embedded":true, "fstring":true, "bytesize":4, "value":"pass", "encoding":"US-ASCII", "memsize":40, "flags":{"wb_protected":true, "old":true, "long_lived":true, "marked":true}}
{"address":"0x7fcbb10bbdf8", "type":"STRING", "class":"0x7fcbb10e0ef0", "frozen":true, "embedded":true, "fstring":true, "bytesize":4, "value":"exit", "encoding":"US-ASCII", "memsize":40, "flags":{"wb_protected":true, "old":true, "long_lived":true, "marked":true}}
{"address":"0x7fcbb10bbe20", "type":"STRING", "class":"0x7fcbb10e0ef0", "frozen":true, "embedded":true, "fstring":true, "bytesize":4, "value":"kill", "encoding":"US-ASCII", "memsize":40, "flags":{"wb_protected":true, "old":true, "long_lived":true, "marked":true}}
{"address":"0x7fcbb10bbe48", "type":"STRING", "class":"0x7fcbb10e0ef0", "frozen":true, "embedded":true, "fstring":true, "bytesize":4, "value":"stop", "encoding":"US-ASCII", "memsize":40, "flags":{"wb_protected":true, "old":true, "long_lived":true, "marked":true}}
{"address":"0x7fcbb10bbe70", "type":"STRING", "class":"0x7fcbb10e0ef0", "frozen":true, "embedded":true, "fstring":true, "bytesize":7, "value":"current", "encoding":"US-ASCII", "memsize":40, "flags":{"wb_protected":true, "old":true, "long_lived":true, "marked":true}}
{"address":"0x7fcbb10bbe98", "type":"STRING", "class":"0x7fcbb10e0ef0", "frozen":true, "embedded":true, "fstring":true, "bytesize":4, "value":"main", "encoding":"US-ASCII", "memsize":40, "flags":{"wb_protected":true, "old":true, "long_lived":true, "marked":true}}
{"address":"0x7fcbb10bbec0", "type":"STRING", "class":"0x7fcbb10e0ef0", "frozen":true, "embedded":true, "fstring":true, "bytesize":4, "value":"fork", "encoding":"US-ASCII", "memsize":40, "flags":{"wb_protected":true, "old":true, "long_lived":true, "marked":true}}
{"address":"0x7fcbb10bbee8", "type":"STRING", "class":"0x7fcbb10e0ef0", "frozen":true, "embedded":true, "fstring":true, "bytesize":11, "value":"on_blocking", "encoding":"US-ASCII", "memsize":40, "flags":{"wb_protected":true, "old":true, "long_lived":true, "marked":true}}
{"address":"0x7fcbb10bbf10", "type":"STRING", "class":"0x7fcbb10e0ef0", "frozen":true, "embedded":true, "fstring":true, "bytesize":9, "value":"immediate", "encoding":"US-ASCII", "memsize":40, "flags":{"wb_protected":true, "old":true, "long_lived":true, "marked":true}}
{"address":"0x7fcbb10bbf38", "type":"STRING", "class":"0x7fcbb10e0ef0", "frozen":true, "embedded":true, "fstring":true, "bytesize":5, "value":"never", "encoding":"US-ASCII", "memsize":40, "flags":{"wb_protected":true, "old":true, "long_lived":true, "marked":true}}
{"address":"0x7fcbb10bbf60", "type":"STRING", "class":"0x7fcbb10e0ef0", "frozen":true, "embedded":true, "fstring":true, "bytesize":2, "value":"of", "encoding":"US-ASCII", "memsize":40, "flags":{"wb_protected":true, "old":true, "long_lived":true, "marked":true}}
{"address":"0x7fcbb10bbf88", "type":"STRING", "class":"0x7fcbb10e0ef0", "frozen":true, "embedded":true, "fstring":true, "bytesize":15, "value":"compile_option=", "encoding":"US-ASCII", "memsize":40, "flags":{"wb_protected":true, "old":true, "long_lived":true, "marked":true}}
{"address":"0x7fcbb10bbfb0", "type":"STRING", "class":"0x7fcbb10e0ef0", "frozen":true, "embedded":true, "fstring":true, "bytesize":14, "value":"compile_option", "encoding":"US-ASCII", "memsize":40, "flags":{"wb_protected":true, "old":true, "long_lived":true, "marked":true}}
{"address":"0x7fcbb10c0010", "type":"STRING", "class":"0x7fcbb10e0ef0", "frozen":true, "embedded":true, "fstring":true, "bytesize":12, "value":"compile_file", "encoding":"US-ASCII", "memsize":40, "flags":{"wb_protected":true, "old":true, "long_lived":true, "marked":true}}
{"address":"0x7fcbb10c0038", "type":"STRING", "class":"0x7fcbb10e0ef0", "frozen":true, "embedded":true, "fstring":true, "bytesize":12, "value":"first_lineno", "encoding":"US-ASCII", "memsize":40, "flags":{"wb_protected":true, "old":true, "long_lived":true, "marked":true}}
{"address":"0x7fcbb10c0060", "type":"STRING", "class":"0x7fcbb10e0ef0", "frozen":true, "embedded":true, "fstring":true, "bytesize":11, "value":"disassemble", "encoding":"US-ASCII", "memsize":40, "flags":{"wb_protected":true, "old":true, "long_lived":true, "marked":true}}
{"address":"0x7fcbb10c0088", "type":"STRING", "class":"0x7fcbb10e0ef0", "frozen":true, "embedded":true, "fstring":true, "bytesize":6, "value":"disasm", "encoding":"US-ASCII", "memsize":40, "flags":{"wb_protected":true, "old":true, "long_lived":true, "marked":true}}
{"address":"0x7fcbb10c00b0", "type":"STRING", "class":"0x7fcbb10e0ef0", "frozen":true, "bytesize":27, "capacity":46, "value":"RubyVM::InstructionSequence", "encoding":"US-ASCII", "memsize":87, "flags":{"wb_protected":true, "old":true, "long_lived":true, "marked":true}}
{"address":"0x7fcbb10c00d8", "type":"CLASS", "class":"0x7fcbb10e2430", "name":"Class", "references":["0x7fcbb10c00d8", "0x7fcbb10c00d8", "0x7fcbb10c00d8", "0x7fcbb10c00d8", "0x7fcbb10c00d8", "0x7fcbb10c00d8", "0x7fcbb10c00d8", "0x7fcbb10c00d8", "0x7fcbb10c0100", "0x7fcbb10e23e0"], "memsize":1080, "flags":{"wb_protected":true, "old":true, "long_lived":true, "marked":true}}
{"address":"0x7fcbb10c0100", "type":"CLASS", "class":"0x7fcbb10c00d8", "name":"RubyVM::InstructionSequence", "references":["0x7fcbb10c0100", "0x7fcbb10c0100", "0x7fcbb10c0100", "0x7fcbb10c0100", "0x7fcbb10c0100", "0x7fcbb10c0100", "0x7fcbb10c0100", "0x7fcbb10c0100", "0x7fcbb10c0100", "0x7fcbb10c0100", "0x7fcbb10c00b0", "0x7fcbb10e2c78"], "memsize":1176, "flags":{"wb_protected":true, "old":true, "long_lived":true, "marked":true}}
{"address":"0x7fcbb10c0128", "type":"STRING", "class":"0x7fcbb10e0ef0", "frozen":true, "embedded":true, "fstring":true, "bytesize":19, "value":"InstructionSequence", "encoding":"US-ASCII", "memsize":40, "flags":{"wb_protected":true, "old":true, "long_lived":true, "marked":true}}
{"address":"0x7fcbb10c0150", "type":"STRING", "class":"0x7fcbb10e0ef0", "frozen":true, "embedded":true, "fstring":true, "bytesize":16, "value":"caller_locations", "encoding":"US-ASCII", "memsize":40, "flags":{"wb_protected":true, "old":true, "long_lived":true, "marked":true}}
{"address":"0x7fcbb10c0178", "type":"STRING", "class":"0x7fcbb10e0ef0", "frozen":true, "embedded":true, "fstring":true, "bytesize":6, "value":"caller", "encoding":"US-ASCII", "memsize":40, "flags":{"wb_protected":true, "old":true, "long_lived":true, "marked":true}}
{"address":"0x7fcbb10c01a0", "type":"STRING", "class":"0x7fcbb10e0ef0", "frozen":true, "embedded":true, "fstring":true, "bytesize":10, "value":"base_label", "encoding":"US-ASCII", "memsize":40, "flags":{"wb_protected":true, "old":true, "long_lived":true, "marked":true}}
{"address":"0x7fcbb10c01c8", "type":"STRING", "class":"0x7fcbb10e0ef0", "frozen":true, "embedded":true, "fstring":true, "bytesize":5, "value":"label", "encoding":"US-ASCII", "memsize":40, "flags":{"wb_protected":true, "old":true, "long_lived":true, "marked":true}}
{"address":"0x7fcbb10c01f0", "type":"STRING", "class":"0x7fcbb10e0ef0", "frozen":true, "bytesize":27, "capacity":46, "value":"Thread::Backtrace::Location", "encoding":"US-ASCII", "memsize":87, "flags":{"wb_protected":true, "old":true, "long_lived":true, "marked":true}}
{"address":"0x7fcbb10c0218", "type":"CLASS", "class":"0x7fcbb10e2430", "name":"Class", "references":["0x7fcbb10c0218", "0x7fcbb10c0240", "0x7fcbb10e23e0"], "memsize":712, "flags":{"wb_protected":true, "old":true, "long_lived":true, "marked":true}}
{"address":"0x7fcbb10c0240", "type":"CLASS", "class":"0x7fcbb10c0218", "name":"Thread::Backtrace::Location", "references":["0x7fcbb10c0240", "0x7fcbb10c0240", "0x7fcbb10c0240", "0x7fcbb10c0240", "0x7fcbb10c0240", "0x7fcbb10c0240", "0x7fcbb10c0240", "0x7fcbb10c01f0", "0x7fcbb10e2c78"], "memsize":1032, "flags":{"wb_protected":true, "old":true, "long_lived":true, "marked":true}}
{"address":"0x7fcbb10c0268", "type":"STRING", "class":"0x7fcbb10e0ef0", "frozen":true, "embedded":true, "fstring":true, "bytesize":8, "value":"Location", "encoding":"US-ASCII", "memsize":40, "flags":{"wb_protected":true, "old":true, "long_lived":true, "marked":true}}
{"address":"0x7fcbb10c0290", "type":"STRING", "class":"0x7fcbb10e0ef0", "frozen":true, "embedded":true, "bytesize":17, "value":"Thread::Backtrace", "encoding":"US-ASCII", "memsize":40, "flags":{"wb_protected":true, "old":true, "long_lived":true, "marked":true}}
{"address":"0x7fcbb10c02b8", "type":"CLASS", "class":"0x7fcbb10e2430", "name":"Class", "references":["0x7fcbb10c02b8", "0x7fcbb10c02e0", "0x7fcbb10e23e0"], "memsize":712, "flags":{"wb_protected":true, "old":true, "long_lived":true, "marked":true}}
{"address":"0x7fcbb10c02e0", "type":"CLASS", "class":"0x7fcbb10c02b8", "name":"Thread::Backtrace", "references":["0x7fcbb10c0290", "0x7fcbb10c0240", "0x7fcbb10c0498", "0x7fcbb10e2c78"], "memsize":904, "flags":{"wb_protected":true, "old":true, "long_lived":true, "marked":true}}
{"address":"0x7fcbb10c0308", "type":"STRING", "class":"0x7fcbb10e0ef0", "frozen":true, "embedded":true, "fstring":true, "bytesize":9, "value":"Backtrace", "encoding":"US-ASCII", "memsize":40, "flags":{"wb_protected":true, "old":true, "long_lived":true, "marked":true}}
{"address":"0x7fcbb10c0330", "type":"STRING", "class":"0x7fcbb10e0ef0", "frozen":true, "embedded":true, "fstring":true, "bytesize":16, "value":"TOPLEVEL_BINDING", "encoding":"US-ASCII", "memsize":40, "flags":{"wb_protected":true, "old":true, "long_lived":true, "marked":true}}
{"address":"0x7fcbb10c0358", "type":"DATA", "class":"0x7fcbb10c3760", "struct":"binding", "references":["0x7fcbb198ff88", "0x7fcbb10c0498"], "memsize":72, "flags":{"long_lived":true, "marked":true}}
{"address":"0x7fcbb10c0380", "type":"DATA", "class":"0x7fcbb10c2360", "struct":"VM/env", "references":["0x7fcbb10c0380", "0x7fcbb10e1c88", "0x7fcbb10c04e8"], "memsize":120}
{"address":"0x7fcbb10c03a8", "type":"STRING", "class":"0x7fcbb10e0ef0", "frozen":true, "embedded":true, "fstring":true, "bytesize":6, "value":"locals", "encoding":"US-ASCII", "memsize":40, "flags":{"wb_protected":true, "old":true, "long_lived":true, "marked":true}}
{"address":"0x7fcbb10c03d0", "type":"HASH", "class":"0x7fcbb10d1270", "size":0, "memsize":40, "flags":{"wb_protected":true, "old":true, "long_lived":true, "marked":true}}
{"address":"0x7fcbb10c03f8", "type":"DATA", "class":"0x7fcbb10c22c0", "struct":"VM/thread", "references":["0x7fcbb10c03d0", "0x7fcbb10c0380", "0x7fcbb198ff88", "0x7fcbb10ca088", "0x7fcbb102bf28", "0x7fcbb102bf00", "0x7fcbb102be60", "0x7fcbb10c2d10", "0x7fcbb102bd20", "0x7fcbb10c2d10", "0x7fcbb10c2cc0", "0x7fcbb10c2cc0", "0x7fcbb10e1c88", "0x7fcbb1050878", "0x7fcbb10ca088", "0x7fcbb10cb3c0", "0x7fcbb10cb3c0", "0x7fcbb10e1c88", "0x7fcbb1051048", "0x7fcbb10e1c88", "0x7fcbb10c04e8", "0x7fcbb10bb9c0", "0x7fcbb10bb768", "0x7fcbb10bb740", "0x7fcbb10e1c88", "0x7fcbb1905428"], "memsize":1049728}
{"address":"0x7fcbb10c0420", "type":"DATA", "class":"0x7fcbb10c2428", "struct":"VM", "memsize":2304, "flags":{"marked":true}}
{"address":"0x7fcbb10c0470", "type":"STRING", "class":"0x7fcbb10e0ef0", "frozen":true, "embedded":true, "fstring":true, "bytesize":10, "value":"test_file=", "encoding":"US-ASCII", "memsize":40, "flags":{"wb_protected":true, "old":true, "long_lived":true, "marked":true}}
{"address":"0x7fcbb10c0498", "type":"STRING", "class":"0x7fcbb10e0ef0", "frozen":true, "fstring":true, "bytesize":6, "value":"<main>", "memsize":40, "flags":{"wb_protected":true, "old":true, "long_lived":true, "marked":true}}
{"address":"0x7fcbb10c04c0", "type":"NODE", "frozen":true, "node_type":"NODE_CREF", "references":["0x7fcbb10e2c78"], "memsize":40, "flags":{"wb_protected":true, "old":true, "long_lived":true, "marked":true}}
{"address":"0x7fcbb10c04e8", "type":"DATA", "struct":"iseq", "references":["0x7fcbb10c0498", "0x7fcbb10c0498", "0x7fcbb1052e70", "0x7fcbb10c04c0"], "memsize":328, "flags":{"wb_protected":true, "old":true, "long_lived":true, "marked":true}}
{"address":"0x7fcbb10c0538", "type":"STRING", "class":"0x7fcbb10e0ef0", "frozen":true, "embedded":true, "fstring":true, "bytesize":14, "value":"DEFAULT_PARAMS", "encoding":"US-ASCII", "memsize":40, "flags":{"wb_protected":true, "old":true, "long_lived":true, "marked":true}}
{"address":"0x7fcbb10c0560", "type":"STRING", "class":"0x7fcbb10e0ef0", "frozen":true, "fstring":true, "bytesize":24, "value":"fiber_machine_stack_size", "encoding":"US-ASCII", "memsize":65, "flags":{"wb_protected":true, "old":true, "long_lived":true, "marked":true}}
{"address":"0x7fcbb10c0588", "type":"STRING", "class":"0x7fcbb10e0ef0", "frozen":true, "embedded":true, "fstring":true, "bytesize":19, "value":"fiber_vm_stack_size", "encoding":"US-ASCII", "memsize":40, "flags":{"wb_protected":true, "old":true, "long_lived":true, "marked":true}}
{"address":"0x7fcbb10c05b0", "type":"STRING", "class":"0x7fcbb10e0ef0", "frozen":true, "fstring":true, "bytesize":25, "value":"thread_machine_stack_size", "encoding":"US-ASCII", "memsize":66, "flags":{"wb_protected":true, "old":true, "long_lived":true, "marked":true}}
{"address":"0x7fcbb10c05d8", "type":"STRING", "class":"0x7fcbb10e0ef0", "frozen":true, "embedded":true, "fstring":true, "bytesize":20, "value":"thread_vm_stack_size", "encoding":"US-ASCII", "memsize":40, "flags":{"wb_protected":true, "old":true, "long_lived":true, "marked":true}}
{"address":"0x7fcbb10c0600", "type":"HASH", "class":"0x7fcbb10d1270", "frozen":true, "size":4, "memsize":232, "flags":{"wb_protected":true, "old":true, "long_lived":true, "marked":true}}
{"address":"0x7fcbb10c0628", "type":"STRING", "class":"0x7fcbb10e0ef0", "frozen":true, "embedded":true, "fstring":true, "bytesize":17, "value":"INSTRUCTION_NAMES", "encoding":"US-ASCII", "memsize":40, "flags":{"wb_protected":true, "old":true, "long_lived":true, "marked":true}}
{"address":"0x7fcbb10c0650", "type":"STRING", "class":"0x7fcbb10e0ef0", "frozen":true, "fstring":true, "bytesize":27, "value":"putobject_OP_INT2FIX_O_1_C_", "memsize":68, "flags":{"wb_protected":true, "old":true, "long_lived":true, "marked":true}}
{"address":"0x7fcbb10c06a0", "type":"STRING", "class":"0x7fcbb10e0ef0", "frozen":true, "fstring":true, "bytesize":27, "value":"putobject_OP_INT2FIX_O_0_C_", "memsize":68, "flags":{"wb_protected":true, "old":true, "long_lived":true, "marked":true}}
{"address":"0x7fcbb10c06f0", "type":"STRING", "class":"0x7fcbb10e0ef0", "frozen":true, "embedded":true, "fstring":true, "bytesize":18, "value":"setlocal_OP__WC__1", "memsize":40, "flags":{"wb_protected":true, "old":true, "long_lived":true, "marked":true}}
{"address":"0x7fcbb10c0740", "type":"STRING", "class":"0x7fcbb10e0ef0", "frozen":true, "embedded":true, "fstring":true, "bytesize":18, "value":"setlocal_OP__WC__0", "memsize":40, "flags":{"wb_protected":true, "old":true, "long_lived":true, "marked":true}}
{"address":"0x7fcbb10c0790", "type":"STRING", "class":"0x7fcbb10e0ef0", "frozen":true, "embedded":true, "fstring":true, "bytesize":18, "value":"getlocal_OP__WC__1", "memsize":40, "flags":{"wb_protected":true, "old":true, "long_lived":true, "marked":true}}
{"address":"0x7fcbb10c07e0", "type":"STRING", "class":"0x7fcbb10e0ef0", "frozen":true, "embedded":true, "fstring":true, "bytesize":18, "value":"getlocal_OP__WC__0", "memsize":40, "flags":{"wb_protected":true, "old":true, "long_lived":true, "marked":true}}
{"address":"0x7fcbb10c0830", "type":"STRING", "class":"0x7fcbb10e0ef0", "frozen":true, "embedded":true, "fstring":true, "bytesize":6, "value":"answer", "memsize":40, "flags":{"wb_protected":true, "old":true, "long_lived":true, "marked":true}}
{"address":"0x7fcbb10c0880", "type":"STRING", "class":"0x7fcbb10e0ef0", "frozen":true, "embedded":true, "fstring":true, "bytesize":6, "value":"bitblt", "memsize":40, "flags":{"wb_protected":true, "old":true, "long_lived":true, "marked":true}}
{"address":"0x7fcbb10c08d0", "type":"STRING", "class":"0x7fcbb10e0ef0", "frozen":true, "embedded":true, "fstring":true, "bytesize":19, "value":"opt_call_c_function", "memsize":40, "flags":{"wb_protected":true, "old":true, "long_lived":true, "marked":true}}
{"address":"0x7fcbb10c0920", "type":"STRING", "class":"0x7fcbb10e0ef0", "frozen":true, "embedded":true, "fstring":true, "bytesize":16, "value":"opt_regexpmatch2", "memsize":40, "flags":{"wb_protected":true, "old":true, "long_lived":true, "marked":true}}
{"address":"0x7fcbb10c0970", "type":"STRING", "class":"0x7fcbb10e0ef0", "frozen":true, "embedded":true, "fstring":true, "bytesize":16, "value":"opt_regexpmatch1", "memsize":40, "flags":{"wb_protected":true, "old":true, "long_lived":true, "marked":true}}
{"address":"0x7fcbb10c09c0", "type":"STRING", "class":"0x7fcbb10e0ef0", "frozen":true, "embedded":true, "fstring":true, "bytesize":7, "value":"opt_not", "memsize":40, "flags":{"wb_protected":true, "old":true, "long_lived":true, "marked":true}}
{"address":"0x7fcbb10c0a10", "type":"STRING", "class":"0x7fcbb10e0ef0", "frozen":true, "embedded":true, "fstring":true, "bytesize":8, "value":"opt_succ", "memsize":40, "flags":{"wb_protected":true, "old":true, "long_lived":true, "marked":true}}
{"address":"0x7fcbb10c0a60", "type":"STRING", "class":"0x7fcbb10e0ef0", "frozen":true, "embedded":true, "fstring":true, "bytesize":11, "value":"opt_empty_p", "memsize":40, "flags":{"wb_protected":true, "old":true, "long_lived":true, "marked":true}}
{"address":"0x7fcbb10c0ab0", "type":"STRING", "class":"0x7fcbb10e0ef0", "frozen":true, "embedded":true, "fstring":true, "bytesize":8, "value":"opt_size", "memsize":40, "flags":{"wb_protected":true, "old":true, "long_lived":true, "marked":true}}
{"address":"0x7fcbb10c0b00", "type":"STRING", "class":"0x7fcbb10e0ef0", "frozen":true, "embedded":true, "fstring":true, "bytesize":10, "value":"opt_length", "memsize":40, "flags":{"wb_protected":true, "old":true, "long_lived":true, "marked":true}}
{"address":"0x7fcbb10c0b28", "type":"STRING", "class":"0x7fcbb10e0ef0", "frozen":true, "embedded":true, "fstring":true, "bytesize":9, "value":"test_file", "encoding":"US-ASCII", "memsize":40, "flags":{"wb_protected":true, "old":true, "long_lived":true, "marked":true}}
{"address":"0x7fcbb10c0b50", "type":"STRING", "class":"0x7fcbb10e0ef0", "frozen":true, "embedded":true, "fstring":true, "bytesize":13, "value":"opt_aref_with", "memsize":40, "flags":{"wb_protected":true, "old":true, "long_lived":true, "marked":true}}
{"address":"0x7fcbb10c0ba0", "type":"STRING", "class":"0x7fcbb10e0ef0", "frozen":true, "embedded":true, "fstring":true, "bytesize":13, "value":"opt_aset_with", "memsize":40, "flags":{"wb_protected":true, "old":true, "long_lived":true, "marked":true}}
{"address":"0x7fcbb10c0bf0", "type":"STRING", "class":"0x7fcbb10e0ef0", "frozen":true, "embedded":true, "fstring":true, "bytesize":8, "value":"opt_aset", "memsize":40, "flags":{"wb_protected":true, "old":true, "long_lived":true, "marked":true}}
{"address":"0x7fcbb10c0c40", "type":"STRING", "class":"0x7fcbb10e0ef0", "frozen":true, "embedded":true, "fstring":true, "bytesize":8, "value":"opt_aref", "memsize":40, "flags":{"wb_protected":true, "old":true, "long_lived":true, "marked":true}}
{"address":"0x7fcbb10c0c90", "type":"STRING", "class":"0x7fcbb10e0ef0", "frozen":true, "embedded":true, "fstring":true, "bytesize":8, "value":"opt_ltlt", "memsize":40, "flags":{"wb_protected":true, "old":true, "long_lived":true, "marked":true}}
{"address":"0x7fcbb10c0cb8", "type":"STRING", "class":"0x7fcbb10e0ef0", "frozen":true, "bytesize":43, "capacity":128, "value":"/Users/path/.rvm/rubies/ruby-2.2.3/share/ri", "encoding":"UTF-8", "memsize":169, "flags":{"wb_protected":true, "old":true, "long_lived":true, "marked":true}}
{"address":"0x7fcbb10c0ce0", "type":"STRING", "class":"0x7fcbb10e0ef0", "frozen":true, "embedded":true, "fstring":true, "bytesize":6, "value":"opt_ge", "memsize":40, "flags":{"wb_protected":true, "old":true, "long_lived":true, "marked":true}}
{"address":"0x7fcbb10c0d30", "type":"STRING", "class":"0x7fcbb10e0ef0", "frozen":true, "embedded":true, "fstring":true, "bytesize":6, "value":"opt_gt", "memsize":40, "flags":{"wb_protected":true, "old":true, "long_lived":true, "marked":true}}
{"address":"0x7fcbb10c0d80", "type":"STRING", "class":"0x7fcbb10e0ef0", "frozen":true, "embedded":true, "fstring":true, "bytesize":6, "value":"opt_le", "memsize":40, "flags":{"wb_protected":true, "old":true, "long_lived":true, "marked":true}}
{"address":"0x7fcbb10c0dd0", "type":"STRING", "class":"0x7fcbb10e0ef0", "frozen":true, "embedded":true, "fstring":true, "bytesize":6, "value":"opt_lt", "memsize":40, "flags":{"wb_protected":true, "old":true, "long_lived":true, "marked":true}}
{"address":"0x7fcbb10c0e20", "type":"STRING", "class":"0x7fcbb10e0ef0", "frozen":true, "embedded":true, "fstring":true, "bytesize":7, "value":"opt_neq", "memsize":40, "flags":{"wb_protected":true, "old":true, "long_lived":true, "marked":true}}
{"address":"0x7fcbb10c0e70", "type":"STRING", "class":"0x7fcbb10e0ef0", "frozen":true, "embedded":true, "fstring":true, "bytesize":6, "value":"opt_eq", "memsize":40, "flags":{"wb_protected":true, "old":true, "long_lived":true, "marked":true}}
{"address":"0x7fcbb10c0ec0", "type":"STRING", "class":"0x7fcbb10e0ef0", "frozen":true, "embedded":true, "fstring":true, "bytesize":7, "value":"opt_mod", "memsize":40, "flags":{"wb_protected":true, "old":true, "long_lived":true, "marked":true}}
{"address":"0x7fcbb10c0f10", "type":"STRING", "class":"0x7fcbb10e0ef0", "frozen":true, "embedded":true, "fstring":true, "bytesize":7, "value":"opt_div", "memsize":40, "flags":{"wb_protected":true, "old":true, "long_lived":true, "marked":true}}
{"address":"0x7fcbb10c0f60", "type":"STRING", "class":"0x7fcbb10e0ef0", "frozen":true, "embedded":true, "fstring":true, "bytesize":8, "value":"opt_mult", "memsize":40, "flags":{"wb_protected":true, "old":true, "long_lived":true, "marked":true}}
{"address":"0x7fcbb10c0fb0", "type":"STRING", "class":"0x7fcbb10e0ef0", "frozen":true, "embedded":true, "fstring":true, "bytesize":9, "value":"opt_minus", "memsize":40, "flags":{"wb_protected":true, "old":true, "long_lived":true, "marked":true}}
{"address":"0x7fcbb10c1000", "type":"STRING", "class":"0x7fcbb10e0ef0", "frozen":true, "embedded":true, "fstring":true, "bytesize":8, "value":"opt_plus", "memsize":40, "flags":{"wb_protected":true, "old":true, "long_lived":true, "marked":true}}
{"address":"0x7fcbb10c1050", "type":"STRING", "class":"0x7fcbb10e0ef0", "frozen":true, "embedded":true, "fstring":true, "bytesize":17, "value":"opt_case_dispatch", "memsize":40, "flags":{"wb_protected":true, "old":true, "long_lived":true, "marked":true}}
{"address":"0x7fcbb10c1078", "type":"STRING", "class":"0x7fcbb10e0ef0", "frozen":true, "embedded":true, "fstring":true, "bytesize":8, "value":"\\n[ \\t]*", "encoding":"US-ASCII", "memsize":40, "flags":{"wb_protected":true, "old":true, "long_lived":true, "marked":true}}
{"address":"0x7fcbb10c10a0", "type":"STRING", "class":"0x7fcbb10e0ef0", "frozen":true, "embedded":true, "fstring":true, "bytesize":4, "value":"once", "memsize":40, "flags":{"wb_protected":true, "old":true, "long_lived":true, "marked":true}}
{"address":"0x7fcbb10c10f0", "type":"STRING", "class":"0x7fcbb10e0ef0", "frozen":true, "embedded":true, "fstring":true, "bytesize":14, "value":"setinlinecache", "memsize":40, "flags":{"wb_protected":true, "old":true, "long_lived":true, "marked":true}}
{"address":"0x7fcbb10c1140", "type":"STRING", "class":"0x7fcbb10e0ef0", "frozen":true, "embedded":true, "fstring":true, "bytesize":14, "value":"getinlinecache", "memsize":40, "flags":{"wb_protected":true, "old":true, "long_lived":true, "marked":true}}
{"address":"0x7fcbb10c1168", "type":"REGEXP", "class":"0x7fcbb10d0b40", "references":["0x7fcbb10c1078"], "memsize":553, "flags":{"wb_protected":true, "old":true, "long_lived":true, "marked":true}}
{"address":"0x7fcbb10c1190", "type":"STRING", "class":"0x7fcbb10e0ef0", "frozen":true, "embedded":true, "fstring":true, "bytesize":12, "value":"branchunless", "memsize":40, "flags":{"wb_protected":true, "old":true, "long_lived":true, "marked":true}}
{"address":"0x7fcbb10c11e0", "type":"STRING", "class":"0x7fcbb10e0ef0", "frozen":true, "embedded":true, "fstring":true, "bytesize":8, "value":"branchif", "memsize":40, "flags":{"wb_protected":true, "old":true, "long_lived":true, "marked":true}}
{"address":"0x7fcbb10c1230", "type":"STRING", "class":"0x7fcbb10e0ef0", "frozen":true, "embedded":true, "fstring":true, "bytesize":4, "value":"jump", "memsize":40, "flags":{"wb_protected":true, "old":true, "long_lived":true, "marked":true}}
{"address":"0x7fcbb10c1280", "type":"STRING", "class":"0x7fcbb10e0ef0", "frozen":true, "embedded":true, "fstring":true, "bytesize":5, "value":"throw", "memsize":40, "flags":{"wb_protected":true, "old":true, "long_lived":true, "marked":true}}
{"address":"0x7fcbb10c12d0", "type":"STRING", "class":"0x7fcbb10e0ef0", "frozen":true, "embedded":true, "fstring":true, "bytesize":5, "value":"leave", "memsize":40, "flags":{"wb_protected":true, "old":true, "long_lived":true, "marked":true}}
{"address":"0x7fcbb10c1320", "type":"STRING", "class":"0x7fcbb10e0ef0", "frozen":true, "embedded":true, "fstring":true, "bytesize":11, "value":"invokeblock", "memsize":40, "flags":{"wb_protected":true, "old":true, "long_lived":true, "marked":true}}
{"address":"0x7fcbb10c1370", "type":"STRING", "class":"0x7fcbb10e0ef0", "frozen":true, "embedded":true, "fstring":true, "bytesize":11, "value":"invokesuper", "memsize":40, "flags":{"wb_protected":true, "old":true, "long_lived":true, "marked":true}}
{"address":"0x7fcbb10c13c0", "type":"STRING", "class":"0x7fcbb10e0ef0", "frozen":true, "embedded":true, "fstring":true, "bytesize":22, "value":"opt_send_without_block", "memsize":40, "flags":{"wb_protected":true, "old":true, "long_lived":true, "marked":true}}
{"address":"0x7fcbb10c1410", "type":"STRING", "class":"0x7fcbb10e0ef0", "frozen":true, "embedded":true, "fstring":true, "bytesize":14, "value":"opt_str_freeze", "memsize":40, "flags":{"wb_protected":true, "old":true, "long_lived":true, "marked":true}}
{"address":"0x7fcbb10c1460", "type":"STRING", "class":"0x7fcbb10e0ef0", "frozen":true, "embedded":true, "fstring":true, "bytesize":4, "value":"send", "memsize":40, "flags":{"wb_protected":true, "old":true, "long_lived":true, "marked":true}}
{"address":"0x7fcbb10c1488", "type":"STRING", "class":"0x7fcbb10e0ef0", "frozen":true, "embedded":true, "fstring":true, "bytesize":17, "value":"(\\w-)\\n[ \\t]*(\\w)", "encoding":"US-ASCII", "memsize":40, "flags":{"wb_protected":true, "old":true, "long_lived":true, "marked":true}}
{"address":"0x7fcbb10c14b0", "type":"STRING", "class":"0x7fcbb10e0ef0", "frozen":true, "embedded":true, "fstring":true, "bytesize":11, "value":"defineclass", "memsize":40, "flags":{"wb_protected":true, "old":true, "long_lived":true, "marked":true}}
{"address":"0x7fcbb10c1500", "type":"STRING", "class":"0x7fcbb10e0ef0", "frozen":true, "embedded":true, "fstring":true, "bytesize":5, "value":"trace", "memsize":40, "flags":{"wb_protected":true, "old":true, "long_lived":true, "marked":true}}
{"address":"0x7fcbb10c1550", "type":"STRING", "class":"0x7fcbb10e0ef0", "frozen":true, "embedded":true, "fstring":true, "bytesize":12, "value":"checkkeyword", "memsize":40, "flags":{"wb_protected":true, "old":true, "long_lived":true, "marked":true}}
{"address":"0x7fcbb10c1578", "type":"REGEXP", "class":"0x7fcbb10d0b40", "references":["0x7fcbb10c1488"], "memsize":558, "flags":{"wb_protected":true, "old":true, "long_lived":true, "marked":true}}
{"address":"0x7fcbb10c15a0", "type":"STRING", "class":"0x7fcbb10e0ef0", "frozen":true, "embedded":true, "fstring":true, "bytesize":10, "value":"checkmatch", "memsize":40, "flags":{"wb_protected":true, "old":true, "long_lived":true, "marked":true}}
{"address":"0x7fcbb10c15f0", "type":"STRING", "class":"0x7fcbb10e0ef0", "frozen":true, "embedded":true, "fstring":true, "bytesize":7, "value":"defined", "memsize":40, "flags":{"wb_protected":true, "old":true, "long_lived":true, "marked":true}}
{"address":"0x7fcbb10c1640", "type":"STRING", "class":"0x7fcbb10e0ef0", "frozen":true, "embedded":true, "fstring":true, "bytesize":11, "value":"adjuststack", "memsize":40, "flags":{"wb_protected":true, "old":true, "long_lived":true, "marked":true}}
{"address":"0x7fcbb10c1690", "type":"STRING", "class":"0x7fcbb10e0ef0", "frozen":true, "embedded":true, "fstring":true, "bytesize":4, "value":"setn", "memsize":40, "flags":{"wb_protected":true, "old":true, "long_lived":true, "marked":true}}
{"address":"0x7fcbb10c16e0", "type":"STRING", "class":"0x7fcbb10e0ef0", "frozen":true, "embedded":true, "fstring":true, "bytesize":4, "value":"topn", "memsize":40, "flags":{"wb_protected":true, "old":true, "long_lived":true, "marked":true}}
{"address":"0x7fcbb10c1730", "type":"STRING", "class":"0x7fcbb10e0ef0", "frozen":true, "embedded":true, "fstring":true, "bytesize":5, "value":"reput", "memsize":40, "flags":{"wb_protected":true, "old":true, "long_lived":true, "marked":true}}
{"address":"0x7fcbb10c1780", "type":"STRING", "class":"0x7fcbb10e0ef0", "frozen":true, "embedded":true, "fstring":true, "bytesize":4, "value":"swap", "memsize":40, "flags":{"wb_protected":true, "old":true, "long_lived":true, "marked":true}}
{"address":"0x7fcbb10c17d0", "type":"STRING", "class":"0x7fcbb10e0ef0", "frozen":true, "embedded":true, "fstring":true, "bytesize":4, "value":"dupn", "memsize":40, "flags":{"wb_protected":true, "old":true, "long_lived":true, "marked":true}}
{"address":"0x7fcbb10c17f8", "type":"STRING", "class":"0x7fcbb10e0ef0", "frozen":true, "bytesize":40, "capacity":128, "value":"/Users/path/.rvm/rubies/ruby-2.2.3/share", "encoding":"UTF-8", "memsize":169, "flags":{"wb_protected":true, "old":true, "long_lived":true, "marked":true}}
{"address":"0x7fcbb10c1820", "type":"STRING", "class":"0x7fcbb10e0ef0", "frozen":true, "embedded":true, "fstring":true, "bytesize":3, "value":"dup", "memsize":40, "flags":{"wb_protected":true, "old":true, "long_lived":true, "marked":true}}
{"address":"0x7fcbb10c1870", "type":"STRING", "class":"0x7fcbb10e0ef0", "frozen":true, "embedded":true, "fstring":true, "bytesize":3, "value":"pop", "memsize":40, "flags":{"wb_protected":true, "old":true, "long_lived":true, "marked":true}}
{"address":"0x7fcbb10c18c0", "type":"STRING", "class":"0x7fcbb10e0ef0", "frozen":true, "embedded":true, "fstring":true, "bytesize":8, "value":"newrange", "memsize":40, "flags":{"wb_protected":true, "old":true, "long_lived":true, "marked":true}}
{"address":"0x7fcbb10c1910", "type":"STRING", "class":"0x7fcbb10e0ef0", "frozen":true, "embedded":true, "fstring":true, "bytesize":7, "value":"newhash", "memsize":40, "flags":{"wb_protected":true, "old":true, "long_lived":true, "marked":true}}
{"address":"0x7fcbb10c1960", "type":"STRING", "class":"0x7fcbb10e0ef0", "frozen":true, "embedded":true, "fstring":true, "bytesize":10, "value":"splatarray", "memsize":40, "flags":{"wb_protected":true, "old":true, "long_lived":true, "marked":true}}
{"address":"0x7fcbb10c1988", "type":"STRING", "class":"0x7fcbb10e0ef0", "frozen":true, "embedded":true, "fstring":true, "bytesize":8, "value":"summary=", "encoding":"US-ASCII", "memsize":40, "flags":{"wb_protected":true, "old":true, "long_lived":true, "marked":true}}
{"address":"0x7fcbb10c19b0", "type":"STRING", "class":"0x7fcbb10e0ef0", "frozen":true, "embedded":true, "fstring":true, "bytesize":11, "value":"concatarray", "memsize":40, "flags":{"wb_protected":true, "old":true, "long_lived":true, "marked":true}}
{"address":"0x7fcbb10c1a00", "type":"STRING", "class":"0x7fcbb10e0ef0", "frozen":true, "embedded":true, "fstring":true, "bytesize":11, "value":"expandarray", "memsize":40, "flags":{"wb_protected":true, "old":true, "long_lived":true, "marked":true}}
{"address":"0x7fcbb10c1a50", "type":"STRING", "class":"0x7fcbb10e0ef0", "frozen":true, "embedded":true, "fstring":true, "bytesize":8, "value":"duparray", "memsize":40, "flags":{"wb_protected":true, "old":true, "long_lived":true, "marked":true}}
{"address":"0x7fcbb10c1aa0", "type":"STRING", "class":"0x7fcbb10e0ef0", "frozen":true, "embedded":true, "fstring":true, "bytesize":8, "value":"newarray", "memsize":40, "flags":{"wb_protected":true, "old":true, "long_lived":true, "marked":true}}
{"address":"0x7fcbb10c1af0", "type":"STRING", "class":"0x7fcbb10e0ef0", "frozen":true, "embedded":true, "fstring":true, "bytesize":8, "value":"toregexp", "memsize":40, "flags":{"wb_protected":true, "old":true, "long_lived":true, "marked":true}}
{"address":"0x7fcbb10c1b40", "type":"STRING", "class":"0x7fcbb10e0ef0", "frozen":true, "embedded":true, "fstring":true, "bytesize":8, "value":"tostring", "memsize":40, "flags":{"wb_protected":true, "old":true, "long_lived":true, "marked":true}}
{"address":"0x7fcbb10c1b90", "type":"STRING", "class":"0x7fcbb10e0ef0", "frozen":true, "embedded":true, "fstring":true, "bytesize":13, "value":"concatstrings", "memsize":40, "flags":{"wb_protected":true, "old":true, "long_lived":true, "marked":true}}
{"address":"0x7fcbb10c1be0", "type":"STRING", "class":"0x7fcbb10e0ef0", "frozen":true, "embedded":true, "fstring":true, "bytesize":9, "value":"putstring", "memsize":40, "flags":{"wb_protected":true, "old":true, "long_lived":true, "marked":true}}
{"address":"0x7fcbb10c1c30", "type":"STRING", "class":"0x7fcbb10e0ef0", "frozen":true, "embedded":true, "fstring":true, "bytesize":7, "value":"putiseq", "memsize":40, "flags":{"wb_protected":true, "old":true, "long_lived":true, "marked":true}}
{"address":"0x7fcbb10c1c80", "type":"STRING", "class":"0x7fcbb10e0ef0", "frozen":true, "embedded":true, "fstring":true, "bytesize":16, "value":"putspecialobject", "memsize":40, "flags":{"wb_protected":true, "old":true, "long_lived":true, "marked":true}}
{"address":"0x7fcbb10c1ca8", "type":"STRING", "class":"0x7fcbb10e0ef0", "frozen":true, "bytesize":59, "capacity":128, "value":"/Users/path/.rvm/rubies/ruby-2.2.3/lib/ruby/x86_64-darwin14", "encoding":"UTF-8", "memsize":169, "flags":{"wb_protected":true, "old":true, "long_lived":true, "marked":true}}
{"address":"0x7fcbb10c1cd0", "type":"STRING", "class":"0x7fcbb10e0ef0", "frozen":true, "embedded":true, "fstring":true, "bytesize":9, "value":"putobject", "memsize":40, "flags":{"wb_protected":true, "old":true, "long_lived":true, "marked":true}}
{"address":"0x7fcbb10c1d20", "type":"STRING", "class":"0x7fcbb10e0ef0", "frozen":true, "embedded":true, "fstring":true, "bytesize":7, "value":"putself", "memsize":40, "flags":{"wb_protected":true, "old":true, "long_lived":true, "marked":true}}
{"address":"0x7fcbb10c1d70", "type":"STRING", "class":"0x7fcbb10e0ef0", "frozen":true, "embedded":true, "fstring":true, "bytesize":6, "value":"putnil", "memsize":40, "flags":{"wb_protected":true, "old":true, "long_lived":true, "marked":true}}
{"address":"0x7fcbb10c1dc0", "type":"STRING", "class":"0x7fcbb10e0ef0", "frozen":true, "embedded":true, "fstring":true, "bytesize":9, "value":"setglobal", "memsize":40, "flags":{"wb_protected":true, "old":true, "long_lived":true, "marked":true}}
{"address":"0x7fcbb10c1e10", "type":"STRING", "class":"0x7fcbb10e0ef0", "frozen":true, "embedded":true, "fstring":true, "bytesize":9, "value":"getglobal", "memsize":40, "flags":{"wb_protected":true, "old":true, "long_lived":true, "marked":true}}
{"address":"0x7fcbb10c1e60", "type":"STRING", "class":"0x7fcbb10e0ef0", "frozen":true, "embedded":true, "fstring":true, "bytesize":11, "value":"setconstant", "memsize":40, "flags":{"wb_protected":true, "old":true, "long_lived":true, "marked":true}}
{"address":"0x7fcbb10c1eb0", "type":"STRING", "class":"0x7fcbb10e0ef0", "frozen":true, "embedded":true, "fstring":true, "bytesize":11, "value":"getconstant", "memsize":40, "flags":{"wb_protected":true, "old":true, "long_lived":true, "marked":true}}
{"address":"0x7fcbb10c1f00", "type":"STRING", "class":"0x7fcbb10e0ef0", "frozen":true, "embedded":true, "fstring":true, "bytesize":16, "value":"setclassvariable", "memsize":40, "flags":{"wb_protected":true, "old":true, "long_lived":true, "marked":true}}
{"address":"0x7fcbb10c1f50", "type":"STRING", "class":"0x7fcbb10e0ef0", "frozen":true, "embedded":true, "fstring":true, "bytesize":16, "value":"getclassvariable", "memsize":40, "flags":{"wb_protected":true, "old":true, "long_lived":true, "marked":true}}
{"address":"0x7fcbb10c1fa0", "type":"STRING", "class":"0x7fcbb10e0ef0", "frozen":true, "embedded":true, "fstring":true, "bytesize":19, "value":"setinstancevariable", "memsize":40, "flags":{"wb_protected":true, "old":true, "long_lived":true, "marked":true}}
{"address":"0x7fcbb10c1ff0", "type":"STRING", "class":"0x7fcbb10e0ef0", "frozen":true, "embedded":true, "fstring":true, "bytesize":19, "value":"getinstancevariable", "memsize":40, "flags":{"wb_protected":true, "old":true, "long_lived":true, "marked":true}}
{"address":"0x7fcbb10c2018", "type":"STRING", "class":"0x7fcbb10e0ef0", "frozen":true, "embedded":true, "fstring":true, "bytesize":9, "value":"spec_name", "encoding":"US-ASCII", "memsize":40, "flags":{"wb_protected":true, "old":true, "long_lived":true, "marked":true}}
{"address":"0x7fcbb10c2040", "type":"STRING", "class":"0x7fcbb10e0ef0", "frozen":true, "embedded":true, "fstring":true, "bytesize":10, "value":"setspecial", "memsize":40, "flags":{"wb_protected":true, "old":true, "long_lived":true, "marked":true}}
{"address":"0x7fcbb10c2090", "type":"STRING", "class":"0x7fcbb10e0ef0", "frozen":true, "embedded":true, "fstring":true, "bytesize":10, "value":"getspecial", "memsize":40, "flags":{"wb_protected":true, "old":true, "long_lived":true, "marked":true}}
{"address":"0x7fcbb10c20e0", "type":"STRING", "class":"0x7fcbb10e0ef0", "frozen":true, "embedded":true, "fstring":true, "bytesize":8, "value":"setlocal", "memsize":40, "flags":{"wb_protected":true, "old":true, "long_lived":true, "marked":true}}
{"address":"0x7fcbb10c2130", "type":"STRING", "class":"0x7fcbb10e0ef0", "frozen":true, "embedded":true, "fstring":true, "bytesize":8, "value":"getlocal", "memsize":40, "flags":{"wb_protected":true, "old":true, "long_lived":true, "marked":true}}
{"address":"0x7fcbb10c2180", "type":"STRING", "class":"0x7fcbb10e0ef0", "frozen":true, "embedded":true, "fstring":true, "bytesize":3, "value":"nop", "memsize":40, "flags":{"wb_protected":true, "old":true, "long_lived":true, "marked":true}}
{"address":"0x7fcbb10c21d0", "type":"ARRAY", "class":"0x7fcbb10d19a0", "frozen":true, "length":88, "references":["0x7fcbb10c2180", "0x7fcbb10c2130", "0x7fcbb10c20e0", "0x7fcbb10c2090", "0x7fcbb10c2040", "0x7fcbb10c1ff0", "0x7fcbb10c1fa0", "0x7fcbb10c1f50", "0x7fcbb10c1f00", "0x7fcbb10c1eb0", "0x7fcbb10c1e60", "0x7fcbb10c1e10", "0x7fcbb10c1dc0", "0x7fcbb10c1d70", "0x7fcbb10c1d20", "0x7fcbb10c1cd0", "0x7fcbb10c1c80", "0x7fcbb10c1c30", "0x7fcbb10c1be0", "0x7fcbb10c1b90", "0x7fcbb10c1b40", "0x7fcbb10c1af0", "0x7fcbb10c1aa0", "0x7fcbb10c1a50", "0x7fcbb10c1a00", "0x7fcbb10c19b0", "0x7fcbb10c1960", "0x7fcbb10c1910", "0x7fcbb10c18c0", "0x7fcbb10c1870", "0x7fcbb10c1820", "0x7fcbb10c17d0", "0x7fcbb10c1780", "0x7fcbb10c1730", "0x7fcbb10c16e0", "0x7fcbb10c1690", "0x7fcbb10c1640", "0x7fcbb10c15f0", "0x7fcbb10c15a0", "0x7fcbb10c1550", "0x7fcbb10c1500", "0x7fcbb10c14b0", "0x7fcbb10c1460", "0x7fcbb10c1410", "0x7fcbb10c13c0", "0x7fcbb10c1370", "0x7fcbb10c1320", "0x7fcbb10c12d0", "0x7fcbb10c1280", "0x7fcbb10c1230", "0x7fcbb10c11e0", "0x7fcbb10c1190", "0x7fcbb10c1140", "0x7fcbb10c10f0", "0x7fcbb10c10a0", "0x7fcbb10c1050", "0x7fcbb10c1000", "0x7fcbb10c0fb0", "0x7fcbb10c0f60", "0x7fcbb10c0f10", "0x7fcbb10c0ec0", "0x7fcbb10c0e70", "0x7fcbb10c0e20", "0x7fcbb10c0dd0", "0x7fcbb10c0d80", "0x7fcbb10c0d30", "0x7fcbb10c0ce0", "0x7fcbb10c0c90", "0x7fcbb10c0c40", "0x7fcbb10c0bf0", "0x7fcbb10c0ba0", "0x7fcbb10c0b50", "0x7fcbb10c0b00", "0x7fcbb10c0ab0", "0x7fcbb10c0a60", "0x7fcbb10c0a10", "0x7fcbb10c09c0", "0x7fcbb10c0970", "0x7fcbb10c0920", "0x7fcbb10c08d0", "0x7fcbb10c0880", "0x7fcbb10c0830", "0x7fcbb10c07e0", "0x7fcbb10c0790", "0x7fcbb10c0740", "0x7fcbb10c06f0", "0x7fcbb10c06a0", "0x7fcbb10c0650"], "memsize":1064, "flags":{"wb_protected":true, "old":true, "long_lived":true, "marked":true}}
{"address":"0x7fcbb10c21f8", "type":"STRING", "class":"0x7fcbb10e0ef0", "bytesize":19, "value":"inline method cache", "memsize":40, "flags":{"wb_protected":true, "old":true, "long_lived":true, "marked":true}}
{"address":"0x7fcbb10c2220", "type":"STRING", "class":"0x7fcbb10e0ef0", "bytesize":20, "value":"operands unification", "memsize":40, "flags":{"wb_protected":true, "old":true, "long_lived":true, "marked":true}}
{"address":"0x7fcbb10c2248", "type":"STRING", "class":"0x7fcbb10e0ef0", "bytesize":20, "value":"direct threaded code", "memsize":40, "flags":{"wb_protected":true, "old":true, "long_lived":true, "marked":true}}
{"address":"0x7fcbb10c2270", "type":"ARRAY", "class":"0x7fcbb10d19a0", "length":3, "embedded":true, "references":["0x7fcbb10c2248", "0x7fcbb10c2220", "0x7fcbb10c21f8"], "memsize":40, "flags":{"wb_protected":true, "old":true, "long_lived":true, "marked":true}}
{"address":"0x7fcbb10c2298", "type":"CLASS", "class":"0x7fcbb10b0458", "name":"Class", "references":["0x7fcbb10c2298", "0x7fcbb10c2298", "0x7fcbb10c2298", "0x7fcbb10c2298", "0x7fcbb10c2298", "0x7fcbb10c2298", "0x7fcbb10c2298", "0x7fcbb10c2298", "0x7fcbb10c2298", "0x7fcbb10c2298", "0x7fcbb10c2298", "0x7fcbb10c2298", "0x7fcbb10c2298", "0x7fcbb10c2298", "0x7fcbb10c2298", "0x7fcbb10b0700", "0x7fcbb10c22c0", "0x7fcbb10e23e0"], "memsize":1416, "flags":{"wb_protected":true, "old":true, "long_lived":true, "marked":true}}
{"address":"0x7fcbb10c22c0", "type":"CLASS", "class":"0x7fcbb10c2298", "name":"Thread", "references":["0x7fcbb10c22c0", "0x7fcbb10c22c0", "0x7fcbb10c22c0", "0x7fcbb10c22c0", "0x7fcbb10c22c0", "0x7fcbb10c22c0", "0x7fcbb10c22c0", "0x7fcbb10c22c0", "0x7fcbb10c22c0", "0x7fcbb10c22c0", "0x7fcbb10c22c0", "0x7fcbb10c22c0", "0x7fcbb10c22c0", "0x7fcbb10c22c0", "0x7fcbb10c22c0", "0x7fcbb10c22c0", "0x7fcbb10c22c0", "0x7fcbb10c22c0", "0x7fcbb10c22c0", "0x7fcbb10c22c0", "0x7fcbb10c22c0", "0x7fcbb10c22c0", "0x7fcbb10c22c0", "0x7fcbb10c22c0", "0x7fcbb10c22c0", "0x7fcbb10c22c0", "0x7fcbb10c22c0", "0x7fcbb10c22c0", "0x7fcbb10c22c0", "0x7fcbb10c22c0", "0x7fcbb10c22c0", "0x7fcbb10c22c0", "0x7fcbb10c22e8", "0x7fcbb10c02e0", "0x7fcbb10c0498", "0x7fcbb10b0480", "0x7fcbb10b0868", "0x7fcbb3003558", "0x7fcbb30036e8", "0x7fcbb3003468", "0x7fcbb30036e8", "0x7fcbb3003378", "0x7fcbb30036e8", "0x7fcbb10e2c78"], "memsize":2424, "flags":{"wb_protected":true, "old":true, "long_lived":true, "marked":true}}
{"address":"0x7fcbb10c22e8", "type":"STRING", "class":"0x7fcbb10e0ef0", "frozen":true, "embedded":true, "fstring":true, "bytesize":6, "value":"Thread", "encoding":"US-ASCII", "memsize":40, "flags":{"wb_protected":true, "old":true, "long_lived":true, "marked":true}}
{"address":"0x7fcbb10c2310", "type":"STRING", "class":"0x7fcbb10e0ef0", "frozen":true, "embedded":true, "bytesize":11, "value":"RubyVM::Env", "encoding":"US-ASCII", "memsize":40, "flags":{"wb_protected":true, "old":true, "long_lived":true, "marked":true}}
{"address":"0x7fcbb10c2338", "type":"CLASS", "class":"0x7fcbb10e2430", "name":"Class", "references":["0x7fcbb10c2338", "0x7fcbb10c2360", "0x7fcbb10e23e0"], "memsize":712, "flags":{"wb_protected":true, "old":true, "long_lived":true, "marked":true}}
{"address":"0x7fcbb10c2360", "type":"CLASS", "class":"0x7fcbb10c2338", "name":"RubyVM::Env", "references":["0x7fcbb10c2310", "0x7fcbb10e2c78"], "memsize":712, "flags":{"wb_protected":true, "old":true, "long_lived":true, "marked":true}}
{"address":"0x7fcbb10c2388", "type":"STRING", "class":"0x7fcbb10e0ef0", "frozen":true, "embedded":true, "fstring":true, "bytesize":3, "value":"Env", "encoding":"US-ASCII", "memsize":40, "flags":{"wb_protected":true, "old":true, "long_lived":true, "marked":true}}
{"address":"0x7fcbb10c23b0", "type":"CLASS", "frozen":true, "references":["0x7fcbb10c23b0", "0x7fcbb10c23b0", "0x7fcbb10c23b0", "0x7fcbb10c23b0", "0x7fcbb10c23b0", "0x7fcbb10c23b0", "0x7fcbb10c23b0", "0x7fcbb10c23b0", "0x7fcbb10c23b0", "0x7fcbb10c23b0", "0x7fcbb10c23b0", "0x7fcbb10c23b0", "0x7fcbb10c23d8"], "memsize":1272, "flags":{"wb_protected":true, "old":true, "long_lived":true, "marked":true}}
{"address":"0x7fcbb10c23d8", "type":"ICLASS", "class":"0x7fcbb10c23b0", "frozen":true, "references":["0x7fcbb10e2cc8"], "memsize":40, "flags":{"wb_protected":true, "old":true, "long_lived":true, "marked":true}}
{"address":"0x7fcbb10c2400", "type":"CLASS", "class":"0x7fcbb10e2430", "name":"Class", "references":["0x7fcbb10c2400", "0x7fcbb10c2400", "0x7fcbb10c2428", "0x7fcbb10e23e0"], "memsize":712, "flags":{"wb_protected":true, "old":true, "long_lived":true, "marked":true}}
{"address":"0x7fcbb10c2428", "type":"CLASS", "class":"0x7fcbb10c2400", "name":"RubyVM", "references":["0x7fcbb10c2450", "0x7fcbb10c2360", "0x7fcbb10c2270", "0x7fcbb10c21d0", "0x7fcbb10c0600", "0x7fcbb10c0100", "0x7fcbb10c0498", "0x7fcbb10e2c78"], "memsize":904, "flags":{"wb_protected":true, "old":true, "long_lived":true, "marked":true}}
{"address":"0x7fcbb10c2450", "type":"STRING", "class":"0x7fcbb10e0ef0", "frozen":true, "embedded":true, "fstring":true, "bytesize":6, "value":"RubyVM", "encoding":"US-ASCII", "memsize":40, "flags":{"wb_protected":true, "old":true, "long_lived":true, "marked":true}}
{"address":"0x7fcbb10c24a0", "type":"STRING", "class":"0x7fcbb10e0ef0", "frozen":true, "embedded":true, "bytesize":13, "value":"enumerator.so", "encoding":"US-ASCII", "memsize":40, "flags":{"wb_protected":true, "old":true, "long_lived":true, "marked":true}}
{"address":"0x7fcbb10c24c8", "type":"STRING", "class":"0x7fcbb10e0ef0", "frozen":true, "embedded":true, "bytesize":19, "value":"Enumerator::Yielder", "encoding":"US-ASCII", "memsize":40, "flags":{"wb_protected":true, "old":true, "long_lived":true, "marked":true}}
{"address":"0x7fcbb10c24f0", "type":"CLASS", "class":"0x7fcbb10e2430", "name":"Class", "references":["0x7fcbb10c2518", "0x7fcbb10e23e0"], "memsize":712, "flags":{"wb_protected":true, "old":true, "long_lived":true, "marked":true}}
{"address":"0x7fcbb10c2518", "type":"CLASS", "class":"0x7fcbb10c24f0", "name":"Enumerator::Yielder", "references":["0x7fcbb10c2518", "0x7fcbb10c2518", "0x7fcbb10c2518", "0x7fcbb10c24c8", "0x7fcbb10e2c78"], "memsize":712, "flags":{"wb_protected":true, "old":true, "long_lived":true, "marked":true}}
{"address":"0x7fcbb10c2540", "type":"STRING", "class":"0x7fcbb10e0ef0", "frozen":true, "embedded":true, "fstring":true, "bytesize":7, "value":"Yielder", "encoding":"US-ASCII", "memsize":40, "flags":{"wb_protected":true, "old":true, "long_lived":true, "marked":true}}
{"address":"0x7fcbb10c2568", "type":"ICLASS", "class":"0x7fcbb10e1698", "references":["0x7fcbb10e2c78"], "memsize":40, "flags":{"long_lived":true, "marked":true}}
{"address":"0x7fcbb10c2590", "type":"STRING", "class":"0x7fcbb10e0ef0", "frozen":true, "embedded":true, "bytesize":21, "value":"Enumerator::Generator", "encoding":"US-ASCII", "memsize":40, "flags":{"wb_protected":true, "old":true, "long_lived":true, "marked":true}}
{"address":"0x7fcbb10c25b8", "type":"CLASS", "class":"0x7fcbb10e2430", "name":"Class", "references":["0x7fcbb10c25e0", "0x7fcbb10e23e0"], "memsize":712, "flags":{"wb_protected":true, "old":true, "long_lived":true, "marked":true}}
{"address":"0x7fcbb10c25e0", "type":"CLASS", "class":"0x7fcbb10c25b8", "name":"Enumerator::Generator", "references":["0x7fcbb10c25e0", "0x7fcbb10c25e0", "0x7fcbb10c25e0", "0x7fcbb10c2590", "0x7fcbb10c2568"], "memsize":712, "flags":{"wb_protected":true, "old":true, "long_lived":true, "marked":true}}
{"address":"0x7fcbb10c2608", "type":"STRING", "class":"0x7fcbb10e0ef0", "frozen":true, "embedded":true, "fstring":true, "bytesize":9, "value":"Generator", "encoding":"US-ASCII", "memsize":40, "flags":{"wb_protected":true, "old":true, "long_lived":true, "marked":true}}
{"address":"0x7fcbb10c2630", "type":"CLASS", "class":"0x7fcbb10e2430", "name":"Class", "references":["0x7fcbb10c2658", "0x7fcbb10dbb08"], "memsize":712, "flags":{"wb_protected":true, "old":true, "long_lived":true, "marked":true}}
{"address":"0x7fcbb10c2658", "type":"CLASS", "class":"0x7fcbb10c2630", "name":"StopIteration", "references":["0x7fcbb10c2658", "0x7fcbb10c2680", "0x7fcbb10dbb30"], "memsize":712, "flags":{"wb_protected":true, "old":true, "long_lived":true, "marked":true}}
{"address":"0x7fcbb10c2680", "type":"STRING", "class":"0x7fcbb10e0ef0", "frozen":true, "embedded":true, "fstring":true, "bytesize":13, "value":"StopIteration", "encoding":"US-ASCII", "memsize":40, "flags":{"wb_protected":true, "old":true, "long_lived":true, "marked":true}}
{"address":"0x7fcbb10c26a8", "type":"STRING", "class":"0x7fcbb10e0ef0", "frozen":true, "embedded":true, "bytesize":16, "value":"Enumerator::Lazy", "encoding":"US-ASCII", "memsize":40, "flags":{"wb_protected":true, "old":true, "long_lived":true, "marked":true}}
{"address":"0x7fcbb10c26d0", "type":"CLASS", "class":"0x7fcbb10e2430", "name":"Class", "references":["0x7fcbb10c26f8", "0x7fcbb10c2860"], "memsize":712, "flags":{"wb_protected":true, "old":true, "long_lived":true, "marked":true}}
{"address":"0x7fcbb10c26f8", "type":"CLASS", "class":"0x7fcbb10c26d0", "name":"Enumerator::Lazy", "references":["0x7fcbb10c26f8", "0x7fcbb10c26f8", "0x7fcbb10c26f8", "0x7fcbb10c26f8", "0x7fcbb10c26f8", "0x7fcbb10c26f8", "0x7fcbb10c26f8", "0x7fcbb10c26f8", "0x7fcbb10c26f8", "0x7fcbb10c26f8", "0x7fcbb10c26f8", "0x7fcbb10c26f8", "0x7fcbb10c26f8", "0x7fcbb10c26f8", "0x7fcbb10c26f8", "0x7fcbb10c26f8", "0x7fcbb10c26f8", "0x7fcbb10c26f8", "0x7fcbb10c26f8", "0x7fcbb10c26f8", "0x7fcbb10c26f8", "0x7fcbb10c2838", "0x7fcbb10c26a8", "0x7fcbb10c2888"], "memsize":1752, "flags":{"wb_protected":true, "old":true, "long_lived":true, "marked":true}}
{"address":"0x7fcbb10c2720", "type":"STRING", "class":"0x7fcbb10e0ef0", "frozen":true, "embedded":true, "fstring":true, "bytesize":4, "value":"Lazy", "encoding":"US-ASCII", "memsize":40, "flags":{"wb_protected":true, "old":true, "long_lived":true, "marked":true}}
{"address":"0x7fcbb10c2748", "type":"STRING", "class":"0x7fcbb10e0ef0", "frozen":true, "embedded":true, "fstring":true, "bytesize":4, "value":"feed", "encoding":"US-ASCII", "memsize":40, "flags":{"wb_protected":true, "old":true, "long_lived":true, "marked":true}}
{"address":"0x7fcbb10c2770", "type":"STRING", "class":"0x7fcbb10e0ef0", "frozen":true, "embedded":true, "fstring":true, "bytesize":4, "value":"peek", "encoding":"US-ASCII", "memsize":40, "flags":{"wb_protected":true, "old":true, "long_lived":true, "marked":true}}
{"address":"0x7fcbb10c2798", "type":"STRING", "class":"0x7fcbb10e0ef0", "frozen":true, "embedded":true, "fstring":true, "bytesize":11, "value":"peek_values", "encoding":"US-ASCII", "memsize":40, "flags":{"wb_protected":true, "old":true, "long_lived":true, "marked":true}}
{"address":"0x7fcbb10c27c0", "type":"STRING", "class":"0x7fcbb10e0ef0", "frozen":true, "embedded":true, "fstring":true, "bytesize":11, "value":"next_values", "encoding":"US-ASCII", "memsize":40, "flags":{"wb_protected":true, "old":true, "long_lived":true, "marked":true}}
{"address":"0x7fcbb10c27e8", "type":"STRING", "class":"0x7fcbb10e0ef0", "frozen":true, "embedded":true, "fstring":true, "bytesize":11, "value":"with_object", "encoding":"US-ASCII", "memsize":40, "flags":{"wb_protected":true, "old":true, "long_lived":true, "marked":true}}
{"address":"0x7fcbb10c2810", "type":"STRING", "class":"0x7fcbb10e0ef0", "frozen":true, "embedded":true, "fstring":true, "bytesize":10, "value":"with_index", "encoding":"US-ASCII", "memsize":40, "flags":{"wb_protected":true, "old":true, "long_lived":true, "marked":true}}
{"address":"0x7fcbb10c2838", "type":"ICLASS", "class":"0x7fcbb10e1698", "references":["0x7fcbb10e2c78"], "memsize":40, "flags":{"long_lived":true, "marked":true}}
{"address":"0x7fcbb10c2860", "type":"CLASS", "class":"0x7fcbb10e2430", "name":"Class", "references":["0x7fcbb10c2888", "0x7fcbb10e23e0"], "memsize":712, "flags":{"wb_protected":true, "old":true, "long_lived":true, "marked":true}}
{"address":"0x7fcbb10c2888", "type":"CLASS", "class":"0x7fcbb10c2860", "name":"Enumerator", "references":["0x7fcbb10c2888", "0x7fcbb10c2888", "0x7fcbb10c2888", "0x7fcbb10c2888", "0x7fcbb10c2888", "0x7fcbb10c2888", "0x7fcbb10c2888", "0x7fcbb10c2888", "0x7fcbb10c2888", "0x7fcbb10c2888", "0x7fcbb10c2888", "0x7fcbb10c2888", "0x7fcbb10c2888", "0x7fcbb10c2888", "0x7fcbb10c2888", "0x7fcbb10c28b0", "0x7fcbb10c26f8", "0x7fcbb10c25e0", "0x7fcbb10c2518", "0x7fcbb10c2838"], "memsize":1608, "flags":{"wb_protected":true, "old":true, "long_lived":true, "marked":true}}
{"address":"0x7fcbb10c28b0", "type":"STRING", "class":"0x7fcbb10e0ef0", "frozen":true, "embedded":true, "fstring":true, "bytesize":10, "value":"Enumerator", "encoding":"US-ASCII", "memsize":40, "flags":{"wb_protected":true, "old":true, "long_lived":true, "marked":true}}
{"address":"0x7fcbb10c28d8", "type":"STRING", "class":"0x7fcbb10e0ef0", "frozen":true, "embedded":true, "fstring":true, "bytesize":8, "value":"enum_for", "encoding":"US-ASCII", "memsize":40, "flags":{"wb_protected":true, "old":true, "long_lived":true, "marked":true}}
{"address":"0x7fcbb10c2900", "type":"STRING", "class":"0x7fcbb10e0ef0", "frozen":true, "embedded":true, "fstring":true, "bytesize":7, "value":"to_enum", "encoding":"US-ASCII", "memsize":40, "flags":{"wb_protected":true, "old":true, "long_lived":true, "marked":true}}
{"address":"0x7fcbb10c2928", "type":"STRING", "class":"0x7fcbb10e0ef0", "frozen":true, "embedded":true, "fstring":true, "bytesize":5, "value":"force", "encoding":"US-ASCII", "memsize":40, "flags":{"wb_protected":true, "old":true, "long_lived":true, "marked":true}}
{"address":"0x7fcbb10c2950", "type":"STRING", "class":"0x7fcbb10e0ef0", "frozen":true, "embedded":true, "fstring":true, "bytesize":4, "value":"memo", "encoding":"US-ASCII", "memsize":40, "flags":{"wb_protected":true, "old":true, "long_lived":true, "marked":true}}
{"address":"0x7fcbb10c2978", "type":"STRING", "class":"0x7fcbb10e0ef0", "frozen":true, "embedded":true, "fstring":true, "bytesize":9, "value":"arguments", "encoding":"US-ASCII", "memsize":40, "flags":{"wb_protected":true, "old":true, "long_lived":true, "marked":true}}
{"address":"0x7fcbb10c29a0", "type":"STRING", "class":"0x7fcbb10e0ef0", "frozen":true, "embedded":true, "fstring":true, "bytesize":4, "value":"lazy", "encoding":"US-ASCII", "memsize":40, "flags":{"wb_protected":true, "old":true, "long_lived":true, "marked":true}}
{"address":"0x7fcbb10c29c8", "type":"STRING", "class":"0x7fcbb10e0ef0", "frozen":true, "fstring":true, "bytesize":20, "value":"GC_ENABLE_LAZY_SWEEP", "encoding":"US-ASCII", "memsize":40, "flags":{"wb_protected":true, "old":true, "long_lived":true, "marked":true}}
{"address":"0x7fcbb10c29f0", "type":"STRING", "class":"0x7fcbb10e0ef0", "frozen":true, "fstring":true, "bytesize":25, "value":"RGENGC_ESTIMATE_OLDMALLOC", "encoding":"US-ASCII", "memsize":40, "flags":{"wb_protected":true, "old":true, "long_lived":true, "marked":true}}
{"address":"0x7fcbb10c2a18", "type":"STRING", "class":"0x7fcbb10e0ef0", "frozen":true, "fstring":true, "bytesize":10, "value":"USE_RGENGC", "encoding":"US-ASCII", "memsize":40, "flags":{"wb_protected":true, "old":true, "long_lived":true, "marked":true}}
{"address":"0x7fcbb10c2a40", "type":"STRING", "class":"0x7fcbb10e0ef0", "frozen":true, "embedded":true, "fstring":true, "bytesize":4, "value":"OPTS", "encoding":"US-ASCII", "memsize":40, "flags":{"wb_protected":true, "old":true, "long_lived":true, "marked":true}}
{"address":"0x7fcbb10c2a68", "type":"ARRAY", "class":"0x7fcbb10d19a0", "frozen":true, "length":3, "embedded":true, "references":["0x7fcbb10c2a18", "0x7fcbb10c29f0", "0x7fcbb10c29c8"], "memsize":40, "flags":{"wb_protected":true, "old":true, "long_lived":true, "marked":true}}
{"address":"0x7fcbb10c2a90", "type":"STRING", "class":"0x7fcbb10e0ef0", "frozen":true, "fstring":true, "bytesize":27, "value":"verify_internal_consistency", "encoding":"US-ASCII", "memsize":68, "flags":{"wb_protected":true, "old":true, "long_lived":true, "marked":true}}
{"address":"0x7fcbb10c2ab8", "type":"ICLASS", "class":"0x7fcbb10e1698", "references":["0x7fcbb10e2c78"], "memsize":40, "flags":{"long_lived":true, "marked":true}}
{"address":"0x7fcbb10c2ae0", "type":"STRING", "class":"0x7fcbb10e0ef0", "frozen":true, "embedded":true, "fstring":true, "bytesize":8, "value":"finalize", "encoding":"US-ASCII", "memsize":40, "flags":{"wb_protected":true, "old":true, "long_lived":true, "marked":true}}
{"address":"0x7fcbb10c2b08", "type":"STRING", "class":"0x7fcbb10e0ef0", "frozen":true, "embedded":true, "bytesize":20, "value":"ObjectSpace::WeakMap", "encoding":"US-ASCII", "memsize":40, "flags":{"wb_protected":true, "old":true, "long_lived":true, "marked":true}}
{"address":"0x7fcbb10c2b30", "type":"CLASS", "class":"0x7fcbb10e2430", "name":"Class", "references":["0x7fcbb10c2b58", "0x7fcbb10e23e0"], "memsize":712, "flags":{"wb_protected":true, "old":true, "long_lived":true, "marked":true}}
{"address":"0x7fcbb10c2b58", "type":"CLASS", "class":"0x7fcbb10c2b30", "name":"ObjectSpace::WeakMap", "references":["0x7fcbb10c2b58", "0x7fcbb10c2b58", "0x7fcbb10c2b58", "0x7fcbb10c2b58", "0x7fcbb10c2b58", "0x7fcbb10c2b58", "0x7fcbb10c2b58", "0x7fcbb10c2b58", "0x7fcbb10c2b58", "0x7fcbb10c2b58", "0x7fcbb10c2b58", "0x7fcbb10c2b58", "0x7fcbb10c2b58", "0x7fcbb10c2b58", "0x7fcbb10c2b58", "0x7fcbb10c2b08", "0x7fcbb10c2ab8"], "memsize":1416, "flags":{"wb_protected":true, "old":true, "long_lived":true, "marked":true}}
{"address":"0x7fcbb10c2b80", "type":"STRING", "class":"0x7fcbb10e0ef0", "frozen":true, "embedded":true, "fstring":true, "bytesize":7, "value":"WeakMap", "encoding":"US-ASCII", "memsize":40, "flags":{"wb_protected":true, "old":true, "long_lived":true, "marked":true}}
{"address":"0x7fcbb10c2ba8", "type":"STRING", "class":"0x7fcbb10e0ef0", "frozen":true, "embedded":true, "fstring":true, "bytesize":13, "value":"count_objects", "encoding":"US-ASCII", "memsize":40, "flags":{"wb_protected":true, "old":true, "long_lived":true, "marked":true}}
{"address":"0x7fcbb10c2bd0", "type":"STRING", "class":"0x7fcbb10e0ef0", "frozen":true, "embedded":true, "fstring":true, "bytesize":6, "value":"__id__", "encoding":"US-ASCII", "memsize":40, "flags":{"wb_protected":true, "old":true, "long_lived":true, "marked":true}}
{"address":"0x7fcbb10c2bf8", "type":"OBJECT", "class":"0x7fcbb10db4f0", "frozen":true, "ivars":3, "references":["0x7fcbb10c2c20"], "memsize":40, "flags":{"wb_protected":true, "old":true, "long_lived":true, "marked":true}}
{"address":"0x7fcbb10c2c20", "type":"STRING", "class":"0x7fcbb10e0ef0", "frozen":true, "bytesize":25, "value":"failed to allocate memory", "memsize":66, "flags":{"wb_protected":true, "old":true, "long_lived":true, "marked":true}}
{"address":"0x7fcbb10c2c48", "type":"STRING", "class":"0x7fcbb10e0ef0", "frozen":true, "embedded":true, "fstring":true, "bytesize":7, "value":"_id2ref", "encoding":"US-ASCII", "memsize":40, "flags":{"wb_protected":true, "old":true, "long_lived":true, "marked":true}}
{"address":"0x7fcbb10c2c70", "type":"STRING", "class":"0x7fcbb10e0ef0", "frozen":true, "embedded":true, "fstring":true, "bytesize":18, "value":"undefine_finalizer", "encoding":"US-ASCII", "memsize":40, "flags":{"wb_protected":true, "old":true, "long_lived":true, "marked":true}}
{"address":"0x7fcbb10c2c98", "type":"STRING", "class":"0x7fcbb10e0ef0", "frozen":true, "embedded":true, "fstring":true, "bytesize":16, "value":"define_finalizer", "encoding":"US-ASCII", "memsize":40, "flags":{"wb_protected":true, "old":true, "long_lived":true, "marked":true}}
{"address":"0x7fcbb10c2cc0", "type":"CLASS", "class":"0x7fcbb10e2408", "name":"Module", "references":["0x7fcbb10c2cc0", "0x7fcbb10c2cc0", "0x7fcbb10c2cc0", "0x7fcbb10c2cc0", "0x7fcbb10c2cc0", "0x7fcbb10c2cc0", "0x7fcbb10c2cc0", "0x7fcbb10c2cc0", "0x7fcbb10c2cc0", "0x7fcbb10c2cc0", "0x7fcbb10c2cc0", "0x7fcbb10c2cc0", "0x7fcbb10c2cc0", "0x7fcbb10c2cc0", "0x7fcbb10c2cc0", "0x7fcbb10c2cc0", "0x7fcbb10c2cc0", "0x7fcbb10c2cc0", "0x7fcbb10c2cc0", "0x7fcbb10c2cc0", "0x7fcbb10c2cc0", "0x7fcbb10c2cc0", "0x7fcbb10c2cc0", "0x7fcbb10c2cc0", "0x7fcbb10c2cc0", "0x7fcbb10c2d10", "0x7fcbb10e2c28"], "memsize":1896, "flags":{"wb_protected":true, "old":true, "long_lived":true, "marked":true}}
{"address":"0x7fcbb10c2ce8", "type":"STRING", "class":"0x7fcbb10e0ef0", "frozen":true, "embedded":true, "fstring":true, "bytesize":11, "value":"each_object", "encoding":"US-ASCII", "memsize":40, "flags":{"wb_protected":true, "old":true, "long_lived":true, "marked":true}}
{"address":"0x7fcbb10c2d10", "type":"MODULE", "class":"0x7fcbb10c2cc0", "name":"ObjectSpace", "references":["0x7fcbb10c2d10", "0x7fcbb10c2d10", "0x7fcbb10c2d10", "0x7fcbb10c2d10", "0x7fcbb10c2d10", "0x7fcbb10c2d10", "0x7fcbb10c2d10", "0x7fcbb10c2d10", "0x7fcbb10c2d10", "0x7fcbb10c2d10", "0x7fcbb10c2d10", "0x7fcbb10c2d10", "0x7fcbb10c2d10", "0x7fcbb10c2d10", "0x7fcbb10c2d10", "0x7fcbb10c2d10", "0x7fcbb10c2d10", "0x7fcbb10c2d10", "0x7fcbb10c2d10", "0x7fcbb10c2d10", "0x7fcbb10c2d10", "0x7fcbb10c2d10", "0x7fcbb10c2d10", "0x7fcbb10c2d10", "0x7fcbb10c2d10", "0x7fcbb10c2d38", "0x7fcbb10c2b58", "0x7fcbb198f998", "0x7fcbb198fbf0"], "memsize":2088, "flags":{"wb_protected":true, "old":true, "long_lived":true, "marked":true}}
{"address":"0x7fcbb10c2d38", "type":"STRING", "class":"0x7fcbb10e0ef0", "frozen":true, "embedded":true, "fstring":true, "bytesize":11, "value":"ObjectSpace", "encoding":"US-ASCII", "memsize":40, "flags":{"wb_protected":true, "old":true, "long_lived":true, "marked":true}}
{"address":"0x7fcbb10c2d60", "type":"STRING", "class":"0x7fcbb10e0ef0", "frozen":true, "embedded":true, "fstring":true, "bytesize":10, "value":"total_time", "encoding":"US-ASCII", "memsize":40, "flags":{"wb_protected":true, "old":true, "long_lived":true, "marked":true}}
{"address":"0x7fcbb10c2d88", "type":"STRING", "class":"0x7fcbb10e0ef0", "frozen":true, "embedded":true, "fstring":true, "bytesize":6, "value":"report", "encoding":"US-ASCII", "memsize":40, "flags":{"wb_protected":true, "old":true, "long_lived":true, "marked":true}}
{"address":"0x7fcbb10c2db0", "type":"STRING", "class":"0x7fcbb10e0ef0", "frozen":true, "embedded":true, "fstring":true, "bytesize":6, "value":"result", "encoding":"US-ASCII", "memsize":40, "flags":{"wb_protected":true, "old":true, "long_lived":true, "marked":true}}
{"address":"0x7fcbb10c2dd8", "type":"STRING", "class":"0x7fcbb10e0ef0", "frozen":true, "embedded":true, "fstring":true, "bytesize":8, "value":"raw_data", "encoding":"US-ASCII", "memsize":40, "flags":{"wb_protected":true, "old":true, "long_lived":true, "marked":true}}
{"address":"0x7fcbb10c2e00", "type":"STRING", "class":"0x7fcbb10e0ef0", "frozen":true, "embedded":true, "fstring":true, "bytesize":8, "value":"enabled?", "encoding":"US-ASCII", "memsize":40, "flags":{"wb_protected":true, "old":true, "long_lived":true, "marked":true}}
{"address":"0x7fcbb10c2e28", "type":"CLASS", "class":"0x7fcbb10e2408", "name":"Module", "references":["0x7fcbb10c2e28", "0x7fcbb10c2e28", "0x7fcbb10c2e28", "0x7fcbb10c2e28", "0x7fcbb10c2e28", "0x7fcbb10c2e28", "0x7fcbb10c2e28", "0x7fcbb10c2e28", "0x7fcbb10c2e78", "0x7fcbb10e2c28"], "memsize":1080, "flags":{"wb_protected":true, "old":true, "long_lived":true, "marked":true}}
{"address":"0x7fcbb10c2e50", "type":"STRING", "class":"0x7fcbb10e0ef0", "frozen":true, "embedded":true, "bytesize":12, "value":"GC::Profiler", "encoding":"US-ASCII", "memsize":40, "flags":{"wb_protected":true, "old":true, "long_lived":true, "marked":true}}
{"address":"0x7fcbb10c2e78", "type":"MODULE", "class":"0x7fcbb10c2e28", "name":"GC::Profiler", "references":["0x7fcbb10c2e50"], "memsize":712, "flags":{"wb_protected":true, "old":true, "long_lived":true, "marked":true}}
{"address":"0x7fcbb10c2ea0", "type":"STRING", "class":"0x7fcbb10e0ef0", "frozen":true, "embedded":true, "fstring":true, "bytesize":8, "value":"Profiler", "encoding":"US-ASCII", "memsize":40, "flags":{"wb_protected":true, "old":true, "long_lived":true, "marked":true}}
{"address":"0x7fcbb10c2ec8", "type":"STRING", "class":"0x7fcbb10e0ef0", "frozen":true, "embedded":true, "fstring":true, "bytesize":18, "value":"INTERNAL_CONSTANTS", "encoding":"US-ASCII", "memsize":40, "flags":{"wb_protected":true, "old":true, "long_lived":true, "marked":true}}
{"address":"0x7fcbb10c2ef0", "type":"STRING", "class":"0x7fcbb10e0ef0", "frozen":true, "embedded":true, "fstring":true, "bytesize":18, "value":"HEAP_BITMAP_PLANES", "encoding":"US-ASCII", "memsize":40, "flags":{"wb_protected":true, "old":true, "long_lived":true, "marked":true}}
{"address":"0x7fcbb10c2f18", "type":"STRING", "class":"0x7fcbb10e0ef0", "frozen":true, "embedded":true, "fstring":true, "bytesize":16, "value":"HEAP_BITMAP_SIZE", "encoding":"US-ASCII", "memsize":40, "flags":{"wb_protected":true, "old":true, "long_lived":true, "marked":true}}
{"address":"0x7fcbb10c2f40", "type":"STRING", "class":"0x7fcbb10e0ef0", "frozen":true, "embedded":true, "fstring":true, "bytesize":14, "value":"HEAP_OBJ_LIMIT", "encoding":"US-ASCII", "memsize":40, "flags":{"wb_protected":true, "old":true, "long_lived":true, "marked":true}}
{"address":"0x7fcbb10c2f68", "type":"STRING", "class":"0x7fcbb10e0ef0", "frozen":true, "embedded":true, "fstring":true, "bytesize":11, "value":"RVALUE_SIZE", "encoding":"US-ASCII", "memsize":40, "flags":{"wb_protected":true, "old":true, "long_lived":true, "marked":true}}
{"address":"0x7fcbb10c2f90", "type":"HASH", "class":"0x7fcbb10d1270", "frozen":true, "size":4, "memsize":232, "flags":{"wb_protected":true, "old":true, "long_lived":true, "marked":true}}
{"address":"0x7fcbb10c2fb8", "type":"STRING", "class":"0x7fcbb10e0ef0", "frozen":true, "embedded":true, "fstring":true, "bytesize":15, "value":"garbage_collect", "encoding":"US-ASCII", "memsize":40, "flags":{"wb_protected":true, "old":true, "long_lived":true, "marked":true}}
{"address":"0x7fcbb10c2fe0", "type":"STRING", "class":"0x7fcbb10e0ef0", "frozen":true, "embedded":true, "fstring":true, "bytesize":14, "value":"latest_gc_info", "encoding":"US-ASCII", "memsize":40, "flags":{"wb_protected":true, "old":true, "long_lived":true, "marked":true}}
{"address":"0x7fcbb10c3008", "type":"STRING", "class":"0x7fcbb10e0ef0", "frozen":true, "embedded":true, "fstring":true, "bytesize":7, "value":"stress=", "encoding":"US-ASCII", "memsize":40, "flags":{"wb_protected":true, "old":true, "long_lived":true, "marked":true}}
{"address":"0x7fcbb10c3030", "type":"STRING", "class":"0x7fcbb10e0ef0", "frozen":true, "embedded":true, "fstring":true, "bytesize":6, "value":"stress", "encoding":"US-ASCII", "memsize":40, "flags":{"wb_protected":true, "old":true, "long_lived":true, "marked":true}}
{"address":"0x7fcbb10c3058", "type":"STRING", "class":"0x7fcbb10e0ef0", "frozen":true, "embedded":true, "fstring":true, "bytesize":7, "value":"disable", "encoding":"US-ASCII", "memsize":40, "flags":{"wb_protected":true, "old":true, "long_lived":true, "marked":true}}
{"address":"0x7fcbb10c3080", "type":"STRING", "class":"0x7fcbb10e0ef0", "frozen":true, "embedded":true, "fstring":true, "bytesize":6, "value":"enable", "encoding":"US-ASCII", "memsize":40, "flags":{"wb_protected":true, "old":true, "long_lived":true, "marked":true}}
{"address":"0x7fcbb10c30a8", "type":"STRING", "class":"0x7fcbb10e0ef0", "frozen":true, "embedded":true, "fstring":true, "bytesize":5, "value":"start", "encoding":"US-ASCII", "memsize":40, "flags":{"wb_protected":true, "old":true, "long_lived":true, "marked":true}}
{"address":"0x7fcbb10c30d0", "type":"CLASS", "class":"0x7fcbb10e2408", "name":"Module", "references":["0x7fcbb10c30d0", "0x7fcbb10c30d0", "0x7fcbb10c30d0", "0x7fcbb10c30d0", "0x7fcbb10c30d0", "0x7fcbb10c30d0", "0x7fcbb10c30d0", "0x7fcbb10c30d0", "0x7fcbb10c30d0", "0x7fcbb10c30f8", "0x7fcbb10e2c28"], "memsize":1128, "flags":{"wb_protected":true, "old":true, "long_lived":true, "marked":true}}
{"address":"0x7fcbb10c30f8", "type":"MODULE", "class":"0x7fcbb10c30d0", "name":"GC", "references":["0x7fcbb10c30f8", "0x7fcbb10c3120", "0x7fcbb10c2f90", "0x7fcbb10c2e78", "0x7fcbb10c2a68"], "memsize":904, "flags":{"wb_protected":true, "old":true, "long_lived":true, "marked":true}}
{"address":"0x7fcbb10c3120", "type":"STRING", "class":"0x7fcbb10e0ef0", "frozen":true, "embedded":true, "fstring":true, "bytesize":2, "value":"GC", "encoding":"US-ASCII", "memsize":40, "flags":{"wb_protected":true, "old":true, "long_lived":true, "marked":true}}
{"address":"0x7fcbb10c3148", "type":"STRING", "class":"0x7fcbb10e0ef0", "frozen":true, "embedded":true, "fstring":true, "bytesize":6, "value":"lgamma", "encoding":"US-ASCII", "memsize":40, "flags":{"wb_protected":true, "old":true, "long_lived":true, "marked":true}}
{"address":"0x7fcbb10c3170", "type":"STRING", "class":"0x7fcbb10e0ef0", "frozen":true, "embedded":true, "fstring":true, "bytesize":5, "value":"gamma", "encoding":"US-ASCII", "memsize":40, "flags":{"wb_protected":true, "old":true, "long_lived":true, "marked":true}}
{"address":"0x7fcbb10c3198", "type":"STRING", "class":"0x7fcbb10e0ef0", "frozen":true, "embedded":true, "fstring":true, "bytesize":4, "value":"erfc", "encoding":"US-ASCII", "memsize":40, "flags":{"wb_protected":true, "old":true, "long_lived":true, "marked":true}}
{"address":"0x7fcbb10c31c0", "type":"STRING", "class":"0x7fcbb10e0ef0", "frozen":true, "embedded":true, "fstring":true, "bytesize":3, "value":"erf", "encoding":"US-ASCII", "memsize":40, "flags":{"wb_protected":true, "old":true, "long_lived":true, "marked":true}}
{"address":"0x7fcbb10c31e8", "type":"STRING", "class":"0x7fcbb10e0ef0", "frozen":true, "embedded":true, "fstring":true, "bytesize":5, "value":"hypot", "encoding":"US-ASCII", "memsize":40, "flags":{"wb_protected":true, "old":true, "long_lived":true, "marked":true}}
{"address":"0x7fcbb10c3210", "type":"STRING", "class":"0x7fcbb10e0ef0", "frozen":true, "embedded":true, "fstring":true, "bytesize":5, "value":"ldexp", "encoding":"US-ASCII", "memsize":40, "flags":{"wb_protected":true, "old":true, "long_lived":true, "marked":true}}
{"address":"0x7fcbb10c3238", "type":"STRING", "class":"0x7fcbb10e0ef0", "frozen":true, "embedded":true, "fstring":true, "bytesize":5, "value":"frexp", "encoding":"US-ASCII", "memsize":40, "flags":{"wb_protected":true, "old":true, "long_lived":true, "marked":true}}
{"address":"0x7fcbb10c3260", "type":"STRING", "class":"0x7fcbb10e0ef0", "frozen":true, "embedded":true, "fstring":true, "bytesize":4, "value":"cbrt", "encoding":"US-ASCII", "memsize":40, "flags":{"wb_protected":true, "old":true, "long_lived":true, "marked":true}}
{"address":"0x7fcbb10c3288", "type":"STRING", "class":"0x7fcbb10e0ef0", "frozen":true, "embedded":true, "fstring":true, "bytesize":4, "value":"sqrt", "encoding":"US-ASCII", "memsize":40, "flags":{"wb_protected":true, "old":true, "long_lived":true, "marked":true}}
{"address":"0x7fcbb10c32b0", "type":"STRING", "class":"0x7fcbb10e0ef0", "frozen":true, "embedded":true, "fstring":true, "bytesize":5, "value":"log10", "encoding":"US-ASCII", "memsize":40, "flags":{"wb_protected":true, "old":true, "long_lived":true, "marked":true}}
{"address":"0x7fcbb10c32d8", "type":"STRING", "class":"0x7fcbb10e0ef0", "frozen":true, "embedded":true, "fstring":true, "bytesize":4, "value":"log2", "encoding":"US-ASCII", "memsize":40, "flags":{"wb_protected":true, "old":true, "long_lived":true, "marked":true}}
{"address":"0x7fcbb10c3300", "type":"STRING", "class":"0x7fcbb10e0ef0", "frozen":true, "embedded":true, "fstring":true, "bytesize":3, "value":"log", "encoding":"US-ASCII", "memsize":40, "flags":{"wb_protected":true, "old":true, "long_lived":true, "marked":true}}
{"address":"0x7fcbb10c3328", "type":"STRING", "class":"0x7fcbb10e0ef0", "frozen":true, "embedded":true, "fstring":true, "bytesize":3, "value":"exp", "encoding":"US-ASCII", "memsize":40, "flags":{"wb_protected":true, "old":true, "long_lived":true, "marked":true}}
{"address":"0x7fcbb10c3350", "type":"STRING", "class":"0x7fcbb10e0ef0", "frozen":true, "embedded":true, "fstring":true, "bytesize":5, "value":"atanh", "encoding":"US-ASCII", "memsize":40, "flags":{"wb_protected":true, "old":true, "long_lived":true, "marked":true}}
{"address":"0x7fcbb10c3378", "type":"STRING", "class":"0x7fcbb10e0ef0", "frozen":true, "embedded":true, "fstring":true, "bytesize":5, "value":"asinh", "encoding":"US-ASCII", "memsize":40, "flags":{"wb_protected":true, "old":true, "long_lived":true, "marked":true}}
{"address":"0x7fcbb10c33a0", "type":"STRING", "class":"0x7fcbb10e0ef0", "frozen":true, "embedded":true, "fstring":true, "bytesize":5, "value":"acosh", "encoding":"US-ASCII", "memsize":40, "flags":{"wb_protected":true, "old":true, "long_lived":true, "marked":true}}
{"address":"0x7fcbb10c33c8", "type":"STRING", "class":"0x7fcbb10e0ef0", "frozen":true, "embedded":true, "fstring":true, "bytesize":4, "value":"tanh", "encoding":"US-ASCII", "memsize":40, "flags":{"wb_protected":true, "old":true, "long_lived":true, "marked":true}}
{"address":"0x7fcbb10c33f0", "type":"STRING", "class":"0x7fcbb10e0ef0", "frozen":true, "embedded":true, "fstring":true, "bytesize":4, "value":"sinh", "encoding":"US-ASCII", "memsize":40, "flags":{"wb_protected":true, "old":true, "long_lived":true, "marked":true}}
{"address":"0x7fcbb10c3418", "type":"STRING", "class":"0x7fcbb10e0ef0", "frozen":true, "embedded":true, "fstring":true, "bytesize":4, "value":"cosh", "encoding":"US-ASCII", "memsize":40, "flags":{"wb_protected":true, "old":true, "long_lived":true, "marked":true}}
{"address":"0x7fcbb10c3440", "type":"STRING", "class":"0x7fcbb10e0ef0", "frozen":true, "embedded":true, "fstring":true, "bytesize":4, "value":"atan", "encoding":"US-ASCII", "memsize":40, "flags":{"wb_protected":true, "old":true, "long_lived":true, "marked":true}}
{"address":"0x7fcbb10c3468", "type":"STRING", "class":"0x7fcbb10e0ef0", "frozen":true, "embedded":true, "fstring":true, "bytesize":4, "value":"asin", "encoding":"US-ASCII", "memsize":40, "flags":{"wb_protected":true, "old":true, "long_lived":true, "marked":true}}
{"address":"0x7fcbb10c3490", "type":"STRING", "class":"0x7fcbb10e0ef0", "frozen":true, "embedded":true, "fstring":true, "bytesize":4, "value":"acos", "encoding":"US-ASCII", "memsize":40, "flags":{"wb_protected":true, "old":true, "long_lived":true, "marked":true}}
{"address":"0x7fcbb10c34b8", "type":"STRING", "class":"0x7fcbb10e0ef0", "frozen":true, "embedded":true, "fstring":true, "bytesize":3, "value":"tan", "encoding":"US-ASCII", "memsize":40, "flags":{"wb_protected":true, "old":true, "long_lived":true, "marked":true}}
{"address":"0x7fcbb10c34e0", "type":"STRING", "class":"0x7fcbb10e0ef0", "frozen":true, "embedded":true, "fstring":true, "bytesize":3, "value":"sin", "encoding":"US-ASCII", "memsize":40, "flags":{"wb_protected":true, "old":true, "long_lived":true, "marked":true}}
{"address":"0x7fcbb10c3508", "type":"STRING", "class":"0x7fcbb10e0ef0", "frozen":true, "embedded":true, "fstring":true, "bytesize":3, "value":"cos", "encoding":"US-ASCII", "memsize":40, "flags":{"wb_protected":true, "old":true, "long_lived":true, "marked":true}}
{"address":"0x7fcbb10c3530", "type":"CLASS", "class":"0x7fcbb10e2408", "name":"Module", "references":["0x7fcbb10c3530", "0x7fcbb10c3530", "0x7fcbb10c3530", "0x7fcbb10c3530", "0x7fcbb10c3530", "0x7fcbb10c3530", "0x7fcbb10c3530", "0x7fcbb10c3530", "0x7fcbb10c3530", "0x7fcbb10c3530", "0x7fcbb10c3530", "0x7fcbb10c3530", "0x7fcbb10c3530", "0x7fcbb10c3530", "0x7fcbb10c3530", "0x7fcbb10c3530", "0x7fcbb10c3530", "0x7fcbb10c3530", "0x7fcbb10c3530", "0x7fcbb10c3530", "0x7fcbb10c3530", "0x7fcbb10c3530", "0x7fcbb10c3530", "0x7fcbb10c3530", "0x7fcbb10c3530", "0x7fcbb10c3530", "0x7fcbb10c3670", "0x7fcbb10e2c28"], "memsize":1944, "flags":{"wb_protected":true, "old":true, "long_lived":true, "marked":true}}
{"address":"0x7fcbb10c3558", "type":"STRING", "class":"0x7fcbb10e0ef0", "frozen":true, "embedded":true, "fstring":true, "bytesize":5, "value":"atan2", "encoding":"US-ASCII", "memsize":40, "flags":{"wb_protected":true, "old":true, "long_lived":true, "marked":true}}
{"address":"0x7fcbb10c3580", "type":"STRING", "class":"0x7fcbb10e0ef0", "frozen":true, "embedded":true, "fstring":true, "bytesize":1, "value":"E", "encoding":"US-ASCII", "memsize":40, "flags":{"wb_protected":true, "old":true, "long_lived":true, "marked":true}}
{"address":"0x7fcbb10c35a8", "type":"STRING", "class":"0x7fcbb10e0ef0", "frozen":true, "embedded":true, "fstring":true, "bytesize":2, "value":"PI", "encoding":"US-ASCII", "memsize":40, "flags":{"wb_protected":true, "old":true, "long_lived":true, "marked":true}}
{"address":"0x7fcbb10c35d0", "type":"STRING", "class":"0x7fcbb10e0ef0", "frozen":true, "embedded":true, "bytesize":17, "value":"Math::DomainError", "encoding":"US-ASCII", "memsize":40, "flags":{"wb_protected":true, "old":true, "long_lived":true, "marked":true}}
{"address":"0x7fcbb10c35f8", "type":"CLASS", "class":"0x7fcbb10e2430", "name":"Class", "references":["0x7fcbb10c3620", "0x7fcbb10dbc70"], "memsize":712, "flags":{"wb_protected":true, "old":true, "long_lived":true, "marked":true}}
{"address":"0x7fcbb10c3620", "type":"CLASS", "class":"0x7fcbb10c35f8", "name":"Math::DomainError", "references":["0x7fcbb10c35d0", "0x7fcbb10dbc98"], "memsize":712, "flags":{"wb_protected":true, "old":true, "long_lived":true, "marked":true}}
{"address":"0x7fcbb10c3648", "type":"STRING", "class":"0x7fcbb10e0ef0", "frozen":true, "embedded":true, "fstring":true, "bytesize":11, "value":"DomainError", "encoding":"US-ASCII", "memsize":40, "flags":{"wb_protected":true, "old":true, "long_lived":true, "marked":true}}
{"address":"0x7fcbb10c3670", "type":"MODULE", "class":"0x7fcbb10c3530", "name":"Math", "references":["0x7fcbb10c3670", "0x7fcbb10c3670", "0x7fcbb10c3670", "0x7fcbb10c3670", "0x7fcbb10c3670", "0x7fcbb10c3670", "0x7fcbb10c3670", "0x7fcbb10c3670", "0x7fcbb10c3670", "0x7fcbb10c3670", "0x7fcbb10c3670", "0x7fcbb10c3670", "0x7fcbb10c3670", "0x7fcbb10c3670", "0x7fcbb10c3670", "0x7fcbb10c3670", "0x7fcbb10c3670", "0x7fcbb10c3670", "0x7fcbb10c3670", "0x7fcbb10c3670", "0x7fcbb10c3670", "0x7fcbb10c3670", "0x7fcbb10c3670", "0x7fcbb10c3670", "0x7fcbb10c3670", "0x7fcbb10c3670", "0x7fcbb10c3698", "0x7fcbb10c3620"], "memsize":2136, "flags":{"wb_protected":true, "old":true, "long_lived":true, "marked":true}}
{"address":"0x7fcbb10c3698", "type":"STRING", "class":"0x7fcbb10e0ef0", "frozen":true, "embedded":true, "fstring":true, "bytesize":4, "value":"Math", "encoding":"US-ASCII", "memsize":40, "flags":{"wb_protected":true, "old":true, "long_lived":true, "marked":true}}
{"address":"0x7fcbb10c36c0", "type":"STRING", "class":"0x7fcbb10e0ef0", "frozen":true, "embedded":true, "fstring":true, "bytesize":23, "value":"local_variable_defined?", "encoding":"US-ASCII", "memsize":40, "flags":{"wb_protected":true, "old":true, "long_lived":true, "marked":true}}
{"address":"0x7fcbb10c36e8", "type":"STRING", "class":"0x7fcbb10e0ef0", "frozen":true, "embedded":true, "fstring":true, "bytesize":18, "value":"local_variable_set", "encoding":"US-ASCII", "memsize":40, "flags":{"wb_protected":true, "old":true, "long_lived":true, "marked":true}}
{"address":"0x7fcbb10c3710", "type":"STRING", "class":"0x7fcbb10e0ef0", "frozen":true, "embedded":true, "fstring":true, "bytesize":18, "value":"local_variable_get", "encoding":"US-ASCII", "memsize":40, "flags":{"wb_protected":true, "old":true, "long_lived":true, "marked":true}}
{"address":"0x7fcbb10c3738", "type":"CLASS", "class":"0x7fcbb10e2430", "name":"Class", "references":["0x7fcbb10c3738", "0x7fcbb10c3760", "0x7fcbb10e23e0"], "memsize":712, "flags":{"wb_protected":true, "old":true, "long_lived":true, "marked":true}}
{"address":"0x7fcbb10c3760", "type":"CLASS", "class":"0x7fcbb10c3738", "name":"Binding", "references":["0x7fcbb10c3760", "0x7fcbb10c3760", "0x7fcbb10c3760", "0x7fcbb10c3760", "0x7fcbb10c3760", "0x7fcbb10c3760", "0x7fcbb10c3760", "0x7fcbb10c3760", "0x7fcbb10c3788", "0x7fcbb10e2c78"], "memsize":1080, "flags":{"wb_protected":true, "old":true, "long_lived":true, "marked":true}}
{"address":"0x7fcbb10c3788", "type":"STRING", "class":"0x7fcbb10e0ef0", "frozen":true, "embedded":true, "fstring":true, "bytesize":7, "value":"Binding", "encoding":"US-ASCII", "memsize":40, "flags":{"wb_protected":true, "old":true, "long_lived":true, "marked":true}}
{"address":"0x7fcbb10c37b0", "type":"STRING", "class":"0x7fcbb10e0ef0", "frozen":true, "embedded":true, "fstring":true, "bytesize":23, "value":"define_singleton_method", "encoding":"US-ASCII", "memsize":40, "flags":{"wb_protected":true, "old":true, "long_lived":true, "marked":true}}
{"address":"0x7fcbb10c37d8", "type":"STRING", "class":"0x7fcbb10e0ef0", "frozen":true, "embedded":true, "fstring":true, "bytesize":13, "value":"define_method", "encoding":"US-ASCII", "memsize":40, "flags":{"wb_protected":true, "old":true, "long_lived":true, "marked":true}}
{"address":"0x7fcbb10c3800", "type":"STRING", "class":"0x7fcbb10e0ef0", "frozen":true, "embedded":true, "fstring":true, "bytesize":22, "value":"public_instance_method", "encoding":"US-ASCII", "memsize":40, "flags":{"wb_protected":true, "old":true, "long_lived":true, "marked":true}}
{"address":"0x7fcbb10c3828", "type":"STRING", "class":"0x7fcbb10e0ef0", "frozen":true, "embedded":true, "fstring":true, "bytesize":15, "value":"instance_method", "encoding":"US-ASCII", "memsize":40, "flags":{"wb_protected":true, "old":true, "long_lived":true, "marked":true}}
{"address":"0x7fcbb10c3850", "type":"STRING", "class":"0x7fcbb10e0ef0", "frozen":true, "embedded":true, "fstring":true, "bytesize":4, "value":"bind", "encoding":"US-ASCII", "memsize":40, "flags":{"wb_protected":true, "old":true, "long_lived":true, "marked":true}}
{"address":"0x7fcbb10c3878", "type":"CLASS", "class":"0x7fcbb10e2430", "name":"Class", "references":["0x7fcbb10c3878", "0x7fcbb10c38a0", "0x7fcbb10e23e0"], "memsize":712, "flags":{"wb_protected":true, "old":true, "long_lived":true, "marked":true}}
{"address":"0x7fcbb10c38a0", "type":"CLASS", "class":"0x7fcbb10c3878", "name":"UnboundMethod", "references":["0x7fcbb10c38a0", "0x7fcbb10c38a0", "0x7fcbb10c38a0", "0x7fcbb10c38a0", "0x7fcbb10c38a0", "0x7fcbb10c38a0", "0x7fcbb10c38a0", "0x7fcbb10c38a0", "0x7fcbb10c38a0", "0x7fcbb10c38a0", "0x7fcbb10c38a0", "0x7fcbb10c38a0", "0x7fcbb10c38a0", "0x7fcbb10c38a0", "0x7fcbb10c38c8", "0x7fcbb10e2c78"], "memsize":1368, "flags":{"wb_protected":true, "old":true, "long_lived":true, "marked":true}}
{"address":"0x7fcbb10c38c8", "type":"STRING", "class":"0x7fcbb10e0ef0", "frozen":true, "embedded":true, "fstring":true, "bytesize":13, "value":"UnboundMethod", "encoding":"US-ASCII", "memsize":40, "flags":{"wb_protected":true, "old":true, "long_lived":true, "marked":true}}
{"address":"0x7fcbb10c38f0", "type":"STRING", "class":"0x7fcbb10e0ef0", "frozen":true, "embedded":true, "fstring":true, "bytesize":16, "value":"singleton_method", "encoding":"US-ASCII", "memsize":40, "flags":{"wb_protected":true, "old":true, "long_lived":true, "marked":true}}
{"address":"0x7fcbb10c3918", "type":"STRING", "class":"0x7fcbb10e0ef0", "frozen":true, "embedded":true, "fstring":true, "bytesize":13, "value":"public_method", "encoding":"US-ASCII", "memsize":40, "flags":{"wb_protected":true, "old":true, "long_lived":true, "marked":true}}
{"address":"0x7fcbb10c3940", "type":"STRING", "class":"0x7fcbb10e0ef0", "frozen":true, "embedded":true, "fstring":true, "bytesize":6, "value":"method", "encoding":"US-ASCII", "memsize":40, "flags":{"wb_protected":true, "old":true, "long_lived":true, "marked":true}}
{"address":"0x7fcbb10c3968", "type":"STRING", "class":"0x7fcbb10e0ef0", "frozen":true, "embedded":true, "fstring":true, "bytesize":12, "value":"super_method", "encoding":"US-ASCII", "memsize":40, "flags":{"wb_protected":true, "old":true, "long_lived":true, "marked":true}}
{"address":"0x7fcbb10c3990", "type":"STRING", "class":"0x7fcbb10e0ef0", "frozen":true, "embedded":true, "fstring":true, "bytesize":6, "value":"unbind", "encoding":"US-ASCII", "memsize":40, "flags":{"wb_protected":true, "old":true, "long_lived":true, "marked":true}}
{"address":"0x7fcbb10c39b8", "type":"STRING", "class":"0x7fcbb10e0ef0", "frozen":true, "embedded":true, "fstring":true, "bytesize":5, "value":"owner", "encoding":"US-ASCII", "memsize":40, "flags":{"wb_protected":true, "old":true, "long_lived":true, "marked":true}}
{"address":"0x7fcbb10c39e0", "type":"STRING", "class":"0x7fcbb10e0ef0", "frozen":true, "embedded":true, "fstring":true, "bytesize":13, "value":"original_name", "encoding":"US-ASCII", "memsize":40, "flags":{"wb_protected":true, "old":true, "long_lived":true, "marked":true}}
{"address":"0x7fcbb10c3a08", "type":"STRING", "class":"0x7fcbb10e0ef0", "frozen":true, "embedded":true, "fstring":true, "bytesize":8, "value":"receiver", "encoding":"US-ASCII", "memsize":40, "flags":{"wb_protected":true, "old":true, "long_lived":true, "marked":true}}
{"address":"0x7fcbb10c3a30", "type":"CLASS", "class":"0x7fcbb10e2430", "name":"Class", "references":["0x7fcbb10c3a30", "0x7fcbb10c3a58", "0x7fcbb10e23e0"], "memsize":712, "flags":{"wb_protected":true, "old":true, "long_lived":true, "marked":true}}
{"address":"0x7fcbb10c3a58", "type":"CLASS", "class":"0x7fcbb10c3a30", "name":"Method", "references":["0x7fcbb10c3a58", "0x7fcbb10c3a58", "0x7fcbb10c3a58", "0x7fcbb10c3a58", "0x7fcbb10c3a58", "0x7fcbb10c3a58", "0x7fcbb10c3a58", "0x7fcbb10c3a58", "0x7fcbb10c3a58", "0x7fcbb10c3a58", "0x7fcbb10c3a58", "0x7fcbb10c3a58", "0x7fcbb10c3a58", "0x7fcbb10c3a58", "0x7fcbb10c3a58", "0x7fcbb10c3a58", "0x7fcbb10c3a58", "0x7fcbb10c3a58", "0x7fcbb10c3a58", "0x7fcbb10c3a80", "0x7fcbb10e2c78"], "memsize":1608, "flags":{"wb_protected":true, "old":true, "long_lived":true, "marked":true}}
{"address":"0x7fcbb10c3a80", "type":"STRING", "class":"0x7fcbb10e0ef0", "frozen":true, "embedded":true, "fstring":true, "bytesize":6, "value":"Method", "encoding":"US-ASCII", "memsize":40, "flags":{"wb_protected":true, "old":true, "long_lived":true, "marked":true}}
{"address":"0x7fcbb10c3aa8", "type":"OBJECT", "class":"0x7fcbb10c3b20", "frozen":true, "ivars":3, "references":["0x7fcbb10c3ad0"], "memsize":40, "flags":{"wb_protected":true, "old":true, "long_lived":true, "marked":true}}
{"address":"0x7fcbb10c3ad0", "type":"STRING", "class":"0x7fcbb10e0ef0", "frozen":true, "embedded":true, "bytesize":20, "value":"stack level too deep", "memsize":40, "flags":{"wb_protected":true, "old":true, "long_lived":true, "marked":true}}
{"address":"0x7fcbb10c3af8", "type":"CLASS", "class":"0x7fcbb10e2430", "name":"Class", "references":["0x7fcbb10c3b20", "0x7fcbb10e0040"], "memsize":712, "flags":{"wb_protected":true, "old":true, "long_lived":true, "marked":true}}
{"address":"0x7fcbb10c3b20", "type":"CLASS", "class":"0x7fcbb10c3af8", "name":"SystemStackError", "references":["0x7fcbb10c3b48", "0x7fcbb10e0068"], "memsize":904, "flags":{"wb_protected":true, "old":true, "long_lived":true, "marked":true}}
{"address":"0x7fcbb10c3b48", "type":"STRING", "class":"0x7fcbb10e0ef0", "frozen":true, "embedded":true, "fstring":true, "bytesize":16, "value":"SystemStackError", "encoding":"US-ASCII", "memsize":40, "flags":{"wb_protected":true, "old":true, "long_lived":true, "marked":true}}
{"address":"0x7fcbb10c3b70", "type":"STRING", "class":"0x7fcbb10e0ef0", "frozen":true, "embedded":true, "fstring":true, "bytesize":6, "value":"reason", "encoding":"US-ASCII", "memsize":40, "flags":{"wb_protected":true, "old":true, "long_lived":true, "marked":true}}
{"address":"0x7fcbb10c3b98", "type":"STRING", "class":"0x7fcbb10e0ef0", "frozen":true, "embedded":true, "fstring":true, "bytesize":10, "value":"exit_value", "encoding":"US-ASCII", "memsize":40, "flags":{"wb_protected":true, "old":true, "long_lived":true, "marked":true}}
{"address":"0x7fcbb10c3bc0", "type":"CLASS", "class":"0x7fcbb10e2430", "name":"Class", "references":["0x7fcbb10c3be8", "0x7fcbb10dbc70"], "memsize":712, "flags":{"wb_protected":true, "old":true, "long_lived":true, "marked":true}}
{"address":"0x7fcbb10c3be8", "type":"CLASS", "class":"0x7fcbb10c3bc0", "name":"LocalJumpError", "references":["0x7fcbb10c3be8", "0x7fcbb10c3be8", "0x7fcbb10c3c10", "0x7fcbb10dbc98"], "memsize":712, "flags":{"wb_protected":true, "old":true, "long_lived":true, "marked":true}}
{"address":"0x7fcbb10c3c10", "type":"STRING", "class":"0x7fcbb10e0ef0", "frozen":true, "embedded":true, "fstring":true, "bytesize":14, "value":"LocalJumpError", "encoding":"US-ASCII", "memsize":40, "flags":{"wb_protected":true, "old":true, "long_lived":true, "marked":true}}
{"address":"0x7fcbb10c3c38", "type":"STRING", "class":"0x7fcbb10e0ef0", "frozen":true, "embedded":true, "fstring":true, "bytesize":10, "value":"parameters", "encoding":"US-ASCII", "memsize":40, "flags":{"wb_protected":true, "old":true, "long_lived":true, "marked":true}}
{"address":"0x7fcbb10c3c60", "type":"STRING", "class":"0x7fcbb10e0ef0", "frozen":true, "embedded":true, "fstring":true, "bytesize":15, "value":"source_location", "encoding":"US-ASCII", "memsize":40, "flags":{"wb_protected":true, "old":true, "long_lived":true, "marked":true}}
{"address":"0x7fcbb10c3c88", "type":"STRING", "class":"0x7fcbb10e0ef0", "frozen":true, "embedded":true, "fstring":true, "bytesize":5, "value":"curry", "encoding":"US-ASCII", "memsize":40, "flags":{"wb_protected":true, "old":true, "long_lived":true, "marked":true}}
{"address":"0x7fcbb10c3cb0", "type":"STRING", "class":"0x7fcbb10e0ef0", "frozen":true, "embedded":true, "fstring":true, "bytesize":7, "value":"binding", "encoding":"US-ASCII", "memsize":40, "flags":{"wb_protected":true, "old":true, "long_lived":true, "marked":true}}
{"address":"0x7fcbb10c3cd8", "type":"STRING", "class":"0x7fcbb10e0ef0", "frozen":true, "embedded":true, "fstring":true, "bytesize":7, "value":"lambda?", "encoding":"US-ASCII", "memsize":40, "flags":{"wb_protected":true, "old":true, "long_lived":true, "marked":true}}
{"address":"0x7fcbb10c3d00", "type":"STRING", "class":"0x7fcbb10e0ef0", "frozen":true, "embedded":true, "fstring":true, "bytesize":5, "value":"arity", "encoding":"US-ASCII", "memsize":40, "flags":{"wb_protected":true, "old":true, "long_lived":true, "marked":true}}
{"address":"0x7fcbb10c3d28", "type":"CLASS", "class":"0x7fcbb10e2430", "name":"Class", "references":["0x7fcbb10c3d28", "0x7fcbb10c3d50", "0x7fcbb10e23e0"], "memsize":712, "flags":{"wb_protected":true, "old":true, "long_lived":true, "marked":true}}
{"address":"0x7fcbb10c3d50", "type":"CLASS", "class":"0x7fcbb10c3d28", "name":"Proc", "references":["0x7fcbb10c3d50", "0x7fcbb10c3d50", "0x7fcbb10c3d50", "0x7fcbb10c3d50", "0x7fcbb10c3d50", "0x7fcbb10c3d50", "0x7fcbb10c3d50", "0x7fcbb10c3d50", "0x7fcbb10c3d50", "0x7fcbb10c3d50", "0x7fcbb10c3d50", "0x7fcbb10c3d50", "0x7fcbb10c3d50", "0x7fcbb10c3d50", "0x7fcbb10c3d50", "0x7fcbb10c3d50", "0x7fcbb10c3d78", "0x7fcbb10e2c78"], "memsize":1464, "flags":{"wb_protected":true, "old":true, "long_lived":true, "marked":true}}
{"address":"0x7fcbb10c3d78", "type":"STRING", "class":"0x7fcbb10e0ef0", "frozen":true, "embedded":true, "fstring":true, "bytesize":4, "value":"Proc", "encoding":"US-ASCII", "memsize":40, "flags":{"wb_protected":true, "old":true, "long_lived":true, "marked":true}}
{"address":"0x7fcbb10c3da0", "type":"ARRAY", "length":4, "memsize":200, "flags":{"wb_protected":true, "old":true, "long_lived":true, "marked":true}}
{"address":"0x7fcbb10c3dc8", "type":"STRING", "class":"0x7fcbb10e0ef0", "frozen":true, "embedded":true, "fstring":true, "bytesize":9, "value":"autoload?", "encoding":"US-ASCII", "memsize":40, "flags":{"wb_protected":true, "old":true, "long_lived":true, "marked":true}}
{"address":"0x7fcbb10c3df0", "type":"STRING", "class":"0x7fcbb10e0ef0", "frozen":true, "embedded":true, "fstring":true, "bytesize":8, "value":"autoload", "encoding":"US-ASCII", "memsize":40, "flags":{"wb_protected":true, "old":true, "long_lived":true, "marked":true}}
{"address":"0x7fcbb10c3e18", "type":"STRING", "class":"0x7fcbb10e0ef0", "frozen":true, "embedded":true, "fstring":true, "bytesize":16, "value":"require_relative", "encoding":"US-ASCII", "memsize":40, "flags":{"wb_protected":true, "old":true, "long_lived":true, "marked":true}}
{"address":"0x7fcbb10c3e40", "type":"STRING", "class":"0x7fcbb10e0ef0", "frozen":true, "embedded":true, "fstring":true, "bytesize":7, "value":"require", "encoding":"US-ASCII", "memsize":40, "flags":{"wb_protected":true, "old":true, "long_lived":true, "marked":true}}
{"address":"0x7fcbb10c3e68", "type":"ARRAY", "length":26, "shared":true, "references":["0x7fcbb198f358"], "memsize":40, "flags":{"wb_protected":true, "old":true, "long_lived":true, "marked":true}}
{"address":"0x7fcbb10c3e90", "type":"ARRAY", "class":"0x7fcbb10d19a0", "length":26, "shared":true, "references":["0x7fcbb198f358"], "memsize":40, "flags":{"wb_protected":true, "old":true, "long_lived":true, "marked":true}}
{"address":"0x7fcbb10c3eb8", "type":"STRING", "class":"0x7fcbb10e0ef0", "frozen":true, "embedded":true, "fstring":true, "bytesize":16, "value":"$LOADED_FEATURES", "encoding":"US-ASCII", "memsize":40, "flags":{"wb_protected":true, "old":true, "long_lived":true, "marked":true}}
{"address":"0x7fcbb10c3ee0", "type":"STRING", "class":"0x7fcbb10e0ef0", "frozen":true, "embedded":true, "fstring":true, "bytesize":2, "value":"$\"", "encoding":"US-ASCII", "memsize":40, "flags":{"wb_protected":true, "old":true, "long_lived":true, "marked":true}}
{"address":"0x7fcbb10c3f08", "type":"ARRAY", "length":8, "shared":true, "references":["0x7fcbb10b8a90"], "memsize":40, "flags":{"wb_protected":true, "old":true, "long_lived":true, "marked":true}}
{"address":"0x7fcbb10c3f58", "type":"ARRAY", "class":"0x7fcbb10d19a0", "length":8, "shared":true, "references":["0x7fcbb10b8a90"], "memsize":40, "flags":{"wb_protected":true, "old":true, "long_lived":true, "marked":true}}
{"address":"0x7fcbb10c3f80", "type":"STRING", "class":"0x7fcbb10e0ef0", "frozen":true, "embedded":true, "fstring":true, "bytesize":10, "value":"$LOAD_PATH", "encoding":"US-ASCII", "memsize":40, "flags":{"wb_protected":true, "old":true, "long_lived":true, "marked":true}}
{"address":"0x7fcbb10c3fa8", "type":"STRING", "class":"0x7fcbb10e0ef0", "frozen":true, "embedded":true, "fstring":true, "bytesize":3, "value":"$-I", "encoding":"US-ASCII", "memsize":40, "flags":{"wb_protected":true, "old":true, "long_lived":true, "marked":true}}
{"address":"0x7fcbb10c8008", "type":"STRING", "class":"0x7fcbb10e0ef0", "frozen":true, "embedded":true, "fstring":true, "bytesize":2, "value":"$:", "encoding":"US-ASCII", "memsize":40, "flags":{"wb_protected":true, "old":true, "long_lived":true, "marked":true}}
{"address":"0x7fcbb10c8030", "type":"STRING", "class":"0x7fcbb10e0ef0", "frozen":true, "embedded":true, "fstring":true, "bytesize":5, "value":"signm", "encoding":"US-ASCII", "memsize":40, "flags":{"wb_protected":true, "old":true, "long_lived":true, "marked":true}}
{"address":"0x7fcbb10c8058", "type":"STRING", "class":"0x7fcbb10e0ef0", "frozen":true, "embedded":true, "fstring":true, "bytesize":5, "value":"signo", "encoding":"US-ASCII", "memsize":40, "flags":{"wb_protected":true, "old":true, "long_lived":true, "marked":true}}
{"address":"0x7fcbb10c8080", "type":"STRING", "class":"0x7fcbb10e0ef0", "frozen":true, "embedded":true, "fstring":true, "bytesize":7, "value":"signame", "encoding":"US-ASCII", "memsize":40, "flags":{"wb_protected":true, "old":true, "long_lived":true, "marked":true}}
{"address":"0x7fcbb10c80a8", "type":"CLASS", "class":"0x7fcbb10e2408", "name":"Module", "references":["0x7fcbb10c80a8", "0x7fcbb10c80a8", "0x7fcbb10c80a8", "0x7fcbb10c80f8", "0x7fcbb10e2c28"], "memsize":712, "flags":{"wb_protected":true, "old":true, "long_lived":true, "marked":true}}
{"address":"0x7fcbb10c80d0", "type":"STRING", "class":"0x7fcbb10e0ef0", "frozen":true, "embedded":true, "fstring":true, "bytesize":4, "value":"trap", "encoding":"US-ASCII", "memsize":40, "flags":{"wb_protected":true, "old":true, "long_lived":true, "marked":true}}
{"address":"0x7fcbb10c80f8", "type":"MODULE", "class":"0x7fcbb10c80a8", "name":"Signal", "references":["0x7fcbb10c80f8", "0x7fcbb10c80f8", "0x7fcbb10c80f8", "0x7fcbb10c8120"], "memsize":712, "flags":{"wb_protected":true, "old":true, "long_lived":true, "marked":true}}
{"address":"0x7fcbb10c8120", "type":"STRING", "class":"0x7fcbb10e0ef0", "frozen":true, "embedded":true, "fstring":true, "bytesize":6, "value":"Signal", "encoding":"US-ASCII", "memsize":40, "flags":{"wb_protected":true, "old":true, "long_lived":true, "marked":true}}
{"address":"0x7fcbb10c8148", "type":"STRING", "class":"0x7fcbb10e0ef0", "frozen":true, "embedded":true, "fstring":true, "bytesize":8, "value":"new_seed", "encoding":"US-ASCII", "memsize":40, "flags":{"wb_protected":true, "old":true, "long_lived":true, "marked":true}}
{"address":"0x7fcbb10c8170", "type":"STRING", "class":"0x7fcbb10e0ef0", "frozen":true, "embedded":true, "fstring":true, "bytesize":7, "value":"DEFAULT", "encoding":"US-ASCII", "memsize":40, "flags":{"wb_protected":true, "old":true, "long_lived":true, "marked":true}}
{"address":"0x7fcbb10c8198", "type":"DATA", "class":"0x7fcbb10c8260", "struct":"random", "references":["0x7fcbb10e3f60"], "memsize":2560, "flags":{"long_lived":true, "marked":true}}
{"address":"0x7fcbb10c81c0", "type":"STRING", "class":"0x7fcbb10e0ef0", "frozen":true, "embedded":true, "fstring":true, "bytesize":4, "value":"left", "encoding":"US-ASCII", "memsize":40, "flags":{"wb_protected":true, "old":true, "long_lived":true, "marked":true}}
{"address":"0x7fcbb10c81e8", "type":"STRING", "class":"0x7fcbb10e0ef0", "frozen":true, "embedded":true, "fstring":true, "bytesize":5, "value":"state", "encoding":"US-ASCII", "memsize":40, "flags":{"wb_protected":true, "old":true, "long_lived":true, "marked":true}}
{"address":"0x7fcbb10c8210", "type":"STRING", "class":"0x7fcbb10e0ef0", "frozen":true, "embedded":true, "fstring":true, "bytesize":4, "value":"seed", "encoding":"US-ASCII", "memsize":40, "flags":{"wb_protected":true, "old":true, "long_lived":true, "marked":true}}
{"address":"0x7fcbb10c8238", "type":"CLASS", "class":"0x7fcbb10e2430", "name":"Class", "references":["0x7fcbb10c8238", "0x7fcbb10c8238", "0x7fcbb10c8238", "0x7fcbb10c8238", "0x7fcbb10c8238", "0x7fcbb10c8260", "0x7fcbb10e23e0"], "memsize":712, "flags":{"wb_protected":true, "old":true, "long_lived":true, "marked":true}}
{"address":"0x7fcbb10c8260", "type":"CLASS", "class":"0x7fcbb10c8238", "name":"Random", "references":["0x7fcbb10c8260", "0x7fcbb10c8260", "0x7fcbb10c8260", "0x7fcbb10c8260", "0x7fcbb10c8260", "0x7fcbb10c8260", "0x7fcbb10c8260", "0x7fcbb10c8260", "0x7fcbb10c8260", "0x7fcbb10c8260", "0x7fcbb10c8288", "0x7fcbb10c8198", "0x7fcbb10e2c78"], "memsize":1368, "flags":{"wb_protected":true, "old":true, "long_lived":true, "marked":true}}
{"address":"0x7fcbb10c8288", "type":"STRING", "class":"0x7fcbb10e0ef0", "frozen":true, "embedded":true, "fstring":true, "bytesize":6, "value":"Random", "encoding":"US-ASCII", "memsize":40, "flags":{"wb_protected":true, "old":true, "long_lived":true, "marked":true}}
{"address":"0x7fcbb10c82b0", "type":"STRING", "class":"0x7fcbb10e0ef0", "frozen":true, "embedded":true, "fstring":true, "bytesize":5, "value":"srand", "encoding":"US-ASCII", "memsize":40, "flags":{"wb_protected":true, "old":true, "long_lived":true, "marked":true}}
{"address":"0x7fcbb10c82d8", "type":"STRING", "class":"0x7fcbb10e0ef0", "frozen":true, "embedded":true, "fstring":true, "bytesize":4, "value":"rand", "encoding":"US-ASCII", "memsize":40, "flags":{"wb_protected":true, "old":true, "long_lived":true, "marked":true}}
{"address":"0x7fcbb10c8300", "type":"CLASS", "class":"0x7fcbb10c8378", "name":"Class", "references":["0x7fcbb10e23b8", "0x7fcbb10e2430"], "memsize":712, "flags":{"wb_protected":true, "old":true, "long_lived":true, "marked":true}}
{"address":"0x7fcbb10c8328", "type":"CLASS", "class":"0x7fcbb10c8378", "name":"Class", "references":["0x7fcbb10e23e0", "0x7fcbb10c8300"], "memsize":712, "flags":{"wb_protected":true, "old":true, "long_lived":true, "marked":true}}
{"address":"0x7fcbb10c8350", "type":"CLASS", "class":"0x7fcbb10c8378", "name":"Class", "references":["0x7fcbb10e2408", "0x7fcbb10c8328"], "memsize":712, "flags":{"wb_protected":true, "old":true, "long_lived":true, "marked":true}}
{"address":"0x7fcbb10c8378", "type":"CLASS", "class":"0x7fcbb10c8378", "name":"Class", "references":["0x7fcbb10e2430", "0x7fcbb10c8350"], "memsize":712, "flags":{"wb_protected":true, "old":true, "long_lived":true, "marked":true}}
{"address":"0x7fcbb10c83a0", "type":"CLASS", "class":"0x7fcbb10c8378", "name":"Class", "references":["0x7fcbb10c8a80", "0x7fcbb10c8328"], "memsize":712, "flags":{"wb_protected":true, "old":true, "long_lived":true, "marked":true}}
{"address":"0x7fcbb10c83c8", "type":"STRING", "class":"0x7fcbb10e0ef0", "frozen":true, "embedded":true, "fstring":true, "bytesize":8, "value":"strftime", "encoding":"US-ASCII", "memsize":40, "flags":{"wb_protected":true, "old":true, "long_lived":true, "marked":true}}
{"address":"0x7fcbb10c83f0", "type":"STRING", "class":"0x7fcbb10e0ef0", "frozen":true, "embedded":true, "fstring":true, "bytesize":6, "value":"subsec", "encoding":"US-ASCII", "memsize":40, "flags":{"wb_protected":true, "old":true, "long_lived":true, "marked":true}}
{"address":"0x7fcbb10c8418", "type":"STRING", "class":"0x7fcbb10e0ef0", "frozen":true, "embedded":true, "fstring":true, "bytesize":4, "value":"nsec", "encoding":"US-ASCII", "memsize":40, "flags":{"wb_protected":true, "old":true, "long_lived":true, "marked":true}}
{"address":"0x7fcbb10c8440", "type":"STRING", "class":"0x7fcbb10e0ef0", "frozen":true, "embedded":true, "fstring":true, "bytesize":7, "value":"tv_nsec", "encoding":"US-ASCII", "memsize":40, "flags":{"wb_protected":true, "old":true, "long_lived":true, "marked":true}}
{"address":"0x7fcbb10c8468", "type":"STRING", "class":"0x7fcbb10e0ef0", "frozen":true, "embedded":true, "fstring":true, "bytesize":4, "value":"usec", "encoding":"US-ASCII", "memsize":40, "flags":{"wb_protected":true, "old":true, "long_lived":true, "marked":true}}
{"address":"0x7fcbb10c8490", "type":"STRING", "class":"0x7fcbb10e0ef0", "frozen":true, "embedded":true, "fstring":true, "bytesize":7, "value":"tv_usec", "encoding":"US-ASCII", "memsize":40, "flags":{"wb_protected":true, "old":true, "long_lived":true, "marked":true}}
{"address":"0x7fcbb10c84b8", "type":"STRING", "class":"0x7fcbb10e0ef0", "frozen":true, "embedded":true, "fstring":true, "bytesize":6, "value":"tv_sec", "encoding":"US-ASCII", "memsize":40, "flags":{"wb_protected":true, "old":true, "long_lived":true, "marked":true}}
{"address":"0x7fcbb10c84e0", "type":"STRING", "class":"0x7fcbb10e0ef0", "frozen":true, "embedded":true, "fstring":true, "bytesize":9, "value":"saturday?", "encoding":"US-ASCII", "memsize":40, "flags":{"wb_protected":true, "old":true, "long_lived":true, "marked":true}}
{"address":"0x7fcbb10c8508", "type":"STRING", "class":"0x7fcbb10e0ef0", "frozen":true, "embedded":true, "fstring":true, "bytesize":7, "value":"friday?", "encoding":"US-ASCII", "memsize":40, "flags":{"wb_protected":true, "old":true, "long_lived":true, "marked":true}}
{"address":"0x7fcbb10c8530", "type":"STRING", "class":"0x7fcbb10e0ef0", "frozen":true, "embedded":true, "fstring":true, "bytesize":9, "value":"thursday?", "encoding":"US-ASCII", "memsize":40, "flags":{"wb_protected":true, "old":true, "long_lived":true, "marked":true}}
{"address":"0x7fcbb10c8558", "type":"STRING", "class":"0x7fcbb10e0ef0", "frozen":true, "embedded":true, "fstring":true, "bytesize":10, "value":"wednesday?", "encoding":"US-ASCII", "memsize":40, "flags":{"wb_protected":true, "old":true, "long_lived":true, "marked":true}}
{"address":"0x7fcbb10c8580", "type":"STRING", "class":"0x7fcbb10e0ef0", "frozen":true, "embedded":true, "fstring":true, "bytesize":8, "value":"tuesday?", "encoding":"US-ASCII", "memsize":40, "flags":{"wb_protected":true, "old":true, "long_lived":true, "marked":true}}
{"address":"0x7fcbb10c85a8", "type":"STRING", "class":"0x7fcbb10e0ef0", "frozen":true, "embedded":true, "fstring":true, "bytesize":7, "value":"monday?", "encoding":"US-ASCII", "memsize":40, "flags":{"wb_protected":true, "old":true, "long_lived":true, "marked":true}}
{"address":"0x7fcbb10c85d0", "type":"STRING", "class":"0x7fcbb10e0ef0", "frozen":true, "embedded":true, "fstring":true, "bytesize":7, "value":"sunday?", "encoding":"US-ASCII", "memsize":40, "flags":{"wb_protected":true, "old":true, "long_lived":true, "marked":true}}
{"address":"0x7fcbb10c85f8", "type":"STRING", "class":"0x7fcbb10e0ef0", "frozen":true, "embedded":true, "fstring":true, "bytesize":4, "value":"gmt?", "encoding":"US-ASCII", "memsize":40, "flags":{"wb_protected":true, "old":true, "long_lived":true, "marked":true}}
{"address":"0x7fcbb10c8620", "type":"STRING", "class":"0x7fcbb10e0ef0", "frozen":true, "embedded":true, "fstring":true, "bytesize":4, "value":"utc?", "encoding":"US-ASCII", "memsize":40, "flags":{"wb_protected":true, "old":true, "long_lived":true, "marked":true}}
{"address":"0x7fcbb10c8648", "type":"STRING", "class":"0x7fcbb10e0ef0", "frozen":true, "embedded":true, "fstring":true, "bytesize":10, "value":"utc_offset", "encoding":"US-ASCII", "memsize":40, "flags":{"wb_protected":true, "old":true, "long_lived":true, "marked":true}}
{"address":"0x7fcbb10c8670", "type":"STRING", "class":"0x7fcbb10e0ef0", "frozen":true, "embedded":true, "fstring":true, "bytesize":10, "value":"gmt_offset", "encoding":"US-ASCII", "memsize":40, "flags":{"wb_protected":true, "old":true, "long_lived":true, "marked":true}}
{"address":"0x7fcbb10c8698", "type":"STRING", "class":"0x7fcbb10e0ef0", "frozen":true, "embedded":true, "fstring":true, "bytesize":6, "value":"gmtoff", "encoding":"US-ASCII", "memsize":40, "flags":{"wb_protected":true, "old":true, "long_lived":true, "marked":true}}
{"address":"0x7fcbb10c86c0", "type":"STRING", "class":"0x7fcbb10e0ef0", "frozen":true, "embedded":true, "fstring":true, "bytesize":4, "value":"dst?", "encoding":"US-ASCII", "memsize":40, "flags":{"wb_protected":true, "old":true, "long_lived":true, "marked":true}}
{"address":"0x7fcbb10c86e8", "type":"STRING", "class":"0x7fcbb10e0ef0", "frozen":true, "embedded":true, "fstring":true, "bytesize":5, "value":"isdst", "encoding":"US-ASCII", "memsize":40, "flags":{"wb_protected":true, "old":true, "long_lived":true, "marked":true}}
{"address":"0x7fcbb10c8710", "type":"STRING", "class":"0x7fcbb10e0ef0", "frozen":true, "embedded":true, "fstring":true, "bytesize":4, "value":"yday", "encoding":"US-ASCII", "memsize":40, "flags":{"wb_protected":true, "old":true, "long_lived":true, "marked":true}}
{"address":"0x7fcbb10c8738", "type":"STRING", "class":"0x7fcbb10e0ef0", "frozen":true, "embedded":true, "fstring":true, "bytesize":4, "value":"wday", "encoding":"US-ASCII", "memsize":40, "flags":{"wb_protected":true, "old":true, "long_lived":true, "marked":true}}
{"address":"0x7fcbb10c8760", "type":"STRING", "class":"0x7fcbb10e0ef0", "frozen":true, "embedded":true, "fstring":true, "bytesize":4, "value":"year", "encoding":"US-ASCII", "memsize":40, "flags":{"wb_protected":true, "old":true, "long_lived":true, "marked":true}}
{"address":"0x7fcbb10c8788", "type":"STRING", "class":"0x7fcbb10e0ef0", "frozen":true, "embedded":true, "fstring":true, "bytesize":5, "value":"month", "encoding":"US-ASCII", "memsize":40, "flags":{"wb_protected":true, "old":true, "long_lived":true, "marked":true}}
{"address":"0x7fcbb10c87b0", "type":"STRING", "class":"0x7fcbb10e0ef0", "frozen":true, "embedded":true, "fstring":true, "bytesize":3, "value":"mon", "encoding":"US-ASCII", "memsize":40, "flags":{"wb_protected":true, "old":true, "long_lived":true, "marked":true}}
{"address":"0x7fcbb10c87d8", "type":"STRING", "class":"0x7fcbb10e0ef0", "frozen":true, "embedded":true, "fstring":true, "bytesize":3, "value":"day", "encoding":"US-ASCII", "memsize":40, "flags":{"wb_protected":true, "old":true, "long_lived":true, "marked":true}}
{"address":"0x7fcbb10c8800", "type":"STRING", "class":"0x7fcbb10e0ef0", "frozen":true, "embedded":true, "fstring":true, "bytesize":4, "value":"mday", "encoding":"US-ASCII", "memsize":40, "flags":{"wb_protected":true, "old":true, "long_lived":true, "marked":true}}
{"address":"0x7fcbb10c8828", "type":"STRING", "class":"0x7fcbb10e0ef0", "frozen":true, "embedded":true, "fstring":true, "bytesize":4, "value":"hour", "encoding":"US-ASCII", "memsize":40, "flags":{"wb_protected":true, "old":true, "long_lived":true, "marked":true}}
{"address":"0x7fcbb10c8850", "type":"STRING", "class":"0x7fcbb10e0ef0", "frozen":true, "embedded":true, "fstring":true, "bytesize":3, "value":"sec", "encoding":"US-ASCII", "memsize":40, "flags":{"wb_protected":true, "old":true, "long_lived":true, "marked":true}}
{"address":"0x7fcbb10c8878", "type":"STRING", "class":"0x7fcbb10e0ef0", "frozen":true, "embedded":true, "fstring":true, "bytesize":7, "value":"asctime", "encoding":"US-ASCII", "memsize":40, "flags":{"wb_protected":true, "old":true, "long_lived":true, "marked":true}}
{"address":"0x7fcbb10c88a0", "type":"STRING", "class":"0x7fcbb10e0ef0", "frozen":true, "embedded":true, "fstring":true, "bytesize":6, "value":"getutc", "encoding":"US-ASCII", "memsize":40, "flags":{"wb_protected":true, "old":true, "long_lived":true, "marked":true}}
{"address":"0x7fcbb10c88c8", "type":"STRING", "class":"0x7fcbb10e0ef0", "frozen":true, "embedded":true, "fstring":true, "bytesize":5, "value":"getgm", "encoding":"US-ASCII", "memsize":40, "flags":{"wb_protected":true, "old":true, "long_lived":true, "marked":true}}
{"address":"0x7fcbb10c88f0", "type":"STRING", "class":"0x7fcbb10e0ef0", "frozen":true, "embedded":true, "fstring":true, "bytesize":8, "value":"getlocal", "encoding":"US-ASCII", "memsize":40, "flags":{"wb_protected":true, "old":true, "long_lived":true, "marked":true}}
{"address":"0x7fcbb10c8918", "type":"STRING", "class":"0x7fcbb10e0ef0", "frozen":true, "embedded":true, "fstring":true, "bytesize":6, "value":"gmtime", "encoding":"US-ASCII", "memsize":40, "flags":{"wb_protected":true, "old":true, "long_lived":true, "marked":true}}
{"address":"0x7fcbb10c8940", "type":"STRING", "class":"0x7fcbb10e0ef0", "frozen":true, "embedded":true, "fstring":true, "bytesize":9, "value":"localtime", "encoding":"US-ASCII", "memsize":40, "flags":{"wb_protected":true, "old":true, "long_lived":true, "marked":true}}
{"address":"0x7fcbb10c8968", "type":"STRING", "class":"0x7fcbb10e0ef0", "frozen":true, "embedded":true, "fstring":true, "bytesize":4, "value":"to_r", "encoding":"US-ASCII", "memsize":40, "flags":{"wb_protected":true, "old":true, "long_lived":true, "marked":true}}
{"address":"0x7fcbb10c8990", "type":"STRING", "class":"0x7fcbb10e0ef0", "frozen":true, "embedded":true, "fstring":true, "bytesize":6, "value":"mktime", "encoding":"US-ASCII", "memsize":40, "flags":{"wb_protected":true, "old":true, "long_lived":true, "marked":true}}
{"address":"0x7fcbb10c89b8", "type":"STRING", "class":"0x7fcbb10e0ef0", "frozen":true, "embedded":true, "fstring":true, "bytesize":5, "value":"local", "encoding":"US-ASCII", "memsize":40, "flags":{"wb_protected":true, "old":true, "long_lived":true, "marked":true}}
{"address":"0x7fcbb10c89e0", "type":"STRING", "class":"0x7fcbb10e0ef0", "frozen":true, "embedded":true, "fstring":true, "bytesize":2, "value":"gm", "encoding":"US-ASCII", "memsize":40, "flags":{"wb_protected":true, "old":true, "long_lived":true, "marked":true}}
{"address":"0x7fcbb10c8a08", "type":"STRING", "class":"0x7fcbb10e0ef0", "frozen":true, "embedded":true, "fstring":true, "bytesize":3, "value":"utc", "encoding":"US-ASCII", "memsize":40, "flags":{"wb_protected":true, "old":true, "long_lived":true, "marked":true}}
{"address":"0x7fcbb10c8a30", "type":"STRING", "class":"0x7fcbb10e0ef0", "frozen":true, "embedded":true, "fstring":true, "bytesize":3, "value":"now", "encoding":"US-ASCII", "memsize":40, "flags":{"wb_protected":true, "old":true, "long_lived":true, "marked":true}}
{"address":"0x7fcbb10c8a58", "type":"ICLASS", "class":"0x7fcbb10e1710", "references":["0x7fcbb10e2c78"], "memsize":40, "flags":{"long_lived":true, "marked":true}}
{"address":"0x7fcbb10c8a80", "type":"CLASS", "class":"0x7fcbb10c83a0", "name":"Class", "references":["0x7fcbb10c8a80", "0x7fcbb10c8a80", "0x7fcbb10c8a80", "0x7fcbb10c8a80", "0x7fcbb10c8a80", "0x7fcbb10c8a80", "0x7fcbb10c8a80", "0x7fcbb10c8aa8", "0x7fcbb10e23e0"], "memsize":1032, "flags":{"wb_protected":true, "old":true, "long_lived":true, "marked":true}}
{"address":"0x7fcbb10c8aa8", "type":"CLASS", "class":"0x7fcbb10c8a80", "name":"Time", "references":["0x7fcbb10c8aa8", "0x7fcbb10c8aa8", "0x7fcbb10c8aa8", "0x7fcbb10c8aa8", "0x7fcbb10c8aa8", "0x7fcbb10c8aa8", "0x7fcbb10c8aa8", "0x7fcbb10c8aa8", "0x7fcbb10c8aa8", "0x7fcbb10c8aa8", "0x7fcbb10c8aa8", "0x7fcbb10c8aa8", "0x7fcbb10c8aa8", "0x7fcbb10c8aa8", "0x7fcbb10c8aa8", "0x7fcbb10c8aa8", "0x7fcbb10c8aa8", "0x7fcbb10c8aa8", "0x7fcbb10c8aa8", "0x7fcbb10c8aa8", "0x7fcbb10c8aa8", "0x7fcbb10c8aa8", "0x7fcbb10c8aa8", "0x7fcbb10c8aa8", "0x7fcbb10c8aa8", "0x7fcbb10c8aa8", "0x7fcbb10c8aa8", "0x7fcbb10c8aa8", "0x7fcbb10c8aa8", "0x7fcbb10c8aa8", "0x7fcbb10c8aa8", "0x7fcbb10c8aa8", "0x7fcbb10c8aa8", "0x7fcbb10c8aa8", "0x7fcbb10c8aa8", "0x7fcbb10c8aa8", "0x7fcbb10c8aa8", "0x7fcbb10c8aa8", "0x7fcbb10c8aa8", "0x7fcbb10c8aa8", "0x7fcbb10c8aa8", "0x7fcbb10c8aa8", "0x7fcbb10c8aa8", "0x7fcbb10c8aa8", "0x7fcbb10c8aa8", "0x7fcbb10c8aa8", "0x7fcbb10c8aa8", "0x7fcbb10c8aa8", "0x7fcbb10c8aa8", "0x7fcbb10c8aa8", "0x7fcbb10c8aa8", "0x7fcbb10c8aa8", "0x7fcbb10c8aa8", "0x7fcbb10c8aa8", "0x7fcbb10c8aa8", "0x7fcbb10c8aa8", "0x7fcbb10c8ad0", "0x7fcbb10c8a58"], "memsize":3384, "flags":{"wb_protected":true, "old":true, "long_lived":true, "marked":true}}
{"address":"0x7fcbb10c8ad0", "type":"STRING", "class":"0x7fcbb10e0ef0", "frozen":true, "embedded":true, "fstring":true, "bytesize":4, "value":"Time", "encoding":"US-ASCII", "memsize":40, "flags":{"wb_protected":true, "old":true, "long_lived":true, "marked":true}}
{"address":"0x7fcbb10c8af8", "type":"STRING", "class":"0x7fcbb10e0ef0", "frozen":true, "embedded":true, "fstring":true, "bytesize":4, "value":"zone", "encoding":"US-ASCII", "memsize":40, "flags":{"wb_protected":true, "old":true, "long_lived":true, "marked":true}}
{"address":"0x7fcbb10c8b20", "type":"STRING", "class":"0x7fcbb10e0ef0", "frozen":true, "embedded":true, "fstring":true, "bytesize":8, "value":"nano_den", "encoding":"US-ASCII", "memsize":40, "flags":{"wb_protected":true, "old":true, "long_lived":true, "marked":true}}
{"address":"0x7fcbb10c8b48", "type":"STRING", "class":"0x7fcbb10e0ef0", "frozen":true, "embedded":true, "fstring":true, "bytesize":8, "value":"nano_num", "encoding":"US-ASCII", "memsize":40, "flags":{"wb_protected":true, "old":true, "long_lived":true, "marked":true}}
{"address":"0x7fcbb10c8b70", "type":"STRING", "class":"0x7fcbb10e0ef0", "frozen":true, "embedded":true, "fstring":true, "bytesize":8, "value":"submicro", "encoding":"US-ASCII", "memsize":40, "flags":{"wb_protected":true, "old":true, "long_lived":true, "marked":true}}
{"address":"0x7fcbb10c8b98", "type":"STRING", "class":"0x7fcbb10e0ef0", "frozen":true, "embedded":true, "fstring":true, "bytesize":11, "value":"FNM_SYSCASE", "encoding":"US-ASCII", "memsize":40, "flags":{"wb_protected":true, "old":true, "long_lived":true, "marked":true}}
{"address":"0x7fcbb10c8bc0", "type":"STRING", "class":"0x7fcbb10e0ef0", "frozen":true, "embedded":true, "fstring":true, "bytesize":11, "value":"FNM_EXTGLOB", "encoding":"US-ASCII", "memsize":40, "flags":{"wb_protected":true, "old":true, "long_lived":true, "marked":true}}
{"address":"0x7fcbb10c8be8", "type":"STRING", "class":"0x7fcbb10e0ef0", "frozen":true, "embedded":true, "fstring":true, "bytesize":12, "value":"FNM_CASEFOLD", "encoding":"US-ASCII", "memsize":40, "flags":{"wb_protected":true, "old":true, "long_lived":true, "marked":true}}
{"address":"0x7fcbb10c8c10", "type":"STRING", "class":"0x7fcbb10e0ef0", "frozen":true, "embedded":true, "fstring":true, "bytesize":12, "value":"FNM_DOTMATCH", "encoding":"US-ASCII", "memsize":40, "flags":{"wb_protected":true, "old":true, "long_lived":true, "marked":true}}
{"address":"0x7fcbb10c8c38", "type":"STRING", "class":"0x7fcbb10e0ef0", "frozen":true, "embedded":true, "fstring":true, "bytesize":12, "value":"FNM_PATHNAME", "encoding":"US-ASCII", "memsize":40, "flags":{"wb_protected":true, "old":true, "long_lived":true, "marked":true}}
{"address":"0x7fcbb10c8c60", "type":"STRING", "class":"0x7fcbb10e0ef0", "frozen":true, "embedded":true, "fstring":true, "bytesize":12, "value":"FNM_NOESCAPE", "encoding":"US-ASCII", "memsize":40, "flags":{"wb_protected":true, "old":true, "long_lived":true, "marked":true}}
{"address":"0x7fcbb10c8c88", "type":"STRING", "class":"0x7fcbb10e0ef0", "frozen":true, "embedded":true, "fstring":true, "bytesize":8, "value":"fnmatch?", "encoding":"US-ASCII", "memsize":40, "flags":{"wb_protected":true, "old":true, "long_lived":true, "marked":true}}
{"address":"0x7fcbb10c8cb0", "type":"STRING", "class":"0x7fcbb10e0ef0", "frozen":true, "embedded":true, "fstring":true, "bytesize":7, "value":"fnmatch", "encoding":"US-ASCII", "memsize":40, "flags":{"wb_protected":true, "old":true, "long_lived":true, "marked":true}}
{"address":"0x7fcbb10c8cd8", "type":"STRING", "class":"0x7fcbb10e0ef0", "frozen":true, "embedded":true, "fstring":true, "bytesize":4, "value":"glob", "encoding":"US-ASCII", "memsize":40, "flags":{"wb_protected":true, "old":true, "long_lived":true, "marked":true}}
{"address":"0x7fcbb10c8d00", "type":"STRING", "class":"0x7fcbb10e0ef0", "frozen":true, "embedded":true, "fstring":true, "bytesize":4, "value":"home", "encoding":"US-ASCII", "memsize":40, "flags":{"wb_protected":true, "old":true, "long_lived":true, "marked":true}}
{"address":"0x7fcbb10c8d28", "type":"STRING", "class":"0x7fcbb10e0ef0", "frozen":true, "embedded":true, "fstring":true, "bytesize":5, "value":"rmdir", "encoding":"US-ASCII", "memsize":40, "flags":{"wb_protected":true, "old":true, "long_lived":true, "marked":true}}
{"address":"0x7fcbb10c8d50", "type":"STRING", "class":"0x7fcbb10e0ef0", "frozen":true, "embedded":true, "fstring":true, "bytesize":5, "value":"mkdir", "encoding":"US-ASCII", "memsize":40, "flags":{"wb_protected":true, "old":true, "long_lived":true, "marked":true}}
{"address":"0x7fcbb10c8d78", "type":"STRING", "class":"0x7fcbb10e0ef0", "frozen":true, "embedded":true, "fstring":true, "bytesize":6, "value":"chroot", "encoding":"US-ASCII", "memsize":40, "flags":{"wb_protected":true, "old":true, "long_lived":true, "marked":true}}
{"address":"0x7fcbb10c8da0", "type":"STRING", "class":"0x7fcbb10e0ef0", "frozen":true, "embedded":true, "fstring":true, "bytesize":3, "value":"pwd", "encoding":"US-ASCII", "memsize":40, "flags":{"wb_protected":true, "old":true, "long_lived":true, "marked":true}}
{"address":"0x7fcbb10c8dc8", "type":"STRING", "class":"0x7fcbb10e0ef0", "frozen":true, "embedded":true, "fstring":true, "bytesize":5, "value":"getwd", "encoding":"US-ASCII", "memsize":40, "flags":{"wb_protected":true, "old":true, "long_lived":true, "marked":true}}
{"address":"0x7fcbb10c8df0", "type":"STRING", "class":"0x7fcbb10e0ef0", "frozen":true, "embedded":true, "fstring":true, "bytesize":5, "value":"chdir", "encoding":"US-ASCII", "memsize":40, "flags":{"wb_protected":true, "old":true, "long_lived":true, "marked":true}}
{"address":"0x7fcbb10c8e18", "type":"ICLASS", "class":"0x7fcbb10e1698", "references":["0x7fcbb10e2c78"], "memsize":40, "flags":{"long_lived":true, "marked":true}}
{"address":"0x7fcbb10c8e40", "type":"CLASS", "class":"0x7fcbb10e2430", "name":"Class", "references":["0x7fcbb10c8e40", "0x7fcbb10c8e40", "0x7fcbb10c8e40", "0x7fcbb10c8e40", "0x7fcbb10c8e40", "0x7fcbb10c8e40", "0x7fcbb10c8e40", "0x7fcbb10c8e40", "0x7fcbb10c8e40", "0x7fcbb10c8e40", "0x7fcbb10c8e40", "0x7fcbb10c8e40", "0x7fcbb10c8e40", "0x7fcbb10c8e40", "0x7fcbb10c8e40", "0x7fcbb10c8e40", "0x7fcbb10c8e68", "0x7fcbb10e23e0"], "memsize":1464, "flags":{"wb_protected":true, "old":true, "long_lived":true, "marked":true}}
{"address":"0x7fcbb10c8e68", "type":"CLASS", "class":"0x7fcbb10c8e40", "name":"Dir", "references":["0x7fcbb10c8e68", "0x7fcbb10c8e68", "0x7fcbb10c8e68", "0x7fcbb10c8e68", "0x7fcbb10c8e68", "0x7fcbb10c8e68", "0x7fcbb10c8e68", "0x7fcbb10c8e68", "0x7fcbb10c8e68", "0x7fcbb10c8e68", "0x7fcbb10c8e68", "0x7fcbb10c8e68", "0x7fcbb10c8e68", "0x7fcbb10c8e90", "0x7fcbb10c8e18"], "memsize":1320, "flags":{"wb_protected":true, "old":true, "long_lived":true, "marked":true}}
{"address":"0x7fcbb10c8e90", "type":"STRING", "class":"0x7fcbb10e0ef0", "frozen":true, "embedded":true, "fstring":true, "bytesize":3, "value":"Dir", "encoding":"US-ASCII", "memsize":40, "flags":{"wb_protected":true, "old":true, "long_lived":true, "marked":true}}
{"address":"0x7fcbb10c8eb8", "type":"STRING", "class":"0x7fcbb10e0ef0", "frozen":true, "embedded":true, "fstring":true, "bytesize":3, "value":"END", "encoding":"US-ASCII", "memsize":40, "flags":{"wb_protected":true, "old":true, "long_lived":true, "marked":true}}
{"address":"0x7fcbb10c8ee0", "type":"STRING", "class":"0x7fcbb10e0ef0", "frozen":true, "embedded":true, "fstring":true, "bytesize":3, "value":"CUR", "encoding":"US-ASCII", "memsize":40, "flags":{"wb_protected":true, "old":true, "long_lived":true, "marked":true}}
{"address":"0x7fcbb10c8f08", "type":"STRING", "class":"0x7fcbb10e0ef0", "frozen":true, "embedded":true, "fstring":true, "bytesize":3, "value":"SET", "encoding":"US-ASCII", "memsize":40, "flags":{"wb_protected":true, "old":true, "long_lived":true, "marked":true}}
{"address":"0x7fcbb10c8f30", "type":"STRING", "class":"0x7fcbb10e0ef0", "frozen":true, "embedded":true, "fstring":true, "bytesize":7, "value":"noreuse", "encoding":"US-ASCII", "memsize":40, "flags":{"wb_protected":true, "old":true, "long_lived":true, "marked":true}}
{"address":"0x7fcbb10c8f58", "type":"STRING", "class":"0x7fcbb10e0ef0", "frozen":true, "embedded":true, "fstring":true, "bytesize":8, "value":"dontneed", "encoding":"US-ASCII", "memsize":40, "flags":{"wb_protected":true, "old":true, "long_lived":true, "marked":true}}
{"address":"0x7fcbb10c8f80", "type":"STRING", "class":"0x7fcbb10e0ef0", "frozen":true, "embedded":true, "fstring":true, "bytesize":8, "value":"willneed", "encoding":"US-ASCII", "memsize":40, "flags":{"wb_protected":true, "old":true, "long_lived":true, "marked":true}}
{"address":"0x7fcbb10c8fa8", "type":"STRING", "class":"0x7fcbb10e0ef0", "frozen":true, "embedded":true, "fstring":true, "bytesize":10, "value":"sequential", "encoding":"US-ASCII", "memsize":40, "flags":{"wb_protected":true, "old":true, "long_lived":true, "marked":true}}
{"address":"0x7fcbb10c8fd0", "type":"STRING", "class":"0x7fcbb10e0ef0", "frozen":true, "embedded":true, "fstring":true, "bytesize":6, "value":"normal", "encoding":"US-ASCII", "memsize":40, "flags":{"wb_protected":true, "old":true, "long_lived":true, "marked":true}}
{"address":"0x7fcbb10c8ff8", "type":"STRING", "class":"0x7fcbb10e0ef0", "frozen":true, "embedded":true, "fstring":true, "bytesize":9, "value":"autoclose", "encoding":"US-ASCII", "memsize":40, "flags":{"wb_protected":true, "old":true, "long_lived":true, "marked":true}}
{"address":"0x7fcbb10c9020", "type":"STRING", "class":"0x7fcbb10e0ef0", "frozen":true, "embedded":true, "fstring":true, "bytesize":8, "value":"textmode", "encoding":"US-ASCII", "memsize":40, "flags":{"wb_protected":true, "old":true, "long_lived":true, "marked":true}}
{"address":"0x7fcbb10c9048", "type":"STRING", "class":"0x7fcbb10e0ef0", "frozen":true, "embedded":true, "fstring":true, "bytesize":9, "value":"open_args", "encoding":"US-ASCII", "memsize":40, "flags":{"wb_protected":true, "old":true, "long_lived":true, "marked":true}}
{"address":"0x7fcbb10c9070", "type":"STRING", "class":"0x7fcbb10e0ef0", "frozen":true, "embedded":true, "fstring":true, "bytesize":4, "value":"perm", "encoding":"US-ASCII", "memsize":40, "flags":{"wb_protected":true, "old":true, "long_lived":true, "marked":true}}
{"address":"0x7fcbb10c9098", "type":"STRING", "class":"0x7fcbb10e0ef0", "frozen":true, "embedded":true, "fstring":true, "bytesize":6, "value":"blocks", "encoding":"US-ASCII", "memsize":40, "flags":{"wb_protected":true, "old":true, "long_lived":true, "marked":true}}
{"address":"0x7fcbb10c90c0", "type":"STRING", "class":"0x7fcbb10e0ef0", "frozen":true, "embedded":true, "fstring":true, "bytesize":7, "value":"blksize", "encoding":"US-ASCII", "memsize":40, "flags":{"wb_protected":true, "old":true, "long_lived":true, "marked":true}}
{"address":"0x7fcbb10c90e8", "type":"STRING", "class":"0x7fcbb10e0ef0", "frozen":true, "embedded":true, "fstring":true, "bytesize":10, "value":"rdev_minor", "encoding":"US-ASCII", "memsize":40, "flags":{"wb_protected":true, "old":true, "long_lived":true, "marked":true}}
{"address":"0x7fcbb10c9110", "type":"STRING", "class":"0x7fcbb10e0ef0", "frozen":true, "embedded":true, "fstring":true, "bytesize":10, "value":"rdev_major", "encoding":"US-ASCII", "memsize":40, "flags":{"wb_protected":true, "old":true, "long_lived":true, "marked":true}}
{"address":"0x7fcbb10c9138", "type":"STRING", "class":"0x7fcbb10e0ef0", "frozen":true, "embedded":true, "fstring":true, "bytesize":4, "value":"rdev", "encoding":"US-ASCII", "memsize":40, "flags":{"wb_protected":true, "old":true, "long_lived":true, "marked":true}}
{"address":"0x7fcbb10c9160", "type":"STRING", "class":"0x7fcbb10e0ef0", "frozen":true, "embedded":true, "fstring":true, "bytesize":3, "value":"gid", "encoding":"US-ASCII", "memsize":40, "flags":{"wb_protected":true, "old":true, "long_lived":true, "marked":true}}
{"address":"0x7fcbb10c9188", "type":"STRING", "class":"0x7fcbb10e0ef0", "frozen":true, "embedded":true, "fstring":true, "bytesize":3, "value":"uid", "encoding":"US-ASCII", "memsize":40, "flags":{"wb_protected":true, "old":true, "long_lived":true, "marked":true}}
{"address":"0x7fcbb10c91b0", "type":"STRING", "class":"0x7fcbb10e0ef0", "frozen":true, "embedded":true, "fstring":true, "bytesize":5, "value":"nlink", "encoding":"US-ASCII", "memsize":40, "flags":{"wb_protected":true, "old":true, "long_lived":true, "marked":true}}
{"address":"0x7fcbb10c91d8", "type":"STRING", "class":"0x7fcbb10e0ef0", "frozen":true, "embedded":true, "fstring":true, "bytesize":4, "value":"mode", "encoding":"US-ASCII", "memsize":40, "flags":{"wb_protected":true, "old":true, "long_lived":true, "marked":true}}
{"address":"0x7fcbb10c9200", "type":"STRING", "class":"0x7fcbb10e0ef0", "frozen":true, "embedded":true, "fstring":true, "bytesize":3, "value":"ino", "encoding":"US-ASCII", "memsize":40, "flags":{"wb_protected":true, "old":true, "long_lived":true, "marked":true}}
{"address":"0x7fcbb10c9228", "type":"STRING", "class":"0x7fcbb10e0ef0", "frozen":true, "embedded":true, "fstring":true, "bytesize":9, "value":"dev_minor", "encoding":"US-ASCII", "memsize":40, "flags":{"wb_protected":true, "old":true, "long_lived":true, "marked":true}}
{"address":"0x7fcbb10c9250", "type":"STRING", "class":"0x7fcbb10e0ef0", "frozen":true, "embedded":true, "fstring":true, "bytesize":9, "value":"dev_major", "encoding":"US-ASCII", "memsize":40, "flags":{"wb_protected":true, "old":true, "long_lived":true, "marked":true}}
{"address":"0x7fcbb10c9278", "type":"STRING", "class":"0x7fcbb10e0ef0", "frozen":true, "embedded":true, "fstring":true, "bytesize":3, "value":"dev", "encoding":"US-ASCII", "memsize":40, "flags":{"wb_protected":true, "old":true, "long_lived":true, "marked":true}}
{"address":"0x7fcbb10c92a0", "type":"ICLASS", "class":"0x7fcbb10e1710", "references":["0x7fcbb10e2c78"], "memsize":40, "flags":{"long_lived":true, "marked":true}}
{"address":"0x7fcbb10c92c8", "type":"STRING", "class":"0x7fcbb10e0ef0", "frozen":true, "embedded":true, "bytesize":10, "value":"File::Stat", "encoding":"US-ASCII", "memsize":40, "flags":{"wb_protected":true, "old":true, "long_lived":true, "marked":true}}
{"address":"0x7fcbb10c92f0", "type":"CLASS", "class":"0x7fcbb10e2430", "name":"Class", "references":["0x7fcbb10c9318", "0x7fcbb10e23e0"], "memsize":712, "flags":{"wb_protected":true, "old":true, "long_lived":true, "marked":true}}
{"address":"0x7fcbb10c9318", "type":"CLASS", "class":"0x7fcbb10c92f0", "name":"File::Stat", "references":["0x7fcbb10c9318", "0x7fcbb10c9318", "0x7fcbb10c9318", "0x7fcbb10c9318", "0x7fcbb10c9318", "0x7fcbb10c9318", "0x7fcbb10c9318", "0x7fcbb10c9318", "0x7fcbb10c9318", "0x7fcbb10c9318", "0x7fcbb10c9318", "0x7fcbb10c9318", "0x7fcbb10c9318", "0x7fcbb10c9318", "0x7fcbb10c9318", "0x7fcbb10c9318", "0x7fcbb10c9318", "0x7fcbb10c9318", "0x7fcbb10c9318", "0x7fcbb10c9318", "0x7fcbb10c9318", "0x7fcbb10c9318", "0x7fcbb10c9318", "0x7fcbb10c9318", "0x7fcbb10c9318", "0x7fcbb10c9318", "0x7fcbb10c9318", "0x7fcbb10c9318", "0x7fcbb10c9318", "0x7fcbb10c9318", "0x7fcbb10c9318", "0x7fcbb10c9318", "0x7fcbb10c9318", "0x7fcbb10c9318", "0x7fcbb10c9318", "0x7fcbb10c9318", "0x7fcbb10c9318", "0x7fcbb10c9318", "0x7fcbb10c9318", "0x7fcbb10c9318", "0x7fcbb10c9318", "0x7fcbb10c9318", "0x7fcbb10c9318", "0x7fcbb10c9318", "0x7fcbb10c9318", "0x7fcbb10c92c8", "0x7fcbb10c92a0"], "memsize":2856, "flags":{"wb_protected":true, "old":true, "long_lived":true, "marked":true}}
{"address":"0x7fcbb10c9340", "type":"STRING", "class":"0x7fcbb10e0ef0", "frozen":true, "embedded":true, "fstring":true, "bytesize":4, "value":"Stat", "encoding":"US-ASCII", "memsize":40, "flags":{"wb_protected":true, "old":true, "long_lived":true, "marked":true}}
{"address":"0x7fcbb10c9368", "type":"STRING", "class":"0x7fcbb10e0ef0", "frozen":true, "embedded":true, "fstring":true, "bytesize":4, "value":"test", "encoding":"US-ASCII", "memsize":40, "flags":{"wb_protected":true, "old":true, "long_lived":true, "marked":true}}
{"address":"0x7fcbb10c9390", "type":"STRING", "class":"0x7fcbb10e0ef0", "frozen":true, "embedded":true, "fstring":true, "bytesize":7, "value":"to_path", "encoding":"US-ASCII", "memsize":40, "flags":{"wb_protected":true, "old":true, "long_lived":true, "marked":true}}
{"address":"0x7fcbb10c93b8", "type":"STRING", "class":"0x7fcbb10e0ef0", "frozen":true, "embedded":true, "fstring":true, "bytesize":4, "value":"NULL", "encoding":"US-ASCII", "memsize":40, "flags":{"wb_protected":true, "old":true, "long_lived":true, "marked":true}}
{"address":"0x7fcbb10c93e0", "type":"STRING", "class":"0x7fcbb10e0ef0", "frozen":true, "embedded":true, "bytesize":9, "value":"/dev/null", "encoding":"US-ASCII", "memsize":40, "flags":{"wb_protected":true, "old":true, "long_lived":true, "marked":true}}
{"address":"0x7fcbb10c9408", "type":"STRING", "class":"0x7fcbb10e0ef0", "frozen":true, "embedded":true, "fstring":true, "bytesize":7, "value":"LOCK_NB", "encoding":"US-ASCII", "memsize":40, "flags":{"wb_protected":true, "old":true, "long_lived":true, "marked":true}}
{"address":"0x7fcbb10c9430", "type":"STRING", "class":"0x7fcbb10e0ef0", "frozen":true, "embedded":true, "fstring":true, "bytesize":7, "value":"LOCK_UN", "encoding":"US-ASCII", "memsize":40, "flags":{"wb_protected":true, "old":true, "long_lived":true, "marked":true}}
{"address":"0x7fcbb10c9458", "type":"STRING", "class":"0x7fcbb10e0ef0", "frozen":true, "embedded":true, "fstring":true, "bytesize":7, "value":"LOCK_EX", "encoding":"US-ASCII", "memsize":40, "flags":{"wb_protected":true, "old":true, "long_lived":true, "marked":true}}
{"address":"0x7fcbb10c9480", "type":"STRING", "class":"0x7fcbb10e0ef0", "frozen":true, "embedded":true, "fstring":true, "bytesize":7, "value":"LOCK_SH", "encoding":"US-ASCII", "memsize":40, "flags":{"wb_protected":true, "old":true, "long_lived":true, "marked":true}}
{"address":"0x7fcbb10c94a8", "type":"STRING", "class":"0x7fcbb10e0ef0", "frozen":true, "embedded":true, "fstring":true, "bytesize":8, "value":"NOFOLLOW", "encoding":"US-ASCII", "memsize":40, "flags":{"wb_protected":true, "old":true, "long_lived":true, "marked":true}}
{"address":"0x7fcbb10c94d0", "type":"STRING", "class":"0x7fcbb10e0ef0", "frozen":true, "embedded":true, "fstring":true, "bytesize":5, "value":"DSYNC", "encoding":"US-ASCII", "memsize":40, "flags":{"wb_protected":true, "old":true, "long_lived":true, "marked":true}}
{"address":"0x7fcbb10c94f8", "type":"STRING", "class":"0x7fcbb10e0ef0", "frozen":true, "embedded":true, "fstring":true, "bytesize":4, "value":"SYNC", "encoding":"US-ASCII", "memsize":40, "flags":{"wb_protected":true, "old":true, "long_lived":true, "marked":true}}
{"address":"0x7fcbb10c9520", "type":"STRING", "class":"0x7fcbb10e0ef0", "frozen":true, "embedded":true, "fstring":true, "bytesize":6, "value":"BINARY", "encoding":"US-ASCII", "memsize":40, "flags":{"wb_protected":true, "old":true, "long_lived":true, "marked":true}}
{"address":"0x7fcbb10c9548", "type":"STRING", "class":"0x7fcbb10e0ef0", "frozen":true, "embedded":true, "fstring":true, "bytesize":6, "value":"NOCTTY", "encoding":"US-ASCII", "memsize":40, "flags":{"wb_protected":true, "old":true, "long_lived":true, "marked":true}}
{"address":"0x7fcbb10c9570", "type":"STRING", "class":"0x7fcbb10e0ef0", "frozen":true, "embedded":true, "fstring":true, "bytesize":5, "value":"TRUNC", "encoding":"US-ASCII", "memsize":40, "flags":{"wb_protected":true, "old":true, "long_lived":true, "marked":true}}
{"address":"0x7fcbb10c9598", "type":"STRING", "class":"0x7fcbb10e0ef0", "frozen":true, "embedded":true, "fstring":true, "bytesize":8, "value":"NONBLOCK", "encoding":"US-ASCII", "memsize":40, "flags":{"wb_protected":true, "old":true, "long_lived":true, "marked":true}}
{"address":"0x7fcbb10c95c0", "type":"STRING", "class":"0x7fcbb10e0ef0", "frozen":true, "embedded":true, "fstring":true, "bytesize":4, "value":"EXCL", "encoding":"US-ASCII", "memsize":40, "flags":{"wb_protected":true, "old":true, "long_lived":true, "marked":true}}
{"address":"0x7fcbb10c95e8", "type":"STRING", "class":"0x7fcbb10e0ef0", "frozen":true, "embedded":true, "fstring":true, "bytesize":5, "value":"CREAT", "encoding":"US-ASCII", "memsize":40, "flags":{"wb_protected":true, "old":true, "long_lived":true, "marked":true}}
{"address":"0x7fcbb10c9610", "type":"STRING", "class":"0x7fcbb10e0ef0", "frozen":true, "embedded":true, "fstring":true, "bytesize":6, "value":"APPEND", "encoding":"US-ASCII", "memsize":40, "flags":{"wb_protected":true, "old":true, "long_lived":true, "marked":true}}
{"address":"0x7fcbb10c9638", "type":"STRING", "class":"0x7fcbb10e0ef0", "frozen":true, "embedded":true, "fstring":true, "bytesize":4, "value":"RDWR", "encoding":"US-ASCII", "memsize":40, "flags":{"wb_protected":true, "old":true, "long_lived":true, "marked":true}}
{"address":"0x7fcbb10c9660", "type":"STRING", "class":"0x7fcbb10e0ef0", "frozen":true, "embedded":true, "fstring":true, "bytesize":6, "value":"WRONLY", "encoding":"US-ASCII", "memsize":40, "flags":{"wb_protected":true, "old":true, "long_lived":true, "marked":true}}
{"address":"0x7fcbb10c9688", "type":"STRING", "class":"0x7fcbb10e0ef0", "frozen":true, "embedded":true, "fstring":true, "bytesize":6, "value":"RDONLY", "encoding":"US-ASCII", "memsize":40, "flags":{"wb_protected":true, "old":true, "long_lived":true, "marked":true}}
{"address":"0x7fcbb10c96b0", "type":"ICLASS", "class":"0x7fcbb10c9700", "references":["0x7fcbb10c96d8", "0x7fcbb10c93e0", "0x7fcbb10cb398"], "memsize":40, "flags":{"long_lived":true, "marked":true}}
{"address":"0x7fcbb10c96d8", "type":"STRING", "class":"0x7fcbb10e0ef0", "frozen":true, "embedded":true, "bytesize":15, "value":"File::Constants", "encoding":"US-ASCII", "memsize":40, "flags":{"wb_protected":true, "old":true, "long_lived":true, "marked":true}}
{"address":"0x7fcbb10c9700", "type":"MODULE", "class":"0x7fcbb10e2c28", "name":"File::Constants", "references":["0x7fcbb10c96d8", "0x7fcbb10c93e0"], "memsize":2040, "flags":{"long_lived":true, "marked":true}}
{"address":"0x7fcbb10c9728", "type":"STRING", "class":"0x7fcbb10e0ef0", "frozen":true, "embedded":true, "fstring":true, "bytesize":9, "value":"Constants", "encoding":"US-ASCII", "memsize":40, "flags":{"wb_protected":true, "old":true, "long_lived":true, "marked":true}}
{"address":"0x7fcbb10c9750", "type":"STRING", "class":"0x7fcbb10e0ef0", "frozen":true, "embedded":true, "fstring":true, "bytesize":5, "value":"flock", "encoding":"US-ASCII", "memsize":40, "flags":{"wb_protected":true, "old":true, "long_lived":true, "marked":true}}
{"address":"0x7fcbb10c9778", "type":"STRING", "class":"0x7fcbb10e0ef0", "frozen":true, "embedded":true, "fstring":true, "bytesize":14, "value":"PATH_SEPARATOR", "encoding":"US-ASCII", "memsize":40, "flags":{"wb_protected":true, "old":true, "long_lived":true, "marked":true}}
{"address":"0x7fcbb10c97a0", "type":"STRING", "class":"0x7fcbb10e0ef0", "frozen":true, "bytesize":1, "value":":", "memsize":40, "flags":{"wb_protected":true, "old":true, "long_lived":true, "marked":true}}
{"address":"0x7fcbb10c97c8", "type":"STRING", "class":"0x7fcbb10e0ef0", "frozen":true, "embedded":true, "fstring":true, "bytesize":13, "value":"ALT_SEPARATOR", "encoding":"US-ASCII", "memsize":40, "flags":{"wb_protected":true, "old":true, "long_lived":true, "marked":true}}
{"address":"0x7fcbb10c97f0", "type":"STRING", "class":"0x7fcbb10e0ef0", "frozen":true, "embedded":true, "fstring":true, "bytesize":9, "value":"SEPARATOR", "encoding":"US-ASCII", "memsize":40, "flags":{"wb_protected":true, "old":true, "long_lived":true, "marked":true}}
{"address":"0x7fcbb10c9818", "type":"STRING", "class":"0x7fcbb10e0ef0", "frozen":true, "embedded":true, "fstring":true, "bytesize":9, "value":"Separator", "encoding":"US-ASCII", "memsize":40, "flags":{"wb_protected":true, "old":true, "long_lived":true, "marked":true}}
{"address":"0x7fcbb10c9840", "type":"STRING", "class":"0x7fcbb10e0ef0", "frozen":true, "bytesize":1, "value":"/", "encoding":"US-ASCII", "memsize":40, "flags":{"wb_protected":true, "old":true, "long_lived":true, "marked":true}}
{"address":"0x7fcbb10c9868", "type":"STRING", "class":"0x7fcbb10e0ef0", "frozen":true, "embedded":true, "fstring":true, "bytesize":7, "value":"extname", "encoding":"US-ASCII", "memsize":40, "flags":{"wb_protected":true, "old":true, "long_lived":true, "marked":true}}
{"address":"0x7fcbb10c9890", "type":"STRING", "class":"0x7fcbb10e0ef0", "frozen":true, "embedded":true, "fstring":true, "bytesize":7, "value":"dirname", "encoding":"US-ASCII", "memsize":40, "flags":{"wb_protected":true, "old":true, "long_lived":true, "marked":true}}
{"address":"0x7fcbb10c98b8", "type":"STRING", "class":"0x7fcbb10e0ef0", "frozen":true, "embedded":true, "fstring":true, "bytesize":8, "value":"basename", "encoding":"US-ASCII", "memsize":40, "flags":{"wb_protected":true, "old":true, "long_lived":true, "marked":true}}
{"address":"0x7fcbb10c98e0", "type":"STRING", "class":"0x7fcbb10e0ef0", "frozen":true, "embedded":true, "fstring":true, "bytesize":11, "value":"realdirpath", "encoding":"US-ASCII", "memsize":40, "flags":{"wb_protected":true, "old":true, "long_lived":true, "marked":true}}
{"address":"0x7fcbb10c9908", "type":"STRING", "class":"0x7fcbb10e0ef0", "frozen":true, "embedded":true, "fstring":true, "bytesize":8, "value":"realpath", "encoding":"US-ASCII", "memsize":40, "flags":{"wb_protected":true, "old":true, "long_lived":true, "marked":true}}
{"address":"0x7fcbb10c9930", "type":"STRING", "class":"0x7fcbb10e0ef0", "frozen":true, "embedded":true, "fstring":true, "bytesize":13, "value":"absolute_path", "encoding":"US-ASCII", "memsize":40, "flags":{"wb_protected":true, "old":true, "long_lived":true, "marked":true}}
{"address":"0x7fcbb10c9958", "type":"STRING", "class":"0x7fcbb10e0ef0", "frozen":true, "embedded":true, "fstring":true, "bytesize":11, "value":"expand_path", "encoding":"US-ASCII", "memsize":40, "flags":{"wb_protected":true, "old":true, "long_lived":true, "marked":true}}
{"address":"0x7fcbb10c9980", "type":"STRING", "class":"0x7fcbb10e0ef0", "frozen":true, "embedded":true, "fstring":true, "bytesize":5, "value":"umask", "encoding":"US-ASCII", "memsize":40, "flags":{"wb_protected":true, "old":true, "long_lived":true, "marked":true}}
{"address":"0x7fcbb10c99a8", "type":"STRING", "class":"0x7fcbb10e0ef0", "frozen":true, "embedded":true, "fstring":true, "bytesize":6, "value":"rename", "encoding":"US-ASCII", "memsize":40, "flags":{"wb_protected":true, "old":true, "long_lived":true, "marked":true}}
{"address":"0x7fcbb10c99d0", "type":"STRING", "class":"0x7fcbb10e0ef0", "frozen":true, "embedded":true, "fstring":true, "bytesize":6, "value":"unlink", "encoding":"US-ASCII", "memsize":40, "flags":{"wb_protected":true, "old":true, "long_lived":true, "marked":true}}
{"address":"0x7fcbb10c99f8", "type":"STRING", "class":"0x7fcbb10e0ef0", "frozen":true, "embedded":true, "fstring":true, "bytesize":8, "value":"readlink", "encoding":"US-ASCII", "memsize":40, "flags":{"wb_protected":true, "old":true, "long_lived":true, "marked":true}}
{"address":"0x7fcbb10c9a20", "type":"STRING", "class":"0x7fcbb10e0ef0", "frozen":true, "embedded":true, "fstring":true, "bytesize":7, "value":"symlink", "encoding":"US-ASCII", "memsize":40, "flags":{"wb_protected":true, "old":true, "long_lived":true, "marked":true}}
{"address":"0x7fcbb10c9a48", "type":"STRING", "class":"0x7fcbb10e0ef0", "frozen":true, "embedded":true, "fstring":true, "bytesize":4, "value":"link", "encoding":"US-ASCII", "memsize":40, "flags":{"wb_protected":true, "old":true, "long_lived":true, "marked":true}}
{"address":"0x7fcbb10c9a70", "type":"STRING", "class":"0x7fcbb10e0ef0", "frozen":true, "embedded":true, "fstring":true, "bytesize":6, "value":"lchown", "encoding":"US-ASCII", "memsize":40, "flags":{"wb_protected":true, "old":true, "long_lived":true, "marked":true}}
{"address":"0x7fcbb10c9a98", "type":"STRING", "class":"0x7fcbb10e0ef0", "frozen":true, "embedded":true, "fstring":true, "bytesize":6, "value":"lchmod", "encoding":"US-ASCII", "memsize":40, "flags":{"wb_protected":true, "old":true, "long_lived":true, "marked":true}}
{"address":"0x7fcbb10c9ac0", "type":"STRING", "class":"0x7fcbb10e0ef0", "frozen":true, "embedded":true, "fstring":true, "bytesize":5, "value":"chown", "encoding":"US-ASCII", "memsize":40, "flags":{"wb_protected":true, "old":true, "long_lived":true, "marked":true}}
{"address":"0x7fcbb10c9ae8", "type":"STRING", "class":"0x7fcbb10e0ef0", "frozen":true, "embedded":true, "fstring":true, "bytesize":5, "value":"chmod", "encoding":"US-ASCII", "memsize":40, "flags":{"wb_protected":true, "old":true, "long_lived":true, "marked":true}}
{"address":"0x7fcbb10c9b10", "type":"STRING", "class":"0x7fcbb10e0ef0", "frozen":true, "embedded":true, "fstring":true, "bytesize":5, "value":"utime", "encoding":"US-ASCII", "memsize":40, "flags":{"wb_protected":true, "old":true, "long_lived":true, "marked":true}}
{"address":"0x7fcbb10c9b38", "type":"STRING", "class":"0x7fcbb10e0ef0", "frozen":true, "embedded":true, "fstring":true, "bytesize":9, "value":"birthtime", "encoding":"US-ASCII", "memsize":40, "flags":{"wb_protected":true, "old":true, "long_lived":true, "marked":true}}
{"address":"0x7fcbb10c9b60", "type":"STRING", "class":"0x7fcbb10e0ef0", "frozen":true, "embedded":true, "fstring":true, "bytesize":5, "value":"ctime", "encoding":"US-ASCII", "memsize":40, "flags":{"wb_protected":true, "old":true, "long_lived":true, "marked":true}}
{"address":"0x7fcbb10c9b88", "type":"STRING", "class":"0x7fcbb10e0ef0", "frozen":true, "embedded":true, "fstring":true, "bytesize":5, "value":"mtime", "encoding":"US-ASCII", "memsize":40, "flags":{"wb_protected":true, "old":true, "long_lived":true, "marked":true}}
{"address":"0x7fcbb10c9bb0", "type":"STRING", "class":"0x7fcbb10e0ef0", "frozen":true, "embedded":true, "fstring":true, "bytesize":5, "value":"atime", "encoding":"US-ASCII", "memsize":40, "flags":{"wb_protected":true, "old":true, "long_lived":true, "marked":true}}
{"address":"0x7fcbb10c9bd8", "type":"STRING", "class":"0x7fcbb10e0ef0", "frozen":true, "embedded":true, "fstring":true, "bytesize":5, "value":"ftype", "encoding":"US-ASCII", "memsize":40, "flags":{"wb_protected":true, "old":true, "long_lived":true, "marked":true}}
{"address":"0x7fcbb10c9c00", "type":"STRING", "class":"0x7fcbb10e0ef0", "frozen":true, "embedded":true, "fstring":true, "bytesize":5, "value":"lstat", "encoding":"US-ASCII", "memsize":40, "flags":{"wb_protected":true, "old":true, "long_lived":true, "marked":true}}
{"address":"0x7fcbb10c9c28", "type":"STRING", "class":"0x7fcbb10e0ef0", "frozen":true, "embedded":true, "fstring":true, "bytesize":4, "value":"stat", "encoding":"US-ASCII", "memsize":40, "flags":{"wb_protected":true, "old":true, "long_lived":true, "marked":true}}
{"address":"0x7fcbb10c9c50", "type":"STRING", "class":"0x7fcbb10e0ef0", "frozen":true, "embedded":true, "fstring":true, "bytesize":10, "value":"identical?", "encoding":"US-ASCII", "memsize":40, "flags":{"wb_protected":true, "old":true, "long_lived":true, "marked":true}}
{"address":"0x7fcbb10c9c78", "type":"STRING", "class":"0x7fcbb10e0ef0", "frozen":true, "embedded":true, "fstring":true, "bytesize":7, "value":"sticky?", "encoding":"US-ASCII", "memsize":40, "flags":{"wb_protected":true, "old":true, "long_lived":true, "marked":true}}
{"address":"0x7fcbb10c9ca0", "type":"STRING", "class":"0x7fcbb10e0ef0", "frozen":true, "embedded":true, "fstring":true, "bytesize":7, "value":"setgid?", "encoding":"US-ASCII", "memsize":40, "flags":{"wb_protected":true, "old":true, "long_lived":true, "marked":true}}
{"address":"0x7fcbb10c9cc8", "type":"STRING", "class":"0x7fcbb10e0ef0", "frozen":true, "embedded":true, "fstring":true, "bytesize":7, "value":"setuid?", "encoding":"US-ASCII", "memsize":40, "flags":{"wb_protected":true, "old":true, "long_lived":true, "marked":true}}
{"address":"0x7fcbb10c9cf0", "type":"STRING", "class":"0x7fcbb10e0ef0", "frozen":true, "embedded":true, "fstring":true, "bytesize":8, "value":"chardev?", "encoding":"US-ASCII", "memsize":40, "flags":{"wb_protected":true, "old":true, "long_lived":true, "marked":true}}
{"address":"0x7fcbb10c9d18", "type":"STRING", "class":"0x7fcbb10e0ef0", "frozen":true, "embedded":true, "fstring":true, "bytesize":9, "value":"blockdev?", "encoding":"US-ASCII", "memsize":40, "flags":{"wb_protected":true, "old":true, "long_lived":true, "marked":true}}
{"address":"0x7fcbb10c9d40", "type":"STRING", "class":"0x7fcbb10e0ef0", "frozen":true, "embedded":true, "fstring":true, "bytesize":7, "value":"socket?", "encoding":"US-ASCII", "memsize":40, "flags":{"wb_protected":true, "old":true, "long_lived":true, "marked":true}}
{"address":"0x7fcbb10c9d68", "type":"STRING", "class":"0x7fcbb10e0ef0", "frozen":true, "embedded":true, "fstring":true, "bytesize":8, "value":"symlink?", "encoding":"US-ASCII", "memsize":40, "flags":{"wb_protected":true, "old":true, "long_lived":true, "marked":true}}
{"address":"0x7fcbb10c9d90", "type":"STRING", "class":"0x7fcbb10e0ef0", "frozen":true, "embedded":true, "fstring":true, "bytesize":5, "value":"pipe?", "encoding":"US-ASCII", "memsize":40, "flags":{"wb_protected":true, "old":true, "long_lived":true, "marked":true}}
{"address":"0x7fcbb10c9db8", "type":"STRING", "class":"0x7fcbb10e0ef0", "frozen":true, "embedded":true, "fstring":true, "bytesize":9, "value":"grpowned?", "encoding":"US-ASCII", "memsize":40, "flags":{"wb_protected":true, "old":true, "long_lived":true, "marked":true}}
{"address":"0x7fcbb10c9de0", "type":"STRING", "class":"0x7fcbb10e0ef0", "frozen":true, "embedded":true, "fstring":true, "bytesize":6, "value":"owned?", "encoding":"US-ASCII", "memsize":40, "flags":{"wb_protected":true, "old":true, "long_lived":true, "marked":true}}
{"address":"0x7fcbb10c9e08", "type":"STRING", "class":"0x7fcbb10e0ef0", "frozen":true, "embedded":true, "fstring":true, "bytesize":5, "value":"size?", "encoding":"US-ASCII", "memsize":40, "flags":{"wb_protected":true, "old":true, "long_lived":true, "marked":true}}
{"address":"0x7fcbb10c9e30", "type":"STRING", "class":"0x7fcbb10e0ef0", "frozen":true, "embedded":true, "fstring":true, "bytesize":5, "value":"file?", "encoding":"US-ASCII", "memsize":40, "flags":{"wb_protected":true, "old":true, "long_lived":true, "marked":true}}
{"address":"0x7fcbb10c9e58", "type":"STRING", "class":"0x7fcbb10e0ef0", "frozen":true, "embedded":true, "fstring":true, "bytesize":16, "value":"executable_real?", "encoding":"US-ASCII", "memsize":40, "flags":{"wb_protected":true, "old":true, "long_lived":true, "marked":true}}
{"address":"0x7fcbb10c9e80", "type":"STRING", "class":"0x7fcbb10e0ef0", "frozen":true, "embedded":true, "fstring":true, "bytesize":11, "value":"executable?", "encoding":"US-ASCII", "memsize":40, "flags":{"wb_protected":true, "old":true, "long_lived":true, "marked":true}}
{"address":"0x7fcbb10c9ea8", "type":"STRING", "class":"0x7fcbb10e0ef0", "frozen":true, "embedded":true, "fstring":true, "bytesize":15, "value":"world_writable?", "encoding":"US-ASCII", "memsize":40, "flags":{"wb_protected":true, "old":true, "long_lived":true, "marked":true}}
{"address":"0x7fcbb10c9ed0", "type":"STRING", "class":"0x7fcbb10e0ef0", "frozen":true, "embedded":true, "fstring":true, "bytesize":14, "value":"writable_real?", "encoding":"US-ASCII", "memsize":40, "flags":{"wb_protected":true, "old":true, "long_lived":true, "marked":true}}
{"address":"0x7fcbb10c9ef8", "type":"STRING", "class":"0x7fcbb10e0ef0", "frozen":true, "embedded":true, "fstring":true, "bytesize":9, "value":"writable?", "encoding":"US-ASCII", "memsize":40, "flags":{"wb_protected":true, "old":true, "long_lived":true, "marked":true}}
{"address":"0x7fcbb10c9f20", "type":"STRING", "class":"0x7fcbb10e0ef0", "frozen":true, "embedded":true, "fstring":true, "bytesize":15, "value":"world_readable?", "encoding":"US-ASCII", "memsize":40, "flags":{"wb_protected":true, "old":true, "long_lived":true, "marked":true}}
{"address":"0x7fcbb10c9f48", "type":"ARRAY", "length":1024, "references":["0x7fcbb10c9f70", "0x7fcbb10c9f20", "0x7fcbb10c9ef8", "0x7fcbb10c9ed0", "0x7fcbb10c9ea8", "0x7fcbb10c9e80", "0x7fcbb10c9e58", "0x7fcbb10c9e30", "0x7fcbb10c9e08", "0x7fcbb10c9de0", "0x7fcbb10c9db8", "0x7fcbb10c9d90", "0x7fcbb10c9d68", "0x7fcbb10c9d40", "0x7fcbb10c9d18", "0x7fcbb10c9cf0", "0x7fcbb10c9cc8", "0x7fcbb10c9ca0", "0x7fcbb10c9c78", "0x7fcbb10c9c50", "0x7fcbb10c9c28", "0x7fcbb10c9c00", "0x7fcbb10c9bd8", "0x7fcbb10c9bb0", "0x7fcbb10c9b88", "0x7fcbb10c9b60", "0x7fcbb10c9b38", "0x7fcbb10c9b10", "0x7fcbb10c9ae8", "0x7fcbb10c9ac0", "0x7fcbb10c9a98", "0x7fcbb10c9a70", "0x7fcbb10c9a48", "0x7fcbb10c9a20", "0x7fcbb10c99f8", "0x7fcbb10c99d0", "0x7fcbb10c99a8", "0x7fcbb10c9980", "0x7fcbb10c9958", "0x7fcbb10c9930", "0x7fcbb10c9908", "0x7fcbb10c98e0", "0x7fcbb10c98b8", "0x7fcbb10c9890", "0x7fcbb10c9868", "0x7fcbb10c9818", "0x7fcbb10c97f0", "0x7fcbb10c97c8", "0x7fcbb10c9778", "0x7fcbb10c9750", "0x7fcbb10c9728", "0x7fcbb10c9688", "0x7fcbb10c9660", "0x7fcbb10c9638", "0x7fcbb10c9610", "0x7fcbb10c95e8", "0x7fcbb10c95c0", "0x7fcbb10c9598", "0x7fcbb10c9570", "0x7fcbb10c9548", "0x7fcbb10c9520", "0x7fcbb10c94f8", "0x7fcbb10c94d0", "0x7fcbb10c94a8", "0x7fcbb10c9480", "0x7fcbb10c9458", "0x7fcbb10c9430", "0x7fcbb10c9408", "0x7fcbb10c93b8", "0x7fcbb10c9390", "0x7fcbb10c9368", "0x7fcbb10c9340", "0x7fcbb10c9278", "0x7fcbb10c9250", "0x7fcbb10c9228", "0x7fcbb10c9200", "0x7fcbb10c91d8", "0x7fcbb10c91b0", "0x7fcbb10c9188", "0x7fcbb10c9160", "0x7fcbb10c9138", "0x7fcbb10c9110", "0x7fcbb10c90e8", "0x7fcbb10c90c0", "0x7fcbb10c9098", "0x7fcbb10c9070", "0x7fcbb10c9048", "0x7fcbb10c9020", "0x7fcbb10c8ff8", "0x7fcbb10c8fd0", "0x7fcbb10c8fa8", "0x7fcbb10c8f80", "0x7fcbb10c8f58", "0x7fcbb10c8f30", "0x7fcbb10c8f08", "0x7fcbb10c8ee0", "0x7fcbb10c8eb8", "0x7fcbb10c8e90", "0x7fcbb10c8df0", "0x7fcbb10c8dc8", "0x7fcbb10c8da0", "0x7fcbb10c8d78", "0x7fcbb10c8d50", "0x7fcbb10c8d28", "0x7fcbb10c8d00", "0x7fcbb10c8cd8", "0x7fcbb10c8cb0", "0x7fcbb10c8c88", "0x7fcbb10c8c60", "0x7fcbb10c8c38", "0x7fcbb10c8c10", "0x7fcbb10c8be8", "0x7fcbb10c8bc0", "0x7fcbb10c8b98", "0x7fcbb10c8b70", "0x7fcbb10c8b48", "0x7fcbb10c8b20", "0x7fcbb10c8af8", "0x7fcbb10c8ad0", "0x7fcbb10c8a30", "0x7fcbb10c8a08", "0x7fcbb10c89e0", "0x7fcbb10c89b8", "0x7fcbb10c8990", "0x7fcbb10c8968", "0x7fcbb10c8940", "0x7fcbb10c8918", "0x7fcbb10c88f0", "0x7fcbb10c88c8", "0x7fcbb10c88a0", "0x7fcbb10c8878", "0x7fcbb10c8850", "0x7fcbb10c8828", "0x7fcbb10c8800", "0x7fcbb10c87d8", "0x7fcbb10c87b0", "0x7fcbb10c8788", "0x7fcbb10c8760", "0x7fcbb10c8738", "0x7fcbb10c8710", "0x7fcbb10c86e8", "0x7fcbb10c86c0", "0x7fcbb10c8698", "0x7fcbb10c8670", "0x7fcbb10c8648", "0x7fcbb10c8620", "0x7fcbb10c85f8", "0x7fcbb10c85d0", "0x7fcbb10c85a8", "0x7fcbb10c8580", "0x7fcbb10c8558", "0x7fcbb10c8530", "0x7fcbb10c8508", "0x7fcbb10c84e0", "0x7fcbb10c84b8", "0x7fcbb10c8490", "0x7fcbb10c8468", "0x7fcbb10c8440", "0x7fcbb10c8418", "0x7fcbb10c83f0", "0x7fcbb10c83c8", "0x7fcbb10c82d8", "0x7fcbb10c82b0", "0x7fcbb10c8288", "0x7fcbb10c8210", "0x7fcbb10c81e8", "0x7fcbb10c81c0", "0x7fcbb10c8170", "0x7fcbb10c8148", "0x7fcbb10c8120", "0x7fcbb10c80d0", "0x7fcbb10c8080", "0x7fcbb10c8058", "0x7fcbb10c8030", "0x7fcbb10c8008", "0x7fcbb10c3fa8", "0x7fcbb10c3f80", "0x7fcbb10c3ee0", "0x7fcbb10c3eb8", "0x7fcbb10c3e40", "0x7fcbb10c3e18", "0x7fcbb10c3df0", "0x7fcbb10c3dc8", "0x7fcbb10c3d78", "0x7fcbb10c3d00", "0x7fcbb10c3cd8", "0x7fcbb10c3cb0", "0x7fcbb10c3c88", "0x7fcbb10c3c60", "0x7fcbb10c3c38", "0x7fcbb10c3c10", "0x7fcbb10c3b98", "0x7fcbb10c3b70", "0x7fcbb10c3b48", "0x7fcbb10c3a80", "0x7fcbb10c3a08", "0x7fcbb10c39e0", "0x7fcbb10c39b8", "0x7fcbb10c3990", "0x7fcbb10c3968", "0x7fcbb10c3940", "0x7fcbb10c3918", "0x7fcbb10c38f0", "0x7fcbb10c38c8", "0x7fcbb10c3850", "0x7fcbb10c3828", "0x7fcbb10c3800", "0x7fcbb10c37d8", "0x7fcbb10c37b0", "0x7fcbb10c3788", "0x7fcbb10c3710", "0x7fcbb10c36e8", "0x7fcbb10c36c0", "0x7fcbb10c3698", "0x7fcbb10c3648", "0x7fcbb10c35a8", "0x7fcbb10c3580", "0x7fcbb10c3558", "0x7fcbb10c3508", "0x7fcbb10c34e0", "0x7fcbb10c34b8", "0x7fcbb10c3490", "0x7fcbb10c3468", "0x7fcbb10c3440", "0x7fcbb10c3418", "0x7fcbb10c33f0", "0x7fcbb10c33c8", "0x7fcbb10c33a0", "0x7fcbb10c3378", "0x7fcbb10c3350", "0x7fcbb10c3328", "0x7fcbb10c3300", "0x7fcbb10c32d8", "0x7fcbb10c32b0", "0x7fcbb10c3288", "0x7fcbb10c3260", "0x7fcbb10c3238", "0x7fcbb10c3210", "0x7fcbb10c31e8", "0x7fcbb10c31c0", "0x7fcbb10c3198", "0x7fcbb10c3170", "0x7fcbb10c3148", "0x7fcbb10c3120", "0x7fcbb10c30a8", "0x7fcbb10c3080", "0x7fcbb10c3058", "0x7fcbb10c3030", "0x7fcbb10c3008", "0x7fcbb10c2fe0", "0x7fcbb10c2fb8", "0x7fcbb10c2f68", "0x7fcbb10c2f40", "0x7fcbb10c2f18", "0x7fcbb10c2ef0", "0x7fcbb10c2ec8", "0x7fcbb10c2ea0", "0x7fcbb10c2e00", "0x7fcbb10c2dd8", "0x7fcbb10c2db0", "0x7fcbb10c2d88", "0x7fcbb10c2d60", "0x7fcbb10c2d38", "0x7fcbb10c2ce8", "0x7fcbb10c2c98", "0x7fcbb10c2c70", "0x7fcbb10c2c48", "0x7fcbb10c2bd0", "0x7fcbb10c2ba8", "0x7fcbb10c2b80", "0x7fcbb10c2ae0", "0x7fcbb10c2a90", "0x7fcbb10c2a40", "0x7fcbb10c29a0", "0x7fcbb10c2978", "0x7fcbb10c2950", "0x7fcbb10c2928", "0x7fcbb10c2900", "0x7fcbb10c28d8", "0x7fcbb10c28b0", "0x7fcbb10c2810", "0x7fcbb10c27e8", "0x7fcbb10c27c0", "0x7fcbb10c2798", "0x7fcbb10c2770", "0x7fcbb10c2748", "0x7fcbb10c2720", "0x7fcbb10c2680", "0x7fcbb10c2608", "0x7fcbb10c2540", "0x7fcbb10c2450", "0x7fcbb10c2388", "0x7fcbb10c22e8", "0x7fcbb10c0628", "0x7fcbb10c05d8", "0x7fcbb10c05b0", "0x7fcbb10c0588", "0x7fcbb10c0560", "0x7fcbb10c0538", "0x7fcbb10c03a8", "0x7fcbb10c0330", "0x7fcbb10c0308", "0x7fcbb10c0268", "0x7fcbb10c01c8", "0x7fcbb10c01a0", "0x7fcbb10c0178", "0x7fcbb10c0150", "0x7fcbb10c0128", "0x7fcbb10c0088", "0x7fcbb10c0060", "0x7fcbb10c0038", "0x7fcbb10c0010", "0x7fcbb10bbfb0", "0x7fcbb10bbf88", "0x7fcbb10bbf60", "0x7fcbb10bbf38", "0x7fcbb10bbf10", "0x7fcbb10bbee8", "0x7fcbb10bbec0", "0x7fcbb10bbe98", "0x7fcbb10bbe70", "0x7fcbb10bbe48", "0x7fcbb10bbe20", "0x7fcbb10bbdf8", "0x7fcbb10bbdd0", "0x7fcbb10bbda8", "0x7fcbb10bbd80", "0x7fcbb10bbd58", "0x7fcbb10bbd30", "0x7fcbb10bbd08", "0x7fcbb10bbce0", "0x7fcbb10bbcb8", "0x7fcbb10bbc90", "0x7fcbb10bbc68", "0x7fcbb10bbc40", "0x7fcbb10bbc18", "0x7fcbb10bbbf0", "0x7fcbb10bbbc8", "0x7fcbb10bbba0", "0x7fcbb10bbb78", "0x7fcbb10bbb50", "0x7fcbb10bbb28", "0x7fcbb10bbab0", "0x7fcbb10bba38", "0x7fcbb10bba10", "0x7fcbb10bb9e8", "0x7fcbb10bb998", "0x7fcbb10bb970", "0x7fcbb10bb8f8", "0x7fcbb10bb8d0", "0x7fcbb10bb8a8", "0x7fcbb10bb880", "0x7fcbb10bb858", "0x7fcbb10bb830", "0x7fcbb10bb808", "0x7fcbb10bb7e0", "0x7fcbb10bb718", "0x7fcbb10bb6f0", "0x7fcbb10bb6c8", "0x7fcbb10bb6a0", "0x7fcbb10bb678", "0x7fcbb10bb650", "0x7fcbb10bb628", "0x7fcbb10bb600", "0x7fcbb10bb5d8", "0x7fcbb10bb5b0", "0x7fcbb10bb588", "0x7fcbb10bb560", "0x7fcbb10bb538", "0x7fcbb10bb510", "0x7fcbb10bb4e8", "0x7fcbb10bb4c0", "0x7fcbb10bb498", "0x7fcbb10bb470", "0x7fcbb10bb448", "0x7fcbb10bb420", "0x7fcbb10bb3f8", "0x7fcbb10bb3d0", "0x7fcbb10bb3a8", "0x7fcbb10bb380", "0x7fcbb10bb358", "0x7fcbb10bb330", "0x7fcbb10bb308", "0x7fcbb10bb2e0", "0x7fcbb10bb2b8", "0x7fcbb10bb290", "0x7fcbb10bb240", "0x7fcbb10bb218", "0x7fcbb10bb1c8", "0x7fcbb10bb1a0", "0x7fcbb10bb178", "0x7fcbb10bb150", "0x7fcbb10bb128", "0x7fcbb10bb100", "0x7fcbb10bb0d8", "0x7fcbb10bb038", "0x7fcbb10baf98", "0x7fcbb10baf70", "0x7fcbb10baf48", "0x7fcbb10baf20", "0x7fcbb10baef8", "0x7fcbb10baed0", "0x7fcbb10baea8", "0x7fcbb10bae80", "0x7fcbb10bae58", "0x7fcbb10bae30", "0x7fcbb10bae08", "0x7fcbb10bade0", "0x7fcbb10badb8", "0x7fcbb10bad90", "0x7fcbb10bad68", "0x7fcbb10bad40", "0x7fcbb10bad18", "0x7fcbb10bacf0", "0x7fcbb10bacc8", "0x7fcbb10baca0", "0x7fcbb10bac78", "0x7fcbb10bac28", "0x7fcbb10bac00", "0x7fcbb10babd8", "0x7fcbb10babb0", "0x7fcbb10bab88", "0x7fcbb10bab60", "0x7fcbb10bab38", "0x7fcbb10bab10", "0x7fcbb10baae8", "0x7fcbb10baac0", "0x7fcbb10baa98", "0x7fcbb10baa70", "0x7fcbb10baa48", "0x7fcbb10baa20", "0x7fcbb10ba9f8", "0x7fcbb10ba9d0", "0x7fcbb10ba9a8", "0x7fcbb10ba980", "0x7fcbb10ba958", "0x7fcbb10ba930", "0x7fcbb10ba908", "0x7fcbb10ba8e0", "0x7fcbb10ba8b8", "0x7fcbb10ba890", "0x7fcbb10ba868", "0x7fcbb10ba840", "0x7fcbb10ba818", "0x7fcbb10ba7f0", "0x7fcbb10ba7c8", "0x7fcbb10ba7a0", "0x7fcbb10ba750", "0x7fcbb10ba728", "0x7fcbb10ba700", "0x7fcbb10ba6d8", "0x7fcbb10ba638", "0x7fcbb10ba548", "0x7fcbb10ba458", "0x7fcbb10ba368", "0x7fcbb10ba278", "0x7fcbb10ba200", "0x7fcbb10ba188", "0x7fcbb10ba110", "0x7fcbb10ba0e8", "0x7fcbb10ba0c0", "0x7fcbb10ba098", "0x7fcbb10ba070", "0x7fcbb10ba048", "0x7fcbb10ba020", "0x7fcbb10b9ff8", "0x7fcbb10b9fd0", "0x7fcbb10b9fa8", "0x7fcbb10b9f30", "0x7fcbb10b9ee0", "0x7fcbb10b9eb8", "0x7fcbb10b9e90", "0x7fcbb10b9e68", "0x7fcbb10b9e40", "0x7fcbb10b9e18", "0x7fcbb10b9df0", "0x7fcbb10b9dc8", "0x7fcbb10b9da0", "0x7fcbb10b9d78", "0x7fcbb10b9d50", "0x7fcbb10b9d28", "0x7fcbb10b9d00", "0x7fcbb10b9cd8", "0x7fcbb10b9cb0", "0x7fcbb10b9c38", "0x7fcbb10b9bc0", "0x7fcbb10b9b98", "0x7fcbb10b9b70", "0x7fcbb10b9b48", "0x7fcbb10b9ad0", "0x7fcbb10b9aa8", "0x7fcbb10b9a80", "0x7fcbb10b9a58", "0x7fcbb10b99b8", "0x7fcbb10b9990", "0x7fcbb10b9968", "0x7fcbb10b98f0", "0x7fcbb10b98c8", "0x7fcbb10b98a0", "0x7fcbb10b9878", "0x7fcbb10b9800", "0x7fcbb10b97d8", "0x7fcbb10b97b0", "0x7fcbb10b9788", "0x7fcbb10b9760", "0x7fcbb10b9738", "0x7fcbb10b9710", "0x7fcbb10b96e8", "0x7fcbb10b96c0", "0x7fcbb10b9698", "0x7fcbb10b9670", "0x7fcbb10b95d0"], "memsize":8232, "flags":{"wb_protected":true, "old":true, "long_lived":true, "marked":true}}
{"address":"0x7fcbb10c9f70", "type":"STRING", "class":"0x7fcbb10e0ef0", "frozen":true, "embedded":true, "fstring":true, "bytesize":14, "value":"readable_real?", "encoding":"US-ASCII", "memsize":40, "flags":{"wb_protected":true, "old":true, "long_lived":true, "marked":true}}
{"address":"0x7fcbb10c9f98", "type":"STRING", "class":"0x7fcbb10e0ef0", "frozen":true, "embedded":true, "fstring":true, "bytesize":9, "value":"readable?", "encoding":"US-ASCII", "memsize":40, "flags":{"wb_protected":true, "old":true, "long_lived":true, "marked":true}}
{"address":"0x7fcbb10c9fc0", "type":"STRING", "class":"0x7fcbb10e0ef0", "frozen":true, "embedded":true, "fstring":true, "bytesize":7, "value":"exists?", "encoding":"US-ASCII", "memsize":40, "flags":{"wb_protected":true, "old":true, "long_lived":true, "marked":true}}
{"address":"0x7fcbb10c9fe8", "type":"STRING", "class":"0x7fcbb10e0ef0", "frozen":true, "embedded":true, "fstring":true, "bytesize":6, "value":"exist?", "encoding":"US-ASCII", "memsize":40, "flags":{"wb_protected":true, "old":true, "long_lived":true, "marked":true}}
{"address":"0x7fcbb10ca010", "type":"CLASS", "class":"0x7fcbb10e2408", "name":"Module", "references":["0x7fcbb10ca010", "0x7fcbb10ca010", "0x7fcbb10ca010", "0x7fcbb10ca010", "0x7fcbb10ca010", "0x7fcbb10ca010", "0x7fcbb10ca010", "0x7fcbb10ca010", "0x7fcbb10ca010", "0x7fcbb10ca010", "0x7fcbb10ca010", "0x7fcbb10ca010", "0x7fcbb10ca010", "0x7fcbb10ca010", "0x7fcbb10ca010", "0x7fcbb10ca010", "0x7fcbb10ca010", "0x7fcbb10ca010", "0x7fcbb10ca010", "0x7fcbb10ca010", "0x7fcbb10ca010", "0x7fcbb10ca010", "0x7fcbb10ca010", "0x7fcbb10ca010", "0x7fcbb10ca010", "0x7fcbb10ca010", "0x7fcbb10ca0d8", "0x7fcbb10e2c28"], "memsize":1944, "flags":{"wb_protected":true, "old":true, "long_lived":true, "marked":true}}
{"address":"0x7fcbb10ca038", "type":"STRING", "class":"0x7fcbb10e0ef0", "frozen":true, "embedded":true, "fstring":true, "bytesize":10, "value":"directory?", "encoding":"US-ASCII", "memsize":40, "flags":{"wb_protected":true, "old":true, "long_lived":true, "marked":true}}
{"address":"0x7fcbb10ca060", "type":"CLASS", "class":"0x7fcbb10e2430", "name":"Class", "references":["0x7fcbb10ca060", "0x7fcbb10ca060", "0x7fcbb10ca060", "0x7fcbb10ca060", "0x7fcbb10ca060", "0x7fcbb10ca060", "0x7fcbb10ca060", "0x7fcbb10ca060", "0x7fcbb10ca060", "0x7fcbb10ca060", "0x7fcbb10ca060", "0x7fcbb10ca060", "0x7fcbb10ca060", "0x7fcbb10ca060", "0x7fcbb10ca060", "0x7fcbb10ca060", "0x7fcbb10ca060", "0x7fcbb10ca060", "0x7fcbb10ca060", "0x7fcbb10ca060", "0x7fcbb10ca060", "0x7fcbb10ca060", "0x7fcbb10ca060", "0x7fcbb10ca060", "0x7fcbb10ca060", "0x7fcbb10ca060", "0x7fcbb10ca060", "0x7fcbb10ca060", "0x7fcbb10ca060", "0x7fcbb10ca060", "0x7fcbb10ca060", "0x7fcbb10ca060", "0x7fcbb10ca060", "0x7fcbb10ca060", "0x7fcbb10ca060", "0x7fcbb10ca060", "0x7fcbb10ca060", "0x7fcbb10ca060", "0x7fcbb10ca060", "0x7fcbb10ca060", "0x7fcbb10ca060", "0x7fcbb10ca060", "0x7fcbb10ca060", "0x7fcbb10ca060", "0x7fcbb10ca060", "0x7fcbb10ca060", "0x7fcbb10ca060", "0x7fcbb10ca060", "0x7fcbb10ca060", "0x7fcbb10ca060", "0x7fcbb10ca060", "0x7fcbb10ca060", "0x7fcbb10ca060", "0x7fcbb10ca060", "0x7fcbb10ca060", "0x7fcbb10ca060", "0x7fcbb10ca060", "0x7fcbb10ca060", "0x7fcbb10ca088", "0x7fcbb10cb3c0"], "memsize":3480, "flags":{"wb_protected":true, "old":true, "long_lived":true, "marked":true}}
{"address":"0x7fcbb10ca088", "type":"CLASS", "class":"0x7fcbb10ca060", "name":"File", "references":["0x7fcbb10ca088", "0x7fcbb10ca088", "0x7fcbb10ca088", "0x7fcbb10ca088", "0x7fcbb10ca088", "0x7fcbb10ca088", "0x7fcbb10ca088", "0x7fcbb10ca088", "0x7fcbb10ca088", "0x7fcbb10ca088", "0x7fcbb10ca088", "0x7fcbb10ca088", "0x7fcbb10ca088", "0x7fcbb10ca0b0", "0x7fcbb10c9840", "0x7fcbb10c9840", "0x7fcbb10c97a0", "0x7fcbb10c9700", "0x7fcbb10c9318", "0x7fcbb10cb3e8"], "memsize":1512, "flags":{"wb_protected":true, "old":true, "long_lived":true, "marked":true}}
{"address":"0x7fcbb10ca0b0", "type":"STRING", "class":"0x7fcbb10e0ef0", "frozen":true, "embedded":true, "fstring":true, "bytesize":4, "value":"File", "encoding":"US-ASCII", "memsize":40, "flags":{"wb_protected":true, "old":true, "long_lived":true, "marked":true}}
{"address":"0x7fcbb10ca0d8", "type":"MODULE", "class":"0x7fcbb10ca010", "name":"FileTest", "references":["0x7fcbb10ca0d8", "0x7fcbb10ca0d8", "0x7fcbb10ca0d8", "0x7fcbb10ca0d8", "0x7fcbb10ca0d8", "0x7fcbb10ca0d8", "0x7fcbb10ca0d8", "0x7fcbb10ca0d8", "0x7fcbb10ca0d8", "0x7fcbb10ca0d8", "0x7fcbb10ca0d8", "0x7fcbb10ca0d8", "0x7fcbb10ca0d8", "0x7fcbb10ca0d8", "0x7fcbb10ca0d8", "0x7fcbb10ca0d8", "0x7fcbb10ca0d8", "0x7fcbb10ca0d8", "0x7fcbb10ca0d8", "0x7fcbb10ca0d8", "0x7fcbb10ca0d8", "0x7fcbb10ca0d8", "0x7fcbb10ca0d8", "0x7fcbb10ca0d8", "0x7fcbb10ca0d8", "0x7fcbb10ca0d8", "0x7fcbb10ca100"], "memsize":1944, "flags":{"wb_protected":true, "old":true, "long_lived":true, "marked":true}}
{"address":"0x7fcbb10ca100", "type":"STRING", "class":"0x7fcbb10e0ef0", "frozen":true, "embedded":true, "fstring":true, "bytesize":8, "value":"FileTest", "encoding":"US-ASCII", "memsize":40, "flags":{"wb_protected":true, "old":true, "long_lived":true, "marked":true}}
{"address":"0x7fcbb10ca128", "type":"STRING", "class":"0x7fcbb10e0ef0", "frozen":true, "embedded":true, "fstring":true, "bytesize":2, "value":"$*", "encoding":"US-ASCII", "memsize":40, "flags":{"wb_protected":true, "old":true, "long_lived":true, "marked":true}}
{"address":"0x7fcbb10ca150", "type":"STRING", "class":"0x7fcbb10e0ef0", "frozen":true, "embedded":true, "fstring":true, "bytesize":3, "value":"$-i", "encoding":"US-ASCII", "memsize":40, "flags":{"wb_protected":true, "old":true, "long_lived":true, "marked":true}}
{"address":"0x7fcbb10ca178", "type":"STRING", "class":"0x7fcbb10e0ef0", "bytesize":1, "value":"-", "memsize":40, "flags":{"wb_protected":true, "old":true, "long_lived":true, "marked":true}}
{"address":"0x7fcbb10ca1a0", "type":"STRING", "class":"0x7fcbb10e0ef0", "frozen":true, "embedded":true, "fstring":true, "bytesize":9, "value":"$FILENAME", "encoding":"US-ASCII", "memsize":40, "flags":{"wb_protected":true, "old":true, "long_lived":true, "marked":true}}
{"address":"0x7fcbb10ca1c8", "type":"STRING", "class":"0x7fcbb10e0ef0", "frozen":true, "embedded":true, "fstring":true, "bytesize":2, "value":"$.", "encoding":"US-ASCII", "memsize":40, "flags":{"wb_protected":true, "old":true, "long_lived":true, "marked":true}}
{"address":"0x7fcbb10ca1f0", "type":"STRING", "class":"0x7fcbb10e0ef0", "frozen":true, "embedded":true, "fstring":true, "bytesize":4, "value":"ARGF", "encoding":"US-ASCII", "memsize":40, "flags":{"wb_protected":true, "old":true, "long_lived":true, "marked":true}}
{"address":"0x7fcbb10ca218", "type":"STRING", "class":"0x7fcbb10e0ef0", "frozen":true, "embedded":true, "fstring":true, "bytesize":2, "value":"$<", "encoding":"US-ASCII", "memsize":40, "flags":{"wb_protected":true, "old":true, "long_lived":true, "marked":true}}
{"address":"0x7fcbb10ca240", "type":"ARRAY", "class":"0x7fcbb10d19a0", "length":0, "memsize":40, "flags":{"wb_protected":true, "old":true, "long_lived":true, "marked":true}}
{"address":"0x7fcbb10ca268", "type":"DATA", "class":"0x7fcbb10ca3f8", "struct":"ARGF", "references":["0x7fcbb10ca178", "0x7fcbb10ca240"], "memsize":128, "flags":{"long_lived":true, "marked":true}}
{"address":"0x7fcbb10ca290", "type":"STRING", "class":"0x7fcbb10e0ef0", "frozen":true, "embedded":true, "fstring":true, "bytesize":13, "value":"inplace_mode=", "encoding":"US-ASCII", "memsize":40, "flags":{"wb_protected":true, "old":true, "long_lived":true, "marked":true}}
{"address":"0x7fcbb10ca2b8", "type":"STRING", "class":"0x7fcbb10e0ef0", "frozen":true, "embedded":true, "fstring":true, "bytesize":12, "value":"inplace_mode", "encoding":"US-ASCII", "memsize":40, "flags":{"wb_protected":true, "old":true, "long_lived":true, "marked":true}}
{"address":"0x7fcbb10ca2e0", "type":"STRING", "class":"0x7fcbb10e0ef0", "frozen":true, "embedded":true, "fstring":true, "bytesize":4, "value":"skip", "encoding":"US-ASCII", "memsize":40, "flags":{"wb_protected":true, "old":true, "long_lived":true, "marked":true}}
{"address":"0x7fcbb10ca308", "type":"STRING", "class":"0x7fcbb10e0ef0", "frozen":true, "embedded":true, "fstring":true, "bytesize":4, "value":"file", "encoding":"US-ASCII", "memsize":40, "flags":{"wb_protected":true, "old":true, "long_lived":true, "marked":true}}
{"address":"0x7fcbb10ca330", "type":"STRING", "class":"0x7fcbb10e0ef0", "frozen":true, "embedded":true, "fstring":true, "bytesize":8, "value":"filename", "encoding":"US-ASCII", "memsize":40, "flags":{"wb_protected":true, "old":true, "long_lived":true, "marked":true}}
{"address":"0x7fcbb10ca358", "type":"STRING", "class":"0x7fcbb10e0ef0", "frozen":true, "embedded":true, "fstring":true, "bytesize":11, "value":"to_write_io", "encoding":"US-ASCII", "memsize":40, "flags":{"wb_protected":true, "old":true, "long_lived":true, "marked":true}}
{"address":"0x7fcbb10ca380", "type":"STRING", "class":"0x7fcbb10e0ef0", "frozen":true, "embedded":true, "fstring":true, "bytesize":4, "value":"argv", "encoding":"US-ASCII", "memsize":40, "flags":{"wb_protected":true, "old":true, "long_lived":true, "marked":true}}
{"address":"0x7fcbb10ca3a8", "type":"ICLASS", "class":"0x7fcbb10e1698", "references":["0x7fcbb10e2c78"], "memsize":40, "flags":{"long_lived":true, "marked":true}}
{"address":"0x7fcbb10ca3d0", "type":"STRING", "class":"0x7fcbb10e0ef0", "frozen":true, "embedded":true, "bytesize":10, "value":"ARGF.class", "memsize":40, "flags":{"wb_protected":true, "old":true, "long_lived":true, "marked":true}}
{"address":"0x7fcbb10ca3f8", "type":"CLASS", "class":"0x7fcbb10e2bd8", "name":"ARGF.class", "references":["0x7fcbb10ca3f8", "0x7fcbb10ca3f8", "0x7fcbb10ca3f8", "0x7fcbb10ca3f8", "0x7fcbb10ca3f8", "0x7fcbb10ca3f8", "0x7fcbb10ca3f8", "0x7fcbb10ca3f8", "0x7fcbb10ca3f8", "0x7fcbb10ca3f8", "0x7fcbb10ca3f8", "0x7fcbb10ca3f8", "0x7fcbb10ca3f8", "0x7fcbb10ca3f8", "0x7fcbb10ca3f8", "0x7fcbb10ca3f8", "0x7fcbb10ca3f8", "0x7fcbb10ca3f8", "0x7fcbb10ca3f8", "0x7fcbb10ca3f8", "0x7fcbb10ca3f8", "0x7fcbb10ca3f8", "0x7fcbb10ca3f8", "0x7fcbb10ca3f8", "0x7fcbb10ca3f8", "0x7fcbb10ca3f8", "0x7fcbb10ca3f8", "0x7fcbb10ca3f8", "0x7fcbb10ca3f8", "0x7fcbb10ca3f8", "0x7fcbb10ca3f8", "0x7fcbb10ca3f8", "0x7fcbb10ca3f8", "0x7fcbb10ca3f8", "0x7fcbb10ca3f8", "0x7fcbb10ca3f8", "0x7fcbb10ca3f8", "0x7fcbb10ca3f8", "0x7fcbb10ca3f8", "0x7fcbb10ca3f8", "0x7fcbb10ca3f8", "0x7fcbb10ca3f8", "0x7fcbb10ca3f8", "0x7fcbb10ca3f8", "0x7fcbb10ca3f8", "0x7fcbb10ca3f8", "0x7fcbb10ca3f8", "0x7fcbb10ca3f8", "0x7fcbb10ca3f8", "0x7fcbb10ca3f8", "0x7fcbb10ca3f8", "0x7fcbb10ca3f8", "0x7fcbb10ca3f8", "0x7fcbb10ca3f8", "0x7fcbb10ca3f8", "0x7fcbb10ca3f8", "0x7fcbb10ca3d0", "0x7fcbb10ca3a8"], "memsize":3384, "flags":{"wb_protected":true, "old":true, "long_lived":true, "marked":true}}
{"address":"0x7fcbb10ca420", "type":"STRING", "class":"0x7fcbb10e0ef0", "frozen":true, "embedded":true, "fstring":true, "bytesize":6, "value":"STDERR", "encoding":"US-ASCII", "memsize":40, "flags":{"wb_protected":true, "old":true, "long_lived":true, "marked":true}}
{"address":"0x7fcbb10ca448", "type":"STRING", "class":"0x7fcbb10e0ef0", "frozen":true, "embedded":true, "fstring":true, "bytesize":6, "value":"STDOUT", "encoding":"US-ASCII", "memsize":40, "flags":{"wb_protected":true, "old":true, "long_lived":true, "marked":true}}
{"address":"0x7fcbb10ca470", "type":"STRING", "class":"0x7fcbb10e0ef0", "frozen":true, "embedded":true, "fstring":true, "bytesize":5, "value":"STDIN", "encoding":"US-ASCII", "memsize":40, "flags":{"wb_protected":true, "old":true, "long_lived":true, "marked":true}}
{"address":"0x7fcbb10ca498", "type":"STRING", "class":"0x7fcbb10e0ef0", "frozen":true, "embedded":true, "fstring":true, "bytesize":2, "value":"$>", "encoding":"US-ASCII", "memsize":40, "flags":{"wb_protected":true, "old":true, "long_lived":true, "marked":true}}
{"address":"0x7fcbb10ca4c0", "type":"STRING", "class":"0x7fcbb10e0ef0", "frozen":true, "embedded":true, "bytesize":8, "value":"<STDERR>", "memsize":40, "flags":{"wb_protected":true, "old":true, "long_lived":true, "marked":true}}
{"address":"0x7fcbb10ca4e8", "type":"FILE", "class":"0x7fcbb10cb3e8", "fd":2, "references":["0x7fcbb10ca4c0"], "memsize":240, "flags":{"long_lived":true, "marked":true}}
{"address":"0x7fcbb10ca510", "type":"STRING", "class":"0x7fcbb10e0ef0", "frozen":true, "embedded":true, "fstring":true, "bytesize":7, "value":"$stderr", "encoding":"US-ASCII", "memsize":40, "flags":{"wb_protected":true, "old":true, "long_lived":true, "marked":true}}
{"address":"0x7fcbb10ca538", "type":"STRING", "class":"0x7fcbb10e0ef0", "frozen":true, "embedded":true, "bytesize":8, "value":"<STDOUT>", "memsize":40, "flags":{"wb_protected":true, "old":true, "long_lived":true, "marked":true}}
{"address":"0x7fcbb10ca560", "type":"FILE", "class":"0x7fcbb10cb3e8", "fd":1, "references":["0x7fcbb10ca538"], "memsize":240, "flags":{"long_lived":true, "marked":true}}
{"address":"0x7fcbb10ca588", "type":"STRING", "class":"0x7fcbb10e0ef0", "frozen":true, "embedded":true, "fstring":true, "bytesize":7, "value":"$stdout", "encoding":"US-ASCII", "memsize":40, "flags":{"wb_protected":true, "old":true, "long_lived":true, "marked":true}}
{"address":"0x7fcbb10ca5b0", "type":"STRING", "class":"0x7fcbb10e0ef0", "frozen":true, "embedded":true, "bytesize":7, "value":"<STDIN>", "memsize":40, "flags":{"wb_protected":true, "old":true, "long_lived":true, "marked":true}}
{"address":"0x7fcbb10ca5d8", "type":"FILE", "class":"0x7fcbb10cb3e8", "fd":0, "references":["0x7fcbb10ca5b0"], "memsize":240, "flags":{"long_lived":true, "marked":true}}
{"address":"0x7fcbb10ca600", "type":"STRING", "class":"0x7fcbb10e0ef0", "frozen":true, "embedded":true, "fstring":true, "bytesize":6, "value":"$stdin", "encoding":"US-ASCII", "memsize":40, "flags":{"wb_protected":true, "old":true, "long_lived":true, "marked":true}}
{"address":"0x7fcbb10ca628", "type":"STRING", "class":"0x7fcbb10e0ef0", "frozen":true, "embedded":true, "fstring":true, "bytesize":10, "value":"autoclose=", "encoding":"US-ASCII", "memsize":40, "flags":{"wb_protected":true, "old":true, "long_lived":true, "marked":true}}
{"address":"0x7fcbb10ca650", "type":"STRING", "class":"0x7fcbb10e0ef0", "frozen":true, "embedded":true, "fstring":true, "bytesize":10, "value":"autoclose?", "encoding":"US-ASCII", "memsize":40, "flags":{"wb_protected":true, "old":true, "long_lived":true, "marked":true}}
{"address":"0x7fcbb10ca678", "type":"STRING", "class":"0x7fcbb10e0ef0", "frozen":true, "embedded":true, "fstring":true, "bytesize":17, "value":"internal_encoding", "encoding":"US-ASCII", "memsize":40, "flags":{"wb_protected":true, "old":true, "long_lived":true, "marked":true}}
{"address":"0x7fcbb10ca6a0", "type":"STRING", "class":"0x7fcbb10e0ef0", "frozen":true, "embedded":true, "fstring":true, "bytesize":17, "value":"external_encoding", "encoding":"US-ASCII", "memsize":40, "flags":{"wb_protected":true, "old":true, "long_lived":true, "marked":true}}
{"address":"0x7fcbb10ca6c8", "type":"STRING", "class":"0x7fcbb10e0ef0", "frozen":true, "embedded":true, "fstring":true, "bytesize":3, "value":"pid", "encoding":"US-ASCII", "memsize":40, "flags":{"wb_protected":true, "old":true, "long_lived":true, "marked":true}}
{"address":"0x7fcbb10ca6f0", "type":"STRING", "class":"0x7fcbb10e0ef0", "frozen":true, "embedded":true, "fstring":true, "bytesize":5, "value":"fcntl", "encoding":"US-ASCII", "memsize":40, "flags":{"wb_protected":true, "old":true, "long_lived":true, "marked":true}}
{"address":"0x7fcbb10ca718", "type":"STRING", "class":"0x7fcbb10e0ef0", "frozen":true, "embedded":true, "fstring":true, "bytesize":5, "value":"ioctl", "encoding":"US-ASCII", "memsize":40, "flags":{"wb_protected":true, "old":true, "long_lived":true, "marked":true}}
{"address":"0x7fcbb10ca740", "type":"STRING", "class":"0x7fcbb10e0ef0", "frozen":true, "embedded":true, "fstring":true, "bytesize":6, "value":"advise", "encoding":"US-ASCII", "memsize":40, "flags":{"wb_protected":true, "old":true, "long_lived":true, "marked":true}}
{"address":"0x7fcbb10ca768", "type":"STRING", "class":"0x7fcbb10e0ef0", "frozen":true, "embedded":true, "fstring":true, "bytesize":7, "value":"sysseek", "encoding":"US-ASCII", "memsize":40, "flags":{"wb_protected":true, "old":true, "long_lived":true, "marked":true}}
{"address":"0x7fcbb10ca790", "type":"STRING", "class":"0x7fcbb10e0ef0", "frozen":true, "embedded":true, "fstring":true, "bytesize":8, "value":"binmode?", "encoding":"US-ASCII", "memsize":40, "flags":{"wb_protected":true, "old":true, "long_lived":true, "marked":true}}
{"address":"0x7fcbb10ca7b8", "type":"STRING", "class":"0x7fcbb10e0ef0", "frozen":true, "embedded":true, "fstring":true, "bytesize":4, "value":"tty?", "encoding":"US-ASCII", "memsize":40, "flags":{"wb_protected":true, "old":true, "long_lived":true, "marked":true}}
{"address":"0x7fcbb10ca7e0", "type":"STRING", "class":"0x7fcbb10e0ef0", "frozen":true, "embedded":true, "fstring":true, "bytesize":6, "value":"isatty", "encoding":"US-ASCII", "memsize":40, "flags":{"wb_protected":true, "old":true, "long_lived":true, "marked":true}}
{"address":"0x7fcbb10ca808", "type":"STRING", "class":"0x7fcbb10e0ef0", "frozen":true, "embedded":true, "fstring":true, "bytesize":11, "value":"close_write", "encoding":"US-ASCII", "memsize":40, "flags":{"wb_protected":true, "old":true, "long_lived":true, "marked":true}}
{"address":"0x7fcbb10ca830", "type":"STRING", "class":"0x7fcbb10e0ef0", "frozen":true, "embedded":true, "fstring":true, "bytesize":10, "value":"close_read", "encoding":"US-ASCII", "memsize":40, "flags":{"wb_protected":true, "old":true, "long_lived":true, "marked":true}}
{"address":"0x7fcbb10ca858", "type":"STRING", "class":"0x7fcbb10e0ef0", "frozen":true, "embedded":true, "fstring":true, "bytesize":7, "value":"closed?", "encoding":"US-ASCII", "memsize":40, "flags":{"wb_protected":true, "old":true, "long_lived":true, "marked":true}}
{"address":"0x7fcbb10ca880", "type":"STRING", "class":"0x7fcbb10e0ef0", "frozen":true, "embedded":true, "fstring":true, "bytesize":5, "value":"close", "encoding":"US-ASCII", "memsize":40, "flags":{"wb_protected":true, "old":true, "long_lived":true, "marked":true}}
{"address":"0x7fcbb10ca8a8", "type":"STRING", "class":"0x7fcbb10e0ef0", "frozen":true, "embedded":true, "fstring":true, "bytesize":14, "value":"close_on_exec=", "encoding":"US-ASCII", "memsize":40, "flags":{"wb_protected":true, "old":true, "long_lived":true, "marked":true}}
{"address":"0x7fcbb10ca8d0", "type":"STRING", "class":"0x7fcbb10e0ef0", "frozen":true, "embedded":true, "fstring":true, "bytesize":14, "value":"close_on_exec?", "encoding":"US-ASCII", "memsize":40, "flags":{"wb_protected":true, "old":true, "long_lived":true, "marked":true}}
{"address":"0x7fcbb10ca8f8", "type":"STRING", "class":"0x7fcbb10e0ef0", "frozen":true, "embedded":true, "fstring":true, "bytesize":4, "value":"eof?", "encoding":"US-ASCII", "memsize":40, "flags":{"wb_protected":true, "old":true, "long_lived":true, "marked":true}}
{"address":"0x7fcbb10ca920", "type":"STRING", "class":"0x7fcbb10e0ef0", "frozen":true, "embedded":true, "fstring":true, "bytesize":3, "value":"eof", "encoding":"US-ASCII", "memsize":40, "flags":{"wb_protected":true, "old":true, "long_lived":true, "marked":true}}
{"address":"0x7fcbb10ca948", "type":"STRING", "class":"0x7fcbb10e0ef0", "frozen":true, "embedded":true, "fstring":true, "bytesize":4, "value":"pos=", "encoding":"US-ASCII", "memsize":40, "flags":{"wb_protected":true, "old":true, "long_lived":true, "marked":true}}
{"address":"0x7fcbb10ca970", "type":"STRING", "class":"0x7fcbb10e0ef0", "frozen":true, "embedded":true, "fstring":true, "bytesize":3, "value":"pos", "encoding":"US-ASCII", "memsize":40, "flags":{"wb_protected":true, "old":true, "long_lived":true, "marked":true}}
{"address":"0x7fcbb10ca998", "type":"STRING", "class":"0x7fcbb10e0ef0", "frozen":true, "embedded":true, "fstring":true, "bytesize":6, "value":"rewind", "encoding":"US-ASCII", "memsize":40, "flags":{"wb_protected":true, "old":true, "long_lived":true, "marked":true}}
{"address":"0x7fcbb10ca9c0", "type":"STRING", "class":"0x7fcbb10e0ef0", "frozen":true, "embedded":true, "fstring":true, "bytesize":8, "value":"SEEK_END", "encoding":"US-ASCII", "memsize":40, "flags":{"wb_protected":true, "old":true, "long_lived":true, "marked":true}}
{"address":"0x7fcbb10ca9e8", "type":"STRING", "class":"0x7fcbb10e0ef0", "frozen":true, "embedded":true, "fstring":true, "bytesize":8, "value":"SEEK_CUR", "encoding":"US-ASCII", "memsize":40, "flags":{"wb_protected":true, "old":true, "long_lived":true, "marked":true}}
{"address":"0x7fcbb10caa10", "type":"STRING", "class":"0x7fcbb10e0ef0", "frozen":true, "embedded":true, "fstring":true, "bytesize":8, "value":"SEEK_SET", "encoding":"US-ASCII", "memsize":40, "flags":{"wb_protected":true, "old":true, "long_lived":true, "marked":true}}
{"address":"0x7fcbb10caa38", "type":"STRING", "class":"0x7fcbb10e0ef0", "frozen":true, "embedded":true, "fstring":true, "bytesize":4, "value":"seek", "encoding":"US-ASCII", "memsize":40, "flags":{"wb_protected":true, "old":true, "long_lived":true, "marked":true}}
{"address":"0x7fcbb10caa60", "type":"STRING", "class":"0x7fcbb10e0ef0", "frozen":true, "embedded":true, "fstring":true, "bytesize":4, "value":"tell", "encoding":"US-ASCII", "memsize":40, "flags":{"wb_protected":true, "old":true, "long_lived":true, "marked":true}}
{"address":"0x7fcbb10caa88", "type":"STRING", "class":"0x7fcbb10e0ef0", "frozen":true, "embedded":true, "fstring":true, "bytesize":6, "value":"ungetc", "encoding":"US-ASCII", "memsize":40, "flags":{"wb_protected":true, "old":true, "long_lived":true, "marked":true}}
{"address":"0x7fcbb10caab0", "type":"STRING", "class":"0x7fcbb10e0ef0", "frozen":true, "embedded":true, "fstring":true, "bytesize":9, "value":"ungetbyte", "encoding":"US-ASCII", "memsize":40, "flags":{"wb_protected":true, "old":true, "long_lived":true, "marked":true}}
{"address":"0x7fcbb10caad8", "type":"STRING", "class":"0x7fcbb10e0ef0", "frozen":true, "embedded":true, "fstring":true, "bytesize":8, "value":"readbyte", "encoding":"US-ASCII", "memsize":40, "flags":{"wb_protected":true, "old":true, "long_lived":true, "marked":true}}
{"address":"0x7fcbb10cab00", "type":"STRING", "class":"0x7fcbb10e0ef0", "frozen":true, "embedded":true, "fstring":true, "bytesize":8, "value":"readchar", "encoding":"US-ASCII", "memsize":40, "flags":{"wb_protected":true, "old":true, "long_lived":true, "marked":true}}
{"address":"0x7fcbb10cab28", "type":"STRING", "class":"0x7fcbb10e0ef0", "frozen":true, "embedded":true, "fstring":true, "bytesize":14, "value":"write_nonblock", "encoding":"US-ASCII", "memsize":40, "flags":{"wb_protected":true, "old":true, "long_lived":true, "marked":true}}
{"address":"0x7fcbb10cab50", "type":"STRING", "class":"0x7fcbb10e0ef0", "frozen":true, "embedded":true, "fstring":true, "bytesize":13, "value":"read_nonblock", "encoding":"US-ASCII", "memsize":40, "flags":{"wb_protected":true, "old":true, "long_lived":true, "marked":true}}
{"address":"0x7fcbb10cab78", "type":"STRING", "class":"0x7fcbb10e0ef0", "frozen":true, "embedded":true, "fstring":true, "bytesize":7, "value":"lineno=", "encoding":"US-ASCII", "memsize":40, "flags":{"wb_protected":true, "old":true, "long_lived":true, "marked":true}}
{"address":"0x7fcbb10caba0", "type":"STRING", "class":"0x7fcbb10e0ef0", "frozen":true, "embedded":true, "fstring":true, "bytesize":6, "value":"lineno", "encoding":"US-ASCII", "memsize":40, "flags":{"wb_protected":true, "old":true, "long_lived":true, "marked":true}}
{"address":"0x7fcbb10cabc8", "type":"STRING", "class":"0x7fcbb10e0ef0", "frozen":true, "embedded":true, "fstring":true, "bytesize":5, "value":"sync=", "encoding":"US-ASCII", "memsize":40, "flags":{"wb_protected":true, "old":true, "long_lived":true, "marked":true}}
{"address":"0x7fcbb10cabf0", "type":"STRING", "class":"0x7fcbb10e0ef0", "frozen":true, "embedded":true, "fstring":true, "bytesize":4, "value":"sync", "encoding":"US-ASCII", "memsize":40, "flags":{"wb_protected":true, "old":true, "long_lived":true, "marked":true}}
{"address":"0x7fcbb10cac18", "type":"STRING", "class":"0x7fcbb10e0ef0", "frozen":true, "embedded":true, "fstring":true, "bytesize":9, "value":"fdatasync", "encoding":"US-ASCII", "memsize":40, "flags":{"wb_protected":true, "old":true, "long_lived":true, "marked":true}}
{"address":"0x7fcbb10cac40", "type":"STRING", "class":"0x7fcbb10e0ef0", "frozen":true, "embedded":true, "fstring":true, "bytesize":5, "value":"fsync", "encoding":"US-ASCII", "memsize":40, "flags":{"wb_protected":true, "old":true, "long_lived":true, "marked":true}}
{"address":"0x7fcbb10cac68", "type":"STRING", "class":"0x7fcbb10e0ef0", "frozen":true, "embedded":true, "fstring":true, "bytesize":6, "value":"fileno", "encoding":"US-ASCII", "memsize":40, "flags":{"wb_protected":true, "old":true, "long_lived":true, "marked":true}}
{"address":"0x7fcbb10cac90", "type":"STRING", "class":"0x7fcbb10e0ef0", "frozen":true, "embedded":true, "fstring":true, "bytesize":7, "value":"sysread", "encoding":"US-ASCII", "memsize":40, "flags":{"wb_protected":true, "old":true, "long_lived":true, "marked":true}}
{"address":"0x7fcbb10cacb8", "type":"STRING", "class":"0x7fcbb10e0ef0", "frozen":true, "embedded":true, "fstring":true, "bytesize":8, "value":"syswrite", "encoding":"US-ASCII", "memsize":40, "flags":{"wb_protected":true, "old":true, "long_lived":true, "marked":true}}
{"address":"0x7fcbb10cace0", "type":"STRING", "class":"0x7fcbb10e0ef0", "frozen":true, "embedded":true, "fstring":true, "bytesize":6, "value":"reopen", "encoding":"US-ASCII", "memsize":40, "flags":{"wb_protected":true, "old":true, "long_lived":true, "marked":true}}
{"address":"0x7fcbb10cad08", "type":"STRING", "class":"0x7fcbb10e0ef0", "frozen":true, "embedded":true, "fstring":true, "bytesize":2, "value":"$_", "encoding":"US-ASCII", "memsize":40, "flags":{"wb_protected":true, "old":true, "long_lived":true, "marked":true}}
{"address":"0x7fcbb10cad30", "type":"STRING", "class":"0x7fcbb10e0ef0", "frozen":true, "embedded":true, "fstring":true, "bytesize":2, "value":"$\\", "encoding":"US-ASCII", "memsize":40, "flags":{"wb_protected":true, "old":true, "long_lived":true, "marked":true}}
{"address":"0x7fcbb10cad58", "type":"STRING", "class":"0x7fcbb10e0ef0", "frozen":true, "embedded":true, "fstring":true, "bytesize":3, "value":"$-0", "encoding":"US-ASCII", "memsize":40, "flags":{"wb_protected":true, "old":true, "long_lived":true, "marked":true}}
{"address":"0x7fcbb10cad80", "type":"STRING", "class":"0x7fcbb10e0ef0", "frozen":true, "embedded":true, "fstring":true, "bytesize":2, "value":"$/", "encoding":"US-ASCII", "memsize":40, "flags":{"wb_protected":true, "old":true, "long_lived":true, "marked":true}}
{"address":"0x7fcbb10cada8", "type":"STRING", "class":"0x7fcbb10e0ef0", "frozen":true, "bytesize":1, "value":"\n", "encoding":"US-ASCII", "memsize":40, "flags":{"wb_protected":true, "old":true, "long_lived":true, "marked":true}}
{"address":"0x7fcbb10cadd0", "type":"STRING", "class":"0x7fcbb10e0ef0", "frozen":true, "embedded":true, "fstring":true, "bytesize":2, "value":"$,", "encoding":"US-ASCII", "memsize":40, "flags":{"wb_protected":true, "old":true, "long_lived":true, "marked":true}}
{"address":"0x7fcbb10cadf8", "type":"STRING", "class":"0x7fcbb10e0ef0", "frozen":true, "embedded":true, "fstring":true, "bytesize":11, "value":"copy_stream", "encoding":"US-ASCII", "memsize":40, "flags":{"wb_protected":true, "old":true, "long_lived":true, "marked":true}}
{"address":"0x7fcbb10cae20", "type":"STRING", "class":"0x7fcbb10e0ef0", "frozen":true, "embedded":true, "fstring":true, "bytesize":4, "value":"pipe", "encoding":"US-ASCII", "memsize":40, "flags":{"wb_protected":true, "old":true, "long_lived":true, "marked":true}}
{"address":"0x7fcbb10cae48", "type":"STRING", "class":"0x7fcbb10e0ef0", "frozen":true, "embedded":true, "fstring":true, "bytesize":8, "value":"binwrite", "encoding":"US-ASCII", "memsize":40, "flags":{"wb_protected":true, "old":true, "long_lived":true, "marked":true}}
{"address":"0x7fcbb10cae70", "type":"STRING", "class":"0x7fcbb10e0ef0", "frozen":true, "embedded":true, "fstring":true, "bytesize":7, "value":"binread", "encoding":"US-ASCII", "memsize":40, "flags":{"wb_protected":true, "old":true, "long_lived":true, "marked":true}}
{"address":"0x7fcbb10cae98", "type":"STRING", "class":"0x7fcbb10e0ef0", "frozen":true, "embedded":true, "fstring":true, "bytesize":7, "value":"foreach", "encoding":"US-ASCII", "memsize":40, "flags":{"wb_protected":true, "old":true, "long_lived":true, "marked":true}}
{"address":"0x7fcbb10caec0", "type":"STRING", "class":"0x7fcbb10e0ef0", "frozen":true, "embedded":true, "fstring":true, "bytesize":5, "value":"popen", "encoding":"US-ASCII", "memsize":40, "flags":{"wb_protected":true, "old":true, "long_lived":true, "marked":true}}
{"address":"0x7fcbb10caee8", "type":"STRING", "class":"0x7fcbb10e0ef0", "frozen":true, "embedded":true, "fstring":true, "bytesize":6, "value":"for_fd", "encoding":"US-ASCII", "memsize":40, "flags":{"wb_protected":true, "old":true, "long_lived":true, "marked":true}}
{"address":"0x7fcbb10caf10", "type":"STRING", "class":"0x7fcbb10e0ef0", "frozen":true, "embedded":true, "fstring":true, "bytesize":7, "value":"sysopen", "encoding":"US-ASCII", "memsize":40, "flags":{"wb_protected":true, "old":true, "long_lived":true, "marked":true}}
{"address":"0x7fcbb10caf38", "type":"ICLASS", "class":"0x7fcbb10cb2d0", "references":["0x7fcbb10cb2a8", "0x7fcbb10d26c0"], "memsize":40, "flags":{"long_lived":true, "marked":true}}
{"address":"0x7fcbb10caf60", "type":"STRING", "class":"0x7fcbb10e0ef0", "frozen":true, "bytesize":27, "capacity":46, "value":"IO::EINPROGRESSWaitWritable", "encoding":"US-ASCII", "memsize":87, "flags":{"wb_protected":true, "old":true, "long_lived":true, "marked":true}}
{"address":"0x7fcbb10caf88", "type":"CLASS", "class":"0x7fcbb10e2430", "name":"Class", "references":["0x7fcbb10cafb0", "0x7fcbb10d2698"], "memsize":712, "flags":{"wb_protected":true, "old":true, "long_lived":true, "marked":true}}
{"address":"0x7fcbb10cafb0", "type":"CLASS", "class":"0x7fcbb10caf88", "name":"IO::EINPROGRESSWaitWritable", "references":["0x7fcbb10caf60", "0x7fcbb10caf38"], "memsize":712, "flags":{"wb_protected":true, "old":true, "long_lived":true, "marked":true}}
{"address":"0x7fcbb10cafd8", "type":"STRING", "class":"0x7fcbb10e0ef0", "frozen":true, "embedded":true, "fstring":true, "bytesize":23, "value":"EINPROGRESSWaitWritable", "encoding":"US-ASCII", "memsize":40, "flags":{"wb_protected":true, "old":true, "long_lived":true, "marked":true}}
{"address":"0x7fcbb10cb000", "type":"ICLASS", "class":"0x7fcbb10cb348", "references":["0x7fcbb10cb320", "0x7fcbb10d26c0"], "memsize":40, "flags":{"long_lived":true, "marked":true}}
{"address":"0x7fcbb10cb028", "type":"STRING", "class":"0x7fcbb10e0ef0", "frozen":true, "bytesize":27, "capacity":46, "value":"IO::EINPROGRESSWaitReadable", "encoding":"US-ASCII", "memsize":87, "flags":{"wb_protected":true, "old":true, "long_lived":true, "marked":true}}
{"address":"0x7fcbb10cb050", "type":"CLASS", "class":"0x7fcbb10e2430", "name":"Class", "references":["0x7fcbb10cb078", "0x7fcbb10d2698"], "memsize":712, "flags":{"wb_protected":true, "old":true, "long_lived":true, "marked":true}}
{"address":"0x7fcbb10cb078", "type":"CLASS", "class":"0x7fcbb10cb050", "name":"IO::EINPROGRESSWaitReadable", "references":["0x7fcbb10cb028", "0x7fcbb10cb000"], "memsize":712, "flags":{"wb_protected":true, "old":true, "long_lived":true, "marked":true}}
{"address":"0x7fcbb10cb0a0", "type":"STRING", "class":"0x7fcbb10e0ef0", "frozen":true, "embedded":true, "fstring":true, "bytesize":23, "value":"EINPROGRESSWaitReadable", "encoding":"US-ASCII", "memsize":40, "flags":{"wb_protected":true, "old":true, "long_lived":true, "marked":true}}
{"address":"0x7fcbb10cb0c8", "type":"STRING", "class":"0x7fcbb10e0ef0", "frozen":true, "embedded":true, "fstring":true, "bytesize":23, "value":"EWOULDBLOCKWaitWritable", "encoding":"US-ASCII", "memsize":40, "flags":{"wb_protected":true, "old":true, "long_lived":true, "marked":true}}
{"address":"0x7fcbb10cb0f0", "type":"STRING", "class":"0x7fcbb10e0ef0", "frozen":true, "embedded":true, "fstring":true, "bytesize":23, "value":"EWOULDBLOCKWaitReadable", "encoding":"US-ASCII", "memsize":40, "flags":{"wb_protected":true, "old":true, "long_lived":true, "marked":true}}
{"address":"0x7fcbb10cb118", "type":"ICLASS", "class":"0x7fcbb10cb2d0", "references":["0x7fcbb10cb2a8", "0x7fcbb10d98a8"], "memsize":40, "flags":{"long_lived":true, "marked":true}}
{"address":"0x7fcbb10cb140", "type":"STRING", "class":"0x7fcbb10e0ef0", "frozen":true, "embedded":true, "bytesize":22, "value":"IO::EAGAINWaitWritable", "encoding":"US-ASCII", "memsize":40, "flags":{"wb_protected":true, "old":true, "long_lived":true, "marked":true}}
{"address":"0x7fcbb10cb168", "type":"CLASS", "class":"0x7fcbb10e2430", "name":"Class", "references":["0x7fcbb10cb190", "0x7fcbb10d9880"], "memsize":712, "flags":{"wb_protected":true, "old":true, "long_lived":true, "marked":true}}
{"address":"0x7fcbb10cb190", "type":"CLASS", "class":"0x7fcbb10cb168", "name":"IO::EAGAINWaitWritable", "references":["0x7fcbb10cb140", "0x7fcbb10cb118"], "memsize":712, "flags":{"wb_protected":true, "old":true, "long_lived":true, "marked":true}}
{"address":"0x7fcbb10cb1b8", "type":"STRING", "class":"0x7fcbb10e0ef0", "frozen":true, "embedded":true, "fstring":true, "bytesize":18, "value":"EAGAINWaitWritable", "encoding":"US-ASCII", "memsize":40, "flags":{"wb_protected":true, "old":true, "long_lived":true, "marked":true}}
{"address":"0x7fcbb10cb1e0", "type":"ICLASS", "class":"0x7fcbb10cb348", "references":["0x7fcbb10cb320", "0x7fcbb10d98a8"], "memsize":40, "flags":{"long_lived":true, "marked":true}}
{"address":"0x7fcbb10cb208", "type":"STRING", "class":"0x7fcbb10e0ef0", "frozen":true, "embedded":true, "bytesize":22, "value":"IO::EAGAINWaitReadable", "encoding":"US-ASCII", "memsize":40, "flags":{"wb_protected":true, "old":true, "long_lived":true, "marked":true}}
{"address":"0x7fcbb10cb230", "type":"CLASS", "class":"0x7fcbb10e2430", "name":"Class", "references":["0x7fcbb10cb258", "0x7fcbb10d9880"], "memsize":712, "flags":{"wb_protected":true, "old":true, "long_lived":true, "marked":true}}
{"address":"0x7fcbb10cb258", "type":"CLASS", "class":"0x7fcbb10cb230", "name":"IO::EAGAINWaitReadable", "references":["0x7fcbb10cb208", "0x7fcbb10cb1e0"], "memsize":712, "flags":{"wb_protected":true, "old":true, "long_lived":true, "marked":true}}
{"address":"0x7fcbb10cb280", "type":"STRING", "class":"0x7fcbb10e0ef0", "frozen":true, "embedded":true, "fstring":true, "bytesize":18, "value":"EAGAINWaitReadable", "encoding":"US-ASCII", "memsize":40, "flags":{"wb_protected":true, "old":true, "long_lived":true, "marked":true}}
{"address":"0x7fcbb10cb2a8", "type":"STRING", "class":"0x7fcbb10e0ef0", "frozen":true, "embedded":true, "bytesize":16, "value":"IO::WaitWritable", "encoding":"US-ASCII", "memsize":40, "flags":{"wb_protected":true, "old":true, "long_lived":true, "marked":true}}
{"address":"0x7fcbb10cb2d0", "type":"MODULE", "class":"0x7fcbb10e2c28", "name":"IO::WaitWritable", "references":["0x7fcbb10cb2a8"], "memsize":904, "flags":{"long_lived":true, "marked":true}}
{"address":"0x7fcbb10cb2f8", "type":"STRING", "class":"0x7fcbb10e0ef0", "frozen":true, "embedded":true, "fstring":true, "bytesize":12, "value":"WaitWritable", "encoding":"US-ASCII", "memsize":40, "flags":{"wb_protected":true, "old":true, "long_lived":true, "marked":true}}
{"address":"0x7fcbb10cb320", "type":"STRING", "class":"0x7fcbb10e0ef0", "frozen":true, "embedded":true, "bytesize":16, "value":"IO::WaitReadable", "encoding":"US-ASCII", "memsize":40, "flags":{"wb_protected":true, "old":true, "long_lived":true, "marked":true}}
{"address":"0x7fcbb10cb348", "type":"MODULE", "class":"0x7fcbb10e2c28", "name":"IO::WaitReadable", "references":["0x7fcbb10cb320"], "memsize":904, "flags":{"long_lived":true, "marked":true}}
{"address":"0x7fcbb10cb370", "type":"STRING", "class":"0x7fcbb10e0ef0", "frozen":true, "embedded":true, "fstring":true, "bytesize":12, "value":"WaitReadable", "encoding":"US-ASCII", "memsize":40, "flags":{"wb_protected":true, "old":true, "long_lived":true, "marked":true}}
{"address":"0x7fcbb10cb398", "type":"ICLASS", "class":"0x7fcbb10e1698", "references":["0x7fcbb10e2c78"], "memsize":40}
{"address":"0x7fcbb10cb3c0", "type":"CLASS", "class":"0x7fcbb10e2430", "name":"Class", "references":["0x7fcbb10cb3c0", "0x7fcbb10cb3c0", "0x7fcbb10cb3c0", "0x7fcbb10cb3c0", "0x7fcbb10cb3c0", "0x7fcbb10cb3c0", "0x7fcbb10cb3c0", "0x7fcbb10cb3c0", "0x7fcbb10cb3c0", "0x7fcbb10cb3c0", "0x7fcbb10cb3c0", "0x7fcbb10cb3c0", "0x7fcbb10cb3c0", "0x7fcbb10cb3c0", "0x7fcbb10cb3c0", "0x7fcbb10cb3e8", "0x7fcbb10e23e0"], "memsize":1416, "flags":{"wb_protected":true, "old":true, "long_lived":true, "marked":true}}
{"address":"0x7fcbb10cb3e8", "type":"CLASS", "class":"0x7fcbb10cb3c0", "name":"IO", "references":["0x7fcbb10cb3e8", "0x7fcbb10cb3e8", "0x7fcbb10cb3e8", "0x7fcbb10cb3e8", "0x7fcbb10cb3e8", "0x7fcbb10cb3e8", "0x7fcbb10cb3e8", "0x7fcbb10cb3e8", "0x7fcbb10cb3e8", "0x7fcbb10cb3e8", "0x7fcbb10cb3e8", "0x7fcbb10cb3e8", "0x7fcbb10cb3e8", "0x7fcbb10cb3e8", "0x7fcbb10cb3e8", "0x7fcbb10cb3e8", "0x7fcbb10cb3e8", "0x7fcbb10cb3e8", "0x7fcbb10cb3e8", "0x7fcbb10cb3e8", "0x7fcbb10cb3e8", "0x7fcbb10cb3e8", "0x7fcbb10cb3e8", "0x7fcbb10cb3e8", "0x7fcbb10cb3e8", "0x7fcbb10cb3e8", "0x7fcbb10cb3e8", "0x7fcbb10cb3e8", "0x7fcbb10cb3e8", "0x7fcbb10cb3e8", "0x7fcbb10cb3e8", "0x7fcbb10cb3e8", "0x7fcbb10cb3e8", "0x7fcbb10cb3e8", "0x7fcbb10cb3e8", "0x7fcbb10cb3e8", "0x7fcbb10cb3e8", "0x7fcbb10cb3e8", "0x7fcbb10cb3e8", "0x7fcbb10cb3e8", "0x7fcbb10cb3e8", "0x7fcbb10cb3e8", "0x7fcbb10cb3e8", "0x7fcbb10cb3e8", "0x7fcbb10cb3e8", "0x7fcbb10cb3e8", "0x7fcbb10cb3e8", "0x7fcbb10cb3e8", "0x7fcbb10cb3e8", "0x7fcbb10cb3e8", "0x7fcbb10cb3e8", "0x7fcbb10cb3e8", "0x7fcbb10cb3e8", "0x7fcbb10cb3e8", "0x7fcbb10cb3e8", "0x7fcbb10cb3e8", "0x7fcbb10cb3e8", "0x7fcbb10cb3e8", "0x7fcbb10cb3e8", "0x7fcbb10cb3e8", "0x7fcbb10cb3e8", "0x7fcbb10cb3e8", "0x7fcbb10cb3e8", "0x7fcbb10cb3e8", "0x7fcbb10cb3e8", "0x7fcbb10cb3e8", "0x7fcbb10cb3e8", "0x7fcbb10cb3e8", "0x7fcbb10cb3e8", "0x7fcbb10cb3e8", "0x7fcbb10cb3e8", "0x7fcbb10cb3e8", "0x7fcbb10cb410", "0x7fcbb10cb348", "0x7fcbb10cb2d0", "0x7fcbb10cb258", "0x7fcbb10cb190", "0x7fcbb10cb258", "0x7fcbb10cb190", "0x7fcbb10cb078", "0x7fcbb10cafb0", "0x7fcbb10c96b0"], "memsize":4856, "flags":{"wb_protected":true, "old":true, "long_lived":true, "marked":true}}
{"address":"0x7fcbb10cb410", "type":"STRING", "class":"0x7fcbb10e0ef0", "frozen":true, "embedded":true, "fstring":true, "bytesize":2, "value":"IO", "encoding":"US-ASCII", "memsize":40, "flags":{"wb_protected":true, "old":true, "long_lived":true, "marked":true}}
{"address":"0x7fcbb10cb438", "type":"STRING", "class":"0x7fcbb10e0ef0", "frozen":true, "embedded":true, "fstring":true, "bytesize":7, "value":"display", "encoding":"US-ASCII", "memsize":40, "flags":{"wb_protected":true, "old":true, "long_lived":true, "marked":true}}
{"address":"0x7fcbb10cb460", "type":"STRING", "class":"0x7fcbb10e0ef0", "frozen":true, "embedded":true, "fstring":true, "bytesize":1, "value":"p", "encoding":"US-ASCII", "memsize":40, "flags":{"wb_protected":true, "old":true, "long_lived":true, "marked":true}}
{"address":"0x7fcbb10cb488", "type":"STRING", "class":"0x7fcbb10e0ef0", "frozen":true, "embedded":true, "fstring":true, "bytesize":9, "value":"readlines", "encoding":"US-ASCII", "memsize":40, "flags":{"wb_protected":true, "old":true, "long_lived":true, "marked":true}}
{"address":"0x7fcbb10cb4b0", "type":"STRING", "class":"0x7fcbb10e0ef0", "frozen":true, "embedded":true, "fstring":true, "bytesize":8, "value":"readline", "encoding":"US-ASCII", "memsize":40, "flags":{"wb_protected":true, "old":true, "long_lived":true, "marked":true}}
{"address":"0x7fcbb10cb4d8", "type":"STRING", "class":"0x7fcbb10e0ef0", "frozen":true, "embedded":true, "fstring":true, "bytesize":4, "value":"puts", "encoding":"US-ASCII", "memsize":40, "flags":{"wb_protected":true, "old":true, "long_lived":true, "marked":true}}
{"address":"0x7fcbb10cb500", "type":"STRING", "class":"0x7fcbb10e0ef0", "frozen":true, "embedded":true, "fstring":true, "bytesize":4, "value":"putc", "encoding":"US-ASCII", "memsize":40, "flags":{"wb_protected":true, "old":true, "long_lived":true, "marked":true}}
{"address":"0x7fcbb10cb528", "type":"STRING", "class":"0x7fcbb10e0ef0", "frozen":true, "embedded":true, "fstring":true, "bytesize":5, "value":"print", "encoding":"US-ASCII", "memsize":40, "flags":{"wb_protected":true, "old":true, "long_lived":true, "marked":true}}
{"address":"0x7fcbb10cb550", "type":"STRING", "class":"0x7fcbb10e0ef0", "frozen":true, "embedded":true, "fstring":true, "bytesize":6, "value":"printf", "encoding":"US-ASCII", "memsize":40, "flags":{"wb_protected":true, "old":true, "long_lived":true, "marked":true}}
{"address":"0x7fcbb10cb578", "type":"STRING", "class":"0x7fcbb10e0ef0", "frozen":true, "embedded":true, "fstring":true, "bytesize":4, "value":"open", "encoding":"US-ASCII", "memsize":40, "flags":{"wb_protected":true, "old":true, "long_lived":true, "marked":true}}
{"address":"0x7fcbb10cb5a0", "type":"STRING", "class":"0x7fcbb10e0ef0", "frozen":true, "embedded":true, "fstring":true, "bytesize":7, "value":"syscall", "encoding":"US-ASCII", "memsize":40, "flags":{"wb_protected":true, "old":true, "long_lived":true, "marked":true}}
{"address":"0x7fcbb10cb5c8", "type":"STRING", "class":"0x7fcbb10e0ef0", "frozen":true, "embedded":true, "fstring":true, "bytesize":12, "value":"set_encoding", "encoding":"US-ASCII", "memsize":40, "flags":{"wb_protected":true, "old":true, "long_lived":true, "marked":true}}
{"address":"0x7fcbb10cb5f0", "type":"STRING", "class":"0x7fcbb10e0ef0", "frozen":true, "embedded":true, "fstring":true, "bytesize":11, "value":"readpartial", "encoding":"US-ASCII", "memsize":40, "flags":{"wb_protected":true, "old":true, "long_lived":true, "marked":true}}
{"address":"0x7fcbb10cb618", "type":"STRING", "class":"0x7fcbb10e0ef0", "frozen":true, "embedded":true, "fstring":true, "bytesize":5, "value":"flush", "encoding":"US-ASCII", "memsize":40, "flags":{"wb_protected":true, "old":true, "long_lived":true, "marked":true}}
{"address":"0x7fcbb10cb640", "type":"STRING", "class":"0x7fcbb10e0ef0", "frozen":true, "embedded":true, "fstring":true, "bytesize":4, "value":"getc", "encoding":"US-ASCII", "memsize":40, "flags":{"wb_protected":true, "old":true, "long_lived":true, "marked":true}}
{"address":"0x7fcbb10cb668", "type":"CLASS", "class":"0x7fcbb10e2430", "name":"Class", "references":["0x7fcbb10cb690", "0x7fcbb10cb6e0"], "memsize":712, "flags":{"wb_protected":true, "old":true, "long_lived":true, "marked":true}}
{"address":"0x7fcbb10cb690", "type":"CLASS", "class":"0x7fcbb10cb668", "name":"EOFError", "references":["0x7fcbb10cb6b8", "0x7fcbb10cb708"], "memsize":712, "flags":{"wb_protected":true, "old":true, "long_lived":true, "marked":true}}
{"address":"0x7fcbb10cb6b8", "type":"STRING", "class":"0x7fcbb10e0ef0", "frozen":true, "embedded":true, "fstring":true, "bytesize":8, "value":"EOFError", "encoding":"US-ASCII", "memsize":40, "flags":{"wb_protected":true, "old":true, "long_lived":true, "marked":true}}
{"address":"0x7fcbb10cb6e0", "type":"CLASS", "class":"0x7fcbb10e2430", "name":"Class", "references":["0x7fcbb10cb708", "0x7fcbb10dbc70"], "memsize":712, "flags":{"wb_protected":true, "old":true, "long_lived":true, "marked":true}}
{"address":"0x7fcbb10cb708", "type":"CLASS", "class":"0x7fcbb10cb6e0", "name":"IOError", "references":["0x7fcbb10cb730", "0x7fcbb10dbc98"], "memsize":904, "flags":{"wb_protected":true, "old":true, "long_lived":true, "marked":true}}
{"address":"0x7fcbb10cb730", "type":"STRING", "class":"0x7fcbb10e0ef0", "frozen":true, "embedded":true, "fstring":true, "bytesize":7, "value":"IOError", "encoding":"US-ASCII", "memsize":40, "flags":{"wb_protected":true, "old":true, "long_lived":true, "marked":true}}
{"address":"0x7fcbb10cb758", "type":"STRING", "class":"0x7fcbb10e0ef0", "frozen":true, "embedded":true, "fstring":true, "bytesize":6, "value":"cover?", "encoding":"US-ASCII", "memsize":40, "flags":{"wb_protected":true, "old":true, "long_lived":true, "marked":true}}
{"address":"0x7fcbb10cb780", "type":"STRING", "class":"0x7fcbb10e0ef0", "frozen":true, "embedded":true, "fstring":true, "bytesize":12, "value":"exclude_end?", "encoding":"US-ASCII", "memsize":40, "flags":{"wb_protected":true, "old":true, "long_lived":true, "marked":true}}
{"address":"0x7fcbb10cb7a8", "type":"ICLASS", "class":"0x7fcbb10e1698", "references":["0x7fcbb10e2c78"], "memsize":40, "flags":{"long_lived":true, "marked":true}}
{"address":"0x7fcbb10cb7d0", "type":"CLASS", "class":"0x7fcbb10e2430", "name":"Class", "references":["0x7fcbb10cb7f8", "0x7fcbb10e23e0"], "memsize":712, "flags":{"wb_protected":true, "old":true, "long_lived":true, "marked":true}}
{"address":"0x7fcbb10cb7f8", "type":"CLASS", "class":"0x7fcbb10cb7d0", "name":"Range", "references":["0x7fcbb10cb7f8", "0x7fcbb10cb7f8", "0x7fcbb10cb7f8", "0x7fcbb10cb7f8", "0x7fcbb10cb7f8", "0x7fcbb10cb7f8", "0x7fcbb10cb7f8", "0x7fcbb10cb7f8", "0x7fcbb10cb7f8", "0x7fcbb10cb7f8", "0x7fcbb10cb7f8", "0x7fcbb10cb7f8", "0x7fcbb10cb7f8", "0x7fcbb10cb7f8", "0x7fcbb10cb7f8", "0x7fcbb10cb7f8", "0x7fcbb10cb7f8", "0x7fcbb10cb7f8", "0x7fcbb10cb7f8", "0x7fcbb10cb7f8", "0x7fcbb10cb7f8", "0x7fcbb10cb7f8", "0x7fcbb10cb848", "0x7fcbb10cb820", "0x7fcbb10cb7a8"], "memsize":1752, "flags":{"wb_protected":true, "old":true, "long_lived":true, "marked":true}}
{"address":"0x7fcbb10cb820", "type":"STRING", "class":"0x7fcbb10e0ef0", "frozen":true, "embedded":true, "fstring":true, "bytesize":5, "value":"Range", "encoding":"US-ASCII", "memsize":40, "flags":{"wb_protected":true, "old":true, "long_lived":true, "marked":true}}
{"address":"0x7fcbb10cb848", "type":"ARRAY", "frozen":true, "length":3, "embedded":true, "memsize":40, "flags":{"wb_protected":true, "old":true, "long_lived":true, "marked":true}}
{"address":"0x7fcbb10cb870", "type":"STRING", "class":"0x7fcbb10e0ef0", "frozen":true, "embedded":true, "fstring":true, "bytesize":4, "value":"excl", "encoding":"US-ASCII", "memsize":40, "flags":{"wb_protected":true, "old":true, "long_lived":true, "marked":true}}
{"address":"0x7fcbb10cb898", "type":"DATA", "class":"0x7fcbb10e1e18", "references":["0x7fcbb10cb7f8", "0x7fcbb10e2c78", "0x7fcbb10c02e0", "0x7fcbb10d19a0", "0x7fcbb10b9b20", "0x7fcbb10b9a30", "0x7fcbb10b9850", "0x7fcbb10b9648"], "memsize":40, "flags":{"long_lived":true, "marked":true}}
{"address":"0x7fcbb10cb8c0", "type":"STRING", "class":"0x7fcbb10e0ef0", "frozen":true, "embedded":true, "fstring":true, "bytesize":13, "value":"MINOR_VERSION", "encoding":"US-ASCII", "memsize":40, "flags":{"wb_protected":true, "old":true, "long_lived":true, "marked":true}}
{"address":"0x7fcbb10cb8e8", "type":"STRING", "class":"0x7fcbb10e0ef0", "frozen":true, "embedded":true, "fstring":true, "bytesize":13, "value":"MAJOR_VERSION", "encoding":"US-ASCII", "memsize":40, "flags":{"wb_protected":true, "old":true, "long_lived":true, "marked":true}}
{"address":"0x7fcbb10cb910", "type":"STRING", "class":"0x7fcbb10e0ef0", "frozen":true, "embedded":true, "fstring":true, "bytesize":7, "value":"restore", "encoding":"US-ASCII", "memsize":40, "flags":{"wb_protected":true, "old":true, "long_lived":true, "marked":true}}
{"address":"0x7fcbb10cb938", "type":"STRING", "class":"0x7fcbb10e0ef0", "frozen":true, "embedded":true, "fstring":true, "bytesize":4, "value":"load", "encoding":"US-ASCII", "memsize":40, "flags":{"wb_protected":true, "old":true, "long_lived":true, "marked":true}}
{"address":"0x7fcbb10cb960", "type":"CLASS", "class":"0x7fcbb10e2408", "name":"Module", "references":["0x7fcbb10cb960", "0x7fcbb10cb960", "0x7fcbb10cb960", "0x7fcbb10cbac8", "0x7fcbb10e2c28"], "memsize":712, "flags":{"wb_protected":true, "old":true, "long_lived":true, "marked":true}}
{"address":"0x7fcbb10cb988", "type":"STRING", "class":"0x7fcbb10e0ef0", "frozen":true, "embedded":true, "fstring":true, "bytesize":7, "value":"binmode", "encoding":"US-ASCII", "memsize":40, "flags":{"wb_protected":true, "old":true, "long_lived":true, "marked":true}}
{"address":"0x7fcbb10cb9b0", "type":"STRING", "class":"0x7fcbb10e0ef0", "frozen":true, "embedded":true, "fstring":true, "bytesize":5, "value":"write", "encoding":"US-ASCII", "memsize":40, "flags":{"wb_protected":true, "old":true, "long_lived":true, "marked":true}}
{"address":"0x7fcbb10cb9d8", "type":"STRING", "class":"0x7fcbb10e0ef0", "frozen":true, "embedded":true, "fstring":true, "bytesize":4, "value":"read", "encoding":"US-ASCII", "memsize":40, "flags":{"wb_protected":true, "old":true, "long_lived":true, "marked":true}}
{"address":"0x7fcbb10cba00", "type":"STRING", "class":"0x7fcbb10e0ef0", "frozen":true, "embedded":true, "fstring":true, "bytesize":6, "value":"_alloc", "encoding":"US-ASCII", "memsize":40, "flags":{"wb_protected":true, "old":true, "long_lived":true, "marked":true}}
{"address":"0x7fcbb10cba28", "type":"STRING", "class":"0x7fcbb10e0ef0", "frozen":true, "embedded":true, "fstring":true, "bytesize":10, "value":"_load_data", "encoding":"US-ASCII", "memsize":40, "flags":{"wb_protected":true, "old":true, "long_lived":true, "marked":true}}
{"address":"0x7fcbb10cba50", "type":"STRING", "class":"0x7fcbb10e0ef0", "frozen":true, "embedded":true, "fstring":true, "bytesize":10, "value":"_dump_data", "encoding":"US-ASCII", "memsize":40, "flags":{"wb_protected":true, "old":true, "long_lived":true, "marked":true}}
{"address":"0x7fcbb10cba78", "type":"STRING", "class":"0x7fcbb10e0ef0", "frozen":true, "embedded":true, "fstring":true, "bytesize":12, "value":"marshal_load", "encoding":"US-ASCII", "memsize":40, "flags":{"wb_protected":true, "old":true, "long_lived":true, "marked":true}}
{"address":"0x7fcbb10cbaa0", "type":"STRING", "class":"0x7fcbb10e0ef0", "frozen":true, "embedded":true, "fstring":true, "bytesize":12, "value":"marshal_dump", "encoding":"US-ASCII", "memsize":40, "flags":{"wb_protected":true, "old":true, "long_lived":true, "marked":true}}
{"address":"0x7fcbb10cbac8", "type":"MODULE", "class":"0x7fcbb10cb960", "name":"Marshal", "references":["0x7fcbb10cbac8", "0x7fcbb10cbac8", "0x7fcbb10cbac8", "0x7fcbb10cbaf0"], "memsize":904, "flags":{"wb_protected":true, "old":true, "long_lived":true, "marked":true}}
{"address":"0x7fcbb10cbaf0", "type":"STRING", "class":"0x7fcbb10e0ef0", "frozen":true, "embedded":true, "fstring":true, "bytesize":7, "value":"Marshal", "encoding":"US-ASCII", "memsize":40, "flags":{"wb_protected":true, "old":true, "long_lived":true, "marked":true}}
{"address":"0x7fcbb10cbb18", "type":"STRING", "class":"0x7fcbb10e0ef0", "frozen":true, "embedded":true, "fstring":true, "bytesize":17, "value":"incomplete_input?", "encoding":"US-ASCII", "memsize":40, "flags":{"wb_protected":true, "old":true, "long_lived":true, "marked":true}}
{"address":"0x7fcbb10cbb40", "type":"STRING", "class":"0x7fcbb10e0ef0", "frozen":true, "embedded":true, "fstring":true, "bytesize":15, "value":"readagain_bytes", "encoding":"US-ASCII", "memsize":40, "flags":{"wb_protected":true, "old":true, "long_lived":true, "marked":true}}
{"address":"0x7fcbb10cbb68", "type":"STRING", "class":"0x7fcbb10e0ef0", "frozen":true, "embedded":true, "fstring":true, "bytesize":11, "value":"error_bytes", "encoding":"US-ASCII", "memsize":40, "flags":{"wb_protected":true, "old":true, "long_lived":true, "marked":true}}
{"address":"0x7fcbb10cbb90", "type":"STRING", "class":"0x7fcbb10e0ef0", "frozen":true, "embedded":true, "fstring":true, "bytesize":10, "value":"error_char", "encoding":"US-ASCII", "memsize":40, "flags":{"wb_protected":true, "old":true, "long_lived":true, "marked":true}}
{"address":"0x7fcbb10cbbb8", "type":"STRING", "class":"0x7fcbb10e0ef0", "frozen":true, "fstring":true, "bytesize":25, "value":"destination_encoding_name", "encoding":"US-ASCII", "memsize":66, "flags":{"wb_protected":true, "old":true, "long_lived":true, "marked":true}}
{"address":"0x7fcbb10cbbe0", "type":"STRING", "class":"0x7fcbb10e0ef0", "frozen":true, "embedded":true, "fstring":true, "bytesize":20, "value":"source_encoding_name", "encoding":"US-ASCII", "memsize":40, "flags":{"wb_protected":true, "old":true, "long_lived":true, "marked":true}}
{"address":"0x7fcbb10cbc08", "type":"STRING", "class":"0x7fcbb10e0ef0", "frozen":true, "fstring":true, "bytesize":24, "value":"XML_ATTR_QUOTE_DECORATOR", "encoding":"US-ASCII", "memsize":65, "flags":{"wb_protected":true, "old":true, "long_lived":true, "marked":true}}
{"address":"0x7fcbb10cbc30", "type":"STRING", "class":"0x7fcbb10e0ef0", "frozen":true, "fstring":true, "bytesize":26, "value":"XML_ATTR_CONTENT_DECORATOR", "encoding":"US-ASCII", "memsize":67, "flags":{"wb_protected":true, "old":true, "long_lived":true, "marked":true}}
{"address":"0x7fcbb10cbc58", "type":"STRING", "class":"0x7fcbb10e0ef0", "frozen":true, "embedded":true, "fstring":true, "bytesize":18, "value":"XML_TEXT_DECORATOR", "encoding":"US-ASCII", "memsize":40, "flags":{"wb_protected":true, "old":true, "long_lived":true, "marked":true}}
{"address":"0x7fcbb10cbc80", "type":"STRING", "class":"0x7fcbb10e0ef0", "frozen":true, "embedded":true, "fstring":true, "bytesize":20, "value":"CR_NEWLINE_DECORATOR", "encoding":"US-ASCII", "memsize":40, "flags":{"wb_protected":true, "old":true, "long_lived":true, "marked":true}}
{"address":"0x7fcbb10cbca8", "type":"STRING", "class":"0x7fcbb10e0ef0", "frozen":true, "embedded":true, "fstring":true, "bytesize":22, "value":"CRLF_NEWLINE_DECORATOR", "encoding":"US-ASCII", "memsize":40, "flags":{"wb_protected":true, "old":true, "long_lived":true, "marked":true}}
{"address":"0x7fcbb10cbcd0", "type":"STRING", "class":"0x7fcbb10e0ef0", "frozen":true, "fstring":true, "bytesize":27, "value":"UNIVERSAL_NEWLINE_DECORATOR", "encoding":"US-ASCII", "memsize":68, "flags":{"wb_protected":true, "old":true, "long_lived":true, "marked":true}}
{"address":"0x7fcbb10cbcf8", "type":"STRING", "class":"0x7fcbb10e0ef0", "frozen":true, "embedded":true, "fstring":true, "bytesize":12, "value":"AFTER_OUTPUT", "encoding":"US-ASCII", "memsize":40, "flags":{"wb_protected":true, "old":true, "long_lived":true, "marked":true}}
{"address":"0x7fcbb10cbd20", "type":"STRING", "class":"0x7fcbb10e0ef0", "frozen":true, "embedded":true, "fstring":true, "bytesize":13, "value":"PARTIAL_INPUT", "encoding":"US-ASCII", "memsize":40, "flags":{"wb_protected":true, "old":true, "long_lived":true, "marked":true}}
{"address":"0x7fcbb10cbd48", "type":"STRING", "class":"0x7fcbb10e0ef0", "frozen":true, "embedded":true, "fstring":true, "bytesize":17, "value":"UNDEF_HEX_CHARREF", "encoding":"US-ASCII", "memsize":40, "flags":{"wb_protected":true, "old":true, "long_lived":true, "marked":true}}
{"address":"0x7fcbb10cbd70", "type":"STRING", "class":"0x7fcbb10e0ef0", "frozen":true, "embedded":true, "fstring":true, "bytesize":13, "value":"UNDEF_REPLACE", "encoding":"US-ASCII", "memsize":40, "flags":{"wb_protected":true, "old":true, "long_lived":true, "marked":true}}
{"address":"0x7fcbb10cbd98", "type":"STRING", "class":"0x7fcbb10e0ef0", "frozen":true, "embedded":true, "fstring":true, "bytesize":10, "value":"UNDEF_MASK", "encoding":"US-ASCII", "memsize":40, "flags":{"wb_protected":true, "old":true, "long_lived":true, "marked":true}}
{"address":"0x7fcbb10cbdc0", "type":"STRING", "class":"0x7fcbb10e0ef0", "frozen":true, "embedded":true, "fstring":true, "bytesize":15, "value":"INVALID_REPLACE", "encoding":"US-ASCII", "memsize":40, "flags":{"wb_protected":true, "old":true, "long_lived":true, "marked":true}}
{"address":"0x7fcbb10cbde8", "type":"STRING", "class":"0x7fcbb10e0ef0", "frozen":true, "embedded":true, "fstring":true, "bytesize":12, "value":"INVALID_MASK", "encoding":"US-ASCII", "memsize":40, "flags":{"wb_protected":true, "old":true, "long_lived":true, "marked":true}}
{"address":"0x7fcbb10cbe10", "type":"STRING", "class":"0x7fcbb10e0ef0", "frozen":true, "embedded":true, "fstring":true, "bytesize":12, "value":"replacement=", "encoding":"US-ASCII", "memsize":40, "flags":{"wb_protected":true, "old":true, "long_lived":true, "marked":true}}
{"address":"0x7fcbb10cbe38", "type":"STRING", "class":"0x7fcbb10e0ef0", "frozen":true, "embedded":true, "fstring":true, "bytesize":11, "value":"replacement", "encoding":"US-ASCII", "memsize":40, "flags":{"wb_protected":true, "old":true, "long_lived":true, "marked":true}}
{"address":"0x7fcbb10cbe60", "type":"STRING", "class":"0x7fcbb10e0ef0", "frozen":true, "embedded":true, "fstring":true, "bytesize":10, "value":"last_error", "encoding":"US-ASCII", "memsize":40, "flags":{"wb_protected":true, "old":true, "long_lived":true, "marked":true}}
{"address":"0x7fcbb10cbe88", "type":"STRING", "class":"0x7fcbb10e0ef0", "frozen":true, "embedded":true, "fstring":true, "bytesize":7, "value":"putback", "encoding":"US-ASCII", "memsize":40, "flags":{"wb_protected":true, "old":true, "long_lived":true, "marked":true}}
{"address":"0x7fcbb10cbeb0", "type":"STRING", "class":"0x7fcbb10e0ef0", "frozen":true, "embedded":true, "fstring":true, "bytesize":13, "value":"insert_output", "encoding":"US-ASCII", "memsize":40, "flags":{"wb_protected":true, "old":true, "long_lived":true, "marked":true}}
{"address":"0x7fcbb10cbed8", "type":"STRING", "class":"0x7fcbb10e0ef0", "frozen":true, "embedded":true, "fstring":true, "bytesize":17, "value":"primitive_errinfo", "encoding":"US-ASCII", "memsize":40, "flags":{"wb_protected":true, "old":true, "long_lived":true, "marked":true}}
{"address":"0x7fcbb10cbf00", "type":"STRING", "class":"0x7fcbb10e0ef0", "frozen":true, "embedded":true, "fstring":true, "bytesize":6, "value":"finish", "encoding":"US-ASCII", "memsize":40, "flags":{"wb_protected":true, "old":true, "long_lived":true, "marked":true}}
{"address":"0x7fcbb10cbf28", "type":"STRING", "class":"0x7fcbb10e0ef0", "frozen":true, "embedded":true, "fstring":true, "bytesize":7, "value":"convert", "encoding":"US-ASCII", "memsize":40, "flags":{"wb_protected":true, "old":true, "long_lived":true, "marked":true}}
{"address":"0x7fcbb10cbf50", "type":"STRING", "class":"0x7fcbb10e0ef0", "frozen":true, "embedded":true, "fstring":true, "bytesize":17, "value":"primitive_convert", "encoding":"US-ASCII", "memsize":40, "flags":{"wb_protected":true, "old":true, "long_lived":true, "marked":true}}
{"address":"0x7fcbb10cbf78", "type":"STRING", "class":"0x7fcbb10e0ef0", "frozen":true, "embedded":true, "fstring":true, "bytesize":20, "value":"destination_encoding", "encoding":"US-ASCII", "memsize":40, "flags":{"wb_protected":true, "old":true, "long_lived":true, "marked":true}}
{"address":"0x7fcbb10cbfa0", "type":"STRING", "class":"0x7fcbb10e0ef0", "frozen":true, "embedded":true, "fstring":true, "bytesize":15, "value":"source_encoding", "encoding":"US-ASCII", "memsize":40, "flags":{"wb_protected":true, "old":true, "long_lived":true, "marked":true}}
{"address":"0x7fcbb10d0028", "type":"STRING", "class":"0x7fcbb10e0ef0", "frozen":true, "embedded":true, "fstring":true, "bytesize":8, "value":"convpath", "encoding":"US-ASCII", "memsize":40, "flags":{"wb_protected":true, "old":true, "long_lived":true, "marked":true}}
{"address":"0x7fcbb10d0050", "type":"STRING", "class":"0x7fcbb10e0ef0", "frozen":true, "embedded":true, "fstring":true, "bytesize":15, "value":"search_convpath", "encoding":"US-ASCII", "memsize":40, "flags":{"wb_protected":true, "old":true, "long_lived":true, "marked":true}}
{"address":"0x7fcbb10d0078", "type":"STRING", "class":"0x7fcbb10e0ef0", "frozen":true, "embedded":true, "fstring":true, "bytesize":20, "value":"asciicompat_encoding", "encoding":"US-ASCII", "memsize":40, "flags":{"wb_protected":true, "old":true, "long_lived":true, "marked":true}}
{"address":"0x7fcbb10d00a0", "type":"STRING", "class":"0x7fcbb10e0ef0", "frozen":true, "embedded":true, "bytesize":19, "value":"Encoding::Converter", "encoding":"US-ASCII", "memsize":40, "flags":{"wb_protected":true, "old":true, "long_lived":true, "marked":true}}
{"address":"0x7fcbb10d00c8", "type":"CLASS", "class":"0x7fcbb10e2430", "name":"Class", "references":["0x7fcbb10d00c8", "0x7fcbb10d00c8", "0x7fcbb10d00f0", "0x7fcbb10e1df0"], "memsize":712, "flags":{"wb_protected":true, "old":true, "long_lived":true, "marked":true}}
{"address":"0x7fcbb10d00f0", "type":"CLASS", "class":"0x7fcbb10d00c8", "name":"Encoding::Converter", "references":["0x7fcbb10d00f0", "0x7fcbb10d00f0", "0x7fcbb10d00f0", "0x7fcbb10d00f0", "0x7fcbb10d00f0", "0x7fcbb10d00f0", "0x7fcbb10d00f0", "0x7fcbb10d00f0", "0x7fcbb10d00f0", "0x7fcbb10d00f0", "0x7fcbb10d00f0", "0x7fcbb10d00f0", "0x7fcbb10d00f0", "0x7fcbb10d00f0", "0x7fcbb10d00f0", "0x7fcbb10d00a0", "0x7fcbb10e1e18"], "memsize":2216, "flags":{"wb_protected":true, "old":true, "long_lived":true, "marked":true}}
{"address":"0x7fcbb10d0118", "type":"STRING", "class":"0x7fcbb10e0ef0", "frozen":true, "embedded":true, "fstring":true, "bytesize":9, "value":"Converter", "encoding":"US-ASCII", "memsize":40, "flags":{"wb_protected":true, "old":true, "long_lived":true, "marked":true}}
{"address":"0x7fcbb10d0140", "type":"STRING", "class":"0x7fcbb10e0ef0", "frozen":true, "embedded":true, "fstring":true, "bytesize":7, "value":"encode!", "encoding":"US-ASCII", "memsize":40, "flags":{"wb_protected":true, "old":true, "long_lived":true, "marked":true}}
{"address":"0x7fcbb10d0168", "type":"STRING", "class":"0x7fcbb10e0ef0", "frozen":true, "embedded":true, "fstring":true, "bytesize":6, "value":"encode", "encoding":"US-ASCII", "memsize":40, "flags":{"wb_protected":true, "old":true, "long_lived":true, "marked":true}}
{"address":"0x7fcbb10d0190", "type":"STRING", "class":"0x7fcbb10e0ef0", "frozen":true, "bytesize":32, "capacity":46, "value":"Encoding::ConverterNotFoundError", "encoding":"US-ASCII", "memsize":87, "flags":{"wb_protected":true, "old":true, "long_lived":true, "marked":true}}
{"address":"0x7fcbb10d01b8", "type":"CLASS", "class":"0x7fcbb10e2430", "name":"Class", "references":["0x7fcbb10d01e0", "0x7fcbb10db450"], "memsize":712, "flags":{"wb_protected":true, "old":true, "long_lived":true, "marked":true}}
{"address":"0x7fcbb10d01e0", "type":"CLASS", "class":"0x7fcbb10d01b8", "name":"Encoding::ConverterNotFoundError", "references":["0x7fcbb10d0190", "0x7fcbb10db478"], "memsize":712, "flags":{"wb_protected":true, "old":true, "long_lived":true, "marked":true}}
{"address":"0x7fcbb10d0208", "type":"STRING", "class":"0x7fcbb10e0ef0", "frozen":true, "embedded":true, "fstring":true, "bytesize":22, "value":"ConverterNotFoundError", "encoding":"US-ASCII", "memsize":40, "flags":{"wb_protected":true, "old":true, "long_lived":true, "marked":true}}
{"address":"0x7fcbb10d0230", "type":"STRING", "class":"0x7fcbb10e0ef0", "frozen":true, "bytesize":34, "capacity":46, "value":"Encoding::InvalidByteSequenceError", "encoding":"US-ASCII", "memsize":87, "flags":{"wb_protected":true, "old":true, "long_lived":true, "marked":true}}
{"address":"0x7fcbb10d0258", "type":"CLASS", "class":"0x7fcbb10e2430", "name":"Class", "references":["0x7fcbb10d0280", "0x7fcbb10db450"], "memsize":712, "flags":{"wb_protected":true, "old":true, "long_lived":true, "marked":true}}
{"address":"0x7fcbb10d0280", "type":"CLASS", "class":"0x7fcbb10d0258", "name":"Encoding::InvalidByteSequenceError", "references":["0x7fcbb10d0280", "0x7fcbb10d0280", "0x7fcbb10d0280", "0x7fcbb10d0280", "0x7fcbb10d0280", "0x7fcbb10d0280", "0x7fcbb10d0280", "0x7fcbb10d0230", "0x7fcbb10db478"], "memsize":1032, "flags":{"wb_protected":true, "old":true, "long_lived":true, "marked":true}}
{"address":"0x7fcbb10d02a8", "type":"STRING", "class":"0x7fcbb10e0ef0", "frozen":true, "fstring":true, "bytesize":24, "value":"InvalidByteSequenceError", "encoding":"US-ASCII", "memsize":65, "flags":{"wb_protected":true, "old":true, "long_lived":true, "marked":true}}
{"address":"0x7fcbb10d02d0", "type":"STRING", "class":"0x7fcbb10e0ef0", "frozen":true, "bytesize":34, "capacity":46, "value":"Encoding::UndefinedConversionError", "encoding":"US-ASCII", "memsize":87, "flags":{"wb_protected":true, "old":true, "long_lived":true, "marked":true}}
{"address":"0x7fcbb10d02f8", "type":"CLASS", "class":"0x7fcbb10e2430", "name":"Class", "references":["0x7fcbb10d0320", "0x7fcbb10db450"], "memsize":712, "flags":{"wb_protected":true, "old":true, "long_lived":true, "marked":true}}
{"address":"0x7fcbb10d0320", "type":"CLASS", "class":"0x7fcbb10d02f8", "name":"Encoding::UndefinedConversionError", "references":["0x7fcbb10d0320", "0x7fcbb10d0320", "0x7fcbb10d0320", "0x7fcbb10d0320", "0x7fcbb10d0320", "0x7fcbb10d02d0", "0x7fcbb10db478"], "memsize":712, "flags":{"wb_protected":true, "old":true, "long_lived":true, "marked":true}}
{"address":"0x7fcbb10d0348", "type":"STRING", "class":"0x7fcbb10e0ef0", "frozen":true, "fstring":true, "bytesize":24, "value":"UndefinedConversionError", "encoding":"US-ASCII", "memsize":65, "flags":{"wb_protected":true, "old":true, "long_lived":true, "marked":true}}
{"address":"0x7fcbb10d0370", "type":"STRING", "class":"0x7fcbb10e0ef0", "frozen":true, "embedded":true, "fstring":true, "bytesize":2, "value":"lf", "encoding":"US-ASCII", "memsize":40, "flags":{"wb_protected":true, "old":true, "long_lived":true, "marked":true}}
{"address":"0x7fcbb10d0398", "type":"STRING", "class":"0x7fcbb10e0ef0", "frozen":true, "embedded":true, "fstring":true, "bytesize":2, "value":"cr", "encoding":"US-ASCII", "memsize":40, "flags":{"wb_protected":true, "old":true, "long_lived":true, "marked":true}}
{"address":"0x7fcbb10d03c0", "type":"STRING", "class":"0x7fcbb10e0ef0", "frozen":true, "embedded":true, "fstring":true, "bytesize":4, "value":"crlf", "encoding":"US-ASCII", "memsize":40, "flags":{"wb_protected":true, "old":true, "long_lived":true, "marked":true}}
{"address":"0x7fcbb10d03e8", "type":"STRING", "class":"0x7fcbb10e0ef0", "frozen":true, "embedded":true, "fstring":true, "bytesize":9, "value":"universal", "encoding":"US-ASCII", "memsize":40, "flags":{"wb_protected":true, "old":true, "long_lived":true, "marked":true}}
{"address":"0x7fcbb10d0410", "type":"STRING", "class":"0x7fcbb10e0ef0", "frozen":true, "embedded":true, "fstring":true, "bytesize":7, "value":"newline", "encoding":"US-ASCII", "memsize":40, "flags":{"wb_protected":true, "old":true, "long_lived":true, "marked":true}}
{"address":"0x7fcbb10d0438", "type":"STRING", "class":"0x7fcbb10e0ef0", "frozen":true, "embedded":true, "fstring":true, "bytesize":13, "value":"partial_input", "encoding":"US-ASCII", "memsize":40, "flags":{"wb_protected":true, "old":true, "long_lived":true, "marked":true}}
{"address":"0x7fcbb10d0460", "type":"STRING", "class":"0x7fcbb10e0ef0", "frozen":true, "embedded":true, "fstring":true, "bytesize":10, "value":"cr_newline", "encoding":"US-ASCII", "memsize":40, "flags":{"wb_protected":true, "old":true, "long_lived":true, "marked":true}}
{"address":"0x7fcbb10d0488", "type":"STRING", "class":"0x7fcbb10e0ef0", "frozen":true, "embedded":true, "fstring":true, "bytesize":12, "value":"crlf_newline", "encoding":"US-ASCII", "memsize":40, "flags":{"wb_protected":true, "old":true, "long_lived":true, "marked":true}}
{"address":"0x7fcbb10d04b0", "type":"STRING", "class":"0x7fcbb10e0ef0", "frozen":true, "embedded":true, "fstring":true, "bytesize":17, "value":"universal_newline", "encoding":"US-ASCII", "memsize":40, "flags":{"wb_protected":true, "old":true, "long_lived":true, "marked":true}}
{"address":"0x7fcbb10d04d8", "type":"STRING", "class":"0x7fcbb10e0ef0", "frozen":true, "embedded":true, "fstring":true, "bytesize":16, "value":"incomplete_input", "encoding":"US-ASCII", "memsize":40, "flags":{"wb_protected":true, "old":true, "long_lived":true, "marked":true}}
{"address":"0x7fcbb10d0500", "type":"STRING", "class":"0x7fcbb10e0ef0", "frozen":true, "embedded":true, "fstring":true, "bytesize":12, "value":"after_output", "encoding":"US-ASCII", "memsize":40, "flags":{"wb_protected":true, "old":true, "long_lived":true, "marked":true}}
{"address":"0x7fcbb10d0528", "type":"STRING", "class":"0x7fcbb10e0ef0", "frozen":true, "embedded":true, "fstring":true, "bytesize":8, "value":"finished", "encoding":"US-ASCII", "memsize":40, "flags":{"wb_protected":true, "old":true, "long_lived":true, "marked":true}}
{"address":"0x7fcbb10d0550", "type":"STRING", "class":"0x7fcbb10e0ef0", "frozen":true, "embedded":true, "fstring":true, "bytesize":19, "value":"source_buffer_empty", "encoding":"US-ASCII", "memsize":40, "flags":{"wb_protected":true, "old":true, "long_lived":true, "marked":true}}
{"address":"0x7fcbb10d0578", "type":"STRING", "class":"0x7fcbb10e0ef0", "frozen":true, "embedded":true, "fstring":true, "bytesize":23, "value":"destination_buffer_full", "encoding":"US-ASCII", "memsize":40, "flags":{"wb_protected":true, "old":true, "long_lived":true, "marked":true}}
{"address":"0x7fcbb10d05a0", "type":"STRING", "class":"0x7fcbb10e0ef0", "frozen":true, "embedded":true, "fstring":true, "bytesize":20, "value":"undefined_conversion", "encoding":"US-ASCII", "memsize":40, "flags":{"wb_protected":true, "old":true, "long_lived":true, "marked":true}}
{"address":"0x7fcbb10d05c8", "type":"STRING", "class":"0x7fcbb10e0ef0", "frozen":true, "embedded":true, "fstring":true, "bytesize":21, "value":"invalid_byte_sequence", "encoding":"US-ASCII", "memsize":40, "flags":{"wb_protected":true, "old":true, "long_lived":true, "marked":true}}
{"address":"0x7fcbb10d05f0", "type":"STRING", "class":"0x7fcbb10e0ef0", "frozen":true, "embedded":true, "fstring":true, "bytesize":4, "value":"text", "encoding":"US-ASCII", "memsize":40, "flags":{"wb_protected":true, "old":true, "long_lived":true, "marked":true}}
{"address":"0x7fcbb10d0618", "type":"STRING", "class":"0x7fcbb10e0ef0", "frozen":true, "embedded":true, "fstring":true, "bytesize":3, "value":"xml", "encoding":"US-ASCII", "memsize":40, "flags":{"wb_protected":true, "old":true, "long_lived":true, "marked":true}}
{"address":"0x7fcbb10d0640", "type":"STRING", "class":"0x7fcbb10e0ef0", "frozen":true, "embedded":true, "fstring":true, "bytesize":8, "value":"fallback", "encoding":"US-ASCII", "memsize":40, "flags":{"wb_protected":true, "old":true, "long_lived":true, "marked":true}}
{"address":"0x7fcbb10d0668", "type":"STRING", "class":"0x7fcbb10e0ef0", "frozen":true, "embedded":true, "fstring":true, "bytesize":5, "value":"undef", "encoding":"US-ASCII", "memsize":40, "flags":{"wb_protected":true, "old":true, "long_lived":true, "marked":true}}
{"address":"0x7fcbb10d0690", "type":"STRING", "class":"0x7fcbb10e0ef0", "frozen":true, "embedded":true, "fstring":true, "bytesize":7, "value":"invalid", "encoding":"US-ASCII", "memsize":40, "flags":{"wb_protected":true, "old":true, "long_lived":true, "marked":true}}
{"address":"0x7fcbb10d06b8", "type":"STRING", "class":"0x7fcbb10e0ef0", "frozen":true, "embedded":true, "fstring":true, "bytesize":6, "value":"unpack", "encoding":"US-ASCII", "memsize":40, "flags":{"wb_protected":true, "old":true, "long_lived":true, "marked":true}}
{"address":"0x7fcbb10d06e0", "type":"STRING", "class":"0x7fcbb10e0ef0", "frozen":true, "embedded":true, "fstring":true, "bytesize":4, "value":"pack", "encoding":"US-ASCII", "memsize":40, "flags":{"wb_protected":true, "old":true, "long_lived":true, "marked":true}}
{"address":"0x7fcbb10d0708", "type":"STRING", "class":"0x7fcbb10e0ef0", "frozen":true, "embedded":true, "fstring":true, "bytesize":6, "value":"string", "encoding":"US-ASCII", "memsize":40, "flags":{"wb_protected":true, "old":true, "long_lived":true, "marked":true}}
{"address":"0x7fcbb10d0730", "type":"STRING", "class":"0x7fcbb10e0ef0", "frozen":true, "embedded":true, "fstring":true, "bytesize":10, "value":"post_match", "encoding":"US-ASCII", "memsize":40, "flags":{"wb_protected":true, "old":true, "long_lived":true, "marked":true}}
{"address":"0x7fcbb10d0758", "type":"STRING", "class":"0x7fcbb10e0ef0", "frozen":true, "embedded":true, "fstring":true, "bytesize":9, "value":"pre_match", "encoding":"US-ASCII", "memsize":40, "flags":{"wb_protected":true, "old":true, "long_lived":true, "marked":true}}
{"address":"0x7fcbb10d0780", "type":"STRING", "class":"0x7fcbb10e0ef0", "frozen":true, "embedded":true, "fstring":true, "bytesize":8, "value":"captures", "encoding":"US-ASCII", "memsize":40, "flags":{"wb_protected":true, "old":true, "long_lived":true, "marked":true}}
{"address":"0x7fcbb10d07a8", "type":"STRING", "class":"0x7fcbb10e0ef0", "frozen":true, "embedded":true, "fstring":true, "bytesize":3, "value":"end", "encoding":"US-ASCII", "memsize":40, "flags":{"wb_protected":true, "old":true, "long_lived":true, "marked":true}}
{"address":"0x7fcbb10d07d0", "type":"STRING", "class":"0x7fcbb10e0ef0", "frozen":true, "embedded":true, "fstring":true, "bytesize":5, "value":"begin", "encoding":"US-ASCII", "memsize":40, "flags":{"wb_protected":true, "old":true, "long_lived":true, "marked":true}}
{"address":"0x7fcbb10d07f8", "type":"STRING", "class":"0x7fcbb10e0ef0", "frozen":true, "embedded":true, "fstring":true, "bytesize":6, "value":"offset", "encoding":"US-ASCII", "memsize":40, "flags":{"wb_protected":true, "old":true, "long_lived":true, "marked":true}}
{"address":"0x7fcbb10d0820", "type":"STRING", "class":"0x7fcbb10e0ef0", "frozen":true, "embedded":true, "fstring":true, "bytesize":6, "value":"regexp", "encoding":"US-ASCII", "memsize":40, "flags":{"wb_protected":true, "old":true, "long_lived":true, "marked":true}}
{"address":"0x7fcbb10d0848", "type":"CLASS", "class":"0x7fcbb10e2430", "name":"Class", "references":["0x7fcbb10d0848", "0x7fcbb10d0870", "0x7fcbb10e23e0"], "memsize":712, "flags":{"wb_protected":true, "old":true, "long_lived":true, "marked":true}}
{"address":"0x7fcbb10d0870", "type":"CLASS", "class":"0x7fcbb10d0848", "name":"MatchData", "references":["0x7fcbb10d0870", "0x7fcbb10d0870", "0x7fcbb10d0870", "0x7fcbb10d0870", "0x7fcbb10d0870", "0x7fcbb10d0870", "0x7fcbb10d0870", "0x7fcbb10d0870", "0x7fcbb10d0870", "0x7fcbb10d0870", "0x7fcbb10d0870", "0x7fcbb10d0870", "0x7fcbb10d0870", "0x7fcbb10d0870", "0x7fcbb10d0870", "0x7fcbb10d0870", "0x7fcbb10d0870", "0x7fcbb10d0870", "0x7fcbb10d0870", "0x7fcbb10d0870", "0x7fcbb10d0898", "0x7fcbb10e2c78"], "memsize":1656, "flags":{"wb_protected":true, "old":true, "long_lived":true, "marked":true}}
{"address":"0x7fcbb10d0898", "type":"STRING", "class":"0x7fcbb10e0ef0", "frozen":true, "embedded":true, "fstring":true, "bytesize":9, "value":"MatchData", "encoding":"US-ASCII", "memsize":40, "flags":{"wb_protected":true, "old":true, "long_lived":true, "marked":true}}
{"address":"0x7fcbb10d08c0", "type":"STRING", "class":"0x7fcbb10e0ef0", "frozen":true, "embedded":true, "fstring":true, "bytesize":10, "value":"NOENCODING", "encoding":"US-ASCII", "memsize":40, "flags":{"wb_protected":true, "old":true, "long_lived":true, "marked":true}}
{"address":"0x7fcbb10d08e8", "type":"STRING", "class":"0x7fcbb10e0ef0", "frozen":true, "embedded":true, "fstring":true, "bytesize":13, "value":"FIXEDENCODING", "encoding":"US-ASCII", "memsize":40, "flags":{"wb_protected":true, "old":true, "long_lived":true, "marked":true}}
{"address":"0x7fcbb10d0910", "type":"STRING", "class":"0x7fcbb10e0ef0", "frozen":true, "embedded":true, "fstring":true, "bytesize":9, "value":"MULTILINE", "encoding":"US-ASCII", "memsize":40, "flags":{"wb_protected":true, "old":true, "long_lived":true, "marked":true}}
{"address":"0x7fcbb10d0938", "type":"STRING", "class":"0x7fcbb10e0ef0", "frozen":true, "embedded":true, "fstring":true, "bytesize":8, "value":"EXTENDED", "encoding":"US-ASCII", "memsize":40, "flags":{"wb_protected":true, "old":true, "long_lived":true, "marked":true}}
{"address":"0x7fcbb10d0960", "type":"STRING", "class":"0x7fcbb10e0ef0", "frozen":true, "embedded":true, "fstring":true, "bytesize":10, "value":"IGNORECASE", "encoding":"US-ASCII", "memsize":40, "flags":{"wb_protected":true, "old":true, "long_lived":true, "marked":true}}
{"address":"0x7fcbb10d0988", "type":"STRING", "class":"0x7fcbb10e0ef0", "frozen":true, "embedded":true, "fstring":true, "bytesize":14, "value":"named_captures", "encoding":"US-ASCII", "memsize":40, "flags":{"wb_protected":true, "old":true, "long_lived":true, "marked":true}}
{"address":"0x7fcbb10d09b0", "type":"STRING", "class":"0x7fcbb10e0ef0", "frozen":true, "embedded":true, "fstring":true, "bytesize":15, "value":"fixed_encoding?", "encoding":"US-ASCII", "memsize":40, "flags":{"wb_protected":true, "old":true, "long_lived":true, "marked":true}}
{"address":"0x7fcbb10d09d8", "type":"STRING", "class":"0x7fcbb10e0ef0", "frozen":true, "embedded":true, "fstring":true, "bytesize":7, "value":"options", "encoding":"US-ASCII", "memsize":40, "flags":{"wb_protected":true, "old":true, "long_lived":true, "marked":true}}
{"address":"0x7fcbb10d0a00", "type":"STRING", "class":"0x7fcbb10e0ef0", "frozen":true, "embedded":true, "fstring":true, "bytesize":9, "value":"casefold?", "encoding":"US-ASCII", "memsize":40, "flags":{"wb_protected":true, "old":true, "long_lived":true, "marked":true}}
{"address":"0x7fcbb10d0a28", "type":"STRING", "class":"0x7fcbb10e0ef0", "frozen":true, "embedded":true, "fstring":true, "bytesize":6, "value":"source", "encoding":"US-ASCII", "memsize":40, "flags":{"wb_protected":true, "old":true, "long_lived":true, "marked":true}}
{"address":"0x7fcbb10d0a50", "type":"STRING", "class":"0x7fcbb10e0ef0", "frozen":true, "embedded":true, "fstring":true, "bytesize":10, "value":"last_match", "encoding":"US-ASCII", "memsize":40, "flags":{"wb_protected":true, "old":true, "long_lived":true, "marked":true}}
{"address":"0x7fcbb10d0a78", "type":"STRING", "class":"0x7fcbb10e0ef0", "frozen":true, "embedded":true, "fstring":true, "bytesize":5, "value":"union", "encoding":"US-ASCII", "memsize":40, "flags":{"wb_protected":true, "old":true, "long_lived":true, "marked":true}}
{"address":"0x7fcbb10d0aa0", "type":"STRING", "class":"0x7fcbb10e0ef0", "frozen":true, "embedded":true, "fstring":true, "bytesize":6, "value":"escape", "encoding":"US-ASCII", "memsize":40, "flags":{"wb_protected":true, "old":true, "long_lived":true, "marked":true}}
{"address":"0x7fcbb10d0ac8", "type":"STRING", "class":"0x7fcbb10e0ef0", "frozen":true, "embedded":true, "fstring":true, "bytesize":5, "value":"quote", "encoding":"US-ASCII", "memsize":40, "flags":{"wb_protected":true, "old":true, "long_lived":true, "marked":true}}
{"address":"0x7fcbb10d0af0", "type":"STRING", "class":"0x7fcbb10e0ef0", "frozen":true, "embedded":true, "fstring":true, "bytesize":7, "value":"compile", "encoding":"US-ASCII", "memsize":40, "flags":{"wb_protected":true, "old":true, "long_lived":true, "marked":true}}
{"address":"0x7fcbb10d0b18", "type":"CLASS", "class":"0x7fcbb10e2430", "name":"Class", "references":["0x7fcbb10d0b18", "0x7fcbb10d0b18", "0x7fcbb10d0b18", "0x7fcbb10d0b18", "0x7fcbb10d0b18", "0x7fcbb10d0b18", "0x7fcbb10d0b40", "0x7fcbb10e23e0"], "memsize":712, "flags":{"wb_protected":true, "old":true, "long_lived":true, "marked":true}}
{"address":"0x7fcbb10d0b40", "type":"CLASS", "class":"0x7fcbb10d0b18", "name":"Regexp", "references":["0x7fcbb10d0b40", "0x7fcbb10d0b40", "0x7fcbb10d0b40", "0x7fcbb10d0b40", "0x7fcbb10d0b40", "0x7fcbb10d0b40", "0x7fcbb10d0b40", "0x7fcbb10d0b40", "0x7fcbb10d0b40", "0x7fcbb10d0b40", "0x7fcbb10d0b40", "0x7fcbb10d0b40", "0x7fcbb10d0b40", "0x7fcbb10d0b40", "0x7fcbb10d0b40", "0x7fcbb10d0b40", "0x7fcbb10d0b40", "0x7fcbb10d0b40", "0x7fcbb10d0b68", "0x7fcbb10e2c78"], "memsize":1752, "flags":{"wb_protected":true, "old":true, "long_lived":true, "marked":true}}
{"address":"0x7fcbb10d0b68", "type":"STRING", "class":"0x7fcbb10e0ef0", "frozen":true, "embedded":true, "fstring":true, "bytesize":6, "value":"Regexp", "encoding":"US-ASCII", "memsize":40, "flags":{"wb_protected":true, "old":true, "long_lived":true, "marked":true}}
{"address":"0x7fcbb10d0b90", "type":"STRING", "class":"0x7fcbb10e0ef0", "frozen":true, "embedded":true, "fstring":true, "bytesize":3, "value":"$-K", "encoding":"US-ASCII", "memsize":40, "flags":{"wb_protected":true, "old":true, "long_lived":true, "marked":true}}
{"address":"0x7fcbb10d0bb8", "type":"STRING", "class":"0x7fcbb10e0ef0", "frozen":true, "embedded":true, "fstring":true, "bytesize":6, "value":"$KCODE", "encoding":"US-ASCII", "memsize":40, "flags":{"wb_protected":true, "old":true, "long_lived":true, "marked":true}}
{"address":"0x7fcbb10d0be0", "type":"STRING", "class":"0x7fcbb10e0ef0", "frozen":true, "embedded":true, "fstring":true, "bytesize":2, "value":"$=", "encoding":"US-ASCII", "memsize":40, "flags":{"wb_protected":true, "old":true, "long_lived":true, "marked":true}}
{"address":"0x7fcbb10d0c08", "type":"STRING", "class":"0x7fcbb10e0ef0", "frozen":true, "embedded":true, "fstring":true, "bytesize":2, "value":"$+", "encoding":"US-ASCII", "memsize":40, "flags":{"wb_protected":true, "old":true, "long_lived":true, "marked":true}}
{"address":"0x7fcbb10d0c30", "type":"STRING", "class":"0x7fcbb10e0ef0", "frozen":true, "embedded":true, "fstring":true, "bytesize":2, "value":"$'", "encoding":"US-ASCII", "memsize":40, "flags":{"wb_protected":true, "old":true, "long_lived":true, "marked":true}}
{"address":"0x7fcbb10d0c58", "type":"STRING", "class":"0x7fcbb10e0ef0", "frozen":true, "embedded":true, "fstring":true, "bytesize":2, "value":"$`", "encoding":"US-ASCII", "memsize":40, "flags":{"wb_protected":true, "old":true, "long_lived":true, "marked":true}}
{"address":"0x7fcbb10d0c80", "type":"STRING", "class":"0x7fcbb10e0ef0", "frozen":true, "embedded":true, "fstring":true, "bytesize":2, "value":"$&", "encoding":"US-ASCII", "memsize":40, "flags":{"wb_protected":true, "old":true, "long_lived":true, "marked":true}}
{"address":"0x7fcbb10d0ca8", "type":"STRING", "class":"0x7fcbb10e0ef0", "frozen":true, "embedded":true, "fstring":true, "bytesize":2, "value":"$~", "encoding":"US-ASCII", "memsize":40, "flags":{"wb_protected":true, "old":true, "long_lived":true, "marked":true}}
{"address":"0x7fcbb10d0cd0", "type":"CLASS", "class":"0x7fcbb10e2430", "name":"Class", "references":["0x7fcbb10d0cf8", "0x7fcbb10dbc70"], "memsize":712, "flags":{"wb_protected":true, "old":true, "long_lived":true, "marked":true}}
{"address":"0x7fcbb10d0cf8", "type":"CLASS", "class":"0x7fcbb10d0cd0", "name":"RegexpError", "references":["0x7fcbb10d0d20", "0x7fcbb10dbc98"], "memsize":712, "flags":{"wb_protected":true, "old":true, "long_lived":true, "marked":true}}
{"address":"0x7fcbb10d0d20", "type":"STRING", "class":"0x7fcbb10e0ef0", "frozen":true, "embedded":true, "fstring":true, "bytesize":11, "value":"RegexpError", "encoding":"US-ASCII", "memsize":40, "flags":{"wb_protected":true, "old":true, "long_lived":true, "marked":true}}
{"address":"0x7fcbb10d0d48", "type":"STRING", "class":"0x7fcbb10e0ef0", "frozen":true, "embedded":true, "fstring":true, "bytesize":7, "value":"members", "encoding":"US-ASCII", "memsize":40, "flags":{"wb_protected":true, "old":true, "long_lived":true, "marked":true}}
{"address":"0x7fcbb10d0d70", "type":"ICLASS", "class":"0x7fcbb10e1698", "references":["0x7fcbb10e2c78"], "memsize":40, "flags":{"long_lived":true, "marked":true}}
{"address":"0x7fcbb10d0d98", "type":"CLASS", "class":"0x7fcbb10e2430", "name":"Class", "references":["0x7fcbb10d0d98", "0x7fcbb10d0dc0", "0x7fcbb10e23e0"], "memsize":712, "flags":{"wb_protected":true, "old":true, "long_lived":true, "marked":true}}
{"address":"0x7fcbb10d0dc0", "type":"CLASS", "class":"0x7fcbb10d0d98", "name":"Struct", "references":["0x7fcbb10d0dc0", "0x7fcbb10d0dc0", "0x7fcbb10d0dc0", "0x7fcbb10d0dc0", "0x7fcbb10d0dc0", "0x7fcbb10d0dc0", "0x7fcbb10d0dc0", "0x7fcbb10d0dc0", "0x7fcbb10d0dc0", "0x7fcbb10d0dc0", "0x7fcbb10d0dc0", "0x7fcbb10d0dc0", "0x7fcbb10d0dc0", "0x7fcbb10d0dc0", "0x7fcbb10d0dc0", "0x7fcbb10d0dc0", "0x7fcbb10d0dc0", "0x7fcbb10d0dc0", "0x7fcbb10d0dc0", "0x7fcbb10d0de8", "0x7fcbb10ba6b0", "0x7fcbb10c0498", "0x7fcbb10d0d70"], "memsize":1800, "flags":{"wb_protected":true, "old":true, "long_lived":true, "marked":true}}
{"address":"0x7fcbb10d0de8", "type":"STRING", "class":"0x7fcbb10e0ef0", "frozen":true, "embedded":true, "fstring":true, "bytesize":6, "value":"Struct", "encoding":"US-ASCII", "memsize":40, "flags":{"wb_protected":true, "old":true, "long_lived":true, "marked":true}}
{"address":"0x7fcbb10d0e10", "type":"STRING", "class":"0x7fcbb10e0ef0", "frozen":true, "embedded":true, "fstring":true, "bytesize":11, "value":"__members__", "encoding":"US-ASCII", "memsize":40, "flags":{"wb_protected":true, "old":true, "long_lived":true, "marked":true}}
{"address":"0x7fcbb10d0e38", "type":"STRING", "class":"0x7fcbb10e0ef0", "frozen":true, "embedded":true, "fstring":true, "bytesize":3, "value":"ENV", "encoding":"US-ASCII", "memsize":40, "flags":{"wb_protected":true, "old":true, "long_lived":true, "marked":true}}
{"address":"0x7fcbb10d0e60", "type":"ICLASS", "class":"0x7fcbb10e1698", "references":["0x7fcbb10e2c78"], "memsize":40, "flags":{"long_lived":true, "marked":true}}
{"address":"0x7fcbb10d0e88", "type":"CLASS", "class":"0x7fcbb10e23e0", "name":"Object", "references":["0x7fcbb10d0e88", "0x7fcbb10d0e88", "0x7fcbb10d0e88", "0x7fcbb10d0e88", "0x7fcbb10d0e88", "0x7fcbb10d0e88", "0x7fcbb10d0e88", "0x7fcbb10d0e88", "0x7fcbb10d0e88", "0x7fcbb10d0e88", "0x7fcbb10d0e88", "0x7fcbb10d0e88", "0x7fcbb10d0e88", "0x7fcbb10d0e88", "0x7fcbb10d0e88", "0x7fcbb10d0e88", "0x7fcbb10d0e88", "0x7fcbb10d0e88", "0x7fcbb10d0e88", "0x7fcbb10d0e88", "0x7fcbb10d0e88", "0x7fcbb10d0e88", "0x7fcbb10d0e88", "0x7fcbb10d0e88", "0x7fcbb10d0e88", "0x7fcbb10d0e88", "0x7fcbb10d0e88", "0x7fcbb10d0e88", "0x7fcbb10d0e88", "0x7fcbb10d0e88", "0x7fcbb10d0e88", "0x7fcbb10d0e88", "0x7fcbb10d0e88", "0x7fcbb10d0e88", "0x7fcbb10d0e88", "0x7fcbb10d0e88", "0x7fcbb10d0e88", "0x7fcbb10d0e88", "0x7fcbb10d0e88", "0x7fcbb10d0e88", "0x7fcbb10d0e88", "0x7fcbb10d0e88", "0x7fcbb10d0eb0", "0x7fcbb10d0e60"], "memsize":2712, "flags":{"wb_protected":true, "old":true, "long_lived":true, "marked":true}}
{"address":"0x7fcbb10d0eb0", "type":"OBJECT", "class":"0x7fcbb10d0e88", "ivars":0, "memsize":40, "flags":{"wb_protected":true, "old":true, "long_lived":true, "marked":true}}
{"address":"0x7fcbb10d0ed8", "type":"STRING", "class":"0x7fcbb10e0ef0", "frozen":true, "embedded":true, "fstring":true, "bytesize":20, "value":"compare_by_identity?", "encoding":"US-ASCII", "memsize":40, "flags":{"wb_protected":true, "old":true, "long_lived":true, "marked":true}}
{"address":"0x7fcbb10d0f00", "type":"STRING", "class":"0x7fcbb10e0ef0", "frozen":true, "embedded":true, "fstring":true, "bytesize":19, "value":"compare_by_identity", "encoding":"US-ASCII", "memsize":40, "flags":{"wb_protected":true, "old":true, "long_lived":true, "marked":true}}
{"address":"0x7fcbb10d0f28", "type":"STRING", "class":"0x7fcbb10e0ef0", "frozen":true, "embedded":true, "fstring":true, "bytesize":6, "value":"value?", "encoding":"US-ASCII", "memsize":40, "flags":{"wb_protected":true, "old":true, "long_lived":true, "marked":true}}
{"address":"0x7fcbb10d0f50", "type":"STRING", "class":"0x7fcbb10e0ef0", "frozen":true, "embedded":true, "fstring":true, "bytesize":4, "value":"key?", "encoding":"US-ASCII", "memsize":40, "flags":{"wb_protected":true, "old":true, "long_lived":true, "marked":true}}
{"address":"0x7fcbb10d0f78", "type":"STRING", "class":"0x7fcbb10e0ef0", "frozen":true, "embedded":true, "fstring":true, "bytesize":10, "value":"has_value?", "encoding":"US-ASCII", "memsize":40, "flags":{"wb_protected":true, "old":true, "long_lived":true, "marked":true}}
{"address":"0x7fcbb10d0fa0", "type":"STRING", "class":"0x7fcbb10e0ef0", "frozen":true, "embedded":true, "fstring":true, "bytesize":8, "value":"has_key?", "encoding":"US-ASCII", "memsize":40, "flags":{"wb_protected":true, "old":true, "long_lived":true, "marked":true}}
{"address":"0x7fcbb10d0fc8", "type":"STRING", "class":"0x7fcbb10e0ef0", "frozen":true, "embedded":true, "fstring":true, "bytesize":5, "value":"merge", "encoding":"US-ASCII", "memsize":40, "flags":{"wb_protected":true, "old":true, "long_lived":true, "marked":true}}
{"address":"0x7fcbb10d0ff0", "type":"STRING", "class":"0x7fcbb10e0ef0", "frozen":true, "embedded":true, "fstring":true, "bytesize":6, "value":"merge!", "encoding":"US-ASCII", "memsize":40, "flags":{"wb_protected":true, "old":true, "long_lived":true, "marked":true}}
{"address":"0x7fcbb10d1018", "type":"STRING", "class":"0x7fcbb10e0ef0", "frozen":true, "embedded":true, "fstring":true, "bytesize":6, "value":"update", "encoding":"US-ASCII", "memsize":40, "flags":{"wb_protected":true, "old":true, "long_lived":true, "marked":true}}
{"address":"0x7fcbb10d1040", "type":"STRING", "class":"0x7fcbb10e0ef0", "frozen":true, "embedded":true, "fstring":true, "bytesize":6, "value":"invert", "encoding":"US-ASCII", "memsize":40, "flags":{"wb_protected":true, "old":true, "long_lived":true, "marked":true}}
{"address":"0x7fcbb10d1068", "type":"STRING", "class":"0x7fcbb10e0ef0", "frozen":true, "embedded":true, "fstring":true, "bytesize":6, "value":"values", "encoding":"US-ASCII", "memsize":40, "flags":{"wb_protected":true, "old":true, "long_lived":true, "marked":true}}
{"address":"0x7fcbb10d1090", "type":"STRING", "class":"0x7fcbb10e0ef0", "frozen":true, "embedded":true, "fstring":true, "bytesize":4, "value":"keys", "encoding":"US-ASCII", "memsize":40, "flags":{"wb_protected":true, "old":true, "long_lived":true, "marked":true}}
{"address":"0x7fcbb10d10b8", "type":"STRING", "class":"0x7fcbb10e0ef0", "frozen":true, "embedded":true, "fstring":true, "bytesize":9, "value":"each_pair", "encoding":"US-ASCII", "memsize":40, "flags":{"wb_protected":true, "old":true, "long_lived":true, "marked":true}}
{"address":"0x7fcbb10d10e0", "type":"STRING", "class":"0x7fcbb10e0ef0", "frozen":true, "embedded":true, "fstring":true, "bytesize":8, "value":"each_key", "encoding":"US-ASCII", "memsize":40, "flags":{"wb_protected":true, "old":true, "long_lived":true, "marked":true}}
{"address":"0x7fcbb10d1108", "type":"STRING", "class":"0x7fcbb10e0ef0", "frozen":true, "embedded":true, "fstring":true, "bytesize":10, "value":"each_value", "encoding":"US-ASCII", "memsize":40, "flags":{"wb_protected":true, "old":true, "long_lived":true, "marked":true}}
{"address":"0x7fcbb10d1130", "type":"STRING", "class":"0x7fcbb10e0ef0", "frozen":true, "embedded":true, "fstring":true, "bytesize":3, "value":"key", "encoding":"US-ASCII", "memsize":40, "flags":{"wb_protected":true, "old":true, "long_lived":true, "marked":true}}
{"address":"0x7fcbb10d1158", "type":"STRING", "class":"0x7fcbb10e0ef0", "frozen":true, "embedded":true, "fstring":true, "bytesize":13, "value":"default_proc=", "encoding":"US-ASCII", "memsize":40, "flags":{"wb_protected":true, "old":true, "long_lived":true, "marked":true}}
{"address":"0x7fcbb10d1180", "type":"STRING", "class":"0x7fcbb10e0ef0", "frozen":true, "embedded":true, "fstring":true, "bytesize":12, "value":"default_proc", "encoding":"US-ASCII", "memsize":40, "flags":{"wb_protected":true, "old":true, "long_lived":true, "marked":true}}
{"address":"0x7fcbb10d11a8", "type":"STRING", "class":"0x7fcbb10e0ef0", "frozen":true, "embedded":true, "fstring":true, "bytesize":8, "value":"default=", "encoding":"US-ASCII", "memsize":40, "flags":{"wb_protected":true, "old":true, "long_lived":true, "marked":true}}
{"address":"0x7fcbb10d11d0", "type":"STRING", "class":"0x7fcbb10e0ef0", "frozen":true, "embedded":true, "fstring":true, "bytesize":5, "value":"store", "encoding":"US-ASCII", "memsize":40, "flags":{"wb_protected":true, "old":true, "long_lived":true, "marked":true}}
{"address":"0x7fcbb10d11f8", "type":"STRING", "class":"0x7fcbb10e0ef0", "frozen":true, "embedded":true, "fstring":true, "bytesize":6, "value":"rehash", "encoding":"US-ASCII", "memsize":40, "flags":{"wb_protected":true, "old":true, "long_lived":true, "marked":true}}
{"address":"0x7fcbb10d1220", "type":"ICLASS", "class":"0x7fcbb10e1698", "references":["0x7fcbb10e2c78"], "memsize":40, "flags":{"long_lived":true, "marked":true}}
{"address":"0x7fcbb10d1248", "type":"CLASS", "class":"0x7fcbb10e2430", "name":"Class", "references":["0x7fcbb10d1248", "0x7fcbb10d1248", "0x7fcbb10d1270", "0x7fcbb10e23e0"], "memsize":712, "flags":{"wb_protected":true, "old":true, "long_lived":true, "marked":true}}
{"address":"0x7fcbb10d1270", "type":"CLASS", "class":"0x7fcbb10d1248", "name":"Hash", "references":["0x7fcbb10d1270", "0x7fcbb10d1270", "0x7fcbb10d1270", "0x7fcbb10d1270", "0x7fcbb10d1270", "0x7fcbb10d1270", "0x7fcbb10d1270", "0x7fcbb10d1270", "0x7fcbb10d1270", "0x7fcbb10d1270", "0x7fcbb10d1270", "0x7fcbb10d1270", "0x7fcbb10d1270", "0x7fcbb10d1270", "0x7fcbb10d1270", "0x7fcbb10d1270", "0x7fcbb10d1270", "0x7fcbb10d1270", "0x7fcbb10d1270", "0x7fcbb10d1270", "0x7fcbb10d1270", "0x7fcbb10d1270", "0x7fcbb10d1270", "0x7fcbb10d1270", "0x7fcbb10d1270", "0x7fcbb10d1270", "0x7fcbb10d1270", "0x7fcbb10d1270", "0x7fcbb10d1270", "0x7fcbb10d1270", "0x7fcbb10d1270", "0x7fcbb10d1270", "0x7fcbb10d1270", "0x7fcbb10d1270", "0x7fcbb10d1270", "0x7fcbb10d1270", "0x7fcbb10d1270", "0x7fcbb10d1270", "0x7fcbb10d1270", "0x7fcbb10d1270", "0x7fcbb10d1270", "0x7fcbb10d1270", "0x7fcbb10d1270", "0x7fcbb10d1270", "0x7fcbb10d1270", "0x7fcbb10d1270", "0x7fcbb10d1270", "0x7fcbb10d1270", "0x7fcbb10d1270", "0x7fcbb10d1270", "0x7fcbb10d1270", "0x7fcbb10d1270", "0x7fcbb10d1270", "0x7fcbb10d1270", "0x7fcbb10d1270", "0x7fcbb10d1270", "0x7fcbb10d1270", "0x7fcbb10e24d0", "0x7fcbb10d1220"], "memsize":3432, "flags":{"wb_protected":true, "old":true, "long_lived":true, "marked":true}}
{"address":"0x7fcbb10d1298", "type":"STRING", "class":"0x7fcbb10e0ef0", "frozen":true, "embedded":true, "fstring":true, "bytesize":7, "value":"default", "encoding":"US-ASCII", "memsize":40, "flags":{"wb_protected":true, "old":true, "long_lived":true, "marked":true}}
{"address":"0x7fcbb10d12c0", "type":"STRING", "class":"0x7fcbb10e0ef0", "frozen":true, "embedded":true, "fstring":true, "bytesize":5, "value":"yield", "encoding":"US-ASCII", "memsize":40, "flags":{"wb_protected":true, "old":true, "long_lived":true, "marked":true}}
{"address":"0x7fcbb10d12e8", "type":"STRING", "class":"0x7fcbb10e0ef0", "frozen":true, "embedded":true, "fstring":true, "bytesize":6, "value":"random", "encoding":"US-ASCII", "memsize":40, "flags":{"wb_protected":true, "old":true, "long_lived":true, "marked":true}}
{"address":"0x7fcbb10d1310", "type":"STRING", "class":"0x7fcbb10e0ef0", "frozen":true, "embedded":true, "fstring":true, "bytesize":7, "value":"bsearch", "encoding":"US-ASCII", "memsize":40, "flags":{"wb_protected":true, "old":true, "long_lived":true, "marked":true}}
{"address":"0x7fcbb10d1338", "type":"STRING", "class":"0x7fcbb10e0ef0", "frozen":true, "embedded":true, "fstring":true, "bytesize":7, "value":"product", "encoding":"US-ASCII", "memsize":40, "flags":{"wb_protected":true, "old":true, "long_lived":true, "marked":true}}
{"address":"0x7fcbb10d1360", "type":"STRING", "class":"0x7fcbb10e0ef0", "frozen":true, "embedded":true, "fstring":true, "bytesize":20, "value":"repeated_combination", "encoding":"US-ASCII", "memsize":40, "flags":{"wb_protected":true, "old":true, "long_lived":true, "marked":true}}
{"address":"0x7fcbb10d1388", "type":"STRING", "class":"0x7fcbb10e0ef0", "frozen":true, "embedded":true, "fstring":true, "bytesize":20, "value":"repeated_permutation", "encoding":"US-ASCII", "memsize":40, "flags":{"wb_protected":true, "old":true, "long_lived":true, "marked":true}}
{"address":"0x7fcbb10d13b0", "type":"STRING", "class":"0x7fcbb10e0ef0", "frozen":true, "embedded":true, "fstring":true, "bytesize":11, "value":"combination", "encoding":"US-ASCII", "memsize":40, "flags":{"wb_protected":true, "old":true, "long_lived":true, "marked":true}}
{"address":"0x7fcbb10d13d8", "type":"STRING", "class":"0x7fcbb10e0ef0", "frozen":true, "embedded":true, "fstring":true, "bytesize":11, "value":"permutation", "encoding":"US-ASCII", "memsize":40, "flags":{"wb_protected":true, "old":true, "long_lived":true, "marked":true}}
{"address":"0x7fcbb10d1400", "type":"STRING", "class":"0x7fcbb10e0ef0", "frozen":true, "embedded":true, "fstring":true, "bytesize":6, "value":"sample", "encoding":"US-ASCII", "memsize":40, "flags":{"wb_protected":true, "old":true, "long_lived":true, "marked":true}}
{"address":"0x7fcbb10d1428", "type":"STRING", "class":"0x7fcbb10e0ef0", "frozen":true, "embedded":true, "fstring":true, "bytesize":7, "value":"shuffle", "encoding":"US-ASCII", "memsize":40, "flags":{"wb_protected":true, "old":true, "long_lived":true, "marked":true}}
{"address":"0x7fcbb10d1450", "type":"STRING", "class":"0x7fcbb10e0ef0", "frozen":true, "embedded":true, "fstring":true, "bytesize":8, "value":"shuffle!", "encoding":"US-ASCII", "memsize":40, "flags":{"wb_protected":true, "old":true, "long_lived":true, "marked":true}}
{"address":"0x7fcbb10d1478", "type":"STRING", "class":"0x7fcbb10e0ef0", "frozen":true, "embedded":true, "fstring":true, "bytesize":8, "value":"flatten!", "encoding":"US-ASCII", "memsize":40, "flags":{"wb_protected":true, "old":true, "long_lived":true, "marked":true}}
{"address":"0x7fcbb10d14a0", "type":"STRING", "class":"0x7fcbb10e0ef0", "frozen":true, "embedded":true, "fstring":true, "bytesize":7, "value":"flatten", "encoding":"US-ASCII", "memsize":40, "flags":{"wb_protected":true, "old":true, "long_lived":true, "marked":true}}
{"address":"0x7fcbb10d14c8", "type":"STRING", "class":"0x7fcbb10e0ef0", "frozen":true, "embedded":true, "fstring":true, "bytesize":8, "value":"compact!", "encoding":"US-ASCII", "memsize":40, "flags":{"wb_protected":true, "old":true, "long_lived":true, "marked":true}}
{"address":"0x7fcbb10d14f0", "type":"STRING", "class":"0x7fcbb10e0ef0", "frozen":true, "embedded":true, "fstring":true, "bytesize":7, "value":"compact", "encoding":"US-ASCII", "memsize":40, "flags":{"wb_protected":true, "old":true, "long_lived":true, "marked":true}}
{"address":"0x7fcbb10d1518", "type":"STRING", "class":"0x7fcbb10e0ef0", "frozen":true, "embedded":true, "fstring":true, "bytesize":5, "value":"uniq!", "encoding":"US-ASCII", "memsize":40, "flags":{"wb_protected":true, "old":true, "long_lived":true, "marked":true}}
{"address":"0x7fcbb10d1540", "type":"STRING", "class":"0x7fcbb10e0ef0", "frozen":true, "embedded":true, "fstring":true, "bytesize":4, "value":"uniq", "encoding":"US-ASCII", "memsize":40, "flags":{"wb_protected":true, "old":true, "long_lived":true, "marked":true}}
{"address":"0x7fcbb10d1568", "type":"STRING", "class":"0x7fcbb10e0ef0", "frozen":true, "embedded":true, "fstring":true, "bytesize":6, "value":"rassoc", "encoding":"US-ASCII", "memsize":40, "flags":{"wb_protected":true, "old":true, "long_lived":true, "marked":true}}
{"address":"0x7fcbb10d1590", "type":"STRING", "class":"0x7fcbb10e0ef0", "frozen":true, "embedded":true, "fstring":true, "bytesize":5, "value":"assoc", "encoding":"US-ASCII", "memsize":40, "flags":{"wb_protected":true, "old":true, "long_lived":true, "marked":true}}
{"address":"0x7fcbb10d15b8", "type":"STRING", "class":"0x7fcbb10e0ef0", "frozen":true, "embedded":true, "fstring":true, "bytesize":4, "value":"fill", "encoding":"US-ASCII", "memsize":40, "flags":{"wb_protected":true, "old":true, "long_lived":true, "marked":true}}
{"address":"0x7fcbb10d15e0", "type":"STRING", "class":"0x7fcbb10e0ef0", "frozen":true, "embedded":true, "fstring":true, "bytesize":9, "value":"transpose", "encoding":"US-ASCII", "memsize":40, "flags":{"wb_protected":true, "old":true, "long_lived":true, "marked":true}}
{"address":"0x7fcbb10d1608", "type":"STRING", "class":"0x7fcbb10e0ef0", "frozen":true, "embedded":true, "fstring":true, "bytesize":7, "value":"reject!", "encoding":"US-ASCII", "memsize":40, "flags":{"wb_protected":true, "old":true, "long_lived":true, "marked":true}}
{"address":"0x7fcbb10d1630", "type":"STRING", "class":"0x7fcbb10e0ef0", "frozen":true, "embedded":true, "fstring":true, "bytesize":9, "value":"delete_if", "encoding":"US-ASCII", "memsize":40, "flags":{"wb_protected":true, "old":true, "long_lived":true, "marked":true}}
{"address":"0x7fcbb10d1658", "type":"STRING", "class":"0x7fcbb10e0ef0", "frozen":true, "embedded":true, "fstring":true, "bytesize":9, "value":"delete_at", "encoding":"US-ASCII", "memsize":40, "flags":{"wb_protected":true, "old":true, "long_lived":true, "marked":true}}
{"address":"0x7fcbb10d1680", "type":"STRING", "class":"0x7fcbb10e0ef0", "frozen":true, "embedded":true, "fstring":true, "bytesize":9, "value":"values_at", "encoding":"US-ASCII", "memsize":40, "flags":{"wb_protected":true, "old":true, "long_lived":true, "marked":true}}
{"address":"0x7fcbb10d16a8", "type":"STRING", "class":"0x7fcbb10e0ef0", "frozen":true, "embedded":true, "fstring":true, "bytesize":7, "value":"keep_if", "encoding":"US-ASCII", "memsize":40, "flags":{"wb_protected":true, "old":true, "long_lived":true, "marked":true}}
{"address":"0x7fcbb10d16d0", "type":"STRING", "class":"0x7fcbb10e0ef0", "frozen":true, "embedded":true, "fstring":true, "bytesize":7, "value":"select!", "encoding":"US-ASCII", "memsize":40, "flags":{"wb_protected":true, "old":true, "long_lived":true, "marked":true}}
{"address":"0x7fcbb10d16f8", "type":"STRING", "class":"0x7fcbb10e0ef0", "frozen":true, "embedded":true, "fstring":true, "bytesize":4, "value":"map!", "encoding":"US-ASCII", "memsize":40, "flags":{"wb_protected":true, "old":true, "long_lived":true, "marked":true}}
{"address":"0x7fcbb10d1720", "type":"STRING", "class":"0x7fcbb10e0ef0", "frozen":true, "embedded":true, "fstring":true, "bytesize":8, "value":"collect!", "encoding":"US-ASCII", "memsize":40, "flags":{"wb_protected":true, "old":true, "long_lived":true, "marked":true}}
{"address":"0x7fcbb10d1748", "type":"STRING", "class":"0x7fcbb10e0ef0", "frozen":true, "embedded":true, "fstring":true, "bytesize":8, "value":"sort_by!", "encoding":"US-ASCII", "memsize":40, "flags":{"wb_protected":true, "old":true, "long_lived":true, "marked":true}}
{"address":"0x7fcbb10d1770", "type":"STRING", "class":"0x7fcbb10e0ef0", "frozen":true, "embedded":true, "fstring":true, "bytesize":5, "value":"sort!", "encoding":"US-ASCII", "memsize":40, "flags":{"wb_protected":true, "old":true, "long_lived":true, "marked":true}}
{"address":"0x7fcbb10d1798", "type":"STRING", "class":"0x7fcbb10e0ef0", "frozen":true, "embedded":true, "fstring":true, "bytesize":7, "value":"rotate!", "encoding":"US-ASCII", "memsize":40, "flags":{"wb_protected":true, "old":true, "long_lived":true, "marked":true}}
{"address":"0x7fcbb10d17c0", "type":"STRING", "class":"0x7fcbb10e0ef0", "frozen":true, "embedded":true, "fstring":true, "bytesize":6, "value":"rotate", "encoding":"US-ASCII", "memsize":40, "flags":{"wb_protected":true, "old":true, "long_lived":true, "marked":true}}
{"address":"0x7fcbb10d17e8", "type":"STRING", "class":"0x7fcbb10e0ef0", "frozen":true, "embedded":true, "fstring":true, "bytesize":4, "value":"join", "encoding":"US-ASCII", "memsize":40, "flags":{"wb_protected":true, "old":true, "long_lived":true, "marked":true}}
{"address":"0x7fcbb10d1810", "type":"STRING", "class":"0x7fcbb10e0ef0", "frozen":true, "embedded":true, "fstring":true, "bytesize":10, "value":"each_index", "encoding":"US-ASCII", "memsize":40, "flags":{"wb_protected":true, "old":true, "long_lived":true, "marked":true}}
{"address":"0x7fcbb10d1838", "type":"STRING", "class":"0x7fcbb10e0ef0", "frozen":true, "embedded":true, "fstring":true, "bytesize":7, "value":"unshift", "encoding":"US-ASCII", "memsize":40, "flags":{"wb_protected":true, "old":true, "long_lived":true, "marked":true}}
{"address":"0x7fcbb10d1860", "type":"STRING", "class":"0x7fcbb10e0ef0", "frozen":true, "embedded":true, "fstring":true, "bytesize":5, "value":"shift", "encoding":"US-ASCII", "memsize":40, "flags":{"wb_protected":true, "old":true, "long_lived":true, "marked":true}}
{"address":"0x7fcbb10d1888", "type":"STRING", "class":"0x7fcbb10e0ef0", "frozen":true, "embedded":true, "fstring":true, "bytesize":3, "value":"pop", "encoding":"US-ASCII", "memsize":40, "flags":{"wb_protected":true, "old":true, "long_lived":true, "marked":true}}
{"address":"0x7fcbb10d18b0", "type":"STRING", "class":"0x7fcbb10e0ef0", "frozen":true, "embedded":true, "fstring":true, "bytesize":4, "value":"push", "encoding":"US-ASCII", "memsize":40, "flags":{"wb_protected":true, "old":true, "long_lived":true, "marked":true}}
{"address":"0x7fcbb10d18d8", "type":"STRING", "class":"0x7fcbb10e0ef0", "frozen":true, "embedded":true, "fstring":true, "bytesize":4, "value":"last", "encoding":"US-ASCII", "memsize":40, "flags":{"wb_protected":true, "old":true, "long_lived":true, "marked":true}}
{"address":"0x7fcbb10d1900", "type":"STRING", "class":"0x7fcbb10e0ef0", "frozen":true, "embedded":true, "fstring":true, "bytesize":5, "value":"fetch", "encoding":"US-ASCII", "memsize":40, "flags":{"wb_protected":true, "old":true, "long_lived":true, "marked":true}}
{"address":"0x7fcbb10d1928", "type":"STRING", "class":"0x7fcbb10e0ef0", "frozen":true, "embedded":true, "fstring":true, "bytesize":2, "value":"at", "encoding":"US-ASCII", "memsize":40, "flags":{"wb_protected":true, "old":true, "long_lived":true, "marked":true}}
{"address":"0x7fcbb10d1950", "type":"ICLASS", "class":"0x7fcbb10e1698", "references":["0x7fcbb10e2c78"], "memsize":40, "flags":{"long_lived":true, "marked":true}}
{"address":"0x7fcbb10d1978", "type":"CLASS", "class":"0x7fcbb10e2430", "name":"Class", "references":["0x7fcbb10d1978", "0x7fcbb10d1978", "0x7fcbb10d19a0", "0x7fcbb10e23e0"], "memsize":712, "flags":{"wb_protected":true, "old":true, "long_lived":true, "marked":true}}
{"address":"0x7fcbb10d19a0", "type":"CLASS", "class":"0x7fcbb10d1978", "name":"Array", "references":["0x7fcbb10d19a0", "0x7fcbb10d19a0", "0x7fcbb10d19a0", "0x7fcbb10d19a0", "0x7fcbb10d19a0", "0x7fcbb10d19a0", "0x7fcbb10d19a0", "0x7fcbb10d19a0", "0x7fcbb10d19a0", "0x7fcbb10d19a0", "0x7fcbb10d19a0", "0x7fcbb10d19a0", "0x7fcbb10d19a0", "0x7fcbb10d19a0", "0x7fcbb10d19a0", "0x7fcbb10d19a0", "0x7fcbb10d19a0", "0x7fcbb10d19a0", "0x7fcbb10d19a0", "0x7fcbb10d19a0", "0x7fcbb10d19a0", "0x7fcbb10d19a0", "0x7fcbb10d19a0", "0x7fcbb10d19a0", "0x7fcbb10d19a0", "0x7fcbb10d19a0", "0x7fcbb10d19a0", "0x7fcbb10d19a0", "0x7fcbb10d19a0", "0x7fcbb10d19a0", "0x7fcbb10d19a0", "0x7fcbb10d19a0", "0x7fcbb10d19a0", "0x7fcbb10d19a0", "0x7fcbb10d19a0", "0x7fcbb10d19a0", "0x7fcbb10d19a0", "0x7fcbb10d19a0", "0x7fcbb10d19a0", "0x7fcbb10d19a0", "0x7fcbb10d19a0", "0x7fcbb10d19a0", "0x7fcbb10d19a0", "0x7fcbb10d19a0", "0x7fcbb10d19a0", "0x7fcbb10d19a0", "0x7fcbb10d19a0", "0x7fcbb10d19a0", "0x7fcbb10d19a0", "0x7fcbb10d19a0", "0x7fcbb10d19a0", "0x7fcbb10d19a0", "0x7fcbb10d19a0", "0x7fcbb10d19a0", "0x7fcbb10d19a0", "0x7fcbb10d19a0", "0x7fcbb10d19a0", "0x7fcbb10d19a0", "0x7fcbb10d19a0", "0x7fcbb10d19a0", "0x7fcbb10d19a0", "0x7fcbb10d19a0", "0x7fcbb10d19a0", "0x7fcbb10d19a0", "0x7fcbb10d19a0", "0x7fcbb10d19a0", "0x7fcbb10d19a0", "0x7fcbb10d19a0", "0x7fcbb10d19a0", "0x7fcbb10d19a0", "0x7fcbb10d19a0", "0x7fcbb10d19a0", "0x7fcbb10d19a0", "0x7fcbb10d19a0", "0x7fcbb10d19a0", "0x7fcbb10d19a0", "0x7fcbb10d19a0", "0x7fcbb10d19a0", "0x7fcbb10d19a0", "0x7fcbb10d19a0", "0x7fcbb10d19a0", "0x7fcbb10d19a0", "0x7fcbb10d19a0", "0x7fcbb10d19a0", "0x7fcbb10d19a0", "0x7fcbb10d19a0", "0x7fcbb10d19a0", "0x7fcbb10d19a0", "0x7fcbb10d19a0", "0x7fcbb10d19a0", "0x7fcbb10d19a0", "0x7fcbb10d19a0", "0x7fcbb10d19a0", "0x7fcbb10e24f8", "0x7fcbb10d1950"], "memsize":5288, "flags":{"wb_protected":true, "old":true, "long_lived":true, "marked":true}}
{"address":"0x7fcbb10d19c8", "type":"STRING", "class":"0x7fcbb10e0ef0", "frozen":true, "embedded":true, "fstring":true, "bytesize":11, "value":"ENOTCAPABLE", "encoding":"US-ASCII", "memsize":40, "flags":{"wb_protected":true, "old":true, "long_lived":true, "marked":true}}
{"address":"0x7fcbb10d19f0", "type":"STRING", "class":"0x7fcbb10e0ef0", "frozen":true, "embedded":true, "fstring":true, "bytesize":8, "value":"ECAPMODE", "encoding":"US-ASCII", "memsize":40, "flags":{"wb_protected":true, "old":true, "long_lived":true, "marked":true}}
{"address":"0x7fcbb10d1a18", "type":"STRING", "class":"0x7fcbb10e0ef0", "frozen":true, "embedded":true, "fstring":true, "bytesize":9, "value":"EHWPOISON", "encoding":"US-ASCII", "memsize":40, "flags":{"wb_protected":true, "old":true, "long_lived":true, "marked":true}}
{"address":"0x7fcbb10d1a40", "type":"STRING", "class":"0x7fcbb10e0ef0", "frozen":true, "embedded":true, "fstring":true, "bytesize":6, "value":"EIPSEC", "encoding":"US-ASCII", "memsize":40, "flags":{"wb_protected":true, "old":true, "long_lived":true, "marked":true}}
{"address":"0x7fcbb10d1a68", "type":"STRING", "class":"0x7fcbb10e0ef0", "frozen":true, "embedded":true, "bytesize":19, "value":"Errno::ERPCMISMATCH", "encoding":"US-ASCII", "memsize":40, "flags":{"wb_protected":true, "old":true, "long_lived":true, "marked":true}}
{"address":"0x7fcbb10d1a90", "type":"CLASS", "class":"0x7fcbb10e2430", "name":"Class", "references":["0x7fcbb10d1ab8", "0x7fcbb10db338"], "memsize":712, "flags":{"wb_protected":true, "old":true, "long_lived":true, "marked":true}}
{"address":"0x7fcbb10d1ab8", "type":"CLASS", "class":"0x7fcbb10d1a90", "name":"Errno::ERPCMISMATCH", "references":["0x7fcbb10d1a68", "0x7fcbb10db360"], "memsize":904, "flags":{"wb_protected":true, "old":true, "long_lived":true, "marked":true}}
{"address":"0x7fcbb10d1ae0", "type":"STRING", "class":"0x7fcbb10e0ef0", "frozen":true, "embedded":true, "fstring":true, "bytesize":12, "value":"ERPCMISMATCH", "encoding":"US-ASCII", "memsize":40, "flags":{"wb_protected":true, "old":true, "long_lived":true, "marked":true}}
{"address":"0x7fcbb10d1b08", "type":"STRING", "class":"0x7fcbb10e0ef0", "frozen":true, "embedded":true, "bytesize":19, "value":"Errno::EPROGUNAVAIL", "encoding":"US-ASCII", "memsize":40, "flags":{"wb_protected":true, "old":true, "long_lived":true, "marked":true}}
{"address":"0x7fcbb10d1b30", "type":"CLASS", "class":"0x7fcbb10e2430", "name":"Class", "references":["0x7fcbb10d1b58", "0x7fcbb10db338"], "memsize":712, "flags":{"wb_protected":true, "old":true, "long_lived":true, "marked":true}}
{"address":"0x7fcbb10d1b58", "type":"CLASS", "class":"0x7fcbb10d1b30", "name":"Errno::EPROGUNAVAIL", "references":["0x7fcbb10d1b08", "0x7fcbb10db360"], "memsize":904, "flags":{"wb_protected":true, "old":true, "long_lived":true, "marked":true}}
{"address":"0x7fcbb10d1b80", "type":"STRING", "class":"0x7fcbb10e0ef0", "frozen":true, "embedded":true, "fstring":true, "bytesize":12, "value":"EPROGUNAVAIL", "encoding":"US-ASCII", "memsize":40, "flags":{"wb_protected":true, "old":true, "long_lived":true, "marked":true}}
{"address":"0x7fcbb10d1ba8", "type":"STRING", "class":"0x7fcbb10e0ef0", "frozen":true, "embedded":true, "bytesize":20, "value":"Errno::EPROGMISMATCH", "encoding":"US-ASCII", "memsize":40, "flags":{"wb_protected":true, "old":true, "long_lived":true, "marked":true}}
{"address":"0x7fcbb10d1bd0", "type":"CLASS", "class":"0x7fcbb10e2430", "name":"Class", "references":["0x7fcbb10d1bf8", "0x7fcbb10db338"], "memsize":712, "flags":{"wb_protected":true, "old":true, "long_lived":true, "marked":true}}
{"address":"0x7fcbb10d1bf8", "type":"CLASS", "class":"0x7fcbb10d1bd0", "name":"Errno::EPROGMISMATCH", "references":["0x7fcbb10d1ba8", "0x7fcbb10db360"], "memsize":904, "flags":{"wb_protected":true, "old":true, "long_lived":true, "marked":true}}
{"address":"0x7fcbb10d1c20", "type":"STRING", "class":"0x7fcbb10e0ef0", "frozen":true, "embedded":true, "fstring":true, "bytesize":13, "value":"EPROGMISMATCH", "encoding":"US-ASCII", "memsize":40, "flags":{"wb_protected":true, "old":true, "long_lived":true, "marked":true}}
{"address":"0x7fcbb10d1c48", "type":"STRING", "class":"0x7fcbb10e0ef0", "frozen":true, "embedded":true, "bytesize":19, "value":"Errno::EPROCUNAVAIL", "encoding":"US-ASCII", "memsize":40, "flags":{"wb_protected":true, "old":true, "long_lived":true, "marked":true}}
{"address":"0x7fcbb10d1c70", "type":"CLASS", "class":"0x7fcbb10e2430", "name":"Class", "references":["0x7fcbb10d1c98", "0x7fcbb10db338"], "memsize":712, "flags":{"wb_protected":true, "old":true, "long_lived":true, "marked":true}}
{"address":"0x7fcbb10d1c98", "type":"CLASS", "class":"0x7fcbb10d1c70", "name":"Errno::EPROCUNAVAIL", "references":["0x7fcbb10d1c48", "0x7fcbb10db360"], "memsize":904, "flags":{"wb_protected":true, "old":true, "long_lived":true, "marked":true}}
{"address":"0x7fcbb10d1cc0", "type":"STRING", "class":"0x7fcbb10e0ef0", "frozen":true, "embedded":true, "fstring":true, "bytesize":12, "value":"EPROCUNAVAIL", "encoding":"US-ASCII", "memsize":40, "flags":{"wb_protected":true, "old":true, "long_lived":true, "marked":true}}
{"address":"0x7fcbb10d1ce8", "type":"STRING", "class":"0x7fcbb10e0ef0", "frozen":true, "embedded":true, "bytesize":15, "value":"Errno::EPROCLIM", "encoding":"US-ASCII", "memsize":40, "flags":{"wb_protected":true, "old":true, "long_lived":true, "marked":true}}
{"address":"0x7fcbb10d1d10", "type":"CLASS", "class":"0x7fcbb10e2430", "name":"Class", "references":["0x7fcbb10d1d38", "0x7fcbb10db338"], "memsize":712, "flags":{"wb_protected":true, "old":true, "long_lived":true, "marked":true}}
{"address":"0x7fcbb10d1d38", "type":"CLASS", "class":"0x7fcbb10d1d10", "name":"Errno::EPROCLIM", "references":["0x7fcbb10d1ce8", "0x7fcbb10db360"], "memsize":904, "flags":{"wb_protected":true, "old":true, "long_lived":true, "marked":true}}
{"address":"0x7fcbb10d1d60", "type":"STRING", "class":"0x7fcbb10e0ef0", "frozen":true, "embedded":true, "fstring":true, "bytesize":8, "value":"EPROCLIM", "encoding":"US-ASCII", "memsize":40, "flags":{"wb_protected":true, "old":true, "long_lived":true, "marked":true}}
{"address":"0x7fcbb10d1d88", "type":"STRING", "class":"0x7fcbb10e0ef0", "frozen":true, "embedded":true, "bytesize":14, "value":"Errno::ENOTSUP", "encoding":"US-ASCII", "memsize":40, "flags":{"wb_protected":true, "old":true, "long_lived":true, "marked":true}}
{"address":"0x7fcbb10d1db0", "type":"CLASS", "class":"0x7fcbb10e2430", "name":"Class", "references":["0x7fcbb10d1dd8", "0x7fcbb10db338"], "memsize":712, "flags":{"wb_protected":true, "old":true, "long_lived":true, "marked":true}}
{"address":"0x7fcbb10d1dd8", "type":"CLASS", "class":"0x7fcbb10d1db0", "name":"Errno::ENOTSUP", "references":["0x7fcbb10d1d88", "0x7fcbb10db360"], "memsize":904, "flags":{"wb_protected":true, "old":true, "long_lived":true, "marked":true}}
{"address":"0x7fcbb10d1e00", "type":"STRING", "class":"0x7fcbb10e0ef0", "frozen":true, "embedded":true, "fstring":true, "bytesize":7, "value":"ENOTSUP", "encoding":"US-ASCII", "memsize":40, "flags":{"wb_protected":true, "old":true, "long_lived":true, "marked":true}}
{"address":"0x7fcbb10d1e28", "type":"STRING", "class":"0x7fcbb10e0ef0", "frozen":true, "embedded":true, "bytesize":14, "value":"Errno::ENOATTR", "encoding":"US-ASCII", "memsize":40, "flags":{"wb_protected":true, "old":true, "long_lived":true, "marked":true}}
{"address":"0x7fcbb10d1e50", "type":"CLASS", "class":"0x7fcbb10e2430", "name":"Class", "references":["0x7fcbb10d1e78", "0x7fcbb10db338"], "memsize":712, "flags":{"wb_protected":true, "old":true, "long_lived":true, "marked":true}}
{"address":"0x7fcbb10d1e78", "type":"CLASS", "class":"0x7fcbb10d1e50", "name":"Errno::ENOATTR", "references":["0x7fcbb10d1e28", "0x7fcbb10db360"], "memsize":904, "flags":{"wb_protected":true, "old":true, "long_lived":true, "marked":true}}
{"address":"0x7fcbb10d1ea0", "type":"STRING", "class":"0x7fcbb10e0ef0", "frozen":true, "embedded":true, "fstring":true, "bytesize":7, "value":"ENOATTR", "encoding":"US-ASCII", "memsize":40, "flags":{"wb_protected":true, "old":true, "long_lived":true, "marked":true}}
{"address":"0x7fcbb10d1ec8", "type":"STRING", "class":"0x7fcbb10e0ef0", "frozen":true, "embedded":true, "bytesize":16, "value":"Errno::ENEEDAUTH", "encoding":"US-ASCII", "memsize":40, "flags":{"wb_protected":true, "old":true, "long_lived":true, "marked":true}}
{"address":"0x7fcbb10d1ef0", "type":"CLASS", "class":"0x7fcbb10e2430", "name":"Class", "references":["0x7fcbb10d1f18", "0x7fcbb10db338"], "memsize":712, "flags":{"wb_protected":true, "old":true, "long_lived":true, "marked":true}}
{"address":"0x7fcbb10d1f18", "type":"CLASS", "class":"0x7fcbb10d1ef0", "name":"Errno::ENEEDAUTH", "references":["0x7fcbb10d1ec8", "0x7fcbb10db360"], "memsize":904, "flags":{"wb_protected":true, "old":true, "long_lived":true, "marked":true}}
{"address":"0x7fcbb10d1f40", "type":"STRING", "class":"0x7fcbb10e0ef0", "frozen":true, "embedded":true, "fstring":true, "bytesize":9, "value":"ENEEDAUTH", "encoding":"US-ASCII", "memsize":40, "flags":{"wb_protected":true, "old":true, "long_lived":true, "marked":true}}
{"address":"0x7fcbb10d1f68", "type":"STRING", "class":"0x7fcbb10e0ef0", "frozen":true, "embedded":true, "bytesize":13, "value":"Errno::EFTYPE", "encoding":"US-ASCII", "memsize":40, "flags":{"wb_protected":true, "old":true, "long_lived":true, "marked":true}}
{"address":"0x7fcbb10d1f90", "type":"CLASS", "class":"0x7fcbb10e2430", "name":"Class", "references":["0x7fcbb10d1fb8", "0x7fcbb10db338"], "memsize":712, "flags":{"wb_protected":true, "old":true, "long_lived":true, "marked":true}}
{"address":"0x7fcbb10d1fb8", "type":"CLASS", "class":"0x7fcbb10d1f90", "name":"Errno::EFTYPE", "references":["0x7fcbb10d1f68", "0x7fcbb10db360"], "memsize":904, "flags":{"wb_protected":true, "old":true, "long_lived":true, "marked":true}}
{"address":"0x7fcbb10d1fe0", "type":"STRING", "class":"0x7fcbb10e0ef0", "frozen":true, "embedded":true, "fstring":true, "bytesize":6, "value":"EFTYPE", "encoding":"US-ASCII", "memsize":40, "flags":{"wb_protected":true, "old":true, "long_lived":true, "marked":true}}
{"address":"0x7fcbb10d2008", "type":"STRING", "class":"0x7fcbb10e0ef0", "frozen":true, "embedded":true, "fstring":true, "bytesize":7, "value":"EDOOFUS", "encoding":"US-ASCII", "memsize":40, "flags":{"wb_protected":true, "old":true, "long_lived":true, "marked":true}}
{"address":"0x7fcbb10d2030", "type":"STRING", "class":"0x7fcbb10e0ef0", "frozen":true, "embedded":true, "bytesize":14, "value":"Errno::EBADRPC", "encoding":"US-ASCII", "memsize":40, "flags":{"wb_protected":true, "old":true, "long_lived":true, "marked":true}}
{"address":"0x7fcbb10d2058", "type":"CLASS", "class":"0x7fcbb10e2430", "name":"Class", "references":["0x7fcbb10d2080", "0x7fcbb10db338"], "memsize":712, "flags":{"wb_protected":true, "old":true, "long_lived":true, "marked":true}}
{"address":"0x7fcbb10d2080", "type":"CLASS", "class":"0x7fcbb10d2058", "name":"Errno::EBADRPC", "references":["0x7fcbb10d2030", "0x7fcbb10db360"], "memsize":904, "flags":{"wb_protected":true, "old":true, "long_lived":true, "marked":true}}
{"address":"0x7fcbb10d20a8", "type":"STRING", "class":"0x7fcbb10e0ef0", "frozen":true, "embedded":true, "fstring":true, "bytesize":7, "value":"EBADRPC", "encoding":"US-ASCII", "memsize":40, "flags":{"wb_protected":true, "old":true, "long_lived":true, "marked":true}}
{"address":"0x7fcbb10d20d0", "type":"STRING", "class":"0x7fcbb10e0ef0", "frozen":true, "embedded":true, "bytesize":12, "value":"Errno::EAUTH", "encoding":"US-ASCII", "memsize":40, "flags":{"wb_protected":true, "old":true, "long_lived":true, "marked":true}}
{"address":"0x7fcbb10d20f8", "type":"CLASS", "class":"0x7fcbb10e2430", "name":"Class", "references":["0x7fcbb10d2120", "0x7fcbb10db338"], "memsize":712, "flags":{"wb_protected":true, "old":true, "long_lived":true, "marked":true}}
{"address":"0x7fcbb10d2120", "type":"CLASS", "class":"0x7fcbb10d20f8", "name":"Errno::EAUTH", "references":["0x7fcbb10d20d0", "0x7fcbb10db360"], "memsize":904, "flags":{"wb_protected":true, "old":true, "long_lived":true, "marked":true}}
{"address":"0x7fcbb10d2148", "type":"STRING", "class":"0x7fcbb10e0ef0", "frozen":true, "embedded":true, "fstring":true, "bytesize":5, "value":"EAUTH", "encoding":"US-ASCII", "memsize":40, "flags":{"wb_protected":true, "old":true, "long_lived":true, "marked":true}}
{"address":"0x7fcbb10d2170", "type":"STRING", "class":"0x7fcbb10e0ef0", "frozen":true, "embedded":true, "fstring":true, "bytesize":7, "value":"ERFKILL", "encoding":"US-ASCII", "memsize":40, "flags":{"wb_protected":true, "old":true, "long_lived":true, "marked":true}}
{"address":"0x7fcbb10d2198", "type":"STRING", "class":"0x7fcbb10e0ef0", "frozen":true, "embedded":true, "bytesize":17, "value":"Errno::EOWNERDEAD", "encoding":"US-ASCII", "memsize":40, "flags":{"wb_protected":true, "old":true, "long_lived":true, "marked":true}}
{"address":"0x7fcbb10d21c0", "type":"CLASS", "class":"0x7fcbb10e2430", "name":"Class", "references":["0x7fcbb10d21e8", "0x7fcbb10db338"], "memsize":712, "flags":{"wb_protected":true, "old":true, "long_lived":true, "marked":true}}
{"address":"0x7fcbb10d21e8", "type":"CLASS", "class":"0x7fcbb10d21c0", "name":"Errno::EOWNERDEAD", "references":["0x7fcbb10d2198", "0x7fcbb10db360"], "memsize":904, "flags":{"wb_protected":true, "old":true, "long_lived":true, "marked":true}}
{"address":"0x7fcbb10d2210", "type":"STRING", "class":"0x7fcbb10e0ef0", "frozen":true, "embedded":true, "fstring":true, "bytesize":10, "value":"EOWNERDEAD", "encoding":"US-ASCII", "memsize":40, "flags":{"wb_protected":true, "old":true, "long_lived":true, "marked":true}}
{"address":"0x7fcbb10d2238", "type":"STRING", "class":"0x7fcbb10e0ef0", "frozen":true, "embedded":true, "bytesize":22, "value":"Errno::ENOTRECOVERABLE", "encoding":"US-ASCII", "memsize":40, "flags":{"wb_protected":true, "old":true, "long_lived":true, "marked":true}}
{"address":"0x7fcbb10d2260", "type":"CLASS", "class":"0x7fcbb10e2430", "name":"Class", "references":["0x7fcbb10d2288", "0x7fcbb10db338"], "memsize":712, "flags":{"wb_protected":true, "old":true, "long_lived":true, "marked":true}}
{"address":"0x7fcbb10d2288", "type":"CLASS", "class":"0x7fcbb10d2260", "name":"Errno::ENOTRECOVERABLE", "references":["0x7fcbb10d2238", "0x7fcbb10db360"], "memsize":904, "flags":{"wb_protected":true, "old":true, "long_lived":true, "marked":true}}
{"address":"0x7fcbb10d22b0", "type":"STRING", "class":"0x7fcbb10e0ef0", "frozen":true, "embedded":true, "fstring":true, "bytesize":15, "value":"ENOTRECOVERABLE", "encoding":"US-ASCII", "memsize":40, "flags":{"wb_protected":true, "old":true, "long_lived":true, "marked":true}}
{"address":"0x7fcbb10d22d8", "type":"STRING", "class":"0x7fcbb10e0ef0", "frozen":true, "embedded":true, "fstring":true, "bytesize":9, "value":"ENOMEDIUM", "encoding":"US-ASCII", "memsize":40, "flags":{"wb_protected":true, "old":true, "long_lived":true, "marked":true}}
{"address":"0x7fcbb10d2300", "type":"STRING", "class":"0x7fcbb10e0ef0", "frozen":true, "embedded":true, "fstring":true, "bytesize":6, "value":"ENOKEY", "encoding":"US-ASCII", "memsize":40, "flags":{"wb_protected":true, "old":true, "long_lived":true, "marked":true}}
{"address":"0x7fcbb10d2328", "type":"STRING", "class":"0x7fcbb10e0ef0", "frozen":true, "embedded":true, "fstring":true, "bytesize":11, "value":"EMEDIUMTYPE", "encoding":"US-ASCII", "memsize":40, "flags":{"wb_protected":true, "old":true, "long_lived":true, "marked":true}}
{"address":"0x7fcbb10d2350", "type":"STRING", "class":"0x7fcbb10e0ef0", "frozen":true, "embedded":true, "fstring":true, "bytesize":11, "value":"EKEYREVOKED", "encoding":"US-ASCII", "memsize":40, "flags":{"wb_protected":true, "old":true, "long_lived":true, "marked":true}}
{"address":"0x7fcbb10d2378", "type":"STRING", "class":"0x7fcbb10e0ef0", "frozen":true, "embedded":true, "fstring":true, "bytesize":12, "value":"EKEYREJECTED", "encoding":"US-ASCII", "memsize":40, "flags":{"wb_protected":true, "old":true, "long_lived":true, "marked":true}}
{"address":"0x7fcbb10d23a0", "type":"STRING", "class":"0x7fcbb10e0ef0", "frozen":true, "embedded":true, "fstring":true, "bytesize":11, "value":"EKEYEXPIRED", "encoding":"US-ASCII", "memsize":40, "flags":{"wb_protected":true, "old":true, "long_lived":true, "marked":true}}
{"address":"0x7fcbb10d23c8", "type":"STRING", "class":"0x7fcbb10e0ef0", "frozen":true, "embedded":true, "bytesize":16, "value":"Errno::ECANCELED", "encoding":"US-ASCII", "memsize":40, "flags":{"wb_protected":true, "old":true, "long_lived":true, "marked":true}}
{"address":"0x7fcbb10d23f0", "type":"CLASS", "class":"0x7fcbb10e2430", "name":"Class", "references":["0x7fcbb10d2418", "0x7fcbb10db338"], "memsize":712, "flags":{"wb_protected":true, "old":true, "long_lived":true, "marked":true}}
{"address":"0x7fcbb10d2418", "type":"CLASS", "class":"0x7fcbb10d23f0", "name":"Errno::ECANCELED", "references":["0x7fcbb10d23c8", "0x7fcbb10db360"], "memsize":904, "flags":{"wb_protected":true, "old":true, "long_lived":true, "marked":true}}
{"address":"0x7fcbb10d2440", "type":"STRING", "class":"0x7fcbb10e0ef0", "frozen":true, "embedded":true, "fstring":true, "bytesize":9, "value":"ECANCELED", "encoding":"US-ASCII", "memsize":40, "flags":{"wb_protected":true, "old":true, "long_lived":true, "marked":true}}
{"address":"0x7fcbb10d2468", "type":"STRING", "class":"0x7fcbb10e0ef0", "frozen":true, "embedded":true, "bytesize":13, "value":"Errno::EDQUOT", "encoding":"US-ASCII", "memsize":40, "flags":{"wb_protected":true, "old":true, "long_lived":true, "marked":true}}
{"address":"0x7fcbb10d2490", "type":"CLASS", "class":"0x7fcbb10e2430", "name":"Class", "references":["0x7fcbb10d24b8", "0x7fcbb10db338"], "memsize":712, "flags":{"wb_protected":true, "old":true, "long_lived":true, "marked":true}}
{"address":"0x7fcbb10d24b8", "type":"CLASS", "class":"0x7fcbb10d2490", "name":"Errno::EDQUOT", "references":["0x7fcbb10d2468", "0x7fcbb10db360"], "memsize":904, "flags":{"wb_protected":true, "old":true, "long_lived":true, "marked":true}}
{"address":"0x7fcbb10d24e0", "type":"STRING", "class":"0x7fcbb10e0ef0", "frozen":true, "embedded":true, "fstring":true, "bytesize":6, "value":"EDQUOT", "encoding":"US-ASCII", "memsize":40, "flags":{"wb_protected":true, "old":true, "long_lived":true, "marked":true}}
{"address":"0x7fcbb10d2508", "type":"STRING", "class":"0x7fcbb10e0ef0", "frozen":true, "embedded":true, "fstring":true, "bytesize":9, "value":"EREMOTEIO", "encoding":"US-ASCII", "memsize":40, "flags":{"wb_protected":true, "old":true, "long_lived":true, "marked":true}}
{"address":"0x7fcbb10d2530", "type":"STRING", "class":"0x7fcbb10e0ef0", "frozen":true, "embedded":true, "fstring":true, "bytesize":6, "value":"EISNAM", "encoding":"US-ASCII", "memsize":40, "flags":{"wb_protected":true, "old":true, "long_lived":true, "marked":true}}
{"address":"0x7fcbb10d2558", "type":"STRING", "class":"0x7fcbb10e0ef0", "frozen":true, "embedded":true, "fstring":true, "bytesize":7, "value":"ENAVAIL", "encoding":"US-ASCII", "memsize":40, "flags":{"wb_protected":true, "old":true, "long_lived":true, "marked":true}}
{"address":"0x7fcbb10d2580", "type":"STRING", "class":"0x7fcbb10e0ef0", "frozen":true, "embedded":true, "fstring":true, "bytesize":7, "value":"ENOTNAM", "encoding":"US-ASCII", "memsize":40, "flags":{"wb_protected":true, "old":true, "long_lived":true, "marked":true}}
{"address":"0x7fcbb10d25a8", "type":"STRING", "class":"0x7fcbb10e0ef0", "frozen":true, "embedded":true, "fstring":true, "bytesize":7, "value":"EUCLEAN", "encoding":"US-ASCII", "memsize":40, "flags":{"wb_protected":true, "old":true, "long_lived":true, "marked":true}}
{"address":"0x7fcbb10d25d0", "type":"STRING", "class":"0x7fcbb10e0ef0", "frozen":true, "embedded":true, "bytesize":13, "value":"Errno::ESTALE", "encoding":"US-ASCII", "memsize":40, "flags":{"wb_protected":true, "old":true, "long_lived":true, "marked":true}}
{"address":"0x7fcbb10d25f8", "type":"CLASS", "class":"0x7fcbb10e2430", "name":"Class", "references":["0x7fcbb10d2620", "0x7fcbb10db338"], "memsize":712, "flags":{"wb_protected":true, "old":true, "long_lived":true, "marked":true}}
{"address":"0x7fcbb10d2620", "type":"CLASS", "class":"0x7fcbb10d25f8", "name":"Errno::ESTALE", "references":["0x7fcbb10d25d0", "0x7fcbb10db360"], "memsize":904, "flags":{"wb_protected":true, "old":true, "long_lived":true, "marked":true}}
{"address":"0x7fcbb10d2648", "type":"STRING", "class":"0x7fcbb10e0ef0", "frozen":true, "embedded":true, "fstring":true, "bytesize":6, "value":"ESTALE", "encoding":"US-ASCII", "memsize":40, "flags":{"wb_protected":true, "old":true, "long_lived":true, "marked":true}}
{"address":"0x7fcbb10d2670", "type":"STRING", "class":"0x7fcbb10e0ef0", "frozen":true, "embedded":true, "bytesize":18, "value":"Errno::EINPROGRESS", "encoding":"US-ASCII", "memsize":40, "flags":{"wb_protected":true, "old":true, "long_lived":true, "marked":true}}
{"address":"0x7fcbb10d2698", "type":"CLASS", "class":"0x7fcbb10e2430", "name":"Class", "references":["0x7fcbb10d26c0", "0x7fcbb10db338"], "memsize":712, "flags":{"wb_protected":true, "old":true, "long_lived":true, "marked":true}}
{"address":"0x7fcbb10d26c0", "type":"CLASS", "class":"0x7fcbb10d2698", "name":"Errno::EINPROGRESS", "references":["0x7fcbb10d2670", "0x7fcbb10db360"], "memsize":904, "flags":{"wb_protected":true, "old":true, "long_lived":true, "marked":true}}
{"address":"0x7fcbb10d26e8", "type":"STRING", "class":"0x7fcbb10e0ef0", "frozen":true, "embedded":true, "fstring":true, "bytesize":11, "value":"EINPROGRESS", "encoding":"US-ASCII", "memsize":40, "flags":{"wb_protected":true, "old":true, "long_lived":true, "marked":true}}
{"address":"0x7fcbb10d2710", "type":"STRING", "class":"0x7fcbb10e0ef0", "frozen":true, "embedded":true, "bytesize":15, "value":"Errno::EALREADY", "encoding":"US-ASCII", "memsize":40, "flags":{"wb_protected":true, "old":true, "long_lived":true, "marked":true}}
{"address":"0x7fcbb10d2738", "type":"CLASS", "class":"0x7fcbb10e2430", "name":"Class", "references":["0x7fcbb10d2760", "0x7fcbb10db338"], "memsize":712, "flags":{"wb_protected":true, "old":true, "long_lived":true, "marked":true}}
{"address":"0x7fcbb10d2760", "type":"CLASS", "class":"0x7fcbb10d2738", "name":"Errno::EALREADY", "references":["0x7fcbb10d2710", "0x7fcbb10db360"], "memsize":904, "flags":{"wb_protected":true, "old":true, "long_lived":true, "marked":true}}
{"address":"0x7fcbb10d2788", "type":"STRING", "class":"0x7fcbb10e0ef0", "frozen":true, "embedded":true, "fstring":true, "bytesize":8, "value":"EALREADY", "encoding":"US-ASCII", "memsize":40, "flags":{"wb_protected":true, "old":true, "long_lived":true, "marked":true}}
{"address":"0x7fcbb10d27b0", "type":"STRING", "class":"0x7fcbb10e0ef0", "frozen":true, "embedded":true, "bytesize":19, "value":"Errno::EHOSTUNREACH", "encoding":"US-ASCII", "memsize":40, "flags":{"wb_protected":true, "old":true, "long_lived":true, "marked":true}}
{"address":"0x7fcbb10d27d8", "type":"CLASS", "class":"0x7fcbb10e2430", "name":"Class", "references":["0x7fcbb10d2800", "0x7fcbb10db338"], "memsize":712, "flags":{"wb_protected":true, "old":true, "long_lived":true, "marked":true}}
{"address":"0x7fcbb10d2800", "type":"CLASS", "class":"0x7fcbb10d27d8", "name":"Errno::EHOSTUNREACH", "references":["0x7fcbb10d27b0", "0x7fcbb10db360"], "memsize":904, "flags":{"wb_protected":true, "old":true, "long_lived":true, "marked":true}}
{"address":"0x7fcbb10d2828", "type":"STRING", "class":"0x7fcbb10e0ef0", "frozen":true, "embedded":true, "fstring":true, "bytesize":12, "value":"EHOSTUNREACH", "encoding":"US-ASCII", "memsize":40, "flags":{"wb_protected":true, "old":true, "long_lived":true, "marked":true}}
{"address":"0x7fcbb10d2850", "type":"STRING", "class":"0x7fcbb10e0ef0", "frozen":true, "embedded":true, "bytesize":16, "value":"Errno::EHOSTDOWN", "encoding":"US-ASCII", "memsize":40, "flags":{"wb_protected":true, "old":true, "long_lived":true, "marked":true}}
{"address":"0x7fcbb10d2878", "type":"CLASS", "class":"0x7fcbb10e2430", "name":"Class", "references":["0x7fcbb10d28a0", "0x7fcbb10db338"], "memsize":712, "flags":{"wb_protected":true, "old":true, "long_lived":true, "marked":true}}
{"address":"0x7fcbb10d28a0", "type":"CLASS", "class":"0x7fcbb10d2878", "name":"Errno::EHOSTDOWN", "references":["0x7fcbb10d2850", "0x7fcbb10db360"], "memsize":904, "flags":{"wb_protected":true, "old":true, "long_lived":true, "marked":true}}
{"address":"0x7fcbb10d28c8", "type":"STRING", "class":"0x7fcbb10e0ef0", "frozen":true, "embedded":true, "fstring":true, "bytesize":9, "value":"EHOSTDOWN", "encoding":"US-ASCII", "memsize":40, "flags":{"wb_protected":true, "old":true, "long_lived":true, "marked":true}}
{"address":"0x7fcbb10d28f0", "type":"STRING", "class":"0x7fcbb10e0ef0", "frozen":true, "embedded":true, "bytesize":19, "value":"Errno::ECONNREFUSED", "encoding":"US-ASCII", "memsize":40, "flags":{"wb_protected":true, "old":true, "long_lived":true, "marked":true}}
{"address":"0x7fcbb10d2918", "type":"CLASS", "class":"0x7fcbb10e2430", "name":"Class", "references":["0x7fcbb10d2940", "0x7fcbb10db338"], "memsize":712, "flags":{"wb_protected":true, "old":true, "long_lived":true, "marked":true}}
{"address":"0x7fcbb10d2940", "type":"CLASS", "class":"0x7fcbb10d2918", "name":"Errno::ECONNREFUSED", "references":["0x7fcbb10d28f0", "0x7fcbb10db360"], "memsize":904, "flags":{"wb_protected":true, "old":true, "long_lived":true, "marked":true}}
{"address":"0x7fcbb10d2968", "type":"STRING", "class":"0x7fcbb10e0ef0", "frozen":true, "embedded":true, "fstring":true, "bytesize":12, "value":"ECONNREFUSED", "encoding":"US-ASCII", "memsize":40, "flags":{"wb_protected":true, "old":true, "long_lived":true, "marked":true}}
{"address":"0x7fcbb10d2990", "type":"STRING", "class":"0x7fcbb10e0ef0", "frozen":true, "embedded":true, "bytesize":16, "value":"Errno::ETIMEDOUT", "encoding":"US-ASCII", "memsize":40, "flags":{"wb_protected":true, "old":true, "long_lived":true, "marked":true}}
{"address":"0x7fcbb10d29b8", "type":"CLASS", "class":"0x7fcbb10e2430", "name":"Class", "references":["0x7fcbb10d29e0", "0x7fcbb10db338"], "memsize":712, "flags":{"wb_protected":true, "old":true, "long_lived":true, "marked":true}}
{"address":"0x7fcbb10d29e0", "type":"CLASS", "class":"0x7fcbb10d29b8", "name":"Errno::ETIMEDOUT", "references":["0x7fcbb10d2990", "0x7fcbb10db360"], "memsize":904, "flags":{"wb_protected":true, "old":true, "long_lived":true, "marked":true}}
{"address":"0x7fcbb10d2a08", "type":"STRING", "class":"0x7fcbb10e0ef0", "frozen":true, "embedded":true, "fstring":true, "bytesize":9, "value":"ETIMEDOUT", "encoding":"US-ASCII", "memsize":40, "flags":{"wb_protected":true, "old":true, "long_lived":true, "marked":true}}
{"address":"0x7fcbb10d2a30", "type":"STRING", "class":"0x7fcbb10e0ef0", "frozen":true, "embedded":true, "bytesize":19, "value":"Errno::ETOOMANYREFS", "encoding":"US-ASCII", "memsize":40, "flags":{"wb_protected":true, "old":true, "long_lived":true, "marked":true}}
{"address":"0x7fcbb10d2a58", "type":"CLASS", "class":"0x7fcbb10e2430", "name":"Class", "references":["0x7fcbb10d2a80", "0x7fcbb10db338"], "memsize":712, "flags":{"wb_protected":true, "old":true, "long_lived":true, "marked":true}}
{"address":"0x7fcbb10d2a80", "type":"CLASS", "class":"0x7fcbb10d2a58", "name":"Errno::ETOOMANYREFS", "references":["0x7fcbb10d2a30", "0x7fcbb10db360"], "memsize":904, "flags":{"wb_protected":true, "old":true, "long_lived":true, "marked":true}}
{"address":"0x7fcbb10d2aa8", "type":"STRING", "class":"0x7fcbb10e0ef0", "frozen":true, "embedded":true, "fstring":true, "bytesize":12, "value":"ETOOMANYREFS", "encoding":"US-ASCII", "memsize":40, "flags":{"wb_protected":true, "old":true, "long_lived":true, "marked":true}}
{"address":"0x7fcbb10d2ad0", "type":"STRING", "class":"0x7fcbb10e0ef0", "frozen":true, "embedded":true, "bytesize":16, "value":"Errno::ESHUTDOWN", "encoding":"US-ASCII", "memsize":40, "flags":{"wb_protected":true, "old":true, "long_lived":true, "marked":true}}
{"address":"0x7fcbb10d2af8", "type":"CLASS", "class":"0x7fcbb10e2430", "name":"Class", "references":["0x7fcbb10d2b20", "0x7fcbb10db338"], "memsize":712, "flags":{"wb_protected":true, "old":true, "long_lived":true, "marked":true}}
{"address":"0x7fcbb10d2b20", "type":"CLASS", "class":"0x7fcbb10d2af8", "name":"Errno::ESHUTDOWN", "references":["0x7fcbb10d2ad0", "0x7fcbb10db360"], "memsize":904, "flags":{"wb_protected":true, "old":true, "long_lived":true, "marked":true}}
{"address":"0x7fcbb10d2b48", "type":"STRING", "class":"0x7fcbb10e0ef0", "frozen":true, "embedded":true, "fstring":true, "bytesize":9, "value":"ESHUTDOWN", "encoding":"US-ASCII", "memsize":40, "flags":{"wb_protected":true, "old":true, "long_lived":true, "marked":true}}
{"address":"0x7fcbb10d2b70", "type":"STRING", "class":"0x7fcbb10e0ef0", "frozen":true, "embedded":true, "bytesize":15, "value":"Errno::ENOTCONN", "encoding":"US-ASCII", "memsize":40, "flags":{"wb_protected":true, "old":true, "long_lived":true, "marked":true}}
{"address":"0x7fcbb10d2b98", "type":"CLASS", "class":"0x7fcbb10e2430", "name":"Class", "references":["0x7fcbb10d2bc0", "0x7fcbb10db338"], "memsize":712, "flags":{"wb_protected":true, "old":true, "long_lived":true, "marked":true}}
{"address":"0x7fcbb10d2bc0", "type":"CLASS", "class":"0x7fcbb10d2b98", "name":"Errno::ENOTCONN", "references":["0x7fcbb10d2b70", "0x7fcbb10db360"], "memsize":904, "flags":{"wb_protected":true, "old":true, "long_lived":true, "marked":true}}
{"address":"0x7fcbb10d2be8", "type":"STRING", "class":"0x7fcbb10e0ef0", "frozen":true, "embedded":true, "fstring":true, "bytesize":8, "value":"ENOTCONN", "encoding":"US-ASCII", "memsize":40, "flags":{"wb_protected":true, "old":true, "long_lived":true, "marked":true}}
{"address":"0x7fcbb10d2c10", "type":"STRING", "class":"0x7fcbb10e0ef0", "frozen":true, "embedded":true, "bytesize":14, "value":"Errno::EISCONN", "encoding":"US-ASCII", "memsize":40, "flags":{"wb_protected":true, "old":true, "long_lived":true, "marked":true}}
{"address":"0x7fcbb10d2c38", "type":"CLASS", "class":"0x7fcbb10e2430", "name":"Class", "references":["0x7fcbb10d2c60", "0x7fcbb10db338"], "memsize":712, "flags":{"wb_protected":true, "old":true, "long_lived":true, "marked":true}}
{"address":"0x7fcbb10d2c60", "type":"CLASS", "class":"0x7fcbb10d2c38", "name":"Errno::EISCONN", "references":["0x7fcbb10d2c10", "0x7fcbb10db360"], "memsize":904, "flags":{"wb_protected":true, "old":true, "long_lived":true, "marked":true}}
{"address":"0x7fcbb10d2c88", "type":"STRING", "class":"0x7fcbb10e0ef0", "frozen":true, "embedded":true, "fstring":true, "bytesize":7, "value":"EISCONN", "encoding":"US-ASCII", "memsize":40, "flags":{"wb_protected":true, "old":true, "long_lived":true, "marked":true}}
{"address":"0x7fcbb10d2cb0", "type":"STRING", "class":"0x7fcbb10e0ef0", "frozen":true, "embedded":true, "bytesize":14, "value":"Errno::ENOBUFS", "encoding":"US-ASCII", "memsize":40, "flags":{"wb_protected":true, "old":true, "long_lived":true, "marked":true}}
{"address":"0x7fcbb10d2cd8", "type":"CLASS", "class":"0x7fcbb10e2430", "name":"Class", "references":["0x7fcbb10d2d00", "0x7fcbb10db338"], "memsize":712, "flags":{"wb_protected":true, "old":true, "long_lived":true, "marked":true}}
{"address":"0x7fcbb10d2d00", "type":"CLASS", "class":"0x7fcbb10d2cd8", "name":"Errno::ENOBUFS", "references":["0x7fcbb10d2cb0", "0x7fcbb10db360"], "memsize":904, "flags":{"wb_protected":true, "old":true, "long_lived":true, "marked":true}}
{"address":"0x7fcbb10d2d28", "type":"STRING", "class":"0x7fcbb10e0ef0", "frozen":true, "embedded":true, "fstring":true, "bytesize":7, "value":"ENOBUFS", "encoding":"US-ASCII", "memsize":40, "flags":{"wb_protected":true, "old":true, "long_lived":true, "marked":true}}
{"address":"0x7fcbb10d2d50", "type":"STRING", "class":"0x7fcbb10e0ef0", "frozen":true, "embedded":true, "bytesize":17, "value":"Errno::ECONNRESET", "encoding":"US-ASCII", "memsize":40, "flags":{"wb_protected":true, "old":true, "long_lived":true, "marked":true}}
{"address":"0x7fcbb10d2d78", "type":"CLASS", "class":"0x7fcbb10e2430", "name":"Class", "references":["0x7fcbb10d2da0", "0x7fcbb10db338"], "memsize":712, "flags":{"wb_protected":true, "old":true, "long_lived":true, "marked":true}}
{"address":"0x7fcbb10d2da0", "type":"CLASS", "class":"0x7fcbb10d2d78", "name":"Errno::ECONNRESET", "references":["0x7fcbb10d2d50", "0x7fcbb10db360"], "memsize":904, "flags":{"wb_protected":true, "old":true, "long_lived":true, "marked":true}}
{"address":"0x7fcbb10d2dc8", "type":"STRING", "class":"0x7fcbb10e0ef0", "frozen":true, "embedded":true, "fstring":true, "bytesize":10, "value":"ECONNRESET", "encoding":"US-ASCII", "memsize":40, "flags":{"wb_protected":true, "old":true, "long_lived":true, "marked":true}}
{"address":"0x7fcbb10d2df0", "type":"STRING", "class":"0x7fcbb10e0ef0", "frozen":true, "embedded":true, "bytesize":19, "value":"Errno::ECONNABORTED", "encoding":"US-ASCII", "memsize":40, "flags":{"wb_protected":true, "old":true, "long_lived":true, "marked":true}}
{"address":"0x7fcbb10d2e18", "type":"CLASS", "class":"0x7fcbb10e2430", "name":"Class", "references":["0x7fcbb10d2e40", "0x7fcbb10db338"], "memsize":712, "flags":{"wb_protected":true, "old":true, "long_lived":true, "marked":true}}
{"address":"0x7fcbb10d2e40", "type":"CLASS", "class":"0x7fcbb10d2e18", "name":"Errno::ECONNABORTED", "references":["0x7fcbb10d2df0", "0x7fcbb10db360"], "memsize":904, "flags":{"wb_protected":true, "old":true, "long_lived":true, "marked":true}}
{"address":"0x7fcbb10d2e68", "type":"STRING", "class":"0x7fcbb10e0ef0", "frozen":true, "embedded":true, "fstring":true, "bytesize":12, "value":"ECONNABORTED", "encoding":"US-ASCII", "memsize":40, "flags":{"wb_protected":true, "old":true, "long_lived":true, "marked":true}}
{"address":"0x7fcbb10d2e90", "type":"STRING", "class":"0x7fcbb10e0ef0", "frozen":true, "embedded":true, "bytesize":16, "value":"Errno::ENETRESET", "encoding":"US-ASCII", "memsize":40, "flags":{"wb_protected":true, "old":true, "long_lived":true, "marked":true}}
{"address":"0x7fcbb10d2eb8", "type":"CLASS", "class":"0x7fcbb10e2430", "name":"Class", "references":["0x7fcbb10d2ee0", "0x7fcbb10db338"], "memsize":712, "flags":{"wb_protected":true, "old":true, "long_lived":true, "marked":true}}
{"address":"0x7fcbb10d2ee0", "type":"CLASS", "class":"0x7fcbb10d2eb8", "name":"Errno::ENETRESET", "references":["0x7fcbb10d2e90", "0x7fcbb10db360"], "memsize":904, "flags":{"wb_protected":true, "old":true, "long_lived":true, "marked":true}}
{"address":"0x7fcbb10d2f08", "type":"STRING", "class":"0x7fcbb10e0ef0", "frozen":true, "embedded":true, "fstring":true, "bytesize":9, "value":"ENETRESET", "encoding":"US-ASCII", "memsize":40, "flags":{"wb_protected":true, "old":true, "long_lived":true, "marked":true}}
{"address":"0x7fcbb10d2f30", "type":"STRING", "class":"0x7fcbb10e0ef0", "frozen":true, "embedded":true, "bytesize":18, "value":"Errno::ENETUNREACH", "encoding":"US-ASCII", "memsize":40, "flags":{"wb_protected":true, "old":true, "long_lived":true, "marked":true}}
{"address":"0x7fcbb10d2f58", "type":"CLASS", "class":"0x7fcbb10e2430", "name":"Class", "references":["0x7fcbb10d2f80", "0x7fcbb10db338"], "memsize":712, "flags":{"wb_protected":true, "old":true, "long_lived":true, "marked":true}}
{"address":"0x7fcbb10d2f80", "type":"CLASS", "class":"0x7fcbb10d2f58", "name":"Errno::ENETUNREACH", "references":["0x7fcbb10d2f30", "0x7fcbb10db360"], "memsize":904, "flags":{"wb_protected":true, "old":true, "long_lived":true, "marked":true}}
{"address":"0x7fcbb10d2fa8", "type":"STRING", "class":"0x7fcbb10e0ef0", "frozen":true, "embedded":true, "fstring":true, "bytesize":11, "value":"ENETUNREACH", "encoding":"US-ASCII", "memsize":40, "flags":{"wb_protected":true, "old":true, "long_lived":true, "marked":true}}
{"address":"0x7fcbb10d2fd0", "type":"STRING", "class":"0x7fcbb10e0ef0", "frozen":true, "embedded":true, "bytesize":15, "value":"Errno::ENETDOWN", "encoding":"US-ASCII", "memsize":40, "flags":{"wb_protected":true, "old":true, "long_lived":true, "marked":true}}
{"address":"0x7fcbb10d2ff8", "type":"CLASS", "class":"0x7fcbb10e2430", "name":"Class", "references":["0x7fcbb10d3020", "0x7fcbb10db338"], "memsize":712, "flags":{"wb_protected":true, "old":true, "long_lived":true, "marked":true}}
{"address":"0x7fcbb10d3020", "type":"CLASS", "class":"0x7fcbb10d2ff8", "name":"Errno::ENETDOWN", "references":["0x7fcbb10d2fd0", "0x7fcbb10db360"], "memsize":904, "flags":{"wb_protected":true, "old":true, "long_lived":true, "marked":true}}
{"address":"0x7fcbb10d3048", "type":"STRING", "class":"0x7fcbb10e0ef0", "frozen":true, "embedded":true, "fstring":true, "bytesize":8, "value":"ENETDOWN", "encoding":"US-ASCII", "memsize":40, "flags":{"wb_protected":true, "old":true, "long_lived":true, "marked":true}}
{"address":"0x7fcbb10d3070", "type":"STRING", "class":"0x7fcbb10e0ef0", "frozen":true, "embedded":true, "bytesize":20, "value":"Errno::EADDRNOTAVAIL", "encoding":"US-ASCII", "memsize":40, "flags":{"wb_protected":true, "old":true, "long_lived":true, "marked":true}}
{"address":"0x7fcbb10d3098", "type":"CLASS", "class":"0x7fcbb10e2430", "name":"Class", "references":["0x7fcbb10d30c0", "0x7fcbb10db338"], "memsize":712, "flags":{"wb_protected":true, "old":true, "long_lived":true, "marked":true}}
{"address":"0x7fcbb10d30c0", "type":"CLASS", "class":"0x7fcbb10d3098", "name":"Errno::EADDRNOTAVAIL", "references":["0x7fcbb10d3070", "0x7fcbb10db360"], "memsize":904, "flags":{"wb_protected":true, "old":true, "long_lived":true, "marked":true}}
{"address":"0x7fcbb10d30e8", "type":"STRING", "class":"0x7fcbb10e0ef0", "frozen":true, "embedded":true, "fstring":true, "bytesize":13, "value":"EADDRNOTAVAIL", "encoding":"US-ASCII", "memsize":40, "flags":{"wb_protected":true, "old":true, "long_lived":true, "marked":true}}
{"address":"0x7fcbb10d3110", "type":"STRING", "class":"0x7fcbb10e0ef0", "frozen":true, "embedded":true, "bytesize":17, "value":"Errno::EADDRINUSE", "encoding":"US-ASCII", "memsize":40, "flags":{"wb_protected":true, "old":true, "long_lived":true, "marked":true}}
{"address":"0x7fcbb10d3138", "type":"CLASS", "class":"0x7fcbb10e2430", "name":"Class", "references":["0x7fcbb10d3160", "0x7fcbb10db338"], "memsize":712, "flags":{"wb_protected":true, "old":true, "long_lived":true, "marked":true}}
{"address":"0x7fcbb10d3160", "type":"CLASS", "class":"0x7fcbb10d3138", "name":"Errno::EADDRINUSE", "references":["0x7fcbb10d3110", "0x7fcbb10db360"], "memsize":904, "flags":{"wb_protected":true, "old":true, "long_lived":true, "marked":true}}
{"address":"0x7fcbb10d3188", "type":"STRING", "class":"0x7fcbb10e0ef0", "frozen":true, "embedded":true, "fstring":true, "bytesize":10, "value":"EADDRINUSE", "encoding":"US-ASCII", "memsize":40, "flags":{"wb_protected":true, "old":true, "long_lived":true, "marked":true}}
{"address":"0x7fcbb10d31b0", "type":"STRING", "class":"0x7fcbb10e0ef0", "frozen":true, "embedded":true, "bytesize":19, "value":"Errno::EAFNOSUPPORT", "encoding":"US-ASCII", "memsize":40, "flags":{"wb_protected":true, "old":true, "long_lived":true, "marked":true}}
{"address":"0x7fcbb10d31d8", "type":"CLASS", "class":"0x7fcbb10e2430", "name":"Class", "references":["0x7fcbb10d3200", "0x7fcbb10db338"], "memsize":712, "flags":{"wb_protected":true, "old":true, "long_lived":true, "marked":true}}
{"address":"0x7fcbb10d3200", "type":"CLASS", "class":"0x7fcbb10d31d8", "name":"Errno::EAFNOSUPPORT", "references":["0x7fcbb10d31b0", "0x7fcbb10db360"], "memsize":904, "flags":{"wb_protected":true, "old":true, "long_lived":true, "marked":true}}
{"address":"0x7fcbb10d3228", "type":"STRING", "class":"0x7fcbb10e0ef0", "frozen":true, "embedded":true, "fstring":true, "bytesize":12, "value":"EAFNOSUPPORT", "encoding":"US-ASCII", "memsize":40, "flags":{"wb_protected":true, "old":true, "long_lived":true, "marked":true}}
{"address":"0x7fcbb10d3250", "type":"STRING", "class":"0x7fcbb10e0ef0", "frozen":true, "embedded":true, "bytesize":19, "value":"Errno::EPFNOSUPPORT", "encoding":"US-ASCII", "memsize":40, "flags":{"wb_protected":true, "old":true, "long_lived":true, "marked":true}}
{"address":"0x7fcbb10d3278", "type":"CLASS", "class":"0x7fcbb10e2430", "name":"Class", "references":["0x7fcbb10d32a0", "0x7fcbb10db338"], "memsize":712, "flags":{"wb_protected":true, "old":true, "long_lived":true, "marked":true}}
{"address":"0x7fcbb10d32a0", "type":"CLASS", "class":"0x7fcbb10d3278", "name":"Errno::EPFNOSUPPORT", "references":["0x7fcbb10d3250", "0x7fcbb10db360"], "memsize":904, "flags":{"wb_protected":true, "old":true, "long_lived":true, "marked":true}}
{"address":"0x7fcbb10d32c8", "type":"STRING", "class":"0x7fcbb10e0ef0", "frozen":true, "embedded":true, "fstring":true, "bytesize":12, "value":"EPFNOSUPPORT", "encoding":"US-ASCII", "memsize":40, "flags":{"wb_protected":true, "old":true, "long_lived":true, "marked":true}}
{"address":"0x7fcbb10d32f0", "type":"STRING", "class":"0x7fcbb10e0ef0", "frozen":true, "embedded":true, "bytesize":17, "value":"Errno::EOPNOTSUPP", "encoding":"US-ASCII", "memsize":40, "flags":{"wb_protected":true, "old":true, "long_lived":true, "marked":true}}
{"address":"0x7fcbb10d3318", "type":"CLASS", "class":"0x7fcbb10e2430", "name":"Class", "references":["0x7fcbb10d3340", "0x7fcbb10db338"], "memsize":712, "flags":{"wb_protected":true, "old":true, "long_lived":true, "marked":true}}
{"address":"0x7fcbb10d3340", "type":"CLASS", "class":"0x7fcbb10d3318", "name":"Errno::EOPNOTSUPP", "references":["0x7fcbb10d32f0", "0x7fcbb10db360"], "memsize":904, "flags":{"wb_protected":true, "old":true, "long_lived":true, "marked":true}}
{"address":"0x7fcbb10d3368", "type":"STRING", "class":"0x7fcbb10e0ef0", "frozen":true, "embedded":true, "fstring":true, "bytesize":10, "value":"EOPNOTSUPP", "encoding":"US-ASCII", "memsize":40, "flags":{"wb_protected":true, "old":true, "long_lived":true, "marked":true}}
{"address":"0x7fcbb10d3390", "type":"STRING", "class":"0x7fcbb10e0ef0", "frozen":true, "embedded":true, "bytesize":22, "value":"Errno::ESOCKTNOSUPPORT", "encoding":"US-ASCII", "memsize":40, "flags":{"wb_protected":true, "old":true, "long_lived":true, "marked":true}}
{"address":"0x7fcbb10d33b8", "type":"CLASS", "class":"0x7fcbb10e2430", "name":"Class", "references":["0x7fcbb10d33e0", "0x7fcbb10db338"], "memsize":712, "flags":{"wb_protected":true, "old":true, "long_lived":true, "marked":true}}
{"address":"0x7fcbb10d33e0", "type":"CLASS", "class":"0x7fcbb10d33b8", "name":"Errno::ESOCKTNOSUPPORT", "references":["0x7fcbb10d3390", "0x7fcbb10db360"], "memsize":904, "flags":{"wb_protected":true, "old":true, "long_lived":true, "marked":true}}
{"address":"0x7fcbb10d3408", "type":"STRING", "class":"0x7fcbb10e0ef0", "frozen":true, "embedded":true, "fstring":true, "bytesize":15, "value":"ESOCKTNOSUPPORT", "encoding":"US-ASCII", "memsize":40, "flags":{"wb_protected":true, "old":true, "long_lived":true, "marked":true}}
{"address":"0x7fcbb10d3430", "type":"STRING", "class":"0x7fcbb10e0ef0", "frozen":true, "embedded":true, "bytesize":22, "value":"Errno::EPROTONOSUPPORT", "encoding":"US-ASCII", "memsize":40, "flags":{"wb_protected":true, "old":true, "long_lived":true, "marked":true}}
{"address":"0x7fcbb10d3458", "type":"CLASS", "class":"0x7fcbb10e2430", "name":"Class", "references":["0x7fcbb10d3480", "0x7fcbb10db338"], "memsize":712, "flags":{"wb_protected":true, "old":true, "long_lived":true, "marked":true}}
{"address":"0x7fcbb10d3480", "type":"CLASS", "class":"0x7fcbb10d3458", "name":"Errno::EPROTONOSUPPORT", "references":["0x7fcbb10d3430", "0x7fcbb10db360"], "memsize":904, "flags":{"wb_protected":true, "old":true, "long_lived":true, "marked":true}}
{"address":"0x7fcbb10d34a8", "type":"STRING", "class":"0x7fcbb10e0ef0", "frozen":true, "embedded":true, "fstring":true, "bytesize":15, "value":"EPROTONOSUPPORT", "encoding":"US-ASCII", "memsize":40, "flags":{"wb_protected":true, "old":true, "long_lived":true, "marked":true}}
{"address":"0x7fcbb10d34d0", "type":"STRING", "class":"0x7fcbb10e0ef0", "frozen":true, "embedded":true, "bytesize":18, "value":"Errno::ENOPROTOOPT", "encoding":"US-ASCII", "memsize":40, "flags":{"wb_protected":true, "old":true, "long_lived":true, "marked":true}}
{"address":"0x7fcbb10d34f8", "type":"CLASS", "class":"0x7fcbb10e2430", "name":"Class", "references":["0x7fcbb10d3520", "0x7fcbb10db338"], "memsize":712, "flags":{"wb_protected":true, "old":true, "long_lived":true, "marked":true}}
{"address":"0x7fcbb10d3520", "type":"CLASS", "class":"0x7fcbb10d34f8", "name":"Errno::ENOPROTOOPT", "references":["0x7fcbb10d34d0", "0x7fcbb10db360"], "memsize":904, "flags":{"wb_protected":true, "old":true, "long_lived":true, "marked":true}}
{"address":"0x7fcbb10d3548", "type":"STRING", "class":"0x7fcbb10e0ef0", "frozen":true, "embedded":true, "fstring":true, "bytesize":11, "value":"ENOPROTOOPT", "encoding":"US-ASCII", "memsize":40, "flags":{"wb_protected":true, "old":true, "long_lived":true, "marked":true}}
{"address":"0x7fcbb10d3570", "type":"STRING", "class":"0x7fcbb10e0ef0", "frozen":true, "embedded":true, "bytesize":17, "value":"Errno::EPROTOTYPE", "encoding":"US-ASCII", "memsize":40, "flags":{"wb_protected":true, "old":true, "long_lived":true, "marked":true}}
{"address":"0x7fcbb10d3598", "type":"CLASS", "class":"0x7fcbb10e2430", "name":"Class", "references":["0x7fcbb10d35c0", "0x7fcbb10db338"], "memsize":712, "flags":{"wb_protected":true, "old":true, "long_lived":true, "marked":true}}
{"address":"0x7fcbb10d35c0", "type":"CLASS", "class":"0x7fcbb10d3598", "name":"Errno::EPROTOTYPE", "references":["0x7fcbb10d3570", "0x7fcbb10db360"], "memsize":904, "flags":{"wb_protected":true, "old":true, "long_lived":true, "marked":true}}
{"address":"0x7fcbb10d35e8", "type":"STRING", "class":"0x7fcbb10e0ef0", "frozen":true, "embedded":true, "fstring":true, "bytesize":10, "value":"EPROTOTYPE", "encoding":"US-ASCII", "memsize":40, "flags":{"wb_protected":true, "old":true, "long_lived":true, "marked":true}}
{"address":"0x7fcbb10d3610", "type":"STRING", "class":"0x7fcbb10e0ef0", "frozen":true, "embedded":true, "bytesize":15, "value":"Errno::EMSGSIZE", "encoding":"US-ASCII", "memsize":40, "flags":{"wb_protected":true, "old":true, "long_lived":true, "marked":true}}
{"address":"0x7fcbb10d3638", "type":"CLASS", "class":"0x7fcbb10e2430", "name":"Class", "references":["0x7fcbb10d3660", "0x7fcbb10db338"], "memsize":712, "flags":{"wb_protected":true, "old":true, "long_lived":true, "marked":true}}
{"address":"0x7fcbb10d3660", "type":"CLASS", "class":"0x7fcbb10d3638", "name":"Errno::EMSGSIZE", "references":["0x7fcbb10d3610", "0x7fcbb10db360"], "memsize":904, "flags":{"wb_protected":true, "old":true, "long_lived":true, "marked":true}}
{"address":"0x7fcbb10d3688", "type":"STRING", "class":"0x7fcbb10e0ef0", "frozen":true, "embedded":true, "fstring":true, "bytesize":8, "value":"EMSGSIZE", "encoding":"US-ASCII", "memsize":40, "flags":{"wb_protected":true, "old":true, "long_lived":true, "marked":true}}
{"address":"0x7fcbb10d36b0", "type":"STRING", "class":"0x7fcbb10e0ef0", "frozen":true, "embedded":true, "bytesize":19, "value":"Errno::EDESTADDRREQ", "encoding":"US-ASCII", "memsize":40, "flags":{"wb_protected":true, "old":true, "long_lived":true, "marked":true}}
{"address":"0x7fcbb10d36d8", "type":"CLASS", "class":"0x7fcbb10e2430", "name":"Class", "references":["0x7fcbb10d3700", "0x7fcbb10db338"], "memsize":712, "flags":{"wb_protected":true, "old":true, "long_lived":true, "marked":true}}
{"address":"0x7fcbb10d3700", "type":"CLASS", "class":"0x7fcbb10d36d8", "name":"Errno::EDESTADDRREQ", "references":["0x7fcbb10d36b0", "0x7fcbb10db360"], "memsize":904, "flags":{"wb_protected":true, "old":true, "long_lived":true, "marked":true}}
{"address":"0x7fcbb10d3728", "type":"STRING", "class":"0x7fcbb10e0ef0", "frozen":true, "embedded":true, "fstring":true, "bytesize":12, "value":"EDESTADDRREQ", "encoding":"US-ASCII", "memsize":40, "flags":{"wb_protected":true, "old":true, "long_lived":true, "marked":true}}
{"address":"0x7fcbb10d3750", "type":"STRING", "class":"0x7fcbb10e0ef0", "frozen":true, "embedded":true, "bytesize":15, "value":"Errno::ENOTSOCK", "encoding":"US-ASCII", "memsize":40, "flags":{"wb_protected":true, "old":true, "long_lived":true, "marked":true}}
{"address":"0x7fcbb10d3778", "type":"CLASS", "class":"0x7fcbb10e2430", "name":"Class", "references":["0x7fcbb10d37a0", "0x7fcbb10db338"], "memsize":712, "flags":{"wb_protected":true, "old":true, "long_lived":true, "marked":true}}
{"address":"0x7fcbb10d37a0", "type":"CLASS", "class":"0x7fcbb10d3778", "name":"Errno::ENOTSOCK", "references":["0x7fcbb10d3750", "0x7fcbb10db360"], "memsize":904, "flags":{"wb_protected":true, "old":true, "long_lived":true, "marked":true}}
{"address":"0x7fcbb10d37c8", "type":"STRING", "class":"0x7fcbb10e0ef0", "frozen":true, "embedded":true, "fstring":true, "bytesize":8, "value":"ENOTSOCK", "encoding":"US-ASCII", "memsize":40, "flags":{"wb_protected":true, "old":true, "long_lived":true, "marked":true}}
{"address":"0x7fcbb10d37f0", "type":"STRING", "class":"0x7fcbb10e0ef0", "frozen":true, "embedded":true, "bytesize":13, "value":"Errno::EUSERS", "encoding":"US-ASCII", "memsize":40, "flags":{"wb_protected":true, "old":true, "long_lived":true, "marked":true}}
{"address":"0x7fcbb10d3818", "type":"CLASS", "class":"0x7fcbb10e2430", "name":"Class", "references":["0x7fcbb10d3840", "0x7fcbb10db338"], "memsize":712, "flags":{"wb_protected":true, "old":true, "long_lived":true, "marked":true}}
{"address":"0x7fcbb10d3840", "type":"CLASS", "class":"0x7fcbb10d3818", "name":"Errno::EUSERS", "references":["0x7fcbb10d37f0", "0x7fcbb10db360"], "memsize":904, "flags":{"wb_protected":true, "old":true, "long_lived":true, "marked":true}}
{"address":"0x7fcbb10d3868", "type":"STRING", "class":"0x7fcbb10e0ef0", "frozen":true, "embedded":true, "fstring":true, "bytesize":6, "value":"EUSERS", "encoding":"US-ASCII", "memsize":40, "flags":{"wb_protected":true, "old":true, "long_lived":true, "marked":true}}
{"address":"0x7fcbb10d3890", "type":"STRING", "class":"0x7fcbb10e0ef0", "frozen":true, "embedded":true, "fstring":true, "bytesize":8, "value":"ESTRPIPE", "encoding":"US-ASCII", "memsize":40, "flags":{"wb_protected":true, "old":true, "long_lived":true, "marked":true}}
{"address":"0x7fcbb10d38b8", "type":"STRING", "class":"0x7fcbb10e0ef0", "frozen":true, "embedded":true, "fstring":true, "bytesize":8, "value":"ERESTART", "encoding":"US-ASCII", "memsize":40, "flags":{"wb_protected":true, "old":true, "long_lived":true, "marked":true}}
{"address":"0x7fcbb10d38e0", "type":"STRING", "class":"0x7fcbb10e0ef0", "frozen":true, "embedded":true, "bytesize":13, "value":"Errno::EILSEQ", "encoding":"US-ASCII", "memsize":40, "flags":{"wb_protected":true, "old":true, "long_lived":true, "marked":true}}
{"address":"0x7fcbb10d3908", "type":"CLASS", "class":"0x7fcbb10e2430", "name":"Class", "references":["0x7fcbb10d3930", "0x7fcbb10db338"], "memsize":712, "flags":{"wb_protected":true, "old":true, "long_lived":true, "marked":true}}
{"address":"0x7fcbb10d3930", "type":"CLASS", "class":"0x7fcbb10d3908", "name":"Errno::EILSEQ", "references":["0x7fcbb10d38e0", "0x7fcbb10db360"], "memsize":904, "flags":{"wb_protected":true, "old":true, "long_lived":true, "marked":true}}
{"address":"0x7fcbb10d3958", "type":"STRING", "class":"0x7fcbb10e0ef0", "frozen":true, "embedded":true, "fstring":true, "bytesize":6, "value":"EILSEQ", "encoding":"US-ASCII", "memsize":40, "flags":{"wb_protected":true, "old":true, "long_lived":true, "marked":true}}
{"address":"0x7fcbb10d3980", "type":"STRING", "class":"0x7fcbb10e0ef0", "frozen":true, "embedded":true, "fstring":true, "bytesize":8, "value":"ELIBEXEC", "encoding":"US-ASCII", "memsize":40, "flags":{"wb_protected":true, "old":true, "long_lived":true, "marked":true}}
{"address":"0x7fcbb10d39a8", "type":"STRING", "class":"0x7fcbb10e0ef0", "frozen":true, "embedded":true, "fstring":true, "bytesize":7, "value":"ELIBMAX", "encoding":"US-ASCII", "memsize":40, "flags":{"wb_protected":true, "old":true, "long_lived":true, "marked":true}}
{"address":"0x7fcbb10d39d0", "type":"STRING", "class":"0x7fcbb10e0ef0", "frozen":true, "embedded":true, "fstring":true, "bytesize":7, "value":"ELIBSCN", "encoding":"US-ASCII", "memsize":40, "flags":{"wb_protected":true, "old":true, "long_lived":true, "marked":true}}
{"address":"0x7fcbb10d39f8", "type":"STRING", "class":"0x7fcbb10e0ef0", "frozen":true, "embedded":true, "fstring":true, "bytesize":7, "value":"ELIBBAD", "encoding":"US-ASCII", "memsize":40, "flags":{"wb_protected":true, "old":true, "long_lived":true, "marked":true}}
{"address":"0x7fcbb10d3a20", "type":"STRING", "class":"0x7fcbb10e0ef0", "frozen":true, "embedded":true, "fstring":true, "bytesize":7, "value":"ELIBACC", "encoding":"US-ASCII", "memsize":40, "flags":{"wb_protected":true, "old":true, "long_lived":true, "marked":true}}
{"address":"0x7fcbb10d3a48", "type":"STRING", "class":"0x7fcbb10e0ef0", "frozen":true, "embedded":true, "fstring":true, "bytesize":7, "value":"EREMCHG", "encoding":"US-ASCII", "memsize":40, "flags":{"wb_protected":true, "old":true, "long_lived":true, "marked":true}}
{"address":"0x7fcbb10d3a70", "type":"STRING", "class":"0x7fcbb10e0ef0", "frozen":true, "embedded":true, "fstring":true, "bytesize":6, "value":"EBADFD", "encoding":"US-ASCII", "memsize":40, "flags":{"wb_protected":true, "old":true, "long_lived":true, "marked":true}}
{"address":"0x7fcbb10d3a98", "type":"STRING", "class":"0x7fcbb10e0ef0", "frozen":true, "embedded":true, "fstring":true, "bytesize":8, "value":"ENOTUNIQ", "encoding":"US-ASCII", "memsize":40, "flags":{"wb_protected":true, "old":true, "long_lived":true, "marked":true}}
{"address":"0x7fcbb10d3ac0", "type":"STRING", "class":"0x7fcbb10e0ef0", "frozen":true, "embedded":true, "bytesize":16, "value":"Errno::EOVERFLOW", "encoding":"US-ASCII", "memsize":40, "flags":{"wb_protected":true, "old":true, "long_lived":true, "marked":true}}
{"address":"0x7fcbb10d3ae8", "type":"CLASS", "class":"0x7fcbb10e2430", "name":"Class", "references":["0x7fcbb10d3b10", "0x7fcbb10db338"], "memsize":712, "flags":{"wb_protected":true, "old":true, "long_lived":true, "marked":true}}
{"address":"0x7fcbb10d3b10", "type":"CLASS", "class":"0x7fcbb10d3ae8", "name":"Errno::EOVERFLOW", "references":["0x7fcbb10d3ac0", "0x7fcbb10db360"], "memsize":904, "flags":{"wb_protected":true, "old":true, "long_lived":true, "marked":true}}
{"address":"0x7fcbb10d3b38", "type":"STRING", "class":"0x7fcbb10e0ef0", "frozen":true, "embedded":true, "fstring":true, "bytesize":9, "value":"EOVERFLOW", "encoding":"US-ASCII", "memsize":40, "flags":{"wb_protected":true, "old":true, "long_lived":true, "marked":true}}
{"address":"0x7fcbb10d3b60", "type":"STRING", "class":"0x7fcbb10e0ef0", "frozen":true, "embedded":true, "bytesize":14, "value":"Errno::EBADMSG", "encoding":"US-ASCII", "memsize":40, "flags":{"wb_protected":true, "old":true, "long_lived":true, "marked":true}}
{"address":"0x7fcbb10d3b88", "type":"CLASS", "class":"0x7fcbb10e2430", "name":"Class", "references":["0x7fcbb10d3bb0", "0x7fcbb10db338"], "memsize":712, "flags":{"wb_protected":true, "old":true, "long_lived":true, "marked":true}}
{"address":"0x7fcbb10d3bb0", "type":"CLASS", "class":"0x7fcbb10d3b88", "name":"Errno::EBADMSG", "references":["0x7fcbb10d3b60", "0x7fcbb10db360"], "memsize":904, "flags":{"wb_protected":true, "old":true, "long_lived":true, "marked":true}}
{"address":"0x7fcbb10d3bd8", "type":"STRING", "class":"0x7fcbb10e0ef0", "frozen":true, "embedded":true, "fstring":true, "bytesize":7, "value":"EBADMSG", "encoding":"US-ASCII", "memsize":40, "flags":{"wb_protected":true, "old":true, "long_lived":true, "marked":true}}
{"address":"0x7fcbb10d3c00", "type":"STRING", "class":"0x7fcbb10e0ef0", "frozen":true, "embedded":true, "fstring":true, "bytesize":7, "value":"EDOTDOT", "encoding":"US-ASCII", "memsize":40, "flags":{"wb_protected":true, "old":true, "long_lived":true, "marked":true}}
{"address":"0x7fcbb10d3c28", "type":"STRING", "class":"0x7fcbb10e0ef0", "frozen":true, "embedded":true, "bytesize":16, "value":"Errno::EMULTIHOP", "encoding":"US-ASCII", "memsize":40, "flags":{"wb_protected":true, "old":true, "long_lived":true, "marked":true}}
{"address":"0x7fcbb10d3c50", "type":"CLASS", "class":"0x7fcbb10e2430", "name":"Class", "references":["0x7fcbb10d3c78", "0x7fcbb10db338"], "memsize":712, "flags":{"wb_protected":true, "old":true, "long_lived":true, "marked":true}}
{"address":"0x7fcbb10d3c78", "type":"CLASS", "class":"0x7fcbb10d3c50", "name":"Errno::EMULTIHOP", "references":["0x7fcbb10d3c28", "0x7fcbb10db360"], "memsize":904, "flags":{"wb_protected":true, "old":true, "long_lived":true, "marked":true}}
{"address":"0x7fcbb10d3ca0", "type":"STRING", "class":"0x7fcbb10e0ef0", "frozen":true, "embedded":true, "fstring":true, "bytesize":9, "value":"EMULTIHOP", "encoding":"US-ASCII", "memsize":40, "flags":{"wb_protected":true, "old":true, "long_lived":true, "marked":true}}
{"address":"0x7fcbb10d3cc8", "type":"STRING", "class":"0x7fcbb10e0ef0", "frozen":true, "embedded":true, "bytesize":13, "value":"Errno::EPROTO", "encoding":"US-ASCII", "memsize":40, "flags":{"wb_protected":true, "old":true, "long_lived":true, "marked":true}}
{"address":"0x7fcbb10d3cf0", "type":"CLASS", "class":"0x7fcbb10e2430", "name":"Class", "references":["0x7fcbb10d3d18", "0x7fcbb10db338"], "memsize":712, "flags":{"wb_protected":true, "old":true, "long_lived":true, "marked":true}}
{"address":"0x7fcbb10d3d18", "type":"CLASS", "class":"0x7fcbb10d3cf0", "name":"Errno::EPROTO", "references":["0x7fcbb10d3cc8", "0x7fcbb10db360"], "memsize":904, "flags":{"wb_protected":true, "old":true, "long_lived":true, "marked":true}}
{"address":"0x7fcbb10d3d40", "type":"STRING", "class":"0x7fcbb10e0ef0", "frozen":true, "embedded":true, "fstring":true, "bytesize":6, "value":"EPROTO", "encoding":"US-ASCII", "memsize":40, "flags":{"wb_protected":true, "old":true, "long_lived":true, "marked":true}}
{"address":"0x7fcbb10d3d68", "type":"STRING", "class":"0x7fcbb10e0ef0", "frozen":true, "embedded":true, "fstring":true, "bytesize":5, "value":"ECOMM", "encoding":"US-ASCII", "memsize":40, "flags":{"wb_protected":true, "old":true, "long_lived":true, "marked":true}}
{"address":"0x7fcbb10d3d90", "type":"STRING", "class":"0x7fcbb10e0ef0", "frozen":true, "embedded":true, "fstring":true, "bytesize":6, "value":"ESRMNT", "encoding":"US-ASCII", "memsize":40, "flags":{"wb_protected":true, "old":true, "long_lived":true, "marked":true}}
{"address":"0x7fcbb10d3db8", "type":"STRING", "class":"0x7fcbb10e0ef0", "frozen":true, "embedded":true, "fstring":true, "bytesize":4, "value":"EADV", "encoding":"US-ASCII", "memsize":40, "flags":{"wb_protected":true, "old":true, "long_lived":true, "marked":true}}
{"address":"0x7fcbb10d3de0", "type":"STRING", "class":"0x7fcbb10e0ef0", "frozen":true, "embedded":true, "bytesize":14, "value":"Errno::ENOLINK", "encoding":"US-ASCII", "memsize":40, "flags":{"wb_protected":true, "old":true, "long_lived":true, "marked":true}}
{"address":"0x7fcbb10d3e08", "type":"CLASS", "class":"0x7fcbb10e2430", "name":"Class", "references":["0x7fcbb10d3e30", "0x7fcbb10db338"], "memsize":712, "flags":{"wb_protected":true, "old":true, "long_lived":true, "marked":true}}
{"address":"0x7fcbb10d3e30", "type":"CLASS", "class":"0x7fcbb10d3e08", "name":"Errno::ENOLINK", "references":["0x7fcbb10d3de0", "0x7fcbb10db360"], "memsize":904, "flags":{"wb_protected":true, "old":true, "long_lived":true, "marked":true}}
{"address":"0x7fcbb10d3e58", "type":"STRING", "class":"0x7fcbb10e0ef0", "frozen":true, "embedded":true, "fstring":true, "bytesize":7, "value":"ENOLINK", "encoding":"US-ASCII", "memsize":40, "flags":{"wb_protected":true, "old":true, "long_lived":true, "marked":true}}
{"address":"0x7fcbb10d3e80", "type":"STRING", "class":"0x7fcbb10e0ef0", "frozen":true, "embedded":true, "bytesize":14, "value":"Errno::EREMOTE", "encoding":"US-ASCII", "memsize":40, "flags":{"wb_protected":true, "old":true, "long_lived":true, "marked":true}}
{"address":"0x7fcbb10d3ea8", "type":"CLASS", "class":"0x7fcbb10e2430", "name":"Class", "references":["0x7fcbb10d3ed0", "0x7fcbb10db338"], "memsize":712, "flags":{"wb_protected":true, "old":true, "long_lived":true, "marked":true}}
{"address":"0x7fcbb10d3ed0", "type":"CLASS", "class":"0x7fcbb10d3ea8", "name":"Errno::EREMOTE", "references":["0x7fcbb10d3e80", "0x7fcbb10db360"], "memsize":904, "flags":{"wb_protected":true, "old":true, "long_lived":true, "marked":true}}
{"address":"0x7fcbb10d3ef8", "type":"STRING", "class":"0x7fcbb10e0ef0", "frozen":true, "embedded":true, "fstring":true, "bytesize":7, "value":"EREMOTE", "encoding":"US-ASCII", "memsize":40, "flags":{"wb_protected":true, "old":true, "long_lived":true, "marked":true}}
{"address":"0x7fcbb10d3f20", "type":"STRING", "class":"0x7fcbb10e0ef0", "frozen":true, "embedded":true, "fstring":true, "bytesize":6, "value":"ENOPKG", "encoding":"US-ASCII", "memsize":40, "flags":{"wb_protected":true, "old":true, "long_lived":true, "marked":true}}
{"address":"0x7fcbb10d3f48", "type":"STRING", "class":"0x7fcbb10e0ef0", "frozen":true, "embedded":true, "fstring":true, "bytesize":6, "value":"ENONET", "encoding":"US-ASCII", "memsize":40, "flags":{"wb_protected":true, "old":true, "long_lived":true, "marked":true}}
{"address":"0x7fcbb10d3f70", "type":"STRING", "class":"0x7fcbb10e0ef0", "frozen":true, "embedded":true, "bytesize":12, "value":"Errno::ENOSR", "encoding":"US-ASCII", "memsize":40, "flags":{"wb_protected":true, "old":true, "long_lived":true, "marked":true}}
{"address":"0x7fcbb10d3f98", "type":"CLASS", "class":"0x7fcbb10e2430", "name":"Class", "references":["0x7fcbb10d8020", "0x7fcbb10db338"], "memsize":712, "flags":{"wb_protected":true, "old":true, "long_lived":true, "marked":true}}
{"address":"0x7fcbb10d8020", "type":"CLASS", "class":"0x7fcbb10d3f98", "name":"Errno::ENOSR", "references":["0x7fcbb10d3f70", "0x7fcbb10db360"], "memsize":904, "flags":{"wb_protected":true, "old":true, "long_lived":true, "marked":true}}
{"address":"0x7fcbb10d8048", "type":"STRING", "class":"0x7fcbb10e0ef0", "frozen":true, "embedded":true, "fstring":true, "bytesize":5, "value":"ENOSR", "encoding":"US-ASCII", "memsize":40, "flags":{"wb_protected":true, "old":true, "long_lived":true, "marked":true}}
{"address":"0x7fcbb10d8070", "type":"STRING", "class":"0x7fcbb10e0ef0", "frozen":true, "embedded":true, "bytesize":12, "value":"Errno::ETIME", "encoding":"US-ASCII", "memsize":40, "flags":{"wb_protected":true, "old":true, "long_lived":true, "marked":true}}
{"address":"0x7fcbb10d8098", "type":"CLASS", "class":"0x7fcbb10e2430", "name":"Class", "references":["0x7fcbb10d80c0", "0x7fcbb10db338"], "memsize":712, "flags":{"wb_protected":true, "old":true, "long_lived":true, "marked":true}}
{"address":"0x7fcbb10d80c0", "type":"CLASS", "class":"0x7fcbb10d8098", "name":"Errno::ETIME", "references":["0x7fcbb10d8070", "0x7fcbb10db360"], "memsize":904, "flags":{"wb_protected":true, "old":true, "long_lived":true, "marked":true}}
{"address":"0x7fcbb10d80e8", "type":"STRING", "class":"0x7fcbb10e0ef0", "frozen":true, "embedded":true, "fstring":true, "bytesize":5, "value":"ETIME", "encoding":"US-ASCII", "memsize":40, "flags":{"wb_protected":true, "old":true, "long_lived":true, "marked":true}}
{"address":"0x7fcbb10d8110", "type":"STRING", "class":"0x7fcbb10e0ef0", "frozen":true, "embedded":true, "bytesize":14, "value":"Errno::ENODATA", "encoding":"US-ASCII", "memsize":40, "flags":{"wb_protected":true, "old":true, "long_lived":true, "marked":true}}
{"address":"0x7fcbb10d8138", "type":"CLASS", "class":"0x7fcbb10e2430", "name":"Class", "references":["0x7fcbb10d8160", "0x7fcbb10db338"], "memsize":712, "flags":{"wb_protected":true, "old":true, "long_lived":true, "marked":true}}
{"address":"0x7fcbb10d8160", "type":"CLASS", "class":"0x7fcbb10d8138", "name":"Errno::ENODATA", "references":["0x7fcbb10d8110", "0x7fcbb10db360"], "memsize":904, "flags":{"wb_protected":true, "old":true, "long_lived":true, "marked":true}}
{"address":"0x7fcbb10d8188", "type":"STRING", "class":"0x7fcbb10e0ef0", "frozen":true, "embedded":true, "fstring":true, "bytesize":7, "value":"ENODATA", "encoding":"US-ASCII", "memsize":40, "flags":{"wb_protected":true, "old":true, "long_lived":true, "marked":true}}
{"address":"0x7fcbb10d81b0", "type":"STRING", "class":"0x7fcbb10e0ef0", "frozen":true, "embedded":true, "bytesize":13, "value":"Errno::ENOSTR", "encoding":"US-ASCII", "memsize":40, "flags":{"wb_protected":true, "old":true, "long_lived":true, "marked":true}}
{"address":"0x7fcbb10d81d8", "type":"CLASS", "class":"0x7fcbb10e2430", "name":"Class", "references":["0x7fcbb10d8200", "0x7fcbb10db338"], "memsize":712, "flags":{"wb_protected":true, "old":true, "long_lived":true, "marked":true}}
{"address":"0x7fcbb10d8200", "type":"CLASS", "class":"0x7fcbb10d81d8", "name":"Errno::ENOSTR", "references":["0x7fcbb10d81b0", "0x7fcbb10db360"], "memsize":904, "flags":{"wb_protected":true, "old":true, "long_lived":true, "marked":true}}
{"address":"0x7fcbb10d8228", "type":"STRING", "class":"0x7fcbb10e0ef0", "frozen":true, "embedded":true, "fstring":true, "bytesize":6, "value":"ENOSTR", "encoding":"US-ASCII", "memsize":40, "flags":{"wb_protected":true, "old":true, "long_lived":true, "marked":true}}
{"address":"0x7fcbb10d8250", "type":"STRING", "class":"0x7fcbb10e0ef0", "frozen":true, "embedded":true, "fstring":true, "bytesize":6, "value":"EBFONT", "encoding":"US-ASCII", "memsize":40, "flags":{"wb_protected":true, "old":true, "long_lived":true, "marked":true}}
{"address":"0x7fcbb10d8278", "type":"STRING", "class":"0x7fcbb10e0ef0", "frozen":true, "embedded":true, "fstring":true, "bytesize":9, "value":"EDEADLOCK", "encoding":"US-ASCII", "memsize":40, "flags":{"wb_protected":true, "old":true, "long_lived":true, "marked":true}}
{"address":"0x7fcbb10d82a0", "type":"STRING", "class":"0x7fcbb10e0ef0", "frozen":true, "embedded":true, "fstring":true, "bytesize":7, "value":"EBADSLT", "encoding":"US-ASCII", "memsize":40, "flags":{"wb_protected":true, "old":true, "long_lived":true, "marked":true}}
{"address":"0x7fcbb10d82c8", "type":"STRING", "class":"0x7fcbb10e0ef0", "frozen":true, "embedded":true, "fstring":true, "bytesize":7, "value":"EBADRQC", "encoding":"US-ASCII", "memsize":40, "flags":{"wb_protected":true, "old":true, "long_lived":true, "marked":true}}
{"address":"0x7fcbb10d82f0", "type":"STRING", "class":"0x7fcbb10e0ef0", "frozen":true, "embedded":true, "fstring":true, "bytesize":6, "value":"ENOANO", "encoding":"US-ASCII", "memsize":40, "flags":{"wb_protected":true, "old":true, "long_lived":true, "marked":true}}
{"address":"0x7fcbb10d8318", "type":"STRING", "class":"0x7fcbb10e0ef0", "frozen":true, "embedded":true, "fstring":true, "bytesize":6, "value":"EXFULL", "encoding":"US-ASCII", "memsize":40, "flags":{"wb_protected":true, "old":true, "long_lived":true, "marked":true}}
{"address":"0x7fcbb10d8340", "type":"STRING", "class":"0x7fcbb10e0ef0", "frozen":true, "embedded":true, "fstring":true, "bytesize":5, "value":"EBADR", "encoding":"US-ASCII", "memsize":40, "flags":{"wb_protected":true, "old":true, "long_lived":true, "marked":true}}
{"address":"0x7fcbb10d8368", "type":"STRING", "class":"0x7fcbb10e0ef0", "frozen":true, "embedded":true, "fstring":true, "bytesize":5, "value":"EBADE", "encoding":"US-ASCII", "memsize":40, "flags":{"wb_protected":true, "old":true, "long_lived":true, "marked":true}}
{"address":"0x7fcbb10d8390", "type":"STRING", "class":"0x7fcbb10e0ef0", "frozen":true, "embedded":true, "fstring":true, "bytesize":6, "value":"EL2HLT", "encoding":"US-ASCII", "memsize":40, "flags":{"wb_protected":true, "old":true, "long_lived":true, "marked":true}}
{"address":"0x7fcbb10d83b8", "type":"STRING", "class":"0x7fcbb10e0ef0", "frozen":true, "embedded":true, "fstring":true, "bytesize":6, "value":"ENOCSI", "encoding":"US-ASCII", "memsize":40, "flags":{"wb_protected":true, "old":true, "long_lived":true, "marked":true}}
{"address":"0x7fcbb10d83e0", "type":"STRING", "class":"0x7fcbb10e0ef0", "frozen":true, "embedded":true, "fstring":true, "bytesize":7, "value":"EUNATCH", "encoding":"US-ASCII", "memsize":40, "flags":{"wb_protected":true, "old":true, "long_lived":true, "marked":true}}
{"address":"0x7fcbb10d8408", "type":"STRING", "class":"0x7fcbb10e0ef0", "frozen":true, "embedded":true, "fstring":true, "bytesize":6, "value":"ELNRNG", "encoding":"US-ASCII", "memsize":40, "flags":{"wb_protected":true, "old":true, "long_lived":true, "marked":true}}
{"address":"0x7fcbb10d8430", "type":"STRING", "class":"0x7fcbb10e0ef0", "frozen":true, "embedded":true, "fstring":true, "bytesize":6, "value":"EL3RST", "encoding":"US-ASCII", "memsize":40, "flags":{"wb_protected":true, "old":true, "long_lived":true, "marked":true}}
{"address":"0x7fcbb10d8458", "type":"STRING", "class":"0x7fcbb10e0ef0", "frozen":true, "embedded":true, "fstring":true, "bytesize":6, "value":"EL3HLT", "encoding":"US-ASCII", "memsize":40, "flags":{"wb_protected":true, "old":true, "long_lived":true, "marked":true}}
{"address":"0x7fcbb10d8480", "type":"STRING", "class":"0x7fcbb10e0ef0", "frozen":true, "embedded":true, "fstring":true, "bytesize":8, "value":"EL2NSYNC", "encoding":"US-ASCII", "memsize":40, "flags":{"wb_protected":true, "old":true, "long_lived":true, "marked":true}}
{"address":"0x7fcbb10d84a8", "type":"STRING", "class":"0x7fcbb10e0ef0", "frozen":true, "embedded":true, "fstring":true, "bytesize":6, "value":"ECHRNG", "encoding":"US-ASCII", "memsize":40, "flags":{"wb_protected":true, "old":true, "long_lived":true, "marked":true}}
{"address":"0x7fcbb10d84d0", "type":"STRING", "class":"0x7fcbb10e0ef0", "frozen":true, "embedded":true, "bytesize":12, "value":"Errno::EIDRM", "encoding":"US-ASCII", "memsize":40, "flags":{"wb_protected":true, "old":true, "long_lived":true, "marked":true}}
{"address":"0x7fcbb10d84f8", "type":"CLASS", "class":"0x7fcbb10e2430", "name":"Class", "references":["0x7fcbb10d8520", "0x7fcbb10db338"], "memsize":712, "flags":{"wb_protected":true, "old":true, "long_lived":true, "marked":true}}
{"address":"0x7fcbb10d8520", "type":"CLASS", "class":"0x7fcbb10d84f8", "name":"Errno::EIDRM", "references":["0x7fcbb10d84d0", "0x7fcbb10db360"], "memsize":904, "flags":{"wb_protected":true, "old":true, "long_lived":true, "marked":true}}
{"address":"0x7fcbb10d8548", "type":"STRING", "class":"0x7fcbb10e0ef0", "frozen":true, "embedded":true, "fstring":true, "bytesize":5, "value":"EIDRM", "encoding":"US-ASCII", "memsize":40, "flags":{"wb_protected":true, "old":true, "long_lived":true, "marked":true}}
{"address":"0x7fcbb10d8570", "type":"STRING", "class":"0x7fcbb10e0ef0", "frozen":true, "embedded":true, "bytesize":13, "value":"Errno::ENOMSG", "encoding":"US-ASCII", "memsize":40, "flags":{"wb_protected":true, "old":true, "long_lived":true, "marked":true}}
{"address":"0x7fcbb10d8598", "type":"CLASS", "class":"0x7fcbb10e2430", "name":"Class", "references":["0x7fcbb10d85c0", "0x7fcbb10db338"], "memsize":712, "flags":{"wb_protected":true, "old":true, "long_lived":true, "marked":true}}
{"address":"0x7fcbb10d85c0", "type":"CLASS", "class":"0x7fcbb10d8598", "name":"Errno::ENOMSG", "references":["0x7fcbb10d8570", "0x7fcbb10db360"], "memsize":904, "flags":{"wb_protected":true, "old":true, "long_lived":true, "marked":true}}
{"address":"0x7fcbb10d85e8", "type":"STRING", "class":"0x7fcbb10e0ef0", "frozen":true, "embedded":true, "fstring":true, "bytesize":6, "value":"ENOMSG", "encoding":"US-ASCII", "memsize":40, "flags":{"wb_protected":true, "old":true, "long_lived":true, "marked":true}}
{"address":"0x7fcbb10d8610", "type":"STRING", "class":"0x7fcbb10e0ef0", "frozen":true, "embedded":true, "fstring":true, "bytesize":11, "value":"EWOULDBLOCK", "encoding":"US-ASCII", "memsize":40, "flags":{"wb_protected":true, "old":true, "long_lived":true, "marked":true}}
{"address":"0x7fcbb10d8638", "type":"STRING", "class":"0x7fcbb10e0ef0", "frozen":true, "embedded":true, "bytesize":12, "value":"Errno::ELOOP", "encoding":"US-ASCII", "memsize":40, "flags":{"wb_protected":true, "old":true, "long_lived":true, "marked":true}}
{"address":"0x7fcbb10d8660", "type":"CLASS", "class":"0x7fcbb10e2430", "name":"Class", "references":["0x7fcbb10d8688", "0x7fcbb10db338"], "memsize":712, "flags":{"wb_protected":true, "old":true, "long_lived":true, "marked":true}}
{"address":"0x7fcbb10d8688", "type":"CLASS", "class":"0x7fcbb10d8660", "name":"Errno::ELOOP", "references":["0x7fcbb10d8638", "0x7fcbb10db360"], "memsize":904, "flags":{"wb_protected":true, "old":true, "long_lived":true, "marked":true}}
{"address":"0x7fcbb10d86b0", "type":"STRING", "class":"0x7fcbb10e0ef0", "frozen":true, "embedded":true, "fstring":true, "bytesize":5, "value":"ELOOP", "encoding":"US-ASCII", "memsize":40, "flags":{"wb_protected":true, "old":true, "long_lived":true, "marked":true}}
{"address":"0x7fcbb10d86d8", "type":"STRING", "class":"0x7fcbb10e0ef0", "frozen":true, "embedded":true, "bytesize":16, "value":"Errno::ENOTEMPTY", "encoding":"US-ASCII", "memsize":40, "flags":{"wb_protected":true, "old":true, "long_lived":true, "marked":true}}
{"address":"0x7fcbb10d8700", "type":"CLASS", "class":"0x7fcbb10e2430", "name":"Class", "references":["0x7fcbb10d8728", "0x7fcbb10db338"], "memsize":712, "flags":{"wb_protected":true, "old":true, "long_lived":true, "marked":true}}
{"address":"0x7fcbb10d8728", "type":"CLASS", "class":"0x7fcbb10d8700", "name":"Errno::ENOTEMPTY", "references":["0x7fcbb10d86d8", "0x7fcbb10db360"], "memsize":904, "flags":{"wb_protected":true, "old":true, "long_lived":true, "marked":true}}
{"address":"0x7fcbb10d8750", "type":"STRING", "class":"0x7fcbb10e0ef0", "frozen":true, "embedded":true, "fstring":true, "bytesize":9, "value":"ENOTEMPTY", "encoding":"US-ASCII", "memsize":40, "flags":{"wb_protected":true, "old":true, "long_lived":true, "marked":true}}
{"address":"0x7fcbb10d8778", "type":"STRING", "class":"0x7fcbb10e0ef0", "frozen":true, "embedded":true, "bytesize":13, "value":"Errno::ENOSYS", "encoding":"US-ASCII", "memsize":40, "flags":{"wb_protected":true, "old":true, "long_lived":true, "marked":true}}
{"address":"0x7fcbb10d87a0", "type":"CLASS", "class":"0x7fcbb10e2430", "name":"Class", "references":["0x7fcbb10d87c8", "0x7fcbb10db338"], "memsize":712, "flags":{"wb_protected":true, "old":true, "long_lived":true, "marked":true}}
{"address":"0x7fcbb10d87c8", "type":"CLASS", "class":"0x7fcbb10d87a0", "name":"Errno::ENOSYS", "references":["0x7fcbb10d8778", "0x7fcbb10db360"], "memsize":904, "flags":{"wb_protected":true, "old":true, "long_lived":true, "marked":true}}
{"address":"0x7fcbb10d87f0", "type":"STRING", "class":"0x7fcbb10e0ef0", "frozen":true, "embedded":true, "fstring":true, "bytesize":6, "value":"ENOSYS", "encoding":"US-ASCII", "memsize":40, "flags":{"wb_protected":true, "old":true, "long_lived":true, "marked":true}}
{"address":"0x7fcbb10d8818", "type":"STRING", "class":"0x7fcbb10e0ef0", "frozen":true, "embedded":true, "bytesize":13, "value":"Errno::ENOLCK", "encoding":"US-ASCII", "memsize":40, "flags":{"wb_protected":true, "old":true, "long_lived":true, "marked":true}}
{"address":"0x7fcbb10d8840", "type":"CLASS", "class":"0x7fcbb10e2430", "name":"Class", "references":["0x7fcbb10d8868", "0x7fcbb10db338"], "memsize":712, "flags":{"wb_protected":true, "old":true, "long_lived":true, "marked":true}}
{"address":"0x7fcbb10d8868", "type":"CLASS", "class":"0x7fcbb10d8840", "name":"Errno::ENOLCK", "references":["0x7fcbb10d8818", "0x7fcbb10db360"], "memsize":904, "flags":{"wb_protected":true, "old":true, "long_lived":true, "marked":true}}
{"address":"0x7fcbb10d8890", "type":"STRING", "class":"0x7fcbb10e0ef0", "frozen":true, "embedded":true, "fstring":true, "bytesize":6, "value":"ENOLCK", "encoding":"US-ASCII", "memsize":40, "flags":{"wb_protected":true, "old":true, "long_lived":true, "marked":true}}
{"address":"0x7fcbb10d88b8", "type":"STRING", "class":"0x7fcbb10e0ef0", "frozen":true, "embedded":true, "bytesize":19, "value":"Errno::ENAMETOOLONG", "encoding":"US-ASCII", "memsize":40, "flags":{"wb_protected":true, "old":true, "long_lived":true, "marked":true}}
{"address":"0x7fcbb10d88e0", "type":"CLASS", "class":"0x7fcbb10e2430", "name":"Class", "references":["0x7fcbb10d8908", "0x7fcbb10db338"], "memsize":712, "flags":{"wb_protected":true, "old":true, "long_lived":true, "marked":true}}
{"address":"0x7fcbb10d8908", "type":"CLASS", "class":"0x7fcbb10d88e0", "name":"Errno::ENAMETOOLONG", "references":["0x7fcbb10d88b8", "0x7fcbb10db360"], "memsize":904, "flags":{"wb_protected":true, "old":true, "long_lived":true, "marked":true}}
{"address":"0x7fcbb10d8930", "type":"STRING", "class":"0x7fcbb10e0ef0", "frozen":true, "embedded":true, "fstring":true, "bytesize":12, "value":"ENAMETOOLONG", "encoding":"US-ASCII", "memsize":40, "flags":{"wb_protected":true, "old":true, "long_lived":true, "marked":true}}
{"address":"0x7fcbb10d8958", "type":"STRING", "class":"0x7fcbb10e0ef0", "frozen":true, "embedded":true, "bytesize":14, "value":"Errno::EDEADLK", "encoding":"US-ASCII", "memsize":40, "flags":{"wb_protected":true, "old":true, "long_lived":true, "marked":true}}
{"address":"0x7fcbb10d8980", "type":"CLASS", "class":"0x7fcbb10e2430", "name":"Class", "references":["0x7fcbb10d89a8", "0x7fcbb10db338"], "memsize":712, "flags":{"wb_protected":true, "old":true, "long_lived":true, "marked":true}}
{"address":"0x7fcbb10d89a8", "type":"CLASS", "class":"0x7fcbb10d8980", "name":"Errno::EDEADLK", "references":["0x7fcbb10d8958", "0x7fcbb10db360"], "memsize":904, "flags":{"wb_protected":true, "old":true, "long_lived":true, "marked":true}}
{"address":"0x7fcbb10d89d0", "type":"STRING", "class":"0x7fcbb10e0ef0", "frozen":true, "embedded":true, "fstring":true, "bytesize":7, "value":"EDEADLK", "encoding":"US-ASCII", "memsize":40, "flags":{"wb_protected":true, "old":true, "long_lived":true, "marked":true}}
{"address":"0x7fcbb10d89f8", "type":"STRING", "class":"0x7fcbb10e0ef0", "frozen":true, "embedded":true, "bytesize":13, "value":"Errno::ERANGE", "encoding":"US-ASCII", "memsize":40, "flags":{"wb_protected":true, "old":true, "long_lived":true, "marked":true}}
{"address":"0x7fcbb10d8a20", "type":"CLASS", "class":"0x7fcbb10e2430", "name":"Class", "references":["0x7fcbb10d8a48", "0x7fcbb10db338"], "memsize":712, "flags":{"wb_protected":true, "old":true, "long_lived":true, "marked":true}}
{"address":"0x7fcbb10d8a48", "type":"CLASS", "class":"0x7fcbb10d8a20", "name":"Errno::ERANGE", "references":["0x7fcbb10d89f8", "0x7fcbb10db360"], "memsize":904, "flags":{"wb_protected":true, "old":true, "long_lived":true, "marked":true}}
{"address":"0x7fcbb10d8a70", "type":"STRING", "class":"0x7fcbb10e0ef0", "frozen":true, "embedded":true, "fstring":true, "bytesize":6, "value":"ERANGE", "encoding":"US-ASCII", "memsize":40, "flags":{"wb_protected":true, "old":true, "long_lived":true, "marked":true}}
{"address":"0x7fcbb10d8a98", "type":"STRING", "class":"0x7fcbb10e0ef0", "frozen":true, "embedded":true, "bytesize":11, "value":"Errno::EDOM", "encoding":"US-ASCII", "memsize":40, "flags":{"wb_protected":true, "old":true, "long_lived":true, "marked":true}}
{"address":"0x7fcbb10d8ac0", "type":"CLASS", "class":"0x7fcbb10e2430", "name":"Class", "references":["0x7fcbb10d8ae8", "0x7fcbb10db338"], "memsize":712, "flags":{"wb_protected":true, "old":true, "long_lived":true, "marked":true}}
{"address":"0x7fcbb10d8ae8", "type":"CLASS", "class":"0x7fcbb10d8ac0", "name":"Errno::EDOM", "references":["0x7fcbb10d8a98", "0x7fcbb10db360"], "memsize":904, "flags":{"wb_protected":true, "old":true, "long_lived":true, "marked":true}}
{"address":"0x7fcbb10d8b10", "type":"STRING", "class":"0x7fcbb10e0ef0", "frozen":true, "embedded":true, "fstring":true, "bytesize":4, "value":"EDOM", "encoding":"US-ASCII", "memsize":40, "flags":{"wb_protected":true, "old":true, "long_lived":true, "marked":true}}
{"address":"0x7fcbb10d8b38", "type":"STRING", "class":"0x7fcbb10e0ef0", "frozen":true, "embedded":true, "bytesize":12, "value":"Errno::EPIPE", "encoding":"US-ASCII", "memsize":40, "flags":{"wb_protected":true, "old":true, "long_lived":true, "marked":true}}
{"address":"0x7fcbb10d8b60", "type":"CLASS", "class":"0x7fcbb10e2430", "name":"Class", "references":["0x7fcbb10d8b88", "0x7fcbb10db338"], "memsize":712, "flags":{"wb_protected":true, "old":true, "long_lived":true, "marked":true}}
{"address":"0x7fcbb10d8b88", "type":"CLASS", "class":"0x7fcbb10d8b60", "name":"Errno::EPIPE", "references":["0x7fcbb10d8b38", "0x7fcbb10db360"], "memsize":904, "flags":{"wb_protected":true, "old":true, "long_lived":true, "marked":true}}
{"address":"0x7fcbb10d8bb0", "type":"STRING", "class":"0x7fcbb10e0ef0", "frozen":true, "embedded":true, "fstring":true, "bytesize":5, "value":"EPIPE", "encoding":"US-ASCII", "memsize":40, "flags":{"wb_protected":true, "old":true, "long_lived":true, "marked":true}}
{"address":"0x7fcbb10d8bd8", "type":"STRING", "class":"0x7fcbb10e0ef0", "frozen":true, "embedded":true, "bytesize":13, "value":"Errno::EMLINK", "encoding":"US-ASCII", "memsize":40, "flags":{"wb_protected":true, "old":true, "long_lived":true, "marked":true}}
{"address":"0x7fcbb10d8c00", "type":"CLASS", "class":"0x7fcbb10e2430", "name":"Class", "references":["0x7fcbb10d8c28", "0x7fcbb10db338"], "memsize":712, "flags":{"wb_protected":true, "old":true, "long_lived":true, "marked":true}}
{"address":"0x7fcbb10d8c28", "type":"CLASS", "class":"0x7fcbb10d8c00", "name":"Errno::EMLINK", "references":["0x7fcbb10d8bd8", "0x7fcbb10db360"], "memsize":904, "flags":{"wb_protected":true, "old":true, "long_lived":true, "marked":true}}
{"address":"0x7fcbb10d8c50", "type":"STRING", "class":"0x7fcbb10e0ef0", "frozen":true, "embedded":true, "fstring":true, "bytesize":6, "value":"EMLINK", "encoding":"US-ASCII", "memsize":40, "flags":{"wb_protected":true, "old":true, "long_lived":true, "marked":true}}
{"address":"0x7fcbb10d8c78", "type":"STRING", "class":"0x7fcbb10e0ef0", "frozen":true, "embedded":true, "bytesize":12, "value":"Errno::EROFS", "encoding":"US-ASCII", "memsize":40, "flags":{"wb_protected":true, "old":true, "long_lived":true, "marked":true}}
{"address":"0x7fcbb10d8ca0", "type":"CLASS", "class":"0x7fcbb10e2430", "name":"Class", "references":["0x7fcbb10d8cc8", "0x7fcbb10db338"], "memsize":712, "flags":{"wb_protected":true, "old":true, "long_lived":true, "marked":true}}
{"address":"0x7fcbb10d8cc8", "type":"CLASS", "class":"0x7fcbb10d8ca0", "name":"Errno::EROFS", "references":["0x7fcbb10d8c78", "0x7fcbb10db360"], "memsize":904, "flags":{"wb_protected":true, "old":true, "long_lived":true, "marked":true}}
{"address":"0x7fcbb10d8cf0", "type":"STRING", "class":"0x7fcbb10e0ef0", "frozen":true, "embedded":true, "fstring":true, "bytesize":5, "value":"EROFS", "encoding":"US-ASCII", "memsize":40, "flags":{"wb_protected":true, "old":true, "long_lived":true, "marked":true}}
{"address":"0x7fcbb10d8d18", "type":"STRING", "class":"0x7fcbb10e0ef0", "frozen":true, "embedded":true, "bytesize":13, "value":"Errno::ESPIPE", "encoding":"US-ASCII", "memsize":40, "flags":{"wb_protected":true, "old":true, "long_lived":true, "marked":true}}
{"address":"0x7fcbb10d8d40", "type":"CLASS", "class":"0x7fcbb10e2430", "name":"Class", "references":["0x7fcbb10d8d68", "0x7fcbb10db338"], "memsize":712, "flags":{"wb_protected":true, "old":true, "long_lived":true, "marked":true}}
{"address":"0x7fcbb10d8d68", "type":"CLASS", "class":"0x7fcbb10d8d40", "name":"Errno::ESPIPE", "references":["0x7fcbb10d8d18", "0x7fcbb10db360"], "memsize":904, "flags":{"wb_protected":true, "old":true, "long_lived":true, "marked":true}}
{"address":"0x7fcbb10d8d90", "type":"STRING", "class":"0x7fcbb10e0ef0", "frozen":true, "embedded":true, "fstring":true, "bytesize":6, "value":"ESPIPE", "encoding":"US-ASCII", "memsize":40, "flags":{"wb_protected":true, "old":true, "long_lived":true, "marked":true}}
{"address":"0x7fcbb10d8db8", "type":"STRING", "class":"0x7fcbb10e0ef0", "frozen":true, "embedded":true, "bytesize":13, "value":"Errno::ENOSPC", "encoding":"US-ASCII", "memsize":40, "flags":{"wb_protected":true, "old":true, "long_lived":true, "marked":true}}
{"address":"0x7fcbb10d8de0", "type":"CLASS", "class":"0x7fcbb10e2430", "name":"Class", "references":["0x7fcbb10d8e08", "0x7fcbb10db338"], "memsize":712, "flags":{"wb_protected":true, "old":true, "long_lived":true, "marked":true}}
{"address":"0x7fcbb10d8e08", "type":"CLASS", "class":"0x7fcbb10d8de0", "name":"Errno::ENOSPC", "references":["0x7fcbb10d8db8", "0x7fcbb10db360"], "memsize":904, "flags":{"wb_protected":true, "old":true, "long_lived":true, "marked":true}}
{"address":"0x7fcbb10d8e30", "type":"STRING", "class":"0x7fcbb10e0ef0", "frozen":true, "embedded":true, "fstring":true, "bytesize":6, "value":"ENOSPC", "encoding":"US-ASCII", "memsize":40, "flags":{"wb_protected":true, "old":true, "long_lived":true, "marked":true}}
{"address":"0x7fcbb10d8e58", "type":"STRING", "class":"0x7fcbb10e0ef0", "frozen":true, "embedded":true, "bytesize":12, "value":"Errno::EFBIG", "encoding":"US-ASCII", "memsize":40, "flags":{"wb_protected":true, "old":true, "long_lived":true, "marked":true}}
{"address":"0x7fcbb10d8e80", "type":"CLASS", "class":"0x7fcbb10e2430", "name":"Class", "references":["0x7fcbb10d8ea8", "0x7fcbb10db338"], "memsize":712, "flags":{"wb_protected":true, "old":true, "long_lived":true, "marked":true}}
{"address":"0x7fcbb10d8ea8", "type":"CLASS", "class":"0x7fcbb10d8e80", "name":"Errno::EFBIG", "references":["0x7fcbb10d8e58", "0x7fcbb10db360"], "memsize":904, "flags":{"wb_protected":true, "old":true, "long_lived":true, "marked":true}}
{"address":"0x7fcbb10d8ed0", "type":"STRING", "class":"0x7fcbb10e0ef0", "frozen":true, "embedded":true, "fstring":true, "bytesize":5, "value":"EFBIG", "encoding":"US-ASCII", "memsize":40, "flags":{"wb_protected":true, "old":true, "long_lived":true, "marked":true}}
{"address":"0x7fcbb10d8ef8", "type":"STRING", "class":"0x7fcbb10e0ef0", "frozen":true, "embedded":true, "bytesize":14, "value":"Errno::ETXTBSY", "encoding":"US-ASCII", "memsize":40, "flags":{"wb_protected":true, "old":true, "long_lived":true, "marked":true}}
{"address":"0x7fcbb10d8f20", "type":"CLASS", "class":"0x7fcbb10e2430", "name":"Class", "references":["0x7fcbb10d8f48", "0x7fcbb10db338"], "memsize":712, "flags":{"wb_protected":true, "old":true, "long_lived":true, "marked":true}}
{"address":"0x7fcbb10d8f48", "type":"CLASS", "class":"0x7fcbb10d8f20", "name":"Errno::ETXTBSY", "references":["0x7fcbb10d8ef8", "0x7fcbb10db360"], "memsize":904, "flags":{"wb_protected":true, "old":true, "long_lived":true, "marked":true}}
{"address":"0x7fcbb10d8f70", "type":"STRING", "class":"0x7fcbb10e0ef0", "frozen":true, "embedded":true, "fstring":true, "bytesize":7, "value":"ETXTBSY", "encoding":"US-ASCII", "memsize":40, "flags":{"wb_protected":true, "old":true, "long_lived":true, "marked":true}}
{"address":"0x7fcbb10d8f98", "type":"STRING", "class":"0x7fcbb10e0ef0", "frozen":true, "embedded":true, "bytesize":13, "value":"Errno::ENOTTY", "encoding":"US-ASCII", "memsize":40, "flags":{"wb_protected":true, "old":true, "long_lived":true, "marked":true}}
{"address":"0x7fcbb10d8fc0", "type":"CLASS", "class":"0x7fcbb10e2430", "name":"Class", "references":["0x7fcbb10d8fe8", "0x7fcbb10db338"], "memsize":712, "flags":{"wb_protected":true, "old":true, "long_lived":true, "marked":true}}
{"address":"0x7fcbb10d8fe8", "type":"CLASS", "class":"0x7fcbb10d8fc0", "name":"Errno::ENOTTY", "references":["0x7fcbb10d8f98", "0x7fcbb10db360"], "memsize":904, "flags":{"wb_protected":true, "old":true, "long_lived":true, "marked":true}}
{"address":"0x7fcbb10d9010", "type":"STRING", "class":"0x7fcbb10e0ef0", "frozen":true, "embedded":true, "fstring":true, "bytesize":6, "value":"ENOTTY", "encoding":"US-ASCII", "memsize":40, "flags":{"wb_protected":true, "old":true, "long_lived":true, "marked":true}}
{"address":"0x7fcbb10d9038", "type":"STRING", "class":"0x7fcbb10e0ef0", "frozen":true, "embedded":true, "bytesize":13, "value":"Errno::EMFILE", "encoding":"US-ASCII", "memsize":40, "flags":{"wb_protected":true, "old":true, "long_lived":true, "marked":true}}
{"address":"0x7fcbb10d9060", "type":"CLASS", "class":"0x7fcbb10e2430", "name":"Class", "references":["0x7fcbb10d9088", "0x7fcbb10db338"], "memsize":712, "flags":{"wb_protected":true, "old":true, "long_lived":true, "marked":true}}
{"address":"0x7fcbb10d9088", "type":"CLASS", "class":"0x7fcbb10d9060", "name":"Errno::EMFILE", "references":["0x7fcbb10d9038", "0x7fcbb10db360"], "memsize":904, "flags":{"wb_protected":true, "old":true, "long_lived":true, "marked":true}}
{"address":"0x7fcbb10d90b0", "type":"STRING", "class":"0x7fcbb10e0ef0", "frozen":true, "embedded":true, "fstring":true, "bytesize":6, "value":"EMFILE", "encoding":"US-ASCII", "memsize":40, "flags":{"wb_protected":true, "old":true, "long_lived":true, "marked":true}}
{"address":"0x7fcbb10d90d8", "type":"STRING", "class":"0x7fcbb10e0ef0", "frozen":true, "embedded":true, "bytesize":13, "value":"Errno::ENFILE", "encoding":"US-ASCII", "memsize":40, "flags":{"wb_protected":true, "old":true, "long_lived":true, "marked":true}}
{"address":"0x7fcbb10d9100", "type":"CLASS", "class":"0x7fcbb10e2430", "name":"Class", "references":["0x7fcbb10d9128", "0x7fcbb10db338"], "memsize":712, "flags":{"wb_protected":true, "old":true, "long_lived":true, "marked":true}}
{"address":"0x7fcbb10d9128", "type":"CLASS", "class":"0x7fcbb10d9100", "name":"Errno::ENFILE", "references":["0x7fcbb10d90d8", "0x7fcbb10db360"], "memsize":904, "flags":{"wb_protected":true, "old":true, "long_lived":true, "marked":true}}
{"address":"0x7fcbb10d9150", "type":"STRING", "class":"0x7fcbb10e0ef0", "frozen":true, "embedded":true, "fstring":true, "bytesize":6, "value":"ENFILE", "encoding":"US-ASCII", "memsize":40, "flags":{"wb_protected":true, "old":true, "long_lived":true, "marked":true}}
{"address":"0x7fcbb10d9178", "type":"STRING", "class":"0x7fcbb10e0ef0", "frozen":true, "embedded":true, "bytesize":13, "value":"Errno::EINVAL", "encoding":"US-ASCII", "memsize":40, "flags":{"wb_protected":true, "old":true, "long_lived":true, "marked":true}}
{"address":"0x7fcbb10d91a0", "type":"CLASS", "class":"0x7fcbb10e2430", "name":"Class", "references":["0x7fcbb10d91c8", "0x7fcbb10db338"], "memsize":712, "flags":{"wb_protected":true, "old":true, "long_lived":true, "marked":true}}
{"address":"0x7fcbb10d91c8", "type":"CLASS", "class":"0x7fcbb10d91a0", "name":"Errno::EINVAL", "references":["0x7fcbb10d9178", "0x7fcbb10db360"], "memsize":904, "flags":{"wb_protected":true, "old":true, "long_lived":true, "marked":true}}
{"address":"0x7fcbb10d91f0", "type":"STRING", "class":"0x7fcbb10e0ef0", "frozen":true, "embedded":true, "fstring":true, "bytesize":6, "value":"EINVAL", "encoding":"US-ASCII", "memsize":40, "flags":{"wb_protected":true, "old":true, "long_lived":true, "marked":true}}
{"address":"0x7fcbb10d9218", "type":"STRING", "class":"0x7fcbb10e0ef0", "frozen":true, "embedded":true, "bytesize":13, "value":"Errno::EISDIR", "encoding":"US-ASCII", "memsize":40, "flags":{"wb_protected":true, "old":true, "long_lived":true, "marked":true}}
{"address":"0x7fcbb10d9240", "type":"CLASS", "class":"0x7fcbb10e2430", "name":"Class", "references":["0x7fcbb10d9268", "0x7fcbb10db338"], "memsize":712, "flags":{"wb_protected":true, "old":true, "long_lived":true, "marked":true}}
{"address":"0x7fcbb10d9268", "type":"CLASS", "class":"0x7fcbb10d9240", "name":"Errno::EISDIR", "references":["0x7fcbb10d9218", "0x7fcbb10db360"], "memsize":904, "flags":{"wb_protected":true, "old":true, "long_lived":true, "marked":true}}
{"address":"0x7fcbb10d9290", "type":"STRING", "class":"0x7fcbb10e0ef0", "frozen":true, "embedded":true, "fstring":true, "bytesize":6, "value":"EISDIR", "encoding":"US-ASCII", "memsize":40, "flags":{"wb_protected":true, "old":true, "long_lived":true, "marked":true}}
{"address":"0x7fcbb10d92b8", "type":"STRING", "class":"0x7fcbb10e0ef0", "frozen":true, "embedded":true, "bytesize":14, "value":"Errno::ENOTDIR", "encoding":"US-ASCII", "memsize":40, "flags":{"wb_protected":true, "old":true, "long_lived":true, "marked":true}}
{"address":"0x7fcbb10d92e0", "type":"CLASS", "class":"0x7fcbb10e2430", "name":"Class", "references":["0x7fcbb10d9308", "0x7fcbb10db338"], "memsize":712, "flags":{"wb_protected":true, "old":true, "long_lived":true, "marked":true}}
{"address":"0x7fcbb10d9308", "type":"CLASS", "class":"0x7fcbb10d92e0", "name":"Errno::ENOTDIR", "references":["0x7fcbb10d92b8", "0x7fcbb10db360"], "memsize":904, "flags":{"wb_protected":true, "old":true, "long_lived":true, "marked":true}}
{"address":"0x7fcbb10d9330", "type":"STRING", "class":"0x7fcbb10e0ef0", "frozen":true, "embedded":true, "fstring":true, "bytesize":7, "value":"ENOTDIR", "encoding":"US-ASCII", "memsize":40, "flags":{"wb_protected":true, "old":true, "long_lived":true, "marked":true}}
{"address":"0x7fcbb10d9358", "type":"STRING", "class":"0x7fcbb10e0ef0", "frozen":true, "embedded":true, "bytesize":13, "value":"Errno::ENODEV", "encoding":"US-ASCII", "memsize":40, "flags":{"wb_protected":true, "old":true, "long_lived":true, "marked":true}}
{"address":"0x7fcbb10d9380", "type":"CLASS", "class":"0x7fcbb10e2430", "name":"Class", "references":["0x7fcbb10d93a8", "0x7fcbb10db338"], "memsize":712, "flags":{"wb_protected":true, "old":true, "long_lived":true, "marked":true}}
{"address":"0x7fcbb10d93a8", "type":"CLASS", "class":"0x7fcbb10d9380", "name":"Errno::ENODEV", "references":["0x7fcbb10d9358", "0x7fcbb10db360"], "memsize":904, "flags":{"wb_protected":true, "old":true, "long_lived":true, "marked":true}}
{"address":"0x7fcbb10d93d0", "type":"STRING", "class":"0x7fcbb10e0ef0", "frozen":true, "embedded":true, "fstring":true, "bytesize":6, "value":"ENODEV", "encoding":"US-ASCII", "memsize":40, "flags":{"wb_protected":true, "old":true, "long_lived":true, "marked":true}}
{"address":"0x7fcbb10d93f8", "type":"STRING", "class":"0x7fcbb10e0ef0", "frozen":true, "embedded":true, "bytesize":12, "value":"Errno::EXDEV", "encoding":"US-ASCII", "memsize":40, "flags":{"wb_protected":true, "old":true, "long_lived":true, "marked":true}}
{"address":"0x7fcbb10d9420", "type":"CLASS", "class":"0x7fcbb10e2430", "name":"Class", "references":["0x7fcbb10d9448", "0x7fcbb10db338"], "memsize":712, "flags":{"wb_protected":true, "old":true, "long_lived":true, "marked":true}}
{"address":"0x7fcbb10d9448", "type":"CLASS", "class":"0x7fcbb10d9420", "name":"Errno::EXDEV", "references":["0x7fcbb10d93f8", "0x7fcbb10db360"], "memsize":904, "flags":{"wb_protected":true, "old":true, "long_lived":true, "marked":true}}
{"address":"0x7fcbb10d9470", "type":"STRING", "class":"0x7fcbb10e0ef0", "frozen":true, "embedded":true, "fstring":true, "bytesize":5, "value":"EXDEV", "encoding":"US-ASCII", "memsize":40, "flags":{"wb_protected":true, "old":true, "long_lived":true, "marked":true}}
{"address":"0x7fcbb10d9498", "type":"STRING", "class":"0x7fcbb10e0ef0", "frozen":true, "embedded":true, "bytesize":13, "value":"Errno::EEXIST", "encoding":"US-ASCII", "memsize":40, "flags":{"wb_protected":true, "old":true, "long_lived":true, "marked":true}}
{"address":"0x7fcbb10d94c0", "type":"CLASS", "class":"0x7fcbb10e2430", "name":"Class", "references":["0x7fcbb10d94e8", "0x7fcbb10db338"], "memsize":712, "flags":{"wb_protected":true, "old":true, "long_lived":true, "marked":true}}
{"address":"0x7fcbb10d94e8", "type":"CLASS", "class":"0x7fcbb10d94c0", "name":"Errno::EEXIST", "references":["0x7fcbb10d9498", "0x7fcbb10db360"], "memsize":904, "flags":{"wb_protected":true, "old":true, "long_lived":true, "marked":true}}
{"address":"0x7fcbb10d9510", "type":"STRING", "class":"0x7fcbb10e0ef0", "frozen":true, "embedded":true, "fstring":true, "bytesize":6, "value":"EEXIST", "encoding":"US-ASCII", "memsize":40, "flags":{"wb_protected":true, "old":true, "long_lived":true, "marked":true}}
{"address":"0x7fcbb10d9538", "type":"STRING", "class":"0x7fcbb10e0ef0", "frozen":true, "embedded":true, "bytesize":12, "value":"Errno::EBUSY", "encoding":"US-ASCII", "memsize":40, "flags":{"wb_protected":true, "old":true, "long_lived":true, "marked":true}}
{"address":"0x7fcbb10d9560", "type":"CLASS", "class":"0x7fcbb10e2430", "name":"Class", "references":["0x7fcbb10d9588", "0x7fcbb10db338"], "memsize":712, "flags":{"wb_protected":true, "old":true, "long_lived":true, "marked":true}}
{"address":"0x7fcbb10d9588", "type":"CLASS", "class":"0x7fcbb10d9560", "name":"Errno::EBUSY", "references":["0x7fcbb10d9538", "0x7fcbb10db360"], "memsize":904, "flags":{"wb_protected":true, "old":true, "long_lived":true, "marked":true}}
{"address":"0x7fcbb10d95b0", "type":"STRING", "class":"0x7fcbb10e0ef0", "frozen":true, "embedded":true, "fstring":true, "bytesize":5, "value":"EBUSY", "encoding":"US-ASCII", "memsize":40, "flags":{"wb_protected":true, "old":true, "long_lived":true, "marked":true}}
{"address":"0x7fcbb10d95d8", "type":"STRING", "class":"0x7fcbb10e0ef0", "frozen":true, "embedded":true, "bytesize":14, "value":"Errno::ENOTBLK", "encoding":"US-ASCII", "memsize":40, "flags":{"wb_protected":true, "old":true, "long_lived":true, "marked":true}}
{"address":"0x7fcbb10d9600", "type":"CLASS", "class":"0x7fcbb10e2430", "name":"Class", "references":["0x7fcbb10d9628", "0x7fcbb10db338"], "memsize":712, "flags":{"wb_protected":true, "old":true, "long_lived":true, "marked":true}}
{"address":"0x7fcbb10d9628", "type":"CLASS", "class":"0x7fcbb10d9600", "name":"Errno::ENOTBLK", "references":["0x7fcbb10d95d8", "0x7fcbb10db360"], "memsize":904, "flags":{"wb_protected":true, "old":true, "long_lived":true, "marked":true}}
{"address":"0x7fcbb10d9650", "type":"STRING", "class":"0x7fcbb10e0ef0", "frozen":true, "embedded":true, "fstring":true, "bytesize":7, "value":"ENOTBLK", "encoding":"US-ASCII", "memsize":40, "flags":{"wb_protected":true, "old":true, "long_lived":true, "marked":true}}
{"address":"0x7fcbb10d9678", "type":"STRING", "class":"0x7fcbb10e0ef0", "frozen":true, "embedded":true, "bytesize":13, "value":"Errno::EFAULT", "encoding":"US-ASCII", "memsize":40, "flags":{"wb_protected":true, "old":true, "long_lived":true, "marked":true}}
{"address":"0x7fcbb10d96a0", "type":"CLASS", "class":"0x7fcbb10e2430", "name":"Class", "references":["0x7fcbb10d96c8", "0x7fcbb10db338"], "memsize":712, "flags":{"wb_protected":true, "old":true, "long_lived":true, "marked":true}}
{"address":"0x7fcbb10d96c8", "type":"CLASS", "class":"0x7fcbb10d96a0", "name":"Errno::EFAULT", "references":["0x7fcbb10d9678", "0x7fcbb10db360"], "memsize":904, "flags":{"wb_protected":true, "old":true, "long_lived":true, "marked":true}}
{"address":"0x7fcbb10d96f0", "type":"STRING", "class":"0x7fcbb10e0ef0", "frozen":true, "embedded":true, "fstring":true, "bytesize":6, "value":"EFAULT", "encoding":"US-ASCII", "memsize":40, "flags":{"wb_protected":true, "old":true, "long_lived":true, "marked":true}}
{"address":"0x7fcbb10d9718", "type":"STRING", "class":"0x7fcbb10e0ef0", "frozen":true, "embedded":true, "bytesize":13, "value":"Errno::EACCES", "encoding":"US-ASCII", "memsize":40, "flags":{"wb_protected":true, "old":true, "long_lived":true, "marked":true}}
{"address":"0x7fcbb10d9740", "type":"CLASS", "class":"0x7fcbb10e2430", "name":"Class", "references":["0x7fcbb10d9768", "0x7fcbb10db338"], "memsize":712, "flags":{"wb_protected":true, "old":true, "long_lived":true, "marked":true}}
{"address":"0x7fcbb10d9768", "type":"CLASS", "class":"0x7fcbb10d9740", "name":"Errno::EACCES", "references":["0x7fcbb10d9718", "0x7fcbb10db360"], "memsize":904, "flags":{"wb_protected":true, "old":true, "long_lived":true, "marked":true}}
{"address":"0x7fcbb10d9790", "type":"STRING", "class":"0x7fcbb10e0ef0", "frozen":true, "embedded":true, "fstring":true, "bytesize":6, "value":"EACCES", "encoding":"US-ASCII", "memsize":40, "flags":{"wb_protected":true, "old":true, "long_lived":true, "marked":true}}
{"address":"0x7fcbb10d97b8", "type":"STRING", "class":"0x7fcbb10e0ef0", "frozen":true, "embedded":true, "bytesize":13, "value":"Errno::ENOMEM", "encoding":"US-ASCII", "memsize":40, "flags":{"wb_protected":true, "old":true, "long_lived":true, "marked":true}}
{"address":"0x7fcbb10d97e0", "type":"CLASS", "class":"0x7fcbb10e2430", "name":"Class", "references":["0x7fcbb10d9808", "0x7fcbb10db338"], "memsize":712, "flags":{"wb_protected":true, "old":true, "long_lived":true, "marked":true}}
{"address":"0x7fcbb10d9808", "type":"CLASS", "class":"0x7fcbb10d97e0", "name":"Errno::ENOMEM", "references":["0x7fcbb10d97b8", "0x7fcbb10db360"], "memsize":904, "flags":{"wb_protected":true, "old":true, "long_lived":true, "marked":true}}
{"address":"0x7fcbb10d9830", "type":"STRING", "class":"0x7fcbb10e0ef0", "frozen":true, "embedded":true, "fstring":true, "bytesize":6, "value":"ENOMEM", "encoding":"US-ASCII", "memsize":40, "flags":{"wb_protected":true, "old":true, "long_lived":true, "marked":true}}
{"address":"0x7fcbb10d9858", "type":"STRING", "class":"0x7fcbb10e0ef0", "frozen":true, "embedded":true, "bytesize":13, "value":"Errno::EAGAIN", "encoding":"US-ASCII", "memsize":40, "flags":{"wb_protected":true, "old":true, "long_lived":true, "marked":true}}
{"address":"0x7fcbb10d9880", "type":"CLASS", "class":"0x7fcbb10e2430", "name":"Class", "references":["0x7fcbb10d98a8", "0x7fcbb10db338"], "memsize":712, "flags":{"wb_protected":true, "old":true, "long_lived":true, "marked":true}}
{"address":"0x7fcbb10d98a8", "type":"CLASS", "class":"0x7fcbb10d9880", "name":"Errno::EAGAIN", "references":["0x7fcbb10d9858", "0x7fcbb10db360"], "memsize":904, "flags":{"wb_protected":true, "old":true, "long_lived":true, "marked":true}}
{"address":"0x7fcbb10d98d0", "type":"STRING", "class":"0x7fcbb10e0ef0", "frozen":true, "embedded":true, "fstring":true, "bytesize":6, "value":"EAGAIN", "encoding":"US-ASCII", "memsize":40, "flags":{"wb_protected":true, "old":true, "long_lived":true, "marked":true}}
{"address":"0x7fcbb10d98f8", "type":"STRING", "class":"0x7fcbb10e0ef0", "frozen":true, "embedded":true, "bytesize":13, "value":"Errno::ECHILD", "encoding":"US-ASCII", "memsize":40, "flags":{"wb_protected":true, "old":true, "long_lived":true, "marked":true}}
{"address":"0x7fcbb10d9920", "type":"CLASS", "class":"0x7fcbb10e2430", "name":"Class", "references":["0x7fcbb10d9948", "0x7fcbb10db338"], "memsize":712, "flags":{"wb_protected":true, "old":true, "long_lived":true, "marked":true}}
{"address":"0x7fcbb10d9948", "type":"CLASS", "class":"0x7fcbb10d9920", "name":"Errno::ECHILD", "references":["0x7fcbb10d98f8", "0x7fcbb10db360"], "memsize":904, "flags":{"wb_protected":true, "old":true, "long_lived":true, "marked":true}}
{"address":"0x7fcbb10d9970", "type":"STRING", "class":"0x7fcbb10e0ef0", "frozen":true, "embedded":true, "fstring":true, "bytesize":6, "value":"ECHILD", "encoding":"US-ASCII", "memsize":40, "flags":{"wb_protected":true, "old":true, "long_lived":true, "marked":true}}
{"address":"0x7fcbb10d9998", "type":"STRING", "class":"0x7fcbb10e0ef0", "frozen":true, "embedded":true, "bytesize":12, "value":"Errno::EBADF", "encoding":"US-ASCII", "memsize":40, "flags":{"wb_protected":true, "old":true, "long_lived":true, "marked":true}}
{"address":"0x7fcbb10d99c0", "type":"CLASS", "class":"0x7fcbb10e2430", "name":"Class", "references":["0x7fcbb10d99e8", "0x7fcbb10db338"], "memsize":712, "flags":{"wb_protected":true, "old":true, "long_lived":true, "marked":true}}
{"address":"0x7fcbb10d99e8", "type":"CLASS", "class":"0x7fcbb10d99c0", "name":"Errno::EBADF", "references":["0x7fcbb10d9998", "0x7fcbb10db360"], "memsize":904, "flags":{"wb_protected":true, "old":true, "long_lived":true, "marked":true}}
{"address":"0x7fcbb10d9a10", "type":"STRING", "class":"0x7fcbb10e0ef0", "frozen":true, "embedded":true, "fstring":true, "bytesize":5, "value":"EBADF", "encoding":"US-ASCII", "memsize":40, "flags":{"wb_protected":true, "old":true, "long_lived":true, "marked":true}}
{"address":"0x7fcbb10d9a38", "type":"STRING", "class":"0x7fcbb10e0ef0", "frozen":true, "embedded":true, "bytesize":14, "value":"Errno::ENOEXEC", "encoding":"US-ASCII", "memsize":40, "flags":{"wb_protected":true, "old":true, "long_lived":true, "marked":true}}
{"address":"0x7fcbb10d9a60", "type":"CLASS", "class":"0x7fcbb10e2430", "name":"Class", "references":["0x7fcbb10d9a88", "0x7fcbb10db338"], "memsize":712, "flags":{"wb_protected":true, "old":true, "long_lived":true, "marked":true}}
{"address":"0x7fcbb10d9a88", "type":"CLASS", "class":"0x7fcbb10d9a60", "name":"Errno::ENOEXEC", "references":["0x7fcbb10d9a38", "0x7fcbb10db360"], "memsize":904, "flags":{"wb_protected":true, "old":true, "long_lived":true, "marked":true}}
{"address":"0x7fcbb10d9ab0", "type":"STRING", "class":"0x7fcbb10e0ef0", "frozen":true, "embedded":true, "fstring":true, "bytesize":7, "value":"ENOEXEC", "encoding":"US-ASCII", "memsize":40, "flags":{"wb_protected":true, "old":true, "long_lived":true, "marked":true}}
{"address":"0x7fcbb10d9ad8", "type":"STRING", "class":"0x7fcbb10e0ef0", "frozen":true, "embedded":true, "bytesize":12, "value":"Errno::E2BIG", "encoding":"US-ASCII", "memsize":40, "flags":{"wb_protected":true, "old":true, "long_lived":true, "marked":true}}
{"address":"0x7fcbb10d9b00", "type":"CLASS", "class":"0x7fcbb10e2430", "name":"Class", "references":["0x7fcbb10d9b28", "0x7fcbb10db338"], "memsize":712, "flags":{"wb_protected":true, "old":true, "long_lived":true, "marked":true}}
{"address":"0x7fcbb10d9b28", "type":"CLASS", "class":"0x7fcbb10d9b00", "name":"Errno::E2BIG", "references":["0x7fcbb10d9ad8", "0x7fcbb10db360"], "memsize":904, "flags":{"wb_protected":true, "old":true, "long_lived":true, "marked":true}}
{"address":"0x7fcbb10d9b50", "type":"STRING", "class":"0x7fcbb10e0ef0", "frozen":true, "embedded":true, "fstring":true, "bytesize":5, "value":"E2BIG", "encoding":"US-ASCII", "memsize":40, "flags":{"wb_protected":true, "old":true, "long_lived":true, "marked":true}}
{"address":"0x7fcbb10d9b78", "type":"STRING", "class":"0x7fcbb10e0ef0", "frozen":true, "embedded":true, "bytesize":12, "value":"Errno::ENXIO", "encoding":"US-ASCII", "memsize":40, "flags":{"wb_protected":true, "old":true, "long_lived":true, "marked":true}}
{"address":"0x7fcbb10d9ba0", "type":"CLASS", "class":"0x7fcbb10e2430", "name":"Class", "references":["0x7fcbb10d9bc8", "0x7fcbb10db338"], "memsize":712, "flags":{"wb_protected":true, "old":true, "long_lived":true, "marked":true}}
{"address":"0x7fcbb10d9bc8", "type":"CLASS", "class":"0x7fcbb10d9ba0", "name":"Errno::ENXIO", "references":["0x7fcbb10d9b78", "0x7fcbb10db360"], "memsize":904, "flags":{"wb_protected":true, "old":true, "long_lived":true, "marked":true}}
{"address":"0x7fcbb10d9bf0", "type":"STRING", "class":"0x7fcbb10e0ef0", "frozen":true, "embedded":true, "fstring":true, "bytesize":5, "value":"ENXIO", "encoding":"US-ASCII", "memsize":40, "flags":{"wb_protected":true, "old":true, "long_lived":true, "marked":true}}
{"address":"0x7fcbb10d9c18", "type":"STRING", "class":"0x7fcbb10e0ef0", "frozen":true, "embedded":true, "bytesize":10, "value":"Errno::EIO", "encoding":"US-ASCII", "memsize":40, "flags":{"wb_protected":true, "old":true, "long_lived":true, "marked":true}}
{"address":"0x7fcbb10d9c40", "type":"CLASS", "class":"0x7fcbb10e2430", "name":"Class", "references":["0x7fcbb10d9c68", "0x7fcbb10db338"], "memsize":712, "flags":{"wb_protected":true, "old":true, "long_lived":true, "marked":true}}
{"address":"0x7fcbb10d9c68", "type":"CLASS", "class":"0x7fcbb10d9c40", "name":"Errno::EIO", "references":["0x7fcbb10d9c18", "0x7fcbb10db360"], "memsize":904, "flags":{"wb_protected":true, "old":true, "long_lived":true, "marked":true}}
{"address":"0x7fcbb10d9c90", "type":"STRING", "class":"0x7fcbb10e0ef0", "frozen":true, "embedded":true, "fstring":true, "bytesize":3, "value":"EIO", "encoding":"US-ASCII", "memsize":40, "flags":{"wb_protected":true, "old":true, "long_lived":true, "marked":true}}
{"address":"0x7fcbb10d9cb8", "type":"STRING", "class":"0x7fcbb10e0ef0", "frozen":true, "embedded":true, "bytesize":12, "value":"Errno::EINTR", "encoding":"US-ASCII", "memsize":40, "flags":{"wb_protected":true, "old":true, "long_lived":true, "marked":true}}
{"address":"0x7fcbb10d9ce0", "type":"CLASS", "class":"0x7fcbb10e2430", "name":"Class", "references":["0x7fcbb10d9d08", "0x7fcbb10db338"], "memsize":712, "flags":{"wb_protected":true, "old":true, "long_lived":true, "marked":true}}
{"address":"0x7fcbb10d9d08", "type":"CLASS", "class":"0x7fcbb10d9ce0", "name":"Errno::EINTR", "references":["0x7fcbb10d9cb8", "0x7fcbb10db360"], "memsize":904, "flags":{"wb_protected":true, "old":true, "long_lived":true, "marked":true}}
{"address":"0x7fcbb10d9d30", "type":"STRING", "class":"0x7fcbb10e0ef0", "frozen":true, "embedded":true, "fstring":true, "bytesize":5, "value":"EINTR", "encoding":"US-ASCII", "memsize":40, "flags":{"wb_protected":true, "old":true, "long_lived":true, "marked":true}}
{"address":"0x7fcbb10d9d58", "type":"STRING", "class":"0x7fcbb10e0ef0", "frozen":true, "embedded":true, "bytesize":12, "value":"Errno::ESRCH", "encoding":"US-ASCII", "memsize":40, "flags":{"wb_protected":true, "old":true, "long_lived":true, "marked":true}}
{"address":"0x7fcbb10d9d80", "type":"CLASS", "class":"0x7fcbb10e2430", "name":"Class", "references":["0x7fcbb10d9da8", "0x7fcbb10db338"], "memsize":712, "flags":{"wb_protected":true, "old":true, "long_lived":true, "marked":true}}
{"address":"0x7fcbb10d9da8", "type":"CLASS", "class":"0x7fcbb10d9d80", "name":"Errno::ESRCH", "references":["0x7fcbb10d9d58", "0x7fcbb10db360"], "memsize":904, "flags":{"wb_protected":true, "old":true, "long_lived":true, "marked":true}}
{"address":"0x7fcbb10d9dd0", "type":"STRING", "class":"0x7fcbb10e0ef0", "frozen":true, "embedded":true, "fstring":true, "bytesize":5, "value":"ESRCH", "encoding":"US-ASCII", "memsize":40, "flags":{"wb_protected":true, "old":true, "long_lived":true, "marked":true}}
{"address":"0x7fcbb10d9df8", "type":"STRING", "class":"0x7fcbb10e0ef0", "frozen":true, "embedded":true, "bytesize":13, "value":"Errno::ENOENT", "encoding":"US-ASCII", "memsize":40, "flags":{"wb_protected":true, "old":true, "long_lived":true, "marked":true}}
{"address":"0x7fcbb10d9e20", "type":"CLASS", "class":"0x7fcbb10e2430", "name":"Class", "references":["0x7fcbb10d9e48", "0x7fcbb10db338"], "memsize":712, "flags":{"wb_protected":true, "old":true, "long_lived":true, "marked":true}}
{"address":"0x7fcbb10d9e48", "type":"CLASS", "class":"0x7fcbb10d9e20", "name":"Errno::ENOENT", "references":["0x7fcbb10d9df8", "0x7fcbb10db360"], "memsize":904, "flags":{"wb_protected":true, "old":true, "long_lived":true, "marked":true}}
{"address":"0x7fcbb10d9e70", "type":"STRING", "class":"0x7fcbb10e0ef0", "frozen":true, "embedded":true, "fstring":true, "bytesize":6, "value":"ENOENT", "encoding":"US-ASCII", "memsize":40, "flags":{"wb_protected":true, "old":true, "long_lived":true, "marked":true}}
{"address":"0x7fcbb10d9e98", "type":"STRING", "class":"0x7fcbb10e0ef0", "frozen":true, "embedded":true, "bytesize":12, "value":"Errno::EPERM", "encoding":"US-ASCII", "memsize":40, "flags":{"wb_protected":true, "old":true, "long_lived":true, "marked":true}}
{"address":"0x7fcbb10d9ec0", "type":"CLASS", "class":"0x7fcbb10e2430", "name":"Class", "references":["0x7fcbb10d9ee8", "0x7fcbb10db338"], "memsize":712, "flags":{"wb_protected":true, "old":true, "long_lived":true, "marked":true}}
{"address":"0x7fcbb10d9ee8", "type":"CLASS", "class":"0x7fcbb10d9ec0", "name":"Errno::EPERM", "references":["0x7fcbb10d9e98", "0x7fcbb10db360"], "memsize":904, "flags":{"wb_protected":true, "old":true, "long_lived":true, "marked":true}}
{"address":"0x7fcbb10d9f10", "type":"STRING", "class":"0x7fcbb10e0ef0", "frozen":true, "embedded":true, "fstring":true, "bytesize":5, "value":"EPERM", "encoding":"US-ASCII", "memsize":40, "flags":{"wb_protected":true, "old":true, "long_lived":true, "marked":true}}
{"address":"0x7fcbb10d9f38", "type":"STRING", "class":"0x7fcbb10e0ef0", "frozen":true, "embedded":true, "bytesize":14, "value":"Errno::NOERROR", "encoding":"US-ASCII", "memsize":40, "flags":{"wb_protected":true, "old":true, "long_lived":true, "marked":true}}
{"address":"0x7fcbb10d9f60", "type":"CLASS", "class":"0x7fcbb10e2430", "name":"Class", "references":["0x7fcbb10d9f88", "0x7fcbb10db338"], "memsize":712, "flags":{"wb_protected":true, "old":true, "long_lived":true, "marked":true}}
{"address":"0x7fcbb10d9f88", "type":"CLASS", "class":"0x7fcbb10d9f60", "name":"Errno::NOERROR", "references":["0x7fcbb10d9f38", "0x7fcbb10db360"], "memsize":904, "flags":{"wb_protected":true, "old":true, "long_lived":true, "marked":true}}
{"address":"0x7fcbb10d9fb0", "type":"STRING", "class":"0x7fcbb10e0ef0", "frozen":true, "embedded":true, "fstring":true, "bytesize":7, "value":"NOERROR", "encoding":"US-ASCII", "memsize":40, "flags":{"wb_protected":true, "old":true, "long_lived":true, "marked":true}}
{"address":"0x7fcbb10d9fd8", "type":"CLASS", "class":"0x7fcbb10e2430", "name":"Class", "references":["0x7fcbb10da000", "0x7fcbb10da5f0"], "memsize":712, "flags":{"wb_protected":true, "old":true, "long_lived":true, "marked":true}}
{"address":"0x7fcbb10da000", "type":"CLASS", "class":"0x7fcbb10d9fd8", "name":"Bignum", "references":["0x7fcbb10da000", "0x7fcbb10da000", "0x7fcbb10da000", "0x7fcbb10da000", "0x7fcbb10da000", "0x7fcbb10da000", "0x7fcbb10da000", "0x7fcbb10da000", "0x7fcbb10da000", "0x7fcbb10da000", "0x7fcbb10da000", "0x7fcbb10da000", "0x7fcbb10da000", "0x7fcbb10da000", "0x7fcbb10da000", "0x7fcbb10da000", "0x7fcbb10da000", "0x7fcbb10da000", "0x7fcbb10da000", "0x7fcbb10da000", "0x7fcbb10da000", "0x7fcbb10da000", "0x7fcbb10da000", "0x7fcbb10da000", "0x7fcbb10da000", "0x7fcbb10da000", "0x7fcbb10da000", "0x7fcbb10da000", "0x7fcbb10da000", "0x7fcbb10da000", "0x7fcbb10da000", "0x7fcbb10da000", "0x7fcbb10da000", "0x7fcbb10da000", "0x7fcbb10da000", "0x7fcbb10da000", "0x7fcbb10da000", "0x7fcbb10da000", "0x7fcbb10da028", "0x7fcbb10da618"], "memsize":2520, "flags":{"wb_protected":true, "old":true, "long_lived":true, "marked":true}}
{"address":"0x7fcbb10da028", "type":"STRING", "class":"0x7fcbb10e0ef0", "frozen":true, "embedded":true, "fstring":true, "bytesize":6, "value":"Bignum", "encoding":"US-ASCII", "memsize":40, "flags":{"wb_protected":true, "old":true, "long_lived":true, "marked":true}}
{"address":"0x7fcbb10da050", "type":"STRING", "class":"0x7fcbb10e0ef0", "frozen":true, "embedded":true, "fstring":true, "bytesize":2, "value":"by", "encoding":"US-ASCII", "memsize":40, "flags":{"wb_protected":true, "old":true, "long_lived":true, "marked":true}}
{"address":"0x7fcbb10da078", "type":"STRING", "class":"0x7fcbb10e0ef0", "frozen":true, "embedded":true, "fstring":true, "bytesize":2, "value":"to", "encoding":"US-ASCII", "memsize":40, "flags":{"wb_protected":true, "old":true, "long_lived":true, "marked":true}}
{"address":"0x7fcbb10da0a0", "type":"STRING", "class":"0x7fcbb10e0ef0", "frozen":true, "embedded":true, "fstring":true, "bytesize":10, "value":"prev_float", "encoding":"US-ASCII", "memsize":40, "flags":{"wb_protected":true, "old":true, "long_lived":true, "marked":true}}
{"address":"0x7fcbb10da0c8", "type":"STRING", "class":"0x7fcbb10e0ef0", "frozen":true, "embedded":true, "fstring":true, "bytesize":10, "value":"next_float", "encoding":"US-ASCII", "memsize":40, "flags":{"wb_protected":true, "old":true, "long_lived":true, "marked":true}}
{"address":"0x7fcbb10da0f0", "type":"STRING", "class":"0x7fcbb10e0ef0", "frozen":true, "embedded":true, "fstring":true, "bytesize":7, "value":"finite?", "encoding":"US-ASCII", "memsize":40, "flags":{"wb_protected":true, "old":true, "long_lived":true, "marked":true}}
{"address":"0x7fcbb10da118", "type":"STRING", "class":"0x7fcbb10e0ef0", "frozen":true, "embedded":true, "fstring":true, "bytesize":9, "value":"infinite?", "encoding":"US-ASCII", "memsize":40, "flags":{"wb_protected":true, "old":true, "long_lived":true, "marked":true}}
{"address":"0x7fcbb10da140", "type":"STRING", "class":"0x7fcbb10e0ef0", "frozen":true, "embedded":true, "fstring":true, "bytesize":4, "value":"nan?", "encoding":"US-ASCII", "memsize":40, "flags":{"wb_protected":true, "old":true, "long_lived":true, "marked":true}}
{"address":"0x7fcbb10da168", "type":"STRING", "class":"0x7fcbb10e0ef0", "frozen":true, "embedded":true, "fstring":true, "bytesize":3, "value":"quo", "encoding":"US-ASCII", "memsize":40, "flags":{"wb_protected":true, "old":true, "long_lived":true, "marked":true}}
{"address":"0x7fcbb10da190", "type":"STRING", "class":"0x7fcbb10e0ef0", "frozen":true, "embedded":true, "fstring":true, "bytesize":3, "value":"NAN", "encoding":"US-ASCII", "memsize":40, "flags":{"wb_protected":true, "old":true, "long_lived":true, "marked":true}}
{"address":"0x7fcbb10da1b8", "type":"FLOAT", "class":"0x7fcbb10da460", "frozen":true, "value":"nan", "memsize":40, "flags":{"wb_protected":true, "old":true, "long_lived":true, "marked":true}}
{"address":"0x7fcbb10da1e0", "type":"STRING", "class":"0x7fcbb10e0ef0", "frozen":true, "embedded":true, "fstring":true, "bytesize":8, "value":"INFINITY", "encoding":"US-ASCII", "memsize":40, "flags":{"wb_protected":true, "old":true, "long_lived":true, "marked":true}}
{"address":"0x7fcbb10da208", "type":"FLOAT", "class":"0x7fcbb10da460", "frozen":true, "value":"inf", "memsize":40, "flags":{"wb_protected":true, "old":true, "long_lived":true, "marked":true}}
{"address":"0x7fcbb10da230", "type":"STRING", "class":"0x7fcbb10e0ef0", "frozen":true, "embedded":true, "fstring":true, "bytesize":7, "value":"EPSILON", "encoding":"US-ASCII", "memsize":40, "flags":{"wb_protected":true, "old":true, "long_lived":true, "marked":true}}
{"address":"0x7fcbb10da258", "type":"STRING", "class":"0x7fcbb10e0ef0", "frozen":true, "embedded":true, "fstring":true, "bytesize":3, "value":"MAX", "encoding":"US-ASCII", "memsize":40, "flags":{"wb_protected":true, "old":true, "long_lived":true, "marked":true}}
{"address":"0x7fcbb10da280", "type":"FLOAT", "class":"0x7fcbb10da460", "frozen":true, "value":"1.79769e+308", "memsize":40, "flags":{"wb_protected":true, "old":true, "long_lived":true, "marked":true}}
{"address":"0x7fcbb10da2a8", "type":"STRING", "class":"0x7fcbb10e0ef0", "frozen":true, "embedded":true, "fstring":true, "bytesize":3, "value":"MIN", "encoding":"US-ASCII", "memsize":40, "flags":{"wb_protected":true, "old":true, "long_lived":true, "marked":true}}
{"address":"0x7fcbb10da2d0", "type":"FLOAT", "class":"0x7fcbb10da460", "frozen":true, "value":"2.22507e-308", "memsize":40, "flags":{"wb_protected":true, "old":true, "long_lived":true, "marked":true}}
{"address":"0x7fcbb10da2f8", "type":"STRING", "class":"0x7fcbb10e0ef0", "frozen":true, "embedded":true, "fstring":true, "bytesize":10, "value":"MAX_10_EXP", "encoding":"US-ASCII", "memsize":40, "flags":{"wb_protected":true, "old":true, "long_lived":true, "marked":true}}
{"address":"0x7fcbb10da320", "type":"STRING", "class":"0x7fcbb10e0ef0", "frozen":true, "embedded":true, "fstring":true, "bytesize":10, "value":"MIN_10_EXP", "encoding":"US-ASCII", "memsize":40, "flags":{"wb_protected":true, "old":true, "long_lived":true, "marked":true}}
{"address":"0x7fcbb10da348", "type":"STRING", "class":"0x7fcbb10e0ef0", "frozen":true, "embedded":true, "fstring":true, "bytesize":7, "value":"MAX_EXP", "encoding":"US-ASCII", "memsize":40, "flags":{"wb_protected":true, "old":true, "long_lived":true, "marked":true}}
{"address":"0x7fcbb10da370", "type":"STRING", "class":"0x7fcbb10e0ef0", "frozen":true, "embedded":true, "fstring":true, "bytesize":7, "value":"MIN_EXP", "encoding":"US-ASCII", "memsize":40, "flags":{"wb_protected":true, "old":true, "long_lived":true, "marked":true}}
{"address":"0x7fcbb10da398", "type":"STRING", "class":"0x7fcbb10e0ef0", "frozen":true, "embedded":true, "fstring":true, "bytesize":3, "value":"DIG", "encoding":"US-ASCII", "memsize":40, "flags":{"wb_protected":true, "old":true, "long_lived":true, "marked":true}}
{"address":"0x7fcbb10da3c0", "type":"STRING", "class":"0x7fcbb10e0ef0", "frozen":true, "embedded":true, "fstring":true, "bytesize":8, "value":"MANT_DIG", "encoding":"US-ASCII", "memsize":40, "flags":{"wb_protected":true, "old":true, "long_lived":true, "marked":true}}
{"address":"0x7fcbb10da3e8", "type":"STRING", "class":"0x7fcbb10e0ef0", "frozen":true, "embedded":true, "fstring":true, "bytesize":5, "value":"RADIX", "encoding":"US-ASCII", "memsize":40, "flags":{"wb_protected":true, "old":true, "long_lived":true, "marked":true}}
{"address":"0x7fcbb10da410", "type":"STRING", "class":"0x7fcbb10e0ef0", "frozen":true, "embedded":true, "fstring":true, "bytesize":6, "value":"ROUNDS", "encoding":"US-ASCII", "memsize":40, "flags":{"wb_protected":true, "old":true, "long_lived":true, "marked":true}}
{"address":"0x7fcbb10da438", "type":"CLASS", "class":"0x7fcbb10e2430", "name":"Class", "references":["0x7fcbb10da438", "0x7fcbb10da460", "0x7fcbb10da8e8"], "memsize":712, "flags":{"wb_protected":true, "old":true, "long_lived":true, "marked":true}}
{"address":"0x7fcbb10da460", "type":"CLASS", "class":"0x7fcbb10da438", "name":"Float", "references":["0x7fcbb10da460", "0x7fcbb10da460", "0x7fcbb10da460", "0x7fcbb10da460", "0x7fcbb10da460", "0x7fcbb10da460", "0x7fcbb10da460", "0x7fcbb10da460", "0x7fcbb10da460", "0x7fcbb10da460", "0x7fcbb10da460", "0x7fcbb10da460", "0x7fcbb10da460", "0x7fcbb10da460", "0x7fcbb10da460", "0x7fcbb10da460", "0x7fcbb10da460", "0x7fcbb10da460", "0x7fcbb10da460", "0x7fcbb10da460", "0x7fcbb10da460", "0x7fcbb10da460", "0x7fcbb10da460", "0x7fcbb10da460", "0x7fcbb10da460", "0x7fcbb10da460", "0x7fcbb10da460", "0x7fcbb10da460", "0x7fcbb10da460", "0x7fcbb10da460", "0x7fcbb10da460", "0x7fcbb10da460", "0x7fcbb10da460", "0x7fcbb10da460", "0x7fcbb10da460", "0x7fcbb10da460", "0x7fcbb10da460", "0x7fcbb10da460", "0x7fcbb10da460", "0x7fcbb10da460", "0x7fcbb10da460", "0x7fcbb10da460", "0x7fcbb10da460", "0x7fcbb10da460", "0x7fcbb10da460", "0x7fcbb10e2548", "0x7fcbb10da2d0", "0x7fcbb10da280", "0x7fcbb10da208", "0x7fcbb10da1b8", "0x7fcbb10da910"], "memsize":3656, "flags":{"wb_protected":true, "old":true, "long_lived":true, "marked":true}}
{"address":"0x7fcbb10da488", "type":"STRING", "class":"0x7fcbb10e0ef0", "frozen":true, "embedded":true, "fstring":true, "bytesize":10, "value":"bit_length", "encoding":"US-ASCII", "memsize":40, "flags":{"wb_protected":true, "old":true, "long_lived":true, "marked":true}}
{"address":"0x7fcbb10da4b0", "type":"CLASS", "class":"0x7fcbb10e2430", "name":"Class", "references":["0x7fcbb10da4d8", "0x7fcbb10da5f0"], "memsize":712, "flags":{"wb_protected":true, "old":true, "long_lived":true, "marked":true}}
{"address":"0x7fcbb10da4d8", "type":"CLASS", "class":"0x7fcbb10da4b0", "name":"Fixnum", "references":["0x7fcbb10da4d8", "0x7fcbb10da4d8", "0x7fcbb10da4d8", "0x7fcbb10da4d8", "0x7fcbb10da4d8", "0x7fcbb10da4d8", "0x7fcbb10da4d8", "0x7fcbb10da4d8", "0x7fcbb10da4d8", "0x7fcbb10da4d8", "0x7fcbb10da4d8", "0x7fcbb10da4d8", "0x7fcbb10da4d8", "0x7fcbb10da4d8", "0x7fcbb10da4d8", "0x7fcbb10da4d8", "0x7fcbb10da4d8", "0x7fcbb10da4d8", "0x7fcbb10da4d8", "0x7fcbb10da4d8", "0x7fcbb10da4d8", "0x7fcbb10da4d8", "0x7fcbb10da4d8", "0x7fcbb10da4d8", "0x7fcbb10da4d8", "0x7fcbb10da4d8", "0x7fcbb10da4d8", "0x7fcbb10da4d8", "0x7fcbb10da4d8", "0x7fcbb10da4d8", "0x7fcbb10da4d8", "0x7fcbb10da4d8", "0x7fcbb10da4d8", "0x7fcbb10da4d8", "0x7fcbb10da4d8", "0x7fcbb10da4d8", "0x7fcbb10da500", "0x7fcbb10da618"], "memsize":2424, "flags":{"wb_protected":true, "old":true, "long_lived":true, "marked":true}}
{"address":"0x7fcbb10da500", "type":"STRING", "class":"0x7fcbb10e0ef0", "frozen":true, "embedded":true, "fstring":true, "bytesize":6, "value":"Fixnum", "encoding":"US-ASCII", "memsize":40, "flags":{"wb_protected":true, "old":true, "long_lived":true, "marked":true}}
{"address":"0x7fcbb10da528", "type":"STRING", "class":"0x7fcbb10e0ef0", "frozen":true, "embedded":true, "fstring":true, "bytesize":4, "value":"pred", "encoding":"US-ASCII", "memsize":40, "flags":{"wb_protected":true, "old":true, "long_lived":true, "marked":true}}
{"address":"0x7fcbb10da550", "type":"STRING", "class":"0x7fcbb10e0ef0", "frozen":true, "embedded":true, "fstring":true, "bytesize":5, "value":"times", "encoding":"US-ASCII", "memsize":40, "flags":{"wb_protected":true, "old":true, "long_lived":true, "marked":true}}
{"address":"0x7fcbb10da578", "type":"STRING", "class":"0x7fcbb10e0ef0", "frozen":true, "embedded":true, "fstring":true, "bytesize":6, "value":"downto", "encoding":"US-ASCII", "memsize":40, "flags":{"wb_protected":true, "old":true, "long_lived":true, "marked":true}}
{"address":"0x7fcbb10da5a0", "type":"STRING", "class":"0x7fcbb10e0ef0", "frozen":true, "embedded":true, "fstring":true, "bytesize":5, "value":"even?", "encoding":"US-ASCII", "memsize":40, "flags":{"wb_protected":true, "old":true, "long_lived":true, "marked":true}}
{"address":"0x7fcbb10da5c8", "type":"STRING", "class":"0x7fcbb10e0ef0", "frozen":true, "embedded":true, "fstring":true, "bytesize":4, "value":"odd?", "encoding":"US-ASCII", "memsize":40, "flags":{"wb_protected":true, "old":true, "long_lived":true, "marked":true}}
{"address":"0x7fcbb10da5f0", "type":"CLASS", "class":"0x7fcbb10e2430", "name":"Class", "references":["0x7fcbb10da5f0", "0x7fcbb10da618", "0x7fcbb10da8e8"], "memsize":712, "flags":{"wb_protected":true, "old":true, "long_lived":true, "marked":true}}
{"address":"0x7fcbb10da618", "type":"CLASS", "class":"0x7fcbb10da5f0", "name":"Integer", "references":["0x7fcbb10da618", "0x7fcbb10da618", "0x7fcbb10da618", "0x7fcbb10da618", "0x7fcbb10da618", "0x7fcbb10da618", "0x7fcbb10da618", "0x7fcbb10da618", "0x7fcbb10da618", "0x7fcbb10da618", "0x7fcbb10da618", "0x7fcbb10da618", "0x7fcbb10da618", "0x7fcbb10da618", "0x7fcbb10da618", "0x7fcbb10da618", "0x7fcbb10da618", "0x7fcbb10da618", "0x7fcbb10da618", "0x7fcbb10da618", "0x7fcbb10da618", "0x7fcbb10da618", "0x7fcbb10da618", "0x7fcbb10da618", "0x7fcbb10e2570", "0x7fcbb10da910"], "memsize":1848, "flags":{"wb_protected":true, "old":true, "long_lived":true, "marked":true}}
{"address":"0x7fcbb10da640", "type":"STRING", "class":"0x7fcbb10e0ef0", "frozen":true, "embedded":true, "fstring":true, "bytesize":4, "value":"step", "encoding":"US-ASCII", "memsize":40, "flags":{"wb_protected":true, "old":true, "long_lived":true, "marked":true}}
{"address":"0x7fcbb10da668", "type":"STRING", "class":"0x7fcbb10e0ef0", "frozen":true, "embedded":true, "fstring":true, "bytesize":8, "value":"truncate", "encoding":"US-ASCII", "memsize":40, "flags":{"wb_protected":true, "old":true, "long_lived":true, "marked":true}}
{"address":"0x7fcbb10da690", "type":"STRING", "class":"0x7fcbb10e0ef0", "frozen":true, "embedded":true, "fstring":true, "bytesize":5, "value":"round", "encoding":"US-ASCII", "memsize":40, "flags":{"wb_protected":true, "old":true, "long_lived":true, "marked":true}}
{"address":"0x7fcbb10da6b8", "type":"STRING", "class":"0x7fcbb10e0ef0", "frozen":true, "embedded":true, "fstring":true, "bytesize":4, "value":"ceil", "encoding":"US-ASCII", "memsize":40, "flags":{"wb_protected":true, "old":true, "long_lived":true, "marked":true}}
{"address":"0x7fcbb10da6e0", "type":"STRING", "class":"0x7fcbb10e0ef0", "frozen":true, "embedded":true, "fstring":true, "bytesize":5, "value":"floor", "encoding":"US-ASCII", "memsize":40, "flags":{"wb_protected":true, "old":true, "long_lived":true, "marked":true}}
{"address":"0x7fcbb10da708", "type":"STRING", "class":"0x7fcbb10e0ef0", "frozen":true, "embedded":true, "fstring":true, "bytesize":8, "value":"nonzero?", "encoding":"US-ASCII", "memsize":40, "flags":{"wb_protected":true, "old":true, "long_lived":true, "marked":true}}
{"address":"0x7fcbb10da730", "type":"STRING", "class":"0x7fcbb10e0ef0", "frozen":true, "embedded":true, "fstring":true, "bytesize":5, "value":"zero?", "encoding":"US-ASCII", "memsize":40, "flags":{"wb_protected":true, "old":true, "long_lived":true, "marked":true}}
{"address":"0x7fcbb10da758", "type":"STRING", "class":"0x7fcbb10e0ef0", "frozen":true, "embedded":true, "fstring":true, "bytesize":8, "value":"integer?", "encoding":"US-ASCII", "memsize":40, "flags":{"wb_protected":true, "old":true, "long_lived":true, "marked":true}}
{"address":"0x7fcbb10da780", "type":"STRING", "class":"0x7fcbb10e0ef0", "frozen":true, "embedded":true, "fstring":true, "bytesize":5, "value":"real?", "encoding":"US-ASCII", "memsize":40, "flags":{"wb_protected":true, "old":true, "long_lived":true, "marked":true}}
{"address":"0x7fcbb10da7a8", "type":"STRING", "class":"0x7fcbb10e0ef0", "frozen":true, "embedded":true, "fstring":true, "bytesize":9, "value":"magnitude", "encoding":"US-ASCII", "memsize":40, "flags":{"wb_protected":true, "old":true, "long_lived":true, "marked":true}}
{"address":"0x7fcbb10da7d0", "type":"STRING", "class":"0x7fcbb10e0ef0", "frozen":true, "embedded":true, "fstring":true, "bytesize":3, "value":"abs", "encoding":"US-ASCII", "memsize":40, "flags":{"wb_protected":true, "old":true, "long_lived":true, "marked":true}}
{"address":"0x7fcbb10da7f8", "type":"STRING", "class":"0x7fcbb10e0ef0", "frozen":true, "embedded":true, "fstring":true, "bytesize":9, "value":"remainder", "encoding":"US-ASCII", "memsize":40, "flags":{"wb_protected":true, "old":true, "long_lived":true, "marked":true}}
{"address":"0x7fcbb10da820", "type":"STRING", "class":"0x7fcbb10e0ef0", "frozen":true, "embedded":true, "fstring":true, "bytesize":6, "value":"modulo", "encoding":"US-ASCII", "memsize":40, "flags":{"wb_protected":true, "old":true, "long_lived":true, "marked":true}}
{"address":"0x7fcbb10da848", "type":"STRING", "class":"0x7fcbb10e0ef0", "frozen":true, "embedded":true, "fstring":true, "bytesize":6, "value":"divmod", "encoding":"US-ASCII", "memsize":40, "flags":{"wb_protected":true, "old":true, "long_lived":true, "marked":true}}
{"address":"0x7fcbb10da870", "type":"STRING", "class":"0x7fcbb10e0ef0", "frozen":true, "embedded":true, "fstring":true, "bytesize":4, "value":"fdiv", "encoding":"US-ASCII", "memsize":40, "flags":{"wb_protected":true, "old":true, "long_lived":true, "marked":true}}
{"address":"0x7fcbb10da898", "type":"STRING", "class":"0x7fcbb10e0ef0", "frozen":true, "embedded":true, "fstring":true, "bytesize":1, "value":"i", "encoding":"US-ASCII", "memsize":40, "flags":{"wb_protected":true, "old":true, "long_lived":true, "marked":true}}
{"address":"0x7fcbb10da8c0", "type":"ICLASS", "class":"0x7fcbb10e1710", "references":["0x7fcbb10e2c78"], "memsize":40, "flags":{"long_lived":true, "marked":true}}
{"address":"0x7fcbb10da8e8", "type":"CLASS", "class":"0x7fcbb10e2430", "name":"Class", "references":["0x7fcbb10da910", "0x7fcbb10e23e0"], "memsize":712, "flags":{"wb_protected":true, "old":true, "long_lived":true, "marked":true}}
{"address":"0x7fcbb10da910", "type":"CLASS", "class":"0x7fcbb10da8e8", "name":"Numeric", "references":["0x7fcbb10da910", "0x7fcbb10da910", "0x7fcbb10da910", "0x7fcbb10da910", "0x7fcbb10da910", "0x7fcbb10da910", "0x7fcbb10da910", "0x7fcbb10da910", "0x7fcbb10da910", "0x7fcbb10da910", "0x7fcbb10da910", "0x7fcbb10da910", "0x7fcbb10da910", "0x7fcbb10da910", "0x7fcbb10da910", "0x7fcbb10da910", "0x7fcbb10da910", "0x7fcbb10da910", "0x7fcbb10da910", "0x7fcbb10da910", "0x7fcbb10da910", "0x7fcbb10da910", "0x7fcbb10da910", "0x7fcbb10da910", "0x7fcbb10da910", "0x7fcbb10da910", "0x7fcbb10da910", "0x7fcbb10da910", "0x7fcbb10da910", "0x7fcbb10da910", "0x7fcbb10da910", "0x7fcbb10da910", "0x7fcbb10da910", "0x7fcbb10da910", "0x7fcbb10da910", "0x7fcbb10da910", "0x7fcbb10da910", "0x7fcbb10da910", "0x7fcbb10da910", "0x7fcbb10da910", "0x7fcbb10da910", "0x7fcbb10da910", "0x7fcbb10da938", "0x7fcbb10da8c0"], "memsize":2712, "flags":{"wb_protected":true, "old":true, "long_lived":true, "marked":true}}
{"address":"0x7fcbb10da938", "type":"STRING", "class":"0x7fcbb10e0ef0", "frozen":true, "embedded":true, "fstring":true, "bytesize":7, "value":"Numeric", "encoding":"US-ASCII", "memsize":40, "flags":{"wb_protected":true, "old":true, "long_lived":true, "marked":true}}
{"address":"0x7fcbb10da960", "type":"CLASS", "class":"0x7fcbb10e2430", "name":"Class", "references":["0x7fcbb10da988", "0x7fcbb10dba18"], "memsize":712, "flags":{"wb_protected":true, "old":true, "long_lived":true, "marked":true}}
{"address":"0x7fcbb10da988", "type":"CLASS", "class":"0x7fcbb10da960", "name":"FloatDomainError", "references":["0x7fcbb10da9b0", "0x7fcbb10dba40"], "memsize":712, "flags":{"wb_protected":true, "old":true, "long_lived":true, "marked":true}}
{"address":"0x7fcbb10da9b0", "type":"STRING", "class":"0x7fcbb10e0ef0", "frozen":true, "embedded":true, "fstring":true, "bytesize":16, "value":"FloatDomainError", "encoding":"US-ASCII", "memsize":40, "flags":{"wb_protected":true, "old":true, "long_lived":true, "marked":true}}
{"address":"0x7fcbb10da9d8", "type":"CLASS", "class":"0x7fcbb10e2430", "name":"Class", "references":["0x7fcbb10daa00", "0x7fcbb10dbc70"], "memsize":712, "flags":{"wb_protected":true, "old":true, "long_lived":true, "marked":true}}
{"address":"0x7fcbb10daa00", "type":"CLASS", "class":"0x7fcbb10da9d8", "name":"ZeroDivisionError", "references":["0x7fcbb10daa28", "0x7fcbb10dbc98"], "memsize":712, "flags":{"wb_protected":true, "old":true, "long_lived":true, "marked":true}}
{"address":"0x7fcbb10daa28", "type":"STRING", "class":"0x7fcbb10e0ef0", "frozen":true, "embedded":true, "fstring":true, "bytesize":17, "value":"ZeroDivisionError", "encoding":"US-ASCII", "memsize":40, "flags":{"wb_protected":true, "old":true, "long_lived":true, "marked":true}}
{"address":"0x7fcbb10daa50", "type":"STRING", "class":"0x7fcbb10e0ef0", "frozen":true, "embedded":true, "fstring":true, "bytesize":6, "value":"coerce", "encoding":"US-ASCII", "memsize":40, "flags":{"wb_protected":true, "old":true, "long_lived":true, "marked":true}}
{"address":"0x7fcbb10daa78", "type":"STRING", "class":"0x7fcbb10e0ef0", "frozen":true, "embedded":true, "fstring":true, "bytesize":7, "value":"at_exit", "encoding":"US-ASCII", "memsize":40, "flags":{"wb_protected":true, "old":true, "long_lived":true, "marked":true}}
{"address":"0x7fcbb10daaa0", "type":"STRING", "class":"0x7fcbb10e0ef0", "frozen":true, "embedded":true, "fstring":true, "bytesize":5, "value":"$SAFE", "encoding":"US-ASCII", "memsize":40, "flags":{"wb_protected":true, "old":true, "long_lived":true, "marked":true}}
{"address":"0x7fcbb10daac8", "type":"OBJECT", "class":"0x7fcbb10dbe00", "frozen":true, "ivars":3, "references":["0x7fcbb10daaf0"], "memsize":40, "flags":{"wb_protected":true, "old":true, "long_lived":true, "marked":true}}
{"address":"0x7fcbb10daaf0", "type":"STRING", "class":"0x7fcbb10e0ef0", "frozen":true, "embedded":true, "bytesize":19, "value":"exception reentered", "memsize":40, "flags":{"wb_protected":true, "old":true, "long_lived":true, "marked":true}}
{"address":"0x7fcbb10dab18", "type":"STRING", "class":"0x7fcbb10e0ef0", "frozen":true, "embedded":true, "fstring":true, "bytesize":11, "value":"untrace_var", "encoding":"US-ASCII", "memsize":40, "flags":{"wb_protected":true, "old":true, "long_lived":true, "marked":true}}
{"address":"0x7fcbb10dab40", "type":"STRING", "class":"0x7fcbb10e0ef0", "frozen":true, "embedded":true, "fstring":true, "bytesize":9, "value":"trace_var", "encoding":"US-ASCII", "memsize":40, "flags":{"wb_protected":true, "old":true, "long_lived":true, "marked":true}}
{"address":"0x7fcbb10dab68", "type":"STRING", "class":"0x7fcbb10e0ef0", "frozen":true, "embedded":true, "fstring":true, "bytesize":6, "value":"extend", "encoding":"US-ASCII", "memsize":40, "flags":{"wb_protected":true, "old":true, "long_lived":true, "marked":true}}
{"address":"0x7fcbb10dab90", "type":"STRING", "class":"0x7fcbb10e0ef0", "frozen":true, "embedded":true, "fstring":true, "bytesize":7, "value":"nesting", "encoding":"US-ASCII", "memsize":40, "flags":{"wb_protected":true, "old":true, "long_lived":true, "marked":true}}
{"address":"0x7fcbb10dabb8", "type":"STRING", "class":"0x7fcbb10e0ef0", "frozen":true, "embedded":true, "fstring":true, "bytesize":20, "value":"private_class_method", "encoding":"US-ASCII", "memsize":40, "flags":{"wb_protected":true, "old":true, "long_lived":true, "marked":true}}
{"address":"0x7fcbb10dabe0", "type":"STRING", "class":"0x7fcbb10e0ef0", "frozen":true, "embedded":true, "fstring":true, "bytesize":19, "value":"public_class_method", "encoding":"US-ASCII", "memsize":40, "flags":{"wb_protected":true, "old":true, "long_lived":true, "marked":true}}
{"address":"0x7fcbb10dac08", "type":"STRING", "class":"0x7fcbb10e0ef0", "frozen":true, "fstring":true, "bytesize":25, "value":"protected_method_defined?", "encoding":"US-ASCII", "memsize":66, "flags":{"wb_protected":true, "old":true, "long_lived":true, "marked":true}}
{"address":"0x7fcbb10dac30", "type":"STRING", "class":"0x7fcbb10e0ef0", "frozen":true, "embedded":true, "fstring":true, "bytesize":23, "value":"private_method_defined?", "encoding":"US-ASCII", "memsize":40, "flags":{"wb_protected":true, "old":true, "long_lived":true, "marked":true}}
{"address":"0x7fcbb10dac58", "type":"STRING", "class":"0x7fcbb10e0ef0", "frozen":true, "embedded":true, "fstring":true, "bytesize":22, "value":"public_method_defined?", "encoding":"US-ASCII", "memsize":40, "flags":{"wb_protected":true, "old":true, "long_lived":true, "marked":true}}
{"address":"0x7fcbb10dac80", "type":"STRING", "class":"0x7fcbb10e0ef0", "frozen":true, "embedded":true, "fstring":true, "bytesize":15, "value":"method_defined?", "encoding":"US-ASCII", "memsize":40, "flags":{"wb_protected":true, "old":true, "long_lived":true, "marked":true}}
{"address":"0x7fcbb10daca8", "type":"STRING", "class":"0x7fcbb10e0ef0", "frozen":true, "embedded":true, "fstring":true, "bytesize":7, "value":"private", "encoding":"US-ASCII", "memsize":40, "flags":{"wb_protected":true, "old":true, "long_lived":true, "marked":true}}
{"address":"0x7fcbb10dacd0", "type":"STRING", "class":"0x7fcbb10e0ef0", "frozen":true, "embedded":true, "fstring":true, "bytesize":9, "value":"protected", "encoding":"US-ASCII", "memsize":40, "flags":{"wb_protected":true, "old":true, "long_lived":true, "marked":true}}
{"address":"0x7fcbb10dacf8", "type":"STRING", "class":"0x7fcbb10e0ef0", "frozen":true, "embedded":true, "fstring":true, "bytesize":6, "value":"public", "encoding":"US-ASCII", "memsize":40, "flags":{"wb_protected":true, "old":true, "long_lived":true, "marked":true}}
{"address":"0x7fcbb10dad20", "type":"STRING", "class":"0x7fcbb10e0ef0", "frozen":true, "embedded":true, "fstring":true, "bytesize":12, "value":"alias_method", "encoding":"US-ASCII", "memsize":40, "flags":{"wb_protected":true, "old":true, "long_lived":true, "marked":true}}
{"address":"0x7fcbb10dad48", "type":"STRING", "class":"0x7fcbb10e0ef0", "frozen":true, "embedded":true, "fstring":true, "bytesize":12, "value":"undef_method", "encoding":"US-ASCII", "memsize":40, "flags":{"wb_protected":true, "old":true, "long_lived":true, "marked":true}}
{"address":"0x7fcbb10dad70", "type":"STRING", "class":"0x7fcbb10e0ef0", "frozen":true, "embedded":true, "fstring":true, "bytesize":13, "value":"remove_method", "encoding":"US-ASCII", "memsize":40, "flags":{"wb_protected":true, "old":true, "long_lived":true, "marked":true}}
{"address":"0x7fcbb10dad98", "type":"STRING", "class":"0x7fcbb10e0ef0", "frozen":true, "embedded":true, "fstring":true, "bytesize":5, "value":"value", "encoding":"US-ASCII", "memsize":40, "flags":{"wb_protected":true, "old":true, "long_lived":true, "marked":true}}
{"address":"0x7fcbb10dadc0", "type":"STRING", "class":"0x7fcbb10e0ef0", "frozen":true, "embedded":true, "fstring":true, "bytesize":3, "value":"tag", "encoding":"US-ASCII", "memsize":40, "flags":{"wb_protected":true, "old":true, "long_lived":true, "marked":true}}
{"address":"0x7fcbb10dade8", "type":"CLASS", "class":"0x7fcbb10e2430", "name":"Class", "references":["0x7fcbb10dae10", "0x7fcbb10dbb80"], "memsize":712, "flags":{"wb_protected":true, "old":true, "long_lived":true, "marked":true}}
{"address":"0x7fcbb10dae10", "type":"CLASS", "class":"0x7fcbb10dade8", "name":"UncaughtThrowError", "references":["0x7fcbb10dae10", "0x7fcbb10dae10", "0x7fcbb10dae10", "0x7fcbb10dae10", "0x7fcbb10dae38", "0x7fcbb10dbba8"], "memsize":712, "flags":{"wb_protected":true, "old":true, "long_lived":true, "marked":true}}
{"address":"0x7fcbb10dae38", "type":"STRING", "class":"0x7fcbb10e0ef0", "frozen":true, "embedded":true, "fstring":true, "bytesize":18, "value":"UncaughtThrowError", "encoding":"US-ASCII", "memsize":40, "flags":{"wb_protected":true, "old":true, "long_lived":true, "marked":true}}
{"address":"0x7fcbb10dae60", "type":"STRING", "class":"0x7fcbb10e0ef0", "frozen":true, "embedded":true, "fstring":true, "bytesize":10, "value":"class_eval", "encoding":"US-ASCII", "memsize":40, "flags":{"wb_protected":true, "old":true, "long_lived":true, "marked":true}}
{"address":"0x7fcbb10dae88", "type":"STRING", "class":"0x7fcbb10e0ef0", "frozen":true, "embedded":true, "fstring":true, "bytesize":11, "value":"module_eval", "encoding":"US-ASCII", "memsize":40, "flags":{"wb_protected":true, "old":true, "long_lived":true, "marked":true}}
{"address":"0x7fcbb10daeb0", "type":"ARRAY", "length":1024, "references":["0x7fcbb10daed8", "0x7fcbb10dae88", "0x7fcbb10dae60", "0x7fcbb10dae38", "0x7fcbb10dadc0", "0x7fcbb10dad98", "0x7fcbb10dad70", "0x7fcbb10dad48", "0x7fcbb10dad20", "0x7fcbb10dacf8", "0x7fcbb10dacd0", "0x7fcbb10daca8", "0x7fcbb10dac80", "0x7fcbb10dac58", "0x7fcbb10dac30", "0x7fcbb10dac08", "0x7fcbb10dabe0", "0x7fcbb10dabb8", "0x7fcbb10dab90", "0x7fcbb10dab68", "0x7fcbb10dab40", "0x7fcbb10dab18", "0x7fcbb10daaa0", "0x7fcbb10daa78", "0x7fcbb10daa50", "0x7fcbb10daa28", "0x7fcbb10da9b0", "0x7fcbb10da938", "0x7fcbb10da898", "0x7fcbb10da870", "0x7fcbb10da848", "0x7fcbb10da820", "0x7fcbb10da7f8", "0x7fcbb10da7d0", "0x7fcbb10da7a8", "0x7fcbb10da780", "0x7fcbb10da758", "0x7fcbb10da730", "0x7fcbb10da708", "0x7fcbb10da6e0", "0x7fcbb10da6b8", "0x7fcbb10da690", "0x7fcbb10da668", "0x7fcbb10da640", "0x7fcbb10da5c8", "0x7fcbb10da5a0", "0x7fcbb10da578", "0x7fcbb10da550", "0x7fcbb10da528", "0x7fcbb10da500", "0x7fcbb10da488", "0x7fcbb10da410", "0x7fcbb10da3e8", "0x7fcbb10da3c0", "0x7fcbb10da398", "0x7fcbb10da370", "0x7fcbb10da348", "0x7fcbb10da320", "0x7fcbb10da2f8", "0x7fcbb10da2a8", "0x7fcbb10da258", "0x7fcbb10da230", "0x7fcbb10da1e0", "0x7fcbb10da190", "0x7fcbb10da168", "0x7fcbb10da140", "0x7fcbb10da118", "0x7fcbb10da0f0", "0x7fcbb10da0c8", "0x7fcbb10da0a0", "0x7fcbb10da078", "0x7fcbb10da050", "0x7fcbb10da028", "0x7fcbb10d9fb0", "0x7fcbb10d9f10", "0x7fcbb10d9e70", "0x7fcbb10d9dd0", "0x7fcbb10d9d30", "0x7fcbb10d9c90", "0x7fcbb10d9bf0", "0x7fcbb10d9b50", "0x7fcbb10d9ab0", "0x7fcbb10d9a10", "0x7fcbb10d9970", "0x7fcbb10d98d0", "0x7fcbb10d9830", "0x7fcbb10d9790", "0x7fcbb10d96f0", "0x7fcbb10d9650", "0x7fcbb10d95b0", "0x7fcbb10d9510", "0x7fcbb10d9470", "0x7fcbb10d93d0", "0x7fcbb10d9330", "0x7fcbb10d9290", "0x7fcbb10d91f0", "0x7fcbb10d9150", "0x7fcbb10d90b0", "0x7fcbb10d9010", "0x7fcbb10d8f70", "0x7fcbb10d8ed0", "0x7fcbb10d8e30", "0x7fcbb10d8d90", "0x7fcbb10d8cf0", "0x7fcbb10d8c50", "0x7fcbb10d8bb0", "0x7fcbb10d8b10", "0x7fcbb10d8a70", "0x7fcbb10d89d0", "0x7fcbb10d8930", "0x7fcbb10d8890", "0x7fcbb10d87f0", "0x7fcbb10d8750", "0x7fcbb10d86b0", "0x7fcbb10d8610", "0x7fcbb10d85e8", "0x7fcbb10d8548", "0x7fcbb10d84a8", "0x7fcbb10d8480", "0x7fcbb10d8458", "0x7fcbb10d8430", "0x7fcbb10d8408", "0x7fcbb10d83e0", "0x7fcbb10d83b8", "0x7fcbb10d8390", "0x7fcbb10d8368", "0x7fcbb10d8340", "0x7fcbb10d8318", "0x7fcbb10d82f0", "0x7fcbb10d82c8", "0x7fcbb10d82a0", "0x7fcbb10d8278", "0x7fcbb10d8250", "0x7fcbb10d8228", "0x7fcbb10d8188", "0x7fcbb10d80e8", "0x7fcbb10d8048", "0x7fcbb10d3f48", "0x7fcbb10d3f20", "0x7fcbb10d3ef8", "0x7fcbb10d3e58", "0x7fcbb10d3db8", "0x7fcbb10d3d90", "0x7fcbb10d3d68", "0x7fcbb10d3d40", "0x7fcbb10d3ca0", "0x7fcbb10d3c00", "0x7fcbb10d3bd8", "0x7fcbb10d3b38", "0x7fcbb10d3a98", "0x7fcbb10d3a70", "0x7fcbb10d3a48", "0x7fcbb10d3a20", "0x7fcbb10d39f8", "0x7fcbb10d39d0", "0x7fcbb10d39a8", "0x7fcbb10d3980", "0x7fcbb10d3958", "0x7fcbb10d38b8", "0x7fcbb10d3890", "0x7fcbb10d3868", "0x7fcbb10d37c8", "0x7fcbb10d3728", "0x7fcbb10d3688", "0x7fcbb10d35e8", "0x7fcbb10d3548", "0x7fcbb10d34a8", "0x7fcbb10d3408", "0x7fcbb10d3368", "0x7fcbb10d32c8", "0x7fcbb10d3228", "0x7fcbb10d3188", "0x7fcbb10d30e8", "0x7fcbb10d3048", "0x7fcbb10d2fa8", "0x7fcbb10d2f08", "0x7fcbb10d2e68", "0x7fcbb10d2dc8", "0x7fcbb10d2d28", "0x7fcbb10d2c88", "0x7fcbb10d2be8", "0x7fcbb10d2b48", "0x7fcbb10d2aa8", "0x7fcbb10d2a08", "0x7fcbb10d2968", "0x7fcbb10d28c8", "0x7fcbb10d2828", "0x7fcbb10d2788", "0x7fcbb10d26e8", "0x7fcbb10d2648", "0x7fcbb10d25a8", "0x7fcbb10d2580", "0x7fcbb10d2558", "0x7fcbb10d2530", "0x7fcbb10d2508", "0x7fcbb10d24e0", "0x7fcbb10d2440", "0x7fcbb10d23a0", "0x7fcbb10d2378", "0x7fcbb10d2350", "0x7fcbb10d2328", "0x7fcbb10d2300", "0x7fcbb10d22d8", "0x7fcbb10d22b0", "0x7fcbb10d2210", "0x7fcbb10d2170", "0x7fcbb10d2148", "0x7fcbb10d20a8", "0x7fcbb10d2008", "0x7fcbb10d1fe0", "0x7fcbb10d1f40", "0x7fcbb10d1ea0", "0x7fcbb10d1e00", "0x7fcbb10d1d60", "0x7fcbb10d1cc0", "0x7fcbb10d1c20", "0x7fcbb10d1b80", "0x7fcbb10d1ae0", "0x7fcbb10d1a40", "0x7fcbb10d1a18", "0x7fcbb10d19f0", "0x7fcbb10d19c8", "0x7fcbb10d1928", "0x7fcbb10d1900", "0x7fcbb10d18d8", "0x7fcbb10d18b0", "0x7fcbb10d1888", "0x7fcbb10d1860", "0x7fcbb10d1838", "0x7fcbb10d1810", "0x7fcbb10d17e8", "0x7fcbb10d17c0", "0x7fcbb10d1798", "0x7fcbb10d1770", "0x7fcbb10d1748", "0x7fcbb10d1720", "0x7fcbb10d16f8", "0x7fcbb10d16d0", "0x7fcbb10d16a8", "0x7fcbb10d1680", "0x7fcbb10d1658", "0x7fcbb10d1630", "0x7fcbb10d1608", "0x7fcbb10d15e0", "0x7fcbb10d15b8", "0x7fcbb10d1590", "0x7fcbb10d1568", "0x7fcbb10d1540", "0x7fcbb10d1518", "0x7fcbb10d14f0", "0x7fcbb10d14c8", "0x7fcbb10d14a0", "0x7fcbb10d1478", "0x7fcbb10d1450", "0x7fcbb10d1428", "0x7fcbb10d1400", "0x7fcbb10d13d8", "0x7fcbb10d13b0", "0x7fcbb10d1388", "0x7fcbb10d1360", "0x7fcbb10d1338", "0x7fcbb10d1310", "0x7fcbb10d12e8", "0x7fcbb10d12c0", "0x7fcbb10d1298", "0x7fcbb10d11f8", "0x7fcbb10d11d0", "0x7fcbb10d11a8", "0x7fcbb10d1180", "0x7fcbb10d1158", "0x7fcbb10d1130", "0x7fcbb10d1108", "0x7fcbb10d10e0", "0x7fcbb10d10b8", "0x7fcbb10d1090", "0x7fcbb10d1068", "0x7fcbb10d1040", "0x7fcbb10d1018", "0x7fcbb10d0ff0", "0x7fcbb10d0fc8", "0x7fcbb10d0fa0", "0x7fcbb10d0f78", "0x7fcbb10d0f50", "0x7fcbb10d0f28", "0x7fcbb10d0f00", "0x7fcbb10d0ed8", "0x7fcbb10d0e38", "0x7fcbb10d0e10", "0x7fcbb10d0de8", "0x7fcbb10d0d48", "0x7fcbb10d0d20", "0x7fcbb10d0ca8", "0x7fcbb10d0c80", "0x7fcbb10d0c58", "0x7fcbb10d0c30", "0x7fcbb10d0c08", "0x7fcbb10d0be0", "0x7fcbb10d0bb8", "0x7fcbb10d0b90", "0x7fcbb10d0b68", "0x7fcbb10d0af0", "0x7fcbb10d0ac8", "0x7fcbb10d0aa0", "0x7fcbb10d0a78", "0x7fcbb10d0a50", "0x7fcbb10d0a28", "0x7fcbb10d0a00", "0x7fcbb10d09d8", "0x7fcbb10d09b0", "0x7fcbb10d0988", "0x7fcbb10d0960", "0x7fcbb10d0938", "0x7fcbb10d0910", "0x7fcbb10d08e8", "0x7fcbb10d08c0", "0x7fcbb10d0898", "0x7fcbb10d0820", "0x7fcbb10d07f8", "0x7fcbb10d07d0", "0x7fcbb10d07a8", "0x7fcbb10d0780", "0x7fcbb10d0758", "0x7fcbb10d0730", "0x7fcbb10d0708", "0x7fcbb10d06e0", "0x7fcbb10d06b8", "0x7fcbb10d0690", "0x7fcbb10d0668", "0x7fcbb10d0640", "0x7fcbb10d0618", "0x7fcbb10d05f0", "0x7fcbb10d05c8", "0x7fcbb10d05a0", "0x7fcbb10d0578", "0x7fcbb10d0550", "0x7fcbb10d0528", "0x7fcbb10d0500", "0x7fcbb10d04d8", "0x7fcbb10d04b0", "0x7fcbb10d0488", "0x7fcbb10d0460", "0x7fcbb10d0438", "0x7fcbb10d0410", "0x7fcbb10d03e8", "0x7fcbb10d03c0", "0x7fcbb10d0398", "0x7fcbb10d0370", "0x7fcbb10d0348", "0x7fcbb10d02a8", "0x7fcbb10d0208", "0x7fcbb10d0168", "0x7fcbb10d0140", "0x7fcbb10d0118", "0x7fcbb10d0078", "0x7fcbb10d0050", "0x7fcbb10d0028", "0x7fcbb10cbfa0", "0x7fcbb10cbf78", "0x7fcbb10cbf50", "0x7fcbb10cbf28", "0x7fcbb10cbf00", "0x7fcbb10cbed8", "0x7fcbb10cbeb0", "0x7fcbb10cbe88", "0x7fcbb10cbe60", "0x7fcbb10cbe38", "0x7fcbb10cbe10", "0x7fcbb10cbde8", "0x7fcbb10cbdc0", "0x7fcbb10cbd98", "0x7fcbb10cbd70", "0x7fcbb10cbd48", "0x7fcbb10cbd20", "0x7fcbb10cbcf8", "0x7fcbb10cbcd0", "0x7fcbb10cbca8", "0x7fcbb10cbc80", "0x7fcbb10cbc58", "0x7fcbb10cbc30", "0x7fcbb10cbc08", "0x7fcbb10cbbe0", "0x7fcbb10cbbb8", "0x7fcbb10cbb90", "0x7fcbb10cbb68", "0x7fcbb10cbb40", "0x7fcbb10cbb18", "0x7fcbb10cbaf0", "0x7fcbb10cbaa0", "0x7fcbb10cba78", "0x7fcbb10cba50", "0x7fcbb10cba28", "0x7fcbb10cba00", "0x7fcbb10cb9d8", "0x7fcbb10cb9b0", "0x7fcbb10cb988", "0x7fcbb10cb938", "0x7fcbb10cb910", "0x7fcbb10cb8e8", "0x7fcbb10cb8c0", "0x7fcbb10cb870", "0x7fcbb10cb820", "0x7fcbb10cb780", "0x7fcbb10cb758", "0x7fcbb10cb730", "0x7fcbb10cb6b8", "0x7fcbb10cb640", "0x7fcbb10cb618", "0x7fcbb10cb5f0", "0x7fcbb10cb5c8", "0x7fcbb10cb5a0", "0x7fcbb10cb578", "0x7fcbb10cb550", "0x7fcbb10cb528", "0x7fcbb10cb500", "0x7fcbb10cb4d8", "0x7fcbb10cb4b0", "0x7fcbb10cb488", "0x7fcbb10cb460", "0x7fcbb10cb438", "0x7fcbb10cb410", "0x7fcbb10cb370", "0x7fcbb10cb2f8", "0x7fcbb10cb280", "0x7fcbb10cb1b8", "0x7fcbb10cb0f0", "0x7fcbb10cb0c8", "0x7fcbb10cb0a0", "0x7fcbb10cafd8", "0x7fcbb10caf10", "0x7fcbb10caee8", "0x7fcbb10caec0", "0x7fcbb10cae98", "0x7fcbb10cae70", "0x7fcbb10cae48", "0x7fcbb10cae20", "0x7fcbb10cadf8", "0x7fcbb10cadd0", "0x7fcbb10cad80", "0x7fcbb10cad58", "0x7fcbb10cad30", "0x7fcbb10cad08", "0x7fcbb10cace0", "0x7fcbb10cacb8", "0x7fcbb10cac90", "0x7fcbb10cac68", "0x7fcbb10cac40", "0x7fcbb10cac18", "0x7fcbb10cabf0", "0x7fcbb10cabc8", "0x7fcbb10caba0", "0x7fcbb10cab78", "0x7fcbb10cab50", "0x7fcbb10cab28", "0x7fcbb10cab00", "0x7fcbb10caad8", "0x7fcbb10caab0", "0x7fcbb10caa88", "0x7fcbb10caa60", "0x7fcbb10caa38", "0x7fcbb10caa10", "0x7fcbb10ca9e8", "0x7fcbb10ca9c0", "0x7fcbb10ca998", "0x7fcbb10ca970", "0x7fcbb10ca948", "0x7fcbb10ca920", "0x7fcbb10ca8f8", "0x7fcbb10ca8d0", "0x7fcbb10ca8a8", "0x7fcbb10ca880", "0x7fcbb10ca858", "0x7fcbb10ca830", "0x7fcbb10ca808", "0x7fcbb10ca7e0", "0x7fcbb10ca7b8", "0x7fcbb10ca790", "0x7fcbb10ca768", "0x7fcbb10ca740", "0x7fcbb10ca718", "0x7fcbb10ca6f0", "0x7fcbb10ca6c8", "0x7fcbb10ca6a0", "0x7fcbb10ca678", "0x7fcbb10ca650", "0x7fcbb10ca628", "0x7fcbb10ca600", "0x7fcbb10ca588", "0x7fcbb10ca510", "0x7fcbb10ca498", "0x7fcbb10ca470", "0x7fcbb10ca448", "0x7fcbb10ca420", "0x7fcbb10ca380", "0x7fcbb10ca358", "0x7fcbb10ca330", "0x7fcbb10ca308", "0x7fcbb10ca2e0", "0x7fcbb10ca2b8", "0x7fcbb10ca290", "0x7fcbb10ca218", "0x7fcbb10ca1f0", "0x7fcbb10ca1c8", "0x7fcbb10ca1a0", "0x7fcbb10ca150", "0x7fcbb10ca128", "0x7fcbb10ca100", "0x7fcbb10ca0b0", "0x7fcbb10ca038", "0x7fcbb10c9fe8", "0x7fcbb10c9fc0", "0x7fcbb10c9f98"], "memsize":8232, "flags":{"wb_protected":true, "old":true, "long_lived":true, "marked":true}}
{"address":"0x7fcbb10daed8", "type":"STRING", "class":"0x7fcbb10e0ef0", "frozen":true, "embedded":true, "fstring":true, "bytesize":10, "value":"class_exec", "encoding":"US-ASCII", "memsize":40, "flags":{"wb_protected":true, "old":true, "long_lived":true, "marked":true}}
{"address":"0x7fcbb10daf00", "type":"STRING", "class":"0x7fcbb10e0ef0", "frozen":true, "embedded":true, "fstring":true, "bytesize":11, "value":"module_exec", "encoding":"US-ASCII", "memsize":40, "flags":{"wb_protected":true, "old":true, "long_lived":true, "marked":true}}
{"address":"0x7fcbb10daf28", "type":"STRING", "class":"0x7fcbb10e0ef0", "frozen":true, "embedded":true, "fstring":true, "bytesize":11, "value":"public_send", "encoding":"US-ASCII", "memsize":40, "flags":{"wb_protected":true, "old":true, "long_lived":true, "marked":true}}
{"address":"0x7fcbb10daf50", "type":"STRING", "class":"0x7fcbb10e0ef0", "frozen":true, "embedded":true, "fstring":true, "bytesize":13, "value":"instance_exec", "encoding":"US-ASCII", "memsize":40, "flags":{"wb_protected":true, "old":true, "long_lived":true, "marked":true}}
{"address":"0x7fcbb10daf78", "type":"STRING", "class":"0x7fcbb10e0ef0", "frozen":true, "embedded":true, "fstring":true, "bytesize":13, "value":"instance_eval", "encoding":"US-ASCII", "memsize":40, "flags":{"wb_protected":true, "old":true, "long_lived":true, "marked":true}}
{"address":"0x7fcbb10dafa0", "type":"STRING", "class":"0x7fcbb10e0ef0", "frozen":true, "embedded":true, "fstring":true, "bytesize":4, "value":"loop", "encoding":"US-ASCII", "memsize":40, "flags":{"wb_protected":true, "old":true, "long_lived":true, "marked":true}}
{"address":"0x7fcbb10dafc8", "type":"STRING", "class":"0x7fcbb10e0ef0", "frozen":true, "embedded":true, "fstring":true, "bytesize":5, "value":"throw", "encoding":"US-ASCII", "memsize":40, "flags":{"wb_protected":true, "old":true, "long_lived":true, "marked":true}}
{"address":"0x7fcbb10daff0", "type":"STRING", "class":"0x7fcbb10e0ef0", "frozen":true, "embedded":true, "fstring":true, "bytesize":5, "value":"catch", "encoding":"US-ASCII", "memsize":40, "flags":{"wb_protected":true, "old":true, "long_lived":true, "marked":true}}
{"address":"0x7fcbb10db018", "type":"STRING", "class":"0x7fcbb10e0ef0", "frozen":true, "embedded":true, "fstring":true, "bytesize":12, "value":"block_given?", "encoding":"US-ASCII", "memsize":40, "flags":{"wb_protected":true, "old":true, "long_lived":true, "marked":true}}
{"address":"0x7fcbb10db040", "type":"STRING", "class":"0x7fcbb10e0ef0", "frozen":true, "embedded":true, "fstring":true, "bytesize":9, "value":"iterator?", "encoding":"US-ASCII", "memsize":40, "flags":{"wb_protected":true, "old":true, "long_lived":true, "marked":true}}
{"address":"0x7fcbb10db068", "type":"STRING", "class":"0x7fcbb10e0ef0", "frozen":true, "embedded":true, "fstring":true, "bytesize":15, "value":"local_variables", "encoding":"US-ASCII", "memsize":40, "flags":{"wb_protected":true, "old":true, "long_lived":true, "marked":true}}
{"address":"0x7fcbb10db090", "type":"STRING", "class":"0x7fcbb10e0ef0", "frozen":true, "embedded":true, "fstring":true, "bytesize":4, "value":"eval", "encoding":"US-ASCII", "memsize":40, "flags":{"wb_protected":true, "old":true, "long_lived":true, "marked":true}}
{"address":"0x7fcbb10db0b8", "type":"STRING", "class":"0x7fcbb10e0ef0", "frozen":true, "embedded":true, "fstring":true, "bytesize":15, "value":"module_function", "encoding":"US-ASCII", "memsize":40, "flags":{"wb_protected":true, "old":true, "long_lived":true, "marked":true}}
{"address":"0x7fcbb10db0e0", "type":"STRING", "class":"0x7fcbb10e0ef0", "frozen":true, "embedded":true, "fstring":true, "bytesize":5, "value":"using", "encoding":"US-ASCII", "memsize":40, "flags":{"wb_protected":true, "old":true, "long_lived":true, "marked":true}}
{"address":"0x7fcbb10db108", "type":"STRING", "class":"0x7fcbb10e0ef0", "frozen":true, "embedded":true, "fstring":true, "bytesize":6, "value":"refine", "encoding":"US-ASCII", "memsize":40, "flags":{"wb_protected":true, "old":true, "long_lived":true, "marked":true}}
{"address":"0x7fcbb10db130", "type":"STRING", "class":"0x7fcbb10e0ef0", "frozen":true, "embedded":true, "fstring":true, "bytesize":7, "value":"include", "encoding":"US-ASCII", "memsize":40, "flags":{"wb_protected":true, "old":true, "long_lived":true, "marked":true}}
{"address":"0x7fcbb10db158", "type":"STRING", "class":"0x7fcbb10e0ef0", "frozen":true, "embedded":true, "fstring":true, "bytesize":7, "value":"__dir__", "encoding":"US-ASCII", "memsize":40, "flags":{"wb_protected":true, "old":true, "long_lived":true, "marked":true}}
{"address":"0x7fcbb10db180", "type":"STRING", "class":"0x7fcbb10e0ef0", "frozen":true, "embedded":true, "fstring":true, "bytesize":10, "value":"__callee__", "encoding":"US-ASCII", "memsize":40, "flags":{"wb_protected":true, "old":true, "long_lived":true, "marked":true}}
{"address":"0x7fcbb10db1a8", "type":"STRING", "class":"0x7fcbb10e0ef0", "frozen":true, "embedded":true, "fstring":true, "bytesize":10, "value":"__method__", "encoding":"US-ASCII", "memsize":40, "flags":{"wb_protected":true, "old":true, "long_lived":true, "marked":true}}
{"address":"0x7fcbb10db1d0", "type":"STRING", "class":"0x7fcbb10e0ef0", "frozen":true, "embedded":true, "fstring":true, "bytesize":16, "value":"global_variables", "encoding":"US-ASCII", "memsize":40, "flags":{"wb_protected":true, "old":true, "long_lived":true, "marked":true}}
{"address":"0x7fcbb10db1f8", "type":"STRING", "class":"0x7fcbb10e0ef0", "frozen":true, "embedded":true, "fstring":true, "bytesize":4, "value":"fail", "encoding":"US-ASCII", "memsize":40, "flags":{"wb_protected":true, "old":true, "long_lived":true, "marked":true}}
{"address":"0x7fcbb10db220", "type":"STRING", "class":"0x7fcbb10e0ef0", "frozen":true, "embedded":true, "fstring":true, "bytesize":5, "value":"raise", "encoding":"US-ASCII", "memsize":40, "flags":{"wb_protected":true, "old":true, "long_lived":true, "marked":true}}
{"address":"0x7fcbb10db248", "type":"STRING", "class":"0x7fcbb10e0ef0", "frozen":true, "embedded":true, "fstring":true, "bytesize":2, "value":"$!", "encoding":"US-ASCII", "memsize":40, "flags":{"wb_protected":true, "old":true, "long_lived":true, "marked":true}}
{"address":"0x7fcbb10db270", "type":"STRING", "class":"0x7fcbb10e0ef0", "frozen":true, "embedded":true, "fstring":true, "bytesize":2, "value":"$@", "encoding":"US-ASCII", "memsize":40, "flags":{"wb_protected":true, "old":true, "long_lived":true, "marked":true}}
{"address":"0x7fcbb10db298", "type":"STRING", "class":"0x7fcbb10e0ef0", "frozen":true, "embedded":true, "fstring":true, "bytesize":4, "value":"warn", "encoding":"US-ASCII", "memsize":40, "flags":{"wb_protected":true, "old":true, "long_lived":true, "marked":true}}
{"address":"0x7fcbb10db2c0", "type":"MODULE", "class":"0x7fcbb10e2c28", "name":"Errno", "references":["0x7fcbb10db2e8", "0x7fcbb10d9f88", "0x7fcbb10d9ee8", "0x7fcbb10d9e48", "0x7fcbb10d9da8", "0x7fcbb10d9d08", "0x7fcbb10d9c68", "0x7fcbb10d9bc8", "0x7fcbb10d9b28", "0x7fcbb10d9a88", "0x7fcbb10d99e8", "0x7fcbb10d9948", "0x7fcbb10d98a8", "0x7fcbb10d9808", "0x7fcbb10d9768", "0x7fcbb10d96c8", "0x7fcbb10d9628", "0x7fcbb10d9588", "0x7fcbb10d94e8", "0x7fcbb10d9448", "0x7fcbb10d93a8", "0x7fcbb10d9308", "0x7fcbb10d9268", "0x7fcbb10d91c8", "0x7fcbb10d9128", "0x7fcbb10d9088", "0x7fcbb10d8fe8", "0x7fcbb10d8f48", "0x7fcbb10d8ea8", "0x7fcbb10d8e08", "0x7fcbb10d8d68", "0x7fcbb10d8cc8", "0x7fcbb10d8c28", "0x7fcbb10d8b88", "0x7fcbb10d8ae8", "0x7fcbb10d8a48", "0x7fcbb10d89a8", "0x7fcbb10d8908", "0x7fcbb10d8868", "0x7fcbb10d87c8", "0x7fcbb10d8728", "0x7fcbb10d8688", "0x7fcbb10d98a8", "0x7fcbb10d85c0", "0x7fcbb10d8520", "0x7fcbb10d9f88", "0x7fcbb10d9f88", "0x7fcbb10d9f88", "0x7fcbb10d9f88", "0x7fcbb10d9f88", "0x7fcbb10d9f88", "0x7fcbb10d9f88", "0x7fcbb10d9f88", "0x7fcbb10d9f88", "0x7fcbb10d9f88", "0x7fcbb10d9f88", "0x7fcbb10d9f88", "0x7fcbb10d9f88", "0x7fcbb10d9f88", "0x7fcbb10d9f88", "0x7fcbb10d9f88", "0x7fcbb10d8200", "0x7fcbb10d8160", "0x7fcbb10d80c0", "0x7fcbb10d8020", "0x7fcbb10d9f88", "0x7fcbb10d9f88", "0x7fcbb10d3ed0", "0x7fcbb10d3e30", "0x7fcbb10d9f88", "0x7fcbb10d9f88", "0x7fcbb10d9f88", "0x7fcbb10d3d18", "0x7fcbb10d3c78", "0x7fcbb10d9f88", "0x7fcbb10d3bb0", "0x7fcbb10d3b10", "0x7fcbb10d9f88", "0x7fcbb10d9f88", "0x7fcbb10d9f88", "0x7fcbb10d9f88", "0x7fcbb10d9f88", "0x7fcbb10d9f88", "0x7fcbb10d9f88", "0x7fcbb10d9f88", "0x7fcbb10d3930", "0x7fcbb10d9f88", "0x7fcbb10d9f88", "0x7fcbb10d3840", "0x7fcbb10d37a0", "0x7fcbb10d3700", "0x7fcbb10d3660", "0x7fcbb10d35c0", "0x7fcbb10d3520", "0x7fcbb10d3480", "0x7fcbb10d33e0", "0x7fcbb10d3340", "0x7fcbb10d32a0", "0x7fcbb10d3200", "0x7fcbb10d3160", "0x7fcbb10d30c0", "0x7fcbb10d3020", "0x7fcbb10d2f80", "0x7fcbb10d2ee0", "0x7fcbb10d2e40", "0x7fcbb10d2da0", "0x7fcbb10d2d00", "0x7fcbb10d2c60", "0x7fcbb10d2bc0", "0x7fcbb10d2b20", "0x7fcbb10d2a80", "0x7fcbb10d29e0", "0x7fcbb10d2940", "0x7fcbb10d28a0", "0x7fcbb10d2800", "0x7fcbb10d2760", "0x7fcbb10d26c0", "0x7fcbb10d2620", "0x7fcbb10d9f88", "0x7fcbb10d9f88", "0x7fcbb10d9f88", "0x7fcbb10d9f88", "0x7fcbb10d9f88", "0x7fcbb10d24b8", "0x7fcbb10d2418", "0x7fcbb10d9f88", "0x7fcbb10d9f88", "0x7fcbb10d9f88", "0x7fcbb10d9f88", "0x7fcbb10d9f88", "0x7fcbb10d9f88", "0x7fcbb10d2288", "0x7fcbb10d21e8", "0x7fcbb10d9f88", "0x7fcbb10d2120", "0x7fcbb10d2080", "0x7fcbb10d9f88", "0x7fcbb10d1fb8", "0x7fcbb10d1f18", "0x7fcbb10d1e78", "0x7fcbb10d1dd8", "0x7fcbb10d1d38", "0x7fcbb10d1c98", "0x7fcbb10d1bf8", "0x7fcbb10d1b58", "0x7fcbb10d1ab8", "0x7fcbb10d9f88", "0x7fcbb10d9f88", "0x7fcbb10d9f88", "0x7fcbb10d9f88"], "memsize":8168, "flags":{"wb_protected":true, "old":true, "long_lived":true, "marked":true}}
{"address":"0x7fcbb10db2e8", "type":"STRING", "class":"0x7fcbb10e0ef0", "frozen":true, "embedded":true, "fstring":true, "bytesize":5, "value":"Errno", "encoding":"US-ASCII", "memsize":40, "flags":{"wb_protected":true, "old":true, "long_lived":true, "marked":true}}
{"address":"0x7fcbb10db310", "type":"STRING", "class":"0x7fcbb10e0ef0", "frozen":true, "embedded":true, "fstring":true, "bytesize":5, "value":"errno", "encoding":"US-ASCII", "memsize":40, "flags":{"wb_protected":true, "old":true, "long_lived":true, "marked":true}}
{"address":"0x7fcbb10db338", "type":"CLASS", "class":"0x7fcbb10e2430", "name":"Class", "references":["0x7fcbb10db338", "0x7fcbb10db360", "0x7fcbb10dbc70"], "memsize":712, "flags":{"wb_protected":true, "old":true, "long_lived":true, "marked":true}}
{"address":"0x7fcbb10db360", "type":"CLASS", "class":"0x7fcbb10db338", "name":"SystemCallError", "references":["0x7fcbb10db360", "0x7fcbb10db360", "0x7fcbb10db388", "0x7fcbb10dbc98"], "memsize":712, "flags":{"wb_protected":true, "old":true, "long_lived":true, "marked":true}}
{"address":"0x7fcbb10db388", "type":"STRING", "class":"0x7fcbb10e0ef0", "frozen":true, "embedded":true, "fstring":true, "bytesize":15, "value":"SystemCallError", "encoding":"US-ASCII", "memsize":40, "flags":{"wb_protected":true, "old":true, "long_lived":true, "marked":true}}
{"address":"0x7fcbb10db3b0", "type":"STRING", "class":"0x7fcbb10e0ef0", "frozen":true, "bytesize":28, "capacity":46, "value":"Encoding::CompatibilityError", "encoding":"US-ASCII", "memsize":87, "flags":{"wb_protected":true, "old":true, "long_lived":true, "marked":true}}
{"address":"0x7fcbb10db3d8", "type":"CLASS", "class":"0x7fcbb10e2430", "name":"Class", "references":["0x7fcbb10db400", "0x7fcbb10db450"], "memsize":712, "flags":{"wb_protected":true, "old":true, "long_lived":true, "marked":true}}
{"address":"0x7fcbb10db400", "type":"CLASS", "class":"0x7fcbb10db3d8", "name":"Encoding::CompatibilityError", "references":["0x7fcbb10db3b0", "0x7fcbb10db478"], "memsize":712, "flags":{"wb_protected":true, "old":true, "long_lived":true, "marked":true}}
{"address":"0x7fcbb10db428", "type":"STRING", "class":"0x7fcbb10e0ef0", "frozen":true, "embedded":true, "fstring":true, "bytesize":18, "value":"CompatibilityError", "encoding":"US-ASCII", "memsize":40, "flags":{"wb_protected":true, "old":true, "long_lived":true, "marked":true}}
{"address":"0x7fcbb10db450", "type":"CLASS", "class":"0x7fcbb10e2430", "name":"Class", "references":["0x7fcbb10db478", "0x7fcbb10dbc70"], "memsize":712, "flags":{"wb_protected":true, "old":true, "long_lived":true, "marked":true}}
{"address":"0x7fcbb10db478", "type":"CLASS", "class":"0x7fcbb10db450", "name":"EncodingError", "references":["0x7fcbb10db4a0", "0x7fcbb10dbc98"], "memsize":712, "flags":{"wb_protected":true, "old":true, "long_lived":true, "marked":true}}
{"address":"0x7fcbb10db4a0", "type":"STRING", "class":"0x7fcbb10e0ef0", "frozen":true, "embedded":true, "fstring":true, "bytesize":13, "value":"EncodingError", "encoding":"US-ASCII", "memsize":40, "flags":{"wb_protected":true, "old":true, "long_lived":true, "marked":true}}
{"address":"0x7fcbb10db4c8", "type":"CLASS", "class":"0x7fcbb10e2430", "name":"Class", "references":["0x7fcbb10db4f0", "0x7fcbb10e0040"], "memsize":712, "flags":{"wb_protected":true, "old":true, "long_lived":true, "marked":true}}
{"address":"0x7fcbb10db4f0", "type":"CLASS", "class":"0x7fcbb10db4c8", "name":"NoMemoryError", "references":["0x7fcbb10db518", "0x7fcbb10e0068"], "memsize":904, "flags":{"wb_protected":true, "old":true, "long_lived":true, "marked":true}}
{"address":"0x7fcbb10db518", "type":"STRING", "class":"0x7fcbb10e0ef0", "frozen":true, "embedded":true, "fstring":true, "bytesize":13, "value":"NoMemoryError", "encoding":"US-ASCII", "memsize":40, "flags":{"wb_protected":true, "old":true, "long_lived":true, "marked":true}}
{"address":"0x7fcbb10db540", "type":"CLASS", "class":"0x7fcbb10e2430", "name":"Class", "references":["0x7fcbb10db568", "0x7fcbb10e0040"], "memsize":712, "flags":{"wb_protected":true, "old":true, "long_lived":true, "marked":true}}
{"address":"0x7fcbb10db568", "type":"CLASS", "class":"0x7fcbb10db540", "name":"SecurityError", "references":["0x7fcbb10db590", "0x7fcbb10e0068"], "memsize":712, "flags":{"wb_protected":true, "old":true, "long_lived":true, "marked":true}}
{"address":"0x7fcbb10db590", "type":"STRING", "class":"0x7fcbb10e0ef0", "frozen":true, "embedded":true, "fstring":true, "bytesize":13, "value":"SecurityError", "encoding":"US-ASCII", "memsize":40, "flags":{"wb_protected":true, "old":true, "long_lived":true, "marked":true}}
{"address":"0x7fcbb10db5b8", "type":"CLASS", "class":"0x7fcbb10e2430", "name":"Class", "references":["0x7fcbb10db5e0", "0x7fcbb10dbc70"], "memsize":712, "flags":{"wb_protected":true, "old":true, "long_lived":true, "marked":true}}
{"address":"0x7fcbb10db5e0", "type":"CLASS", "class":"0x7fcbb10db5b8", "name":"RuntimeError", "references":["0x7fcbb10db608", "0x7fcbb10dbc98"], "memsize":712, "flags":{"wb_protected":true, "old":true, "long_lived":true, "marked":true}}
{"address":"0x7fcbb10db608", "type":"STRING", "class":"0x7fcbb10e0ef0", "frozen":true, "embedded":true, "fstring":true, "bytesize":12, "value":"RuntimeError", "encoding":"US-ASCII", "memsize":40, "flags":{"wb_protected":true, "old":true, "long_lived":true, "marked":true}}
{"address":"0x7fcbb10db630", "type":"STRING", "class":"0x7fcbb10e0ef0", "frozen":true, "embedded":true, "fstring":true, "bytesize":4, "value":"args", "encoding":"US-ASCII", "memsize":40, "flags":{"wb_protected":true, "old":true, "long_lived":true, "marked":true}}
{"address":"0x7fcbb10db658", "type":"CLASS", "class":"0x7fcbb10e2430", "name":"Class", "references":["0x7fcbb10db680", "0x7fcbb10db748"], "memsize":712, "flags":{"wb_protected":true, "old":true, "long_lived":true, "marked":true}}
{"address":"0x7fcbb10db680", "type":"CLASS", "class":"0x7fcbb10db658", "name":"NoMethodError", "references":["0x7fcbb10db680", "0x7fcbb10db680", "0x7fcbb10db6a8", "0x7fcbb10db770"], "memsize":712, "flags":{"wb_protected":true, "old":true, "long_lived":true, "marked":true}}
{"address":"0x7fcbb10db6a8", "type":"STRING", "class":"0x7fcbb10e0ef0", "frozen":true, "embedded":true, "fstring":true, "bytesize":13, "value":"NoMethodError", "encoding":"US-ASCII", "memsize":40, "flags":{"wb_protected":true, "old":true, "long_lived":true, "marked":true}}
{"address":"0x7fcbb10db6d0", "type":"STRING", "class":"0x7fcbb10e0ef0", "frozen":true, "embedded":true, "bytesize":18, "value":"NameError::message", "encoding":"US-ASCII", "memsize":40, "flags":{"wb_protected":true, "old":true, "long_lived":true, "marked":true}}
{"address":"0x7fcbb10db6f8", "type":"CLASS", "class":"0x7fcbb10e2430", "name":"Class", "references":["0x7fcbb10db6f8", "0x7fcbb10db6f8", "0x7fcbb10db720", "0x7fcbb10e1df0"], "memsize":712, "flags":{"wb_protected":true, "old":true, "long_lived":true, "marked":true}}
{"address":"0x7fcbb10db720", "type":"CLASS", "class":"0x7fcbb10db6f8", "name":"NameError::message", "references":["0x7fcbb10db720", "0x7fcbb10db720", "0x7fcbb10db720", "0x7fcbb10db6d0", "0x7fcbb10e1e18"], "memsize":712, "flags":{"wb_protected":true, "old":true, "long_lived":true, "marked":true}}
{"address":"0x7fcbb10db748", "type":"CLASS", "class":"0x7fcbb10e2430", "name":"Class", "references":["0x7fcbb10db770", "0x7fcbb10dbc70"], "memsize":712, "flags":{"wb_protected":true, "old":true, "long_lived":true, "marked":true}}
{"address":"0x7fcbb10db770", "type":"CLASS", "class":"0x7fcbb10db748", "name":"NameError", "references":["0x7fcbb10db770", "0x7fcbb10db770", "0x7fcbb10db798", "0x7fcbb10db720", "0x7fcbb10dbc98"], "memsize":904, "flags":{"wb_protected":true, "old":true, "long_lived":true, "marked":true}}
{"address":"0x7fcbb10db798", "type":"STRING", "class":"0x7fcbb10e0ef0", "frozen":true, "embedded":true, "fstring":true, "bytesize":9, "value":"NameError", "encoding":"US-ASCII", "memsize":40, "flags":{"wb_protected":true, "old":true, "long_lived":true, "marked":true}}
{"address":"0x7fcbb10db7c0", "type":"CLASS", "class":"0x7fcbb10e2430", "name":"Class", "references":["0x7fcbb10db7e8", "0x7fcbb10db9a0"], "memsize":712, "flags":{"wb_protected":true, "old":true, "long_lived":true, "marked":true}}
{"address":"0x7fcbb10db7e8", "type":"CLASS", "class":"0x7fcbb10db7c0", "name":"NotImplementedError", "references":["0x7fcbb10db810", "0x7fcbb10db9c8"], "memsize":712, "flags":{"wb_protected":true, "old":true, "long_lived":true, "marked":true}}
{"address":"0x7fcbb10db810", "type":"STRING", "class":"0x7fcbb10e0ef0", "frozen":true, "embedded":true, "fstring":true, "bytesize":19, "value":"NotImplementedError", "encoding":"US-ASCII", "memsize":40, "flags":{"wb_protected":true, "old":true, "long_lived":true, "marked":true}}
{"address":"0x7fcbb10db838", "type":"STRING", "class":"0x7fcbb10e0ef0", "frozen":true, "embedded":true, "fstring":true, "bytesize":5, "value":"@path", "encoding":"US-ASCII", "memsize":40, "flags":{"wb_protected":true, "old":true, "long_lived":true, "marked":true}}
{"address":"0x7fcbb10db860", "type":"ARRAY", "length":1, "embedded":true, "references":["0x7fcbb20200f0"], "memsize":40, "flags":{"wb_protected":true, "old":true, "long_lived":true, "marked":true}}
{"address":"0x7fcbb10db888", "type":"STRING", "class":"0x7fcbb10e0ef0", "frozen":true, "embedded":true, "fstring":true, "bytesize":4, "value":"path", "encoding":"US-ASCII", "memsize":40, "flags":{"wb_protected":true, "old":true, "long_lived":true, "marked":true}}
{"address":"0x7fcbb10db8b0", "type":"CLASS", "class":"0x7fcbb10e2430", "name":"Class", "references":["0x7fcbb10db8d8", "0x7fcbb10db9a0"], "memsize":712, "flags":{"wb_protected":true, "old":true, "long_lived":true, "marked":true}}
{"address":"0x7fcbb10db8d8", "type":"CLASS", "class":"0x7fcbb10db8b0", "name":"LoadError", "references":["0x7fcbb10db8d8", "0x7fcbb10db900", "0x7fcbb10db9c8"], "memsize":904, "flags":{"wb_protected":true, "old":true, "long_lived":true, "marked":true}}
{"address":"0x7fcbb10db900", "type":"STRING", "class":"0x7fcbb10e0ef0", "frozen":true, "embedded":true, "fstring":true, "bytesize":9, "value":"LoadError", "encoding":"US-ASCII", "memsize":40, "flags":{"wb_protected":true, "old":true, "long_lived":true, "marked":true}}
{"address":"0x7fcbb10db928", "type":"CLASS", "class":"0x7fcbb10e2430", "name":"Class", "references":["0x7fcbb10db950", "0x7fcbb10db9a0"], "memsize":712, "flags":{"wb_protected":true, "old":true, "long_lived":true, "marked":true}}
{"address":"0x7fcbb10db950", "type":"CLASS", "class":"0x7fcbb10db928", "name":"SyntaxError", "references":["0x7fcbb10db978", "0x7fcbb10db9c8"], "memsize":712, "flags":{"wb_protected":true, "old":true, "long_lived":true, "marked":true}}
{"address":"0x7fcbb10db978", "type":"STRING", "class":"0x7fcbb10e0ef0", "frozen":true, "embedded":true, "fstring":true, "bytesize":11, "value":"SyntaxError", "encoding":"US-ASCII", "memsize":40, "flags":{"wb_protected":true, "old":true, "long_lived":true, "marked":true}}
{"address":"0x7fcbb10db9a0", "type":"CLASS", "class":"0x7fcbb10e2430", "name":"Class", "references":["0x7fcbb10db9c8", "0x7fcbb10e0040"], "memsize":712, "flags":{"wb_protected":true, "old":true, "long_lived":true, "marked":true}}
{"address":"0x7fcbb10db9c8", "type":"CLASS", "class":"0x7fcbb10db9a0", "name":"ScriptError", "references":["0x7fcbb10db9f0", "0x7fcbb10e0068"], "memsize":712, "flags":{"wb_protected":true, "old":true, "long_lived":true, "marked":true}}
{"address":"0x7fcbb10db9f0", "type":"STRING", "class":"0x7fcbb10e0ef0", "frozen":true, "embedded":true, "fstring":true, "bytesize":11, "value":"ScriptError", "encoding":"US-ASCII", "memsize":40, "flags":{"wb_protected":true, "old":true, "long_lived":true, "marked":true}}
{"address":"0x7fcbb10dba18", "type":"CLASS", "class":"0x7fcbb10e2430", "name":"Class", "references":["0x7fcbb10dba40", "0x7fcbb10dbc70"], "memsize":712, "flags":{"wb_protected":true, "old":true, "long_lived":true, "marked":true}}
{"address":"0x7fcbb10dba40", "type":"CLASS", "class":"0x7fcbb10dba18", "name":"RangeError", "references":["0x7fcbb10dba68", "0x7fcbb10dbc98"], "memsize":712, "flags":{"wb_protected":true, "old":true, "long_lived":true, "marked":true}}
{"address":"0x7fcbb10dba68", "type":"STRING", "class":"0x7fcbb10e0ef0", "frozen":true, "embedded":true, "fstring":true, "bytesize":10, "value":"RangeError", "encoding":"US-ASCII", "memsize":40, "flags":{"wb_protected":true, "old":true, "long_lived":true, "marked":true}}
{"address":"0x7fcbb10dba90", "type":"CLASS", "class":"0x7fcbb10e2430", "name":"Class", "references":["0x7fcbb10dbab8", "0x7fcbb10dbb08"], "memsize":712, "flags":{"wb_protected":true, "old":true, "long_lived":true, "marked":true}}
{"address":"0x7fcbb10dbab8", "type":"CLASS", "class":"0x7fcbb10dba90", "name":"KeyError", "references":["0x7fcbb10dbae0", "0x7fcbb10dbb30"], "memsize":712, "flags":{"wb_protected":true, "old":true, "long_lived":true, "marked":true}}
{"address":"0x7fcbb10dbae0", "type":"STRING", "class":"0x7fcbb10e0ef0", "frozen":true, "embedded":true, "fstring":true, "bytesize":8, "value":"KeyError", "encoding":"US-ASCII", "memsize":40, "flags":{"wb_protected":true, "old":true, "long_lived":true, "marked":true}}
{"address":"0x7fcbb10dbb08", "type":"CLASS", "class":"0x7fcbb10e2430", "name":"Class", "references":["0x7fcbb10dbb30", "0x7fcbb10dbc70"], "memsize":712, "flags":{"wb_protected":true, "old":true, "long_lived":true, "marked":true}}
{"address":"0x7fcbb10dbb30", "type":"CLASS", "class":"0x7fcbb10dbb08", "name":"IndexError", "references":["0x7fcbb10dbb58", "0x7fcbb10dbc98"], "memsize":712, "flags":{"wb_protected":true, "old":true, "long_lived":true, "marked":true}}
{"address":"0x7fcbb10dbb58", "type":"STRING", "class":"0x7fcbb10e0ef0", "frozen":true, "embedded":true, "fstring":true, "bytesize":10, "value":"IndexError", "encoding":"US-ASCII", "memsize":40, "flags":{"wb_protected":true, "old":true, "long_lived":true, "marked":true}}
{"address":"0x7fcbb10dbb80", "type":"CLASS", "class":"0x7fcbb10e2430", "name":"Class", "references":["0x7fcbb10dbba8", "0x7fcbb10dbc70"], "memsize":712, "flags":{"wb_protected":true, "old":true, "long_lived":true, "marked":true}}
{"address":"0x7fcbb10dbba8", "type":"CLASS", "class":"0x7fcbb10dbb80", "name":"ArgumentError", "references":["0x7fcbb10dbbd0", "0x7fcbb10dbc98"], "memsize":712, "flags":{"wb_protected":true, "old":true, "long_lived":true, "marked":true}}
{"address":"0x7fcbb10dbbd0", "type":"STRING", "class":"0x7fcbb10e0ef0", "frozen":true, "embedded":true, "fstring":true, "bytesize":13, "value":"ArgumentError", "encoding":"US-ASCII", "memsize":40, "flags":{"wb_protected":true, "old":true, "long_lived":true, "marked":true}}
{"address":"0x7fcbb10dbbf8", "type":"CLASS", "class":"0x7fcbb10e2430", "name":"Class", "references":["0x7fcbb10dbc20", "0x7fcbb10dbc70"], "memsize":712, "flags":{"wb_protected":true, "old":true, "long_lived":true, "marked":true}}
{"address":"0x7fcbb10dbc20", "type":"CLASS", "class":"0x7fcbb10dbbf8", "name":"TypeError", "references":["0x7fcbb10dbc48", "0x7fcbb10dbc98"], "memsize":712, "flags":{"wb_protected":true, "old":true, "long_lived":true, "marked":true}}
{"address":"0x7fcbb10dbc48", "type":"STRING", "class":"0x7fcbb10e0ef0", "frozen":true, "embedded":true, "fstring":true, "bytesize":9, "value":"TypeError", "encoding":"US-ASCII", "memsize":40, "flags":{"wb_protected":true, "old":true, "long_lived":true, "marked":true}}
{"address":"0x7fcbb10dbc70", "type":"CLASS", "class":"0x7fcbb10e2430", "name":"Class", "references":["0x7fcbb10dbc98", "0x7fcbb10e0040"], "memsize":712, "flags":{"wb_protected":true, "old":true, "long_lived":true, "marked":true}}
{"address":"0x7fcbb10dbc98", "type":"CLASS", "class":"0x7fcbb10dbc70", "name":"StandardError", "references":["0x7fcbb10dbcc0", "0x7fcbb10e0068"], "memsize":712, "flags":{"wb_protected":true, "old":true, "long_lived":true, "marked":true}}
{"address":"0x7fcbb10dbcc0", "type":"STRING", "class":"0x7fcbb10e0ef0", "frozen":true, "embedded":true, "fstring":true, "bytesize":13, "value":"StandardError", "encoding":"US-ASCII", "memsize":40, "flags":{"wb_protected":true, "old":true, "long_lived":true, "marked":true}}
{"address":"0x7fcbb10dbce8", "type":"CLASS", "class":"0x7fcbb10e2430", "name":"Class", "references":["0x7fcbb10dbd10", "0x7fcbb10dbd60"], "memsize":712, "flags":{"wb_protected":true, "old":true, "long_lived":true, "marked":true}}
{"address":"0x7fcbb10dbd10", "type":"CLASS", "class":"0x7fcbb10dbce8", "name":"Interrupt", "references":["0x7fcbb10dbd10", "0x7fcbb10dbd38", "0x7fcbb10dbd88"], "memsize":712, "flags":{"wb_protected":true, "old":true, "long_lived":true, "marked":true}}
{"address":"0x7fcbb10dbd38", "type":"STRING", "class":"0x7fcbb10e0ef0", "frozen":true, "embedded":true, "fstring":true, "bytesize":9, "value":"Interrupt", "encoding":"US-ASCII", "memsize":40, "flags":{"wb_protected":true, "old":true, "long_lived":true, "marked":true}}
{"address":"0x7fcbb10dbd60", "type":"CLASS", "class":"0x7fcbb10e2430", "name":"Class", "references":["0x7fcbb10dbd88", "0x7fcbb10e0040"], "memsize":712, "flags":{"wb_protected":true, "old":true, "long_lived":true, "marked":true}}
{"address":"0x7fcbb10dbd88", "type":"CLASS", "class":"0x7fcbb10dbd60", "name":"SignalException", "references":["0x7fcbb10dbd88", "0x7fcbb10dbd88", "0x7fcbb10e0068", "0x7fcbb10dbdb0", "0x7fcbb10e0068"], "memsize":712, "flags":{"wb_protected":true, "old":true, "long_lived":true, "marked":true}}
{"address":"0x7fcbb10dbdb0", "type":"STRING", "class":"0x7fcbb10e0ef0", "frozen":true, "embedded":true, "fstring":true, "bytesize":15, "value":"SignalException", "encoding":"US-ASCII", "memsize":40, "flags":{"wb_protected":true, "old":true, "long_lived":true, "marked":true}}
{"address":"0x7fcbb10dbdd8", "type":"CLASS", "class":"0x7fcbb10e2430", "name":"Class", "references":["0x7fcbb10dbe00", "0x7fcbb10e0040"], "memsize":712, "flags":{"wb_protected":true, "old":true, "long_lived":true, "marked":true}}
{"address":"0x7fcbb10dbe00", "type":"CLASS", "class":"0x7fcbb10dbdd8", "name":"fatal", "references":["0x7fcbb10e0068"], "memsize":904, "flags":{"wb_protected":true, "old":true, "long_lived":true, "marked":true}}
{"address":"0x7fcbb10dbe28", "type":"STRING", "class":"0x7fcbb10e0ef0", "frozen":true, "embedded":true, "fstring":true, "bytesize":5, "value":"fatal", "encoding":"US-ASCII", "memsize":40, "flags":{"wb_protected":true, "old":true, "long_lived":true, "marked":true}}
{"address":"0x7fcbb10dbe50", "type":"STRING", "class":"0x7fcbb10e0ef0", "frozen":true, "embedded":true, "fstring":true, "bytesize":8, "value":"success?", "encoding":"US-ASCII", "memsize":40, "flags":{"wb_protected":true, "old":true, "long_lived":true, "marked":true}}
{"address":"0x7fcbb10dbe78", "type":"STRING", "class":"0x7fcbb10e0ef0", "frozen":true, "embedded":true, "fstring":true, "bytesize":6, "value":"status", "encoding":"US-ASCII", "memsize":40, "flags":{"wb_protected":true, "old":true, "long_lived":true, "marked":true}}
{"address":"0x7fcbb10dbea0", "type":"CLASS", "class":"0x7fcbb10e2430", "name":"Class", "references":["0x7fcbb10dbec8", "0x7fcbb10e0040"], "memsize":712, "flags":{"wb_protected":true, "old":true, "long_lived":true, "marked":true}}
{"address":"0x7fcbb10dbec8", "type":"CLASS", "class":"0x7fcbb10dbea0", "name":"SystemExit", "references":["0x7fcbb10dbec8", "0x7fcbb10dbec8", "0x7fcbb10dbec8", "0x7fcbb10dbef0", "0x7fcbb10e0068"], "memsize":712, "flags":{"wb_protected":true, "old":true, "long_lived":true, "marked":true}}
{"address":"0x7fcbb10dbef0", "type":"STRING", "class":"0x7fcbb10e0ef0", "frozen":true, "embedded":true, "fstring":true, "bytesize":10, "value":"SystemExit", "encoding":"US-ASCII", "memsize":40, "flags":{"wb_protected":true, "old":true, "long_lived":true, "marked":true}}
{"address":"0x7fcbb10dbf18", "type":"STRING", "class":"0x7fcbb10e0ef0", "frozen":true, "embedded":true, "fstring":true, "bytesize":5, "value":"cause", "encoding":"US-ASCII", "memsize":40, "flags":{"wb_protected":true, "old":true, "long_lived":true, "marked":true}}
{"address":"0x7fcbb10dbf40", "type":"STRING", "class":"0x7fcbb10e0ef0", "frozen":true, "embedded":true, "fstring":true, "bytesize":13, "value":"set_backtrace", "encoding":"US-ASCII", "memsize":40, "flags":{"wb_protected":true, "old":true, "long_lived":true, "marked":true}}
{"address":"0x7fcbb10dbf68", "type":"STRING", "class":"0x7fcbb10e0ef0", "frozen":true, "embedded":true, "fstring":true, "bytesize":19, "value":"backtrace_locations", "encoding":"US-ASCII", "memsize":40, "flags":{"wb_protected":true, "old":true, "long_lived":true, "marked":true}}
{"address":"0x7fcbb10dbf90", "type":"STRING", "class":"0x7fcbb10e0ef0", "frozen":true, "embedded":true, "fstring":true, "bytesize":9, "value":"backtrace", "encoding":"US-ASCII", "memsize":40, "flags":{"wb_protected":true, "old":true, "long_lived":true, "marked":true}}
{"address":"0x7fcbb10e0018", "type":"STRING", "class":"0x7fcbb10e0ef0", "frozen":true, "embedded":true, "fstring":true, "bytesize":7, "value":"message", "encoding":"US-ASCII", "memsize":40, "flags":{"wb_protected":true, "old":true, "long_lived":true, "marked":true}}
{"address":"0x7fcbb10e0040", "type":"CLASS", "class":"0x7fcbb10e2430", "name":"Class", "references":["0x7fcbb10e0040", "0x7fcbb10e0068", "0x7fcbb10e23e0"], "memsize":712, "flags":{"wb_protected":true, "old":true, "long_lived":true, "marked":true}}
{"address":"0x7fcbb10e0068", "type":"CLASS", "class":"0x7fcbb10e0040", "name":"Exception", "references":["0x7fcbb10e0068", "0x7fcbb10e0068", "0x7fcbb10e0068", "0x7fcbb10e0068", "0x7fcbb10e0068", "0x7fcbb10e0068", "0x7fcbb10e0068", "0x7fcbb10e0068", "0x7fcbb10e0068", "0x7fcbb10e0068", "0x7fcbb10e0068", "0x7fcbb10e0068", "0x7fcbb10e0068", "0x7fcbb10e0090", "0x7fcbb10e2c78"], "memsize":1320, "flags":{"wb_protected":true, "old":true, "long_lived":true, "marked":true}}
{"address":"0x7fcbb10e0090", "type":"STRING", "class":"0x7fcbb10e0ef0", "frozen":true, "embedded":true, "fstring":true, "bytesize":9, "value":"Exception", "encoding":"US-ASCII", "memsize":40, "flags":{"wb_protected":true, "old":true, "long_lived":true, "marked":true}}
{"address":"0x7fcbb10e00b8", "type":"STRING", "class":"0x7fcbb10e0ef0", "frozen":true, "embedded":true, "fstring":true, "bytesize":7, "value":"id2name", "encoding":"US-ASCII", "memsize":40, "flags":{"wb_protected":true, "old":true, "long_lived":true, "marked":true}}
{"address":"0x7fcbb10e00e0", "type":"STRING", "class":"0x7fcbb10e0ef0", "frozen":true, "embedded":true, "fstring":true, "bytesize":11, "value":"all_symbols", "encoding":"US-ASCII", "memsize":40, "flags":{"wb_protected":true, "old":true, "long_lived":true, "marked":true}}
{"address":"0x7fcbb10e0108", "type":"ICLASS", "class":"0x7fcbb10e1710", "references":["0x7fcbb10e2c78"], "memsize":40, "flags":{"long_lived":true, "marked":true}}
{"address":"0x7fcbb10e0130", "type":"CLASS", "class":"0x7fcbb10e2430", "name":"Class", "references":["0x7fcbb10e0130", "0x7fcbb10e0130", "0x7fcbb10e0158", "0x7fcbb10e23e0"], "memsize":712, "flags":{"wb_protected":true, "old":true, "long_lived":true, "marked":true}}
{"address":"0x7fcbb10e0158", "type":"CLASS", "class":"0x7fcbb10e0130", "name":"Symbol", "references":["0x7fcbb10e0158", "0x7fcbb10e0158", "0x7fcbb10e0158", "0x7fcbb10e0158", "0x7fcbb10e0158", "0x7fcbb10e0158", "0x7fcbb10e0158", "0x7fcbb10e0158", "0x7fcbb10e0158", "0x7fcbb10e0158", "0x7fcbb10e0158", "0x7fcbb10e0158", "0x7fcbb10e0158", "0x7fcbb10e0158", "0x7fcbb10e0158", "0x7fcbb10e0158", "0x7fcbb10e0158", "0x7fcbb10e0158", "0x7fcbb10e0158", "0x7fcbb10e0158", "0x7fcbb10e0158", "0x7fcbb10e0158", "0x7fcbb10e0158", "0x7fcbb10e0158", "0x7fcbb10e0180", "0x7fcbb10e0108"], "memsize":1848, "flags":{"wb_protected":true, "old":true, "long_lived":true, "marked":true}}
{"address":"0x7fcbb10e0180", "type":"STRING", "class":"0x7fcbb10e0ef0", "frozen":true, "embedded":true, "fstring":true, "bytesize":6, "value":"Symbol", "encoding":"US-ASCII", "memsize":40, "flags":{"wb_protected":true, "old":true, "long_lived":true, "marked":true}}
{"address":"0x7fcbb10e01a8", "type":"STRING", "class":"0x7fcbb10e0ef0", "frozen":true, "embedded":true, "fstring":true, "bytesize":3, "value":"$-F", "encoding":"US-ASCII", "memsize":40, "flags":{"wb_protected":true, "old":true, "long_lived":true, "marked":true}}
{"address":"0x7fcbb10e01d0", "type":"STRING", "class":"0x7fcbb10e0ef0", "frozen":true, "embedded":true, "fstring":true, "bytesize":2, "value":"$;", "encoding":"US-ASCII", "memsize":40, "flags":{"wb_protected":true, "old":true, "long_lived":true, "marked":true}}
{"address":"0x7fcbb10e01f8", "type":"STRING", "class":"0x7fcbb10e0ef0", "frozen":true, "embedded":true, "fstring":true, "bytesize":11, "value":"ascii_only?", "encoding":"US-ASCII", "memsize":40, "flags":{"wb_protected":true, "old":true, "long_lived":true, "marked":true}}
{"address":"0x7fcbb10e0220", "type":"STRING", "class":"0x7fcbb10e0ef0", "frozen":true, "embedded":true, "fstring":true, "bytesize":15, "value":"valid_encoding?", "encoding":"US-ASCII", "memsize":40, "flags":{"wb_protected":true, "old":true, "long_lived":true, "marked":true}}
{"address":"0x7fcbb10e0248", "type":"STRING", "class":"0x7fcbb10e0ef0", "frozen":true, "embedded":true, "fstring":true, "bytesize":1, "value":"b", "encoding":"US-ASCII", "memsize":40, "flags":{"wb_protected":true, "old":true, "long_lived":true, "marked":true}}
{"address":"0x7fcbb10e0270", "type":"STRING", "class":"0x7fcbb10e0ef0", "frozen":true, "embedded":true, "fstring":true, "bytesize":14, "value":"force_encoding", "encoding":"US-ASCII", "memsize":40, "flags":{"wb_protected":true, "old":true, "long_lived":true, "marked":true}}
{"address":"0x7fcbb10e0298", "type":"STRING", "class":"0x7fcbb10e0ef0", "frozen":true, "embedded":true, "fstring":true, "bytesize":8, "value":"encoding", "encoding":"US-ASCII", "memsize":40, "flags":{"wb_protected":true, "old":true, "long_lived":true, "marked":true}}
{"address":"0x7fcbb10e02c0", "type":"STRING", "class":"0x7fcbb10e0ef0", "frozen":true, "embedded":true, "fstring":true, "bytesize":10, "value":"rpartition", "encoding":"US-ASCII", "memsize":40, "flags":{"wb_protected":true, "old":true, "long_lived":true, "marked":true}}
{"address":"0x7fcbb10e02e8", "type":"STRING", "class":"0x7fcbb10e0ef0", "frozen":true, "embedded":true, "fstring":true, "bytesize":6, "value":"slice!", "encoding":"US-ASCII", "memsize":40, "flags":{"wb_protected":true, "old":true, "long_lived":true, "marked":true}}
{"address":"0x7fcbb10e0310", "type":"STRING", "class":"0x7fcbb10e0ef0", "frozen":true, "embedded":true, "fstring":true, "bytesize":5, "value":"slice", "encoding":"US-ASCII", "memsize":40, "flags":{"wb_protected":true, "old":true, "long_lived":true, "marked":true}}
{"address":"0x7fcbb10e0338", "type":"STRING", "class":"0x7fcbb10e0ef0", "frozen":true, "embedded":true, "fstring":true, "bytesize":3, "value":"sum", "encoding":"US-ASCII", "memsize":40, "flags":{"wb_protected":true, "old":true, "long_lived":true, "marked":true}}
{"address":"0x7fcbb10e0360", "type":"STRING", "class":"0x7fcbb10e0ef0", "frozen":true, "embedded":true, "fstring":true, "bytesize":14, "value":"each_codepoint", "encoding":"US-ASCII", "memsize":40, "flags":{"wb_protected":true, "old":true, "long_lived":true, "marked":true}}
{"address":"0x7fcbb10e0388", "type":"STRING", "class":"0x7fcbb10e0ef0", "frozen":true, "embedded":true, "fstring":true, "bytesize":9, "value":"each_char", "encoding":"US-ASCII", "memsize":40, "flags":{"wb_protected":true, "old":true, "long_lived":true, "marked":true}}
{"address":"0x7fcbb10e03b0", "type":"STRING", "class":"0x7fcbb10e0ef0", "frozen":true, "embedded":true, "fstring":true, "bytesize":9, "value":"each_byte", "encoding":"US-ASCII", "memsize":40, "flags":{"wb_protected":true, "old":true, "long_lived":true, "marked":true}}
{"address":"0x7fcbb10e03d8", "type":"STRING", "class":"0x7fcbb10e0ef0", "frozen":true, "embedded":true, "fstring":true, "bytesize":9, "value":"each_line", "encoding":"US-ASCII", "memsize":40, "flags":{"wb_protected":true, "old":true, "long_lived":true, "marked":true}}
{"address":"0x7fcbb10e0400", "type":"STRING", "class":"0x7fcbb10e0ef0", "frozen":true, "embedded":true, "fstring":true, "bytesize":8, "value":"squeeze!", "encoding":"US-ASCII", "memsize":40, "flags":{"wb_protected":true, "old":true, "long_lived":true, "marked":true}}
{"address":"0x7fcbb10e0428", "type":"STRING", "class":"0x7fcbb10e0ef0", "frozen":true, "embedded":true, "fstring":true, "bytesize":7, "value":"delete!", "encoding":"US-ASCII", "memsize":40, "flags":{"wb_protected":true, "old":true, "long_lived":true, "marked":true}}
{"address":"0x7fcbb10e0450", "type":"STRING", "class":"0x7fcbb10e0ef0", "frozen":true, "embedded":true, "fstring":true, "bytesize":5, "value":"tr_s!", "encoding":"US-ASCII", "memsize":40, "flags":{"wb_protected":true, "old":true, "long_lived":true, "marked":true}}
{"address":"0x7fcbb10e0478", "type":"STRING", "class":"0x7fcbb10e0ef0", "frozen":true, "embedded":true, "fstring":true, "bytesize":3, "value":"tr!", "encoding":"US-ASCII", "memsize":40, "flags":{"wb_protected":true, "old":true, "long_lived":true, "marked":true}}
{"address":"0x7fcbb10e04a0", "type":"STRING", "class":"0x7fcbb10e0ef0", "frozen":true, "embedded":true, "fstring":true, "bytesize":7, "value":"squeeze", "encoding":"US-ASCII", "memsize":40, "flags":{"wb_protected":true, "old":true, "long_lived":true, "marked":true}}
{"address":"0x7fcbb10e04c8", "type":"STRING", "class":"0x7fcbb10e0ef0", "frozen":true, "embedded":true, "fstring":true, "bytesize":6, "value":"delete", "encoding":"US-ASCII", "memsize":40, "flags":{"wb_protected":true, "old":true, "long_lived":true, "marked":true}}
{"address":"0x7fcbb10e04f0", "type":"STRING", "class":"0x7fcbb10e0ef0", "frozen":true, "embedded":true, "fstring":true, "bytesize":4, "value":"tr_s", "encoding":"US-ASCII", "memsize":40, "flags":{"wb_protected":true, "old":true, "long_lived":true, "marked":true}}
{"address":"0x7fcbb10e0518", "type":"STRING", "class":"0x7fcbb10e0ef0", "frozen":true, "embedded":true, "fstring":true, "bytesize":2, "value":"tr", "encoding":"US-ASCII", "memsize":40, "flags":{"wb_protected":true, "old":true, "long_lived":true, "marked":true}}
{"address":"0x7fcbb10e0540", "type":"STRING", "class":"0x7fcbb10e0ef0", "frozen":true, "embedded":true, "fstring":true, "bytesize":7, "value":"rstrip!", "encoding":"US-ASCII", "memsize":40, "flags":{"wb_protected":true, "old":true, "long_lived":true, "marked":true}}
{"address":"0x7fcbb10e0568", "type":"STRING", "class":"0x7fcbb10e0ef0", "frozen":true, "embedded":true, "fstring":true, "bytesize":7, "value":"lstrip!", "encoding":"US-ASCII", "memsize":40, "flags":{"wb_protected":true, "old":true, "long_lived":true, "marked":true}}
{"address":"0x7fcbb10e0590", "type":"STRING", "class":"0x7fcbb10e0ef0", "frozen":true, "embedded":true, "fstring":true, "bytesize":6, "value":"strip!", "encoding":"US-ASCII", "memsize":40, "flags":{"wb_protected":true, "old":true, "long_lived":true, "marked":true}}
{"address":"0x7fcbb10e05b8", "type":"STRING", "class":"0x7fcbb10e0ef0", "frozen":true, "embedded":true, "fstring":true, "bytesize":6, "value":"chomp!", "encoding":"US-ASCII", "memsize":40, "flags":{"wb_protected":true, "old":true, "long_lived":true, "marked":true}}
{"address":"0x7fcbb10e05e0", "type":"STRING", "class":"0x7fcbb10e0ef0", "frozen":true, "embedded":true, "fstring":true, "bytesize":5, "value":"chop!", "encoding":"US-ASCII", "memsize":40, "flags":{"wb_protected":true, "old":true, "long_lived":true, "marked":true}}
{"address":"0x7fcbb10e0608", "type":"STRING", "class":"0x7fcbb10e0ef0", "frozen":true, "embedded":true, "fstring":true, "bytesize":5, "value":"gsub!", "encoding":"US-ASCII", "memsize":40, "flags":{"wb_protected":true, "old":true, "long_lived":true, "marked":true}}
{"address":"0x7fcbb10e0630", "type":"STRING", "class":"0x7fcbb10e0ef0", "frozen":true, "embedded":true, "fstring":true, "bytesize":4, "value":"sub!", "encoding":"US-ASCII", "memsize":40, "flags":{"wb_protected":true, "old":true, "long_lived":true, "marked":true}}
{"address":"0x7fcbb10e0658", "type":"STRING", "class":"0x7fcbb10e0ef0", "frozen":true, "embedded":true, "fstring":true, "bytesize":6, "value":"rstrip", "encoding":"US-ASCII", "memsize":40, "flags":{"wb_protected":true, "old":true, "long_lived":true, "marked":true}}
{"address":"0x7fcbb10e0680", "type":"STRING", "class":"0x7fcbb10e0ef0", "frozen":true, "embedded":true, "fstring":true, "bytesize":6, "value":"lstrip", "encoding":"US-ASCII", "memsize":40, "flags":{"wb_protected":true, "old":true, "long_lived":true, "marked":true}}
{"address":"0x7fcbb10e06a8", "type":"STRING", "class":"0x7fcbb10e0ef0", "frozen":true, "embedded":true, "fstring":true, "bytesize":5, "value":"strip", "encoding":"US-ASCII", "memsize":40, "flags":{"wb_protected":true, "old":true, "long_lived":true, "marked":true}}
{"address":"0x7fcbb10e06d0", "type":"STRING", "class":"0x7fcbb10e0ef0", "frozen":true, "embedded":true, "fstring":true, "bytesize":5, "value":"chomp", "encoding":"US-ASCII", "memsize":40, "flags":{"wb_protected":true, "old":true, "long_lived":true, "marked":true}}
{"address":"0x7fcbb10e06f8", "type":"STRING", "class":"0x7fcbb10e0ef0", "frozen":true, "embedded":true, "fstring":true, "bytesize":4, "value":"chop", "encoding":"US-ASCII", "memsize":40, "flags":{"wb_protected":true, "old":true, "long_lived":true, "marked":true}}
{"address":"0x7fcbb10e0720", "type":"STRING", "class":"0x7fcbb10e0ef0", "frozen":true, "embedded":true, "fstring":true, "bytesize":4, "value":"gsub", "encoding":"US-ASCII", "memsize":40, "flags":{"wb_protected":true, "old":true, "long_lived":true, "marked":true}}
{"address":"0x7fcbb10e0748", "type":"STRING", "class":"0x7fcbb10e0ef0", "frozen":true, "embedded":true, "fstring":true, "bytesize":3, "value":"sub", "encoding":"US-ASCII", "memsize":40, "flags":{"wb_protected":true, "old":true, "long_lived":true, "marked":true}}
{"address":"0x7fcbb10e0770", "type":"STRING", "class":"0x7fcbb10e0ef0", "frozen":true, "embedded":true, "fstring":true, "bytesize":6, "value":"center", "encoding":"US-ASCII", "memsize":40, "flags":{"wb_protected":true, "old":true, "long_lived":true, "marked":true}}
{"address":"0x7fcbb10e0798", "type":"STRING", "class":"0x7fcbb10e0ef0", "frozen":true, "embedded":true, "fstring":true, "bytesize":5, "value":"rjust", "encoding":"US-ASCII", "memsize":40, "flags":{"wb_protected":true, "old":true, "long_lived":true, "marked":true}}
{"address":"0x7fcbb10e07c0", "type":"STRING", "class":"0x7fcbb10e0ef0", "frozen":true, "embedded":true, "fstring":true, "bytesize":5, "value":"ljust", "encoding":"US-ASCII", "memsize":40, "flags":{"wb_protected":true, "old":true, "long_lived":true, "marked":true}}
{"address":"0x7fcbb10e07e8", "type":"STRING", "class":"0x7fcbb10e0ef0", "frozen":true, "embedded":true, "fstring":true, "bytesize":4, "value":"scan", "encoding":"US-ASCII", "memsize":40, "flags":{"wb_protected":true, "old":true, "long_lived":true, "marked":true}}
{"address":"0x7fcbb10e0810", "type":"STRING", "class":"0x7fcbb10e0ef0", "frozen":true, "embedded":true, "fstring":true, "bytesize":9, "value":"end_with?", "encoding":"US-ASCII", "memsize":40, "flags":{"wb_protected":true, "old":true, "long_lived":true, "marked":true}}
{"address":"0x7fcbb10e0838", "type":"STRING", "class":"0x7fcbb10e0ef0", "frozen":true, "embedded":true, "fstring":true, "bytesize":11, "value":"start_with?", "encoding":"US-ASCII", "memsize":40, "flags":{"wb_protected":true, "old":true, "long_lived":true, "marked":true}}
{"address":"0x7fcbb10e0860", "type":"STRING", "class":"0x7fcbb10e0ef0", "frozen":true, "embedded":true, "fstring":true, "bytesize":3, "value":"ord", "encoding":"US-ASCII", "memsize":40, "flags":{"wb_protected":true, "old":true, "long_lived":true, "marked":true}}
{"address":"0x7fcbb10e0888", "type":"STRING", "class":"0x7fcbb10e0ef0", "frozen":true, "embedded":true, "fstring":true, "bytesize":5, "value":"crypt", "encoding":"US-ASCII", "memsize":40, "flags":{"wb_protected":true, "old":true, "long_lived":true, "marked":true}}
{"address":"0x7fcbb10e08b0", "type":"STRING", "class":"0x7fcbb10e0ef0", "frozen":true, "embedded":true, "fstring":true, "bytesize":7, "value":"prepend", "encoding":"US-ASCII", "memsize":40, "flags":{"wb_protected":true, "old":true, "long_lived":true, "marked":true}}
{"address":"0x7fcbb10e08d8", "type":"STRING", "class":"0x7fcbb10e0ef0", "frozen":true, "embedded":true, "fstring":true, "bytesize":6, "value":"concat", "encoding":"US-ASCII", "memsize":40, "flags":{"wb_protected":true, "old":true, "long_lived":true, "marked":true}}
{"address":"0x7fcbb10e0900", "type":"STRING", "class":"0x7fcbb10e0ef0", "frozen":true, "embedded":true, "fstring":true, "bytesize":8, "value":"reverse!", "encoding":"US-ASCII", "memsize":40, "flags":{"wb_protected":true, "old":true, "long_lived":true, "marked":true}}
{"address":"0x7fcbb10e0928", "type":"STRING", "class":"0x7fcbb10e0ef0", "frozen":true, "embedded":true, "fstring":true, "bytesize":7, "value":"reverse", "encoding":"US-ASCII", "memsize":40, "flags":{"wb_protected":true, "old":true, "long_lived":true, "marked":true}}
{"address":"0x7fcbb10e0950", "type":"STRING", "class":"0x7fcbb10e0ef0", "frozen":true, "embedded":true, "fstring":true, "bytesize":10, "value":"codepoints", "encoding":"US-ASCII", "memsize":40, "flags":{"wb_protected":true, "old":true, "long_lived":true, "marked":true}}
{"address":"0x7fcbb10e0978", "type":"STRING", "class":"0x7fcbb10e0ef0", "frozen":true, "embedded":true, "fstring":true, "bytesize":5, "value":"chars", "encoding":"US-ASCII", "memsize":40, "flags":{"wb_protected":true, "old":true, "long_lived":true, "marked":true}}
{"address":"0x7fcbb10e09a0", "type":"STRING", "class":"0x7fcbb10e0ef0", "frozen":true, "embedded":true, "fstring":true, "bytesize":5, "value":"bytes", "encoding":"US-ASCII", "memsize":40, "flags":{"wb_protected":true, "old":true, "long_lived":true, "marked":true}}
{"address":"0x7fcbb10e09c8", "type":"STRING", "class":"0x7fcbb10e0ef0", "frozen":true, "embedded":true, "fstring":true, "bytesize":5, "value":"lines", "encoding":"US-ASCII", "memsize":40, "flags":{"wb_protected":true, "old":true, "long_lived":true, "marked":true}}
{"address":"0x7fcbb10e09f0", "type":"STRING", "class":"0x7fcbb10e0ef0", "frozen":true, "embedded":true, "fstring":true, "bytesize":5, "value":"split", "encoding":"US-ASCII", "memsize":40, "flags":{"wb_protected":true, "old":true, "long_lived":true, "marked":true}}
{"address":"0x7fcbb10e0a18", "type":"STRING", "class":"0x7fcbb10e0ef0", "frozen":true, "embedded":true, "fstring":true, "bytesize":3, "value":"oct", "encoding":"US-ASCII", "memsize":40, "flags":{"wb_protected":true, "old":true, "long_lived":true, "marked":true}}
{"address":"0x7fcbb10e0a40", "type":"STRING", "class":"0x7fcbb10e0ef0", "frozen":true, "embedded":true, "fstring":true, "bytesize":3, "value":"hex", "encoding":"US-ASCII", "memsize":40, "flags":{"wb_protected":true, "old":true, "long_lived":true, "marked":true}}
{"address":"0x7fcbb10e0a68", "type":"STRING", "class":"0x7fcbb10e0ef0", "frozen":true, "embedded":true, "fstring":true, "bytesize":9, "value":"swapcase!", "encoding":"US-ASCII", "memsize":40, "flags":{"wb_protected":true, "old":true, "long_lived":true, "marked":true}}
{"address":"0x7fcbb10e0a90", "type":"STRING", "class":"0x7fcbb10e0ef0", "frozen":true, "embedded":true, "fstring":true, "bytesize":11, "value":"capitalize!", "encoding":"US-ASCII", "memsize":40, "flags":{"wb_protected":true, "old":true, "long_lived":true, "marked":true}}
{"address":"0x7fcbb10e0ab8", "type":"STRING", "class":"0x7fcbb10e0ef0", "frozen":true, "embedded":true, "fstring":true, "bytesize":9, "value":"downcase!", "encoding":"US-ASCII", "memsize":40, "flags":{"wb_protected":true, "old":true, "long_lived":true, "marked":true}}
{"address":"0x7fcbb10e0ae0", "type":"STRING", "class":"0x7fcbb10e0ef0", "frozen":true, "embedded":true, "fstring":true, "bytesize":7, "value":"upcase!", "encoding":"US-ASCII", "memsize":40, "flags":{"wb_protected":true, "old":true, "long_lived":true, "marked":true}}
{"address":"0x7fcbb10e0b08", "type":"STRING", "class":"0x7fcbb10e0ef0", "frozen":true, "embedded":true, "fstring":true, "bytesize":8, "value":"swapcase", "encoding":"US-ASCII", "memsize":40, "flags":{"wb_protected":true, "old":true, "long_lived":true, "marked":true}}
{"address":"0x7fcbb10e0b30", "type":"STRING", "class":"0x7fcbb10e0ef0", "frozen":true, "embedded":true, "fstring":true, "bytesize":10, "value":"capitalize", "encoding":"US-ASCII", "memsize":40, "flags":{"wb_protected":true, "old":true, "long_lived":true, "marked":true}}
{"address":"0x7fcbb10e0b58", "type":"STRING", "class":"0x7fcbb10e0ef0", "frozen":true, "embedded":true, "fstring":true, "bytesize":8, "value":"downcase", "encoding":"US-ASCII", "memsize":40, "flags":{"wb_protected":true, "old":true, "long_lived":true, "marked":true}}
{"address":"0x7fcbb10e0b80", "type":"STRING", "class":"0x7fcbb10e0ef0", "frozen":true, "embedded":true, "fstring":true, "bytesize":6, "value":"upcase", "encoding":"US-ASCII", "memsize":40, "flags":{"wb_protected":true, "old":true, "long_lived":true, "marked":true}}
{"address":"0x7fcbb10e0ba8", "type":"STRING", "class":"0x7fcbb10e0ef0", "frozen":true, "embedded":true, "fstring":true, "bytesize":4, "value":"dump", "encoding":"US-ASCII", "memsize":40, "flags":{"wb_protected":true, "old":true, "long_lived":true, "marked":true}}
{"address":"0x7fcbb10e0bd0", "type":"STRING", "class":"0x7fcbb10e0ef0", "frozen":true, "embedded":true, "fstring":true, "bytesize":6, "value":"scrub!", "encoding":"US-ASCII", "memsize":40, "flags":{"wb_protected":true, "old":true, "long_lived":true, "marked":true}}
{"address":"0x7fcbb10e0bf8", "type":"STRING", "class":"0x7fcbb10e0ef0", "frozen":true, "embedded":true, "fstring":true, "bytesize":5, "value":"scrub", "encoding":"US-ASCII", "memsize":40, "flags":{"wb_protected":true, "old":true, "long_lived":true, "marked":true}}
{"address":"0x7fcbb10e0c20", "type":"STRING", "class":"0x7fcbb10e0ef0", "frozen":true, "embedded":true, "fstring":true, "bytesize":9, "value":"byteslice", "encoding":"US-ASCII", "memsize":40, "flags":{"wb_protected":true, "old":true, "long_lived":true, "marked":true}}
{"address":"0x7fcbb10e0c48", "type":"STRING", "class":"0x7fcbb10e0ef0", "frozen":true, "embedded":true, "fstring":true, "bytesize":7, "value":"setbyte", "encoding":"US-ASCII", "memsize":40, "flags":{"wb_protected":true, "old":true, "long_lived":true, "marked":true}}
{"address":"0x7fcbb10e0c70", "type":"STRING", "class":"0x7fcbb10e0ef0", "frozen":true, "embedded":true, "fstring":true, "bytesize":7, "value":"getbyte", "encoding":"US-ASCII", "memsize":40, "flags":{"wb_protected":true, "old":true, "long_lived":true, "marked":true}}
{"address":"0x7fcbb10e0c98", "type":"STRING", "class":"0x7fcbb10e0ef0", "frozen":true, "embedded":true, "fstring":true, "bytesize":3, "value":"chr", "encoding":"US-ASCII", "memsize":40, "flags":{"wb_protected":true, "old":true, "long_lived":true, "marked":true}}
{"address":"0x7fcbb10e0cc0", "type":"STRING", "class":"0x7fcbb10e0ef0", "frozen":true, "embedded":true, "fstring":true, "bytesize":5, "value":"clear", "encoding":"US-ASCII", "memsize":40, "flags":{"wb_protected":true, "old":true, "long_lived":true, "marked":true}}
{"address":"0x7fcbb10e0ce8", "type":"STRING", "class":"0x7fcbb10e0ef0", "frozen":true, "embedded":true, "fstring":true, "bytesize":7, "value":"replace", "encoding":"US-ASCII", "memsize":40, "flags":{"wb_protected":true, "old":true, "long_lived":true, "marked":true}}
{"address":"0x7fcbb10e0d10", "type":"STRING", "class":"0x7fcbb10e0ef0", "frozen":true, "embedded":true, "fstring":true, "bytesize":6, "value":"rindex", "encoding":"US-ASCII", "memsize":40, "flags":{"wb_protected":true, "old":true, "long_lived":true, "marked":true}}
{"address":"0x7fcbb10e0d38", "type":"STRING", "class":"0x7fcbb10e0ef0", "frozen":true, "embedded":true, "fstring":true, "bytesize":5, "value":"index", "encoding":"US-ASCII", "memsize":40, "flags":{"wb_protected":true, "old":true, "long_lived":true, "marked":true}}
{"address":"0x7fcbb10e0d60", "type":"STRING", "class":"0x7fcbb10e0ef0", "frozen":true, "embedded":true, "fstring":true, "bytesize":4, "value":"upto", "encoding":"US-ASCII", "memsize":40, "flags":{"wb_protected":true, "old":true, "long_lived":true, "marked":true}}
{"address":"0x7fcbb10e0d88", "type":"STRING", "class":"0x7fcbb10e0ef0", "frozen":true, "embedded":true, "fstring":true, "bytesize":5, "value":"next!", "encoding":"US-ASCII", "memsize":40, "flags":{"wb_protected":true, "old":true, "long_lived":true, "marked":true}}
{"address":"0x7fcbb10e0db0", "type":"STRING", "class":"0x7fcbb10e0ef0", "frozen":true, "embedded":true, "fstring":true, "bytesize":5, "value":"succ!", "encoding":"US-ASCII", "memsize":40, "flags":{"wb_protected":true, "old":true, "long_lived":true, "marked":true}}
{"address":"0x7fcbb10e0dd8", "type":"STRING", "class":"0x7fcbb10e0ef0", "frozen":true, "embedded":true, "fstring":true, "bytesize":5, "value":"match", "encoding":"US-ASCII", "memsize":40, "flags":{"wb_protected":true, "old":true, "long_lived":true, "marked":true}}
{"address":"0x7fcbb10e0e00", "type":"STRING", "class":"0x7fcbb10e0ef0", "frozen":true, "embedded":true, "fstring":true, "bytesize":8, "value":"bytesize", "encoding":"US-ASCII", "memsize":40, "flags":{"wb_protected":true, "old":true, "long_lived":true, "marked":true}}
{"address":"0x7fcbb10e0e28", "type":"STRING", "class":"0x7fcbb10e0ef0", "frozen":true, "embedded":true, "fstring":true, "bytesize":6, "value":"insert", "encoding":"US-ASCII", "memsize":40, "flags":{"wb_protected":true, "old":true, "long_lived":true, "marked":true}}
{"address":"0x7fcbb10e0e50", "type":"STRING", "class":"0x7fcbb10e0ef0", "frozen":true, "embedded":true, "fstring":true, "bytesize":7, "value":"casecmp", "encoding":"US-ASCII", "memsize":40, "flags":{"wb_protected":true, "old":true, "long_lived":true, "marked":true}}
{"address":"0x7fcbb10e0e78", "type":"STRING", "class":"0x7fcbb10e0ef0", "frozen":true, "embedded":true, "fstring":true, "bytesize":11, "value":"try_convert", "encoding":"US-ASCII", "memsize":40, "flags":{"wb_protected":true, "old":true, "long_lived":true, "marked":true}}
{"address":"0x7fcbb10e0ea0", "type":"ICLASS", "class":"0x7fcbb10e1710", "references":["0x7fcbb10e2c78"], "memsize":40, "flags":{"long_lived":true, "marked":true}}
{"address":"0x7fcbb10e0ec8", "type":"CLASS", "class":"0x7fcbb10e2430", "name":"Class", "references":["0x7fcbb10e0ec8", "0x7fcbb10e0ef0", "0x7fcbb10e23e0"], "memsize":712, "flags":{"wb_protected":true, "old":true, "long_lived":true, "marked":true}}
{"address":"0x7fcbb10e0ef0", "type":"CLASS", "class":"0x7fcbb10e0ec8", "name":"String", "references":["0x7fcbb10e0ef0", "0x7fcbb10e0ef0", "0x7fcbb10e0ef0", "0x7fcbb10e0ef0", "0x7fcbb10e0ef0", "0x7fcbb10e0ef0", "0x7fcbb10e0ef0", "0x7fcbb10e0ef0", "0x7fcbb10e0ef0", "0x7fcbb10e0ef0", "0x7fcbb10e0ef0", "0x7fcbb10e0ef0", "0x7fcbb10e0ef0", "0x7fcbb10e0ef0", "0x7fcbb10e0ef0", "0x7fcbb10e0ef0", "0x7fcbb10e0ef0", "0x7fcbb10e0ef0", "0x7fcbb10e0ef0", "0x7fcbb10e0ef0", "0x7fcbb10e0ef0", "0x7fcbb10e0ef0", "0x7fcbb10e0ef0", "0x7fcbb10e0ef0", "0x7fcbb10e0ef0", "0x7fcbb10e0ef0", "0x7fcbb10e0ef0", "0x7fcbb10e0ef0", "0x7fcbb10e0ef0", "0x7fcbb10e0ef0", "0x7fcbb10e0ef0", "0x7fcbb10e0ef0", "0x7fcbb10e0ef0", "0x7fcbb10e0ef0", "0x7fcbb10e0ef0", "0x7fcbb10e0ef0", "0x7fcbb10e0ef0", "0x7fcbb10e0ef0", "0x7fcbb10e0ef0", "0x7fcbb10e0ef0", "0x7fcbb10e0ef0", "0x7fcbb10e0ef0", "0x7fcbb10e0ef0", "0x7fcbb10e0ef0", "0x7fcbb10e0ef0", "0x7fcbb10e0ef0", "0x7fcbb10e0ef0", "0x7fcbb10e0ef0", "0x7fcbb10e0ef0", "0x7fcbb10e0ef0", "0x7fcbb10e0ef0", "0x7fcbb10e0ef0", "0x7fcbb10e0ef0", "0x7fcbb10e0ef0", "0x7fcbb10e0ef0", "0x7fcbb10e0ef0", "0x7fcbb10e0ef0", "0x7fcbb10e0ef0", "0x7fcbb10e0ef0", "0x7fcbb10e0ef0", "0x7fcbb10e0ef0", "0x7fcbb10e0ef0", "0x7fcbb10e0ef0", "0x7fcbb10e0ef0", "0x7fcbb10e0ef0", "0x7fcbb10e0ef0", "0x7fcbb10e0ef0", "0x7fcbb10e0ef0", "0x7fcbb10e0ef0", "0x7fcbb10e0ef0", "0x7fcbb10e0ef0", "0x7fcbb10e0ef0", "0x7fcbb10e0ef0", "0x7fcbb10e0ef0", "0x7fcbb10e0ef0", "0x7fcbb10e0ef0", "0x7fcbb10e0ef0", "0x7fcbb10e0ef0", "0x7fcbb10e0ef0", "0x7fcbb10e0ef0", "0x7fcbb10e0ef0", "0x7fcbb10e0ef0", "0x7fcbb10e0ef0", "0x7fcbb10e0ef0", "0x7fcbb10e0ef0", "0x7fcbb10e0ef0", "0x7fcbb10e0ef0", "0x7fcbb10e0ef0", "0x7fcbb10e0ef0", "0x7fcbb10e0ef0", "0x7fcbb10e0ef0", "0x7fcbb10e0ef0", "0x7fcbb10e0ef0", "0x7fcbb10e0ef0", "0x7fcbb10e0ef0", "0x7fcbb10e0ef0", "0x7fcbb10e0ef0", "0x7fcbb10e0ef0", "0x7fcbb10e0ef0", "0x7fcbb10e0ef0", "0x7fcbb10e0ef0", "0x7fcbb10e0ef0", "0x7fcbb10e0ef0", "0x7fcbb10e0ef0", "0x7fcbb10e0ef0", "0x7fcbb10e0ef0", "0x7fcbb10e0ef0", "0x7fcbb10e0ef0", "0x7fcbb10e0ef0", "0x7fcbb10e0ef0", "0x7fcbb10e0ef0", "0x7fcbb10e0ef0", "0x7fcbb10e0ef0", "0x7fcbb10e0ef0", "0x7fcbb10e0ef0", "0x7fcbb10e0ef0", "0x7fcbb10a9c98", "0x7fcbb10e0ef0", "0x7fcbb10a9b58", "0x7fcbb10e0ef0", "0x7fcbb10a9a68", "0x7fcbb10e2520", "0x7fcbb10e0ea0"], "memsize":6488, "flags":{"wb_protected":true, "old":true, "long_lived":true, "marked":true}}
{"address":"0x7fcbb10e0f18", "type":"STRING", "class":"0x7fcbb10e0ef0", "frozen":true, "embedded":true, "fstring":true, "bytesize":3, "value":"div", "encoding":"US-ASCII", "memsize":40, "flags":{"wb_protected":true, "old":true, "long_lived":true, "marked":true}}
{"address":"0x7fcbb10e0f40", "type":"STRING", "class":"0x7fcbb10e0ef0", "frozen":true, "embedded":true, "fstring":true, "bytesize":4, "value":"next", "encoding":"US-ASCII", "memsize":40, "flags":{"wb_protected":true, "old":true, "long_lived":true, "marked":true}}
{"address":"0x7fcbb10e0f68", "type":"STRING", "class":"0x7fcbb10e0ef0", "frozen":true, "embedded":true, "fstring":true, "bytesize":10, "value":"slice_when", "encoding":"US-ASCII", "memsize":40, "flags":{"wb_protected":true, "old":true, "long_lived":true, "marked":true}}
{"address":"0x7fcbb10e0f90", "type":"STRING", "class":"0x7fcbb10e0ef0", "frozen":true, "embedded":true, "fstring":true, "bytesize":11, "value":"slice_after", "encoding":"US-ASCII", "memsize":40, "flags":{"wb_protected":true, "old":true, "long_lived":true, "marked":true}}
{"address":"0x7fcbb10e0fb8", "type":"STRING", "class":"0x7fcbb10e0ef0", "frozen":true, "embedded":true, "fstring":true, "bytesize":12, "value":"slice_before", "encoding":"US-ASCII", "memsize":40, "flags":{"wb_protected":true, "old":true, "long_lived":true, "marked":true}}
{"address":"0x7fcbb10e0fe0", "type":"STRING", "class":"0x7fcbb10e0ef0", "frozen":true, "embedded":true, "fstring":true, "bytesize":5, "value":"chunk", "encoding":"US-ASCII", "memsize":40, "flags":{"wb_protected":true, "old":true, "long_lived":true, "marked":true}}
{"address":"0x7fcbb10e1008", "type":"STRING", "class":"0x7fcbb10e0ef0", "frozen":true, "embedded":true, "fstring":true, "bytesize":5, "value":"cycle", "encoding":"US-ASCII", "memsize":40, "flags":{"wb_protected":true, "old":true, "long_lived":true, "marked":true}}
{"address":"0x7fcbb10e1030", "type":"STRING", "class":"0x7fcbb10e0ef0", "frozen":true, "embedded":true, "fstring":true, "bytesize":10, "value":"drop_while", "encoding":"US-ASCII", "memsize":40, "flags":{"wb_protected":true, "old":true, "long_lived":true, "marked":true}}
{"address":"0x7fcbb10e1058", "type":"STRING", "class":"0x7fcbb10e0ef0", "frozen":true, "embedded":true, "fstring":true, "bytesize":4, "value":"drop", "encoding":"US-ASCII", "memsize":40, "flags":{"wb_protected":true, "old":true, "long_lived":true, "marked":true}}
{"address":"0x7fcbb10e1080", "type":"STRING", "class":"0x7fcbb10e0ef0", "frozen":true, "embedded":true, "fstring":true, "bytesize":10, "value":"take_while", "encoding":"US-ASCII", "memsize":40, "flags":{"wb_protected":true, "old":true, "long_lived":true, "marked":true}}
{"address":"0x7fcbb10e10a8", "type":"STRING", "class":"0x7fcbb10e0ef0", "frozen":true, "embedded":true, "fstring":true, "bytesize":4, "value":"take", "encoding":"US-ASCII", "memsize":40, "flags":{"wb_protected":true, "old":true, "long_lived":true, "marked":true}}
{"address":"0x7fcbb10e10d0", "type":"STRING", "class":"0x7fcbb10e0ef0", "frozen":true, "embedded":true, "fstring":true, "bytesize":3, "value":"zip", "encoding":"US-ASCII", "memsize":40, "flags":{"wb_protected":true, "old":true, "long_lived":true, "marked":true}}
{"address":"0x7fcbb10e10f8", "type":"STRING", "class":"0x7fcbb10e0ef0", "frozen":true, "embedded":true, "fstring":true, "bytesize":16, "value":"each_with_object", "encoding":"US-ASCII", "memsize":40, "flags":{"wb_protected":true, "old":true, "long_lived":true, "marked":true}}
{"address":"0x7fcbb10e1120", "type":"STRING", "class":"0x7fcbb10e0ef0", "frozen":true, "embedded":true, "fstring":true, "bytesize":9, "value":"each_cons", "encoding":"US-ASCII", "memsize":40, "flags":{"wb_protected":true, "old":true, "long_lived":true, "marked":true}}
{"address":"0x7fcbb10e1148", "type":"STRING", "class":"0x7fcbb10e0ef0", "frozen":true, "embedded":true, "fstring":true, "bytesize":10, "value":"each_slice", "encoding":"US-ASCII", "memsize":40, "flags":{"wb_protected":true, "old":true, "long_lived":true, "marked":true}}
{"address":"0x7fcbb10e1170", "type":"STRING", "class":"0x7fcbb10e0ef0", "frozen":true, "embedded":true, "fstring":true, "bytesize":10, "value":"each_entry", "encoding":"US-ASCII", "memsize":40, "flags":{"wb_protected":true, "old":true, "long_lived":true, "marked":true}}
{"address":"0x7fcbb10e1198", "type":"STRING", "class":"0x7fcbb10e0ef0", "frozen":true, "embedded":true, "fstring":true, "bytesize":12, "value":"reverse_each", "encoding":"US-ASCII", "memsize":40, "flags":{"wb_protected":true, "old":true, "long_lived":true, "marked":true}}
{"address":"0x7fcbb10e11c0", "type":"STRING", "class":"0x7fcbb10e0ef0", "frozen":true, "embedded":true, "fstring":true, "bytesize":15, "value":"each_with_index", "encoding":"US-ASCII", "memsize":40, "flags":{"wb_protected":true, "old":true, "long_lived":true, "marked":true}}
{"address":"0x7fcbb10e11e8", "type":"STRING", "class":"0x7fcbb10e0ef0", "frozen":true, "embedded":true, "fstring":true, "bytesize":7, "value":"member?", "encoding":"US-ASCII", "memsize":40, "flags":{"wb_protected":true, "old":true, "long_lived":true, "marked":true}}
{"address":"0x7fcbb10e1210", "type":"STRING", "class":"0x7fcbb10e0ef0", "frozen":true, "embedded":true, "fstring":true, "bytesize":9, "value":"minmax_by", "encoding":"US-ASCII", "memsize":40, "flags":{"wb_protected":true, "old":true, "long_lived":true, "marked":true}}
{"address":"0x7fcbb10e1238", "type":"STRING", "class":"0x7fcbb10e0ef0", "frozen":true, "embedded":true, "fstring":true, "bytesize":6, "value":"max_by", "encoding":"US-ASCII", "memsize":40, "flags":{"wb_protected":true, "old":true, "long_lived":true, "marked":true}}
{"address":"0x7fcbb10e1260", "type":"STRING", "class":"0x7fcbb10e0ef0", "frozen":true, "embedded":true, "fstring":true, "bytesize":6, "value":"min_by", "encoding":"US-ASCII", "memsize":40, "flags":{"wb_protected":true, "old":true, "long_lived":true, "marked":true}}
{"address":"0x7fcbb10e1288", "type":"STRING", "class":"0x7fcbb10e0ef0", "frozen":true, "embedded":true, "fstring":true, "bytesize":6, "value":"minmax", "encoding":"US-ASCII", "memsize":40, "flags":{"wb_protected":true, "old":true, "long_lived":true, "marked":true}}
{"address":"0x7fcbb10e12b0", "type":"STRING", "class":"0x7fcbb10e0ef0", "frozen":true, "embedded":true, "fstring":true, "bytesize":3, "value":"max", "encoding":"US-ASCII", "memsize":40, "flags":{"wb_protected":true, "old":true, "long_lived":true, "marked":true}}
{"address":"0x7fcbb10e12d8", "type":"STRING", "class":"0x7fcbb10e0ef0", "frozen":true, "embedded":true, "fstring":true, "bytesize":3, "value":"min", "encoding":"US-ASCII", "memsize":40, "flags":{"wb_protected":true, "old":true, "long_lived":true, "marked":true}}
{"address":"0x7fcbb10e1300", "type":"STRING", "class":"0x7fcbb10e0ef0", "frozen":true, "embedded":true, "fstring":true, "bytesize":5, "value":"none?", "encoding":"US-ASCII", "memsize":40, "flags":{"wb_protected":true, "old":true, "long_lived":true, "marked":true}}
{"address":"0x7fcbb10e1328", "type":"STRING", "class":"0x7fcbb10e0ef0", "frozen":true, "embedded":true, "fstring":true, "bytesize":4, "value":"one?", "encoding":"US-ASCII", "memsize":40, "flags":{"wb_protected":true, "old":true, "long_lived":true, "marked":true}}
{"address":"0x7fcbb10e1350", "type":"STRING", "class":"0x7fcbb10e0ef0", "frozen":true, "embedded":true, "fstring":true, "bytesize":4, "value":"any?", "encoding":"US-ASCII", "memsize":40, "flags":{"wb_protected":true, "old":true, "long_lived":true, "marked":true}}
{"address":"0x7fcbb10e1378", "type":"STRING", "class":"0x7fcbb10e0ef0", "frozen":true, "embedded":true, "fstring":true, "bytesize":4, "value":"all?", "encoding":"US-ASCII", "memsize":40, "flags":{"wb_protected":true, "old":true, "long_lived":true, "marked":true}}
{"address":"0x7fcbb10e13a0", "type":"STRING", "class":"0x7fcbb10e0ef0", "frozen":true, "embedded":true, "fstring":true, "bytesize":5, "value":"first", "encoding":"US-ASCII", "memsize":40, "flags":{"wb_protected":true, "old":true, "long_lived":true, "marked":true}}
{"address":"0x7fcbb10e13c8", "type":"STRING", "class":"0x7fcbb10e0ef0", "frozen":true, "embedded":true, "fstring":true, "bytesize":8, "value":"group_by", "encoding":"US-ASCII", "memsize":40, "flags":{"wb_protected":true, "old":true, "long_lived":true, "marked":true}}
{"address":"0x7fcbb10e13f0", "type":"STRING", "class":"0x7fcbb10e0ef0", "frozen":true, "embedded":true, "fstring":true, "bytesize":9, "value":"partition", "encoding":"US-ASCII", "memsize":40, "flags":{"wb_protected":true, "old":true, "long_lived":true, "marked":true}}
{"address":"0x7fcbb10e1418", "type":"STRING", "class":"0x7fcbb10e0ef0", "frozen":true, "embedded":true, "fstring":true, "bytesize":6, "value":"reduce", "encoding":"US-ASCII", "memsize":40, "flags":{"wb_protected":true, "old":true, "long_lived":true, "marked":true}}
{"address":"0x7fcbb10e1440", "type":"STRING", "class":"0x7fcbb10e0ef0", "frozen":true, "embedded":true, "fstring":true, "bytesize":6, "value":"inject", "encoding":"US-ASCII", "memsize":40, "flags":{"wb_protected":true, "old":true, "long_lived":true, "marked":true}}
{"address":"0x7fcbb10e1468", "type":"STRING", "class":"0x7fcbb10e0ef0", "frozen":true, "embedded":true, "fstring":true, "bytesize":14, "value":"collect_concat", "encoding":"US-ASCII", "memsize":40, "flags":{"wb_protected":true, "old":true, "long_lived":true, "marked":true}}
{"address":"0x7fcbb10e1490", "type":"STRING", "class":"0x7fcbb10e0ef0", "frozen":true, "embedded":true, "fstring":true, "bytesize":8, "value":"flat_map", "encoding":"US-ASCII", "memsize":40, "flags":{"wb_protected":true, "old":true, "long_lived":true, "marked":true}}
{"address":"0x7fcbb10e14b8", "type":"STRING", "class":"0x7fcbb10e0ef0", "frozen":true, "embedded":true, "fstring":true, "bytesize":3, "value":"map", "encoding":"US-ASCII", "memsize":40, "flags":{"wb_protected":true, "old":true, "long_lived":true, "marked":true}}
{"address":"0x7fcbb10e14e0", "type":"STRING", "class":"0x7fcbb10e0ef0", "frozen":true, "embedded":true, "fstring":true, "bytesize":7, "value":"collect", "encoding":"US-ASCII", "memsize":40, "flags":{"wb_protected":true, "old":true, "long_lived":true, "marked":true}}
{"address":"0x7fcbb10e1508", "type":"STRING", "class":"0x7fcbb10e0ef0", "frozen":true, "embedded":true, "fstring":true, "bytesize":6, "value":"reject", "encoding":"US-ASCII", "memsize":40, "flags":{"wb_protected":true, "old":true, "long_lived":true, "marked":true}}
{"address":"0x7fcbb10e1530", "type":"STRING", "class":"0x7fcbb10e0ef0", "frozen":true, "embedded":true, "fstring":true, "bytesize":6, "value":"select", "encoding":"US-ASCII", "memsize":40, "flags":{"wb_protected":true, "old":true, "long_lived":true, "marked":true}}
{"address":"0x7fcbb10e1558", "type":"STRING", "class":"0x7fcbb10e0ef0", "frozen":true, "embedded":true, "fstring":true, "bytesize":8, "value":"find_all", "encoding":"US-ASCII", "memsize":40, "flags":{"wb_protected":true, "old":true, "long_lived":true, "marked":true}}
{"address":"0x7fcbb10e1580", "type":"STRING", "class":"0x7fcbb10e0ef0", "frozen":true, "embedded":true, "fstring":true, "bytesize":10, "value":"find_index", "encoding":"US-ASCII", "memsize":40, "flags":{"wb_protected":true, "old":true, "long_lived":true, "marked":true}}
{"address":"0x7fcbb10e15a8", "type":"STRING", "class":"0x7fcbb10e0ef0", "frozen":true, "embedded":true, "fstring":true, "bytesize":6, "value":"detect", "encoding":"US-ASCII", "memsize":40, "flags":{"wb_protected":true, "old":true, "long_lived":true, "marked":true}}
{"address":"0x7fcbb10e15d0", "type":"STRING", "class":"0x7fcbb10e0ef0", "frozen":true, "embedded":true, "fstring":true, "bytesize":5, "value":"count", "encoding":"US-ASCII", "memsize":40, "flags":{"wb_protected":true, "old":true, "long_lived":true, "marked":true}}
{"address":"0x7fcbb10e15f8", "type":"STRING", "class":"0x7fcbb10e0ef0", "frozen":true, "embedded":true, "fstring":true, "bytesize":4, "value":"grep", "encoding":"US-ASCII", "memsize":40, "flags":{"wb_protected":true, "old":true, "long_lived":true, "marked":true}}
{"address":"0x7fcbb10e1620", "type":"STRING", "class":"0x7fcbb10e0ef0", "frozen":true, "embedded":true, "fstring":true, "bytesize":7, "value":"sort_by", "encoding":"US-ASCII", "memsize":40, "flags":{"wb_protected":true, "old":true, "long_lived":true, "marked":true}}
{"address":"0x7fcbb10e1648", "type":"STRING", "class":"0x7fcbb10e0ef0", "frozen":true, "embedded":true, "fstring":true, "bytesize":4, "value":"sort", "encoding":"US-ASCII", "memsize":40, "flags":{"wb_protected":true, "old":true, "long_lived":true, "marked":true}}
{"address":"0x7fcbb10e1670", "type":"STRING", "class":"0x7fcbb10e0ef0", "frozen":true, "embedded":true, "fstring":true, "bytesize":7, "value":"entries", "encoding":"US-ASCII", "memsize":40, "flags":{"wb_protected":true, "old":true, "long_lived":true, "marked":true}}
{"address":"0x7fcbb10e1698", "type":"MODULE", "class":"0x7fcbb10e2c28", "name":"Enumerable", "references":["0x7fcbb10e1698", "0x7fcbb10e1698", "0x7fcbb10e1698", "0x7fcbb10e1698", "0x7fcbb10e1698", "0x7fcbb10e1698", "0x7fcbb10e1698", "0x7fcbb10e1698", "0x7fcbb10e1698", "0x7fcbb10e1698", "0x7fcbb10e1698", "0x7fcbb10e1698", "0x7fcbb10e1698", "0x7fcbb10e1698", "0x7fcbb10e1698", "0x7fcbb10e1698", "0x7fcbb10e1698", "0x7fcbb10e1698", "0x7fcbb10e1698", "0x7fcbb10e1698", "0x7fcbb10e1698", "0x7fcbb10e1698", "0x7fcbb10e1698", "0x7fcbb10e1698", "0x7fcbb10e1698", "0x7fcbb10e1698", "0x7fcbb10e1698", "0x7fcbb10e1698", "0x7fcbb10e1698", "0x7fcbb10e1698", "0x7fcbb10e1698", "0x7fcbb10e1698", "0x7fcbb10e1698", "0x7fcbb10e1698", "0x7fcbb10e1698", "0x7fcbb10e1698", "0x7fcbb10e1698", "0x7fcbb10e1698", "0x7fcbb10e1698", "0x7fcbb10e1698", "0x7fcbb10e1698", "0x7fcbb10e1698", "0x7fcbb10e1698", "0x7fcbb10e1698", "0x7fcbb10e1698", "0x7fcbb10e1698", "0x7fcbb10e1698", "0x7fcbb10e1698", "0x7fcbb10e1698", "0x7fcbb10e1698", "0x7fcbb10e1698", "0x7fcbb10e16c0"], "memsize":3336, "flags":{"long_lived":true, "marked":true}}
{"address":"0x7fcbb10e16c0", "type":"STRING", "class":"0x7fcbb10e0ef0", "frozen":true, "embedded":true, "fstring":true, "bytesize":10, "value":"Enumerable", "encoding":"US-ASCII", "memsize":40, "flags":{"wb_protected":true, "old":true, "long_lived":true, "marked":true}}
{"address":"0x7fcbb10e16e8", "type":"STRING", "class":"0x7fcbb10e0ef0", "frozen":true, "embedded":true, "fstring":true, "bytesize":8, "value":"between?", "encoding":"US-ASCII", "memsize":40, "flags":{"wb_protected":true, "old":true, "long_lived":true, "marked":true}}
{"address":"0x7fcbb10e1710", "type":"MODULE", "class":"0x7fcbb10e2c28", "name":"Comparable", "references":["0x7fcbb10e1710", "0x7fcbb10e1710", "0x7fcbb10e1710", "0x7fcbb10e1710", "0x7fcbb10e1710", "0x7fcbb10e1710", "0x7fcbb10e1738"], "memsize":904, "flags":{"long_lived":true, "marked":true}}
{"address":"0x7fcbb10e1738", "type":"STRING", "class":"0x7fcbb10e0ef0", "frozen":true, "embedded":true, "fstring":true, "bytesize":10, "value":"Comparable", "encoding":"US-ASCII", "memsize":40, "flags":{"wb_protected":true, "old":true, "long_lived":true, "marked":true}}
{"address":"0x7fcbb10e1760", "type":"DATA", "class":"0x7fcbb10e1c10", "struct":"encoding", "memsize":40, "flags":{"long_lived":true, "marked":true}}
{"address":"0x7fcbb10e1788", "type":"DATA", "class":"0x7fcbb10e1c10", "struct":"encoding", "memsize":40, "flags":{"long_lived":true, "marked":true}}
{"address":"0x7fcbb10e17b0", "type":"DATA", "class":"0x7fcbb10e1c10", "struct":"encoding", "memsize":40, "flags":{"long_lived":true, "marked":true}}
{"address":"0x7fcbb10e17d8", "type":"DATA", "class":"0x7fcbb10e1c10", "struct":"encoding", "memsize":40, "flags":{"long_lived":true, "marked":true}}
{"address":"0x7fcbb10e1800", "type":"DATA", "class":"0x7fcbb10e1c10", "struct":"encoding", "memsize":40, "flags":{"long_lived":true, "marked":true}}
{"address":"0x7fcbb10e1828", "type":"DATA", "class":"0x7fcbb10e1c10", "struct":"encoding", "memsize":40, "flags":{"long_lived":true, "marked":true}}
{"address":"0x7fcbb10e1850", "type":"DATA", "class":"0x7fcbb10e1c10", "struct":"encoding", "memsize":40, "flags":{"long_lived":true, "marked":true}}
{"address":"0x7fcbb10e1878", "type":"DATA", "class":"0x7fcbb10e1c10", "struct":"encoding", "memsize":40, "flags":{"long_lived":true, "marked":true}}
{"address":"0x7fcbb10e18a0", "type":"DATA", "class":"0x7fcbb10e1c10", "struct":"encoding", "memsize":40, "flags":{"long_lived":true, "marked":true}}
{"address":"0x7fcbb10e18c8", "type":"DATA", "class":"0x7fcbb10e1c10", "struct":"encoding", "memsize":40, "flags":{"long_lived":true, "marked":true}}
{"address":"0x7fcbb10e18f0", "type":"DATA", "class":"0x7fcbb10e1c10", "struct":"encoding", "memsize":40, "flags":{"long_lived":true, "marked":true}}
{"address":"0x7fcbb10e1918", "type":"DATA", "class":"0x7fcbb10e1c10", "struct":"encoding", "memsize":40, "flags":{"long_lived":true, "marked":true}}
{"address":"0x7fcbb10e1940", "type":"ARRAY", "length":100, "references":["0x7fcbb10e1918", "0x7fcbb10e18f0", "0x7fcbb10e18c8", "0x7fcbb10e18a0", "0x7fcbb10e1878", "0x7fcbb10e1850", "0x7fcbb10e1828", "0x7fcbb10e1800", "0x7fcbb10e17d8", "0x7fcbb10e17b0", "0x7fcbb10e1788", "0x7fcbb10e1760", "0x7fcbb10b8860", "0x7fcbb10b87e8", "0x7fcbb10b8770", "0x7fcbb10b86f8", "0x7fcbb10b86a8", "0x7fcbb10b8608", "0x7fcbb10b85b8", "0x7fcbb10b8568", "0x7fcbb10b8518", "0x7fcbb10b84c8", "0x7fcbb10b8478", "0x7fcbb10b8428", "0x7fcbb10b83d8", "0x7fcbb10b8388", "0x7fcbb10b8338", "0x7fcbb10b82e8", "0x7fcbb10b8298", "0x7fcbb10b8248", "0x7fcbb10b81f8", "0x7fcbb10b81a8", "0x7fcbb10b8158", "0x7fcbb10b8108", "0x7fcbb10b80b8", "0x7fcbb10b8068", "0x7fcbb10b8018", "0x7fcbb10b3f68", "0x7fcbb10b3f18", "0x7fcbb10b3ec8", "0x7fcbb10b3d60", "0x7fcbb10b3ce8", "0x7fcbb10b3c70", "0x7fcbb10b3bf8", "0x7fcbb10b3b80", "0x7fcbb10b3b08", "0x7fcbb10b3ab8", "0x7fcbb10b3a68", "0x7fcbb10b3a18", "0x7fcbb10b39c8", "0x7fcbb10b3950", "0x7fcbb10b38d8", "0x7fcbb10b3860", "0x7fcbb10b37e8", "0x7fcbb10b3770", "0x7fcbb10b36f8", "0x7fcbb10b3680", "0x7fcbb10b3608", "0x7fcbb10b3590", "0x7fcbb10b34f0", "0x7fcbb10b34a0", "0x7fcbb10b3428", "0x7fcbb10b33b0", "0x7fcbb10b3338", "0x7fcbb10b32c0", "0x7fcbb10b3248", "0x7fcbb10b31d0", "0x7fcbb10b3158", "0x7fcbb10b30e0", "0x7fcbb10b3068", "0x7fcbb10b2ff0", "0x7fcbb10b2f50", "0x7fcbb10b2f00", "0x7fcbb10b2e38", "0x7fcbb10b2d98", "0x7fcbb10b2d48", "0x7fcbb10b2bb8", "0x7fcbb10b2b40", "0x7fcbb10b2ac8", "0x7fcbb10b2a50", "0x7fcbb10b2a00", "0x7fcbb10b2988", "0x7fcbb10b28c0", "0x7fcbb10b2780", "0x7fcbb10b26b8", "0x7fcbb10b25f0", "0x7fcbb10b2528", "0x7fcbb10b2438", "0x7fcbb10b23e8", "0x7fcbb10b2320", "0x7fcbb10b21e0", "0x7fcbb10b20c8", "0x7fcbb10b1df8", "0x7fcbb10b1d80", "0x7fcbb10b1d08", "0x7fcbb10b1cb8", "0x7fcbb10b1c68", "0x7fcbb10b1c18", "0x7fcbb10b1ba0", "0x7fcbb10b1b28"], "memsize":1224, "flags":{"wb_protected":true, "old":true, "long_lived":true, "marked":true}}
{"address":"0x7fcbb10e1968", "type":"STRING", "class":"0x7fcbb10e0ef0", "frozen":true, "embedded":true, "fstring":true, "bytesize":14, "value":"locale_charmap", "encoding":"US-ASCII", "memsize":40, "flags":{"wb_protected":true, "old":true, "long_lived":true, "marked":true}}
{"address":"0x7fcbb10e1990", "type":"STRING", "class":"0x7fcbb10e0ef0", "frozen":true, "embedded":true, "fstring":true, "bytesize":17, "value":"default_internal=", "encoding":"US-ASCII", "memsize":40, "flags":{"wb_protected":true, "old":true, "long_lived":true, "marked":true}}
{"address":"0x7fcbb10e19b8", "type":"STRING", "class":"0x7fcbb10e0ef0", "frozen":true, "embedded":true, "fstring":true, "bytesize":16, "value":"default_internal", "encoding":"US-ASCII", "memsize":40, "flags":{"wb_protected":true, "old":true, "long_lived":true, "marked":true}}
{"address":"0x7fcbb10e19e0", "type":"STRING", "class":"0x7fcbb10e0ef0", "frozen":true, "embedded":true, "fstring":true, "bytesize":17, "value":"default_external=", "encoding":"US-ASCII", "memsize":40, "flags":{"wb_protected":true, "old":true, "long_lived":true, "marked":true}}
{"address":"0x7fcbb10e1a08", "type":"STRING", "class":"0x7fcbb10e0ef0", "frozen":true, "embedded":true, "fstring":true, "bytesize":16, "value":"default_external", "encoding":"US-ASCII", "memsize":40, "flags":{"wb_protected":true, "old":true, "long_lived":true, "marked":true}}
{"address":"0x7fcbb10e1a30", "type":"STRING", "class":"0x7fcbb10e0ef0", "frozen":true, "embedded":true, "fstring":true, "bytesize":5, "value":"_load", "encoding":"US-ASCII", "memsize":40, "flags":{"wb_protected":true, "old":true, "long_lived":true, "marked":true}}
{"address":"0x7fcbb10e1a58", "type":"STRING", "class":"0x7fcbb10e0ef0", "frozen":true, "embedded":true, "fstring":true, "bytesize":5, "value":"_dump", "encoding":"US-ASCII", "memsize":40, "flags":{"wb_protected":true, "old":true, "long_lived":true, "marked":true}}
{"address":"0x7fcbb10e1a80", "type":"STRING", "class":"0x7fcbb10e0ef0", "frozen":true, "embedded":true, "fstring":true, "bytesize":11, "value":"compatible?", "encoding":"US-ASCII", "memsize":40, "flags":{"wb_protected":true, "old":true, "long_lived":true, "marked":true}}
{"address":"0x7fcbb10e1aa8", "type":"STRING", "class":"0x7fcbb10e0ef0", "frozen":true, "embedded":true, "fstring":true, "bytesize":4, "value":"find", "encoding":"US-ASCII", "memsize":40, "flags":{"wb_protected":true, "old":true, "long_lived":true, "marked":true}}
{"address":"0x7fcbb10e1ad0", "type":"STRING", "class":"0x7fcbb10e0ef0", "frozen":true, "embedded":true, "fstring":true, "bytesize":7, "value":"aliases", "encoding":"US-ASCII", "memsize":40, "flags":{"wb_protected":true, "old":true, "long_lived":true, "marked":true}}
{"address":"0x7fcbb10e1af8", "type":"STRING", "class":"0x7fcbb10e0ef0", "frozen":true, "embedded":true, "fstring":true, "bytesize":9, "value":"name_list", "encoding":"US-ASCII", "memsize":40, "flags":{"wb_protected":true, "old":true, "long_lived":true, "marked":true}}
{"address":"0x7fcbb10e1b20", "type":"STRING", "class":"0x7fcbb10e0ef0", "frozen":true, "embedded":true, "fstring":true, "bytesize":4, "value":"list", "encoding":"US-ASCII", "memsize":40, "flags":{"wb_protected":true, "old":true, "long_lived":true, "marked":true}}
{"address":"0x7fcbb10e1b48", "type":"STRING", "class":"0x7fcbb10e0ef0", "frozen":true, "embedded":true, "fstring":true, "bytesize":9, "value":"replicate", "encoding":"US-ASCII", "memsize":40, "flags":{"wb_protected":true, "old":true, "long_lived":true, "marked":true}}
{"address":"0x7fcbb10e1b70", "type":"STRING", "class":"0x7fcbb10e0ef0", "frozen":true, "embedded":true, "fstring":true, "bytesize":17, "value":"ascii_compatible?", "encoding":"US-ASCII", "memsize":40, "flags":{"wb_protected":true, "old":true, "long_lived":true, "marked":true}}
{"address":"0x7fcbb10e1b98", "type":"STRING", "class":"0x7fcbb10e0ef0", "frozen":true, "embedded":true, "fstring":true, "bytesize":6, "value":"dummy?", "encoding":"US-ASCII", "memsize":40, "flags":{"wb_protected":true, "old":true, "long_lived":true, "marked":true}}
{"address":"0x7fcbb10e1bc0", "type":"STRING", "class":"0x7fcbb10e0ef0", "frozen":true, "embedded":true, "fstring":true, "bytesize":5, "value":"names", "encoding":"US-ASCII", "memsize":40, "flags":{"wb_protected":true, "old":true, "long_lived":true, "marked":true}}
{"address":"0x7fcbb10e1be8", "type":"CLASS", "class":"0x7fcbb10e2430", "name":"Class", "references":["0x7fcbb10e1be8", "0x7fcbb10e1be8", "0x7fcbb10e1be8", "0x7fcbb10e1be8", "0x7fcbb10e1be8", "0x7fcbb10e1be8", "0x7fcbb10e1be8", "0x7fcbb10e1be8", "0x7fcbb10e1be8", "0x7fcbb10e1be8", "0x7fcbb10e1be8", "0x7fcbb10e1be8", "0x7fcbb10e1c10", "0x7fcbb10e23e0"], "memsize":1272, "flags":{"wb_protected":true, "old":true, "long_lived":true, "marked":true}}
{"address":"0x7fcbb10e1c10", "type":"CLASS", "class":"0x7fcbb10e1be8", "name":"Encoding", "references":["0x7fcbb10e1c10", "0x7fcbb10e1c10", "0x7fcbb10e1c10", "0x7fcbb10e1c10", "0x7fcbb10e1c10", "0x7fcbb10e1c10", "0x7fcbb10e1c10", "0x7fcbb10e1c10", "0x7fcbb10e1c38", "0x7fcbb10db400", "0x7fcbb10d0320", "0x7fcbb10d0280", "0x7fcbb10d01e0", "0x7fcbb10d00f0", "0x7fcbb10e1918", "0x7fcbb10b8a68", "0x7fcbb10e18f0", "0x7fcbb10b8a68", "0x7fcbb10e18c8", "0x7fcbb10b8a68", "0x7fcbb10b8860", "0x7fcbb10b8a68", "0x7fcbb10b8860", "0x7fcbb10b8a68", "0x7fcbb10b87e8", "0x7fcbb10b8a68", "0x7fcbb10b87e8", "0x7fcbb10b8a68", "0x7fcbb10b8770", "0x7fcbb10b8a68", "0x7fcbb10b8770", "0x7fcbb10b8a68", "0x7fcbb10b86f8", "0x7fcbb10b8a68", "0x7fcbb10b86a8", "0x7fcbb10b8a68", "0x7fcbb10b86a8", "0x7fcbb10b8a68", "0x7fcbb10e1788", "0x7fcbb10b8a68", "0x7fcbb10b8608", "0x7fcbb10b8a68", "0x7fcbb10b85b8", "0x7fcbb10b8a68", "0x7fcbb10b8568", "0x7fcbb10b8a68", "0x7fcbb10b8518", "0x7fcbb10b8a68", "0x7fcbb10b84c8", "0x7fcbb10b8a68", "0x7fcbb10b8478", "0x7fcbb10b8a68", "0x7fcbb10b8428", "0x7fcbb10b8a68", "0x7fcbb10b83d8", "0x7fcbb10b8a68", "0x7fcbb10b8388", "0x7fcbb10b8a68", "0x7fcbb10b8338", "0x7fcbb10b8a68", "0x7fcbb10b82e8", "0x7fcbb10b8a68", "0x7fcbb10b8298", "0x7fcbb10b8a68", "0x7fcbb10b8248", "0x7fcbb10b8a68", "0x7fcbb10b81f8", "0x7fcbb10b8a68", "0x7fcbb10b81a8", "0x7fcbb10b8a68", "0x7fcbb10b8158", "0x7fcbb10b8a68", "0x7fcbb10b8108", "0x7fcbb10b8a68", "0x7fcbb10b80b8", "0x7fcbb10b8a68", "0x7fcbb10b8068", "0x7fcbb10b8a68", "0x7fcbb10b8018", "0x7fcbb10b8a68", "0x7fcbb10b3f68", "0x7fcbb10b8a68", "0x7fcbb10b3f18", "0x7fcbb10b8a68", "0x7fcbb10b3ec8", "0x7fcbb10b8a68", "0x7fcbb10b3ec8", "0x7fcbb10b8a68", "0x7fcbb10e18a0", "0x7fcbb10b8a68", "0x7fcbb10e1878", "0x7fcbb10b8a68", "0x7fcbb10e1850", "0x7fcbb10b8a68", "0x7fcbb10e1828", "0x7fcbb10b8a68", "0x7fcbb10e1760", "0x7fcbb10b8a68", "0x7fcbb10e1760", "0x7fcbb10b8a68", "0x7fcbb10b3d60", "0x7fcbb10b8a68", "0x7fcbb10b3d60", "0x7fcbb10b8a68", "0x7fcbb10e1918", "0x7fcbb10b8a68", "0x7fcbb10b3ce8", "0x7fcbb10b8a68", "0x7fcbb10b3ce8", "0x7fcbb10b8a68", "0x7fcbb10b3c70", "0x7fcbb10b8a68", "0x7fcbb10b3c70", "0x7fcbb10b8a68", "0x7fcbb10b3bf8", "0x7fcbb10b8a68", "0x7fcbb10b3bf8", "0x7fcbb10b8a68", "0x7fcbb10b3b80", "0x7fcbb10b8a68", "0x7fcbb10b3b80", "0x7fcbb10b8a68", "0x7fcbb10b3b08", "0x7fcbb10b8a68", "0x7fcbb10b3ab8", "0x7fcbb10b8a68", "0x7fcbb10b3a68", "0x7fcbb10b8a68", "0x7fcbb10b3a18", "0x7fcbb10b8a68", "0x7fcbb10b39c8", "0x7fcbb10b8a68", "0x7fcbb10b39c8", "0x7fcbb10b8a68", "0x7fcbb10b3950", "0x7fcbb10b8a68", "0x7fcbb10b3950", "0x7fcbb10b8a68", "0x7fcbb10b38d8", "0x7fcbb10b8a68", "0x7fcbb10b38d8", "0x7fcbb10b8a68", "0x7fcbb10b3860", "0x7fcbb10b8a68", "0x7fcbb10b3860", "0x7fcbb10b8a68", "0x7fcbb10b37e8", "0x7fcbb10b8a68", "0x7fcbb10b37e8", "0x7fcbb10b8a68", "0x7fcbb10b3770", "0x7fcbb10b8a68", "0x7fcbb10b3770", "0x7fcbb10b8a68", "0x7fcbb10b36f8", "0x7fcbb10b8a68", "0x7fcbb10b36f8", "0x7fcbb10b8a68", "0x7fcbb10b3680", "0x7fcbb10b8a68", "0x7fcbb10b3680", "0x7fcbb10b8a68", "0x7fcbb10b3608", "0x7fcbb10b8a68", "0x7fcbb10b3608", "0x7fcbb10b8a68", "0x7fcbb10b3590", "0x7fcbb10b8a68", "0x7fcbb10b3590", "0x7fcbb10b8a68", "0x7fcbb10b3590", "0x7fcbb10b8a68", "0x7fcbb10b34f0", "0x7fcbb10b8a68", "0x7fcbb10b34a0", "0x7fcbb10b8a68", "0x7fcbb10b34a0", "0x7fcbb10b8a68", "0x7fcbb10b3428", "0x7fcbb10b8a68", "0x7fcbb10b3428", "0x7fcbb10b8a68", "0x7fcbb10b33b0", "0x7fcbb10b8a68", "0x7fcbb10b33b0", "0x7fcbb10b8a68", "0x7fcbb10b3338", "0x7fcbb10b8a68", "0x7fcbb10b3338", "0x7fcbb10b8a68", "0x7fcbb10b32c0", "0x7fcbb10b8a68", "0x7fcbb10b32c0", "0x7fcbb10b8a68", "0x7fcbb10b3248", "0x7fcbb10b8a68", "0x7fcbb10b3248", "0x7fcbb10b8a68", "0x7fcbb10b31d0", "0x7fcbb10b8a68", "0x7fcbb10b31d0", "0x7fcbb10b8a68", "0x7fcbb10b3158", "0x7fcbb10b8a68", "0x7fcbb10b3158", "0x7fcbb10b8a68", "0x7fcbb10b30e0", "0x7fcbb10b8a68", "0x7fcbb10b30e0", "0x7fcbb10b8a68", "0x7fcbb10b3068", "0x7fcbb10b8a68", "0x7fcbb10b3068", "0x7fcbb10b8a68", "0x7fcbb10b2ff0", "0x7fcbb10b8a68", "0x7fcbb10b87e8", "0x7fcbb10b8a68", "0x7fcbb10b87e8", "0x7fcbb10b8a68", "0x7fcbb10b2f50", "0x7fcbb10b8a68", "0x7fcbb10b2f00", "0x7fcbb10b8a68", "0x7fcbb10b2f00", "0x7fcbb10b8a68", "0x7fcbb10e1788", "0x7fcbb10b8a68", "0x7fcbb10e1788", "0x7fcbb10b8a68", "0x7fcbb10b2e38", "0x7fcbb10b8a68", "0x7fcbb10b2e38", "0x7fcbb10b8a68", "0x7fcbb10b2e38", "0x7fcbb10b8a68", "0x7fcbb10b2d98", "0x7fcbb10b8a68", "0x7fcbb10b2d48", "0x7fcbb10b8a68", "0x7fcbb10b2d48", "0x7fcbb10b8a68", "0x7fcbb10b8608", "0x7fcbb10b8a68", "0x7fcbb10b8608", "0x7fcbb10b8a68", "0x7fcbb10b85b8", "0x7fcbb10b8a68", "0x7fcbb10b85b8", "0x7fcbb10b8a68", "0x7fcbb10b8568", "0x7fcbb10b8a68", "0x7fcbb10b8568", "0x7fcbb10b8a68", "0x7fcbb10b8568", "0x7fcbb10b8a68", "0x7fcbb10b2bb8", "0x7fcbb10b8a68", "0x7fcbb10b84c8", "0x7fcbb10b8a68", "0x7fcbb10b2b40", "0x7fcbb10b8a68", "0x7fcbb10b2b40", "0x7fcbb10b8a68", "0x7fcbb10b2ac8", "0x7fcbb10b8a68", "0x7fcbb10b2ac8", "0x7fcbb10b8a68", "0x7fcbb10b2a50", "0x7fcbb10b8a68", "0x7fcbb10b2a00", "0x7fcbb10b8a68", "0x7fcbb10b8478", "0x7fcbb10b8a68", "0x7fcbb10b2988", "0x7fcbb10b8a68", "0x7fcbb10b2988", "0x7fcbb10b8a68", "0x7fcbb10b2988", "0x7fcbb10b8a68", "0x7fcbb10b8428", "0x7fcbb10b8a68", "0x7fcbb10b28c0", "0x7fcbb10b8a68", "0x7fcbb10b28c0", "0x7fcbb10b8a68", "0x7fcbb10b28c0", "0x7fcbb10b8a68", "0x7fcbb10b83d8", "0x7fcbb10b8a68", "0x7fcbb10b8388", "0x7fcbb10b8a68", "0x7fcbb10b8338", "0x7fcbb10b8a68", "0x7fcbb10b82e8", "0x7fcbb10b8a68", "0x7fcbb10b2780", "0x7fcbb10b8a68", "0x7fcbb10b2780", "0x7fcbb10b8a68", "0x7fcbb10b2780", "0x7fcbb10b8a68", "0x7fcbb10b8298", "0x7fcbb10b8a68", "0x7fcbb10b26b8", "0x7fcbb10b8a68", "0x7fcbb10b26b8", "0x7fcbb10b8a68", "0x7fcbb10b26b8", "0x7fcbb10b8a68", "0x7fcbb10b8248", "0x7fcbb10b8a68", "0x7fcbb10b25f0", "0x7fcbb10b8a68", "0x7fcbb10b25f0", "0x7fcbb10b8a68", "0x7fcbb10b25f0", "0x7fcbb10b8a68", "0x7fcbb10b81f8", "0x7fcbb10b8a68", "0x7fcbb10b2528", "0x7fcbb10b8a68", "0x7fcbb10b2528", "0x7fcbb10b8a68", "0x7fcbb10b2528", "0x7fcbb10b8a68", "0x7fcbb10b81a8", "0x7fcbb10b8a68", "0x7fcbb10b8158", "0x7fcbb10b8a68", "0x7fcbb10b2438", "0x7fcbb10b8a68", "0x7fcbb10b23e8", "0x7fcbb10b8a68", "0x7fcbb10b23e8", "0x7fcbb10b8a68", "0x7fcbb10b23e8", "0x7fcbb10b8a68", "0x7fcbb10b8108", "0x7fcbb10b8a68", "0x7fcbb10b2320", "0x7fcbb10b8a68", "0x7fcbb10b2320", "0x7fcbb10b8a68", "0x7fcbb10b2320", "0x7fcbb10b8a68", "0x7fcbb10b80b8", "0x7fcbb10b8a68", "0x7fcbb10b8068", "0x7fcbb10b8a68", "0x7fcbb10b8018", "0x7fcbb10b8a68", "0x7fcbb10b3f68", "0x7fcbb10b8a68", "0x7fcbb10b21e0", "0x7fcbb10b8a68", "0x7fcbb10b21e0", "0x7fcbb10b8a68", "0x7fcbb10b21e0", "0x7fcbb10b8a68", "0x7fcbb10b21e0", "0x7fcbb10b8a68", "0x7fcbb10e18c8", "0x7fcbb10b8a68", "0x7fcbb10e18c8", "0x7fcbb10b8a68", "0x7fcbb10b20c8", "0x7fcbb10b8a68", "0x7fcbb10b20c8", "0x7fcbb10b8a68", "0x7fcbb10e18f0", "0x7fcbb10b8a68", "0x7fcbb10e17b0", "0x7fcbb10b8a68", "0x7fcbb10e17b0", "0x7fcbb10b8a68", "0x7fcbb10e17b0", "0x7fcbb10b8a68", "0x7fcbb10e1800", "0x7fcbb10b8a68", "0x7fcbb10e17d8", "0x7fcbb10b8a68", "0x7fcbb10e18a0", "0x7fcbb10b8a68", "0x7fcbb10e1850", "0x7fcbb10b8a68", "0x7fcbb10e1828", "0x7fcbb10b8a68", "0x7fcbb10e1760", "0x7fcbb10b8a68", "0x7fcbb10e1760", "0x7fcbb10b8a68", "0x7fcbb10e1760", "0x7fcbb10b8a68", "0x7fcbb10e1760", "0x7fcbb10b8a68", "0x7fcbb10e1760", "0x7fcbb10b8a68", "0x7fcbb10b3d60", "0x7fcbb10b8a68", "0x7fcbb10b1df8", "0x7fcbb10b8a68", "0x7fcbb10b1df8", "0x7fcbb10b8a68", "0x7fcbb10b1d80", "0x7fcbb10b8a68", "0x7fcbb10b1d80", "0x7fcbb10b8a68", "0x7fcbb10b1d08", "0x7fcbb10b8a68", "0x7fcbb10b1cb8", "0x7fcbb10b8a68", "0x7fcbb10b1c68", "0x7fcbb10b8a68", "0x7fcbb10b1c18", "0x7fcbb10b8a68", "0x7fcbb10b1c18", "0x7fcbb10b8a68", "0x7fcbb10b1ba0", "0x7fcbb10b8a68", "0x7fcbb10b1ba0", "0x7fcbb10b8a68", "0x7fcbb10b1b28", "0x7fcbb10b8a68", "0x7fcbb10b1b28", "0x7fcbb10b8a68", "0x7fcbb10e2c78"], "memsize":11768, "flags":{"wb_protected":true, "old":true, "long_lived":true, "marked":true}}
{"address":"0x7fcbb10e1c38", "type":"STRING", "class":"0x7fcbb10e0ef0", "frozen":true, "embedded":true, "fstring":true, "bytesize":8, "value":"Encoding", "encoding":"US-ASCII", "memsize":40, "flags":{"wb_protected":true, "old":true, "long_lived":true, "marked":true}}
{"address":"0x7fcbb10e1c60", "type":"CLASS", "class":"0x7fcbb10e23e0", "name":"Object", "references":["0x7fcbb10e1c60", "0x7fcbb10e1c60", "0x7fcbb10e1c60", "0x7fcbb10e1c60", "0x7fcbb10e1c60", "0x7fcbb10e1c60", "0x7fcbb10e1c60", "0x7fcbb10e1c88", "0x7fcbb10e2c78"], "memsize":1032, "flags":{"wb_protected":true, "old":true, "long_lived":true, "marked":true}}
{"address":"0x7fcbb10e1c88", "type":"OBJECT", "class":"0x7fcbb10e1c60", "ivars":0, "memsize":40, "flags":{"wb_protected":true, "old":true, "long_lived":true, "marked":true}}
{"address":"0x7fcbb10e1cb0", "type":"STRING", "class":"0x7fcbb10e0ef0", "frozen":true, "embedded":true, "fstring":true, "bytesize":5, "value":"FALSE", "encoding":"US-ASCII", "memsize":40, "flags":{"wb_protected":true, "old":true, "long_lived":true, "marked":true}}
{"address":"0x7fcbb10e1cd8", "type":"CLASS", "class":"0x7fcbb10e2430", "name":"Class", "references":["0x7fcbb10e1cd8", "0x7fcbb10e1d00", "0x7fcbb10e23e0"], "memsize":712, "flags":{"wb_protected":true, "old":true, "long_lived":true, "marked":true}}
{"address":"0x7fcbb10e1d00", "type":"CLASS", "class":"0x7fcbb10e1cd8", "name":"FalseClass", "references":["0x7fcbb10e1d00", "0x7fcbb10e1d00", "0x7fcbb10e1d00", "0x7fcbb10e1d00", "0x7fcbb10e1d00", "0x7fcbb10e1d28", "0x7fcbb10e2c78"], "memsize":712, "flags":{"wb_protected":true, "old":true, "long_lived":true, "marked":true}}
{"address":"0x7fcbb10e1d28", "type":"STRING", "class":"0x7fcbb10e0ef0", "frozen":true, "embedded":true, "fstring":true, "bytesize":10, "value":"FalseClass", "encoding":"US-ASCII", "memsize":40, "flags":{"wb_protected":true, "old":true, "long_lived":true, "marked":true}}
{"address":"0x7fcbb10e1d50", "type":"STRING", "class":"0x7fcbb10e0ef0", "frozen":true, "embedded":true, "fstring":true, "bytesize":4, "value":"TRUE", "encoding":"US-ASCII", "memsize":40, "flags":{"wb_protected":true, "old":true, "long_lived":true, "marked":true}}
{"address":"0x7fcbb10e1d78", "type":"CLASS", "class":"0x7fcbb10e2430", "name":"Class", "references":["0x7fcbb10e1d78", "0x7fcbb10e1da0", "0x7fcbb10e23e0"], "memsize":712, "flags":{"wb_protected":true, "old":true, "long_lived":true, "marked":true}}
{"address":"0x7fcbb10e1da0", "type":"CLASS", "class":"0x7fcbb10e1d78", "name":"TrueClass", "references":["0x7fcbb10e1da0", "0x7fcbb10e1da0", "0x7fcbb10e1da0", "0x7fcbb10e1da0", "0x7fcbb10e1da0", "0x7fcbb10e1dc8", "0x7fcbb10e2c78"], "memsize":712, "flags":{"wb_protected":true, "old":true, "long_lived":true, "marked":true}}
{"address":"0x7fcbb10e1dc8", "type":"STRING", "class":"0x7fcbb10e0ef0", "frozen":true, "embedded":true, "fstring":true, "bytesize":9, "value":"TrueClass", "encoding":"US-ASCII", "memsize":40, "flags":{"wb_protected":true, "old":true, "long_lived":true, "marked":true}}
{"address":"0x7fcbb10e1df0", "type":"CLASS", "class":"0x7fcbb10e2430", "name":"Class", "references":["0x7fcbb10e1e18", "0x7fcbb10e23e0"], "memsize":712, "flags":{"wb_protected":true, "old":true, "long_lived":true, "marked":true}}
{"address":"0x7fcbb10e1e18", "type":"CLASS", "class":"0x7fcbb10e1df0", "name":"Data", "references":["0x7fcbb10e1e40", "0x7fcbb10e2c78"], "memsize":712, "flags":{"wb_protected":true, "old":true, "long_lived":true, "marked":true}}
{"address":"0x7fcbb10e1e40", "type":"STRING", "class":"0x7fcbb10e0ef0", "frozen":true, "embedded":true, "fstring":true, "bytesize":4, "value":"Data", "encoding":"US-ASCII", "memsize":40, "flags":{"wb_protected":true, "old":true, "long_lived":true, "marked":true}}
{"address":"0x7fcbb10e1e68", "type":"STRING", "class":"0x7fcbb10e0ef0", "frozen":true, "embedded":true, "fstring":true, "bytesize":16, "value":"prepend_features", "encoding":"US-ASCII", "memsize":40, "flags":{"wb_protected":true, "old":true, "long_lived":true, "marked":true}}
{"address":"0x7fcbb10e1e90", "type":"STRING", "class":"0x7fcbb10e0ef0", "frozen":true, "embedded":true, "fstring":true, "bytesize":15, "value":"append_features", "encoding":"US-ASCII", "memsize":40, "flags":{"wb_protected":true, "old":true, "long_lived":true, "marked":true}}
{"address":"0x7fcbb10e1eb8", "type":"STRING", "class":"0x7fcbb10e0ef0", "frozen":true, "embedded":true, "fstring":true, "bytesize":13, "value":"extend_object", "encoding":"US-ASCII", "memsize":40, "flags":{"wb_protected":true, "old":true, "long_lived":true, "marked":true}}
{"address":"0x7fcbb10e1ee0", "type":"STRING", "class":"0x7fcbb10e0ef0", "frozen":true, "embedded":true, "fstring":true, "bytesize":10, "value":"superclass", "encoding":"US-ASCII", "memsize":40, "flags":{"wb_protected":true, "old":true, "long_lived":true, "marked":true}}
{"address":"0x7fcbb10e1f08", "type":"STRING", "class":"0x7fcbb10e0ef0", "frozen":true, "embedded":true, "fstring":true, "bytesize":8, "value":"allocate", "encoding":"US-ASCII", "memsize":40, "flags":{"wb_protected":true, "old":true, "long_lived":true, "marked":true}}
{"address":"0x7fcbb10e1f30", "type":"STRING", "class":"0x7fcbb10e0ef0", "frozen":true, "embedded":true, "fstring":true, "bytesize":16, "value":"singleton_class?", "encoding":"US-ASCII", "memsize":40, "flags":{"wb_protected":true, "old":true, "long_lived":true, "marked":true}}
{"address":"0x7fcbb10e1f58", "type":"STRING", "class":"0x7fcbb10e0ef0", "frozen":true, "embedded":true, "fstring":true, "bytesize":16, "value":"private_constant", "encoding":"US-ASCII", "memsize":40, "flags":{"wb_protected":true, "old":true, "long_lived":true, "marked":true}}
{"address":"0x7fcbb10e1f80", "type":"STRING", "class":"0x7fcbb10e0ef0", "frozen":true, "embedded":true, "fstring":true, "bytesize":15, "value":"public_constant", "encoding":"US-ASCII", "memsize":40, "flags":{"wb_protected":true, "old":true, "long_lived":true, "marked":true}}
{"address":"0x7fcbb10e1fa8", "type":"STRING", "class":"0x7fcbb10e0ef0", "frozen":true, "embedded":true, "fstring":true, "bytesize":23, "value":"class_variable_defined?", "encoding":"US-ASCII", "memsize":40, "flags":{"wb_protected":true, "old":true, "long_lived":true, "marked":true}}
{"address":"0x7fcbb10e1fd0", "type":"STRING", "class":"0x7fcbb10e0ef0", "frozen":true, "embedded":true, "fstring":true, "bytesize":18, "value":"class_variable_set", "encoding":"US-ASCII", "memsize":40, "flags":{"wb_protected":true, "old":true, "long_lived":true, "marked":true}}
{"address":"0x7fcbb10e1ff8", "type":"STRING", "class":"0x7fcbb10e0ef0", "frozen":true, "embedded":true, "fstring":true, "bytesize":18, "value":"class_variable_get", "encoding":"US-ASCII", "memsize":40, "flags":{"wb_protected":true, "old":true, "long_lived":true, "marked":true}}
{"address":"0x7fcbb10e2020", "type":"STRING", "class":"0x7fcbb10e0ef0", "frozen":true, "embedded":true, "fstring":true, "bytesize":21, "value":"remove_class_variable", "encoding":"US-ASCII", "memsize":40, "flags":{"wb_protected":true, "old":true, "long_lived":true, "marked":true}}
{"address":"0x7fcbb10e2048", "type":"STRING", "class":"0x7fcbb10e0ef0", "frozen":true, "embedded":true, "fstring":true, "bytesize":15, "value":"class_variables", "encoding":"US-ASCII", "memsize":40, "flags":{"wb_protected":true, "old":true, "long_lived":true, "marked":true}}
{"address":"0x7fcbb10e2070", "type":"STRING", "class":"0x7fcbb10e0ef0", "frozen":true, "embedded":true, "fstring":true, "bytesize":12, "value":"remove_const", "encoding":"US-ASCII", "memsize":40, "flags":{"wb_protected":true, "old":true, "long_lived":true, "marked":true}}
{"address":"0x7fcbb10e2098", "type":"STRING", "class":"0x7fcbb10e0ef0", "frozen":true, "embedded":true, "fstring":true, "bytesize":14, "value":"const_defined?", "encoding":"US-ASCII", "memsize":40, "flags":{"wb_protected":true, "old":true, "long_lived":true, "marked":true}}
{"address":"0x7fcbb10e20c0", "type":"STRING", "class":"0x7fcbb10e0ef0", "frozen":true, "embedded":true, "fstring":true, "bytesize":9, "value":"const_set", "encoding":"US-ASCII", "memsize":40, "flags":{"wb_protected":true, "old":true, "long_lived":true, "marked":true}}
{"address":"0x7fcbb10e20e8", "type":"STRING", "class":"0x7fcbb10e0ef0", "frozen":true, "embedded":true, "fstring":true, "bytesize":9, "value":"const_get", "encoding":"US-ASCII", "memsize":40, "flags":{"wb_protected":true, "old":true, "long_lived":true, "marked":true}}
{"address":"0x7fcbb10e2110", "type":"STRING", "class":"0x7fcbb10e0ef0", "frozen":true, "embedded":true, "fstring":true, "bytesize":9, "value":"constants", "encoding":"US-ASCII", "memsize":40, "flags":{"wb_protected":true, "old":true, "long_lived":true, "marked":true}}
{"address":"0x7fcbb10e2138", "type":"STRING", "class":"0x7fcbb10e0ef0", "frozen":true, "fstring":true, "bytesize":24, "value":"private_instance_methods", "encoding":"US-ASCII", "memsize":65, "flags":{"wb_protected":true, "old":true, "long_lived":true, "marked":true}}
{"address":"0x7fcbb10e2160", "type":"STRING", "class":"0x7fcbb10e0ef0", "frozen":true, "fstring":true, "bytesize":26, "value":"protected_instance_methods", "encoding":"US-ASCII", "memsize":67, "flags":{"wb_protected":true, "old":true, "long_lived":true, "marked":true}}
{"address":"0x7fcbb10e2188", "type":"STRING", "class":"0x7fcbb10e0ef0", "frozen":true, "embedded":true, "fstring":true, "bytesize":23, "value":"public_instance_methods", "encoding":"US-ASCII", "memsize":40, "flags":{"wb_protected":true, "old":true, "long_lived":true, "marked":true}}
{"address":"0x7fcbb10e21b0", "type":"STRING", "class":"0x7fcbb10e0ef0", "frozen":true, "embedded":true, "fstring":true, "bytesize":16, "value":"instance_methods", "encoding":"US-ASCII", "memsize":40, "flags":{"wb_protected":true, "old":true, "long_lived":true, "marked":true}}
{"address":"0x7fcbb10e21d8", "type":"STRING", "class":"0x7fcbb10e0ef0", "frozen":true, "embedded":true, "fstring":true, "bytesize":13, "value":"attr_accessor", "encoding":"US-ASCII", "memsize":40, "flags":{"wb_protected":true, "old":true, "long_lived":true, "marked":true}}
{"address":"0x7fcbb10e2200", "type":"STRING", "class":"0x7fcbb10e0ef0", "frozen":true, "embedded":true, "fstring":true, "bytesize":11, "value":"attr_writer", "encoding":"US-ASCII", "memsize":40, "flags":{"wb_protected":true, "old":true, "long_lived":true, "marked":true}}
{"address":"0x7fcbb10e2228", "type":"STRING", "class":"0x7fcbb10e0ef0", "frozen":true, "embedded":true, "fstring":true, "bytesize":11, "value":"attr_reader", "encoding":"US-ASCII", "memsize":40, "flags":{"wb_protected":true, "old":true, "long_lived":true, "marked":true}}
{"address":"0x7fcbb10e2250", "type":"STRING", "class":"0x7fcbb10e0ef0", "frozen":true, "embedded":true, "fstring":true, "bytesize":4, "value":"attr", "encoding":"US-ASCII", "memsize":40, "flags":{"wb_protected":true, "old":true, "long_lived":true, "marked":true}}
{"address":"0x7fcbb10e2278", "type":"STRING", "class":"0x7fcbb10e0ef0", "frozen":true, "embedded":true, "fstring":true, "bytesize":9, "value":"ancestors", "encoding":"US-ASCII", "memsize":40, "flags":{"wb_protected":true, "old":true, "long_lived":true, "marked":true}}
{"address":"0x7fcbb10e22a0", "type":"STRING", "class":"0x7fcbb10e0ef0", "frozen":true, "embedded":true, "fstring":true, "bytesize":4, "value":"name", "encoding":"US-ASCII", "memsize":40, "flags":{"wb_protected":true, "old":true, "long_lived":true, "marked":true}}
{"address":"0x7fcbb10e22c8", "type":"STRING", "class":"0x7fcbb10e0ef0", "frozen":true, "embedded":true, "fstring":true, "bytesize":8, "value":"include?", "encoding":"US-ASCII", "memsize":40, "flags":{"wb_protected":true, "old":true, "long_lived":true, "marked":true}}
{"address":"0x7fcbb10e22f0", "type":"STRING", "class":"0x7fcbb10e0ef0", "frozen":true, "embedded":true, "fstring":true, "bytesize":16, "value":"included_modules", "encoding":"US-ASCII", "memsize":40, "flags":{"wb_protected":true, "old":true, "long_lived":true, "marked":true}}
{"address":"0x7fcbb10e2318", "type":"STRING", "class":"0x7fcbb10e0ef0", "frozen":true, "embedded":true, "fstring":true, "bytesize":3, "value":"NIL", "encoding":"US-ASCII", "memsize":40, "flags":{"wb_protected":true, "old":true, "long_lived":true, "marked":true}}
{"address":"0x7fcbb10e2340", "type":"STRING", "class":"0x7fcbb10e0ef0", "frozen":true, "embedded":true, "fstring":true, "bytesize":3, "value":"new", "encoding":"US-ASCII", "memsize":40, "flags":{"wb_protected":true, "old":true, "long_lived":true, "marked":true}}
{"address":"0x7fcbb10e2368", "type":"STRING", "class":"0x7fcbb10e0ef0", "frozen":true, "embedded":true, "fstring":true, "bytesize":4, "value":"to_h", "encoding":"US-ASCII", "memsize":40, "flags":{"wb_protected":true, "old":true, "long_lived":true, "marked":true}}
{"address":"0x7fcbb10e2390", "type":"STRING", "class":"0x7fcbb10e0ef0", "frozen":true, "embedded":true, "fstring":true, "bytesize":4, "value":"to_f", "encoding":"US-ASCII", "memsize":40, "flags":{"wb_protected":true, "old":true, "long_lived":true, "marked":true}}
{"address":"0x7fcbb10e23b8", "type":"CLASS", "class":"0x7fcbb10c8300", "name":"Class", "references":["0x7fcbb10e2cc8", "0x7fcbb10e2bd8"], "memsize":712, "flags":{"wb_protected":true, "old":true, "long_lived":true, "marked":true}}
{"address":"0x7fcbb10e23e0", "type":"CLASS", "class":"0x7fcbb10c8328", "name":"Class", "references":["0x7fcbb10e2c78", "0x7fcbb10e23b8"], "memsize":712, "flags":{"wb_protected":true, "old":true, "long_lived":true, "marked":true}}
{"address":"0x7fcbb10e2408", "type":"CLASS", "class":"0x7fcbb10c8350", "name":"Class", "references":["0x7fcbb10e2408", "0x7fcbb10e2408", "0x7fcbb10e2c28", "0x7fcbb10e23e0"], "memsize":712, "flags":{"wb_protected":true, "old":true, "long_lived":true, "marked":true}}
{"address":"0x7fcbb10e2430", "type":"CLASS", "class":"0x7fcbb10c8378", "name":"Class", "references":["0x7fcbb10e2bd8", "0x7fcbb10e2408"], "memsize":712, "flags":{"wb_protected":true, "old":true, "long_lived":true, "marked":true}}
{"address":"0x7fcbb10e2458", "type":"CLASS", "class":"0x7fcbb10e2430", "name":"Class", "references":["0x7fcbb10e2458", "0x7fcbb10e2480", "0x7fcbb10e23e0"], "memsize":712, "flags":{"wb_protected":true, "old":true, "long_lived":true, "marked":true}}
{"address":"0x7fcbb10e2480", "type":"CLASS", "class":"0x7fcbb10e2458", "name":"NilClass", "references":["0x7fcbb10e2480", "0x7fcbb10e2480", "0x7fcbb10e2480", "0x7fcbb10e2480", "0x7fcbb10e2480", "0x7fcbb10e2480", "0x7fcbb10e2480", "0x7fcbb10e2480", "0x7fcbb10e2480", "0x7fcbb10e2480", "0x7fcbb10e2480", "0x7fcbb10e2480", "0x7fcbb10e2480", "0x7fcbb10e24a8", "0x7fcbb10e2c78"], "memsize":1320, "flags":{"wb_protected":true, "old":true, "long_lived":true, "marked":true}}
{"address":"0x7fcbb10e24a8", "type":"STRING", "class":"0x7fcbb10e0ef0", "frozen":true, "embedded":true, "fstring":true, "bytesize":8, "value":"NilClass", "encoding":"US-ASCII", "memsize":40, "flags":{"wb_protected":true, "old":true, "long_lived":true, "marked":true}}
{"address":"0x7fcbb10e24d0", "type":"STRING", "class":"0x7fcbb10e0ef0", "frozen":true, "embedded":true, "fstring":true, "bytesize":4, "value":"Hash", "encoding":"US-ASCII", "memsize":40, "flags":{"wb_protected":true, "old":true, "long_lived":true, "marked":true}}
{"address":"0x7fcbb10e24f8", "type":"STRING", "class":"0x7fcbb10e0ef0", "frozen":true, "embedded":true, "fstring":true, "bytesize":5, "value":"Array", "encoding":"US-ASCII", "memsize":40, "flags":{"wb_protected":true, "old":true, "long_lived":true, "marked":true}}
{"address":"0x7fcbb10e2520", "type":"STRING", "class":"0x7fcbb10e0ef0", "frozen":true, "embedded":true, "fstring":true, "bytesize":6, "value":"String", "encoding":"US-ASCII", "memsize":40, "flags":{"wb_protected":true, "old":true, "long_lived":true, "marked":true}}
{"address":"0x7fcbb10e2548", "type":"STRING", "class":"0x7fcbb10e0ef0", "frozen":true, "embedded":true, "fstring":true, "bytesize":5, "value":"Float", "encoding":"US-ASCII", "memsize":40, "flags":{"wb_protected":true, "old":true, "long_lived":true, "marked":true}}
{"address":"0x7fcbb10e2570", "type":"STRING", "class":"0x7fcbb10e0ef0", "frozen":true, "embedded":true, "fstring":true, "bytesize":7, "value":"Integer", "encoding":"US-ASCII", "memsize":40, "flags":{"wb_protected":true, "old":true, "long_lived":true, "marked":true}}
{"address":"0x7fcbb10e2598", "type":"STRING", "class":"0x7fcbb10e0ef0", "frozen":true, "embedded":true, "fstring":true, "bytesize":6, "value":"format", "encoding":"US-ASCII", "memsize":40, "flags":{"wb_protected":true, "old":true, "long_lived":true, "marked":true}}
{"address":"0x7fcbb10e25c0", "type":"CLASS", "class":"0x7fcbb10e2bd8", "name":"Module", "references":["0x7fcbb10e25c0", "0x7fcbb10e25c0", "0x7fcbb10e25c0", "0x7fcbb10e25c0", "0x7fcbb10e25c0", "0x7fcbb10e25c0", "0x7fcbb10e25c0", "0x7fcbb10e25c0", "0x7fcbb10e25c0", "0x7fcbb10e25c0", "0x7fcbb10e25c0", "0x7fcbb10e25c0", "0x7fcbb10e25c0", "0x7fcbb10e25c0", "0x7fcbb10e25c0", "0x7fcbb10e25c0", "0x7fcbb10e25c0", "0x7fcbb10e25c0", "0x7fcbb10e25c0", "0x7fcbb10e25c0", "0x7fcbb10e25c0", "0x7fcbb10e25c0", "0x7fcbb10e25c0", "0x7fcbb10e25c0", "0x7fcbb10e25c0", "0x7fcbb10e25c0", "0x7fcbb10e25c0", "0x7fcbb10e25c0", "0x7fcbb10e25c0", "0x7fcbb10e25c0", "0x7fcbb10e25c0", "0x7fcbb10e25c0", "0x7fcbb10e25c0", "0x7fcbb10e25c0", "0x7fcbb10e25c0", "0x7fcbb10e25c0", "0x7fcbb10e25c0", "0x7fcbb10e25c0", "0x7fcbb10e25c0", "0x7fcbb10e25c0", "0x7fcbb10e25c0", "0x7fcbb10e25c0", "0x7fcbb10e25c0", "0x7fcbb10e25c0", "0x7fcbb10e25c0", "0x7fcbb10e25c0", "0x7fcbb10e25c0", "0x7fcbb10e25c0", "0x7fcbb10e25c0", "0x7fcbb10e25c0", "0x7fcbb10e25c0", "0x7fcbb10e25c0", "0x7fcbb10e25c0", "0x7fcbb10e25c0", "0x7fcbb10e25c0", "0x7fcbb10e25c0", "0x7fcbb10e25c0", "0x7fcbb10e25c0", "0x7fcbb10e25c0", "0x7fcbb10e25c0", "0x7fcbb10e25c0", "0x7fcbb10e2b38", "0x7fcbb10e2c28"], "memsize":3624, "flags":{"wb_protected":true, "old":true, "long_lived":true, "marked":true}}
{"address":"0x7fcbb10e25e8", "type":"STRING", "class":"0x7fcbb10e0ef0", "frozen":true, "embedded":true, "fstring":true, "bytesize":7, "value":"sprintf", "encoding":"US-ASCII", "memsize":40, "flags":{"wb_protected":true, "old":true, "long_lived":true, "marked":true}}
{"address":"0x7fcbb10e2610", "type":"STRING", "class":"0x7fcbb10e0ef0", "frozen":true, "embedded":true, "fstring":true, "bytesize":3, "value":"tap", "encoding":"US-ASCII", "memsize":40, "flags":{"wb_protected":true, "old":true, "long_lived":true, "marked":true}}
{"address":"0x7fcbb10e2638", "type":"STRING", "class":"0x7fcbb10e0ef0", "frozen":true, "embedded":true, "fstring":true, "bytesize":5, "value":"is_a?", "encoding":"US-ASCII", "memsize":40, "flags":{"wb_protected":true, "old":true, "long_lived":true, "marked":true}}
{"address":"0x7fcbb10e2660", "type":"STRING", "class":"0x7fcbb10e0ef0", "frozen":true, "embedded":true, "fstring":true, "bytesize":8, "value":"kind_of?", "encoding":"US-ASCII", "memsize":40, "flags":{"wb_protected":true, "old":true, "long_lived":true, "marked":true}}
{"address":"0x7fcbb10e2688", "type":"STRING", "class":"0x7fcbb10e0ef0", "frozen":true, "embedded":true, "fstring":true, "bytesize":12, "value":"instance_of?", "encoding":"US-ASCII", "memsize":40, "flags":{"wb_protected":true, "old":true, "long_lived":true, "marked":true}}
{"address":"0x7fcbb10e26b0", "type":"STRING", "class":"0x7fcbb10e0ef0", "frozen":true, "fstring":true, "bytesize":24, "value":"remove_instance_variable", "encoding":"US-ASCII", "memsize":65, "flags":{"wb_protected":true, "old":true, "long_lived":true, "marked":true}}
{"address":"0x7fcbb10e26d8", "type":"STRING", "class":"0x7fcbb10e0ef0", "frozen":true, "fstring":true, "bytesize":26, "value":"instance_variable_defined?", "encoding":"US-ASCII", "memsize":67, "flags":{"wb_protected":true, "old":true, "long_lived":true, "marked":true}}
{"address":"0x7fcbb10e2700", "type":"STRING", "class":"0x7fcbb10e0ef0", "frozen":true, "embedded":true, "fstring":true, "bytesize":21, "value":"instance_variable_set", "encoding":"US-ASCII", "memsize":40, "flags":{"wb_protected":true, "old":true, "long_lived":true, "marked":true}}
{"address":"0x7fcbb10e2728", "type":"STRING", "class":"0x7fcbb10e0ef0", "frozen":true, "embedded":true, "fstring":true, "bytesize":21, "value":"instance_variable_get", "encoding":"US-ASCII", "memsize":40, "flags":{"wb_protected":true, "old":true, "long_lived":true, "marked":true}}
{"address":"0x7fcbb10e2750", "type":"STRING", "class":"0x7fcbb10e0ef0", "frozen":true, "embedded":true, "fstring":true, "bytesize":18, "value":"instance_variables", "encoding":"US-ASCII", "memsize":40, "flags":{"wb_protected":true, "old":true, "long_lived":true, "marked":true}}
{"address":"0x7fcbb10e2778", "type":"STRING", "class":"0x7fcbb10e0ef0", "frozen":true, "embedded":true, "fstring":true, "bytesize":14, "value":"public_methods", "encoding":"US-ASCII", "memsize":40, "flags":{"wb_protected":true, "old":true, "long_lived":true, "marked":true}}
{"address":"0x7fcbb10e27a0", "type":"STRING", "class":"0x7fcbb10e0ef0", "frozen":true, "embedded":true, "fstring":true, "bytesize":15, "value":"private_methods", "encoding":"US-ASCII", "memsize":40, "flags":{"wb_protected":true, "old":true, "long_lived":true, "marked":true}}
{"address":"0x7fcbb10e27c8", "type":"STRING", "class":"0x7fcbb10e0ef0", "frozen":true, "embedded":true, "fstring":true, "bytesize":17, "value":"protected_methods", "encoding":"US-ASCII", "memsize":40, "flags":{"wb_protected":true, "old":true, "long_lived":true, "marked":true}}
{"address":"0x7fcbb10e27f0", "type":"STRING", "class":"0x7fcbb10e0ef0", "frozen":true, "embedded":true, "fstring":true, "bytesize":17, "value":"singleton_methods", "encoding":"US-ASCII", "memsize":40, "flags":{"wb_protected":true, "old":true, "long_lived":true, "marked":true}}
{"address":"0x7fcbb10e2818", "type":"STRING", "class":"0x7fcbb10e0ef0", "frozen":true, "embedded":true, "fstring":true, "bytesize":7, "value":"methods", "encoding":"US-ASCII", "memsize":40, "flags":{"wb_protected":true, "old":true, "long_lived":true, "marked":true}}
{"address":"0x7fcbb10e2840", "type":"STRING", "class":"0x7fcbb10e0ef0", "frozen":true, "embedded":true, "fstring":true, "bytesize":7, "value":"frozen?", "encoding":"US-ASCII", "memsize":40, "flags":{"wb_protected":true, "old":true, "long_lived":true, "marked":true}}
{"address":"0x7fcbb10e2868", "type":"STRING", "class":"0x7fcbb10e0ef0", "frozen":true, "embedded":true, "fstring":true, "bytesize":5, "value":"trust", "encoding":"US-ASCII", "memsize":40, "flags":{"wb_protected":true, "old":true, "long_lived":true, "marked":true}}
{"address":"0x7fcbb10e2890", "type":"STRING", "class":"0x7fcbb10e0ef0", "frozen":true, "embedded":true, "fstring":true, "bytesize":10, "value":"untrusted?", "encoding":"US-ASCII", "memsize":40, "flags":{"wb_protected":true, "old":true, "long_lived":true, "marked":true}}
{"address":"0x7fcbb10e28b8", "type":"STRING", "class":"0x7fcbb10e0ef0", "frozen":true, "embedded":true, "fstring":true, "bytesize":7, "value":"untrust", "encoding":"US-ASCII", "memsize":40, "flags":{"wb_protected":true, "old":true, "long_lived":true, "marked":true}}
{"address":"0x7fcbb10e28e0", "type":"STRING", "class":"0x7fcbb10e0ef0", "frozen":true, "embedded":true, "fstring":true, "bytesize":7, "value":"untaint", "encoding":"US-ASCII", "memsize":40, "flags":{"wb_protected":true, "old":true, "long_lived":true, "marked":true}}
{"address":"0x7fcbb10e2908", "type":"STRING", "class":"0x7fcbb10e0ef0", "frozen":true, "embedded":true, "fstring":true, "bytesize":8, "value":"tainted?", "encoding":"US-ASCII", "memsize":40, "flags":{"wb_protected":true, "old":true, "long_lived":true, "marked":true}}
{"address":"0x7fcbb10e2930", "type":"STRING", "class":"0x7fcbb10e0ef0", "frozen":true, "embedded":true, "fstring":true, "bytesize":5, "value":"taint", "encoding":"US-ASCII", "memsize":40, "flags":{"wb_protected":true, "old":true, "long_lived":true, "marked":true}}
{"address":"0x7fcbb10e2958", "type":"STRING", "class":"0x7fcbb10e0ef0", "frozen":true, "embedded":true, "fstring":true, "bytesize":6, "value":"itself", "encoding":"US-ASCII", "memsize":40, "flags":{"wb_protected":true, "old":true, "long_lived":true, "marked":true}}
{"address":"0x7fcbb10e2980", "type":"STRING", "class":"0x7fcbb10e0ef0", "frozen":true, "embedded":true, "fstring":true, "bytesize":3, "value":"dup", "encoding":"US-ASCII", "memsize":40, "flags":{"wb_protected":true, "old":true, "long_lived":true, "marked":true}}
{"address":"0x7fcbb10e29a8", "type":"STRING", "class":"0x7fcbb10e0ef0", "frozen":true, "embedded":true, "fstring":true, "bytesize":5, "value":"clone", "encoding":"US-ASCII", "memsize":40, "flags":{"wb_protected":true, "old":true, "long_lived":true, "marked":true}}
{"address":"0x7fcbb10e29d0", "type":"STRING", "class":"0x7fcbb10e0ef0", "frozen":true, "embedded":true, "fstring":true, "bytesize":15, "value":"singleton_class", "encoding":"US-ASCII", "memsize":40, "flags":{"wb_protected":true, "old":true, "long_lived":true, "marked":true}}
{"address":"0x7fcbb10e29f8", "type":"STRING", "class":"0x7fcbb10e0ef0", "frozen":true, "embedded":true, "fstring":true, "bytesize":5, "value":"class", "encoding":"US-ASCII", "memsize":40, "flags":{"wb_protected":true, "old":true, "long_lived":true, "marked":true}}
{"address":"0x7fcbb10e2a20", "type":"STRING", "class":"0x7fcbb10e0ef0", "frozen":true, "embedded":true, "fstring":true, "bytesize":4, "value":"hash", "encoding":"US-ASCII", "memsize":40, "flags":{"wb_protected":true, "old":true, "long_lived":true, "marked":true}}
{"address":"0x7fcbb10e2a48", "type":"STRING", "class":"0x7fcbb10e0ef0", "frozen":true, "embedded":true, "fstring":true, "bytesize":4, "value":"nil?", "encoding":"US-ASCII", "memsize":40, "flags":{"wb_protected":true, "old":true, "long_lived":true, "marked":true}}
{"address":"0x7fcbb10e2a70", "type":"STRING", "class":"0x7fcbb10e0ef0", "frozen":true, "embedded":true, "fstring":true, "bytesize":9, "value":"prepended", "encoding":"US-ASCII", "memsize":40, "flags":{"wb_protected":true, "old":true, "long_lived":true, "marked":true}}
{"address":"0x7fcbb10e2a98", "type":"STRING", "class":"0x7fcbb10e0ef0", "frozen":true, "embedded":true, "fstring":true, "bytesize":8, "value":"extended", "encoding":"US-ASCII", "memsize":40, "flags":{"wb_protected":true, "old":true, "long_lived":true, "marked":true}}
{"address":"0x7fcbb10e2ac0", "type":"STRING", "class":"0x7fcbb10e0ef0", "frozen":true, "embedded":true, "fstring":true, "bytesize":8, "value":"included", "encoding":"US-ASCII", "memsize":40, "flags":{"wb_protected":true, "old":true, "long_lived":true, "marked":true}}
{"address":"0x7fcbb10e2ae8", "type":"STRING", "class":"0x7fcbb10e0ef0", "frozen":true, "embedded":true, "fstring":true, "bytesize":9, "value":"inherited", "encoding":"US-ASCII", "memsize":40, "flags":{"wb_protected":true, "old":true, "long_lived":true, "marked":true}}
{"address":"0x7fcbb10e2b10", "type":"ICLASS", "class":"0x7fcbb10e2b38", "references":["0x7fcbb1974cd8", "0x7fcbb196e040", "0x7fcbb1984d68", "0x7fcbb196d8c0", "0x7fcbb10e2cc8"], "memsize":40, "flags":{"long_lived":true, "marked":true}}
{"address":"0x7fcbb10e2b38", "type":"MODULE", "class":"0x7fcbb10e25c0", "name":"Kernel", "references":["0x7fcbb10e2b38", "0x7fcbb10e2b38", "0x7fcbb10e2b38", "0x7fcbb10e2b38", "0x7fcbb10e2b38", "0x7fcbb10e2b38", "0x7fcbb10e2b38", "0x7fcbb10e2b38", "0x7fcbb10e2b38", "0x7fcbb10e2b38", "0x7fcbb10e2b38", "0x7fcbb10e2b38", "0x7fcbb10e2b38", "0x7fcbb10e2b38", "0x7fcbb10e2b38", "0x7fcbb10e2b38", "0x7fcbb10e2b38", "0x7fcbb10e2b38", "0x7fcbb10e2b38", "0x7fcbb10e2b38", "0x7fcbb10e2b38", "0x7fcbb10e2b38", "0x7fcbb10e2b38", "0x7fcbb10e2b38", "0x7fcbb10e2b38", "0x7fcbb10e2b38", "0x7fcbb10e2b38", "0x7fcbb10e2b38", "0x7fcbb10e2b38", "0x7fcbb10e2b38", "0x7fcbb10e2b38", "0x7fcbb10e2b38", "0x7fcbb10e2b38", "0x7fcbb10e2b38", "0x7fcbb10e2b38", "0x7fcbb10e2b38", "0x7fcbb10e2b38", "0x7fcbb10e2b38", "0x7fcbb10e2b38", "0x7fcbb10e2b38", "0x7fcbb10e2b38", "0x7fcbb10e2b38", "0x7fcbb10e2b38", "0x7fcbb10e2b38", "0x7fcbb10e2b38", "0x7fcbb10e2b38", "0x7fcbb10e2b38", "0x7fcbb10e2b38", "0x7fcbb10e2b38", "0x7fcbb10e2b38", "0x7fcbb10e2b38", "0x7fcbb10e2b38", "0x7fcbb10e2b38", "0x7fcbb10e2b38", "0x7fcbb10e2b38", "0x7fcbb10e2b38", "0x7fcbb10e2b38", "0x7fcbb10e2b38", "0x7fcbb10e2b38", "0x7fcbb10e2b38", "0x7fcbb10e2b38", "0x7fcbb10e2b38", "0x7fcbb10e2b38", "0x7fcbb10e2b38", "0x7fcbb10e2b38", "0x7fcbb10e2b38", "0x7fcbb10e2b38", "0x7fcbb10e2b38", "0x7fcbb10e2b38", "0x7fcbb10e2b38", "0x7fcbb10e2b38", "0x7fcbb10e2b38", "0x7fcbb10e2b38", "0x7fcbb10e2b38", "0x7fcbb10e2b38", "0x7fcbb10e2b38", "0x7fcbb10e2b38", "0x7fcbb10e2b38", "0x7fcbb10e2b38", "0x7fcbb10e2b38", "0x7fcbb10e2b38", "0x7fcbb10e2b38", "0x7fcbb10e2b38", "0x7fcbb10e2b38", "0x7fcbb10e2b38", "0x7fcbb10e2b38", "0x7fcbb10e2b38", "0x7fcbb1974cd8", "0x7fcbb10e2b38", "0x7fcbb10e2b38", "0x7fcbb10e2b38", "0x7fcbb10e2b38", "0x7fcbb10e2b38", "0x7fcbb10e2b38", "0x7fcbb10e2b38", "0x7fcbb10e2b38", "0x7fcbb10e2b38", "0x7fcbb10e2b38", "0x7fcbb10e2b38", "0x7fcbb10e2b38", "0x7fcbb10e2b38", "0x7fcbb10e2b38", "0x7fcbb10e2b38", "0x7fcbb10e2b38", "0x7fcbb10e2b38", "0x7fcbb10e2b38", "0x7fcbb10e2b38", "0x7fcbb10e2b38", "0x7fcbb10e2b38", "0x7fcbb10e2b38", "0x7fcbb10e2b38", "0x7fcbb10e2b38", "0x7fcbb10e2b38", "0x7fcbb10e2b38", "0x7fcbb10e2b38", "0x7fcbb196e040", "0x7fcbb10e2b38", "0x7fcbb10e2b60", "0x7fcbb1984d68", "0x7fcbb196d8c0"], "memsize":6536, "flags":{"long_lived":true, "marked":true}}
{"address":"0x7fcbb10e2b60", "type":"STRING", "class":"0x7fcbb10e0ef0", "frozen":true, "embedded":true, "fstring":true, "bytesize":6, "value":"Kernel", "encoding":"US-ASCII", "memsize":40, "flags":{"wb_protected":true, "old":true, "long_lived":true, "marked":true}}
{"address":"0x7fcbb10e2b88", "type":"STRING", "class":"0x7fcbb10e0ef0", "frozen":true, "embedded":true, "fstring":true, "bytesize":6, "value":"equal?", "encoding":"US-ASCII", "memsize":40, "flags":{"wb_protected":true, "old":true, "long_lived":true, "marked":true}}
{"address":"0x7fcbb10e2bb0", "type":"STRING", "class":"0x7fcbb10e0ef0", "frozen":true, "embedded":true, "fstring":true, "bytesize":5, "value":"Class", "encoding":"US-ASCII", "memsize":40, "flags":{"wb_protected":true, "old":true, "long_lived":true, "marked":true}}
{"address":"0x7fcbb10e2bd8", "type":"CLASS", "class":"0x7fcbb10e2430", "name":"Class", "references":["0x7fcbb10e2bd8", "0x7fcbb10e2bd8", "0x7fcbb10e2bd8", "0x7fcbb10e2bd8", "0x7fcbb10e2bd8", "0x7fcbb10e2bd8", "0x7fcbb10e2bd8", "0x7fcbb10e2bd8", "0x7fcbb10e2bd8", "0x7fcbb10e2bd8", "0x7fcbb10e2bb0", "0x7fcbb10e2c28"], "memsize":1176, "flags":{"wb_protected":true, "old":true, "long_lived":true, "marked":true}}
{"address":"0x7fcbb10e2c00", "type":"STRING", "class":"0x7fcbb10e0ef0", "frozen":true, "embedded":true, "fstring":true, "bytesize":6, "value":"Module", "encoding":"US-ASCII", "memsize":40, "flags":{"wb_protected":true, "old":true, "long_lived":true, "marked":true}}
{"address":"0x7fcbb10e2c28", "type":"CLASS", "class":"0x7fcbb10e2408", "name":"Module", "references":["0x7fcbb10e2c28", "0x7fcbb10e2c28", "0x7fcbb10e2c28", "0x7fcbb10e2c28", "0x7fcbb10e2c28", "0x7fcbb10e2c28", "0x7fcbb10e2c28", "0x7fcbb10e2c28", "0x7fcbb10e2c28", "0x7fcbb10e2c28", "0x7fcbb10e2c28", "0x7fcbb10e2c28", "0x7fcbb10e2c28", "0x7fcbb10e2c28", "0x7fcbb10e2c28", "0x7fcbb10e2c28", "0x7fcbb10e2c28", "0x7fcbb10e2c28", "0x7fcbb10e2c28", "0x7fcbb10e2c28", "0x7fcbb10e2c28", "0x7fcbb10e2c28", "0x7fcbb10e2c28", "0x7fcbb10e2c28", "0x7fcbb10e2c28", "0x7fcbb10e2c28", "0x7fcbb10e2c28", "0x7fcbb10e2c28", "0x7fcbb10e2c28", "0x7fcbb10e2c28", "0x7fcbb10e2c28", "0x7fcbb10e2c28", "0x7fcbb10e2c28", "0x7fcbb10e2c28", "0x7fcbb10e2c28", "0x7fcbb10e2c28", "0x7fcbb10e2c28", "0x7fcbb10e2c28", "0x7fcbb10e2c28", "0x7fcbb10e2c28", "0x7fcbb10e2c28", "0x7fcbb10e2c28", "0x7fcbb10e2c28", "0x7fcbb10e2c28", "0x7fcbb10e2c28", "0x7fcbb10e2c28", "0x7fcbb10e2c28", "0x7fcbb10e2c28", "0x7fcbb10e2c28", "0x7fcbb10e2c28", "0x7fcbb10e2c28", "0x7fcbb10e2c28", "0x7fcbb10e2c28", "0x7fcbb10e2c28", "0x7fcbb10e2c28", "0x7fcbb10e2c28", "0x7fcbb10e2c28", "0x7fcbb10e2c28", "0x7fcbb10e2c28", "0x7fcbb10e2c28", "0x7fcbb10e2c28", "0x7fcbb10e2c28", "0x7fcbb10e2c28", "0x7fcbb10e2c28", "0x7fcbb10e2c28", "0x7fcbb10e2c28", "0x7fcbb10e2c28", "0x7fcbb10e2c28", "0x7fcbb10e2c28", "0x7fcbb10e2c28", "0x7fcbb10e2c28", "0x7fcbb10e2c28", "0x7fcbb10e2c28", "0x7fcbb10e2c28", "0x7fcbb10e2c00", "0x7fcbb10e2c78"], "memsize":4248, "flags":{"wb_protected":true, "old":true, "long_lived":true, "marked":true}}
{"address":"0x7fcbb10e2c50", "type":"STRING", "class":"0x7fcbb10e0ef0", "frozen":true, "embedded":true, "fstring":true, "bytesize":6, "value":"Object", "encoding":"US-ASCII", "memsize":40, "flags":{"wb_protected":true, "old":true, "long_lived":true, "marked":true}}
{"address":"0x7fcbb10e2c78", "type":"CLASS", "class":"0x7fcbb10e23e0", "name":"Object", "references":["0x7fcbb10e2c50", "0x7fcbb10e2c78", "0x7fcbb10e2c28", "0x7fcbb10e2bd8", "0x7fcbb10e2cc8", "0x7fcbb10e2b38", "0x7fcbb10e2480", "0x7fcbb10e1e18", "0x7fcbb10e1da0", "0x7fcbb10e1d00", "0x7fcbb10e1c10", "0x7fcbb10e1710", "0x7fcbb10e1698", "0x7fcbb10e0ef0", "0x7fcbb10e0158", "0x7fcbb10e0068", "0x7fcbb10dbec8", "0x7fcbb10dbe00", "0x7fcbb10dbd88", "0x7fcbb10dbd10", "0x7fcbb10dbc98", "0x7fcbb10dbc20", "0x7fcbb10dbba8", "0x7fcbb10dbb30", "0x7fcbb10dbab8", "0x7fcbb10dba40", "0x7fcbb10db9c8", "0x7fcbb10db950", "0x7fcbb10db8d8", "0x7fcbb10db7e8", "0x7fcbb10db770", "0x7fcbb10db680", "0x7fcbb10db5e0", "0x7fcbb10db568", "0x7fcbb10db4f0", "0x7fcbb10db478", "0x7fcbb10db360", "0x7fcbb10db2c0", "0x7fcbb10dae10", "0x7fcbb10daa00", "0x7fcbb10da988", "0x7fcbb10da910", "0x7fcbb10da618", "0x7fcbb10da4d8", "0x7fcbb10da460", "0x7fcbb10da000", "0x7fcbb10d19a0", "0x7fcbb10d1270", "0x7fcbb10d0eb0", "0x7fcbb10d0dc0", "0x7fcbb10d0cf8", "0x7fcbb10d0b40", "0x7fcbb10d0870", "0x7fcbb10cbac8", "0x7fcbb10cb7f8", "0x7fcbb10cb708", "0x7fcbb10cb690", "0x7fcbb10cb3e8", "0x7fcbb10ca5d8", "0x7fcbb10ca560", "0x7fcbb10ca4e8", "0x7fcbb10ca268", "0x7fcbb10ca0d8", "0x7fcbb10ca088", "0x7fcbb10c8e68", "0x7fcbb10c8aa8", "0x7fcbb10c8260", "0x7fcbb10c80f8", "0x7fcbb10c3d50", "0x7fcbb10c3be8", "0x7fcbb10c3b20", "0x7fcbb10c3a58", "0x7fcbb10c38a0", "0x7fcbb10c3760", "0x7fcbb10c3670", "0x7fcbb10c30f8", "0x7fcbb10c2d10", "0x7fcbb10c2888", "0x7fcbb10c2658", "0x7fcbb10c2428", "0x7fcbb10c22c0", "0x7fcbb10c0358", "0x7fcbb10c0498", "0x7fcbb10bba88", "0x7fcbb10c0498", "0x7fcbb10bb948", "0x7fcbb10c0498", "0x7fcbb10bb7b8", "0x7fcbb10c0498", "0x7fcbb10bb268", "0x7fcbb10c0498", "0x7fcbb10b9c88", "0x7fcbb10c0498", "0x7fcbb10b9c10", "0x7fcbb10c0498", "0x7fcbb10b9b20", "0x7fcbb10c0498", "0x7fcbb10b9850", "0x7fcbb10c0498", "0x7fcbb10b94e0", "0x7fcbb10c0498", "0x7fcbb10b9490", "0x7fcbb10c0498", "0x7fcbb10b9440", "0x7fcbb10c0498", "0x7fcbb10c0498", "0x7fcbb10c0498", "0x7fcbb10b93a0", "0x7fcbb10c0498", "0x7fcbb10b9350", "0x7fcbb10c0498", "0x7fcbb10b9300", "0x7fcbb10c0498", "0x7fcbb10b9238", "0x7fcbb10c0498", "0x7fcbb10ca240", "0x7fcbb10c0498", "0x7fcbb10b0f98", "0x7fcbb10b8f18", "0x7fcbb107a790", "0x7fcbb10433f8", "0x7fcbb10433f8", "0x7fcbb3003558", "0x7fcbb30036e8", "0x7fcbb3003468", "0x7fcbb30036e8", "0x7fcbb3003378", "0x7fcbb30036e8", "0x7fcbb1985308", "0x7fcbb19745f8", "0x7fcbb1985150", "0x7fcbb19745f8", "0x7fcbb10e2b10"], "memsize":6296, "flags":{"wb_protected":true, "old":true, "long_lived":true, "marked":true}}
{"address":"0x7fcbb10e2ca0", "type":"STRING", "class":"0x7fcbb10e0ef0", "frozen":true, "embedded":true, "fstring":true, "bytesize":11, "value":"BasicObject", "encoding":"US-ASCII", "memsize":40, "flags":{"wb_protected":true, "old":true, "long_lived":true, "marked":true}}
{"address":"0x7fcbb10e2cc8", "type":"CLASS", "class":"0x7fcbb10e23b8", "name":"BasicObject", "references":["0x7fcbb10e2cc8", "0x7fcbb10e2cc8", "0x7fcbb10e2cc8", "0x7fcbb10e2cc8", "0x7fcbb10e2cc8", "0x7fcbb10e2cc8", "0x7fcbb10e2cc8", "0x7fcbb10e2cc8", "0x7fcbb10e2cc8", "0x7fcbb10e2cc8", "0x7fcbb10e2cc8", "0x7fcbb10e2cc8", "0x7fcbb10e2cc8", "0x7fcbb10e2ca0", "0x7fcbb10e2cc8"], "memsize":1512, "flags":{"wb_protected":true, "old":true, "long_lived":true, "marked":true}}
{"address":"0x7fcbb10e2cf0", "type":"STRING", "class":"0x7fcbb10e0ef0", "frozen":true, "embedded":true, "fstring":true, "bytesize":11, "value":"__classid__", "encoding":"US-ASCII", "memsize":40, "flags":{"wb_protected":true, "old":true, "long_lived":true, "marked":true}}
{"address":"0x7fcbb10e2d18", "type":"STRING", "class":"0x7fcbb10e0ef0", "frozen":true, "embedded":true, "fstring":true, "bytesize":17, "value":"__tmp_classpath__", "encoding":"US-ASCII", "memsize":40, "flags":{"wb_protected":true, "old":true, "long_lived":true, "marked":true}}
{"address":"0x7fcbb10e2d40", "type":"STRING", "class":"0x7fcbb10e0ef0", "frozen":true, "embedded":true, "fstring":true, "bytesize":13, "value":"__classpath__", "encoding":"US-ASCII", "memsize":40, "flags":{"wb_protected":true, "old":true, "long_lived":true, "marked":true}}
{"address":"0x7fcbb10e2d68", "type":"STRING", "class":"0x7fcbb10e0ef0", "frozen":true, "embedded":true, "fstring":true, "bytesize":12, "value":"__autoload__", "encoding":"US-ASCII", "memsize":40, "flags":{"wb_protected":true, "old":true, "long_lived":true, "marked":true}}
{"address":"0x7fcbb10e2d90", "type":"STRING", "class":"0x7fcbb10e0ef0", "frozen":true, "embedded":true, "fstring":true, "bytesize":19, "value":"core#hash_merge_kwd", "encoding":"US-ASCII", "memsize":40, "flags":{"wb_protected":true, "old":true, "long_lived":true, "marked":true}}
{"address":"0x7fcbb10e2db8", "type":"STRING", "class":"0x7fcbb10e0ef0", "frozen":true, "embedded":true, "fstring":true, "bytesize":19, "value":"core#hash_merge_ptr", "encoding":"US-ASCII", "memsize":40, "flags":{"wb_protected":true, "old":true, "long_lived":true, "marked":true}}
{"address":"0x7fcbb10e2de0", "type":"STRING", "class":"0x7fcbb10e0ef0", "frozen":true, "embedded":true, "fstring":true, "bytesize":19, "value":"core#hash_merge_ary", "encoding":"US-ASCII", "memsize":40, "flags":{"wb_protected":true, "old":true, "long_lived":true, "marked":true}}
{"address":"0x7fcbb10e2e08", "type":"STRING", "class":"0x7fcbb10e0ef0", "frozen":true, "embedded":true, "fstring":true, "bytesize":18, "value":"core#hash_from_ary", "encoding":"US-ASCII", "memsize":40, "flags":{"wb_protected":true, "old":true, "long_lived":true, "marked":true}}
{"address":"0x7fcbb10e2e30", "type":"STRING", "class":"0x7fcbb10e0ef0", "frozen":true, "embedded":true, "fstring":true, "bytesize":16, "value":"core#set_postexe", "encoding":"US-ASCII", "memsize":40, "flags":{"wb_protected":true, "old":true, "long_lived":true, "marked":true}}
{"address":"0x7fcbb10e2e58", "type":"STRING", "class":"0x7fcbb10e0ef0", "frozen":true, "fstring":true, "bytesize":28, "value":"core#define_singleton_method", "encoding":"US-ASCII", "memsize":69, "flags":{"wb_protected":true, "old":true, "long_lived":true, "marked":true}}
{"address":"0x7fcbb10e2e80", "type":"STRING", "class":"0x7fcbb10e0ef0", "frozen":true, "embedded":true, "fstring":true, "bytesize":18, "value":"core#define_method", "encoding":"US-ASCII", "memsize":40, "flags":{"wb_protected":true, "old":true, "long_lived":true, "marked":true}}
{"address":"0x7fcbb10e2ea8", "type":"STRING", "class":"0x7fcbb10e0ef0", "frozen":true, "embedded":true, "fstring":true, "bytesize":17, "value":"core#undef_method", "encoding":"US-ASCII", "memsize":40, "flags":{"wb_protected":true, "old":true, "long_lived":true, "marked":true}}
{"address":"0x7fcbb10e2ed0", "type":"STRING", "class":"0x7fcbb10e0ef0", "frozen":true, "embedded":true, "fstring":true, "bytesize":23, "value":"core#set_variable_alias", "encoding":"US-ASCII", "memsize":40, "flags":{"wb_protected":true, "old":true, "long_lived":true, "marked":true}}
{"address":"0x7fcbb10e2ef8", "type":"STRING", "class":"0x7fcbb10e0ef0", "frozen":true, "embedded":true, "fstring":true, "bytesize":21, "value":"core#set_method_alias", "encoding":"US-ASCII", "memsize":40, "flags":{"wb_protected":true, "old":true, "long_lived":true, "marked":true}}
{"address":"0x7fcbb10e2f20", "type":"STRING", "class":"0x7fcbb10e0ef0", "frozen":true, "embedded":true, "fstring":true, "bytesize":7, "value":"<CFUNC>", "encoding":"US-ASCII", "memsize":40, "flags":{"wb_protected":true, "old":true, "long_lived":true, "marked":true}}
{"address":"0x7fcbb10e2f48", "type":"STRING", "class":"0x7fcbb10e0ef0", "frozen":true, "embedded":true, "fstring":true, "bytesize":7, "value":"<IFUNC>", "encoding":"US-ASCII", "memsize":40, "flags":{"wb_protected":true, "old":true, "long_lived":true, "marked":true}}
{"address":"0x7fcbb10e2f70", "type":"STRING", "class":"0x7fcbb10e0ef0", "frozen":true, "embedded":true, "fstring":true, "bytesize":19, "value":"respond_to_missing?", "encoding":"US-ASCII", "memsize":40, "flags":{"wb_protected":true, "old":true, "long_lived":true, "marked":true}}
{"address":"0x7fcbb10e2f98", "type":"STRING", "class":"0x7fcbb10e0ef0", "frozen":true, "embedded":true, "fstring":true, "bytesize":11, "value":"respond_to?", "encoding":"US-ASCII", "memsize":40, "flags":{"wb_protected":true, "old":true, "long_lived":true, "marked":true}}
{"address":"0x7fcbb10e2fc0", "type":"STRING", "class":"0x7fcbb10e0ef0", "frozen":true, "embedded":true, "fstring":true, "bytesize":4, "value":"eql?", "encoding":"US-ASCII", "memsize":40, "flags":{"wb_protected":true, "old":true, "long_lived":true, "marked":true}}
{"address":"0x7fcbb10e2fe8", "type":"STRING", "class":"0x7fcbb10e0ef0", "frozen":true, "embedded":true, "fstring":true, "bytesize":6, "value":"empty?", "encoding":"US-ASCII", "memsize":40, "flags":{"wb_protected":true, "old":true, "long_lived":true, "marked":true}}
{"address":"0x7fcbb10e3010", "type":"STRING", "class":"0x7fcbb10e0ef0", "frozen":true, "embedded":true, "fstring":true, "bytesize":0, "value":"", "encoding":"US-ASCII", "memsize":40, "flags":{"wb_protected":true, "old":true, "long_lived":true, "marked":true}}
{"address":"0x7fcbb10e3038", "type":"STRING", "class":"0x7fcbb10e0ef0", "frozen":true, "embedded":true, "fstring":true, "bytesize":1, "value":"_", "encoding":"US-ASCII", "memsize":40, "flags":{"wb_protected":true, "old":true, "long_lived":true, "marked":true}}
{"address":"0x7fcbb10e3060", "type":"STRING", "class":"0x7fcbb10e0ef0", "frozen":true, "embedded":true, "fstring":true, "bytesize":9, "value":"exception", "encoding":"US-ASCII", "memsize":40, "flags":{"wb_protected":true, "old":true, "long_lived":true, "marked":true}}
{"address":"0x7fcbb10e3088", "type":"STRING", "class":"0x7fcbb10e0ef0", "frozen":true, "embedded":true, "fstring":true, "bytesize":4, "value":"mesg", "encoding":"US-ASCII", "memsize":40, "flags":{"wb_protected":true, "old":true, "long_lived":true, "marked":true}}
{"address":"0x7fcbb10e30b0", "type":"STRING", "class":"0x7fcbb10e0ef0", "frozen":true, "embedded":true, "fstring":true, "bytesize":4, "value":"call", "encoding":"US-ASCII", "memsize":40, "flags":{"wb_protected":true, "old":true, "long_lived":true, "marked":true}}
{"address":"0x7fcbb10e30d8", "type":"STRING", "class":"0x7fcbb10e0ef0", "frozen":true, "embedded":true, "fstring":true, "bytesize":12, "value":"bt_locations", "encoding":"US-ASCII", "memsize":40, "flags":{"wb_protected":true, "old":true, "long_lived":true, "marked":true}}
{"address":"0x7fcbb10e3100", "type":"STRING", "class":"0x7fcbb10e0ef0", "frozen":true, "embedded":true, "fstring":true, "bytesize":2, "value":"bt", "encoding":"US-ASCII", "memsize":40, "flags":{"wb_protected":true, "old":true, "long_lived":true, "marked":true}}
{"address":"0x7fcbb10e3128", "type":"STRING", "class":"0x7fcbb10e0ef0", "frozen":true, "embedded":true, "fstring":true, "bytesize":4, "value":"to_i", "encoding":"US-ASCII", "memsize":40, "flags":{"wb_protected":true, "old":true, "long_lived":true, "marked":true}}
{"address":"0x7fcbb10e3150", "type":"STRING", "class":"0x7fcbb10e0ef0", "frozen":true, "embedded":true, "fstring":true, "bytesize":4, "value":"to_s", "encoding":"US-ASCII", "memsize":40, "flags":{"wb_protected":true, "old":true, "long_lived":true, "marked":true}}
{"address":"0x7fcbb10e3178", "type":"STRING", "class":"0x7fcbb10e0ef0", "frozen":true, "embedded":true, "fstring":true, "bytesize":4, "value":"to_a", "encoding":"US-ASCII", "memsize":40, "flags":{"wb_protected":true, "old":true, "long_lived":true, "marked":true}}
{"address":"0x7fcbb10e31a0", "type":"STRING", "class":"0x7fcbb10e0ef0", "frozen":true, "embedded":true, "fstring":true, "bytesize":5, "value":"to_io", "encoding":"US-ASCII", "memsize":40, "flags":{"wb_protected":true, "old":true, "long_lived":true, "marked":true}}
{"address":"0x7fcbb10e31c8", "type":"STRING", "class":"0x7fcbb10e0ef0", "frozen":true, "embedded":true, "fstring":true, "bytesize":7, "value":"to_proc", "encoding":"US-ASCII", "memsize":40, "flags":{"wb_protected":true, "old":true, "long_lived":true, "marked":true}}
{"address":"0x7fcbb10e31f0", "type":"STRING", "class":"0x7fcbb10e0ef0", "frozen":true, "embedded":true, "fstring":true, "bytesize":7, "value":"to_hash", "encoding":"US-ASCII", "memsize":40, "flags":{"wb_protected":true, "old":true, "long_lived":true, "marked":true}}
{"address":"0x7fcbb10e3218", "type":"STRING", "class":"0x7fcbb10e0ef0", "frozen":true, "embedded":true, "fstring":true, "bytesize":6, "value":"to_sym", "encoding":"US-ASCII", "memsize":40, "flags":{"wb_protected":true, "old":true, "long_lived":true, "marked":true}}
{"address":"0x7fcbb10e3240", "type":"STRING", "class":"0x7fcbb10e0ef0", "frozen":true, "embedded":true, "fstring":true, "bytesize":6, "value":"to_str", "encoding":"US-ASCII", "memsize":40, "flags":{"wb_protected":true, "old":true, "long_lived":true, "marked":true}}
{"address":"0x7fcbb10e3268", "type":"STRING", "class":"0x7fcbb10e0ef0", "frozen":true, "embedded":true, "fstring":true, "bytesize":6, "value":"to_ary", "encoding":"US-ASCII", "memsize":40, "flags":{"wb_protected":true, "old":true, "long_lived":true, "marked":true}}
{"address":"0x7fcbb10e3290", "type":"STRING", "class":"0x7fcbb10e0ef0", "frozen":true, "embedded":true, "fstring":true, "bytesize":6, "value":"to_int", "encoding":"US-ASCII", "memsize":40, "flags":{"wb_protected":true, "old":true, "long_lived":true, "marked":true}}
{"address":"0x7fcbb10e32b8", "type":"STRING", "class":"0x7fcbb10e0ef0", "frozen":true, "embedded":true, "fstring":true, "bytesize":14, "value":"initialize_dup", "encoding":"US-ASCII", "memsize":40, "flags":{"wb_protected":true, "old":true, "long_lived":true, "marked":true}}
{"address":"0x7fcbb10e32e0", "type":"STRING", "class":"0x7fcbb10e0ef0", "frozen":true, "embedded":true, "fstring":true, "bytesize":16, "value":"initialize_clone", "encoding":"US-ASCII", "memsize":40, "flags":{"wb_protected":true, "old":true, "long_lived":true, "marked":true}}
{"address":"0x7fcbb10e3308", "type":"STRING", "class":"0x7fcbb10e0ef0", "frozen":true, "embedded":true, "fstring":true, "bytesize":15, "value":"initialize_copy", "encoding":"US-ASCII", "memsize":40, "flags":{"wb_protected":true, "old":true, "long_lived":true, "marked":true}}
{"address":"0x7fcbb10e3330", "type":"STRING", "class":"0x7fcbb10e0ef0", "frozen":true, "embedded":true, "fstring":true, "bytesize":10, "value":"initialize", "encoding":"US-ASCII", "memsize":40, "flags":{"wb_protected":true, "old":true, "long_lived":true, "marked":true}}
{"address":"0x7fcbb10e3358", "type":"STRING", "class":"0x7fcbb10e0ef0", "frozen":true, "embedded":true, "fstring":true, "bytesize":12, "value":"__attached__", "encoding":"US-ASCII", "memsize":40, "flags":{"wb_protected":true, "old":true, "long_lived":true, "marked":true}}
{"address":"0x7fcbb10e3380", "type":"STRING", "class":"0x7fcbb10e0ef0", "frozen":true, "embedded":true, "fstring":true, "bytesize":8, "value":"__send__", "encoding":"US-ASCII", "memsize":40, "flags":{"wb_protected":true, "old":true, "long_lived":true, "marked":true}}
{"address":"0x7fcbb10e33a8", "type":"STRING", "class":"0x7fcbb10e0ef0", "frozen":true, "embedded":true, "fstring":true, "bytesize":4, "value":"send", "encoding":"US-ASCII", "memsize":40, "flags":{"wb_protected":true, "old":true, "long_lived":true, "marked":true}}
{"address":"0x7fcbb10e33d0", "type":"STRING", "class":"0x7fcbb10e0ef0", "frozen":true, "embedded":true, "fstring":true, "bytesize":6, "value":"lambda", "encoding":"US-ASCII", "memsize":40, "flags":{"wb_protected":true, "old":true, "long_lived":true, "marked":true}}
{"address":"0x7fcbb10e33f8", "type":"STRING", "class":"0x7fcbb10e0ef0", "frozen":true, "embedded":true, "fstring":true, "bytesize":4, "value":"proc", "encoding":"US-ASCII", "memsize":40, "flags":{"wb_protected":true, "old":true, "long_lived":true, "marked":true}}
{"address":"0x7fcbb10e3420", "type":"STRING", "class":"0x7fcbb10e0ef0", "frozen":true, "embedded":true, "fstring":true, "bytesize":4, "value":"each", "encoding":"US-ASCII", "memsize":40, "flags":{"wb_protected":true, "old":true, "long_lived":true, "marked":true}}
{"address":"0x7fcbb10e3448", "type":"STRING", "class":"0x7fcbb10e0ef0", "frozen":true, "embedded":true, "fstring":true, "bytesize":4, "value":"succ", "encoding":"US-ASCII", "memsize":40, "flags":{"wb_protected":true, "old":true, "long_lived":true, "marked":true}}
{"address":"0x7fcbb10e3470", "type":"STRING", "class":"0x7fcbb10e0ef0", "frozen":true, "embedded":true, "fstring":true, "bytesize":4, "value":"gets", "encoding":"US-ASCII", "memsize":40, "flags":{"wb_protected":true, "old":true, "long_lived":true, "marked":true}}
{"address":"0x7fcbb10e3498", "type":"STRING", "class":"0x7fcbb10e0ef0", "frozen":true, "embedded":true, "fstring":true, "bytesize":4, "value":"size", "encoding":"US-ASCII", "memsize":40, "flags":{"wb_protected":true, "old":true, "long_lived":true, "marked":true}}
{"address":"0x7fcbb10e34c0", "type":"STRING", "class":"0x7fcbb10e0ef0", "frozen":true, "embedded":true, "fstring":true, "bytesize":6, "value":"length", "encoding":"US-ASCII", "memsize":40, "flags":{"wb_protected":true, "old":true, "long_lived":true, "marked":true}}
{"address":"0x7fcbb10e34e8", "type":"STRING", "class":"0x7fcbb10e0ef0", "frozen":true, "fstring":true, "bytesize":26, "value":"singleton_method_undefined", "encoding":"US-ASCII", "memsize":67, "flags":{"wb_protected":true, "old":true, "long_lived":true, "marked":true}}
{"address":"0x7fcbb10e3510", "type":"STRING", "class":"0x7fcbb10e0ef0", "frozen":true, "embedded":true, "fstring":true, "bytesize":16, "value":"method_undefined", "encoding":"US-ASCII", "memsize":40, "flags":{"wb_protected":true, "old":true, "long_lived":true, "marked":true}}
{"address":"0x7fcbb10e3538", "type":"STRING", "class":"0x7fcbb10e0ef0", "frozen":true, "fstring":true, "bytesize":24, "value":"singleton_method_removed", "encoding":"US-ASCII", "memsize":65, "flags":{"wb_protected":true, "old":true, "long_lived":true, "marked":true}}
{"address":"0x7fcbb10e3560", "type":"STRING", "class":"0x7fcbb10e0ef0", "frozen":true, "embedded":true, "fstring":true, "bytesize":14, "value":"method_removed", "encoding":"US-ASCII", "memsize":40, "flags":{"wb_protected":true, "old":true, "long_lived":true, "marked":true}}
{"address":"0x7fcbb10e3588", "type":"STRING", "class":"0x7fcbb10e0ef0", "frozen":true, "embedded":true, "fstring":true, "bytesize":22, "value":"singleton_method_added", "encoding":"US-ASCII", "memsize":40, "flags":{"wb_protected":true, "old":true, "long_lived":true, "marked":true}}
{"address":"0x7fcbb10e35b0", "type":"STRING", "class":"0x7fcbb10e0ef0", "frozen":true, "embedded":true, "fstring":true, "bytesize":12, "value":"method_added", "encoding":"US-ASCII", "memsize":40, "flags":{"wb_protected":true, "old":true, "long_lived":true, "marked":true}}
{"address":"0x7fcbb10e35d8", "type":"STRING", "class":"0x7fcbb10e0ef0", "frozen":true, "embedded":true, "fstring":true, "bytesize":14, "value":"method_missing", "encoding":"US-ASCII", "memsize":40, "flags":{"wb_protected":true, "old":true, "long_lived":true, "marked":true}}
{"address":"0x7fcbb10e3600", "type":"STRING", "class":"0x7fcbb10e0ef0", "frozen":true, "embedded":true, "fstring":true, "bytesize":13, "value":"const_missing", "encoding":"US-ASCII", "memsize":40, "flags":{"wb_protected":true, "old":true, "long_lived":true, "marked":true}}
{"address":"0x7fcbb10e3628", "type":"STRING", "class":"0x7fcbb10e0ef0", "frozen":true, "embedded":true, "fstring":true, "bytesize":9, "value":"object_id", "encoding":"US-ASCII", "memsize":40, "flags":{"wb_protected":true, "old":true, "long_lived":true, "marked":true}}
{"address":"0x7fcbb10e3650", "type":"STRING", "class":"0x7fcbb10e0ef0", "frozen":true, "embedded":true, "fstring":true, "bytesize":6, "value":"intern", "encoding":"US-ASCII", "memsize":40, "flags":{"wb_protected":true, "old":true, "long_lived":true, "marked":true}}
{"address":"0x7fcbb10e3678", "type":"STRING", "class":"0x7fcbb10e0ef0", "frozen":true, "embedded":true, "fstring":true, "bytesize":7, "value":"inspect", "encoding":"US-ASCII", "memsize":40, "flags":{"wb_protected":true, "old":true, "long_lived":true, "marked":true}}
{"address":"0x7fcbb10e36a0", "type":"STRING", "class":"0x7fcbb10e0ef0", "frozen":true, "embedded":true, "fstring":true, "bytesize":6, "value":"freeze", "encoding":"US-ASCII", "memsize":40, "flags":{"wb_protected":true, "old":true, "long_lived":true, "marked":true}}
{"address":"0x7fcbb10e36c8", "type":"STRING", "class":"0x7fcbb10e0ef0", "frozen":true, "embedded":true, "fstring":true, "bytesize":2, "value":"||", "encoding":"US-ASCII", "memsize":40, "flags":{"wb_protected":true, "old":true, "long_lived":true, "marked":true}}
{"address":"0x7fcbb10e36f0", "type":"STRING", "class":"0x7fcbb10e0ef0", "frozen":true, "embedded":true, "fstring":true, "bytesize":2, "value":"&&", "encoding":"US-ASCII", "memsize":40, "flags":{"wb_protected":true, "old":true, "long_lived":true, "marked":true}}
{"address":"0x7fcbb10e3718", "type":"STRING", "class":"0x7fcbb10e0ef0", "frozen":true, "embedded":true, "fstring":true, "bytesize":2, "value":"::", "encoding":"US-ASCII", "memsize":40, "flags":{"wb_protected":true, "old":true, "long_lived":true, "marked":true}}
{"address":"0x7fcbb10e3740", "type":"STRING", "class":"0x7fcbb10e0ef0", "frozen":true, "embedded":true, "fstring":true, "bytesize":2, "value":">>", "encoding":"US-ASCII", "memsize":40, "flags":{"wb_protected":true, "old":true, "long_lived":true, "marked":true}}
{"address":"0x7fcbb10e3768", "type":"STRING", "class":"0x7fcbb10e0ef0", "frozen":true, "embedded":true, "fstring":true, "bytesize":2, "value":"<<", "encoding":"US-ASCII", "memsize":40, "flags":{"wb_protected":true, "old":true, "long_lived":true, "marked":true}}
{"address":"0x7fcbb10e3790", "type":"STRING", "class":"0x7fcbb10e0ef0", "frozen":true, "embedded":true, "fstring":true, "bytesize":3, "value":"[]=", "encoding":"US-ASCII", "memsize":40, "flags":{"wb_protected":true, "old":true, "long_lived":true, "marked":true}}
{"address":"0x7fcbb10e37b8", "type":"STRING", "class":"0x7fcbb10e0ef0", "frozen":true, "embedded":true, "fstring":true, "bytesize":2, "value":"[]", "encoding":"US-ASCII", "memsize":40, "flags":{"wb_protected":true, "old":true, "long_lived":true, "marked":true}}
{"address":"0x7fcbb10e37e0", "type":"STRING", "class":"0x7fcbb10e0ef0", "frozen":true, "embedded":true, "fstring":true, "bytesize":2, "value":"!~", "encoding":"US-ASCII", "memsize":40, "flags":{"wb_protected":true, "old":true, "long_lived":true, "marked":true}}
{"address":"0x7fcbb10e3808", "type":"STRING", "class":"0x7fcbb10e0ef0", "frozen":true, "embedded":true, "fstring":true, "bytesize":2, "value":"=~", "encoding":"US-ASCII", "memsize":40, "flags":{"wb_protected":true, "old":true, "long_lived":true, "marked":true}}
{"address":"0x7fcbb10e3830", "type":"STRING", "class":"0x7fcbb10e0ef0", "frozen":true, "embedded":true, "fstring":true, "bytesize":2, "value":"!=", "encoding":"US-ASCII", "memsize":40, "flags":{"wb_protected":true, "old":true, "long_lived":true, "marked":true}}
{"address":"0x7fcbb10e3858", "type":"STRING", "class":"0x7fcbb10e0ef0", "frozen":true, "embedded":true, "fstring":true, "bytesize":3, "value":"===", "encoding":"US-ASCII", "memsize":40, "flags":{"wb_protected":true, "old":true, "long_lived":true, "marked":true}}
{"address":"0x7fcbb10e3880", "type":"STRING", "class":"0x7fcbb10e0ef0", "frozen":true, "embedded":true, "fstring":true, "bytesize":2, "value":"==", "encoding":"US-ASCII", "memsize":40, "flags":{"wb_protected":true, "old":true, "long_lived":true, "marked":true}}
{"address":"0x7fcbb10e38a8", "type":"STRING", "class":"0x7fcbb10e0ef0", "frozen":true, "embedded":true, "fstring":true, "bytesize":2, "value":"<=", "encoding":"US-ASCII", "memsize":40, "flags":{"wb_protected":true, "old":true, "long_lived":true, "marked":true}}
{"address":"0x7fcbb10e38d0", "type":"STRING", "class":"0x7fcbb10e0ef0", "frozen":true, "embedded":true, "fstring":true, "bytesize":2, "value":">=", "encoding":"US-ASCII", "memsize":40, "flags":{"wb_protected":true, "old":true, "long_lived":true, "marked":true}}
{"address":"0x7fcbb10e38f8", "type":"STRING", "class":"0x7fcbb10e0ef0", "frozen":true, "embedded":true, "fstring":true, "bytesize":3, "value":"<=>", "encoding":"US-ASCII", "memsize":40, "flags":{"wb_protected":true, "old":true, "long_lived":true, "marked":true}}
{"address":"0x7fcbb10e3920", "type":"STRING", "class":"0x7fcbb10e0ef0", "frozen":true, "embedded":true, "fstring":true, "bytesize":2, "value":"-@", "encoding":"US-ASCII", "memsize":40, "flags":{"wb_protected":true, "old":true, "long_lived":true, "marked":true}}
{"address":"0x7fcbb10e3948", "type":"STRING", "class":"0x7fcbb10e0ef0", "frozen":true, "embedded":true, "fstring":true, "bytesize":2, "value":"+@", "encoding":"US-ASCII", "memsize":40, "flags":{"wb_protected":true, "old":true, "long_lived":true, "marked":true}}
{"address":"0x7fcbb10e3970", "type":"STRING", "class":"0x7fcbb10e0ef0", "frozen":true, "embedded":true, "fstring":true, "bytesize":2, "value":"**", "encoding":"US-ASCII", "memsize":40, "flags":{"wb_protected":true, "old":true, "long_lived":true, "marked":true}}
{"address":"0x7fcbb10e3998", "type":"STRING", "class":"0x7fcbb10e0ef0", "frozen":true, "embedded":true, "fstring":true, "bytesize":3, "value":"...", "encoding":"US-ASCII", "memsize":40, "flags":{"wb_protected":true, "old":true, "long_lived":true, "marked":true}}
{"address":"0x7fcbb10e39c0", "type":"STRING", "class":"0x7fcbb10e0ef0", "frozen":true, "embedded":true, "fstring":true, "bytesize":2, "value":"..", "encoding":"US-ASCII", "memsize":40, "flags":{"wb_protected":true, "old":true, "long_lived":true, "marked":true}}
{"address":"0x7fcbb10e39e8", "type":"STRING", "class":"0x7fcbb10e0ef0", "frozen":true, "embedded":true, "fstring":true, "bytesize":1, "value":"~", "encoding":"US-ASCII", "memsize":40, "flags":{"wb_protected":true, "old":true, "long_lived":true, "marked":true}}
{"address":"0x7fcbb10e3a10", "type":"STRING", "class":"0x7fcbb10e0ef0", "frozen":true, "embedded":true, "fstring":true, "bytesize":1, "value":"}", "encoding":"US-ASCII", "memsize":40, "flags":{"wb_protected":true, "old":true, "long_lived":true, "marked":true}}
{"address":"0x7fcbb10e3a38", "type":"STRING", "class":"0x7fcbb10e0ef0", "frozen":true, "embedded":true, "fstring":true, "bytesize":1, "value":"|", "encoding":"US-ASCII", "memsize":40, "flags":{"wb_protected":true, "old":true, "long_lived":true, "marked":true}}
{"address":"0x7fcbb10e3a60", "type":"STRING", "class":"0x7fcbb10e0ef0", "frozen":true, "embedded":true, "fstring":true, "bytesize":1, "value":"{", "encoding":"US-ASCII", "memsize":40, "flags":{"wb_protected":true, "old":true, "long_lived":true, "marked":true}}
{"address":"0x7fcbb10e3a88", "type":"STRING", "class":"0x7fcbb10e0ef0", "frozen":true, "embedded":true, "fstring":true, "bytesize":1, "value":"`", "encoding":"US-ASCII", "memsize":40, "flags":{"wb_protected":true, "old":true, "long_lived":true, "marked":true}}
{"address":"0x7fcbb10e3ab0", "type":"STRING", "class":"0x7fcbb10e0ef0", "frozen":true, "embedded":true, "fstring":true, "bytesize":1, "value":"^", "encoding":"US-ASCII", "memsize":40, "flags":{"wb_protected":true, "old":true, "long_lived":true, "marked":true}}
{"address":"0x7fcbb10e3ad8", "type":"STRING", "class":"0x7fcbb10e0ef0", "frozen":true, "embedded":true, "fstring":true, "bytesize":1, "value":"]", "encoding":"US-ASCII", "memsize":40, "flags":{"wb_protected":true, "old":true, "long_lived":true, "marked":true}}
{"address":"0x7fcbb10e3b00", "type":"STRING", "class":"0x7fcbb10e0ef0", "frozen":true, "embedded":true, "fstring":true, "bytesize":1, "value":"\\", "encoding":"US-ASCII", "memsize":40, "flags":{"wb_protected":true, "old":true, "long_lived":true, "marked":true}}
{"address":"0x7fcbb10e3b28", "type":"STRING", "class":"0x7fcbb10e0ef0", "frozen":true, "embedded":true, "fstring":true, "bytesize":1, "value":"[", "encoding":"US-ASCII", "memsize":40, "flags":{"wb_protected":true, "old":true, "long_lived":true, "marked":true}}
{"address":"0x7fcbb10e3b50", "type":"STRING", "class":"0x7fcbb10e0ef0", "frozen":true, "embedded":true, "fstring":true, "bytesize":1, "value":"@", "encoding":"US-ASCII", "memsize":40, "flags":{"wb_protected":true, "old":true, "long_lived":true, "marked":true}}
{"address":"0x7fcbb10e3b78", "type":"STRING", "class":"0x7fcbb10e0ef0", "frozen":true, "embedded":true, "fstring":true, "bytesize":1, "value":"?", "encoding":"US-ASCII", "memsize":40, "flags":{"wb_protected":true, "old":true, "long_lived":true, "marked":true}}
{"address":"0x7fcbb10e3ba0", "type":"STRING", "class":"0x7fcbb10e0ef0", "frozen":true, "embedded":true, "fstring":true, "bytesize":1, "value":">", "encoding":"US-ASCII", "memsize":40, "flags":{"wb_protected":true, "old":true, "long_lived":true, "marked":true}}
{"address":"0x7fcbb10e3bc8", "type":"STRING", "class":"0x7fcbb10e0ef0", "frozen":true, "embedded":true, "fstring":true, "bytesize":1, "value":"=", "encoding":"US-ASCII", "memsize":40, "flags":{"wb_protected":true, "old":true, "long_lived":true, "marked":true}}
{"address":"0x7fcbb10e3bf0", "type":"STRING", "class":"0x7fcbb10e0ef0", "frozen":true, "embedded":true, "fstring":true, "bytesize":1, "value":"<", "encoding":"US-ASCII", "memsize":40, "flags":{"wb_protected":true, "old":true, "long_lived":true, "marked":true}}
{"address":"0x7fcbb10e3c18", "type":"STRING", "class":"0x7fcbb10e0ef0", "frozen":true, "embedded":true, "fstring":true, "bytesize":1, "value":";", "encoding":"US-ASCII", "memsize":40, "flags":{"wb_protected":true, "old":true, "long_lived":true, "marked":true}}
{"address":"0x7fcbb10e3c40", "type":"STRING", "class":"0x7fcbb10e0ef0", "frozen":true, "embedded":true, "fstring":true, "bytesize":1, "value":":", "encoding":"US-ASCII", "memsize":40, "flags":{"wb_protected":true, "old":true, "long_lived":true, "marked":true}}
{"address":"0x7fcbb10e3c68", "type":"STRING", "class":"0x7fcbb10e0ef0", "frozen":true, "embedded":true, "fstring":true, "bytesize":1, "value":"/", "encoding":"US-ASCII", "memsize":40, "flags":{"wb_protected":true, "old":true, "long_lived":true, "marked":true}}
{"address":"0x7fcbb10e3c90", "type":"STRING", "class":"0x7fcbb10e0ef0", "frozen":true, "embedded":true, "fstring":true, "bytesize":1, "value":".", "encoding":"US-ASCII", "memsize":40, "flags":{"wb_protected":true, "old":true, "long_lived":true, "marked":true}}
{"address":"0x7fcbb10e3cb8", "type":"STRING", "class":"0x7fcbb10e0ef0", "frozen":true, "embedded":true, "fstring":true, "bytesize":1, "value":"-", "encoding":"US-ASCII", "memsize":40, "flags":{"wb_protected":true, "old":true, "long_lived":true, "marked":true}}
{"address":"0x7fcbb10e3ce0", "type":"STRING", "class":"0x7fcbb10e0ef0", "frozen":true, "embedded":true, "fstring":true, "bytesize":1, "value":",", "encoding":"US-ASCII", "memsize":40, "flags":{"wb_protected":true, "old":true, "long_lived":true, "marked":true}}
{"address":"0x7fcbb10e3d08", "type":"STRING", "class":"0x7fcbb10e0ef0", "frozen":true, "embedded":true, "fstring":true, "bytesize":1, "value":"+", "encoding":"US-ASCII", "memsize":40, "flags":{"wb_protected":true, "old":true, "long_lived":true, "marked":true}}
{"address":"0x7fcbb10e3d30", "type":"STRING", "class":"0x7fcbb10e0ef0", "frozen":true, "embedded":true, "fstring":true, "bytesize":1, "value":"*", "encoding":"US-ASCII", "memsize":40, "flags":{"wb_protected":true, "old":true, "long_lived":true, "marked":true}}
{"address":"0x7fcbb10e3d58", "type":"STRING", "class":"0x7fcbb10e0ef0", "frozen":true, "embedded":true, "fstring":true, "bytesize":1, "value":")", "encoding":"US-ASCII", "memsize":40, "flags":{"wb_protected":true, "old":true, "long_lived":true, "marked":true}}
{"address":"0x7fcbb10e3d80", "type":"STRING", "class":"0x7fcbb10e0ef0", "frozen":true, "embedded":true, "fstring":true, "bytesize":1, "value":"(", "encoding":"US-ASCII", "memsize":40, "flags":{"wb_protected":true, "old":true, "long_lived":true, "marked":true}}
{"address":"0x7fcbb10e3da8", "type":"STRING", "class":"0x7fcbb10e0ef0", "frozen":true, "embedded":true, "fstring":true, "bytesize":1, "value":"'", "encoding":"US-ASCII", "memsize":40, "flags":{"wb_protected":true, "old":true, "long_lived":true, "marked":true}}
{"address":"0x7fcbb10e3dd0", "type":"STRING", "class":"0x7fcbb10e0ef0", "frozen":true, "embedded":true, "fstring":true, "bytesize":1, "value":"&", "encoding":"US-ASCII", "memsize":40, "flags":{"wb_protected":true, "old":true, "long_lived":true, "marked":true}}
{"address":"0x7fcbb10e3df8", "type":"STRING", "class":"0x7fcbb10e0ef0", "frozen":true, "embedded":true, "fstring":true, "bytesize":1, "value":"%", "encoding":"US-ASCII", "memsize":40, "flags":{"wb_protected":true, "old":true, "long_lived":true, "marked":true}}
{"address":"0x7fcbb10e3e20", "type":"STRING", "class":"0x7fcbb10e0ef0", "frozen":true, "embedded":true, "fstring":true, "bytesize":1, "value":"$", "encoding":"US-ASCII", "memsize":40, "flags":{"wb_protected":true, "old":true, "long_lived":true, "marked":true}}
{"address":"0x7fcbb10e3e48", "type":"STRING", "class":"0x7fcbb10e0ef0", "frozen":true, "embedded":true, "fstring":true, "bytesize":1, "value":"#", "encoding":"US-ASCII", "memsize":40, "flags":{"wb_protected":true, "old":true, "long_lived":true, "marked":true}}
{"address":"0x7fcbb10e3e70", "type":"STRING", "class":"0x7fcbb10e0ef0", "frozen":true, "embedded":true, "fstring":true, "bytesize":1, "value":"\"", "encoding":"US-ASCII", "memsize":40, "flags":{"wb_protected":true, "old":true, "long_lived":true, "marked":true}}
{"address":"0x7fcbb10e3e98", "type":"ARRAY", "length":1024, "references":["0x7fcbb10e3ec0", "0x7fcbb10e3e70", "0x7fcbb10e3e48", "0x7fcbb10e3e20", "0x7fcbb10e3df8", "0x7fcbb10e3dd0", "0x7fcbb10e3da8", "0x7fcbb10e3d80", "0x7fcbb10e3d58", "0x7fcbb10e3d30", "0x7fcbb10e3d08", "0x7fcbb10e3ce0", "0x7fcbb10e3cb8", "0x7fcbb10e3c90", "0x7fcbb10e3c68", "0x7fcbb10e3c40", "0x7fcbb10e3c18", "0x7fcbb10e3bf0", "0x7fcbb10e3bc8", "0x7fcbb10e3ba0", "0x7fcbb10e3b78", "0x7fcbb10e3b50", "0x7fcbb10e3b28", "0x7fcbb10e3b00", "0x7fcbb10e3ad8", "0x7fcbb10e3ab0", "0x7fcbb10e3a88", "0x7fcbb10e3a60", "0x7fcbb10e3a38", "0x7fcbb10e3a10", "0x7fcbb10e39e8", "0x7fcbb10e39c0", "0x7fcbb10e3998", "0x7fcbb10e3948", "0x7fcbb10e3920", "0x7fcbb10e3970", "0x7fcbb10e38f8", "0x7fcbb10e3768", "0x7fcbb10e3740", "0x7fcbb10e38a8", "0x7fcbb10e38d0", "0x7fcbb10e3880", "0x7fcbb10e3858", "0x7fcbb10e3830", "0x7fcbb10e3808", "0x7fcbb10e37e0", "0x7fcbb10e37b8", "0x7fcbb10e3790", "0x7fcbb10e3718", "0x7fcbb10e36f0", "0x7fcbb10e36c8", "0x7fcbb10e3010", "0x7fcbb10e2fe8", "0x7fcbb10e2fc0", "0x7fcbb10e2f98", "0x7fcbb10e2f70", "0x7fcbb10e2f48", "0x7fcbb10e2f20", "0x7fcbb10e2ef8", "0x7fcbb10e2ed0", "0x7fcbb10e2ea8", "0x7fcbb10e2e80", "0x7fcbb10e2e58", "0x7fcbb10e2e30", "0x7fcbb10e2e08", "0x7fcbb10e2de0", "0x7fcbb10e2db8", "0x7fcbb10e2d90", "0x7fcbb10e36a0", "0x7fcbb10e3678", "0x7fcbb10e3650", "0x7fcbb10e3628", "0x7fcbb10e3600", "0x7fcbb10e35d8", "0x7fcbb10e35b0", "0x7fcbb10e3588", "0x7fcbb10e3560", "0x7fcbb10e3538", "0x7fcbb10e3510", "0x7fcbb10e34e8", "0x7fcbb10e34c0", "0x7fcbb10e3498", "0x7fcbb10e3470", "0x7fcbb10e3448", "0x7fcbb10e3420", "0x7fcbb10e33f8", "0x7fcbb10e33d0", "0x7fcbb10e33a8", "0x7fcbb10e3380", "0x7fcbb10e3358", "0x7fcbb10e3330", "0x7fcbb10e3308", "0x7fcbb10e32e0", "0x7fcbb10e32b8", "0x7fcbb10e3290", "0x7fcbb10e3268", "0x7fcbb10e3240", "0x7fcbb10e3218", "0x7fcbb10e31f0", "0x7fcbb10e31c8", "0x7fcbb10e31a0", "0x7fcbb10e3178", "0x7fcbb10e3150", "0x7fcbb10e3128", "0x7fcbb10e3100", "0x7fcbb10e30d8", "0x7fcbb10e30b0", "0x7fcbb10e3088", "0x7fcbb10e3060", "0x7fcbb10e3038", "0x7fcbb10e2d68", "0x7fcbb10e2d40", "0x7fcbb10e2d18", "0x7fcbb10e2cf0", "0x7fcbb10e2ca0", "0x7fcbb10e2c50", "0x7fcbb10e2c00", "0x7fcbb10e2bb0", "0x7fcbb10e2b88", "0x7fcbb10e2b60", "0x7fcbb10e2ae8", "0x7fcbb10e2ac0", "0x7fcbb10e2a98", "0x7fcbb10e2a70", "0x7fcbb10e2a48", "0x7fcbb10e2a20", "0x7fcbb10e29f8", "0x7fcbb10e29d0", "0x7fcbb10e29a8", "0x7fcbb10e2980", "0x7fcbb10e2958", "0x7fcbb10e2930", "0x7fcbb10e2908", "0x7fcbb10e28e0", "0x7fcbb10e28b8", "0x7fcbb10e2890", "0x7fcbb10e2868", "0x7fcbb10e2840", "0x7fcbb10e2818", "0x7fcbb10e27f0", "0x7fcbb10e27c8", "0x7fcbb10e27a0", "0x7fcbb10e2778", "0x7fcbb10e2750", "0x7fcbb10e2728", "0x7fcbb10e2700", "0x7fcbb10e26d8", "0x7fcbb10e26b0", "0x7fcbb10e2688", "0x7fcbb10e2660", "0x7fcbb10e2638", "0x7fcbb10e2610", "0x7fcbb10e25e8", "0x7fcbb10e2598", "0x7fcbb10e2570", "0x7fcbb10e2548", "0x7fcbb10e2520", "0x7fcbb10e24f8", "0x7fcbb10e24d0", "0x7fcbb10e24a8", "0x7fcbb10e2390", "0x7fcbb10e2368", "0x7fcbb10e2340", "0x7fcbb10e2318", "0x7fcbb10e22f0", "0x7fcbb10e22c8", "0x7fcbb10e22a0", "0x7fcbb10e2278", "0x7fcbb10e2250", "0x7fcbb10e2228", "0x7fcbb10e2200", "0x7fcbb10e21d8", "0x7fcbb10e21b0", "0x7fcbb10e2188", "0x7fcbb10e2160", "0x7fcbb10e2138", "0x7fcbb10e2110", "0x7fcbb10e20e8", "0x7fcbb10e20c0", "0x7fcbb10e2098", "0x7fcbb10e2070", "0x7fcbb10e2048", "0x7fcbb10e2020", "0x7fcbb10e1ff8", "0x7fcbb10e1fd0", "0x7fcbb10e1fa8", "0x7fcbb10e1f80", "0x7fcbb10e1f58", "0x7fcbb10e1f30", "0x7fcbb10e1f08", "0x7fcbb10e1ee0", "0x7fcbb10e1eb8", "0x7fcbb10e1e90", "0x7fcbb10e1e68", "0x7fcbb10e1e40", "0x7fcbb10e1dc8", "0x7fcbb10e1d50", "0x7fcbb10e1d28", "0x7fcbb10e1cb0", "0x7fcbb10e1c38", "0x7fcbb10e1bc0", "0x7fcbb10e1b98", "0x7fcbb10e1b70", "0x7fcbb10e1b48", "0x7fcbb10e1b20", "0x7fcbb10e1af8", "0x7fcbb10e1ad0", "0x7fcbb10e1aa8", "0x7fcbb10e1a80", "0x7fcbb10e1a58", "0x7fcbb10e1a30", "0x7fcbb10e1a08", "0x7fcbb10e19e0", "0x7fcbb10e19b8", "0x7fcbb10e1990", "0x7fcbb10e1968", "0x7fcbb10e1738", "0x7fcbb10e16e8", "0x7fcbb10e16c0", "0x7fcbb10e1670", "0x7fcbb10e1648", "0x7fcbb10e1620", "0x7fcbb10e15f8", "0x7fcbb10e15d0", "0x7fcbb10e15a8", "0x7fcbb10e1580", "0x7fcbb10e1558", "0x7fcbb10e1530", "0x7fcbb10e1508", "0x7fcbb10e14e0", "0x7fcbb10e14b8", "0x7fcbb10e1490", "0x7fcbb10e1468", "0x7fcbb10e1440", "0x7fcbb10e1418", "0x7fcbb10e13f0", "0x7fcbb10e13c8", "0x7fcbb10e13a0", "0x7fcbb10e1378", "0x7fcbb10e1350", "0x7fcbb10e1328", "0x7fcbb10e1300", "0x7fcbb10e12d8", "0x7fcbb10e12b0", "0x7fcbb10e1288", "0x7fcbb10e1260", "0x7fcbb10e1238", "0x7fcbb10e1210", "0x7fcbb10e11e8", "0x7fcbb10e11c0", "0x7fcbb10e1198", "0x7fcbb10e1170", "0x7fcbb10e1148", "0x7fcbb10e1120", "0x7fcbb10e10f8", "0x7fcbb10e10d0", "0x7fcbb10e10a8", "0x7fcbb10e1080", "0x7fcbb10e1058", "0x7fcbb10e1030", "0x7fcbb10e1008", "0x7fcbb10e0fe0", "0x7fcbb10e0fb8", "0x7fcbb10e0f90", "0x7fcbb10e0f68", "0x7fcbb10e0f40", "0x7fcbb10e0f18", "0x7fcbb10e0e78", "0x7fcbb10e0e50", "0x7fcbb10e0e28", "0x7fcbb10e0e00", "0x7fcbb10e0dd8", "0x7fcbb10e0db0", "0x7fcbb10e0d88", "0x7fcbb10e0d60", "0x7fcbb10e0d38", "0x7fcbb10e0d10", "0x7fcbb10e0ce8", "0x7fcbb10e0cc0", "0x7fcbb10e0c98", "0x7fcbb10e0c70", "0x7fcbb10e0c48", "0x7fcbb10e0c20", "0x7fcbb10e0bf8", "0x7fcbb10e0bd0", "0x7fcbb10e0ba8", "0x7fcbb10e0b80", "0x7fcbb10e0b58", "0x7fcbb10e0b30", "0x7fcbb10e0b08", "0x7fcbb10e0ae0", "0x7fcbb10e0ab8", "0x7fcbb10e0a90", "0x7fcbb10e0a68", "0x7fcbb10e0a40", "0x7fcbb10e0a18", "0x7fcbb10e09f0", "0x7fcbb10e09c8", "0x7fcbb10e09a0", "0x7fcbb10e0978", "0x7fcbb10e0950", "0x7fcbb10e0928", "0x7fcbb10e0900", "0x7fcbb10e08d8", "0x7fcbb10e08b0", "0x7fcbb10e0888", "0x7fcbb10e0860", "0x7fcbb10e0838", "0x7fcbb10e0810", "0x7fcbb10e07e8", "0x7fcbb10e07c0", "0x7fcbb10e0798", "0x7fcbb10e0770", "0x7fcbb10e0748", "0x7fcbb10e0720", "0x7fcbb10e06f8", "0x7fcbb10e06d0", "0x7fcbb10e06a8", "0x7fcbb10e0680", "0x7fcbb10e0658", "0x7fcbb10e0630", "0x7fcbb10e0608", "0x7fcbb10e05e0", "0x7fcbb10e05b8", "0x7fcbb10e0590", "0x7fcbb10e0568", "0x7fcbb10e0540", "0x7fcbb10e0518", "0x7fcbb10e04f0", "0x7fcbb10e04c8", "0x7fcbb10e04a0", "0x7fcbb10e0478", "0x7fcbb10e0450", "0x7fcbb10e0428", "0x7fcbb10e0400", "0x7fcbb10e03d8", "0x7fcbb10e03b0", "0x7fcbb10e0388", "0x7fcbb10e0360", "0x7fcbb10e0338", "0x7fcbb10e0310", "0x7fcbb10e02e8", "0x7fcbb10e02c0", "0x7fcbb10e0298", "0x7fcbb10e0270", "0x7fcbb10e0248", "0x7fcbb10e0220", "0x7fcbb10e01f8", "0x7fcbb10e01d0", "0x7fcbb10e01a8", "0x7fcbb10e0180", "0x7fcbb10e00e0", "0x7fcbb10e00b8", "0x7fcbb10e0090", "0x7fcbb10e0018", "0x7fcbb10dbf90", "0x7fcbb10dbf68", "0x7fcbb10dbf40", "0x7fcbb10dbf18", "0x7fcbb10dbef0", "0x7fcbb10dbe78", "0x7fcbb10dbe50", "0x7fcbb10dbe28", "0x7fcbb10dbdb0", "0x7fcbb10dbd38", "0x7fcbb10dbcc0", "0x7fcbb10dbc48", "0x7fcbb10dbbd0", "0x7fcbb10dbb58", "0x7fcbb10dbae0", "0x7fcbb10dba68", "0x7fcbb10db9f0", "0x7fcbb10db978", "0x7fcbb10db900", "0x7fcbb10db888", "0x7fcbb10db838", "0x7fcbb10db810", "0x7fcbb10db798", "0x7fcbb10db6a8", "0x7fcbb10db630", "0x7fcbb10db608", "0x7fcbb10db590", "0x7fcbb10db518", "0x7fcbb10db4a0", "0x7fcbb10db428", "0x7fcbb10db388", "0x7fcbb10db310", "0x7fcbb10db2e8", "0x7fcbb10db298", "0x7fcbb10db270", "0x7fcbb10db248", "0x7fcbb10db220", "0x7fcbb10db1f8", "0x7fcbb10db1d0", "0x7fcbb10db1a8", "0x7fcbb10db180", "0x7fcbb10db158", "0x7fcbb10db130", "0x7fcbb10db108", "0x7fcbb10db0e0", "0x7fcbb10db0b8", "0x7fcbb10db090", "0x7fcbb10db068", "0x7fcbb10db040", "0x7fcbb10db018", "0x7fcbb10daff0", "0x7fcbb10dafc8", "0x7fcbb10dafa0", "0x7fcbb10daf78", "0x7fcbb10daf50", "0x7fcbb10daf28", "0x7fcbb10daf00"], "memsize":8232, "flags":{"wb_protected":true, "old":true, "long_lived":true, "marked":true}}
{"address":"0x7fcbb10e3ec0", "type":"STRING", "class":"0x7fcbb10e0ef0", "frozen":true, "embedded":true, "fstring":true, "bytesize":1, "value":"!", "encoding":"US-ASCII", "memsize":40, "flags":{"wb_protected":true, "old":true, "long_lived":true, "marked":true}}
{"address":"0x7fcbb10e3ee8", "type":"ARRAY", "length":6, "references":["0x7fcbb10e3e98", "0x7fcbb10daeb0", "0x7fcbb10c9f48", "0x7fcbb10b9558", "0x7fcbb3001780", "0x7fcbb3002158"], "memsize":192, "flags":{"wb_protected":true, "old":true, "long_lived":true, "marked":true}}
{"address":"0x7fcbb10e3f10", "type":"ARRAY", "length":151, "references":["0x7fcbb10e3f38", "0x7fcbb10e3ee8", "0x7fcbb10e1940", "0x7fcbb10db720", "0x7fcbb10db400", "0x7fcbb10daac8", "0x7fcbb10d9f88", "0x7fcbb10d9ee8", "0x7fcbb10d9e48", "0x7fcbb10d9da8", "0x7fcbb10d9d08", "0x7fcbb10d9c68", "0x7fcbb10d9bc8", "0x7fcbb10d9b28", "0x7fcbb10d9a88", "0x7fcbb10d99e8", "0x7fcbb10d9948", "0x7fcbb10d98a8", "0x7fcbb10d9808", "0x7fcbb10d9768", "0x7fcbb10d96c8", "0x7fcbb10d9628", "0x7fcbb10d9588", "0x7fcbb10d94e8", "0x7fcbb10d9448", "0x7fcbb10d93a8", "0x7fcbb10d9308", "0x7fcbb10d9268", "0x7fcbb10d91c8", "0x7fcbb10d9128", "0x7fcbb10d9088", "0x7fcbb10d8fe8", "0x7fcbb10d8f48", "0x7fcbb10d8ea8", "0x7fcbb10d8e08", "0x7fcbb10d8d68", "0x7fcbb10d8cc8", "0x7fcbb10d8c28", "0x7fcbb10d8b88", "0x7fcbb10d8ae8", "0x7fcbb10d8a48", "0x7fcbb10d89a8", "0x7fcbb10d8908", "0x7fcbb10d8868", "0x7fcbb10d87c8", "0x7fcbb10d8728", "0x7fcbb10d8688", "0x7fcbb10d85c0", "0x7fcbb10d8520", "0x7fcbb10d8200", "0x7fcbb10d8160", "0x7fcbb10d80c0", "0x7fcbb10d8020", "0x7fcbb10d3ed0", "0x7fcbb10d3e30", "0x7fcbb10d3d18", "0x7fcbb10d3c78", "0x7fcbb10d3bb0", "0x7fcbb10d3b10", "0x7fcbb10d3930", "0x7fcbb10d3840", "0x7fcbb10d37a0", "0x7fcbb10d3700", "0x7fcbb10d3660", "0x7fcbb10d35c0", "0x7fcbb10d3520", "0x7fcbb10d3480", "0x7fcbb10d33e0", "0x7fcbb10d3340", "0x7fcbb10d32a0", "0x7fcbb10d3200", "0x7fcbb10d3160", "0x7fcbb10d30c0", "0x7fcbb10d3020", "0x7fcbb10d2f80", "0x7fcbb10d2ee0", "0x7fcbb10d2e40", "0x7fcbb10d2da0", "0x7fcbb10d2d00", "0x7fcbb10d2c60", "0x7fcbb10d2bc0", "0x7fcbb10d2b20", "0x7fcbb10d2a80", "0x7fcbb10d29e0", "0x7fcbb10d2940", "0x7fcbb10d28a0", "0x7fcbb10d2800", "0x7fcbb10d2760", "0x7fcbb10d26c0", "0x7fcbb10d2620", "0x7fcbb10d24b8", "0x7fcbb10d2418", "0x7fcbb10d2288", "0x7fcbb10d21e8", "0x7fcbb10d2120", "0x7fcbb10d2080", "0x7fcbb10d1fb8", "0x7fcbb10d1f18", "0x7fcbb10d1e78", "0x7fcbb10d1dd8", "0x7fcbb10d1d38", "0x7fcbb10d1c98", "0x7fcbb10d1bf8", "0x7fcbb10d1b58", "0x7fcbb10d1ab8", "0x7fcbb10d0320", "0x7fcbb10d0280", "0x7fcbb10d01e0", "0x7fcbb10d00f0", "0x7fcbb10cb898", "0x7fcbb10cb348", "0x7fcbb10cb2d0", "0x7fcbb10cb258", "0x7fcbb10cb190", "0x7fcbb10cb078", "0x7fcbb10cafb0", "0x7fcbb10cada8", "0x7fcbb10c9700", "0x7fcbb10c9318", "0x7fcbb10c8198", "0x7fcbb10c3da0", "0x7fcbb10c3aa8", "0x7fcbb10c3620", "0x7fcbb10c2e78", "0x7fcbb10c2bf8", "0x7fcbb10c2b58", "0x7fcbb10c26f8", "0x7fcbb10c25e0", "0x7fcbb10c2518", "0x7fcbb10c23d8", "0x7fcbb10c2360", "0x7fcbb10c04e8", "0x7fcbb10c02e0", "0x7fcbb10c0240", "0x7fcbb10c0100", "0x7fcbb10bbad8", "0x7fcbb10bb0b0", "0x7fcbb10bb010", "0x7fcbb10ba6b0", "0x7fcbb10ba250", "0x7fcbb10ba1d8", "0x7fcbb10b9f80", "0x7fcbb10b9a30", "0x7fcbb10b9648", "0x7fcbb10b8ef0", "0x7fcbb10a9270", "0x7fcbb3003558", "0x7fcbb3003468", "0x7fcbb3003378", "0x7fcbb1906120", "0x7fcbb198f998"], "memsize":8232, "flags":{"wb_protected":true, "old":true, "long_lived":true, "marked":true}}
{"address":"0x7fcbb10e3f38", "type":"HASH", "size":0, "memsize":232, "flags":{"wb_protected":true, "old":true, "long_lived":true, "marked":true}}
{"address":"0x7fcbb10e3f60", "type":"BIGNUM", "class":"0x7fcbb10da000", "frozen":true, "memsize":40, "flags":{"wb_protected":true, "old":true, "long_lived":true, "marked":true}}
{"address":"0x7fcbb10e3f88", "type":"ARRAY", "length":1, "references":["0x7fcbb10e3f10"], "memsize":1064, "flags":{"wb_protected":true, "old":true, "long_lived":true, "marked":true}}
{"address":"0x7fcbb10e3fb0", "type":"HASH", "size":81, "references":["0x7fcbb10e2b38", "0x7fcbb10e2480", "0x7fcbb10e1e18", "0x7fcbb10e1da0", "0x7fcbb10e1d00", "0x7fcbb10e1c10", "0x7fcbb10e1710", "0x7fcbb10e1698", "0x7fcbb10e0ef0", "0x7fcbb10e0158", "0x7fcbb10e0068", "0x7fcbb10dbec8", "0x7fcbb10dbe00", "0x7fcbb10dbd88", "0x7fcbb10dbd10", "0x7fcbb10dbc98", "0x7fcbb10dbc20", "0x7fcbb10dbba8", "0x7fcbb10dbb30", "0x7fcbb10dbab8", "0x7fcbb10dba40", "0x7fcbb10db9c8", "0x7fcbb10db950", "0x7fcbb10db8d8", "0x7fcbb10db7e8", "0x7fcbb10db770", "0x7fcbb10db680", "0x7fcbb10db5e0", "0x7fcbb10db568", "0x7fcbb10db4f0", "0x7fcbb10db478", "0x7fcbb10db360", "0x7fcbb10db2c0", "0x7fcbb10dae10", "0x7fcbb10daa00", "0x7fcbb10da988", "0x7fcbb10da910", "0x7fcbb10da618", "0x7fcbb10da4d8", "0x7fcbb10da460", "0x7fcbb10da000", "0x7fcbb10d19a0", "0x7fcbb10d1270", "0x7fcbb10d0dc0", "0x7fcbb10d0cf8", "0x7fcbb10d0b40", "0x7fcbb10d0870", "0x7fcbb10cbac8", "0x7fcbb10cb7f8", "0x7fcbb10cb708", "0x7fcbb10cb690", "0x7fcbb10cb3e8", "0x7fcbb10ca0d8", "0x7fcbb10ca088", "0x7fcbb10c8e68", "0x7fcbb10c8aa8", "0x7fcbb10c8260", "0x7fcbb10c80f8", "0x7fcbb10c3d50", "0x7fcbb10c3be8", "0x7fcbb10c3b20", "0x7fcbb10c3a58", "0x7fcbb10c38a0", "0x7fcbb10c3760", "0x7fcbb10c3670", "0x7fcbb10c30f8", "0x7fcbb10c2d10", "0x7fcbb10c2888", "0x7fcbb10c2658", "0x7fcbb10c2428", "0x7fcbb10c22c0", "0x7fcbb10bba88", "0x7fcbb10bb948", "0x7fcbb10bb7b8", "0x7fcbb10bb268", "0x7fcbb10b9c88", "0x7fcbb10b9c10", "0x7fcbb10b9b20", "0x7fcbb10b9850", "0x7fcbb10b9238", "0x7fcbb10b0f98"], "memsize":4104, "flags":{"wb_protected":true, "old":true, "long_lived":true, "marked":true}}
{"address":"0x7fcbb18280a0", "type":"DATA", "class":"0x7fcbb10c0100", "struct":"iseq", "references":["0x7fcbb1828460", "0x7fcbb1842fb8", "0x7fcbb10e3330", "0x7fcbb1840970", "0x7fcbb1840970", "0x7fcbb18282f8"], "memsize":1312, "flags":{"wb_protected":true, "old":true, "long_lived":true, "marked":true}}
{"address":"0x7fcbb1828118", "type":"ARRAY", "length":2, "embedded":true, "references":["0x7fcbb1828230", "0x7fcbb18280a0"], "memsize":40, "flags":{"wb_protected":true, "old":true, "long_lived":true, "marked":true}}
{"address":"0x7fcbb1828140", "type":"ARRAY", "length":1, "embedded":true, "references":["0x7fcbb18292e8"], "memsize":40, "flags":{"wb_protected":true, "old":true, "long_lived":true, "marked":true}}
{"address":"0x7fcbb1828168", "type":"STRING", "class":"0x7fcbb10e0ef0", "frozen":true, "embedded":true, "fstring":true, "bytesize":17, "value":"default_cert_path", "encoding":"US-ASCII", "memsize":40, "flags":{"wb_protected":true, "old":true, "long_lived":true, "marked":true}}
{"address":"0x7fcbb1828230", "type":"DATA", "class":"0x7fcbb10c0100", "struct":"iseq", "references":["0x7fcbb1828140", "0x7fcbb1842fb8", "0x7fcbb10e3330", "0x7fcbb1840970", "0x7fcbb1840970", "0x7fcbb18282f8"], "memsize":672, "flags":{"wb_protected":true, "old":true, "long_lived":true, "marked":true}}
{"address":"0x7fcbb18282f8", "type":"NODE", "frozen":true, "node_type":"NODE_CREF", "references":["0x7fcbb1906558", "0x7fcbb2022558"], "memsize":40, "flags":{"wb_protected":true, "old":true, "long_lived":true, "marked":true}}
{"address":"0x7fcbb1828320", "type":"DATA", "class":"0x7fcbb10c0100", "struct":"iseq", "references":["0x7fcbb1828118", "0x7fcbb10e3330", "0x7fcbb10e3330", "0x7fcbb1840970", "0x7fcbb1840970", "0x7fcbb18282f8", "0x7fcbb1906558"], "memsize":2240, "flags":{"wb_protected":true, "old":true, "long_lived":true, "marked":true}}
{"address":"0x7fcbb1828398", "type":"NODE", "frozen":true, "node_type":"NODE_CREF", "references":["0x7fcbb1906558", "0x7fcbb2022558"], "memsize":40, "flags":{"wb_protected":true, "old":true, "long_lived":true, "marked":true}}
{"address":"0x7fcbb18283e8", "type":"DATA", "class":"0x7fcbb10c0100", "struct":"iseq", "references":["0x7fcbb1863060", "0x7fcbb1863060", "0x7fcbb1840970", "0x7fcbb1840970", "0x7fcbb1828398", "0x7fcbb1906558"], "memsize":1024, "flags":{"wb_protected":true, "old":true, "long_lived":true, "marked":true}}
{"address":"0x7fcbb1828460", "type":"ARRAY", "length":1, "embedded":true, "references":["0x7fcbb18292e8"], "memsize":40, "flags":{"wb_protected":true, "old":true, "long_lived":true, "marked":true}}
{"address":"0x7fcbb1828488", "type":"NODE", "frozen":true, "node_type":"NODE_CREF", "references":["0x7fcbb1906558", "0x7fcbb2022558"], "memsize":40, "flags":{"wb_protected":true, "old":true, "long_lived":true, "marked":true}}
{"address":"0x7fcbb18284b0", "type":"DATA", "class":"0x7fcbb10c0100", "struct":"iseq", "references":["0x7fcbb10e2a20", "0x7fcbb10e2a20", "0x7fcbb1840970", "0x7fcbb1840970", "0x7fcbb1828488", "0x7fcbb1906558"], "memsize":1016, "flags":{"wb_protected":true, "old":true, "long_lived":true, "marked":true}}
{"address":"0x7fcbb18284d8", "type":"STRING", "class":"0x7fcbb10e0ef0", "frozen":true, "embedded":true, "fstring":true, "bytesize":13, "value":"DocumentError", "encoding":"US-ASCII", "memsize":40, "flags":{"wb_protected":true, "old":true, "long_lived":true, "marked":true}}
{"address":"0x7fcbb1828528", "type":"NODE", "frozen":true, "node_type":"NODE_CREF", "references":["0x7fcbb1906558", "0x7fcbb2022558"], "memsize":40, "flags":{"wb_protected":true, "old":true, "long_lived":true, "marked":true}}
{"address":"0x7fcbb1828550", "type":"DATA", "class":"0x7fcbb10c0100", "struct":"iseq", "references":["0x7fcbb1870698", "0x7fcbb1870698", "0x7fcbb1840970", "0x7fcbb1840970", "0x7fcbb1828528", "0x7fcbb1906558"], "memsize":768, "flags":{"wb_protected":true, "old":true, "long_lived":true, "marked":true}}
{"address":"0x7fcbb1828578", "type":"STRING", "class":"0x7fcbb10e0ef0", "frozen":true, "embedded":true, "fstring":true, "bytesize":16, "value":"default_key_path", "encoding":"US-ASCII", "memsize":40, "flags":{"wb_protected":true, "old":true, "long_lived":true, "marked":true}}
{"address":"0x7fcbb18285f0", "type":"NODE", "frozen":true, "node_type":"NODE_CREF", "references":["0x7fcbb1906558", "0x7fcbb2022558"], "memsize":40, "flags":{"wb_protected":true, "old":true, "long_lived":true, "marked":true}}
{"address":"0x7fcbb1828618", "type":"DATA", "class":"0x7fcbb10c0100", "struct":"iseq", "references":["0x7fcbb1871610", "0x7fcbb1871610", "0x7fcbb1840970", "0x7fcbb1840970", "0x7fcbb18285f0", "0x7fcbb1906558"], "memsize":472, "flags":{"wb_protected":true, "old":true, "long_lived":true, "marked":true}}
{"address":"0x7fcbb1828690", "type":"NODE", "frozen":true, "node_type":"NODE_CREF", "references":["0x7fcbb1906558", "0x7fcbb2022558"], "memsize":40, "flags":{"wb_protected":true, "old":true, "long_lived":true, "marked":true}}
{"address":"0x7fcbb18286b8", "type":"DATA", "class":"0x7fcbb10c0100", "struct":"iseq", "references":["0x7fcbb1871f98", "0x7fcbb1871f98", "0x7fcbb1840970", "0x7fcbb1840970", "0x7fcbb1828690", "0x7fcbb1906558"], "memsize":416, "flags":{"wb_protected":true, "old":true, "long_lived":true, "marked":true}}
{"address":"0x7fcbb1828730", "type":"NODE", "frozen":true, "node_type":"NODE_CREF", "references":["0x7fcbb1906558", "0x7fcbb2022558"], "memsize":40, "flags":{"wb_protected":true, "old":true, "long_lived":true, "marked":true}}
{"address":"0x7fcbb1828758", "type":"DATA", "class":"0x7fcbb10c0100", "struct":"iseq", "references":["0x7fcbb1888068", "0x7fcbb1888068", "0x7fcbb1840970", "0x7fcbb1840970", "0x7fcbb1828730", "0x7fcbb1906558"], "memsize":536, "flags":{"wb_protected":true, "old":true, "long_lived":true, "marked":true}}
{"address":"0x7fcbb1828780", "type":"ARRAY", "length":1, "embedded":true, "references":["0x7fcbb18287a8"], "memsize":40, "flags":{"wb_protected":true, "old":true, "long_lived":true, "marked":true}}
{"address":"0x7fcbb18287a8", "type":"STRING", "class":"0x7fcbb10e0ef0", "frozen":true, "embedded":true, "fstring":true, "bytesize":18, "value":"gem.build_complete", "encoding":"UTF-8", "memsize":40, "flags":{"wb_protected":true, "old":true, "long_lived":true, "marked":true}}
{"address":"0x7fcbb1828848", "type":"NODE", "frozen":true, "node_type":"NODE_CREF", "references":["0x7fcbb1906558", "0x7fcbb2022558"], "memsize":40, "flags":{"wb_protected":true, "old":true, "long_lived":true, "marked":true}}
{"address":"0x7fcbb1828870", "type":"DATA", "class":"0x7fcbb10c0100", "struct":"iseq", "references":["0x7fcbb1828780", "0x7fcbb1893850", "0x7fcbb1893850", "0x7fcbb1840970", "0x7fcbb1840970", "0x7fcbb1828848", "0x7fcbb1906558"], "memsize":736, "flags":{"wb_protected":true, "old":true, "long_lived":true, "marked":true}}
{"address":"0x7fcbb18288e8", "type":"NODE", "frozen":true, "node_type":"NODE_CREF", "references":["0x7fcbb1906558", "0x7fcbb2022558"], "memsize":40, "flags":{"wb_protected":true, "old":true, "long_lived":true, "marked":true}}
{"address":"0x7fcbb1828910", "type":"DATA", "class":"0x7fcbb10c0100", "struct":"iseq", "references":["0x7fcbb1839be8", "0x7fcbb1839be8", "0x7fcbb1840970", "0x7fcbb1840970", "0x7fcbb18288e8", "0x7fcbb1906558"], "memsize":712, "flags":{"wb_protected":true, "old":true, "long_lived":true, "marked":true}}
{"address":"0x7fcbb1828988", "type":"NODE", "frozen":true, "node_type":"NODE_CREF", "references":["0x7fcbb1906558", "0x7fcbb2022558"], "memsize":40, "flags":{"wb_protected":true, "old":true, "long_lived":true, "marked":true}}
{"address":"0x7fcbb18289b0", "type":"DATA", "class":"0x7fcbb10c0100", "struct":"iseq", "references":["0x7fcbb1880a98", "0x7fcbb1880a98", "0x7fcbb1840970", "0x7fcbb1840970", "0x7fcbb1828988", "0x7fcbb1906558"], "memsize":1208, "flags":{"wb_protected":true, "old":true, "long_lived":true, "marked":true}}
{"address":"0x7fcbb18289d8", "type":"STRING", "class":"0x7fcbb10e0ef0", "frozen":true, "embedded":true, "fstring":true, "bytesize":21, "value":"GemNotInHomeException", "encoding":"US-ASCII", "memsize":40, "flags":{"wb_protected":true, "old":true, "long_lived":true, "marked":true}}
{"address":"0x7fcbb1828a28", "type":"NODE", "frozen":true, "node_type":"NODE_CREF", "references":["0x7fcbb1906558", "0x7fcbb2022558"], "memsize":40, "flags":{"wb_protected":true, "old":true, "long_lived":true, "marked":true}}
{"address":"0x7fcbb1828a50", "type":"DATA", "class":"0x7fcbb10c0100", "struct":"iseq", "references":["0x7fcbb18831f8", "0x7fcbb18831f8", "0x7fcbb1840970", "0x7fcbb1840970", "0x7fcbb1828a28", "0x7fcbb1906558"], "memsize":944, "flags":{"wb_protected":true, "old":true, "long_lived":true, "marked":true}}
{"address":"0x7fcbb1828aa0", "type":"ARRAY", "length":1, "embedded":true, "references":["0x7fcbb1828b68"], "memsize":40, "flags":{"wb_protected":true, "old":true, "long_lived":true, "marked":true}}
{"address":"0x7fcbb1828b68", "type":"DATA", "class":"0x7fcbb10c0100", "struct":"iseq", "references":["0x7fcbb1828b90", "0x7fcbb189a808", "0x7fcbb1840970", "0x7fcbb1840970", "0x7fcbb1828c58"], "memsize":808, "flags":{"wb_protected":true, "old":true, "long_lived":true, "marked":true}}
{"address":"0x7fcbb1828b90", "type":"STRING", "class":"0x7fcbb10e0ef0", "frozen":true, "fstring":true, "bytesize":28, "value":"block in find_all_satisfiers", "memsize":69, "flags":{"wb_protected":true, "old":true, "long_lived":true, "marked":true}}
{"address":"0x7fcbb1828bb8", "type":"DATA", "class":"0x7fcbb10c0100", "struct":"iseq", "references":["0x7fcbb186be90", "0x7fcbb10e3308", "0x7fcbb10e3308", "0x7fcbb1840970", "0x7fcbb1840970", "0x7fcbb1828cd0", "0x7fcbb1906558"], "memsize":816, "flags":{"wb_protected":true, "old":true, "long_lived":true, "marked":true}}
{"address":"0x7fcbb1828c58", "type":"NODE", "frozen":true, "node_type":"NODE_CREF", "references":["0x7fcbb1906558", "0x7fcbb2022558"], "memsize":40, "flags":{"wb_protected":true, "old":true, "long_lived":true, "marked":true}}
{"address":"0x7fcbb1828c80", "type":"DATA", "class":"0x7fcbb10c0100", "struct":"iseq", "references":["0x7fcbb1828aa0", "0x7fcbb189a808", "0x7fcbb189a808", "0x7fcbb1840970", "0x7fcbb1840970", "0x7fcbb1828c58", "0x7fcbb1906558"], "memsize":656, "flags":{"wb_protected":true, "old":true, "long_lived":true, "marked":true}}
{"address":"0x7fcbb1828cd0", "type":"NODE", "frozen":true, "node_type":"NODE_CREF", "references":["0x7fcbb1906558", "0x7fcbb2022558"], "memsize":40, "flags":{"wb_protected":true, "old":true, "long_lived":true, "marked":true}}
{"address":"0x7fcbb1828d20", "type":"NODE", "frozen":true, "node_type":"NODE_CREF", "references":["0x7fcbb1906558", "0x7fcbb2022558"], "memsize":40, "flags":{"wb_protected":true, "old":true, "long_lived":true, "marked":true}}
{"address":"0x7fcbb1828d48", "type":"DATA", "class":"0x7fcbb10c0100", "struct":"iseq", "references":["0x7fcbb1890cb8", "0x7fcbb1890cb8", "0x7fcbb1840970", "0x7fcbb1840970", "0x7fcbb1828d20", "0x7fcbb1906558"], "memsize":600, "flags":{"wb_protected":true, "old":true, "long_lived":true, "marked":true}}
{"address":"0x7fcbb1828d70", "type":"ARRAY", "length":1, "embedded":true, "references":["0x7fcbb1833130"], "memsize":40, "flags":{"wb_protected":true, "old":true, "long_lived":true, "marked":true}}
{"address":"0x7fcbb1828de8", "type":"NODE", "frozen":true, "node_type":"NODE_CREF", "references":["0x7fcbb1906558", "0x7fcbb2022558"], "memsize":40, "flags":{"wb_protected":true, "old":true, "long_lived":true, "marked":true}}
{"address":"0x7fcbb1828e10", "type":"DATA", "class":"0x7fcbb10c0100", "struct":"iseq", "references":["0x7fcbb1828d70", "0x7fcbb1891708", "0x7fcbb1891708", "0x7fcbb1840970", "0x7fcbb1840970", "0x7fcbb1828de8", "0x7fcbb1906558"], "memsize":568, "flags":{"wb_protected":true, "old":true, "long_lived":true, "marked":true}}
{"address":"0x7fcbb1828e88", "type":"NODE", "frozen":true, "node_type":"NODE_CREF", "references":["0x7fcbb1906558", "0x7fcbb2022558"], "memsize":40, "flags":{"wb_protected":true, "old":true, "long_lived":true, "marked":true}}
{"address":"0x7fcbb1828eb0", "type":"DATA", "class":"0x7fcbb10c0100", "struct":"iseq", "references":["0x7fcbb1892108", "0x7fcbb1892108", "0x7fcbb1840970", "0x7fcbb1840970", "0x7fcbb1828e88", "0x7fcbb1906558"], "memsize":600, "flags":{"wb_protected":true, "old":true, "long_lived":true, "marked":true}}
{"address":"0x7fcbb1828f28", "type":"NODE", "frozen":true, "node_type":"NODE_CREF", "references":["0x7fcbb1906558", "0x7fcbb2022558"], "memsize":40, "flags":{"wb_protected":true, "old":true, "long_lived":true, "marked":true}}
{"address":"0x7fcbb1828f50", "type":"DATA", "class":"0x7fcbb10c0100", "struct":"iseq", "references":["0x7fcbb1892d38", "0x7fcbb1892d38", "0x7fcbb1840970", "0x7fcbb1840970", "0x7fcbb1828f28", "0x7fcbb1906558"], "memsize":600, "flags":{"wb_protected":true, "old":true, "long_lived":true, "marked":true}}
{"address":"0x7fcbb1828fc8", "type":"NODE", "frozen":true, "node_type":"NODE_CREF", "references":["0x7fcbb1906558", "0x7fcbb2022558"], "memsize":40, "flags":{"wb_protected":true, "old":true, "long_lived":true, "marked":true}}
{"address":"0x7fcbb1828ff0", "type":"DATA", "class":"0x7fcbb10c0100", "struct":"iseq", "references":["0x7fcbb1028468", "0x7fcbb1028468", "0x7fcbb1840970", "0x7fcbb1840970", "0x7fcbb1828fc8", "0x7fcbb1906558"], "memsize":600, "flags":{"wb_protected":true, "old":true, "long_lived":true, "marked":true}}
{"address":"0x7fcbb1829068", "type":"NODE", "frozen":true, "node_type":"NODE_CREF", "references":["0x7fcbb1906558", "0x7fcbb2022558"], "memsize":40, "flags":{"wb_protected":true, "old":true, "long_lived":true, "marked":true}}
{"address":"0x7fcbb1829090", "type":"DATA", "class":"0x7fcbb10c0100", "struct":"iseq", "references":["0x7fcbb10288f0", "0x7fcbb10288f0", "0x7fcbb1840970", "0x7fcbb1840970", "0x7fcbb1829068", "0x7fcbb1906558"], "memsize":600, "flags":{"wb_protected":true, "old":true, "long_lived":true, "marked":true}}
{"address":"0x7fcbb1829108", "type":"NODE", "frozen":true, "node_type":"NODE_CREF", "references":["0x7fcbb1906558", "0x7fcbb2022558"], "memsize":40, "flags":{"wb_protected":true, "old":true, "long_lived":true, "marked":true}}
{"address":"0x7fcbb1829130", "type":"DATA", "class":"0x7fcbb10c0100", "struct":"iseq", "references":["0x7fcbb1029908", "0x7fcbb1029908", "0x7fcbb1840970", "0x7fcbb1840970", "0x7fcbb1829108", "0x7fcbb1906558"], "memsize":728, "flags":{"wb_protected":true, "old":true, "long_lived":true, "marked":true}}
{"address":"0x7fcbb18291a8", "type":"NODE", "frozen":true, "node_type":"NODE_CREF", "references":["0x7fcbb1906558", "0x7fcbb2022558"], "memsize":40, "flags":{"wb_protected":true, "old":true, "long_lived":true, "marked":true}}
{"address":"0x7fcbb18291d0", "type":"DATA", "class":"0x7fcbb10c0100", "struct":"iseq", "references":["0x7fcbb10e2fc0", "0x7fcbb10e2fc0", "0x7fcbb1840970", "0x7fcbb1840970", "0x7fcbb18291a8", "0x7fcbb1906558"], "memsize":848, "flags":{"wb_protected":true, "old":true, "long_lived":true, "marked":true}}
{"address":"0x7fcbb1829248", "type":"ARRAY", "length":9, "references":["0x7fcbb1829388", "0x7fcbb18294c8", "0x7fcbb18294a0", "0x7fcbb1049d98", "0x7fcbb104a1d0", "0x7fcbb1829428", "0x7fcbb18294c8", "0x7fcbb18294a0", "0x7fcbb1829428"], "memsize":200, "flags":{"wb_protected":true, "old":true, "long_lived":true, "marked":true}}
{"address":"0x7fcbb1829270", "type":"ARRAY", "length":1, "embedded":true, "references":["0x7fcbb18292e8"], "memsize":40, "flags":{"wb_protected":true, "old":true, "long_lived":true, "marked":true}}
{"address":"0x7fcbb18292e8", "type":"STRING", "class":"0x7fcbb10e0ef0", "frozen":true, "embedded":true, "fstring":true, "bytesize":1, "value":"@", "encoding":"UTF-8", "memsize":40, "flags":{"wb_protected":true, "old":true, "long_lived":true, "marked":true}}
{"address":"0x7fcbb1829360", "type":"STRING", "class":"0x7fcbb10e0ef0", "frozen":true, "embedded":true, "fstring":true, "bytesize":2, "value":"%s", "encoding":"US-ASCII", "memsize":40, "flags":{"wb_protected":true, "old":true, "long_lived":true, "marked":true}}
{"address":"0x7fcbb1829388", "type":"DATA", "class":"0x7fcbb10c0100", "struct":"iseq", "references":["0x7fcbb1829270", "0x7fcbb18293b0", "0x7fcbb1898f30", "0x7fcbb1840970", "0x7fcbb1840970", "0x7fcbb1829540"], "memsize":816, "flags":{"wb_protected":true, "old":true, "long_lived":true, "marked":true}}
{"address":"0x7fcbb18293b0", "type":"STRING", "class":"0x7fcbb10e0ef0", "frozen":true, "embedded":true, "fstring":true, "bytesize":20, "value":"block in encode_with", "memsize":40, "flags":{"wb_protected":true, "old":true, "long_lived":true, "marked":true}}
{"address":"0x7fcbb18293d8", "type":"REGEXP", "class":"0x7fcbb10d0b40", "references":["0x7fcbb1829360"], "memsize":494, "flags":{"wb_protected":true, "old":true, "long_lived":true, "marked":true}}
{"address":"0x7fcbb1829428", "type":"STRING", "class":"0x7fcbb10e0ef0", "frozen":true, "embedded":true, "fstring":true, "bytesize":8, "value":"platform", "encoding":"UTF-8", "memsize":40, "flags":{"wb_protected":true, "old":true, "long_lived":true, "marked":true}}
{"address":"0x7fcbb1829450", "type":"STRING", "class":"0x7fcbb10e0ef0", "frozen":true, "embedded":true, "fstring":true, "bytesize":11, "value":"explanation", "encoding":"US-ASCII", "memsize":40, "flags":{"wb_protected":true, "old":true, "long_lived":true, "marked":true}}
{"address":"0x7fcbb18294a0", "type":"STRING", "class":"0x7fcbb10e0ef0", "frozen":true, "embedded":true, "fstring":true, "bytesize":7, "value":"version", "encoding":"UTF-8", "memsize":40, "flags":{"wb_protected":true, "old":true, "long_lived":true, "marked":true}}
{"address":"0x7fcbb18294c8", "type":"STRING", "class":"0x7fcbb10e0ef0", "frozen":true, "embedded":true, "fstring":true, "bytesize":4, "value":"name", "encoding":"UTF-8", "memsize":40, "flags":{"wb_protected":true, "old":true, "long_lived":true, "marked":true}}
{"address":"0x7fcbb1829540", "type":"NODE", "frozen":true, "node_type":"NODE_CREF", "references":["0x7fcbb1906558", "0x7fcbb2022558"], "memsize":40, "flags":{"wb_protected":true, "old":true, "long_lived":true, "marked":true}}
{"address":"0x7fcbb1829568", "type":"DATA", "class":"0x7fcbb10c0100", "struct":"iseq", "references":["0x7fcbb1829248", "0x7fcbb1898f30", "0x7fcbb1898f30", "0x7fcbb1840970", "0x7fcbb1840970", "0x7fcbb1829540", "0x7fcbb1906558"], "memsize":2464, "flags":{"wb_protected":true, "old":true, "long_lived":true, "marked":true}}
{"address":"0x7fcbb18295b8", "type":"ARRAY", "length":1, "embedded":true, "references":["0x7fcbb1052970"], "memsize":40, "flags":{"wb_protected":true, "old":true, "long_lived":true, "marked":true}}
{"address":"0x7fcbb1829658", "type":"STRING", "class":"0x7fcbb10e0ef0", "frozen":true, "fstring":true, "bytesize":24, "value":"block in initialize_copy", "memsize":65, "flags":{"wb_protected":true, "old":true, "long_lived":true, "marked":true}}
{"address":"0x7fcbb1829680", "type":"NODE", "frozen":true, "node_type":"NODE_CREF", "references":["0x7fcbb1906558", "0x7fcbb2022558"], "memsize":40, "flags":{"wb_protected":true, "old":true, "long_lived":true, "marked":true}}
{"address":"0x7fcbb18296a8", "type":"DATA", "class":"0x7fcbb10c0100", "struct":"iseq", "references":["0x7fcbb18295b8", "0x7fcbb18995e8", "0x7fcbb18995e8", "0x7fcbb1840970", "0x7fcbb1840970", "0x7fcbb1829680", "0x7fcbb1906558"], "memsize":1504, "flags":{"wb_protected":true, "old":true, "long_lived":true, "marked":true}}
{"address":"0x7fcbb18296f8", "type":"DATA", "class":"0x7fcbb10c0100", "struct":"iseq", "references":["0x7fcbb182bca0", "0x7fcbb1829658", "0x7fcbb10e3308", "0x7fcbb1840970", "0x7fcbb1840970", "0x7fcbb1828cd0"], "memsize":2336, "flags":{"wb_protected":true, "old":true, "long_lived":true, "marked":true}}
{"address":"0x7fcbb1829720", "type":"ARRAY", "length":1, "embedded":true, "references":["0x7fcbb1829810"], "memsize":40, "flags":{"wb_protected":true, "old":true, "long_lived":true, "marked":true}}
{"address":"0x7fcbb1829810", "type":"DATA", "class":"0x7fcbb10c0100", "struct":"iseq", "references":["0x7fcbb1829838", "0x7fcbb1899a70", "0x7fcbb1840970", "0x7fcbb1840970", "0x7fcbb1829928"], "memsize":728, "flags":{"wb_protected":true, "old":true, "long_lived":true, "marked":true}}
{"address":"0x7fcbb1829838", "type":"STRING", "class":"0x7fcbb10e0ef0", "frozen":true, "fstring":true, "bytesize":33, "value":"block in development_dependencies", "memsize":74, "flags":{"wb_protected":true, "old":true, "long_lived":true, "marked":true}}
{"address":"0x7fcbb1829860", "type":"STRING", "class":"0x7fcbb10e0ef0", "frozen":true, "embedded":true, "fstring":true, "bytesize":11, "value":"exec_format", "encoding":"US-ASCII", "memsize":40, "flags":{"wb_protected":true, "old":true, "long_lived":true, "marked":true}}
{"address":"0x7fcbb18298d8", "type":"STRING", "class":"0x7fcbb10e0ef0", "frozen":true, "embedded":true, "fstring":true, "bytesize":19, "value":"default_exec_format", "encoding":"US-ASCII", "memsize":40, "flags":{"wb_protected":true, "old":true, "long_lived":true, "marked":true}}
{"address":"0x7fcbb1829928", "type":"NODE", "frozen":true, "node_type":"NODE_CREF", "references":["0x7fcbb1906558", "0x7fcbb2022558"], "memsize":40, "flags":{"wb_protected":true, "old":true, "long_lived":true, "marked":true}}
{"address":"0x7fcbb1829950", "type":"DATA", "class":"0x7fcbb10c0100", "struct":"iseq", "references":["0x7fcbb1829720", "0x7fcbb1899a70", "0x7fcbb1899a70", "0x7fcbb1840970", "0x7fcbb1840970", "0x7fcbb1829928", "0x7fcbb1906558"], "memsize":688, "flags":{"wb_protected":true, "old":true, "long_lived":true, "marked":true}}
{"address":"0x7fcbb18299c8", "type":"NODE", "frozen":true, "node_type":"NODE_CREF", "references":["0x7fcbb1906558", "0x7fcbb2022558"], "memsize":40, "flags":{"wb_protected":true, "old":true, "long_lived":true, "marked":true}}
{"address":"0x7fcbb18299f0", "type":"DATA", "class":"0x7fcbb10c0100", "struct":"iseq", "references":["0x7fcbb1899cf0", "0x7fcbb1899cf0", "0x7fcbb1840970", "0x7fcbb1840970", "0x7fcbb18299c8", "0x7fcbb1906558"], "memsize":592, "flags":{"wb_protected":true, "old":true, "long_lived":true, "marked":true}}
{"address":"0x7fcbb1829a40", "type":"ARRAY", "length":1, "embedded":true, "references":["0x7fcbb1829b08"], "memsize":40, "flags":{"wb_protected":true, "old":true, "long_lived":true, "marked":true}}
{"address":"0x7fcbb1829ab8", "type":"STRING", "class":"0x7fcbb10e0ef0", "frozen":true, "fstring":true, "bytesize":24, "value":"conflicting_dependencies", "encoding":"US-ASCII", "memsize":65, "flags":{"wb_protected":true, "old":true, "long_lived":true, "marked":true}}
{"address":"0x7fcbb1829b08", "type":"DATA", "class":"0x7fcbb10c0100", "struct":"iseq", "references":["0x7fcbb1829b30", "0x7fcbb189a038", "0x7fcbb1840970", "0x7fcbb1840970", "0x7fcbb1829bd0"], "memsize":592, "flags":{"wb_protected":true, "old":true, "long_lived":true, "marked":true}}
{"address":"0x7fcbb1829b30", "type":"STRING", "class":"0x7fcbb10e0ef0", "frozen":true, "fstring":true, "bytesize":24, "value":"block in dependent_specs", "memsize":65, "flags":{"wb_protected":true, "old":true, "long_lived":true, "marked":true}}
{"address":"0x7fcbb1829bd0", "type":"NODE", "frozen":true, "node_type":"NODE_CREF", "references":["0x7fcbb1906558", "0x7fcbb2022558"], "memsize":40, "flags":{"wb_protected":true, "old":true, "long_lived":true, "marked":true}}
{"address":"0x7fcbb1829bf8", "type":"DATA", "class":"0x7fcbb10c0100", "struct":"iseq", "references":["0x7fcbb1829a40", "0x7fcbb189a038", "0x7fcbb189a038", "0x7fcbb1840970", "0x7fcbb1840970", "0x7fcbb1829bd0", "0x7fcbb1906558"], "memsize":808, "flags":{"wb_protected":true, "old":true, "long_lived":true, "marked":true}}
{"address":"0x7fcbb1829c48", "type":"ARRAY", "length":1, "embedded":true, "references":["0x7fcbb182a008"], "memsize":40, "flags":{"wb_protected":true, "old":true, "long_lived":true, "marked":true}}
{"address":"0x7fcbb1829cc0", "type":"STRING", "class":"0x7fcbb10e0ef0", "frozen":true, "embedded":true, "fstring":true, "bytesize":10, "value":"vendor_dir", "encoding":"US-ASCII", "memsize":40, "flags":{"wb_protected":true, "old":true, "long_lived":true, "marked":true}}
{"address":"0x7fcbb1829d10", "type":"ARRAY", "length":1, "embedded":true, "references":["0x7fcbb1829f40"], "memsize":40, "flags":{"wb_protected":true, "old":true, "long_lived":true, "marked":true}}
{"address":"0x7fcbb1829d38", "type":"STRING", "class":"0x7fcbb10e0ef0", "frozen":true, "embedded":true, "fstring":true, "bytesize":9, "value":"@conflict", "encoding":"US-ASCII", "memsize":40, "flags":{"wb_protected":true, "old":true, "long_lived":true, "marked":true}}
{"address":"0x7fcbb1829db0", "type":"ARRAY", "length":1, "embedded":true, "references":["0x7fcbb1829e78"], "memsize":40, "flags":{"wb_protected":true, "old":true, "long_lived":true, "marked":true}}
{"address":"0x7fcbb1829e78", "type":"DATA", "class":"0x7fcbb10c0100", "struct":"iseq", "references":["0x7fcbb1829ea0", "0x7fcbb189ac40", "0x7fcbb1840970", "0x7fcbb1840970", "0x7fcbb182a0d0"], "memsize":632, "flags":{"wb_protected":true, "old":true, "long_lived":true, "marked":true}}
{"address":"0x7fcbb1829ea0", "type":"STRING", "class":"0x7fcbb10e0ef0", "frozen":true, "fstring":true, "bytesize":34, "value":"block (3 levels) in dependent_gems", "memsize":75, "flags":{"wb_protected":true, "old":true, "long_lived":true, "marked":true}}
{"address":"0x7fcbb1829ef0", "type":"STRING", "class":"0x7fcbb10e0ef0", "frozen":true, "embedded":true, "fstring":true, "bytesize":8, "value":"conflict", "encoding":"US-ASCII", "memsize":40, "flags":{"wb_protected":true, "old":true, "long_lived":true, "marked":true}}
{"address":"0x7fcbb1829f40", "type":"DATA", "class":"0x7fcbb10c0100", "struct":"iseq", "references":["0x7fcbb1829db0", "0x7fcbb1829f68", "0x7fcbb189ac40", "0x7fcbb1840970", "0x7fcbb1840970", "0x7fcbb182a0d0"], "memsize":1184, "flags":{"wb_protected":true, "old":true, "long_lived":true, "marked":true}}
{"address":"0x7fcbb1829f68", "type":"STRING", "class":"0x7fcbb10e0ef0", "frozen":true, "fstring":true, "bytesize":34, "value":"block (2 levels) in dependent_gems", "memsize":75, "flags":{"wb_protected":true, "old":true, "long_lived":true, "marked":true}}
{"address":"0x7fcbb182a008", "type":"DATA", "class":"0x7fcbb10c0100", "struct":"iseq", "references":["0x7fcbb1829d10", "0x7fcbb182a030", "0x7fcbb189ac40", "0x7fcbb1840970", "0x7fcbb1840970", "0x7fcbb182a0d0"], "memsize":768, "flags":{"wb_protected":true, "old":true, "long_lived":true, "marked":true}}
{"address":"0x7fcbb182a030", "type":"STRING", "class":"0x7fcbb10e0ef0", "frozen":true, "embedded":true, "fstring":true, "bytesize":23, "value":"block in dependent_gems", "memsize":40, "flags":{"wb_protected":true, "old":true, "long_lived":true, "marked":true}}
{"address":"0x7fcbb182a0a8", "type":"STRING", "class":"0x7fcbb10e0ef0", "frozen":true, "fstring":true, "bytesize":25, "value":"DependencyResolutionError", "encoding":"US-ASCII", "memsize":66, "flags":{"wb_protected":true, "old":true, "long_lived":true, "marked":true}}
{"address":"0x7fcbb182a0d0", "type":"NODE", "frozen":true, "node_type":"NODE_CREF", "references":["0x7fcbb1906558", "0x7fcbb2022558"], "memsize":40, "flags":{"wb_protected":true, "old":true, "long_lived":true, "marked":true}}
{"address":"0x7fcbb182a0f8", "type":"STRING", "class":"0x7fcbb10e0ef0", "frozen":true, "embedded":true, "fstring":true, "bytesize":12, "value":"default_path", "encoding":"US-ASCII", "memsize":40, "flags":{"wb_protected":true, "old":true, "long_lived":true, "marked":true}}
{"address":"0x7fcbb182a120", "type":"DATA", "class":"0x7fcbb10c0100", "struct":"iseq", "references":["0x7fcbb1829c48", "0x7fcbb189ac40", "0x7fcbb189ac40", "0x7fcbb1840970", "0x7fcbb1840970", "0x7fcbb182a0d0", "0x7fcbb1906558"], "memsize":760, "flags":{"wb_protected":true, "old":true, "long_lived":true, "marked":true}}
{"address":"0x7fcbb182a198", "type":"NODE", "frozen":true, "node_type":"NODE_CREF", "references":["0x7fcbb1906558", "0x7fcbb2022558"], "memsize":40, "flags":{"wb_protected":true, "old":true, "long_lived":true, "marked":true}}
{"address":"0x7fcbb182a1c0", "type":"DATA", "class":"0x7fcbb10c0100", "struct":"iseq", "references":["0x7fcbb1839cd8", "0x7fcbb1839cd8", "0x7fcbb1840970", "0x7fcbb1840970", "0x7fcbb182a198", "0x7fcbb1906558"], "memsize":592, "flags":{"wb_protected":true, "old":true, "long_lived":true, "marked":true}}
{"address":"0x7fcbb182a238", "type":"NODE", "frozen":true, "node_type":"NODE_CREF", "references":["0x7fcbb1906558", "0x7fcbb2022558"], "memsize":40, "flags":{"wb_protected":true, "old":true, "long_lived":true, "marked":true}}
{"address":"0x7fcbb182a260", "type":"DATA", "class":"0x7fcbb10c0100", "struct":"iseq", "references":["0x7fcbb189b230", "0x7fcbb189b230", "0x7fcbb1840970", "0x7fcbb1840970", "0x7fcbb182a238", "0x7fcbb1906558"], "memsize":560, "flags":{"wb_protected":true, "old":true, "long_lived":true, "marked":true}}
{"address":"0x7fcbb182a2d8", "type":"NODE", "frozen":true, "node_type":"NODE_CREF", "references":["0x7fcbb1906558", "0x7fcbb2022558"], "memsize":40, "flags":{"wb_protected":true, "old":true, "long_lived":true, "marked":true}}
{"address":"0x7fcbb182a300", "type":"DATA", "class":"0x7fcbb10c0100", "struct":"iseq", "references":["0x7fcbb1858228", "0x7fcbb1858228", "0x7fcbb1840970", "0x7fcbb1840970", "0x7fcbb182a2d8", "0x7fcbb1906558"], "memsize":1456, "flags":{"wb_protected":true, "old":true, "long_lived":true, "marked":true}}
{"address":"0x7fcbb182a328", "type":"ARRAY", "length":2, "embedded":true, "references":["0x7fcbb1031388", "0x7fcbb182a378"], "memsize":40, "flags":{"wb_protected":true, "old":true, "long_lived":true, "marked":true}}
{"address":"0x7fcbb182a350", "type":"STRING", "class":"0x7fcbb10e0ef0", "frozen":true, "embedded":true, "fstring":true, "bytesize":14, "value":"path_separator", "encoding":"US-ASCII", "memsize":40, "flags":{"wb_protected":true, "old":true, "long_lived":true, "marked":true}}
{"address":"0x7fcbb182a378", "type":"STRING", "class":"0x7fcbb10e0ef0", "frozen":true, "fstring":true, "bytesize":38, "value":"invalid date format in specification: ", "encoding":"UTF-8", "memsize":79, "flags":{"wb_protected":true, "old":true, "long_lived":true, "marked":true}}
{"address":"0x7fcbb182a418", "type":"NODE", "frozen":true, "node_type":"NODE_CREF", "references":["0x7fcbb1906558", "0x7fcbb2022558"], "memsize":40, "flags":{"wb_protected":true, "old":true, "long_lived":true, "marked":true}}
{"address":"0x7fcbb182a440", "type":"DATA", "class":"0x7fcbb10c0100", "struct":"iseq", "references":["0x7fcbb182a328", "0x7fcbb1882f50", "0x7fcbb1882f50", "0x7fcbb1840970", "0x7fcbb1840970", "0x7fcbb182a418", "0x7fcbb1906558"], "memsize":3704, "flags":{"wb_protected":true, "old":true, "long_lived":true, "marked":true}}
{"address":"0x7fcbb182a468", "type":"ARRAY", "length":1, "embedded":true, "references":["0x7fcbb10e2c78"], "memsize":40, "flags":{"wb_protected":true, "old":true, "long_lived":true, "marked":true}}
{"address":"0x7fcbb182a4e0", "type":"NODE", "frozen":true, "node_type":"NODE_CREF", "references":["0x7fcbb1906558", "0x7fcbb2022558"], "memsize":40, "flags":{"wb_protected":true, "old":true, "long_lived":true, "marked":true}}
{"address":"0x7fcbb182a508", "type":"DATA", "class":"0x7fcbb10c0100", "struct":"iseq", "references":["0x7fcbb182a468", "0x7fcbb10e3858", "0x7fcbb10e3858", "0x7fcbb1840970", "0x7fcbb1840970", "0x7fcbb182a4e0", "0x7fcbb1904258"], "memsize":720, "flags":{"wb_protected":true, "old":true, "long_lived":true, "marked":true}}
{"address":"0x7fcbb182a580", "type":"NODE", "frozen":true, "node_type":"NODE_CREF", "references":["0x7fcbb1906558", "0x7fcbb2022558"], "memsize":40, "flags":{"wb_protected":true, "old":true, "long_lived":true, "marked":true}}
{"address":"0x7fcbb182a5a8", "type":"DATA", "class":"0x7fcbb10c0100", "struct":"iseq", "references":["0x7fcbb184b078", "0x7fcbb184b078", "0x7fcbb1840970", "0x7fcbb1840970", "0x7fcbb182a580", "0x7fcbb1906558"], "memsize":648, "flags":{"wb_protected":true, "old":true, "long_lived":true, "marked":true}}
{"address":"0x7fcbb182a5f8", "type":"ARRAY", "length":1, "embedded":true, "references":["0x7fcbb182a6c0"], "memsize":40, "flags":{"wb_protected":true, "old":true, "long_lived":true, "marked":true}}
{"address":"0x7fcbb182a648", "type":"STRING", "class":"0x7fcbb10e0ef0", "frozen":true, "fstring":true, "bytesize":26, "value":"DependencyRemovalException", "encoding":"US-ASCII", "memsize":67, "flags":{"wb_protected":true, "old":true, "long_lived":true, "marked":true}}
{"address":"0x7fcbb182a6c0", "type":"DATA", "class":"0x7fcbb10c0100", "struct":"iseq", "references":["0x7fcbb182a6e8", "0x7fcbb183a340", "0x7fcbb1840970", "0x7fcbb1840970", "0x7fcbb182a7b0"], "memsize":1912, "flags":{"wb_protected":true, "old":true, "long_lived":true, "marked":true}}
{"address":"0x7fcbb182a6e8", "type":"STRING", "class":"0x7fcbb10e0ef0", "frozen":true, "embedded":true, "fstring":true, "bytesize":18, "value":"block in conflicts", "memsize":40, "flags":{"wb_protected":true, "old":true, "long_lived":true, "marked":true}}
{"address":"0x7fcbb182a7b0", "type":"NODE", "frozen":true, "node_type":"NODE_CREF", "references":["0x7fcbb1906558", "0x7fcbb2022558"], "memsize":40, "flags":{"wb_protected":true, "old":true, "long_lived":true, "marked":true}}
{"address":"0x7fcbb182a7d8", "type":"DATA", "class":"0x7fcbb10c0100", "struct":"iseq", "references":["0x7fcbb182a5f8", "0x7fcbb183a340", "0x7fcbb183a340", "0x7fcbb1840970", "0x7fcbb1840970", "0x7fcbb182a7b0", "0x7fcbb1906558"], "memsize":800, "flags":{"wb_protected":true, "old":true, "long_lived":true, "marked":true}}
{"address":"0x7fcbb182a800", "type":"ARRAY", "length":1, "embedded":true, "references":["0x7fcbb1833130"], "memsize":40, "flags":{"wb_protected":true, "old":true, "long_lived":true, "marked":true}}
{"address":"0x7fcbb182a878", "type":"NODE", "frozen":true, "node_type":"NODE_CREF", "references":["0x7fcbb1906558", "0x7fcbb2022558"], "memsize":40, "flags":{"wb_protected":true, "old":true, "long_lived":true, "marked":true}}
{"address":"0x7fcbb182a8c8", "type":"DATA", "class":"0x7fcbb10c0100", "struct":"iseq", "references":["0x7fcbb182a800", "0x7fcbb18912d0", "0x7fcbb18912d0", "0x7fcbb1840970", "0x7fcbb1840970", "0x7fcbb182a878", "0x7fcbb1906558"], "memsize":1064, "flags":{"wb_protected":true, "old":true, "long_lived":true, "marked":true}}
{"address":"0x7fcbb182a8f0", "type":"ARRAY", "length":1, "embedded":true, "references":["0x7fcbb1052998"], "memsize":40, "flags":{"wb_protected":true, "old":true, "long_lived":true, "marked":true}}
{"address":"0x7fcbb182a940", "type":"STRING", "class":"0x7fcbb10e0ef0", "frozen":true, "embedded":true, "fstring":true, "bytesize":15, "value":"DependencyError", "encoding":"US-ASCII", "memsize":40, "flags":{"wb_protected":true, "old":true, "long_lived":true, "marked":true}}
{"address":"0x7fcbb182a968", "type":"NODE", "frozen":true, "node_type":"NODE_CREF", "references":["0x7fcbb1906558", "0x7fcbb2022558"], "memsize":40, "flags":{"wb_protected":true, "old":true, "long_lived":true, "marked":true}}
{"address":"0x7fcbb182a990", "type":"DATA", "class":"0x7fcbb10c0100", "struct":"iseq", "references":["0x7fcbb182a8f0", "0x7fcbb1891690", "0x7fcbb1891690", "0x7fcbb1840970", "0x7fcbb1840970", "0x7fcbb182a968", "0x7fcbb1906558"], "memsize":912, "flags":{"wb_protected":true, "old":true, "long_lived":true, "marked":true}}
{"address":"0x7fcbb182a9b8", "type":"ARRAY", "length":3, "embedded":true, "references":["0x7fcbb182aa58", "0x7fcbb182aa08", "0x7fcbb182a9e0"], "memsize":40, "flags":{"wb_protected":true, "old":true, "long_lived":true, "marked":true}}
{"address":"0x7fcbb182a9e0", "type":"STRING", "class":"0x7fcbb10e0ef0", "frozen":true, "embedded":true, "fstring":true, "bytesize":21, "value":" is bundled with Ruby", "encoding":"UTF-8", "memsize":40, "flags":{"wb_protected":true, "old":true, "long_lived":true, "marked":true}}
{"address":"0x7fcbb182aa08", "type":"STRING", "class":"0x7fcbb10e0ef0", "frozen":true, "embedded":true, "fstring":true, "bytesize":5, "value":"This ", "encoding":"UTF-8", "memsize":40, "flags":{"wb_protected":true, "old":true, "long_lived":true, "marked":true}}
{"address":"0x7fcbb182aa30", "type":"STRING", "class":"0x7fcbb10e0ef0", "frozen":true, "fstring":true, "bytesize":34, "capacity":46, "value":"rescue in block in initialize_copy", "memsize":87, "flags":{"wb_protected":true, "old":true, "long_lived":true, "marked":true}}
{"address":"0x7fcbb182aa58", "type":"STRING", "class":"0x7fcbb10e0ef0", "frozen":true, "embedded":true, "fstring":true, "bytesize":5, "value":"2.0.0", "encoding":"UTF-8", "memsize":40, "flags":{"wb_protected":true, "old":true, "long_lived":true, "marked":true}}
{"address":"0x7fcbb182aad0", "type":"NODE", "frozen":true, "node_type":"NODE_CREF", "references":["0x7fcbb1906558", "0x7fcbb2022558"], "memsize":40, "flags":{"wb_protected":true, "old":true, "long_lived":true, "marked":true}}
{"address":"0x7fcbb182aaf8", "type":"STRING", "class":"0x7fcbb10e0ef0", "frozen":true, "embedded":true, "fstring":true, "bytesize":5, "value":"parts", "encoding":"US-ASCII", "memsize":40, "flags":{"wb_protected":true, "old":true, "long_lived":true, "marked":true}}
{"address":"0x7fcbb182ab20", "type":"DATA", "class":"0x7fcbb10c0100", "struct":"iseq", "references":["0x7fcbb182a9b8", "0x7fcbb1891c58", "0x7fcbb1891c58", "0x7fcbb1840970", "0x7fcbb1840970", "0x7fcbb182aad0", "0x7fcbb1906558"], "memsize":1376, "flags":{"wb_protected":true, "old":true, "long_lived":true, "marked":true}}
{"address":"0x7fcbb182ab48", "type":"ARRAY", "length":1, "embedded":true, "references":["0x7fcbb182ab98"], "memsize":40, "flags":{"wb_protected":true, "old":true, "long_lived":true, "marked":true}}
{"address":"0x7fcbb182ab70", "type":"STRING", "class":"0x7fcbb10e0ef0", "frozen":true, "embedded":true, "fstring":true, "bytesize":8, "value":"user_dir", "encoding":"US-ASCII", "memsize":40, "flags":{"wb_protected":true, "old":true, "long_lived":true, "marked":true}}
{"address":"0x7fcbb182ab98", "type":"STRING", "class":"0x7fcbb10e0ef0", "frozen":true, "embedded":true, "fstring":true, "bytesize":5, "value":".info", "encoding":"UTF-8", "memsize":40, "flags":{"wb_protected":true, "old":true, "long_lived":true, "marked":true}}
{"address":"0x7fcbb182ac10", "type":"NODE", "frozen":true, "node_type":"NODE_CREF", "references":["0x7fcbb1906558", "0x7fcbb2022558"], "memsize":40, "flags":{"wb_protected":true, "old":true, "long_lived":true, "marked":true}}
{"address":"0x7fcbb182ac38", "type":"DATA", "class":"0x7fcbb10c0100", "struct":"iseq", "references":["0x7fcbb182ab48", "0x7fcbb1039dd0", "0x7fcbb1039dd0", "0x7fcbb1840970", "0x7fcbb1840970", "0x7fcbb182ac10", "0x7fcbb1906558"], "memsize":888, "flags":{"wb_protected":true, "old":true, "long_lived":true, "marked":true}}
{"address":"0x7fcbb182ac60", "type":"ARRAY", "length":1, "embedded":true, "references":["0x7fcbb10529c0"], "memsize":40, "flags":{"wb_protected":true, "old":true, "long_lived":true, "marked":true}}
{"address":"0x7fcbb182acd8", "type":"NODE", "frozen":true, "node_type":"NODE_CREF", "references":["0x7fcbb1906558", "0x7fcbb2022558"], "memsize":40, "flags":{"wb_protected":true, "old":true, "long_lived":true, "marked":true}}
{"address":"0x7fcbb182ad00", "type":"DATA", "class":"0x7fcbb10c0100", "struct":"iseq", "references":["0x7fcbb182ac60", "0x7fcbb1892388", "0x7fcbb1892388", "0x7fcbb1840970", "0x7fcbb1840970", "0x7fcbb182acd8", "0x7fcbb1906558"], "memsize":736, "flags":{"wb_protected":true, "old":true, "long_lived":true, "marked":true}}
{"address":"0x7fcbb182ada0", "type":"STRING", "class":"0x7fcbb10e0ef0", "frozen":true, "embedded":true, "fstring":true, "bytesize":21, "value":"default_rubygems_dirs", "encoding":"US-ASCII", "memsize":40, "flags":{"wb_protected":true, "old":true, "long_lived":true, "marked":true}}
{"address":"0x7fcbb182ae18", "type":"STRING", "class":"0x7fcbb10e0ef0", "frozen":true, "embedded":true, "fstring":true, "bytesize":16, "value":"CommandLineError", "encoding":"US-ASCII", "memsize":40, "flags":{"wb_protected":true, "old":true, "long_lived":true, "marked":true}}
{"address":"0x7fcbb182ae40", "type":"DATA", "class":"0x7fcbb10c0100", "struct":"iseq", "references":["0x7fcbb182ae68", "0x7fcbb1893d00", "0x7fcbb1840970", "0x7fcbb1840970", "0x7fcbb182b098"], "memsize":888, "flags":{"wb_protected":true, "old":true, "long_lived":true, "marked":true}}
{"address":"0x7fcbb182ae68", "type":"STRING", "class":"0x7fcbb10e0ef0", "frozen":true, "fstring":true, "bytesize":25, "value":"block in build_extensions", "memsize":66, "flags":{"wb_protected":true, "old":true, "long_lived":true, "marked":true}}
{"address":"0x7fcbb182aeb8", "type":"STRING", "class":"0x7fcbb10e0ef0", "frozen":true, "embedded":true, "fstring":true, "bytesize":12, "value":"rubygems/ext", "encoding":"UTF-8", "memsize":40, "flags":{"wb_protected":true, "old":true, "long_lived":true, "marked":true}}
{"address":"0x7fcbb182aee0", "type":"ARRAY", "length":8, "references":["0x7fcbb182af58", "0x7fcbb182ae40", "0x7fcbb182afd0", "0x7fcbb1052948", "0x7fcbb1043998", "0x7fcbb182aeb8", "0x7fcbb10499b0", "0x7fcbb182af58"], "memsize":200, "flags":{"wb_protected":true, "old":true, "long_lived":true, "marked":true}}
{"address":"0x7fcbb182af58", "type":"DATA", "class":"0x7fcbb10c0100", "struct":"iseq", "references":["0x7fcbb182af80", "0x7fcbb1893d00", "0x7fcbb1840970", "0x7fcbb1840970", "0x7fcbb182b098"], "memsize":936, "flags":{"wb_protected":true, "old":true, "long_lived":true, "marked":true}}
{"address":"0x7fcbb182af80", "type":"STRING", "class":"0x7fcbb10e0ef0", "frozen":true, "fstring":true, "bytesize":26, "capacity":46, "value":"ensure in build_extensions", "memsize":87, "flags":{"wb_protected":true, "old":true, "long_lived":true, "marked":true}}
{"address":"0x7fcbb182afd0", "type":"STRING", "class":"0x7fcbb10e0ef0", "frozen":true, "embedded":true, "fstring":true, "bytesize":15, "value":"2.2.0.preview.2", "encoding":"UTF-8", "memsize":40, "flags":{"wb_protected":true, "old":true, "long_lived":true, "marked":true}}
{"address":"0x7fcbb182aff8", "type":"STRING", "class":"0x7fcbb10e0ef0", "frozen":true, "embedded":true, "fstring":true, "bytesize":8, "value":"base_dir", "encoding":"US-ASCII", "memsize":40, "flags":{"wb_protected":true, "old":true, "long_lived":true, "marked":true}}
{"address":"0x7fcbb182b020", "type":"STRING", "class":"0x7fcbb10e0ef0", "frozen":true, "embedded":true, "fstring":true, "bytesize":19, "value":"default_ext_dir_for", "encoding":"US-ASCII", "memsize":40, "flags":{"wb_protected":true, "old":true, "long_lived":true, "marked":true}}
{"address":"0x7fcbb182b098", "type":"NODE", "frozen":true, "node_type":"NODE_CREF", "references":["0x7fcbb1906558", "0x7fcbb2022558"], "memsize":40, "flags":{"wb_protected":true, "old":true, "long_lived":true, "marked":true}}
{"address":"0x7fcbb182b0c0", "type":"DATA", "class":"0x7fcbb10c0100", "struct":"iseq", "references":["0x7fcbb182aee0", "0x7fcbb1893d00", "0x7fcbb1893d00", "0x7fcbb1840970", "0x7fcbb1840970", "0x7fcbb182b098", "0x7fcbb1906558"], "memsize":5600, "flags":{"wb_protected":true, "old":true, "long_lived":true, "marked":true}}
{"address":"0x7fcbb182b110", "type":"ARRAY", "length":2, "embedded":true, "references":["0x7fcbb182b1d8", "0x7fcbb1049d98"], "memsize":40, "flags":{"wb_protected":true, "old":true, "long_lived":true, "marked":true}}
{"address":"0x7fcbb182b188", "type":"STRING", "class":"0x7fcbb10e0ef0", "frozen":true, "embedded":true, "fstring":true, "bytesize":16, "value":"source_exception", "encoding":"US-ASCII", "memsize":40, "flags":{"wb_protected":true, "old":true, "long_lived":true, "marked":true}}
{"address":"0x7fcbb182b1d8", "type":"DATA", "class":"0x7fcbb10c0100", "struct":"iseq", "references":["0x7fcbb182b200", "0x7fcbb103a190", "0x7fcbb1840970", "0x7fcbb1840970", "0x7fcbb182b2a0"], "memsize":592, "flags":{"wb_protected":true, "old":true, "long_lived":true, "marked":true}}
{"address":"0x7fcbb182b200", "type":"STRING", "class":"0x7fcbb10e0ef0", "frozen":true, "embedded":true, "fstring":true, "bytesize":19, "value":"block in build_args", "memsize":40, "flags":{"wb_protected":true, "old":true, "long_lived":true, "marked":true}}
{"address":"0x7fcbb182b2a0", "type":"NODE", "frozen":true, "node_type":"NODE_CREF", "references":["0x7fcbb1906558", "0x7fcbb2022558"], "memsize":40, "flags":{"wb_protected":true, "old":true, "long_lived":true, "marked":true}}
{"address":"0x7fcbb182b2c8", "type":"DATA", "class":"0x7fcbb10c0100", "struct":"iseq", "references":["0x7fcbb182b110", "0x7fcbb103a190", "0x7fcbb103a190", "0x7fcbb1840970", "0x7fcbb1840970", "0x7fcbb182b2a0", "0x7fcbb1906558"], "memsize":1608, "flags":{"wb_protected":true, "old":true, "long_lived":true, "marked":true}}
{"address":"0x7fcbb182b340", "type":"NODE", "frozen":true, "node_type":"NODE_CREF", "references":["0x7fcbb1906558", "0x7fcbb2022558"], "memsize":40, "flags":{"wb_protected":true, "old":true, "long_lived":true, "marked":true}}
{"address":"0x7fcbb182b368", "type":"DATA", "class":"0x7fcbb10c0100", "struct":"iseq", "references":["0x7fcbb109ab08", "0x7fcbb109ab08", "0x7fcbb1840970", "0x7fcbb1840970", "0x7fcbb182b340", "0x7fcbb1906558"], "memsize":744, "flags":{"wb_protected":true, "old":true, "long_lived":true, "marked":true}}
{"address":"0x7fcbb182b3e0", "type":"STRING", "class":"0x7fcbb10e0ef0", "frozen":true, "embedded":true, "fstring":true, "bytesize":12, "value":"@default_dir", "encoding":"US-ASCII", "memsize":40, "flags":{"wb_protected":true, "old":true, "long_lived":true, "marked":true}}
{"address":"0x7fcbb182b408", "type":"NODE", "frozen":true, "node_type":"NODE_CREF", "references":["0x7fcbb1906558", "0x7fcbb2022558"], "memsize":40, "flags":{"wb_protected":true, "old":true, "long_lived":true, "marked":true}}
{"address":"0x7fcbb182b430", "type":"DATA", "class":"0x7fcbb10c0100", "struct":"iseq", "references":["0x7fcbb1888158", "0x7fcbb1888158", "0x7fcbb1840970", "0x7fcbb1840970", "0x7fcbb182b408", "0x7fcbb1906558"], "memsize":1024, "flags":{"wb_protected":true, "old":true, "long_lived":true, "marked":true}}
{"address":"0x7fcbb182b4a8", "type":"NODE", "frozen":true, "node_type":"NODE_CREF", "references":["0x7fcbb1906558", "0x7fcbb2022558"], "memsize":40, "flags":{"wb_protected":true, "old":true, "long_lived":true, "marked":true}}
{"address":"0x7fcbb182b4d0", "type":"DATA", "class":"0x7fcbb10c0100", "struct":"iseq", "references":["0x7fcbb184ad80", "0x7fcbb184ad80", "0x7fcbb1840970", "0x7fcbb1840970", "0x7fcbb182b4a8", "0x7fcbb1906558"], "memsize":592, "flags":{"wb_protected":true, "old":true, "long_lived":true, "marked":true}}
{"address":"0x7fcbb182b548", "type":"NODE", "frozen":true, "node_type":"NODE_CREF", "references":["0x7fcbb1906558", "0x7fcbb2022558"], "memsize":40, "flags":{"wb_protected":true, "old":true, "long_lived":true, "marked":true}}
{"address":"0x7fcbb182b570", "type":"DATA", "class":"0x7fcbb10c0100", "struct":"iseq", "references":["0x7fcbb1888720", "0x7fcbb1888720", "0x7fcbb1840970", "0x7fcbb1840970", "0x7fcbb182b548", "0x7fcbb1906558"], "memsize":728, "flags":{"wb_protected":true, "old":true, "long_lived":true, "marked":true}}
{"address":"0x7fcbb182b5c0", "type":"DATA", "class":"0x7fcbb10c0100", "struct":"iseq", "references":["0x7fcbb182bb88", "0x7fcbb182aa30", "0x7fcbb10e3308", "0x7fcbb1840970", "0x7fcbb1840970", "0x7fcbb1828cd0"], "memsize":1424, "flags":{"wb_protected":true, "old":true, "long_lived":true, "marked":true}}
{"address":"0x7fcbb182b610", "type":"NODE", "frozen":true, "node_type":"NODE_CREF", "references":["0x7fcbb1906558", "0x7fcbb2022558"], "memsize":40, "flags":{"wb_protected":true, "old":true, "long_lived":true, "marked":true}}
{"address":"0x7fcbb182b638", "type":"DATA", "class":"0x7fcbb10c0100", "struct":"iseq", "references":["0x7fcbb188bee8", "0x7fcbb188bee8", "0x7fcbb1840970", "0x7fcbb1840970", "0x7fcbb182b610", "0x7fcbb1906558"], "memsize":1488, "flags":{"wb_protected":true, "old":true, "long_lived":true, "marked":true}}
{"address":"0x7fcbb182b6b0", "type":"NODE", "frozen":true, "node_type":"NODE_CREF", "references":["0x7fcbb1906558", "0x7fcbb2022558"], "memsize":40, "flags":{"wb_protected":true, "old":true, "long_lived":true, "marked":true}}
{"address":"0x7fcbb182b700", "type":"DATA", "class":"0x7fcbb10c0100", "struct":"iseq", "references":["0x7fcbb185bec8", "0x7fcbb185bec8", "0x7fcbb1840970", "0x7fcbb1840970", "0x7fcbb182b6b0", "0x7fcbb1906558"], "memsize":2096, "flags":{"wb_protected":true, "old":true, "long_lived":true, "marked":true}}
{"address":"0x7fcbb182b778", "type":"STRING", "class":"0x7fcbb10e0ef0", "frozen":true, "embedded":true, "fstring":true, "bytesize":11, "value":"ruby_engine", "encoding":"US-ASCII", "memsize":40, "flags":{"wb_protected":true, "old":true, "long_lived":true, "marked":true}}
{"address":"0x7fcbb182b868", "type":"DATA", "class":"0x7fcbb10c0100", "struct":"iseq", "references":["0x7fcbb182b8b8", "0x7fcbb1851590", "0x7fcbb1840970", "0x7fcbb1840970", "0x7fcbb182ba98"], "memsize":704, "flags":{"wb_protected":true, "old":true, "long_lived":true, "marked":true}}
{"address":"0x7fcbb182b8b8", "type":"STRING", "class":"0x7fcbb10e0ef0", "frozen":true, "embedded":true, "fstring":true, "bytesize":19, "value":"block in add_bindir", "memsize":40, "flags":{"wb_protected":true, "old":true, "long_lived":true, "marked":true}}
{"address":"0x7fcbb182b908", "type":"ARRAY", "length":3, "embedded":true, "references":["0x7fcbb182b9a8", "0x7fcbb182b868", "0x7fcbb182b9a8"], "memsize":40, "flags":{"wb_protected":true, "old":true, "long_lived":true, "marked":true}}
{"address":"0x7fcbb182b930", "type":"ARRAY", "length":1, "embedded":true, "references":["0x7fcbb10dbc98"], "memsize":40, "flags":{"wb_protected":true, "old":true, "long_lived":true, "marked":true}}
{"address":"0x7fcbb182b958", "type":"STRING", "class":"0x7fcbb10e0ef0", "frozen":true, "fstring":true, "bytesize":82, "capacity":118, "value":"/Users/path/.rvm/rubies/ruby-2.2.3/lib/ruby/site_ruby/2.2.0/rubygems/exceptions.rb", "encoding":"US-ASCII", "memsize":159, "flags":{"wb_protected":true, "old":true, "long_lived":true, "marked":true}}
{"address":"0x7fcbb182b9a8", "type":"DATA", "class":"0x7fcbb10c0100", "struct":"iseq", "references":["0x7fcbb182b930", "0x7fcbb182b9d0", "0x7fcbb1851590", "0x7fcbb1840970", "0x7fcbb1840970", "0x7fcbb182ba98"], "memsize":480, "flags":{"wb_protected":true, "old":true, "long_lived":true, "marked":true}}
{"address":"0x7fcbb182b9d0", "type":"STRING", "class":"0x7fcbb10e0ef0", "frozen":true, "embedded":true, "fstring":true, "bytesize":20, "value":"rescue in add_bindir", "memsize":40, "flags":{"wb_protected":true, "old":true, "long_lived":true, "marked":true}}
{"address":"0x7fcbb182ba70", "type":"STRING", "class":"0x7fcbb10e0ef0", "frozen":true, "fstring":true, "bytesize":26, "value":" has an invalid value for ", "encoding":"UTF-8", "memsize":67, "flags":{"wb_protected":true, "old":true, "long_lived":true, "marked":true}}
{"address":"0x7fcbb182ba98", "type":"NODE", "frozen":true, "node_type":"NODE_CREF", "references":["0x7fcbb1906558", "0x7fcbb2022558"], "memsize":40, "flags":{"wb_protected":true, "old":true, "long_lived":true, "marked":true}}
{"address":"0x7fcbb182bac0", "type":"DATA", "class":"0x7fcbb10c0100", "struct":"iseq", "references":["0x7fcbb182b908", "0x7fcbb1851590", "0x7fcbb1851590", "0x7fcbb1840970", "0x7fcbb1840970", "0x7fcbb182ba98", "0x7fcbb1906558"], "memsize":1160, "flags":{"wb_protected":true, "old":true, "long_lived":true, "marked":true}}
{"address":"0x7fcbb182bb10", "type":"ARRAY", "length":1, "embedded":true, "references":["0x7fcbb182bcc8"], "memsize":40, "flags":{"wb_protected":true, "old":true, "long_lived":true, "marked":true}}
{"address":"0x7fcbb182bb38", "type":"ARRAY", "length":3, "embedded":true, "references":["0x7fcbb182bc28", "0x7fcbb182bc00", "0x7fcbb182bbd8"], "memsize":40, "flags":{"wb_protected":true, "old":true, "long_lived":true, "marked":true}}
{"address":"0x7fcbb182bb88", "type":"ARRAY", "length":1, "embedded":true, "references":["0x7fcbb182ba70"], "memsize":40, "flags":{"wb_protected":true, "old":true, "long_lived":true, "marked":true}}
{"address":"0x7fcbb182bbd8", "type":"STRING", "class":"0x7fcbb10e0ef0", "frozen":true, "embedded":true, "fstring":true, "bytesize":1, "value":"'", "encoding":"UTF-8", "memsize":40, "flags":{"wb_protected":true, "old":true, "long_lived":true, "marked":true}}
{"address":"0x7fcbb182bc00", "type":"STRING", "class":"0x7fcbb10e0ef0", "frozen":true, "embedded":true, "fstring":true, "bytesize":22, "value":"', already activated '", "encoding":"UTF-8", "memsize":40, "flags":{"wb_protected":true, "old":true, "long_lived":true, "marked":true}}
{"address":"0x7fcbb182bc28", "type":"STRING", "class":"0x7fcbb10e0ef0", "frozen":true, "embedded":true, "fstring":true, "bytesize":15, "value":"can't satisfy '", "encoding":"UTF-8", "memsize":40, "flags":{"wb_protected":true, "old":true, "long_lived":true, "marked":true}}
{"address":"0x7fcbb182bca0", "type":"ARRAY", "length":5, "references":["0x7fcbb182b5c0", "0x7fcbb18292e8", "0x7fcbb182be08", "0x7fcbb182bf98", "0x7fcbb182b5c0"], "memsize":200, "flags":{"wb_protected":true, "old":true, "long_lived":true, "marked":true}}
{"address":"0x7fcbb182bcc8", "type":"DATA", "class":"0x7fcbb10c0100", "struct":"iseq", "references":["0x7fcbb182bb38", "0x7fcbb182bcf0", "0x7fcbb188bf88", "0x7fcbb1840970", "0x7fcbb1840970", "0x7fcbb182bd90"], "memsize":3712, "flags":{"wb_protected":true, "old":true, "long_lived":true, "marked":true}}
{"address":"0x7fcbb182bcf0", "type":"STRING", "class":"0x7fcbb10e0ef0", "frozen":true, "fstring":true, "bytesize":30, "value":"block in activate_dependencies", "memsize":71, "flags":{"wb_protected":true, "old":true, "long_lived":true, "marked":true}}
{"address":"0x7fcbb182bd90", "type":"NODE", "frozen":true, "node_type":"NODE_CREF", "references":["0x7fcbb1906558", "0x7fcbb2022558"], "memsize":40, "flags":{"wb_protected":true, "old":true, "long_lived":true, "marked":true}}
{"address":"0x7fcbb182bdb8", "type":"DATA", "class":"0x7fcbb10c0100", "struct":"iseq", "references":["0x7fcbb182bb10", "0x7fcbb188bf88", "0x7fcbb188bf88", "0x7fcbb1840970", "0x7fcbb1840970", "0x7fcbb182bd90", "0x7fcbb1906558"], "memsize":1240, "flags":{"wb_protected":true, "old":true, "long_lived":true, "marked":true}}
{"address":"0x7fcbb182be08", "type":"STRING", "class":"0x7fcbb10e0ef0", "frozen":true, "embedded":true, "fstring":true, "bytesize":9, "value":"WARNING: ", "encoding":"UTF-8", "memsize":40, "flags":{"wb_protected":true, "old":true, "long_lived":true, "marked":true}}
{"address":"0x7fcbb182be58", "type":"NODE", "frozen":true, "node_type":"NODE_CREF", "references":["0x7fcbb1906558", "0x7fcbb2022558"], "memsize":40, "flags":{"wb_protected":true, "old":true, "long_lived":true, "marked":true}}
{"address":"0x7fcbb182be80", "type":"DATA", "class":"0x7fcbb10c0100", "struct":"iseq", "references":["0x7fcbb10a0648", "0x7fcbb10a0648", "0x7fcbb1840970", "0x7fcbb1840970", "0x7fcbb182be58", "0x7fcbb1906558"], "memsize":2336, "flags":{"wb_protected":true, "old":true, "long_lived":true, "marked":true}}
{"address":"0x7fcbb182bef8", "type":"NODE", "frozen":true, "node_type":"NODE_CREF", "references":["0x7fcbb1906558", "0x7fcbb2022558"], "memsize":40, "flags":{"wb_protected":true, "old":true, "long_lived":true, "marked":true}}
{"address":"0x7fcbb182bf20", "type":"DATA", "class":"0x7fcbb10c0100", "struct":"iseq", "references":["0x7fcbb10e1a58", "0x7fcbb10e1a58", "0x7fcbb1840970", "0x7fcbb1840970", "0x7fcbb182bef8", "0x7fcbb1906558"], "memsize":1608, "flags":{"wb_protected":true, "old":true, "long_lived":true, "marked":true}}
{"address":"0x7fcbb182bf98", "type":"STRING", "class":"0x7fcbb10e0ef0", "frozen":true, "fstring":true, "bytesize":30, "value":" has an invalid nil value for ", "encoding":"UTF-8", "memsize":71, "flags":{"wb_protected":true, "old":true, "long_lived":true, "marked":true}}
{"address":"0x7fcbb1830070", "type":"STRING", "class":"0x7fcbb10e0ef0", "frozen":true, "embedded":true, "fstring":true, "bytesize":4, "value":"none", "encoding":"US-ASCII", "memsize":40, "flags":{"wb_protected":true, "old":true, "long_lived":true, "marked":true}}
{"address":"0x7fcbb1830250", "type":"STRING", "class":"0x7fcbb10e0ef0", "frozen":true, "embedded":true, "fstring":true, "bytesize":12, "value":"StringSource", "encoding":"US-ASCII", "memsize":40, "flags":{"wb_protected":true, "old":true, "long_lived":true, "marked":true}}
{"address":"0x7fcbb1830638", "type":"STRING", "class":"0x7fcbb10e0ef0", "frozen":true, "embedded":true, "fstring":true, "bytesize":12, "value":"pretty_print", "encoding":"US-ASCII", "memsize":40, "flags":{"wb_protected":true, "old":true, "long_lived":true, "marked":true}}
{"address":"0x7fcbb18306b0", "type":"STRING", "class":"0x7fcbb10e0ef0", "frozen":true, "embedded":true, "fstring":true, "bytesize":6, "value":"target", "encoding":"US-ASCII", "memsize":40, "flags":{"wb_protected":true, "old":true, "long_lived":true, "marked":true}}
{"address":"0x7fcbb18307c8", "type":"STRING", "class":"0x7fcbb10e0ef0", "frozen":true, "embedded":true, "fstring":true, "bytesize":5, "value":"klass", "encoding":"US-ASCII", "memsize":40, "flags":{"wb_protected":true, "old":true, "long_lived":true, "marked":true}}
{"address":"0x7fcbb1830840", "type":"STRING", "class":"0x7fcbb10e0ef0", "frozen":true, "embedded":true, "fstring":true, "bytesize":5, "value":"block", "encoding":"US-ASCII", "memsize":40, "flags":{"wb_protected":true, "old":true, "long_lived":true, "marked":true}}
{"address":"0x7fcbb1830b10", "type":"STRING", "class":"0x7fcbb10e0ef0", "frozen":true, "embedded":true, "fstring":true, "bytesize":1, "value":"q", "encoding":"US-ASCII", "memsize":40, "flags":{"wb_protected":true, "old":true, "long_lived":true, "marked":true}}
{"address":"0x7fcbb1830b60", "type":"STRING", "class":"0x7fcbb10e0ef0", "frozen":true, "embedded":true, "fstring":true, "bytesize":3, "value":"old", "encoding":"US-ASCII", "memsize":40, "flags":{"wb_protected":true, "old":true, "long_lived":true, "marked":true}}
{"address":"0x7fcbb1830c00", "type":"STRING", "class":"0x7fcbb10e0ef0", "frozen":true, "embedded":true, "fstring":true, "bytesize":3, "value":"enc", "encoding":"US-ASCII", "memsize":40, "flags":{"wb_protected":true, "old":true, "long_lived":true, "marked":true}}
{"address":"0x7fcbb1830ca0", "type":"STRING", "class":"0x7fcbb10e0ef0", "frozen":true, "embedded":true, "fstring":true, "bytesize":4, "value":"repl", "encoding":"US-ASCII", "memsize":40, "flags":{"wb_protected":true, "old":true, "long_lived":true, "marked":true}}
{"address":"0x7fcbb1830cf0", "type":"STRING", "class":"0x7fcbb10e0ef0", "frozen":true, "embedded":true, "fstring":true, "bytesize":9, "value":"deprecate", "encoding":"US-ASCII", "memsize":40, "flags":{"wb_protected":true, "old":true, "long_lived":true, "marked":true}}
{"address":"0x7fcbb1831178", "type":"STRING", "class":"0x7fcbb10e0ef0", "frozen":true, "embedded":true, "fstring":true, "bytesize":9, "value":"NameTuple", "encoding":"US-ASCII", "memsize":40, "flags":{"wb_protected":true, "old":true, "long_lived":true, "marked":true}}
{"address":"0x7fcbb1831218", "type":"STRING", "class":"0x7fcbb10e0ef0", "frozen":true, "embedded":true, "fstring":true, "bytesize":10, "value":"name_tuple", "encoding":"US-ASCII", "memsize":40, "flags":{"wb_protected":true, "old":true, "long_lived":true, "marked":true}}
{"address":"0x7fcbb1831268", "type":"STRING", "class":"0x7fcbb10e0ef0", "frozen":true, "embedded":true, "fstring":true, "bytesize":8, "value":"original", "encoding":"US-ASCII", "memsize":40, "flags":{"wb_protected":true, "old":true, "long_lived":true, "marked":true}}
{"address":"0x7fcbb18313a8", "type":"STRING", "class":"0x7fcbb10e0ef0", "frozen":true, "embedded":true, "fstring":true, "bytesize":11, "value":"skip_during", "encoding":"US-ASCII", "memsize":40, "flags":{"wb_protected":true, "old":true, "long_lived":true, "marked":true}}
{"address":"0x7fcbb1831600", "type":"STRING", "class":"0x7fcbb10e0ef0", "frozen":true, "embedded":true, "fstring":true, "bytesize":5, "value":"skip=", "encoding":"US-ASCII", "memsize":40, "flags":{"wb_protected":true, "old":true, "long_lived":true, "marked":true}}
{"address":"0x7fcbb1831808", "type":"STRING", "class":"0x7fcbb10e0ef0", "frozen":true, "embedded":true, "fstring":true, "bytesize":5, "value":"@skip", "encoding":"US-ASCII", "memsize":40, "flags":{"wb_protected":true, "old":true, "long_lived":true, "marked":true}}
{"address":"0x7fcbb1831948", "type":"STRING", "class":"0x7fcbb10e0ef0", "frozen":true, "embedded":true, "fstring":true, "bytesize":9, "value":"Deprecate", "encoding":"US-ASCII", "memsize":40, "flags":{"wb_protected":true, "old":true, "long_lived":true, "marked":true}}
{"address":"0x7fcbb1831e48", "type":"STRING", "class":"0x7fcbb10e0ef0", "frozen":true, "fstring":true, "bytesize":81, "capacity":118, "value":"/Users/path/.rvm/rubies/ruby-2.2.3/lib/ruby/site_ruby/2.2.0/rubygems/deprecate.rb", "encoding":"US-ASCII", "memsize":159, "flags":{"wb_protected":true, "old":true, "long_lived":true, "marked":true}}
{"address":"0x7fcbb1831f60", "type":"STRING", "class":"0x7fcbb10e0ef0", "frozen":true, "embedded":true, "fstring":true, "bytesize":7, "value":"@string", "encoding":"US-ASCII", "memsize":40, "flags":{"wb_protected":true, "old":true, "long_lived":true, "marked":true}}
{"address":"0x7fcbb18322d0", "type":"CLASS", "class":"0x7fcbb10e2408", "name":"Module", "references":["0x7fcbb18322d0", "0x7fcbb18332e8", "0x7fcbb18322d0", "0x7fcbb18331d0", "0x7fcbb18322d0", "0x7fcbb18330b8", "0x7fcbb18322d0", "0x7fcbb1832fc8", "0x7fcbb18322d0", "0x7fcbb1832f28", "0x7fcbb18322d0", "0x7fcbb1832e88", "0x7fcbb18322d0", "0x7fcbb1832dc0", "0x7fcbb18322d0", "0x7fcbb1832d20", "0x7fcbb18322d0", "0x7fcbb1832c80", "0x7fcbb18322d0", "0x7fcbb1832a00", "0x7fcbb18322d0", "0x7fcbb1832910", "0x7fcbb18322d0", "0x7fcbb1832848", "0x7fcbb18322d0", "0x7fcbb1832758", "0x7fcbb18322d0", "0x7fcbb1832668", "0x7fcbb18322d0", "0x7fcbb18325a0", "0x7fcbb18322d0", "0x7fcbb1832500", "0x7fcbb18322d0", "0x7fcbb10528a8", "0x7fcbb18322d0", "0x7fcbb10526a0", "0x7fcbb18322d0", "0x7fcbb1052600", "0x7fcbb18322d0", "0x7fcbb10523d0", "0x7fcbb18322d0", "0x7fcbb10520d8", "0x7fcbb18322d0", "0x7fcbb1051fe8", "0x7fcbb18322d0", "0x7fcbb1051ed0", "0x7fcbb18322d0", "0x7fcbb1051cf0", "0x7fcbb18322d0", "0x7fcbb1051c00", "0x7fcbb18322d0", "0x7fcbb1051b60", "0x7fcbb18322d0", "0x7fcbb1051ac0", "0x7fcbb18322d0", "0x7fcbb10519d0", "0x7fcbb18322d0", "0x7fcbb10518e0", "0x7fcbb18322d0", "0x7fcbb1051840", "0x7fcbb18322d0", "0x7fcbb10517a0", "0x7fcbb18322d0", "0x7fcbb1051700", "0x7fcbb18322d0", "0x7fcbb1051660", "0x7fcbb18322d0", "0x7fcbb10515c0", "0x7fcbb18322d0", "0x7fcbb10514f8", "0x7fcbb18322d0", "0x7fcbb1051430", "0x7fcbb18322d0", "0x7fcbb1050fa8", "0x7fcbb18322d0", "0x7fcbb1050e68", "0x7fcbb18322d0", "0x7fcbb1050c38", "0x7fcbb18322d0", "0x7fcbb1050918", "0x7fcbb18322d0", "0x7fcbb10506e8", "0x7fcbb18322d0", "0x7fcbb1050260", "0x7fcbb18322d0", "0x7fcbb1050170", "0x7fcbb18322d0", "0x7fcbb10500a8", "0x7fcbb18322d0", "0x7fcbb104bfa8", "0x7fcbb18322d0", "0x7fcbb104be90", "0x7fcbb18322d0", "0x7fcbb104bdf0", "0x7fcbb18322d0", "0x7fcbb104bd50", "0x7fcbb18322d0", "0x7fcbb104bc60", "0x7fcbb18322d0", "0x7fcbb104b530", "0x7fcbb18322d0", "0x7fcbb104b468", "0x7fcbb18322d0", "0x7fcbb104b378", "0x7fcbb18322d0", "0x7fcbb104b2d8", "0x7fcbb18322d0", "0x7fcbb104b238", "0x7fcbb18322d0", "0x7fcbb104b198", "0x7fcbb18322d0", "0x7fcbb104b0f8", "0x7fcbb18322d0", "0x7fcbb104b058", "0x7fcbb18322d0", "0x7fcbb104afb8", "0x7fcbb18322d0", "0x7fcbb104af18", "0x7fcbb18322d0", "0x7fcbb104ae78", "0x7fcbb18322d0", "0x7fcbb104add8", "0x7fcbb18322d0", "0x7fcbb104ad38", "0x7fcbb18322d0", "0x7fcbb104ac20", "0x7fcbb18322d0", "0x7fcbb104ab80", "0x7fcbb18322d0", "0x7fcbb104a6f8", "0x7fcbb18322d0", "0x7fcbb104a590", "0x7fcbb18322d0", "0x7fcbb104a4a0", "0x7fcbb18322d0", "0x7fcbb104a400", "0x7fcbb18322d0", "0x7fcbb104a2e8", "0x7fcbb18322d0", "0x7fcbb104a248", "0x7fcbb18322d0", "0x7fcbb104a158", "0x7fcbb18322d0", "0x7fcbb104a0b8", "0x7fcbb18322d0", "0x7fcbb104a018", "0x7fcbb18322d0", "0x7fcbb1049f78", "0x7fcbb18322d0", "0x7fcbb1049e38", "0x7fcbb18322d0", "0x7fcbb1049b68", "0x7fcbb18322d0", "0x7fcbb1049a50", "0x7fcbb18322d0", "0x7fcbb1049960", "0x7fcbb18322d0", "0x7fcbb1049898", "0x7fcbb18322d0", "0x7fcbb10497f8", "0x7fcbb18322d0", "0x7fcbb10495c8", "0x7fcbb18322d0", "0x7fcbb1049208", "0x7fcbb18322d0", "0x7fcbb10490f0", "0x7fcbb18322d0", "0x7fcbb1048d80", "0x7fcbb18322d0", "0x7fcbb1048d80", "0x7fcbb18322d0", "0x7fcbb18416b8", "0x7fcbb18322d0", "0x7fcbb1048510", "0x7fcbb18322d0", "0x7fcbb1043e70", "0x7fcbb18322d0", "0x7fcbb1043c68", "0x7fcbb18322d0", "0x7fcbb1043a60", "0x7fcbb18322d0", "0x7fcbb1841668", "0x7fcbb18322d0", "0x7fcbb1841618", "0x7fcbb18322d0", "0x7fcbb18415c8", "0x7fcbb18322d0", "0x7fcbb1841578", "0x7fcbb18322d0", "0x7fcbb1841528", "0x7fcbb18322d0", "0x7fcbb18414d8", "0x7fcbb18322d0", "0x7fcbb1841488", "0x7fcbb18322d0", "0x7fcbb1841438", "0x7fcbb10b0f98", "0x7fcbb10e2c28"], "memsize":5528, "flags":{"wb_protected":true, "old":true, "long_lived":true, "marked":true}}
{"address":"0x7fcbb18322f8", "type":"ARRAY", "class":"0x7fcbb10d19a0", "length":0, "memsize":40, "flags":{"wb_protected":true, "old":true, "long_lived":true, "marked":true}}
{"address":"0x7fcbb1832320", "type":"ARRAY", "class":"0x7fcbb10d19a0", "length":0, "memsize":40, "flags":{"wb_protected":true, "old":true, "long_lived":true, "marked":true}}
{"address":"0x7fcbb1832348", "type":"ARRAY", "class":"0x7fcbb10d19a0", "length":0, "memsize":40, "flags":{"wb_protected":true, "old":true, "long_lived":true, "marked":true}}
{"address":"0x7fcbb1832370", "type":"ARRAY", "class":"0x7fcbb10d19a0", "length":0, "memsize":40, "flags":{"wb_protected":true, "old":true, "long_lived":true, "marked":true}}
{"address":"0x7fcbb1832398", "type":"ARRAY", "class":"0x7fcbb10d19a0", "length":0, "memsize":40, "flags":{"wb_protected":true, "old":true, "long_lived":true, "marked":true}}
{"address":"0x7fcbb18323c0", "type":"STRING", "class":"0x7fcbb10e0ef0", "embedded":true, "bytesize":20, "value":"https://rubygems.org", "encoding":"UTF-8", "memsize":40, "flags":{"wb_protected":true, "old":true, "long_lived":true, "marked":true}}
{"address":"0x7fcbb1832438", "type":"ARRAY", "length":5, "references":["0x7fcbb1832460", "0x7fcbb10496b8", "0x7fcbb10496b8", "0x7fcbb1052920", "0x7fcbb104a4f0"], "memsize":200, "flags":{"wb_protected":true, "old":true, "long_lived":true, "marked":true}}
{"address":"0x7fcbb1832460", "type":"STRING", "class":"0x7fcbb10e0ef0", "frozen":true, "embedded":true, "fstring":true, "bytesize":10, "value":"GEM_VENDOR", "encoding":"UTF-8", "memsize":40, "flags":{"wb_protected":true, "old":true, "long_lived":true, "marked":true}}
{"address":"0x7fcbb18324d8", "type":"NODE", "frozen":true, "node_type":"NODE_CREF", "references":["0x7fcbb10b0f98", "0x7fcbb1833450"], "memsize":40, "flags":{"wb_protected":true, "old":true, "long_lived":true, "marked":true}}
{"address":"0x7fcbb1832500", "type":"DATA", "class":"0x7fcbb10c0100", "struct":"iseq", "references":["0x7fcbb1832438", "0x7fcbb1829cc0", "0x7fcbb1829cc0", "0x7fcbb10a9f68", "0x7fcbb10a9f68", "0x7fcbb18324d8", "0x7fcbb18322d0"], "memsize":1840, "flags":{"wb_protected":true, "old":true, "long_lived":true, "marked":true}}
{"address":"0x7fcbb1832578", "type":"NODE", "frozen":true, "node_type":"NODE_CREF", "references":["0x7fcbb10b0f98", "0x7fcbb1833450"], "memsize":40, "flags":{"wb_protected":true, "old":true, "long_lived":true, "marked":true}}
{"address":"0x7fcbb18325a0", "type":"DATA", "class":"0x7fcbb10c0100", "struct":"iseq", "references":["0x7fcbb10a1de0", "0x7fcbb10a1de0", "0x7fcbb10a9f68", "0x7fcbb10a9f68", "0x7fcbb1832578", "0x7fcbb18322d0"], "memsize":416, "flags":{"wb_protected":true, "old":true, "long_lived":true, "marked":true}}
{"address":"0x7fcbb18325c8", "type":"ARRAY", "length":1, "embedded":true, "references":["0x7fcbb104a1d0"], "memsize":40, "flags":{"wb_protected":true, "old":true, "long_lived":true, "marked":true}}
{"address":"0x7fcbb1832640", "type":"NODE", "frozen":true, "node_type":"NODE_CREF", "references":["0x7fcbb10b0f98", "0x7fcbb1833450"], "memsize":40, "flags":{"wb_protected":true, "old":true, "long_lived":true, "marked":true}}
{"address":"0x7fcbb1832668", "type":"DATA", "class":"0x7fcbb10c0100", "struct":"iseq", "references":["0x7fcbb18325c8", "0x7fcbb1060c00", "0x7fcbb1060c00", "0x7fcbb10a9f68", "0x7fcbb10a9f68", "0x7fcbb1832640", "0x7fcbb18322d0"], "memsize":776, "flags":{"wb_protected":true, "old":true, "long_lived":true, "marked":true}}
{"address":"0x7fcbb1832690", "type":"ARRAY", "length":2, "embedded":true, "references":["0x7fcbb1833130", "0x7fcbb18326b8"], "memsize":40, "flags":{"wb_protected":true, "old":true, "long_lived":true, "marked":true}}
{"address":"0x7fcbb18326b8", "type":"STRING", "class":"0x7fcbb10e0ef0", "frozen":true, "embedded":true, "fstring":true, "bytesize":19, "value":"gem-public_cert.pem", "encoding":"UTF-8", "memsize":40, "flags":{"wb_protected":true, "old":true, "long_lived":true, "marked":true}}
{"address":"0x7fcbb1832730", "type":"NODE", "frozen":true, "node_type":"NODE_CREF", "references":["0x7fcbb10b0f98", "0x7fcbb1833450"], "memsize":40, "flags":{"wb_protected":true, "old":true, "long_lived":true, "marked":true}}
{"address":"0x7fcbb1832758", "type":"DATA", "class":"0x7fcbb10c0100", "struct":"iseq", "references":["0x7fcbb1832690", "0x7fcbb1828168", "0x7fcbb1828168", "0x7fcbb10a9f68", "0x7fcbb10a9f68", "0x7fcbb1832730", "0x7fcbb18322d0"], "memsize":816, "flags":{"wb_protected":true, "old":true, "long_lived":true, "marked":true}}
{"address":"0x7fcbb1832780", "type":"ARRAY", "length":2, "embedded":true, "references":["0x7fcbb1833130", "0x7fcbb18327a8"], "memsize":40, "flags":{"wb_protected":true, "old":true, "long_lived":true, "marked":true}}
{"address":"0x7fcbb18327a8", "type":"STRING", "class":"0x7fcbb10e0ef0", "frozen":true, "embedded":true, "fstring":true, "bytesize":19, "value":"gem-private_key.pem", "encoding":"UTF-8", "memsize":40, "flags":{"wb_protected":true, "old":true, "long_lived":true, "marked":true}}
{"address":"0x7fcbb1832820", "type":"NODE", "frozen":true, "node_type":"NODE_CREF", "references":["0x7fcbb10b0f98", "0x7fcbb1833450"], "memsize":40, "flags":{"wb_protected":true, "old":true, "long_lived":true, "marked":true}}
{"address":"0x7fcbb1832848", "type":"DATA", "class":"0x7fcbb10c0100", "struct":"iseq", "references":["0x7fcbb1832780", "0x7fcbb1828578", "0x7fcbb1828578", "0x7fcbb10a9f68", "0x7fcbb10a9f68", "0x7fcbb1832820", "0x7fcbb18322d0"], "memsize":816, "flags":{"wb_protected":true, "old":true, "long_lived":true, "marked":true}}
{"address":"0x7fcbb1832870", "type":"ARRAY", "length":1, "embedded":true, "references":["0x7fcbb104a1d0"], "memsize":40, "flags":{"wb_protected":true, "old":true, "long_lived":true, "marked":true}}
{"address":"0x7fcbb18328e8", "type":"NODE", "frozen":true, "node_type":"NODE_CREF", "references":["0x7fcbb10b0f98", "0x7fcbb1833450"], "memsize":40, "flags":{"wb_protected":true, "old":true, "long_lived":true, "marked":true}}
{"address":"0x7fcbb1832910", "type":"DATA", "class":"0x7fcbb10c0100", "struct":"iseq", "references":["0x7fcbb1832870", "0x7fcbb182b778", "0x7fcbb182b778", "0x7fcbb10a9f68", "0x7fcbb10a9f68", "0x7fcbb18328e8", "0x7fcbb18322d0"], "memsize":640, "flags":{"wb_protected":true, "old":true, "long_lived":true, "marked":true}}
{"address":"0x7fcbb1832938", "type":"ARRAY", "length":2, "embedded":true, "references":["0x7fcbb1832960", "0x7fcbb104a658"], "memsize":40, "flags":{"wb_protected":true, "old":true, "long_lived":true, "marked":true}}
{"address":"0x7fcbb1832960", "type":"STRING", "class":"0x7fcbb10e0ef0", "frozen":true, "embedded":true, "fstring":true, "bytesize":8, "value":"/usr/bin", "encoding":"UTF-8", "memsize":40, "flags":{"wb_protected":true, "old":true, "long_lived":true, "marked":true}}
{"address":"0x7fcbb18329d8", "type":"NODE", "frozen":true, "node_type":"NODE_CREF", "references":["0x7fcbb10b0f98", "0x7fcbb1833450"], "memsize":40, "flags":{"wb_protected":true, "old":true, "long_lived":true, "marked":true}}
{"address":"0x7fcbb1832a00", "type":"DATA", "class":"0x7fcbb10c0100", "struct":"iseq", "references":["0x7fcbb1832938", "0x7fcbb1098fb0", "0x7fcbb1098fb0", "0x7fcbb10a9f68", "0x7fcbb10a9f68", "0x7fcbb18329d8", "0x7fcbb18322d0"], "memsize":784, "flags":{"wb_protected":true, "old":true, "long_lived":true, "marked":true}}
{"address":"0x7fcbb1832a28", "type":"STRING", "class":"0x7fcbb10e0ef0", "frozen":true, "embedded":true, "fstring":true, "bytesize":7, "value":", no %s", "encoding":"UTF-8", "memsize":40, "flags":{"wb_protected":true, "old":true, "long_lived":true, "marked":true}}
{"address":"0x7fcbb1832a50", "type":"STRING", "class":"0x7fcbb10e0ef0", "frozen":true, "fstring":true, "bytesize":26, "value":"[BUG] invalid exec_format ", "encoding":"UTF-8", "memsize":67, "flags":{"wb_protected":true, "old":true, "long_lived":true, "marked":true}}
{"address":"0x7fcbb1832ac8", "type":"ARRAY", "length":8, "references":["0x7fcbb1832b90", "0x7fcbb104a630", "0x7fcbb104a1d0", "0x7fcbb1832b18", "0x7fcbb18293d8", "0x7fcbb1832a50", "0x7fcbb1832a28", "0x7fcbb1832b90"], "memsize":200, "flags":{"wb_protected":true, "old":true, "long_lived":true, "marked":true}}
{"address":"0x7fcbb1832af0", "type":"ARRAY", "length":2, "embedded":true, "references":["0x7fcbb10dbc98", "0x7fcbb1832b18"], "memsize":40, "flags":{"wb_protected":true, "old":true, "long_lived":true, "marked":true}}
{"address":"0x7fcbb1832b18", "type":"STRING", "class":"0x7fcbb10e0ef0", "frozen":true, "embedded":true, "fstring":true, "bytesize":2, "value":"%s", "encoding":"UTF-8", "memsize":40, "flags":{"wb_protected":true, "old":true, "long_lived":true, "marked":true}}
{"address":"0x7fcbb1832b90", "type":"DATA", "class":"0x7fcbb10c0100", "struct":"iseq", "references":["0x7fcbb1832af0", "0x7fcbb1832bb8", "0x7fcbb18298d8", "0x7fcbb10a9f68", "0x7fcbb10a9f68", "0x7fcbb1832c58"], "memsize":456, "flags":{"wb_protected":true, "old":true, "long_lived":true, "marked":true}}
{"address":"0x7fcbb1832bb8", "type":"STRING", "class":"0x7fcbb10e0ef0", "frozen":true, "fstring":true, "bytesize":29, "capacity":46, "value":"rescue in default_exec_format", "memsize":87, "flags":{"wb_protected":true, "old":true, "long_lived":true, "marked":true}}
{"address":"0x7fcbb1832c58", "type":"NODE", "frozen":true, "node_type":"NODE_CREF", "references":["0x7fcbb10b0f98", "0x7fcbb1833450"], "memsize":40, "flags":{"wb_protected":true, "old":true, "long_lived":true, "marked":true}}
{"address":"0x7fcbb1832c80", "type":"DATA", "class":"0x7fcbb10c0100", "struct":"iseq", "references":["0x7fcbb1832ac8", "0x7fcbb18298d8", "0x7fcbb18298d8", "0x7fcbb10a9f68", "0x7fcbb10a9f68", "0x7fcbb1832c58", "0x7fcbb18322d0"], "memsize":1560, "flags":{"wb_protected":true, "old":true, "long_lived":true, "marked":true}}
{"address":"0x7fcbb1832cf8", "type":"NODE", "frozen":true, "node_type":"NODE_CREF", "references":["0x7fcbb10b0f98", "0x7fcbb1833450"], "memsize":40, "flags":{"wb_protected":true, "old":true, "long_lived":true, "marked":true}}
{"address":"0x7fcbb1832d20", "type":"DATA", "class":"0x7fcbb10c0100", "struct":"iseq", "references":["0x7fcbb182a0f8", "0x7fcbb182a0f8", "0x7fcbb10a9f68", "0x7fcbb10a9f68", "0x7fcbb1832cf8", "0x7fcbb18322d0"], "memsize":2328, "flags":{"wb_protected":true, "old":true, "long_lived":true, "marked":true}}
{"address":"0x7fcbb1832d98", "type":"NODE", "frozen":true, "node_type":"NODE_CREF", "references":["0x7fcbb10b0f98", "0x7fcbb1833450"], "memsize":40, "flags":{"wb_protected":true, "old":true, "long_lived":true, "marked":true}}
{"address":"0x7fcbb1832dc0", "type":"DATA", "class":"0x7fcbb10c0100", "struct":"iseq", "references":["0x7fcbb182a350", "0x7fcbb182a350", "0x7fcbb10a9f68", "0x7fcbb10a9f68", "0x7fcbb1832d98", "0x7fcbb18322d0"], "memsize":488, "flags":{"wb_protected":true, "old":true, "long_lived":true, "marked":true}}
{"address":"0x7fcbb1832de8", "type":"ARRAY", "length":3, "embedded":true, "references":["0x7fcbb1833130", "0x7fcbb104a4f0", "0x7fcbb104a4f0"], "memsize":40, "flags":{"wb_protected":true, "old":true, "long_lived":true, "marked":true}}
{"address":"0x7fcbb1832e60", "type":"NODE", "frozen":true, "node_type":"NODE_CREF", "references":["0x7fcbb10b0f98", "0x7fcbb1833450"], "memsize":40, "flags":{"wb_protected":true, "old":true, "long_lived":true, "marked":true}}
{"address":"0x7fcbb1832e88", "type":"DATA", "class":"0x7fcbb10c0100", "struct":"iseq", "references":["0x7fcbb1832de8", "0x7fcbb182ab70", "0x7fcbb182ab70", "0x7fcbb10a9f68", "0x7fcbb10a9f68", "0x7fcbb1832e60", "0x7fcbb18322d0"], "memsize":1744, "flags":{"wb_protected":true, "old":true, "long_lived":true, "marked":true}}
{"address":"0x7fcbb1832ed8", "type":"STRING", "class":"0x7fcbb10e0ef0", "frozen":true, "embedded":true, "fstring":true, "bytesize":19, "value":"missing_extensions?", "encoding":"US-ASCII", "memsize":40, "flags":{"wb_protected":true, "old":true, "long_lived":true, "marked":true}}
{"address":"0x7fcbb1832f00", "type":"NODE", "frozen":true, "node_type":"NODE_CREF", "references":["0x7fcbb10b0f98", "0x7fcbb1833450"], "memsize":40, "flags":{"wb_protected":true, "old":true, "long_lived":true, "marked":true}}
{"address":"0x7fcbb1832f28", "type":"DATA", "class":"0x7fcbb10c0100", "struct":"iseq", "references":["0x7fcbb182ada0", "0x7fcbb182ada0", "0x7fcbb10a9f68", "0x7fcbb10a9f68", "0x7fcbb1832f00", "0x7fcbb18322d0"], "memsize":392, "flags":{"wb_protected":true, "old":true, "long_lived":true, "marked":true}}
{"address":"0x7fcbb1832f50", "type":"STRING", "class":"0x7fcbb10e0ef0", "frozen":true, "fstring":true, "bytesize":85, "capacity":118, "value":"/Users/path/.rvm/rubies/ruby-2.2.3/lib/ruby/site_ruby/2.2.0/rubygems/util/stringio.rb", "encoding":"US-ASCII", "memsize":159, "flags":{"wb_protected":true, "old":true, "long_lived":true, "marked":true}}
{"address":"0x7fcbb1832fa0", "type":"NODE", "frozen":true, "node_type":"NODE_CREF", "references":["0x7fcbb10b0f98", "0x7fcbb1833450"], "memsize":40, "flags":{"wb_protected":true, "old":true, "long_lived":true, "marked":true}}
{"address":"0x7fcbb1832fc8", "type":"DATA", "class":"0x7fcbb10c0100", "struct":"iseq", "references":["0x7fcbb182b020", "0x7fcbb182b020", "0x7fcbb10a9f68", "0x7fcbb10a9f68", "0x7fcbb1832fa0", "0x7fcbb18322d0"], "memsize":400, "flags":{"wb_protected":true, "old":true, "long_lived":true, "marked":true}}
{"address":"0x7fcbb1832ff0", "type":"ARRAY", "length":10, "references":["0x7fcbb1049578", "0x7fcbb1833018", "0x7fcbb104a4f0", "0x7fcbb10398f8", "0x7fcbb10398f8", "0x7fcbb1052920", "0x7fcbb104a4f0", "0x7fcbb104ac98", "0x7fcbb1052920", "0x7fcbb104a4f0"], "memsize":200, "flags":{"wb_protected":true, "old":true, "long_lived":true, "marked":true}}
{"address":"0x7fcbb1833018", "type":"STRING", "class":"0x7fcbb10e0ef0", "frozen":true, "embedded":true, "fstring":true, "bytesize":4, "value":"Gems", "encoding":"UTF-8", "memsize":40, "flags":{"wb_protected":true, "old":true, "long_lived":true, "marked":true}}
{"address":"0x7fcbb1833090", "type":"NODE", "frozen":true, "node_type":"NODE_CREF", "references":["0x7fcbb10b0f98", "0x7fcbb1833450"], "memsize":40, "flags":{"wb_protected":true, "old":true, "long_lived":true, "marked":true}}
{"address":"0x7fcbb18330b8", "type":"DATA", "class":"0x7fcbb10c0100", "struct":"iseq", "references":["0x7fcbb1832ff0", "0x7fcbb10990f0", "0x7fcbb10990f0", "0x7fcbb10a9f68", "0x7fcbb10a9f68", "0x7fcbb1833090", "0x7fcbb18322d0"], "memsize":3088, "flags":{"wb_protected":true, "old":true, "long_lived":true, "marked":true}}
{"address":"0x7fcbb18330e0", "type":"ARRAY", "length":2, "embedded":true, "references":["0x7fcbb1833130", "0x7fcbb1833108"], "memsize":40, "flags":{"wb_protected":true, "old":true, "long_lived":true, "marked":true}}
{"address":"0x7fcbb1833108", "type":"STRING", "class":"0x7fcbb10e0ef0", "frozen":true, "embedded":true, "fstring":true, "bytesize":5, "value":"specs", "encoding":"UTF-8", "memsize":40, "flags":{"wb_protected":true, "old":true, "long_lived":true, "marked":true}}
{"address":"0x7fcbb1833130", "type":"STRING", "class":"0x7fcbb10e0ef0", "frozen":true, "embedded":true, "fstring":true, "bytesize":4, "value":".gem", "encoding":"UTF-8", "memsize":40, "flags":{"wb_protected":true, "old":true, "long_lived":true, "marked":true}}
{"address":"0x7fcbb18331a8", "type":"NODE", "frozen":true, "node_type":"NODE_CREF", "references":["0x7fcbb10b0f98", "0x7fcbb1833450"], "memsize":40, "flags":{"wb_protected":true, "old":true, "long_lived":true, "marked":true}}
{"address":"0x7fcbb18331d0", "type":"DATA", "class":"0x7fcbb10c0100", "struct":"iseq", "references":["0x7fcbb18330e0", "0x7fcbb10a8c30", "0x7fcbb10a8c30", "0x7fcbb10a9f68", "0x7fcbb10a9f68", "0x7fcbb18331a8", "0x7fcbb18322d0"], "memsize":816, "flags":{"wb_protected":true, "old":true, "long_lived":true, "marked":true}}
{"address":"0x7fcbb1833220", "type":"ARRAY", "length":1, "embedded":true, "references":["0x7fcbb1833248"], "memsize":40, "flags":{"wb_protected":true, "old":true, "long_lived":true, "marked":true}}
{"address":"0x7fcbb1833248", "type":"STRING", "class":"0x7fcbb10e0ef0", "frozen":true, "embedded":true, "fstring":true, "bytesize":21, "value":"https://rubygems.org/", "encoding":"UTF-8", "memsize":40, "flags":{"wb_protected":true, "old":true, "long_lived":true, "marked":true}}
{"address":"0x7fcbb18332c0", "type":"NODE", "frozen":true, "node_type":"NODE_CREF", "references":["0x7fcbb10b0f98", "0x7fcbb1833450"], "memsize":40, "flags":{"wb_protected":true, "old":true, "long_lived":true, "marked":true}}
{"address":"0x7fcbb18332e8", "type":"DATA", "class":"0x7fcbb10c0100", "struct":"iseq", "references":["0x7fcbb1833220", "0x7fcbb1071370", "0x7fcbb1071370", "0x7fcbb10a9f68", "0x7fcbb10a9f68", "0x7fcbb18332c0", "0x7fcbb18322d0"], "memsize":432, "flags":{"wb_protected":true, "old":true, "long_lived":true, "marked":true}}
{"address":"0x7fcbb1833450", "type":"NODE", "frozen":true, "node_type":"NODE_CREF", "references":["0x7fcbb10e2c78"], "memsize":40, "flags":{"wb_protected":true, "old":true, "long_lived":true, "marked":true}}
{"address":"0x7fcbb1833720", "type":"STRING", "class":"0x7fcbb10e0ef0", "frozen":true, "embedded":true, "fstring":true, "bytesize":2, "value":"=$", "encoding":"US-ASCII", "memsize":40, "flags":{"wb_protected":true, "old":true, "long_lived":true, "marked":true}}
{"address":"0x7fcbb1833798", "type":"REGEXP", "class":"0x7fcbb10d0b40", "references":["0x7fcbb1833720"], "memsize":493, "flags":{"wb_protected":true, "old":true, "long_lived":true, "marked":true}}
{"address":"0x7fcbb18339c8", "type":"STRING", "class":"0x7fcbb10e0ef0", "frozen":true, "embedded":true, "fstring":true, "bytesize":3, "value":"sym", "encoding":"US-ASCII", "memsize":40, "flags":{"wb_protected":true, "old":true, "long_lived":true, "marked":true}}
{"address":"0x7fcbb1838018", "type":"DATA", "class":"0x7fcbb10c0100", "struct":"iseq", "references":["0x7fcbb1838040", "0x7fcbb10e1a30", "0x7fcbb1840970", "0x7fcbb1840970", "0x7fcbb1838108"], "memsize":736, "flags":{"wb_protected":true, "old":true, "long_lived":true, "marked":true}}
{"address":"0x7fcbb1838040", "type":"STRING", "class":"0x7fcbb10e0ef0", "frozen":true, "embedded":true, "fstring":true, "bytesize":14, "value":"block in _load", "memsize":40, "flags":{"wb_protected":true, "old":true, "long_lived":true, "marked":true}}
{"address":"0x7fcbb1838090", "type":"STRING", "class":"0x7fcbb10e0ef0", "frozen":true, "fstring":true, "bytesize":34, "value":"invalid Gem::Specification format ", "encoding":"UTF-8", "memsize":75, "flags":{"wb_protected":true, "old":true, "long_lived":true, "marked":true}}
{"address":"0x7fcbb1838108", "type":"NODE", "frozen":true, "node_type":"NODE_CREF", "references":["0x7fcbb1906558", "0x7fcbb2022558"], "memsize":40, "flags":{"wb_protected":true, "old":true, "long_lived":true, "marked":true}}
{"address":"0x7fcbb1838158", "type":"DATA", "class":"0x7fcbb10c0100", "struct":"iseq", "references":["0x7fcbb1838518", "0x7fcbb10e1a30", "0x7fcbb10e1a30", "0x7fcbb1840970", "0x7fcbb1840970", "0x7fcbb1838108", "0x7fcbb1906530"], "memsize":10360, "flags":{"wb_protected":true, "old":true, "long_lived":true, "marked":true}}
{"address":"0x7fcbb18381a8", "type":"ARRAY", "length":1, "embedded":true, "references":["0x7fcbb1838298"], "memsize":40, "flags":{"wb_protected":true, "old":true, "long_lived":true, "marked":true}}
{"address":"0x7fcbb1838298", "type":"DATA", "class":"0x7fcbb10c0100", "struct":"iseq", "references":["0x7fcbb18382e8", "0x7fcbb109ba58", "0x7fcbb1840970", "0x7fcbb1840970", "0x7fcbb1838388"], "memsize":872, "flags":{"wb_protected":true, "old":true, "long_lived":true, "marked":true}}
{"address":"0x7fcbb18382e8", "type":"STRING", "class":"0x7fcbb10e0ef0", "frozen":true, "fstring":true, "bytesize":24, "value":"block in unresolved_deps", "memsize":65, "flags":{"wb_protected":true, "old":true, "long_lived":true, "marked":true}}
{"address":"0x7fcbb1838388", "type":"NODE", "frozen":true, "node_type":"NODE_CREF", "references":["0x7fcbb1906558", "0x7fcbb2022558"], "memsize":40, "flags":{"wb_protected":true, "old":true, "long_lived":true, "marked":true}}
{"address":"0x7fcbb18383b0", "type":"DATA", "class":"0x7fcbb10c0100", "struct":"iseq", "references":["0x7fcbb18381a8", "0x7fcbb109ba58", "0x7fcbb109ba58", "0x7fcbb1840970", "0x7fcbb1840970", "0x7fcbb1838388", "0x7fcbb1906530"], "memsize":808, "flags":{"wb_protected":true, "old":true, "long_lived":true, "marked":true}}
{"address":"0x7fcbb18384a0", "type":"DATA", "class":"0x7fcbb10c0100", "struct":"iseq", "references":["0x7fcbb18388d8", "0x7fcbb1098ad8", "0x7fcbb1840970", "0x7fcbb1840970", "0x7fcbb1838978"], "memsize":592, "flags":{"wb_protected":true, "old":true, "long_lived":true, "marked":true}}
{"address":"0x7fcbb18384f0", "type":"STRING", "class":"0x7fcbb10e0ef0", "frozen":true, "fstring":true, "bytesize":44, "value":"Please report a bug if this causes problems.", "encoding":"UTF-8", "memsize":85, "flags":{"wb_protected":true, "old":true, "long_lived":true, "marked":true}}
{"address":"0x7fcbb1838518", "type":"ARRAY", "length":2, "embedded":true, "references":["0x7fcbb1838018", "0x7fcbb1838090"], "memsize":40, "flags":{"wb_protected":true, "old":true, "long_lived":true, "marked":true}}
{"address":"0x7fcbb1838540", "type":"STRING", "class":"0x7fcbb10e0ef0", "frozen":true, "fstring":true, "bytesize":32, "value":": Clearing out unresolved specs.", "encoding":"UTF-8", "memsize":73, "flags":{"wb_protected":true, "old":true, "long_lived":true, "marked":true}}
{"address":"0x7fcbb1838590", "type":"STRING", "class":"0x7fcbb10e0ef0", "frozen":true, "embedded":true, "fstring":true, "bytesize":5, "value":"wordy", "encoding":"US-ASCII", "memsize":40, "flags":{"wb_protected":true, "old":true, "long_lived":true, "marked":true}}
{"address":"0x7fcbb18385b8", "type":"ARRAY", "length":1, "embedded":true, "references":["0x7fcbb1838630"], "memsize":40, "flags":{"wb_protected":true, "old":true, "long_lived":true, "marked":true}}
{"address":"0x7fcbb1838630", "type":"STRING", "class":"0x7fcbb10e0ef0", "frozen":true, "embedded":true, "fstring":true, "bytesize":6, "value":"      ", "encoding":"UTF-8", "memsize":40, "flags":{"wb_protected":true, "old":true, "long_lived":true, "marked":true}}
{"address":"0x7fcbb18386a8", "type":"DATA", "class":"0x7fcbb10c0100", "struct":"iseq", "references":["0x7fcbb18385b8", "0x7fcbb18388d8", "0x7fcbb1098ad8", "0x7fcbb1840970", "0x7fcbb1840970", "0x7fcbb1838978"], "memsize":664, "flags":{"wb_protected":true, "old":true, "long_lived":true, "marked":true}}
{"address":"0x7fcbb18386f8", "type":"STRING", "class":"0x7fcbb10e0ef0", "frozen":true, "fstring":true, "bytesize":51, "value":": Unresolved specs during Gem::Specification.reset:", "encoding":"UTF-8", "memsize":92, "flags":{"wb_protected":true, "old":true, "long_lived":true, "marked":true}}
{"address":"0x7fcbb1838720", "type":"STRING", "class":"0x7fcbb10e0ef0", "frozen":true, "embedded":true, "fstring":true, "bytesize":3, "value":"ARN", "encoding":"UTF-8", "memsize":40, "flags":{"wb_protected":true, "old":true, "long_lived":true, "marked":true}}
{"address":"0x7fcbb1838748", "type":"STRING", "class":"0x7fcbb10e0ef0", "frozen":true, "embedded":true, "fstring":true, "bytesize":1, "value":"W", "encoding":"UTF-8", "memsize":40, "flags":{"wb_protected":true, "old":true, "long_lived":true, "marked":true}}
{"address":"0x7fcbb1838798", "type":"ARRAY", "length":8, "references":["0x7fcbb18388b0", "0x7fcbb18386a8", "0x7fcbb18384a0", "0x7fcbb1838748", "0x7fcbb1838720", "0x7fcbb18386f8", "0x7fcbb1838540", "0x7fcbb18384f0"], "memsize":200, "flags":{"wb_protected":true, "old":true, "long_lived":true, "marked":true}}
{"address":"0x7fcbb1838810", "type":"STRING", "class":"0x7fcbb10e0ef0", "frozen":true, "embedded":true, "fstring":true, "bytesize":8, "value":"platform", "encoding":"US-ASCII", "memsize":40, "flags":{"wb_protected":true, "old":true, "long_lived":true, "marked":true}}
{"address":"0x7fcbb1838838", "type":"STRING", "class":"0x7fcbb10e0ef0", "frozen":true, "embedded":true, "fstring":true, "bytesize":12, "value":"add_platform", "encoding":"US-ASCII", "memsize":40, "flags":{"wb_protected":true, "old":true, "long_lived":true, "marked":true}}
{"address":"0x7fcbb18388b0", "type":"DATA", "class":"0x7fcbb10c0100", "struct":"iseq", "references":["0x7fcbb18388d8", "0x7fcbb1098ad8", "0x7fcbb1840970", "0x7fcbb1840970", "0x7fcbb1838978"], "memsize":592, "flags":{"wb_protected":true, "old":true, "long_lived":true, "marked":true}}
{"address":"0x7fcbb18388d8", "type":"STRING", "class":"0x7fcbb10e0ef0", "frozen":true, "embedded":true, "fstring":true, "bytesize":14, "value":"block in reset", "memsize":40, "flags":{"wb_protected":true, "old":true, "long_lived":true, "marked":true}}
{"address":"0x7fcbb1838978", "type":"NODE", "frozen":true, "node_type":"NODE_CREF", "references":["0x7fcbb1906558", "0x7fcbb2022558"], "memsize":40, "flags":{"wb_protected":true, "old":true, "long_lived":true, "marked":true}}
{"address":"0x7fcbb18389a0", "type":"DATA", "class":"0x7fcbb10c0100", "struct":"iseq", "references":["0x7fcbb1838798", "0x7fcbb1098ad8", "0x7fcbb1098ad8", "0x7fcbb1840970", "0x7fcbb1840970", "0x7fcbb1838978", "0x7fcbb1906530"], "memsize":3080, "flags":{"wb_protected":true, "old":true, "long_lived":true, "marked":true}}
{"address":"0x7fcbb1838a18", "type":"NODE", "frozen":true, "node_type":"NODE_CREF", "references":["0x7fcbb1906558", "0x7fcbb2022558"], "memsize":40, "flags":{"wb_protected":true, "old":true, "long_lived":true, "marked":true}}
{"address":"0x7fcbb1838a40", "type":"DATA", "class":"0x7fcbb10c0100", "struct":"iseq", "references":["0x7fcbb1879b58", "0x7fcbb1879b58", "0x7fcbb1840970", "0x7fcbb1840970", "0x7fcbb1838a18", "0x7fcbb1906530"], "memsize":536, "flags":{"wb_protected":true, "old":true, "long_lived":true, "marked":true}}
{"address":"0x7fcbb1838ab8", "type":"NODE", "frozen":true, "node_type":"NODE_CREF", "references":["0x7fcbb1906558", "0x7fcbb2022558"], "memsize":40, "flags":{"wb_protected":true, "old":true, "long_lived":true, "marked":true}}
{"address":"0x7fcbb1838ae0", "type":"DATA", "class":"0x7fcbb10c0100", "struct":"iseq", "references":["0x7fcbb1879e50", "0x7fcbb1879e50", "0x7fcbb1840970", "0x7fcbb1840970", "0x7fcbb1838ab8", "0x7fcbb1906530"], "memsize":680, "flags":{"wb_protected":true, "old":true, "long_lived":true, "marked":true}}
{"address":"0x7fcbb1838b30", "type":"ARRAY", "length":1, "embedded":true, "references":["0x7fcbb1838c20"], "memsize":40, "flags":{"wb_protected":true, "old":true, "long_lived":true, "marked":true}}
{"address":"0x7fcbb1838b80", "type":"STRING", "class":"0x7fcbb10e0ef0", "frozen":true, "embedded":true, "fstring":true, "bytesize":8, "value":"@version", "encoding":"US-ASCII", "memsize":40, "flags":{"wb_protected":true, "old":true, "long_lived":true, "marked":true}}
{"address":"0x7fcbb1838c20", "type":"DATA", "class":"0x7fcbb10c0100", "struct":"iseq", "references":["0x7fcbb1838c48", "0x7fcbb187a378", "0x7fcbb1840970", "0x7fcbb1840970", "0x7fcbb1838d10"], "memsize":848, "flags":{"wb_protected":true, "old":true, "long_lived":true, "marked":true}}
{"address":"0x7fcbb1838c48", "type":"STRING", "class":"0x7fcbb10e0ef0", "frozen":true, "embedded":true, "fstring":true, "bytesize":20, "value":"block in remove_spec", "memsize":40, "flags":{"wb_protected":true, "old":true, "long_lived":true, "marked":true}}
{"address":"0x7fcbb1838d10", "type":"NODE", "frozen":true, "node_type":"NODE_CREF", "references":["0x7fcbb1906558", "0x7fcbb2022558"], "memsize":40, "flags":{"wb_protected":true, "old":true, "long_lived":true, "marked":true}}
{"address":"0x7fcbb1838d38", "type":"DATA", "class":"0x7fcbb10c0100", "struct":"iseq", "references":["0x7fcbb1838b30", "0x7fcbb187a378", "0x7fcbb187a378", "0x7fcbb1840970", "0x7fcbb1840970", "0x7fcbb1838d10", "0x7fcbb1906530"], "memsize":992, "flags":{"wb_protected":true, "old":true, "long_lived":true, "marked":true}}
{"address":"0x7fcbb1838d88", "type":"ARRAY", "length":1, "embedded":true, "references":["0x7fcbb1838fe0"], "memsize":40, "flags":{"wb_protected":true, "old":true, "long_lived":true, "marked":true}}
{"address":"0x7fcbb1838e28", "type":"ARRAY", "length":2, "embedded":true, "references":["0x7fcbb1838ef0", "0x7fcbb1838f68"], "memsize":40, "flags":{"wb_protected":true, "old":true, "long_lived":true, "marked":true}}
{"address":"0x7fcbb1838ef0", "type":"DATA", "class":"0x7fcbb10c0100", "struct":"iseq", "references":["0x7fcbb1838f18", "0x7fcbb187b8e0", "0x7fcbb1840970", "0x7fcbb1840970", "0x7fcbb18390a8"], "memsize":600, "flags":{"wb_protected":true, "old":true, "long_lived":true, "marked":true}}
{"address":"0x7fcbb1838f18", "type":"STRING", "class":"0x7fcbb10e0ef0", "frozen":true, "fstring":true, "bytesize":47, "value":"block (2 levels) in outdated_and_latest_version", "memsize":88, "flags":{"wb_protected":true, "old":true, "long_lived":true, "marked":true}}
{"address":"0x7fcbb1838f68", "type":"STRING", "class":"0x7fcbb10e0ef0", "frozen":true, "embedded":true, "fstring":true, "bytesize":3, "value":">= ", "encoding":"UTF-8", "memsize":40, "flags":{"wb_protected":true, "old":true, "long_lived":true, "marked":true}}
{"address":"0x7fcbb1838fe0", "type":"DATA", "class":"0x7fcbb10c0100", "struct":"iseq", "references":["0x7fcbb1838e28", "0x7fcbb1839008", "0x7fcbb187b8e0", "0x7fcbb1840970", "0x7fcbb1840970", "0x7fcbb18390a8"], "memsize":2328, "flags":{"wb_protected":true, "old":true, "long_lived":true, "marked":true}}
{"address":"0x7fcbb1839008", "type":"STRING", "class":"0x7fcbb10e0ef0", "frozen":true, "fstring":true, "bytesize":36, "value":"block in outdated_and_latest_version", "memsize":77, "flags":{"wb_protected":true, "old":true, "long_lived":true, "marked":true}}
{"address":"0x7fcbb18390a8", "type":"NODE", "frozen":true, "node_type":"NODE_CREF", "references":["0x7fcbb1906558", "0x7fcbb2022558"], "memsize":40, "flags":{"wb_protected":true, "old":true, "long_lived":true, "marked":true}}
{"address":"0x7fcbb18390d0", "type":"DATA", "class":"0x7fcbb10c0100", "struct":"iseq", "references":["0x7fcbb1838d88", "0x7fcbb187b8e0", "0x7fcbb187b8e0", "0x7fcbb1840970", "0x7fcbb1840970", "0x7fcbb18390a8", "0x7fcbb1906530"], "memsize":1440, "flags":{"wb_protected":true, "old":true, "long_lived":true, "marked":true}}
{"address":"0x7fcbb1839120", "type":"STRING", "class":"0x7fcbb10e0ef0", "frozen":true, "embedded":true, "fstring":true, "bytesize":16, "value":"PlatformMismatch", "encoding":"US-ASCII", "memsize":40, "flags":{"wb_protected":true, "old":true, "long_lived":true, "marked":true}}
{"address":"0x7fcbb1839148", "type":"ARRAY", "length":1, "embedded":true, "references":["0x7fcbb1839210"], "memsize":40, "flags":{"wb_protected":true, "old":true, "long_lived":true, "marked":true}}
{"address":"0x7fcbb1839210", "type":"DATA", "class":"0x7fcbb10c0100", "struct":"iseq", "references":["0x7fcbb1839238", "0x7fcbb187b958", "0x7fcbb1840970", "0x7fcbb1840970", "0x7fcbb18392d8"], "memsize":600, "flags":{"wb_protected":true, "old":true, "long_lived":true, "marked":true}}
{"address":"0x7fcbb1839238", "type":"STRING", "class":"0x7fcbb10e0ef0", "frozen":true, "embedded":true, "fstring":true, "bytesize":17, "value":"block in outdated", "memsize":40, "flags":{"wb_protected":true, "old":true, "long_lived":true, "marked":true}}
{"address":"0x7fcbb18392d8", "type":"NODE", "frozen":true, "node_type":"NODE_CREF", "references":["0x7fcbb1906558", "0x7fcbb2022558"], "memsize":40, "flags":{"wb_protected":true, "old":true, "long_lived":true, "marked":true}}
{"address":"0x7fcbb1839300", "type":"DATA", "class":"0x7fcbb10c0100", "struct":"iseq", "references":["0x7fcbb1839148", "0x7fcbb187b958", "0x7fcbb187b958", "0x7fcbb1840970", "0x7fcbb1840970", "0x7fcbb18392d8", "0x7fcbb1906530"], "memsize":688, "flags":{"wb_protected":true, "old":true, "long_lived":true, "marked":true}}
{"address":"0x7fcbb1839328", "type":"ARRAY", "length":6, "references":["0x7fcbb1051b10", "0x7fcbb18393c8", "0x7fcbb10532d0", "0x7fcbb18393a0", "0x7fcbb187bdb8", "0x7fcbb1839378"], "memsize":200, "flags":{"wb_protected":true, "old":true, "long_lived":true, "marked":true}}
{"address":"0x7fcbb1839350", "type":"STRING", "class":"0x7fcbb10e0ef0", "frozen":true, "embedded":true, "fstring":true, "bytesize":11, "value":"ErrorReason", "encoding":"US-ASCII", "memsize":40, "flags":{"wb_protected":true, "old":true, "long_lived":true, "marked":true}}
{"address":"0x7fcbb1839378", "type":"STRING", "class":"0x7fcbb10e0ef0", "frozen":true, "embedded":true, "fstring":true, "bytesize":4, "value":"\\1 Z", "encoding":"UTF-8", "memsize":40, "flags":{"wb_protected":true, "old":true, "long_lived":true, "marked":true}}
{"address":"0x7fcbb18393a0", "type":"STRING", "class":"0x7fcbb10e0ef0", "frozen":true, "embedded":true, "fstring":true, "bytesize":2, "value":" \n", "encoding":"UTF-8", "memsize":40, "flags":{"wb_protected":true, "old":true, "long_lived":true, "marked":true}}
{"address":"0x7fcbb18393c8", "type":"STRING", "class":"0x7fcbb10e0ef0", "frozen":true, "embedded":true, "fstring":true, "bytesize":4, "value":"--- ", "encoding":"UTF-8", "memsize":40, "flags":{"wb_protected":true, "old":true, "long_lived":true, "marked":true}}
{"address":"0x7fcbb1839440", "type":"NODE", "frozen":true, "node_type":"NODE_CREF", "references":["0x7fcbb1906558", "0x7fcbb2022558"], "memsize":40, "flags":{"wb_protected":true, "old":true, "long_lived":true, "marked":true}}
{"address":"0x7fcbb1839468", "type":"DATA", "class":"0x7fcbb10c0100", "struct":"iseq", "references":["0x7fcbb1839328", "0x7fcbb1873a00", "0x7fcbb1873a00", "0x7fcbb1840970", "0x7fcbb1840970", "0x7fcbb1839440", "0x7fcbb1906530"], "memsize":1568, "flags":{"wb_protected":true, "old":true, "long_lived":true, "marked":true}}
{"address":"0x7fcbb18394e0", "type":"NODE", "frozen":true, "node_type":"NODE_CREF", "references":["0x7fcbb1906558", "0x7fcbb2022558"], "memsize":40, "flags":{"wb_protected":true, "old":true, "long_lived":true, "marked":true}}
{"address":"0x7fcbb1839508", "type":"DATA", "class":"0x7fcbb10c0100", "struct":"iseq", "references":["0x7fcbb1051d18", "0x7fcbb1051d18", "0x7fcbb1840970", "0x7fcbb1840970", "0x7fcbb18394e0", "0x7fcbb1906530"], "memsize":536, "flags":{"wb_protected":true, "old":true, "long_lived":true, "marked":true}}
{"address":"0x7fcbb1839580", "type":"STRING", "class":"0x7fcbb10e0ef0", "frozen":true, "embedded":true, "fstring":true, "bytesize":10, "value":" instead).", "encoding":"UTF-8", "memsize":40, "flags":{"wb_protected":true, "old":true, "long_lived":true, "marked":true}}
{"address":"0x7fcbb18395a8", "type":"STRING", "class":"0x7fcbb10e0ef0", "frozen":true, "fstring":true, "bytesize":30, "value":"] isn't a Gem::Specification (", "encoding":"UTF-8", "memsize":71, "flags":{"wb_protected":true, "old":true, "long_lived":true, "marked":true}}
{"address":"0x7fcbb18395d0", "type":"STRING", "class":"0x7fcbb10e0ef0", "frozen":true, "embedded":true, "fstring":true, "bytesize":1, "value":"[", "encoding":"UTF-8", "memsize":40, "flags":{"wb_protected":true, "old":true, "long_lived":true, "marked":true}}
{"address":"0x7fcbb18395f8", "type":"ARRAY", "length":6, "references":["0x7fcbb18396e8", "0x7fcbb1839788", "0x7fcbb18395d0", "0x7fcbb18395a8", "0x7fcbb1839580", "0x7fcbb18396e8"], "memsize":200, "flags":{"wb_protected":true, "old":true, "long_lived":true, "marked":true}}
{"address":"0x7fcbb1839620", "type":"ARRAY", "length":2, "embedded":true, "references":["0x7fcbb1839670", "0x7fcbb1839648"], "memsize":40, "flags":{"wb_protected":true, "old":true, "long_lived":true, "marked":true}}
{"address":"0x7fcbb1839648", "type":"STRING", "class":"0x7fcbb10e0ef0", "frozen":true, "embedded":true, "fstring":true, "bytesize":3, "value":"]: ", "encoding":"UTF-8", "memsize":40, "flags":{"wb_protected":true, "old":true, "long_lived":true, "marked":true}}
{"address":"0x7fcbb1839670", "type":"STRING", "class":"0x7fcbb10e0ef0", "frozen":true, "embedded":true, "fstring":true, "bytesize":20, "value":"Invalid gemspec in [", "encoding":"UTF-8", "memsize":40, "flags":{"wb_protected":true, "old":true, "long_lived":true, "marked":true}}
{"address":"0x7fcbb18396e8", "type":"DATA", "class":"0x7fcbb10c0100", "struct":"iseq", "references":["0x7fcbb1839620", "0x7fcbb1839710", "0x7fcbb10cb938", "0x7fcbb1840970", "0x7fcbb1840970", "0x7fcbb1839800"], "memsize":1360, "flags":{"wb_protected":true, "old":true, "long_lived":true, "marked":true}}
{"address":"0x7fcbb1839710", "type":"STRING", "class":"0x7fcbb10e0ef0", "frozen":true, "embedded":true, "fstring":true, "bytesize":14, "value":"rescue in load", "memsize":40, "flags":{"wb_protected":true, "old":true, "long_lived":true, "marked":true}}
{"address":"0x7fcbb1839760", "type":"DATA", "class":"0x7fcbb10c0100", "struct":"iseq", "references":["0x7fcbb10e38f8", "0x7fcbb10e38f8", "0x7fcbb1840970", "0x7fcbb1840970", "0x7fcbb18398f0", "0x7fcbb1906558"], "memsize":792, "flags":{"wb_protected":true, "old":true, "long_lived":true, "marked":true}}
{"address":"0x7fcbb1839788", "type":"STRING", "class":"0x7fcbb10e0ef0", "frozen":true, "embedded":true, "fstring":true, "bytesize":9, "value":"r:UTF-8:-", "encoding":"UTF-8", "memsize":40, "flags":{"wb_protected":true, "old":true, "long_lived":true, "marked":true}}
{"address":"0x7fcbb1839800", "type":"NODE", "frozen":true, "node_type":"NODE_CREF", "references":["0x7fcbb1906558", "0x7fcbb2022558"], "memsize":40, "flags":{"wb_protected":true, "old":true, "long_lived":true, "marked":true}}
{"address":"0x7fcbb1839828", "type":"DATA", "class":"0x7fcbb10c0100", "struct":"iseq", "references":["0x7fcbb18395f8", "0x7fcbb10cb938", "0x7fcbb10cb938", "0x7fcbb1840970", "0x7fcbb1840970", "0x7fcbb1839800", "0x7fcbb1906530"], "memsize":4208, "flags":{"wb_protected":true, "old":true, "long_lived":true, "marked":true}}
{"address":"0x7fcbb18398f0", "type":"NODE", "frozen":true, "node_type":"NODE_CREF", "references":["0x7fcbb1906558", "0x7fcbb2022558"], "memsize":40, "flags":{"wb_protected":true, "old":true, "long_lived":true, "marked":true}}
{"address":"0x7fcbb1839968", "type":"DATA", "class":"0x7fcbb10c0100", "struct":"iseq", "references":["0x7fcbb1839dc8", "0x7fcbb108a6e0", "0x7fcbb1840970", "0x7fcbb1840970", "0x7fcbb1839e90"], "memsize":1120, "flags":{"wb_protected":true, "old":true, "long_lived":true, "marked":true}}
{"address":"0x7fcbb1839a58", "type":"DATA", "class":"0x7fcbb10c0100", "struct":"iseq", "references":["0x7fcbb1839dc8", "0x7fcbb108a6e0", "0x7fcbb1840970", "0x7fcbb1840970", "0x7fcbb1839e90"], "memsize":592, "flags":{"wb_protected":true, "old":true, "long_lived":true, "marked":true}}
{"address":"0x7fcbb1839b98", "type":"DATA", "class":"0x7fcbb10c0100", "struct":"iseq", "references":["0x7fcbb1839dc8", "0x7fcbb108a6e0", "0x7fcbb1840970", "0x7fcbb1840970", "0x7fcbb1839e90"], "memsize":2240, "flags":{"wb_protected":true, "old":true, "long_lived":true, "marked":true}}
{"address":"0x7fcbb1839be8", "type":"STRING", "class":"0x7fcbb10e0ef0", "frozen":true, "embedded":true, "fstring":true, "bytesize":9, "value":"full_name", "encoding":"US-ASCII", "memsize":40, "flags":{"wb_protected":true, "old":true, "long_lived":true, "marked":true}}
{"address":"0x7fcbb1839c60", "type":"ARRAY", "length":4, "references":["0x7fcbb1839da0", "0x7fcbb1839b98", "0x7fcbb1839a58", "0x7fcbb1839968"], "memsize":200, "flags":{"wb_protected":true, "old":true, "long_lived":true, "marked":true}}
{"address":"0x7fcbb1839cb0", "type":"DATA", "class":"0x7fcbb10c0100", "struct":"iseq", "references":["0x7fcbb10e3880", "0x7fcbb10e3880", "0x7fcbb1840970", "0x7fcbb1840970", "0x7fcbb183a098", "0x7fcbb1906558"], "memsize":1952, "flags":{"wb_protected":true, "old":true, "long_lived":true, "marked":true}}
{"address":"0x7fcbb1839cd8", "type":"STRING", "class":"0x7fcbb10e0ef0", "frozen":true, "embedded":true, "fstring":true, "bytesize":12, "value":"dependencies", "encoding":"US-ASCII", "memsize":40, "flags":{"wb_protected":true, "old":true, "long_lived":true, "marked":true}}
{"address":"0x7fcbb1839d28", "type":"STRING", "class":"0x7fcbb10e0ef0", "frozen":true, "embedded":true, "fstring":true, "bytesize":3, "value":"act", "encoding":"US-ASCII", "memsize":40, "flags":{"wb_protected":true, "old":true, "long_lived":true, "marked":true}}
{"address":"0x7fcbb1839da0", "type":"DATA", "class":"0x7fcbb10c0100", "struct":"iseq", "references":["0x7fcbb1839dc8", "0x7fcbb108a6e0", "0x7fcbb1840970", "0x7fcbb1840970", "0x7fcbb1839e90"], "memsize":664, "flags":{"wb_protected":true, "old":true, "long_lived":true, "marked":true}}
{"address":"0x7fcbb1839dc8", "type":"STRING", "class":"0x7fcbb10e0ef0", "frozen":true, "embedded":true, "fstring":true, "bytesize":21, "value":"block in latest_specs", "memsize":40, "flags":{"wb_protected":true, "old":true, "long_lived":true, "marked":true}}
{"address":"0x7fcbb1839e90", "type":"NODE", "frozen":true, "node_type":"NODE_CREF", "references":["0x7fcbb1906558", "0x7fcbb2022558"], "memsize":40, "flags":{"wb_protected":true, "old":true, "long_lived":true, "marked":true}}
{"address":"0x7fcbb1839eb8", "type":"STRING", "class":"0x7fcbb10e0ef0", "frozen":true, "embedded":true, "fstring":true, "bytesize":5, "value":"@name", "encoding":"US-ASCII", "memsize":40, "flags":{"wb_protected":true, "old":true, "long_lived":true, "marked":true}}
{"address":"0x7fcbb1839ee0", "type":"DATA", "class":"0x7fcbb10c0100", "struct":"iseq", "references":["0x7fcbb1839c60", "0x7fcbb108a6e0", "0x7fcbb108a6e0", "0x7fcbb1840970", "0x7fcbb1840970", "0x7fcbb1839e90", "0x7fcbb1906530"], "memsize":1792, "flags":{"wb_protected":true, "old":true, "long_lived":true, "marked":true}}
{"address":"0x7fcbb1839f08", "type":"ARRAY", "length":1, "embedded":true, "references":["0x7fcbb1839f30"], "memsize":40, "flags":{"wb_protected":true, "old":true, "long_lived":true, "marked":true}}
{"address":"0x7fcbb1839f30", "type":"STRING", "class":"0x7fcbb10e0ef0", "frozen":true, "fstring":true, "bytesize":47, "value":"YAML data doesn't evaluate to gem specification", "encoding":"UTF-8", "memsize":88, "flags":{"wb_protected":true, "old":true, "long_lived":true, "marked":true}}
{"address":"0x7fcbb1839fa8", "type":"STRING", "class":"0x7fcbb10e0ef0", "frozen":true, "embedded":true, "fstring":true, "bytesize":10, "value":"@conflicts", "encoding":"US-ASCII", "memsize":40, "flags":{"wb_protected":true, "old":true, "long_lived":true, "marked":true}}
{"address":"0x7fcbb1839fd0", "type":"NODE", "frozen":true, "node_type":"NODE_CREF", "references":["0x7fcbb1906558", "0x7fcbb2022558"], "memsize":40, "flags":{"wb_protected":true, "old":true, "long_lived":true, "marked":true}}
{"address":"0x7fcbb1839ff8", "type":"DATA", "class":"0x7fcbb10c0100", "struct":"iseq", "references":["0x7fcbb1839f08", "0x7fcbb1873b90", "0x7fcbb1873b90", "0x7fcbb1840970", "0x7fcbb1840970", "0x7fcbb1839fd0", "0x7fcbb1906530"], "memsize":2888, "flags":{"wb_protected":true, "old":true, "long_lived":true, "marked":true}}
{"address":"0x7fcbb183a048", "type":"STRING", "class":"0x7fcbb10e0ef0", "frozen":true, "embedded":true, "fstring":true, "bytesize":7, "value":"@target", "encoding":"US-ASCII", "memsize":40, "flags":{"wb_protected":true, "old":true, "long_lived":true, "marked":true}}
{"address":"0x7fcbb183a098", "type":"NODE", "frozen":true, "node_type":"NODE_CREF", "references":["0x7fcbb1906558", "0x7fcbb2022558"], "memsize":40, "flags":{"wb_protected":true, "old":true, "long_lived":true, "marked":true}}
{"address":"0x7fcbb183a110", "type":"ARRAY", "length":1, "embedded":true, "references":["0x7fcbb183a1d8"], "memsize":40, "flags":{"wb_protected":true, "old":true, "long_lived":true, "marked":true}}
{"address":"0x7fcbb183a1d8", "type":"DATA", "class":"0x7fcbb10c0100", "struct":"iseq", "references":["0x7fcbb183a200", "0x7fcbb1868ba0", "0x7fcbb1840970", "0x7fcbb1840970", "0x7fcbb183a4f8"], "memsize":1192, "flags":{"wb_protected":true, "old":true, "long_lived":true, "marked":true}}
{"address":"0x7fcbb183a200", "type":"STRING", "class":"0x7fcbb10e0ef0", "frozen":true, "fstring":true, "bytesize":43, "value":"block (2 levels) in find_in_unresolved_tree", "memsize":84, "flags":{"wb_protected":true, "old":true, "long_lived":true, "marked":true}}
{"address":"0x7fcbb183a250", "type":"STRING", "class":"0x7fcbb10e0ef0", "frozen":true, "embedded":true, "fstring":true, "bytesize":8, "value":"stubline", "encoding":"US-ASCII", "memsize":40, "flags":{"wb_protected":true, "old":true, "long_lived":true, "marked":true}}
{"address":"0x7fcbb183a2a0", "type":"DATA", "class":"0x7fcbb10c0100", "struct":"iseq", "references":["0x7fcbb183a110", "0x7fcbb183a430", "0x7fcbb1868ba0", "0x7fcbb1840970", "0x7fcbb1840970", "0x7fcbb183a4f8"], "memsize":1488, "flags":{"wb_protected":true, "old":true, "long_lived":true, "marked":true}}
{"address":"0x7fcbb183a318", "type":"ARRAY", "length":2, "embedded":true, "references":["0x7fcbb183a408", "0x7fcbb183a2a0"], "memsize":40, "flags":{"wb_protected":true, "old":true, "long_lived":true, "marked":true}}
{"address":"0x7fcbb183a340", "type":"STRING", "class":"0x7fcbb10e0ef0", "frozen":true, "embedded":true, "fstring":true, "bytesize":9, "value":"conflicts", "encoding":"US-ASCII", "memsize":40, "flags":{"wb_protected":true, "old":true, "long_lived":true, "marked":true}}
{"address":"0x7fcbb183a408", "type":"DATA", "class":"0x7fcbb10c0100", "struct":"iseq", "references":["0x7fcbb183a430", "0x7fcbb1868ba0", "0x7fcbb1840970", "0x7fcbb1840970", "0x7fcbb183a4f8"], "memsize":592, "flags":{"wb_protected":true, "old":true, "long_lived":true, "marked":true}}
{"address":"0x7fcbb183a430", "type":"STRING", "class":"0x7fcbb10e0ef0", "frozen":true, "fstring":true, "bytesize":32, "value":"block in find_in_unresolved_tree", "memsize":73, "flags":{"wb_protected":true, "old":true, "long_lived":true, "marked":true}}
{"address":"0x7fcbb183a4d0", "type":"STRING", "class":"0x7fcbb10e0ef0", "frozen":true, "embedded":true, "fstring":true, "bytesize":13, "value":"ConflictError", "encoding":"US-ASCII", "memsize":40, "flags":{"wb_protected":true, "old":true, "long_lived":true, "marked":true}}
{"address":"0x7fcbb183a4f8", "type":"NODE", "frozen":true, "node_type":"NODE_CREF", "references":["0x7fcbb1906558", "0x7fcbb2022558"], "memsize":40, "flags":{"wb_protected":true, "old":true, "long_lived":true, "marked":true}}
{"address":"0x7fcbb183a520", "type":"DATA", "class":"0x7fcbb10c0100", "struct":"iseq", "references":["0x7fcbb183a318", "0x7fcbb1868ba0", "0x7fcbb1868ba0", "0x7fcbb1840970", "0x7fcbb1840970", "0x7fcbb183a4f8", "0x7fcbb1906530"], "memsize":1200, "flags":{"wb_protected":true, "old":true, "long_lived":true, "marked":true}}
{"address":"0x7fcbb183a610", "type":"DATA", "class":"0x7fcbb10c0100", "struct":"iseq", "references":["0x7fcbb183a7a0", "0x7fcbb1869230", "0x7fcbb1840970", "0x7fcbb1840970", "0x7fcbb183a840"], "memsize":608, "flags":{"wb_protected":true, "old":true, "long_lived":true, "marked":true}}
{"address":"0x7fcbb183a688", "type":"ARRAY", "length":2, "embedded":true, "references":["0x7fcbb183a778", "0x7fcbb183a610"], "memsize":40, "flags":{"wb_protected":true, "old":true, "long_lived":true, "marked":true}}
{"address":"0x7fcbb183a700", "type":"STRING", "class":"0x7fcbb10e0ef0", "frozen":true, "embedded":true, "fstring":true, "bytesize":11, "value":"requirement", "encoding":"US-ASCII", "memsize":40, "flags":{"wb_protected":true, "old":true, "long_lived":true, "marked":true}}
{"address":"0x7fcbb183a778", "type":"DATA", "class":"0x7fcbb10c0100", "struct":"iseq", "references":["0x7fcbb183a7a0", "0x7fcbb1869230", "0x7fcbb1840970", "0x7fcbb1840970", "0x7fcbb183a840"], "memsize":592, "flags":{"wb_protected":true, "old":true, "long_lived":true, "marked":true}}
{"address":"0x7fcbb183a7a0", "type":"STRING", "class":"0x7fcbb10e0ef0", "frozen":true, "fstring":true, "bytesize":27, "value":"block in find_in_unresolved", "memsize":68, "flags":{"wb_protected":true, "old":true, "long_lived":true, "marked":true}}
{"address":"0x7fcbb183a840", "type":"NODE", "frozen":true, "node_type":"NODE_CREF", "references":["0x7fcbb1906558", "0x7fcbb2022558"], "memsize":40, "flags":{"wb_protected":true, "old":true, "long_lived":true, "marked":true}}
{"address":"0x7fcbb183a868", "type":"DATA", "class":"0x7fcbb10c0100", "struct":"iseq", "references":["0x7fcbb183a688", "0x7fcbb1869230", "0x7fcbb1869230", "0x7fcbb1840970", "0x7fcbb1840970", "0x7fcbb183a840", "0x7fcbb1906530"], "memsize":1152, "flags":{"wb_protected":true, "old":true, "long_lived":true, "marked":true}}
{"address":"0x7fcbb183a8b8", "type":"ARRAY", "length":1, "embedded":true, "references":["0x7fcbb183a980"], "memsize":40, "flags":{"wb_protected":true, "old":true, "long_lived":true, "marked":true}}
{"address":"0x7fcbb183a980", "type":"DATA", "class":"0x7fcbb10c0100", "struct":"iseq", "references":["0x7fcbb183a9a8", "0x7fcbb10a0c88", "0x7fcbb1840970", "0x7fcbb1840970", "0x7fcbb183aa48"], "memsize":808, "flags":{"wb_protected":true, "old":true, "long_lived":true, "marked":true}}
{"address":"0x7fcbb183a9a8", "type":"STRING", "class":"0x7fcbb10e0ef0", "frozen":true, "fstring":true, "bytesize":30, "value":"block in find_inactive_by_path", "memsize":71, "flags":{"wb_protected":true, "old":true, "long_lived":true, "marked":true}}
{"address":"0x7fcbb183aa48", "type":"NODE", "frozen":true, "node_type":"NODE_CREF", "references":["0x7fcbb1906558", "0x7fcbb2022558"], "memsize":40, "flags":{"wb_protected":true, "old":true, "long_lived":true, "marked":true}}
{"address":"0x7fcbb183aa70", "type":"DATA", "class":"0x7fcbb10c0100", "struct":"iseq", "references":["0x7fcbb183a8b8", "0x7fcbb10a0c88", "0x7fcbb10a0c88", "0x7fcbb1840970", "0x7fcbb1840970", "0x7fcbb183aa48", "0x7fcbb1906530"], "memsize":928, "flags":{"wb_protected":true, "old":true, "long_lived":true, "marked":true}}
{"address":"0x7fcbb183aac0", "type":"ARRAY", "length":1, "embedded":true, "references":["0x7fcbb183ab88"], "memsize":40, "flags":{"wb_protected":true, "old":true, "long_lived":true, "marked":true}}
{"address":"0x7fcbb183ab88", "type":"DATA", "class":"0x7fcbb10c0100", "struct":"iseq", "references":["0x7fcbb183abd8", "0x7fcbb10a0ad0", "0x7fcbb1840970", "0x7fcbb1840970", "0x7fcbb183aca0"], "memsize":632, "flags":{"wb_protected":true, "old":true, "long_lived":true, "marked":true}}
{"address":"0x7fcbb183abb0", "type":"NODE", "frozen":true, "node_type":"NODE_CREF", "references":["0x7fcbb1906558", "0x7fcbb2022558"], "memsize":40, "flags":{"wb_protected":true, "old":true, "long_lived":true, "marked":true}}
{"address":"0x7fcbb183abd8", "type":"STRING", "class":"0x7fcbb10e0ef0", "frozen":true, "embedded":true, "fstring":true, "bytesize":21, "value":"block in find_by_path", "memsize":40, "flags":{"wb_protected":true, "old":true, "long_lived":true, "marked":true}}
{"address":"0x7fcbb183ac78", "type":"STRING", "class":"0x7fcbb10e0ef0", "frozen":true, "fstring":true, "bytesize":78, "capacity":118, "value":"/Users/path/.rvm/rubies/ruby-2.2.3/lib/ruby/site_ruby/2.2.0/rubygems/errors.rb", "encoding":"US-ASCII", "memsize":159, "flags":{"wb_protected":true, "old":true, "long_lived":true, "marked":true}}
{"address":"0x7fcbb183aca0", "type":"NODE", "frozen":true, "node_type":"NODE_CREF", "references":["0x7fcbb1906558", "0x7fcbb2022558"], "memsize":40, "flags":{"wb_protected":true, "old":true, "long_lived":true, "marked":true}}
{"address":"0x7fcbb183acc8", "type":"DATA", "class":"0x7fcbb10c0100", "struct":"iseq", "references":["0x7fcbb183aac0", "0x7fcbb10a0ad0", "0x7fcbb10a0ad0", "0x7fcbb1840970", "0x7fcbb1840970", "0x7fcbb183aca0", "0x7fcbb1906530"], "memsize":576, "flags":{"wb_protected":true, "old":true, "long_lived":true, "marked":true}}
{"address":"0x7fcbb183ad68", "type":"NODE", "frozen":true, "node_type":"NODE_CREF", "references":["0x7fcbb1906558", "0x7fcbb2022558"], "memsize":40, "flags":{"wb_protected":true, "old":true, "long_lived":true, "marked":true}}
{"address":"0x7fcbb183ad90", "type":"DATA", "class":"0x7fcbb10c0100", "struct":"iseq", "references":["0x7fcbb10a04e0", "0x7fcbb10a04e0", "0x7fcbb1840970", "0x7fcbb1840970", "0x7fcbb183ad68", "0x7fcbb1906530"], "memsize":1192, "flags":{"wb_protected":true, "old":true, "long_lived":true, "marked":true}}
{"address":"0x7fcbb183ae08", "type":"NODE", "frozen":true, "node_type":"NODE_CREF", "references":["0x7fcbb1906558", "0x7fcbb2022558"], "memsize":40, "flags":{"wb_protected":true, "old":true, "long_lived":true, "marked":true}}
{"address":"0x7fcbb183ae30", "type":"DATA", "class":"0x7fcbb10c0100", "struct":"iseq", "references":["0x7fcbb186a6f8", "0x7fcbb186a6f8", "0x7fcbb1840970", "0x7fcbb1840970", "0x7fcbb183ae08", "0x7fcbb1906530"], "memsize":1192, "flags":{"wb_protected":true, "old":true, "long_lived":true, "marked":true}}
{"address":"0x7fcbb183ae80", "type":"ARRAY", "length":1, "embedded":true, "references":["0x7fcbb183af48"], "memsize":40, "flags":{"wb_protected":true, "old":true, "long_lived":true, "marked":true}}
{"address":"0x7fcbb183af48", "type":"DATA", "class":"0x7fcbb10c0100", "struct":"iseq", "references":["0x7fcbb183af70", "0x7fcbb10e3420", "0x7fcbb1840970", "0x7fcbb1840970", "0x7fcbb183b010"], "memsize":616, "flags":{"wb_protected":true, "old":true, "long_lived":true, "marked":true}}
{"address":"0x7fcbb183af70", "type":"STRING", "class":"0x7fcbb10e0ef0", "frozen":true, "embedded":true, "fstring":true, "bytesize":13, "value":"block in each", "memsize":40, "flags":{"wb_protected":true, "old":true, "long_lived":true, "marked":true}}
{"address":"0x7fcbb183b010", "type":"NODE", "frozen":true, "node_type":"NODE_CREF", "references":["0x7fcbb1906558", "0x7fcbb2022558"], "memsize":40, "flags":{"wb_protected":true, "old":true, "long_lived":true, "marked":true}}
{"address":"0x7fcbb183b038", "type":"DATA", "class":"0x7fcbb10c0100", "struct":"iseq", "references":["0x7fcbb183ae80", "0x7fcbb10e3420", "0x7fcbb10e3420", "0x7fcbb1840970", "0x7fcbb1840970", "0x7fcbb183b010", "0x7fcbb1906530"], "memsize":1040, "flags":{"wb_protected":true, "old":true, "long_lived":true, "marked":true}}
{"address":"0x7fcbb183b088", "type":"ARRAY", "length":1, "embedded":true, "references":["0x7fcbb183b218"], "memsize":40, "flags":{"wb_protected":true, "old":true, "long_lived":true, "marked":true}}
{"address":"0x7fcbb183b0b0", "type":"ARRAY", "length":1, "embedded":true, "references":["0x7fcbb10528f8"], "memsize":40, "flags":{"wb_protected":true, "old":true, "long_lived":true, "marked":true}}
{"address":"0x7fcbb183b100", "type":"CLASS", "class":"0x7fcbb10e2408", "name":"Module", "references":["0x7fcbb183b100", "0x7fcbb183b9e8", "0x7fcbb183b100", "0x7fcbb183b920", "0x7fcbb183b100", "0x7fcbb183b6c8", "0x7fcbb183b100", "0x7fcbb183b880", "0x7fcbb183b178", "0x7fcbb10e2c28"], "memsize":712, "flags":{"wb_protected":true, "old":true, "long_lived":true, "marked":true}}
{"address":"0x7fcbb183b150", "type":"STRING", "class":"0x7fcbb10e0ef0", "frozen":true, "embedded":true, "bytesize":14, "value":"Gem::Deprecate", "encoding":"US-ASCII", "memsize":40, "flags":{"wb_protected":true, "old":true, "long_lived":true, "marked":true}}
{"address":"0x7fcbb183b178", "type":"MODULE", "class":"0x7fcbb183b100", "name":"Gem::Deprecate", "references":["0x7fcbb183b178", "0x7fcbb183b880", "0x7fcbb183b178", "0x7fcbb183b6c8", "0x7fcbb183b150"], "memsize":904, "flags":{"long_lived":true, "marked":true}}
{"address":"0x7fcbb183b1f0", "type":"ARRAY", "length":1, "embedded":true, "references":["0x7fcbb183b5d8"], "memsize":40, "flags":{"wb_protected":true, "old":true, "long_lived":true, "marked":true}}
{"address":"0x7fcbb183b218", "type":"DATA", "class":"0x7fcbb10c0100", "struct":"iseq", "references":["0x7fcbb183b0b0", "0x7fcbb183b240", "0x7fcbb1092a70", "0x7fcbb1840970", "0x7fcbb1840970", "0x7fcbb183b498"], "memsize":680, "flags":{"wb_protected":true, "old":true, "long_lived":true, "marked":true}}
{"address":"0x7fcbb183b240", "type":"STRING", "class":"0x7fcbb10e0ef0", "frozen":true, "embedded":true, "fstring":true, "bytesize":14, "value":"block in dirs=", "memsize":40, "flags":{"wb_protected":true, "old":true, "long_lived":true, "marked":true}}
{"address":"0x7fcbb183b290", "type":"ARRAY", "length":2, "embedded":true, "references":["0x7fcbb183b4e8", "0x7fcbb183b560"], "memsize":40, "flags":{"wb_protected":true, "old":true, "long_lived":true, "marked":true}}
{"address":"0x7fcbb183b2b8", "type":"ARRAY", "length":12, "references":["0x7fcbb104b3c8", "0x7fcbb183b470", "0x7fcbb183b448", "0x7fcbb183b420", "0x7fcbb183b3f8", "0x7fcbb183b3d0", "0x7fcbb183b3a8", "0x7fcbb183b380", "0x7fcbb183b358", "0x7fcbb183b330", "0x7fcbb1048100", "0x7fcbb104b3c8"], "memsize":200, "flags":{"wb_protected":true, "old":true, "long_lived":true, "marked":true}}
{"address":"0x7fcbb183b330", "type":"STRING", "class":"0x7fcbb10e0ef0", "frozen":true, "embedded":true, "fstring":true, "bytesize":13, "value":" called from ", "encoding":"UTF-8", "memsize":40, "flags":{"wb_protected":true, "old":true, "long_lived":true, "marked":true}}
{"address":"0x7fcbb183b358", "type":"STRING", "class":"0x7fcbb10e0ef0", "frozen":true, "embedded":true, "fstring":true, "bytesize":1, "value":"\n", "encoding":"UTF-8", "memsize":40, "flags":{"wb_protected":true, "old":true, "long_lived":true, "marked":true}}
{"address":"0x7fcbb183b380", "type":"STRING", "class":"0x7fcbb10e0ef0", "frozen":true, "fstring":true, "bytesize":45, "value":". It will be removed on or after %4d-%02d-01.", "encoding":"UTF-8", "memsize":86, "flags":{"wb_protected":true, "old":true, "long_lived":true, "marked":true}}
{"address":"0x7fcbb183b3a8", "type":"STRING", "class":"0x7fcbb10e0ef0", "frozen":true, "embedded":true, "fstring":true, "bytesize":8, "value":" instead", "encoding":"UTF-8", "memsize":40, "flags":{"wb_protected":true, "old":true, "long_lived":true, "marked":true}}
{"address":"0x7fcbb183b3d0", "type":"STRING", "class":"0x7fcbb10e0ef0", "frozen":true, "embedded":true, "fstring":true, "bytesize":6, "value":"; use ", "encoding":"UTF-8", "memsize":40, "flags":{"wb_protected":true, "old":true, "long_lived":true, "marked":true}}
{"address":"0x7fcbb183b3f8", "type":"STRING", "class":"0x7fcbb10e0ef0", "frozen":true, "embedded":true, "fstring":true, "bytesize":20, "value":" with no replacement", "encoding":"UTF-8", "memsize":40, "flags":{"wb_protected":true, "old":true, "long_lived":true, "marked":true}}
{"address":"0x7fcbb183b420", "type":"STRING", "class":"0x7fcbb10e0ef0", "frozen":true, "embedded":true, "fstring":true, "bytesize":14, "value":" is deprecated", "encoding":"UTF-8", "memsize":40, "flags":{"wb_protected":true, "old":true, "long_lived":true, "marked":true}}
{"address":"0x7fcbb183b448", "type":"STRING", "class":"0x7fcbb10e0ef0", "frozen":true, "embedded":true, "fstring":true, "bytesize":6, "value":"NOTE: ", "encoding":"UTF-8", "memsize":40, "flags":{"wb_protected":true, "old":true, "long_lived":true, "marked":true}}
{"address":"0x7fcbb183b470", "type":"STRING", "class":"0x7fcbb10e0ef0", "frozen":true, "embedded":true, "fstring":true, "bytesize":1, "value":"#", "encoding":"UTF-8", "memsize":40, "flags":{"wb_protected":true, "old":true, "long_lived":true, "marked":true}}
{"address":"0x7fcbb183b498", "type":"NODE", "frozen":true, "node_type":"NODE_CREF", "references":["0x7fcbb1906558", "0x7fcbb2022558"], "memsize":40, "flags":{"wb_protected":true, "old":true, "long_lived":true, "marked":true}}
{"address":"0x7fcbb183b4c0", "type":"DATA", "class":"0x7fcbb10c0100", "struct":"iseq", "references":["0x7fcbb183b088", "0x7fcbb1092a70", "0x7fcbb1092a70", "0x7fcbb1840970", "0x7fcbb1840970", "0x7fcbb183b498", "0x7fcbb1906530"], "memsize":896, "flags":{"wb_protected":true, "old":true, "long_lived":true, "marked":true}}
{"address":"0x7fcbb183b4e8", "type":"DATA", "class":"0x7fcbb10c0100", "struct":"iseq", "references":["0x7fcbb183b2b8", "0x7fcbb183b510", "0x7fcbb1830cf0", "0x7fcbb1831e48", "0x7fcbb1831e48", "0x7fcbb183b6a0"], "memsize":2928, "flags":{"wb_protected":true, "old":true, "long_lived":true, "marked":true}}
{"address":"0x7fcbb183b510", "type":"STRING", "class":"0x7fcbb10e0ef0", "frozen":true, "fstring":true, "bytesize":29, "value":"block (2 levels) in deprecate", "memsize":70, "flags":{"wb_protected":true, "old":true, "long_lived":true, "marked":true}}
{"address":"0x7fcbb183b560", "type":"STRING", "class":"0x7fcbb10e0ef0", "frozen":true, "embedded":true, "fstring":true, "bytesize":12, "value":"_deprecated_", "encoding":"UTF-8", "memsize":40, "flags":{"wb_protected":true, "old":true, "long_lived":true, "marked":true}}
{"address":"0x7fcbb183b588", "type":"ARRAY", "length":1, "embedded":true, "references":["0x7fcbb183b740"], "memsize":40, "flags":{"wb_protected":true, "old":true, "long_lived":true, "marked":true}}
{"address":"0x7fcbb183b5b0", "type":"ARRAY", "length":1, "embedded":true, "references":["0x7fcbb10528f8"], "memsize":40, "flags":{"wb_protected":true, "old":true, "long_lived":true, "marked":true}}
{"address":"0x7fcbb183b5d8", "type":"DATA", "class":"0x7fcbb10c0100", "struct":"iseq", "references":["0x7fcbb183b290", "0x7fcbb183b600", "0x7fcbb1830cf0", "0x7fcbb1831e48", "0x7fcbb1831e48", "0x7fcbb183b6a0"], "memsize":944, "flags":{"wb_protected":true, "old":true, "long_lived":true, "marked":true}}
{"address":"0x7fcbb183b600", "type":"STRING", "class":"0x7fcbb10e0ef0", "frozen":true, "embedded":true, "fstring":true, "bytesize":18, "value":"block in deprecate", "memsize":40, "flags":{"wb_protected":true, "old":true, "long_lived":true, "marked":true}}
{"address":"0x7fcbb183b6a0", "type":"NODE", "frozen":true, "node_type":"NODE_CREF", "references":["0x7fcbb183b178", "0x7fcbb183bb50"], "memsize":40, "flags":{"wb_protected":true, "old":true, "long_lived":true, "marked":true}}
{"address":"0x7fcbb183b6c8", "type":"DATA", "class":"0x7fcbb10c0100", "struct":"iseq", "references":["0x7fcbb183b1f0", "0x7fcbb1830cf0", "0x7fcbb1830cf0", "0x7fcbb1831e48", "0x7fcbb1831e48", "0x7fcbb183b6a0", "0x7fcbb183b178"], "memsize":600, "flags":{"wb_protected":true, "old":true, "long_lived":true, "marked":true}}
{"address":"0x7fcbb183b718", "type":"ARRAY", "length":2, "embedded":true, "references":["0x7fcbb183b790", "0x7fcbb183b790"], "memsize":40, "flags":{"wb_protected":true, "old":true, "long_lived":true, "marked":true}}
{"address":"0x7fcbb183b740", "type":"DATA", "class":"0x7fcbb10c0100", "struct":"iseq", "references":["0x7fcbb183b5b0", "0x7fcbb183b768", "0x7fcbb1092a98", "0x7fcbb1840970", "0x7fcbb1840970", "0x7fcbb183b8a8"], "memsize":944, "flags":{"wb_protected":true, "old":true, "long_lived":true, "marked":true}}
{"address":"0x7fcbb183b768", "type":"STRING", "class":"0x7fcbb10e0ef0", "frozen":true, "embedded":true, "fstring":true, "bytesize":13, "value":"block in dirs", "memsize":40, "flags":{"wb_protected":true, "old":true, "long_lived":true, "marked":true}}
{"address":"0x7fcbb183b790", "type":"DATA", "class":"0x7fcbb10c0100", "struct":"iseq", "references":["0x7fcbb183b7b8", "0x7fcbb18313a8", "0x7fcbb1831e48", "0x7fcbb1831e48", "0x7fcbb183b858"], "memsize":616, "flags":{"wb_protected":true, "old":true, "long_lived":true, "marked":true}}
{"address":"0x7fcbb183b7b8", "type":"STRING", "class":"0x7fcbb10e0ef0", "frozen":true, "embedded":true, "fstring":true, "bytesize":21, "value":"ensure in skip_during", "memsize":40, "flags":{"wb_protected":true, "old":true, "long_lived":true, "marked":true}}
{"address":"0x7fcbb183b858", "type":"NODE", "frozen":true, "node_type":"NODE_CREF", "references":["0x7fcbb183b178", "0x7fcbb183bb50"], "memsize":40, "flags":{"wb_protected":true, "old":true, "long_lived":true, "marked":true}}
{"address":"0x7fcbb183b880", "type":"DATA", "class":"0x7fcbb10c0100", "struct":"iseq", "references":["0x7fcbb183b718", "0x7fcbb18313a8", "0x7fcbb18313a8", "0x7fcbb1831e48", "0x7fcbb1831e48", "0x7fcbb183b858", "0x7fcbb183b178"], "memsize":1368, "flags":{"wb_protected":true, "old":true, "long_lived":true, "marked":true}}
{"address":"0x7fcbb183b8a8", "type":"NODE", "frozen":true, "node_type":"NODE_CREF", "references":["0x7fcbb1906558", "0x7fcbb2022558"], "memsize":40, "flags":{"wb_protected":true, "old":true, "long_lived":true, "marked":true}}
{"address":"0x7fcbb183b8d0", "type":"DATA", "class":"0x7fcbb10c0100", "struct":"iseq", "references":["0x7fcbb183b588", "0x7fcbb1092a98", "0x7fcbb1092a98", "0x7fcbb1840970", "0x7fcbb1840970", "0x7fcbb183b8a8", "0x7fcbb1906530"], "memsize":888, "flags":{"wb_protected":true, "old":true, "long_lived":true, "marked":true}}
{"address":"0x7fcbb183b8f8", "type":"NODE", "frozen":true, "node_type":"NODE_CREF", "references":["0x7fcbb183b178", "0x7fcbb183bb50"], "memsize":40, "flags":{"wb_protected":true, "old":true, "long_lived":true, "marked":true}}
{"address":"0x7fcbb183b920", "type":"DATA", "class":"0x7fcbb10c0100", "struct":"iseq", "references":["0x7fcbb1831600", "0x7fcbb1831600", "0x7fcbb1831e48", "0x7fcbb1831e48", "0x7fcbb183b8f8", "0x7fcbb183b100"], "memsize":472, "flags":{"wb_protected":true, "old":true, "long_lived":true, "marked":true}}
{"address":"0x7fcbb183b998", "type":"NODE", "frozen":true, "node_type":"NODE_CREF", "references":["0x7fcbb1906558", "0x7fcbb2022558"], "memsize":40, "flags":{"wb_protected":true, "old":true, "long_lived":true, "marked":true}}
{"address":"0x7fcbb183b9c0", "type":"NODE", "frozen":true, "node_type":"NODE_CREF", "references":["0x7fcbb183b178", "0x7fcbb183bb50"], "memsize":40, "flags":{"wb_protected":true, "old":true, "long_lived":true, "marked":true}}
{"address":"0x7fcbb183b9e8", "type":"DATA", "class":"0x7fcbb10c0100", "struct":"iseq", "references":["0x7fcbb10ca2e0", "0x7fcbb10ca2e0", "0x7fcbb1831e48", "0x7fcbb1831e48", "0x7fcbb183b9c0", "0x7fcbb183b100"], "memsize":592, "flags":{"wb_protected":true, "old":true, "long_lived":true, "marked":true}}
{"address":"0x7fcbb183ba10", "type":"DATA", "class":"0x7fcbb10c0100", "struct":"iseq", "references":["0x7fcbb186bb48", "0x7fcbb186bb48", "0x7fcbb1840970", "0x7fcbb1840970", "0x7fcbb183b998", "0x7fcbb1906530"], "memsize":536, "flags":{"wb_protected":true, "old":true, "long_lived":true, "marked":true}}
{"address":"0x7fcbb183ba88", "type":"NODE", "frozen":true, "node_type":"NODE_CREF", "references":["0x7fcbb1906558", "0x7fcbb2022558"], "memsize":40, "flags":{"wb_protected":true, "old":true, "long_lived":true, "marked":true}}
{"address":"0x7fcbb183bab0", "type":"DATA", "class":"0x7fcbb10c0100", "struct":"iseq", "references":["0x7fcbb186bdf0", "0x7fcbb186bdf0", "0x7fcbb1840970", "0x7fcbb1840970", "0x7fcbb183ba88", "0x7fcbb1906530"], "memsize":536, "flags":{"wb_protected":true, "old":true, "long_lived":true, "marked":true}}
{"address":"0x7fcbb183bb28", "type":"NODE", "frozen":true, "node_type":"NODE_CREF", "references":["0x7fcbb1906558", "0x7fcbb2022558"], "memsize":40, "flags":{"wb_protected":true, "old":true, "long_lived":true, "marked":true}}
{"address":"0x7fcbb183bb50", "type":"NODE", "frozen":true, "node_type":"NODE_CREF", "references":["0x7fcbb10e2c78"], "memsize":40, "flags":{"wb_protected":true, "old":true, "long_lived":true, "marked":true}}
{"address":"0x7fcbb183bb78", "type":"DATA", "class":"0x7fcbb10c0100", "struct":"iseq", "references":["0x7fcbb10627a8", "0x7fcbb10627a8", "0x7fcbb1840970", "0x7fcbb1840970", "0x7fcbb183bb28", "0x7fcbb1906530"], "memsize":664, "flags":{"wb_protected":true, "old":true, "long_lived":true, "marked":true}}
{"address":"0x7fcbb183bbf0", "type":"NODE", "frozen":true, "node_type":"NODE_CREF", "references":["0x7fcbb1906558", "0x7fcbb2022558"], "memsize":40, "flags":{"wb_protected":true, "old":true, "long_lived":true, "marked":true}}
{"address":"0x7fcbb183bc18", "type":"DATA", "class":"0x7fcbb10c0100", "struct":"iseq", "references":["0x7fcbb1060188", "0x7fcbb1060188", "0x7fcbb1840970", "0x7fcbb1840970", "0x7fcbb183bbf0", "0x7fcbb1906530"], "memsize":472, "flags":{"wb_protected":true, "old":true, "long_lived":true, "marked":true}}
{"address":"0x7fcbb183bc40", "type":"ARRAY", "length":1, "embedded":true, "references":["0x7fcbb183bc68"], "memsize":40, "flags":{"wb_protected":true, "old":true, "long_lived":true, "marked":true}}
{"address":"0x7fcbb183bc68", "type":"STRING", "class":"0x7fcbb10e0ef0", "frozen":true, "fstring":true, "bytesize":36, "value":"NOTE: Specification.all called from ", "encoding":"UTF-8", "memsize":77, "flags":{"wb_protected":true, "old":true, "long_lived":true, "marked":true}}
{"address":"0x7fcbb183bce0", "type":"NODE", "frozen":true, "node_type":"NODE_CREF", "references":["0x7fcbb1906558", "0x7fcbb2022558"], "memsize":40, "flags":{"wb_protected":true, "old":true, "long_lived":true, "marked":true}}
{"address":"0x7fcbb183bd08", "type":"DATA", "class":"0x7fcbb10c0100", "struct":"iseq", "references":["0x7fcbb183bc40", "0x7fcbb1860108", "0x7fcbb1860108", "0x7fcbb1840970", "0x7fcbb1840970", "0x7fcbb183bce0", "0x7fcbb1906530"], "memsize":1208, "flags":{"wb_protected":true, "old":true, "long_lived":true, "marked":true}}
{"address":"0x7fcbb183bd58", "type":"ARRAY", "length":2, "embedded":true, "references":["0x7fcbb183be20", "0x7fcbb183bf60"], "memsize":40, "flags":{"wb_protected":true, "old":true, "long_lived":true, "marked":true}}
{"address":"0x7fcbb183be20", "type":"DATA", "class":"0x7fcbb10c0100", "struct":"iseq", "references":["0x7fcbb183be48", "0x7fcbb18607c0", "0x7fcbb1840970", "0x7fcbb1840970", "0x7fcbb183bee8"], "memsize":624, "flags":{"wb_protected":true, "old":true, "long_lived":true, "marked":true}}
{"address":"0x7fcbb183be48", "type":"STRING", "class":"0x7fcbb10e0ef0", "frozen":true, "embedded":true, "fstring":true, "bytesize":18, "value":"block in add_specs", "memsize":40, "flags":{"wb_protected":true, "old":true, "long_lived":true, "marked":true}}
{"address":"0x7fcbb183bee8", "type":"NODE", "frozen":true, "node_type":"NODE_CREF", "references":["0x7fcbb1906558", "0x7fcbb2022558"], "memsize":40, "flags":{"wb_protected":true, "old":true, "long_lived":true, "marked":true}}
{"address":"0x7fcbb183bf10", "type":"DATA", "class":"0x7fcbb10c0100", "struct":"iseq", "references":["0x7fcbb183bd58", "0x7fcbb18607c0", "0x7fcbb18607c0", "0x7fcbb1840970", "0x7fcbb1840970", "0x7fcbb183bee8", "0x7fcbb1906530"], "memsize":928, "flags":{"wb_protected":true, "old":true, "long_lived":true, "marked":true}}
{"address":"0x7fcbb183bf38", "type":"ARRAY", "length":1, "embedded":true, "references":["0x7fcbb183bf60"], "memsize":40, "flags":{"wb_protected":true, "old":true, "long_lived":true, "marked":true}}
{"address":"0x7fcbb183bf60", "type":"STRING", "class":"0x7fcbb10e0ef0", "frozen":true, "embedded":true, "fstring":true, "bytesize":9, "value":"nil spec!", "encoding":"UTF-8", "memsize":40, "flags":{"wb_protected":true, "old":true, "long_lived":true, "marked":true}}
{"address":"0x7fcbb1840970", "type":"STRING", "class":"0x7fcbb10e0ef0", "frozen":true, "fstring":true, "bytesize":85, "capacity":118, "value":"/Users/path/.rvm/rubies/ruby-2.2.3/lib/ruby/site_ruby/2.2.0/rubygems/specification.rb", "encoding":"US-ASCII", "memsize":159, "flags":{"wb_protected":true, "old":true, "long_lived":true, "marked":true}}
{"address":"0x7fcbb1840b50", "type":"STRING", "class":"0x7fcbb10e0ef0", "frozen":true, "embedded":true, "fstring":true, "bytesize":10, "value":"@spec_file", "encoding":"US-ASCII", "memsize":40, "flags":{"wb_protected":true, "old":true, "long_lived":true, "marked":true}}
{"address":"0x7fcbb1840b78", "type":"DATA", "struct":"autoload_i", "references":["0x7fcbb1840ba0"], "memsize":72}
{"address":"0x7fcbb1840ba0", "type":"STRING", "class":"0x7fcbb10e0ef0", "frozen":true, "embedded":true, "bytesize":21, "value":"rubygems/spec_fetcher", "memsize":40, "flags":{"wb_protected":true, "old":true, "long_lived":true, "marked":true}}
{"address":"0x7fcbb1840c18", "type":"DATA", "struct":"autoload_i", "references":["0x7fcbb1840c40"], "memsize":72}
{"address":"0x7fcbb1840c40", "type":"STRING", "class":"0x7fcbb10e0ef0", "frozen":true, "embedded":true, "bytesize":20, "value":"rubygems/source_list", "memsize":40, "flags":{"wb_protected":true, "old":true, "long_lived":true, "marked":true}}
{"address":"0x7fcbb1840cb8", "type":"DATA", "struct":"autoload_i", "references":["0x7fcbb1840ce0"], "memsize":72}
{"address":"0x7fcbb1840ce0", "type":"STRING", "class":"0x7fcbb10e0ef0", "frozen":true, "embedded":true, "bytesize":15, "value":"rubygems/source", "memsize":40, "flags":{"wb_protected":true, "old":true, "long_lived":true, "marked":true}}
{"address":"0x7fcbb1840d08", "type":"STRING", "class":"0x7fcbb10e0ef0", "frozen":true, "embedded":true, "fstring":true, "bytesize":9, "value":"@spec_dir", "encoding":"US-ASCII", "memsize":40, "flags":{"wb_protected":true, "old":true, "long_lived":true, "marked":true}}
{"address":"0x7fcbb1840d58", "type":"DATA", "struct":"autoload_i", "references":["0x7fcbb1840d80"], "memsize":72}
{"address":"0x7fcbb1840d80", "type":"STRING", "class":"0x7fcbb10e0ef0", "frozen":true, "embedded":true, "bytesize":17, "value":"rubygems/resolver", "memsize":40, "flags":{"wb_protected":true, "old":true, "long_lived":true, "marked":true}}
{"address":"0x7fcbb1840e70", "type":"STRING", "class":"0x7fcbb10e0ef0", "frozen":true, "embedded":true, "fstring":true, "bytesize":7, "value":"@ri_dir", "encoding":"US-ASCII", "memsize":40, "flags":{"wb_protected":true, "old":true, "long_lived":true, "marked":true}}
{"address":"0x7fcbb1840e98", "type":"DATA", "struct":"autoload_i", "references":["0x7fcbb1840ec0"], "memsize":72}
{"address":"0x7fcbb1840ec0", "type":"STRING", "class":"0x7fcbb10e0ef0", "frozen":true, "embedded":true, "bytesize":20, "value":"rubygems/request_set", "memsize":40, "flags":{"wb_protected":true, "old":true, "long_lived":true, "marked":true}}
{"address":"0x7fcbb1840fd8", "type":"DATA", "struct":"autoload_i", "references":["0x7fcbb1841000"], "memsize":72}
{"address":"0x7fcbb1841000", "type":"STRING", "class":"0x7fcbb10e0ef0", "frozen":true, "embedded":true, "bytesize":21, "value":"rubygems/path_support", "memsize":40, "flags":{"wb_protected":true, "old":true, "long_lived":true, "marked":true}}
{"address":"0x7fcbb1841078", "type":"DATA", "struct":"autoload_i", "references":["0x7fcbb18410a0"], "memsize":72}
{"address":"0x7fcbb18410a0", "type":"STRING", "class":"0x7fcbb10e0ef0", "frozen":true, "embedded":true, "bytesize":18, "value":"rubygems/installer", "memsize":40, "flags":{"wb_protected":true, "old":true, "long_lived":true, "marked":true}}
{"address":"0x7fcbb1841118", "type":"DATA", "struct":"autoload_i", "references":["0x7fcbb1841140"], "memsize":72}
{"address":"0x7fcbb1841140", "type":"STRING", "class":"0x7fcbb10e0ef0", "frozen":true, "embedded":true, "bytesize":17, "value":"rubygems/resolver", "memsize":40, "flags":{"wb_protected":true, "old":true, "long_lived":true, "marked":true}}
{"address":"0x7fcbb18411b8", "type":"DATA", "struct":"autoload_i", "references":["0x7fcbb18411e0"], "memsize":72}
{"address":"0x7fcbb18411e0", "type":"STRING", "class":"0x7fcbb10e0ef0", "frozen":true, "bytesize":24, "value":"rubygems/dependency_list", "memsize":65, "flags":{"wb_protected":true, "old":true, "long_lived":true, "marked":true}}
{"address":"0x7fcbb1841230", "type":"DATA", "struct":"autoload_i", "references":["0x7fcbb1841258"], "memsize":72}
{"address":"0x7fcbb1841258", "type":"STRING", "class":"0x7fcbb10e0ef0", "frozen":true, "embedded":true, "bytesize":19, "value":"rubygems/dependency", "memsize":40, "flags":{"wb_protected":true, "old":true, "long_lived":true, "marked":true}}
{"address":"0x7fcbb18412d0", "type":"DATA", "struct":"autoload_i", "references":["0x7fcbb18412f8"], "memsize":72}
{"address":"0x7fcbb18412f8", "type":"STRING", "class":"0x7fcbb10e0ef0", "frozen":true, "embedded":true, "bytesize":20, "value":"rubygems/config_file", "memsize":40, "flags":{"wb_protected":true, "old":true, "long_lived":true, "marked":true}}
{"address":"0x7fcbb1841320", "type":"DATA", "struct":"autoload", "references":["0x7fcbb18412d0", "0x7fcbb1841230", "0x7fcbb18411b8", "0x7fcbb1841118", "0x7fcbb1841078", "0x7fcbb1840fd8", "0x7fcbb1840e98", "0x7fcbb1840d58", "0x7fcbb1840cb8", "0x7fcbb1840c18", "0x7fcbb1840b78"], "memsize":744, "flags":{"long_lived":true, "marked":true}}
{"address":"0x7fcbb1841398", "type":"STRING", "class":"0x7fcbb10e0ef0", "embedded":true, "bytesize":18, "value":"quick/Marshal.4.8/", "encoding":"UTF-8", "memsize":40, "flags":{"wb_protected":true, "old":true, "long_lived":true, "marked":true}}
{"address":"0x7fcbb1841438", "type":"ARRAY", "class":"0x7fcbb10d19a0", "frozen":true, "length":2, "embedded":true, "references":["0x7fcbb10a91d0"], "memsize":40, "flags":{"wb_protected":true, "old":true, "long_lived":true, "marked":true}}
{"address":"0x7fcbb1841488", "type":"ARRAY", "class":"0x7fcbb10d19a0", "frozen":true, "length":2, "embedded":true, "references":["0x7fcbb10a91d0"], "memsize":40, "flags":{"wb_protected":true, "old":true, "long_lived":true, "marked":true}}
{"address":"0x7fcbb18414d8", "type":"ARRAY", "class":"0x7fcbb10d19a0", "frozen":true, "length":2, "embedded":true, "references":["0x7fcbb10a91d0"], "memsize":40, "flags":{"wb_protected":true, "old":true, "long_lived":true, "marked":true}}
{"address":"0x7fcbb1841528", "type":"ARRAY", "class":"0x7fcbb10d19a0", "frozen":true, "length":2, "embedded":true, "references":["0x7fcbb10a91d0"], "memsize":40, "flags":{"wb_protected":true, "old":true, "long_lived":true, "marked":true}}
{"address":"0x7fcbb1841578", "type":"ARRAY", "class":"0x7fcbb10d19a0", "frozen":true, "length":2, "embedded":true, "references":["0x7fcbb10a91d0"], "memsize":40, "flags":{"wb_protected":true, "old":true, "long_lived":true, "marked":true}}
{"address":"0x7fcbb18415c8", "type":"ARRAY", "class":"0x7fcbb10d19a0", "frozen":true, "length":2, "embedded":true, "references":["0x7fcbb10a91d0"], "memsize":40, "flags":{"wb_protected":true, "old":true, "long_lived":true, "marked":true}}
{"address":"0x7fcbb1841618", "type":"ARRAY", "class":"0x7fcbb10d19a0", "frozen":true, "length":2, "embedded":true, "references":["0x7fcbb10a91d0"], "memsize":40, "flags":{"wb_protected":true, "old":true, "long_lived":true, "marked":true}}
{"address":"0x7fcbb1841668", "type":"ARRAY", "class":"0x7fcbb10d19a0", "frozen":true, "length":2, "embedded":true, "references":["0x7fcbb10a91d0"], "memsize":40, "flags":{"wb_protected":true, "old":true, "long_lived":true, "marked":true}}
{"address":"0x7fcbb18416b8", "type":"ARRAY", "class":"0x7fcbb10d19a0", "frozen":true, "length":2, "embedded":true, "references":["0x7fcbb10a91d0"], "memsize":40, "flags":{"wb_protected":true, "old":true, "long_lived":true, "marked":true}}
{"address":"0x7fcbb1841758", "type":"ARRAY", "class":"0x7fcbb10d19a0", "length":0, "memsize":40, "flags":{"wb_protected":true, "old":true, "long_lived":true, "marked":true}}
{"address":"0x7fcbb1841780", "type":"ARRAY", "class":"0x7fcbb10d19a0", "length":0, "memsize":40, "flags":{"wb_protected":true, "old":true, "long_lived":true, "marked":true}}
{"address":"0x7fcbb18417a8", "type":"ARRAY", "class":"0x7fcbb10d19a0", "length":0, "memsize":40, "flags":{"wb_protected":true, "old":true, "long_lived":true, "marked":true}}
{"address":"0x7fcbb18417d0", "type":"ARRAY", "class":"0x7fcbb10d19a0", "length":0, "memsize":40, "flags":{"wb_protected":true, "old":true, "long_lived":true, "marked":true}}
{"address":"0x7fcbb18417f8", "type":"HASH", "class":"0x7fcbb10d1270", "size":286, "references":["0x7fcbb2019c50", "0x7fcbb191df78", "0x7fcbb2019bd8", "0x7fcbb191df78", "0x7fcbb2019bb0", "0x7fcbb191df78", "0x7fcbb2019b88", "0x7fcbb191df78", "0x7fcbb2019b60", "0x7fcbb191df78", "0x7fcbb2019b38", "0x7fcbb19268a8", "0x7fcbb1924418", "0x7fcbb19268a8", "0x7fcbb192d4f0", "0x7fcbb192f048", "0x7fcbb192d4c8", "0x7fcbb192f048", "0x7fcbb192d4a0", "0x7fcbb192f048", "0x7fcbb192d478", "0x7fcbb192f048", "0x7fcbb192d450", "0x7fcbb192f048", "0x7fcbb192d428", "0x7fcbb192f048", "0x7fcbb192d400", "0x7fcbb192f048", "0x7fcbb192d3d8", "0x7fcbb192f048", "0x7fcbb192d3b0", "0x7fcbb192f048", "0x7fcbb192d388", "0x7fcbb192f048", "0x7fcbb192d360", "0x7fcbb192f048", "0x7fcbb192d338", "0x7fcbb192f048", "0x7fcbb192d310", "0x7fcbb192f048", "0x7fcbb192d2e8", "0x7fcbb192f048", "0x7fcbb192d2c0", "0x7fcbb192f048", "0x7fcbb192d298", "0x7fcbb192f048", "0x7fcbb192d270", "0x7fcbb192f048", "0x7fcbb192d248", "0x7fcbb192f048", "0x7fcbb1945780", "0x7fcbb193d7d8", "0x7fcbb1945758", "0x7fcbb193d7d8", "0x7fcbb1945730", "0x7fcbb193d7d8", "0x7fcbb1945708", "0x7fcbb193d7d8", "0x7fcbb19456e0", "0x7fcbb193d7d8", "0x7fcbb19456b8", "0x7fcbb193d7d8", "0x7fcbb1945690", "0x7fcbb193d7d8", "0x7fcbb1945668", "0x7fcbb193d7d8", "0x7fcbb1945640", "0x7fcbb193d7d8", "0x7fcbb1945618", "0x7fcbb193d7d8", "0x7fcbb193e548", "0x7fcbb193d7d8", "0x7fcbb193e520", "0x7fcbb193d7d8", "0x7fcbb193e4f8", "0x7fcbb193d7d8", "0x7fcbb19455f0", "0x7fcbb193d7d8", "0x7fcbb193e4a8", "0x7fcbb193d7d8", "0x7fcbb193e480", "0x7fcbb193d7d8", "0x7fcbb19455c8", "0x7fcbb193d7d8", "0x7fcbb19455a0", "0x7fcbb193d7d8", "0x7fcbb1945578", "0x7fcbb193d7d8", "0x7fcbb1945550", "0x7fcbb193d7d8", "0x7fcbb1945528", "0x7fcbb193d7d8", "0x7fcbb1945500", "0x7fcbb193d7d8", "0x7fcbb19454d8", "0x7fcbb193d7d8", "0x7fcbb19454b0", "0x7fcbb193d7d8", "0x7fcbb1945488", "0x7fcbb193d7d8", "0x7fcbb1945460", "0x7fcbb193d7d8", "0x7fcbb1945438", "0x7fcbb193d7d8", "0x7fcbb1945410", "0x7fcbb193d7d8", "0x7fcbb19453e8", "0x7fcbb193d7d8", "0x7fcbb19453c0", "0x7fcbb193d7d8", "0x7fcbb1945398", "0x7fcbb193d7d8", "0x7fcbb1945370", "0x7fcbb193d7d8", "0x7fcbb1945348", "0x7fcbb193d7d8", "0x7fcbb193e1b0", "0x7fcbb193d7d8", "0x7fcbb193e188", "0x7fcbb193d7d8", "0x7fcbb193e160", "0x7fcbb193d7d8", "0x7fcbb193e138", "0x7fcbb193d7d8", "0x7fcbb193e110", "0x7fcbb193d7d8", "0x7fcbb193e0e8", "0x7fcbb193d7d8", "0x7fcbb1945320", "0x7fcbb193d7d8", "0x7fcbb193e098", "0x7fcbb193d7d8", "0x7fcbb193e070", "0x7fcbb193d7d8", "0x7fcbb193e048", "0x7fcbb193d7d8", "0x7fcbb193e020", "0x7fcbb193d7d8", "0x7fcbb193dff8", "0x7fcbb193d7d8", "0x7fcbb193dfd0", "0x7fcbb193d7d8", "0x7fcbb193dfa8", "0x7fcbb193d7d8", "0x7fcbb193df80", "0x7fcbb193d7d8", "0x7fcbb193df58", "0x7fcbb193d7d8", "0x7fcbb193df30", "0x7fcbb193d7d8", "0x7fcbb193df08", "0x7fcbb193d7d8", "0x7fcbb193dee0", "0x7fcbb193d7d8", "0x7fcbb193deb8", "0x7fcbb193d7d8", "0x7fcbb193de90", "0x7fcbb193d7d8", "0x7fcbb19452f8", "0x7fcbb193d7d8", "0x7fcbb193de40", "0x7fcbb193d7d8", "0x7fcbb193de18", "0x7fcbb193d7d8", "0x7fcbb193ddf0", "0x7fcbb193d7d8", "0x7fcbb19452d0", "0x7fcbb193d7d8", "0x7fcbb19452a8", "0x7fcbb193d7d8", "0x7fcbb193dd78", "0x7fcbb193d7d8", "0x7fcbb193dd50", "0x7fcbb193d7d8", "0x7fcbb193dd28", "0x7fcbb193d7d8", "0x7fcbb1945280", "0x7fcbb193d7d8", "0x7fcbb193dcd8", "0x7fcbb193d7d8", "0x7fcbb193dcb0", "0x7fcbb193d7d8", "0x7fcbb193dc88", "0x7fcbb193d7d8", "0x7fcbb193dc60", "0x7fcbb193d7d8", "0x7fcbb193dc38", "0x7fcbb193d7d8", "0x7fcbb193dc10", "0x7fcbb193d7d8", "0x7fcbb1945258", "0x7fcbb193d7d8", "0x7fcbb193dbc0", "0x7fcbb193d7d8", "0x7fcbb193db98", "0x7fcbb193d7d8", "0x7fcbb193db70", "0x7fcbb193d7d8", "0x7fcbb193db48", "0x7fcbb193d7d8", "0x7fcbb193db20", "0x7fcbb193d7d8", "0x7fcbb193daf8", "0x7fcbb193d7d8", "0x7fcbb193dad0", "0x7fcbb193d7d8", "0x7fcbb1945230", "0x7fcbb193d7d8", "0x7fcbb193da80", "0x7fcbb193d7d8", "0x7fcbb193da58", "0x7fcbb193d7d8", "0x7fcbb193da30", "0x7fcbb193d7d8", "0x7fcbb193da08", "0x7fcbb193d7d8", "0x7fcbb193d9e0", "0x7fcbb193d7d8", "0x7fcbb193d9b8", "0x7fcbb193d7d8", "0x7fcbb109a928", "0x7fcbb194dfe8", "0x7fcbb1957a20", "0x7fcbb194dfe8", "0x7fcbb19579f8", "0x7fcbb194dfe8", "0x7fcbb19579d0", "0x7fcbb194dfe8", "0x7fcbb19579a8", "0x7fcbb194dfe8", "0x7fcbb1957980", "0x7fcbb194dfe8", "0x7fcbb1957958", "0x7fcbb194dfe8", "0x7fcbb194e8f8", "0x7fcbb194dfe8", "0x7fcbb194e8d0", "0x7fcbb194dfe8", "0x7fcbb194e8a8", "0x7fcbb194dfe8", "0x7fcbb194e880", "0x7fcbb194dfe8", "0x7fcbb194e858", "0x7fcbb194dfe8", "0x7fcbb1957930", "0x7fcbb194dfe8", "0x7fcbb1957908", "0x7fcbb194dfe8", "0x7fcbb19578e0", "0x7fcbb194dfe8", "0x7fcbb19578b8", "0x7fcbb194dfe8", "0x7fcbb1957890", "0x7fcbb194dfe8", "0x7fcbb1957868", "0x7fcbb194dfe8", "0x7fcbb1957840", "0x7fcbb194dfe8", "0x7fcbb1957818", "0x7fcbb194dfe8", "0x7fcbb19577f0", "0x7fcbb194dfe8", "0x7fcbb19577c8", "0x7fcbb194dfe8", "0x7fcbb194e6a0", "0x7fcbb194dfe8", "0x7fcbb19577a0", "0x7fcbb194dfe8", "0x7fcbb1957778", "0x7fcbb194dfe8", "0x7fcbb1957750", "0x7fcbb194dfe8", "0x7fcbb1957728", "0x7fcbb194dfe8", "0x7fcbb1957700", "0x7fcbb194dfe8", "0x7fcbb194e5b0", "0x7fcbb194dfe8", "0x7fcbb194e588", "0x7fcbb194dfe8", "0x7fcbb19576d8", "0x7fcbb194dfe8", "0x7fcbb19576b0", "0x7fcbb194dfe8", "0x7fcbb194e510", "0x7fcbb194dfe8", "0x7fcbb1957688", "0x7fcbb194dfe8", "0x7fcbb1957660", "0x7fcbb194dfe8", "0x7fcbb1957638", "0x7fcbb194dfe8", "0x7fcbb1957610", "0x7fcbb194dfe8", "0x7fcbb19575e8", "0x7fcbb194dfe8", "0x7fcbb19575c0", "0x7fcbb194dfe8", "0x7fcbb1957598", "0x7fcbb194dfe8", "0x7fcbb1957570", "0x7fcbb194dfe8", "0x7fcbb1957548", "0x7fcbb194dfe8", "0x7fcbb194e380", "0x7fcbb194dfe8", "0x7fcbb1957520", "0x7fcbb194dfe8", "0x7fcbb194e330", "0x7fcbb194dfe8", "0x7fcbb194e308", "0x7fcbb194dfe8", "0x7fcbb19574f8", "0x7fcbb194dfe8", "0x7fcbb19574d0", "0x7fcbb194dfe8", "0x7fcbb19574a8", "0x7fcbb194dfe8", "0x7fcbb194e268", "0x7fcbb194dfe8", "0x7fcbb1957480", "0x7fcbb194dfe8", "0x7fcbb1957458", "0x7fcbb194dfe8", "0x7fcbb1957430", "0x7fcbb194dfe8", "0x7fcbb1957408", "0x7fcbb194dfe8", "0x7fcbb194e1a0", "0x7fcbb194dfe8", "0x7fcbb19573e0", "0x7fcbb194dfe8", "0x7fcbb19573b8", "0x7fcbb194dfe8", "0x7fcbb1957390", "0x7fcbb194dfe8", "0x7fcbb1957368", "0x7fcbb194dfe8", "0x7fcbb19664f8", "0x7fcbb195d100", "0x7fcbb19664d0", "0x7fcbb195d100", "0x7fcbb19654e0", "0x7fcbb195d100", "0x7fcbb19654b8", "0x7fcbb195d100", "0x7fcbb1965490", "0x7fcbb195d100", "0x7fcbb1965468", "0x7fcbb195d100", "0x7fcbb1965440", "0x7fcbb195d100", "0x7fcbb1965418", "0x7fcbb195d100", "0x7fcbb19653f0", "0x7fcbb195d100", "0x7fcbb19653c8", "0x7fcbb195d100", "0x7fcbb19653a0", "0x7fcbb195d100", "0x7fcbb1965378", "0x7fcbb195d100", "0x7fcbb1965350", "0x7fcbb195d100", "0x7fcbb1965328", "0x7fcbb195d100", "0x7fcbb1965300", "0x7fcbb195d100", "0x7fcbb19652d8", "0x7fcbb195d100", "0x7fcbb19652b0", "0x7fcbb195d100", "0x7fcbb1965288", "0x7fcbb195d100", "0x7fcbb1965260", "0x7fcbb195d100", "0x7fcbb1965238", "0x7fcbb195d100", "0x7fcbb195e118", "0x7fcbb195d100", "0x7fcbb195e0f0", "0x7fcbb195d100", "0x7fcbb195e0c8", "0x7fcbb195d100", "0x7fcbb1965210", "0x7fcbb195d100", "0x7fcbb195e078", "0x7fcbb195d100", "0x7fcbb195e050", "0x7fcbb195d100", "0x7fcbb195e028", "0x7fcbb195d100", "0x7fcbb19651e8", "0x7fcbb195d100", "0x7fcbb19651c0", "0x7fcbb195d100", "0x7fcbb1965198", "0x7fcbb195d100", "0x7fcbb1965170", "0x7fcbb195d100", "0x7fcbb1965148", "0x7fcbb195d100", "0x7fcbb1965120", "0x7fcbb195d100", "0x7fcbb19650f8", "0x7fcbb195d100", "0x7fcbb19650d0", "0x7fcbb195d100", "0x7fcbb195dec0", "0x7fcbb195d100", "0x7fcbb195de98", "0x7fcbb195d100", "0x7fcbb19650a8", "0x7fcbb195d100", "0x7fcbb195de48", "0x7fcbb195d100", "0x7fcbb195de20", "0x7fcbb195d100", "0x7fcbb195ddf8", "0x7fcbb195d100", "0x7fcbb195ddd0", "0x7fcbb195d100", "0x7fcbb195dda8", "0x7fcbb195d100", "0x7fcbb195dd80", "0x7fcbb195d100", "0x7fcbb1965080", "0x7fcbb195d100", "0x7fcbb195dd30", "0x7fcbb195d100", "0x7fcbb195dd08", "0x7fcbb195d100", "0x7fcbb195dce0", "0x7fcbb195d100", "0x7fcbb1965058", "0x7fcbb195d100", "0x7fcbb1965030", "0x7fcbb195d100", "0x7fcbb195dc68", "0x7fcbb195d100", "0x7fcbb1965008", "0x7fcbb195d100", "0x7fcbb1964fe0", "0x7fcbb195d100", "0x7fcbb195dbf0", "0x7fcbb195d100", "0x7fcbb195dbc8", "0x7fcbb195d100", "0x7fcbb1964fb8", "0x7fcbb195d100", "0x7fcbb195db78", "0x7fcbb195d100", "0x7fcbb1964f90", "0x7fcbb195d100", "0x7fcbb1964f68", "0x7fcbb195d100", "0x7fcbb1964f40", "0x7fcbb195d100", "0x7fcbb195dad8", "0x7fcbb195d100", "0x7fcbb1964f18", "0x7fcbb195d100", "0x7fcbb1964ef0", "0x7fcbb195d100", "0x7fcbb1964ec8", "0x7fcbb195d100", "0x7fcbb195da38", "0x7fcbb195d100", "0x7fcbb195da10", "0x7fcbb195d100", "0x7fcbb195d9e8", "0x7fcbb195d100", "0x7fcbb1964ea0", "0x7fcbb195d100", "0x7fcbb195d998", "0x7fcbb195d100", "0x7fcbb1964e78", "0x7fcbb195d100", "0x7fcbb195d948", "0x7fcbb195d100", "0x7fcbb1964e50", "0x7fcbb195d100", "0x7fcbb195d8f8", "0x7fcbb195d100", "0x7fcbb1964e28", "0x7fcbb195d100", "0x7fcbb1964e00", "0x7fcbb195d100", "0x7fcbb1964dd8", "0x7fcbb195d100", "0x7fcbb1964db0", "0x7fcbb195d100", "0x7fcbb1964d88", "0x7fcbb195d100", "0x7fcbb1964d60", "0x7fcbb195d100", "0x7fcbb1964d38", "0x7fcbb195d100", "0x7fcbb1964d10", "0x7fcbb195d100", "0x7fcbb1964ce8", "0x7fcbb195d100", "0x7fcbb195d768", "0x7fcbb195d100", "0x7fcbb1964cc0", "0x7fcbb195d100", "0x7fcbb1964c98", "0x7fcbb195d100", "0x7fcbb1964c70", "0x7fcbb195d100", "0x7fcbb195d6c8", "0x7fcbb195d100", "0x7fcbb1964c48", "0x7fcbb195d100", "0x7fcbb1964c20", "0x7fcbb195d100", "0x7fcbb1964bf8", "0x7fcbb195d100", "0x7fcbb1964bd0", "0x7fcbb195d100", "0x7fcbb1964ba8", "0x7fcbb195d100", "0x7fcbb195d5d8", "0x7fcbb195d100", "0x7fcbb1964b80", "0x7fcbb195d100", "0x7fcbb1964b58", "0x7fcbb195d100", "0x7fcbb1964b30", "0x7fcbb195d100", "0x7fcbb1964b08", "0x7fcbb195d100", "0x7fcbb1964ae0", "0x7fcbb195d100", "0x7fcbb1964ab8", "0x7fcbb195d100", "0x7fcbb1964a90", "0x7fcbb195d100", "0x7fcbb1964a68", "0x7fcbb195d100", "0x7fcbb1964a40", "0x7fcbb195d100", "0x7fcbb1964a18", "0x7fcbb195d100", "0x7fcbb19649f0", "0x7fcbb195d100", "0x7fcbb19649c8", "0x7fcbb195d100", "0x7fcbb19649a0", "0x7fcbb195d100", "0x7fcbb1964978", "0x7fcbb195d100", "0x7fcbb1964950", "0x7fcbb195d100", "0x7fcbb1964928", "0x7fcbb195d100", "0x7fcbb1964900", "0x7fcbb195d100", "0x7fcbb19648d8", "0x7fcbb195d100", "0x7fcbb19648b0", "0x7fcbb195d100", "0x7fcbb1964888", "0x7fcbb195d100", "0x7fcbb1964860", "0x7fcbb195d100", "0x7fcbb1964838", "0x7fcbb195d100", "0x7fcbb1964810", "0x7fcbb195d100", "0x7fcbb19647e8", "0x7fcbb195d100"], "memsize":14328, "flags":{"wb_protected":true, "old":true, "long_lived":true, "marked":true}}
{"address":"0x7fcbb1841820", "type":"DATA", "class":"0x7fcbb10bb948", "struct":"mutex", "memsize":176, "flags":{"long_lived":true, "marked":true}}
{"address":"0x7fcbb1841848", "type":"HASH", "class":"0x7fcbb10d1270", "size":0, "memsize":40, "flags":{"wb_protected":true, "old":true, "long_lived":true, "marked":true}}
{"address":"0x7fcbb1841870", "type":"ARRAY", "class":"0x7fcbb10d19a0", "length":2, "embedded":true, "references":["0x7fcbb18418c0", "0x7fcbb1841898"], "memsize":40, "flags":{"wb_protected":true, "old":true, "long_lived":true, "marked":true}}
{"address":"0x7fcbb1841898", "type":"STRING", "class":"0x7fcbb10e0ef0", "embedded":true, "bytesize":22, "value":"specifications/default", "encoding":"UTF-8", "memsize":40, "flags":{"wb_protected":true, "old":true, "long_lived":true, "marked":true}}
{"address":"0x7fcbb18418c0", "type":"STRING", "class":"0x7fcbb10e0ef0", "embedded":true, "bytesize":4, "value":"gems", "encoding":"UTF-8", "memsize":40, "flags":{"wb_protected":true, "old":true, "long_lived":true, "marked":true}}
{"address":"0x7fcbb18418e8", "type":"ARRAY", "class":"0x7fcbb10d19a0", "length":6, "references":["0x7fcbb18419d8", "0x7fcbb18419b0", "0x7fcbb1841988", "0x7fcbb1841960", "0x7fcbb1841938", "0x7fcbb1841910"], "memsize":88, "flags":{"wb_protected":true, "old":true, "long_lived":true, "marked":true}}
{"address":"0x7fcbb1841910", "type":"STRING", "class":"0x7fcbb10e0ef0", "embedded":true, "bytesize":14, "value":"specifications", "encoding":"UTF-8", "memsize":40, "flags":{"wb_protected":true, "old":true, "long_lived":true, "marked":true}}
{"address":"0x7fcbb1841938", "type":"STRING", "class":"0x7fcbb10e0ef0", "embedded":true, "bytesize":4, "value":"gems", "encoding":"UTF-8", "memsize":40, "flags":{"wb_protected":true, "old":true, "long_lived":true, "marked":true}}
{"address":"0x7fcbb1841960", "type":"STRING", "class":"0x7fcbb10e0ef0", "embedded":true, "bytesize":10, "value":"extensions", "encoding":"UTF-8", "memsize":40, "flags":{"wb_protected":true, "old":true, "long_lived":true, "marked":true}}
{"address":"0x7fcbb1841988", "type":"STRING", "class":"0x7fcbb10e0ef0", "embedded":true, "bytesize":3, "value":"doc", "encoding":"UTF-8", "memsize":40, "flags":{"wb_protected":true, "old":true, "long_lived":true, "marked":true}}
{"address":"0x7fcbb18419b0", "type":"STRING", "class":"0x7fcbb10e0ef0", "embedded":true, "bytesize":5, "value":"cache", "encoding":"UTF-8", "memsize":40, "flags":{"wb_protected":true, "old":true, "long_lived":true, "marked":true}}
{"address":"0x7fcbb18419d8", "type":"STRING", "class":"0x7fcbb10e0ef0", "embedded":true, "bytesize":10, "value":"build_info", "encoding":"UTF-8", "memsize":40, "flags":{"wb_protected":true, "old":true, "long_lived":true, "marked":true}}
{"address":"0x7fcbb1841a00", "type":"ARRAY", "class":"0x7fcbb10d19a0", "length":3, "embedded":true, "references":["0x7fcbb1841a78", "0x7fcbb1841a50", "0x7fcbb1841a28"], "memsize":40, "flags":{"wb_protected":true, "old":true, "long_lived":true, "marked":true}}
{"address":"0x7fcbb1841a28", "type":"STRING", "class":"0x7fcbb10e0ef0", "embedded":true, "bytesize":7, "value":"Isolate", "encoding":"UTF-8", "memsize":40, "flags":{"wb_protected":true, "old":true, "long_lived":true, "marked":true}}
{"address":"0x7fcbb1841a50", "type":"STRING", "class":"0x7fcbb10e0ef0", "embedded":true, "bytesize":7, "value":"Gemfile", "encoding":"UTF-8", "memsize":40, "flags":{"wb_protected":true, "old":true, "long_lived":true, "marked":true}}
{"address":"0x7fcbb1841a78", "type":"STRING", "class":"0x7fcbb10e0ef0", "embedded":true, "bytesize":11, "value":"gem.deps.rb", "encoding":"UTF-8", "memsize":40, "flags":{"wb_protected":true, "old":true, "long_lived":true, "marked":true}}
{"address":"0x7fcbb1841aa0", "type":"ARRAY", "class":"0x7fcbb10d19a0", "length":6, "references":["0x7fcbb10a32a8", "0x7fcbb10a3140", "0x7fcbb10a2fd8", "0x7fcbb10a2e70", "0x7fcbb10a2d08", "0x7fcbb10a2ba0"], "memsize":88, "flags":{"wb_protected":true, "old":true, "long_lived":true, "marked":true}}
{"address":"0x7fcbb1841ac8", "type":"STRING", "class":"0x7fcbb10e0ef0", "bytesize":59, "value":"/Users/path/.rvm/rubies/ruby-2.2.3/lib/ruby/site_ruby/2.2.0", "encoding":"US-ASCII", "memsize":100, "flags":{"wb_protected":true, "old":true, "long_lived":true, "marked":true}}
{"address":"0x7fcbb1841e88", "type":"STRING", "class":"0x7fcbb10e0ef0", "frozen":true, "embedded":true, "fstring":true, "bytesize":7, "value":"license", "encoding":"US-ASCII", "memsize":40, "flags":{"wb_protected":true, "old":true, "long_lived":true, "marked":true}}
{"address":"0x7fcbb1841f50", "type":"ARRAY", "class":"0x7fcbb10d19a0", "frozen":true, "length":2, "embedded":true, "references":["0x7fcbb183ac78"], "memsize":40, "flags":{"wb_protected":true, "old":true, "long_lived":true, "marked":true}}
{"address":"0x7fcbb1841fa0", "type":"ARRAY", "class":"0x7fcbb10d19a0", "frozen":true, "length":2, "embedded":true, "references":["0x7fcbb183ac78"], "memsize":40, "flags":{"wb_protected":true, "old":true, "long_lived":true, "marked":true}}
{"address":"0x7fcbb1842018", "type":"STRING", "class":"0x7fcbb10e0ef0", "frozen":true, "embedded":true, "bytesize":23, "value":"Gem::SourceFetchProblem", "encoding":"US-ASCII", "memsize":40, "flags":{"wb_protected":true, "old":true, "long_lived":true, "marked":true}}
{"address":"0x7fcbb1842040", "type":"CLASS", "class":"0x7fcbb10e2430", "name":"Class", "references":["0x7fcbb1842068", "0x7fcbb1842270"], "memsize":712, "flags":{"wb_protected":true, "old":true, "long_lived":true, "marked":true}}
{"address":"0x7fcbb1842068", "type":"CLASS", "class":"0x7fcbb1842040", "name":"Gem::SourceFetchProblem", "references":["0x7fcbb1842068", "0x7fcbb1842810", "0x7fcbb1842068", "0x7fcbb1841fa0", "0x7fcbb1842068", "0x7fcbb1841f50", "0x7fcbb1842068", "0x7fcbb1842748", "0x7fcbb1842068", "0x7fcbb1841f50", "0x7fcbb1842018", "0x7fcbb1842298"], "memsize":712, "flags":{"wb_protected":true, "old":true, "long_lived":true, "marked":true}}
{"address":"0x7fcbb1842090", "type":"ARRAY", "class":"0x7fcbb10d19a0", "frozen":true, "length":2, "embedded":true, "references":["0x7fcbb183ac78"], "memsize":40, "flags":{"wb_protected":true, "old":true, "long_lived":true, "marked":true}}
{"address":"0x7fcbb18420e0", "type":"ARRAY", "class":"0x7fcbb10d19a0", "frozen":true, "length":2, "embedded":true, "references":["0x7fcbb183ac78"], "memsize":40, "flags":{"wb_protected":true, "old":true, "long_lived":true, "marked":true}}
{"address":"0x7fcbb1842130", "type":"ARRAY", "class":"0x7fcbb10d19a0", "frozen":true, "length":2, "embedded":true, "references":["0x7fcbb183ac78"], "memsize":40, "flags":{"wb_protected":true, "old":true, "long_lived":true, "marked":true}}
{"address":"0x7fcbb18421a8", "type":"STRING", "class":"0x7fcbb10e0ef0", "frozen":true, "embedded":true, "bytesize":21, "value":"Gem::PlatformMismatch", "encoding":"US-ASCII", "memsize":40, "flags":{"wb_protected":true, "old":true, "long_lived":true, "marked":true}}
{"address":"0x7fcbb18421d0", "type":"CLASS", "class":"0x7fcbb10e2430", "name":"Class", "references":["0x7fcbb18421f8", "0x7fcbb1842270"], "memsize":712, "flags":{"wb_protected":true, "old":true, "long_lived":true, "marked":true}}
{"address":"0x7fcbb18421f8", "type":"CLASS", "class":"0x7fcbb18421d0", "name":"Gem::PlatformMismatch", "references":["0x7fcbb18421f8", "0x7fcbb1842130", "0x7fcbb18421f8", "0x7fcbb18420e0", "0x7fcbb18421f8", "0x7fcbb1842090", "0x7fcbb18421f8", "0x7fcbb1842ba8", "0x7fcbb18421f8", "0x7fcbb1842ae0", "0x7fcbb18421f8", "0x7fcbb1842a40", "0x7fcbb18421a8", "0x7fcbb1842298"], "memsize":712, "flags":{"wb_protected":true, "old":true, "long_lived":true, "marked":true}}
{"address":"0x7fcbb1842248", "type":"STRING", "class":"0x7fcbb10e0ef0", "frozen":true, "embedded":true, "bytesize":16, "value":"Gem::ErrorReason", "encoding":"US-ASCII", "memsize":40, "flags":{"wb_protected":true, "old":true, "long_lived":true, "marked":true}}
{"address":"0x7fcbb1842270", "type":"CLASS", "class":"0x7fcbb10e2430", "name":"Class", "references":["0x7fcbb1842298", "0x7fcbb10e23e0"], "memsize":712, "flags":{"wb_protected":true, "old":true, "long_lived":true, "marked":true}}
{"address":"0x7fcbb1842298", "type":"CLASS", "class":"0x7fcbb1842270", "name":"Gem::ErrorReason", "references":["0x7fcbb1842248", "0x7fcbb10e2c78"], "memsize":712, "flags":{"wb_protected":true, "old":true, "long_lived":true, "marked":true}}
{"address":"0x7fcbb18422c0", "type":"ARRAY", "class":"0x7fcbb10d19a0", "frozen":true, "length":2, "embedded":true, "references":["0x7fcbb183ac78"], "memsize":40, "flags":{"wb_protected":true, "old":true, "long_lived":true, "marked":true}}
{"address":"0x7fcbb1842310", "type":"ARRAY", "class":"0x7fcbb10d19a0", "frozen":true, "length":2, "embedded":true, "references":["0x7fcbb183ac78"], "memsize":40, "flags":{"wb_protected":true, "old":true, "long_lived":true, "marked":true}}
{"address":"0x7fcbb1842388", "type":"STRING", "class":"0x7fcbb10e0ef0", "frozen":true, "embedded":true, "bytesize":18, "value":"Gem::ConflictError", "encoding":"US-ASCII", "memsize":40, "flags":{"wb_protected":true, "old":true, "long_lived":true, "marked":true}}
{"address":"0x7fcbb18423b0", "type":"CLASS", "class":"0x7fcbb10e2430", "name":"Class", "references":["0x7fcbb18423d8", "0x7fcbb18425b8"], "memsize":712, "flags":{"wb_protected":true, "old":true, "long_lived":true, "marked":true}}
{"address":"0x7fcbb18423d8", "type":"CLASS", "class":"0x7fcbb18423b0", "name":"Gem::ConflictError", "references":["0x7fcbb18423d8", "0x7fcbb1842310", "0x7fcbb18423d8", "0x7fcbb18422c0", "0x7fcbb18423d8", "0x7fcbb1843080", "0x7fcbb1842388", "0x7fcbb18425e0"], "memsize":712, "flags":{"wb_protected":true, "old":true, "long_lived":true, "marked":true}}
{"address":"0x7fcbb1842400", "type":"ARRAY", "class":"0x7fcbb10d19a0", "frozen":true, "length":2, "embedded":true, "references":["0x7fcbb183ac78"], "memsize":40, "flags":{"wb_protected":true, "old":true, "long_lived":true, "marked":true}}
{"address":"0x7fcbb1842428", "type":"STRING", "class":"0x7fcbb10e0ef0", "frozen":true, "embedded":true, "fstring":true, "bytesize":12, "value":"requirement=", "encoding":"US-ASCII", "memsize":40, "flags":{"wb_protected":true, "old":true, "long_lived":true, "marked":true}}
{"address":"0x7fcbb1842450", "type":"ARRAY", "class":"0x7fcbb10d19a0", "frozen":true, "length":2, "embedded":true, "references":["0x7fcbb183ac78"], "memsize":40, "flags":{"wb_protected":true, "old":true, "long_lived":true, "marked":true}}
{"address":"0x7fcbb1842478", "type":"STRING", "class":"0x7fcbb10e0ef0", "frozen":true, "embedded":true, "fstring":true, "bytesize":12, "value":"@requirement", "encoding":"US-ASCII", "memsize":40, "flags":{"wb_protected":true, "old":true, "long_lived":true, "marked":true}}
{"address":"0x7fcbb18424c8", "type":"ARRAY", "class":"0x7fcbb10d19a0", "frozen":true, "length":2, "embedded":true, "references":["0x7fcbb183ac78"], "memsize":40, "flags":{"wb_protected":true, "old":true, "long_lived":true, "marked":true}}
{"address":"0x7fcbb18424f0", "type":"STRING", "class":"0x7fcbb10e0ef0", "frozen":true, "embedded":true, "fstring":true, "bytesize":5, "value":"name=", "encoding":"US-ASCII", "memsize":40, "flags":{"wb_protected":true, "old":true, "long_lived":true, "marked":true}}
{"address":"0x7fcbb1842518", "type":"ARRAY", "class":"0x7fcbb10d19a0", "frozen":true, "length":2, "embedded":true, "references":["0x7fcbb183ac78"], "memsize":40, "flags":{"wb_protected":true, "old":true, "long_lived":true, "marked":true}}
{"address":"0x7fcbb1842590", "type":"STRING", "class":"0x7fcbb10e0ef0", "frozen":true, "embedded":true, "bytesize":14, "value":"Gem::LoadError", "encoding":"US-ASCII", "memsize":40, "flags":{"wb_protected":true, "old":true, "long_lived":true, "marked":true}}
{"address":"0x7fcbb18425b8", "type":"CLASS", "class":"0x7fcbb10e2430", "name":"Class", "references":["0x7fcbb18425e0", "0x7fcbb10db8b0"], "memsize":712, "flags":{"wb_protected":true, "old":true, "long_lived":true, "marked":true}}
{"address":"0x7fcbb18425e0", "type":"CLASS", "class":"0x7fcbb18425b8", "name":"Gem::LoadError", "references":["0x7fcbb18425e0", "0x7fcbb1842518", "0x7fcbb18425e0", "0x7fcbb18424c8", "0x7fcbb18425e0", "0x7fcbb1842450", "0x7fcbb18425e0", "0x7fcbb1842400", "0x7fcbb1842590", "0x7fcbb10db8d8"], "memsize":712, "flags":{"wb_protected":true, "old":true, "long_lived":true, "marked":true}}
{"address":"0x7fcbb1842658", "type":"ARRAY", "length":2, "embedded":true, "references":["0x7fcbb18426a8", "0x7fcbb1842680"], "memsize":40, "flags":{"wb_protected":true, "old":true, "long_lived":true, "marked":true}}
{"address":"0x7fcbb1842680", "type":"STRING", "class":"0x7fcbb10e0ef0", "frozen":true, "embedded":true, "fstring":true, "bytesize":3, "value":" - ", "encoding":"UTF-8", "memsize":40, "flags":{"wb_protected":true, "old":true, "long_lived":true, "marked":true}}
{"address":"0x7fcbb18426a8", "type":"STRING", "class":"0x7fcbb10e0ef0", "frozen":true, "fstring":true, "bytesize":29, "value":"Unable to download data from ", "encoding":"UTF-8", "memsize":70, "flags":{"wb_protected":true, "old":true, "long_lived":true, "marked":true}}
{"address":"0x7fcbb1842720", "type":"NODE", "frozen":true, "node_type":"NODE_CREF", "references":["0x7fcbb1842068", "0x7fcbb1843300"], "memsize":40, "flags":{"wb_protected":true, "old":true, "long_lived":true, "marked":true}}
{"address":"0x7fcbb1842748", "type":"DATA", "class":"0x7fcbb10c0100", "struct":"iseq", "references":["0x7fcbb1842658", "0x7fcbb1838590", "0x7fcbb1838590", "0x7fcbb183ac78", "0x7fcbb183ac78", "0x7fcbb1842720", "0x7fcbb1842068"], "memsize":784, "flags":{"wb_protected":true, "old":true, "long_lived":true, "marked":true}}
{"address":"0x7fcbb18427e8", "type":"NODE", "frozen":true, "node_type":"NODE_CREF", "references":["0x7fcbb1842068", "0x7fcbb1843300"], "memsize":40, "flags":{"wb_protected":true, "old":true, "long_lived":true, "marked":true}}
{"address":"0x7fcbb1842810", "type":"DATA", "class":"0x7fcbb10c0100", "struct":"iseq", "references":["0x7fcbb10e3330", "0x7fcbb10e3330", "0x7fcbb183ac78", "0x7fcbb183ac78", "0x7fcbb18427e8", "0x7fcbb1842068"], "memsize":560, "flags":{"wb_protected":true, "old":true, "long_lived":true, "marked":true}}
{"address":"0x7fcbb1842928", "type":"ARRAY", "length":4, "references":["0x7fcbb18429a0", "0x7fcbb1049d98", "0x7fcbb1842978", "0x7fcbb1842950"], "memsize":200, "flags":{"wb_protected":true, "old":true, "long_lived":true, "marked":true}}
{"address":"0x7fcbb1842950", "type":"STRING", "class":"0x7fcbb10e0ef0", "frozen":true, "embedded":true, "fstring":true, "bytesize":2, "value":" ,", "encoding":"UTF-8", "memsize":40, "flags":{"wb_protected":true, "old":true, "long_lived":true, "marked":true}}
{"address":"0x7fcbb1842978", "type":"STRING", "class":"0x7fcbb10e0ef0", "frozen":true, "embedded":true, "fstring":true, "bytesize":1, "value":"s", "encoding":"UTF-8", "memsize":40, "flags":{"wb_protected":true, "old":true, "long_lived":true, "marked":true}}
{"address":"0x7fcbb18429a0", "type":"STRING", "class":"0x7fcbb10e0ef0", "frozen":true, "fstring":true, "bytesize":40, "value":"Found %s (%s), but was for platform%s %s", "encoding":"UTF-8", "memsize":81, "flags":{"wb_protected":true, "old":true, "long_lived":true, "marked":true}}
{"address":"0x7fcbb1842a18", "type":"NODE", "frozen":true, "node_type":"NODE_CREF", "references":["0x7fcbb18421f8", "0x7fcbb1843300"], "memsize":40, "flags":{"wb_protected":true, "old":true, "long_lived":true, "marked":true}}
{"address":"0x7fcbb1842a40", "type":"DATA", "class":"0x7fcbb10c0100", "struct":"iseq", "references":["0x7fcbb1842928", "0x7fcbb1838590", "0x7fcbb1838590", "0x7fcbb183ac78", "0x7fcbb183ac78", "0x7fcbb1842a18", "0x7fcbb18421f8"], "memsize":1216, "flags":{"wb_protected":true, "old":true, "long_lived":true, "marked":true}}
{"address":"0x7fcbb1842ab8", "type":"NODE", "frozen":true, "node_type":"NODE_CREF", "references":["0x7fcbb18421f8", "0x7fcbb1843300"], "memsize":40, "flags":{"wb_protected":true, "old":true, "long_lived":true, "marked":true}}
{"address":"0x7fcbb1842ae0", "type":"DATA", "class":"0x7fcbb10c0100", "struct":"iseq", "references":["0x7fcbb1838838", "0x7fcbb1838838", "0x7fcbb183ac78", "0x7fcbb183ac78", "0x7fcbb1842ab8", "0x7fcbb18421f8"], "memsize":584, "flags":{"wb_protected":true, "old":true, "long_lived":true, "marked":true}}
{"address":"0x7fcbb1842b08", "type":"STRING", "class":"0x7fcbb10e0ef0", "frozen":true, "embedded":true, "fstring":true, "bytesize":9, "value":"lib_files", "encoding":"US-ASCII", "memsize":40, "flags":{"wb_protected":true, "old":true, "long_lived":true, "marked":true}}
{"address":"0x7fcbb1842b80", "type":"NODE", "frozen":true, "node_type":"NODE_CREF", "references":["0x7fcbb18421f8", "0x7fcbb1843300"], "memsize":40, "flags":{"wb_protected":true, "old":true, "long_lived":true, "marked":true}}
{"address":"0x7fcbb1842ba8", "type":"DATA", "class":"0x7fcbb10c0100", "struct":"iseq", "references":["0x7fcbb10e3330", "0x7fcbb10e3330", "0x7fcbb183ac78", "0x7fcbb183ac78", "0x7fcbb1842b80", "0x7fcbb18421f8"], "memsize":640, "flags":{"wb_protected":true, "old":true, "long_lived":true, "marked":true}}
{"address":"0x7fcbb1842dd8", "type":"STRING", "class":"0x7fcbb10e0ef0", "frozen":true, "embedded":true, "fstring":true, "bytesize":10, "value":", because ", "encoding":"UTF-8", "memsize":40, "flags":{"wb_protected":true, "old":true, "long_lived":true, "marked":true}}
{"address":"0x7fcbb1842e00", "type":"STRING", "class":"0x7fcbb10e0ef0", "frozen":true, "embedded":true, "fstring":true, "bytesize":19, "value":"Unable to activate ", "encoding":"UTF-8", "memsize":40, "flags":{"wb_protected":true, "old":true, "long_lived":true, "marked":true}}
{"address":"0x7fcbb1842e50", "type":"ARRAY", "length":4, "references":["0x7fcbb1842f90", "0x7fcbb1842ef0", "0x7fcbb1842e00", "0x7fcbb1842dd8"], "memsize":200, "flags":{"wb_protected":true, "old":true, "long_lived":true, "marked":true}}
{"address":"0x7fcbb1842e78", "type":"ARRAY", "length":2, "embedded":true, "references":["0x7fcbb1842f18", "0x7fcbb1842ef0"], "memsize":40, "flags":{"wb_protected":true, "old":true, "long_lived":true, "marked":true}}
{"address":"0x7fcbb1842ef0", "type":"STRING", "class":"0x7fcbb10e0ef0", "frozen":true, "embedded":true, "fstring":true, "bytesize":2, "value":", ", "encoding":"UTF-8", "memsize":40, "flags":{"wb_protected":true, "old":true, "long_lived":true, "marked":true}}
{"address":"0x7fcbb1842f18", "type":"STRING", "class":"0x7fcbb10e0ef0", "frozen":true, "embedded":true, "fstring":true, "bytesize":16, "value":" conflicts with ", "encoding":"UTF-8", "memsize":40, "flags":{"wb_protected":true, "old":true, "long_lived":true, "marked":true}}
{"address":"0x7fcbb1842f90", "type":"DATA", "class":"0x7fcbb10c0100", "struct":"iseq", "references":["0x7fcbb1842e78", "0x7fcbb1842fb8", "0x7fcbb10e3330", "0x7fcbb183ac78", "0x7fcbb183ac78", "0x7fcbb1843058"], "memsize":824, "flags":{"wb_protected":true, "old":true, "long_lived":true, "marked":true}}
{"address":"0x7fcbb1842fb8", "type":"STRING", "class":"0x7fcbb10e0ef0", "frozen":true, "embedded":true, "fstring":true, "bytesize":19, "value":"block in initialize", "memsize":40, "flags":{"wb_protected":true, "old":true, "long_lived":true, "marked":true}}
{"address":"0x7fcbb1843058", "type":"NODE", "frozen":true, "node_type":"NODE_CREF", "references":["0x7fcbb18423d8", "0x7fcbb1843300"], "memsize":40, "flags":{"wb_protected":true, "old":true, "long_lived":true, "marked":true}}
{"address":"0x7fcbb1843080", "type":"DATA", "class":"0x7fcbb10c0100", "struct":"iseq", "references":["0x7fcbb1842e50", "0x7fcbb10e3330", "0x7fcbb10e3330", "0x7fcbb183ac78", "0x7fcbb183ac78", "0x7fcbb1843058", "0x7fcbb18423d8"], "memsize":1504, "flags":{"wb_protected":true, "old":true, "long_lived":true, "marked":true}}
{"address":"0x7fcbb1843300", "type":"NODE", "frozen":true, "node_type":"NODE_CREF", "references":["0x7fcbb10b0f98", "0x7fcbb18433c8"], "memsize":40, "flags":{"wb_protected":true, "old":true, "long_lived":true, "marked":true}}
{"address":"0x7fcbb18433c8", "type":"NODE", "frozen":true, "node_type":"NODE_CREF", "references":["0x7fcbb10e2c78"], "memsize":40, "flags":{"wb_protected":true, "old":true, "long_lived":true, "marked":true}}
{"address":"0x7fcbb1843648", "type":"STRING", "class":"0x7fcbb10e0ef0", "frozen":true, "embedded":true, "fstring":true, "bytesize":13, "value":"lib_dirs_glob", "encoding":"US-ASCII", "memsize":40, "flags":{"wb_protected":true, "old":true, "long_lived":true, "marked":true}}
{"address":"0x7fcbb1843e90", "type":"STRING", "class":"0x7fcbb10e0ef0", "frozen":true, "embedded":true, "fstring":true, "bytesize":3, "value":"uri", "encoding":"US-ASCII", "memsize":40, "flags":{"wb_protected":true, "old":true, "long_lived":true, "marked":true}}
{"address":"0x7fcbb1848058", "type":"DATA", "class":"0x7fcbb10c0100", "struct":"iseq", "references":["0x7fcbb184ae20", "0x7fcbb1042cc8", "0x7fcbb1840970", "0x7fcbb1840970", "0x7fcbb184b348"], "memsize":664, "flags":{"wb_protected":true, "old":true, "long_lived":true, "marked":true}}
{"address":"0x7fcbb18482b0", "type":"DATA", "class":"0x7fcbb10c0100", "struct":"iseq", "references":["0x7fcbb184ae20", "0x7fcbb1042cc8", "0x7fcbb1840970", "0x7fcbb1840970", "0x7fcbb184b348"], "memsize":664, "flags":{"wb_protected":true, "old":true, "long_lived":true, "marked":true}}
{"address":"0x7fcbb1848418", "type":"STRING", "class":"0x7fcbb10e0ef0", "frozen":true, "embedded":true, "fstring":true, "bytesize":20, "value":"@@non_nil_attributes", "encoding":"US-ASCII", "memsize":40, "flags":{"wb_protected":true, "old":true, "long_lived":true, "marked":true}}
{"address":"0x7fcbb1848490", "type":"STRING", "class":"0x7fcbb10e0ef0", "frozen":true, "embedded":true, "fstring":true, "bytesize":16, "value":"@@nil_attributes", "encoding":"US-ASCII", "memsize":40, "flags":{"wb_protected":true, "old":true, "long_lived":true, "marked":true}}
{"address":"0x7fcbb1848710", "type":"STRING", "class":"0x7fcbb10e0ef0", "frozen":true, "embedded":true, "fstring":true, "bytesize":18, "value":"@@array_attributes", "encoding":"US-ASCII", "memsize":40, "flags":{"wb_protected":true, "old":true, "long_lived":true, "marked":true}}
{"address":"0x7fcbb1848918", "type":"STRING", "class":"0x7fcbb10e0ef0", "frozen":true, "embedded":true, "fstring":true, "bytesize":12, "value":"@@attributes", "encoding":"US-ASCII", "memsize":40, "flags":{"wb_protected":true, "old":true, "long_lived":true, "marked":true}}
{"address":"0x7fcbb1848990", "type":"DATA", "class":"0x7fcbb10c0100", "struct":"iseq", "references":["0x7fcbb184ae20", "0x7fcbb1042cc8", "0x7fcbb1840970", "0x7fcbb1840970", "0x7fcbb184b348"], "memsize":664, "flags":{"wb_protected":true, "old":true, "long_lived":true, "marked":true}}
{"address":"0x7fcbb1848ad0", "type":"STRING", "class":"0x7fcbb10e0ef0", "frozen":true, "embedded":true, "fstring":true, "bytesize":14, "value":"@full_gem_path", "encoding":"US-ASCII", "memsize":40, "flags":{"wb_protected":true, "old":true, "long_lived":true, "marked":true}}
{"address":"0x7fcbb1848f30", "type":"DATA", "class":"0x7fcbb10c0100", "struct":"iseq", "references":["0x7fcbb184ae20", "0x7fcbb1042cc8", "0x7fcbb1840970", "0x7fcbb1840970", "0x7fcbb184b348"], "memsize":896, "flags":{"wb_protected":true, "old":true, "long_lived":true, "marked":true}}
{"address":"0x7fcbb18490e8", "type":"STRING", "class":"0x7fcbb10e0ef0", "frozen":true, "embedded":true, "fstring":true, "bytesize":7, "value":"Dupable", "encoding":"US-ASCII", "memsize":40, "flags":{"wb_protected":true, "old":true, "long_lived":true, "marked":true}}
{"address":"0x7fcbb1849278", "type":"DATA", "class":"0x7fcbb10c0100", "struct":"iseq", "references":["0x7fcbb184ae20", "0x7fcbb1042cc8", "0x7fcbb1840970", "0x7fcbb1840970", "0x7fcbb184b348"], "memsize":664, "flags":{"wb_protected":true, "old":true, "long_lived":true, "marked":true}}
{"address":"0x7fcbb1849340", "type":"STRING", "class":"0x7fcbb10e0ef0", "frozen":true, "embedded":true, "fstring":true, "bytesize":10, "value":"test_files", "encoding":"US-ASCII", "memsize":40, "flags":{"wb_protected":true, "old":true, "long_lived":true, "marked":true}}
{"address":"0x7fcbb18495c0", "type":"STRING", "class":"0x7fcbb10e0ef0", "frozen":true, "embedded":true, "fstring":true, "bytesize":11, "value":"signing_key", "encoding":"US-ASCII", "memsize":40, "flags":{"wb_protected":true, "old":true, "long_lived":true, "marked":true}}
{"address":"0x7fcbb18497a0", "type":"STRING", "class":"0x7fcbb10e0ef0", "frozen":true, "embedded":true, "fstring":true, "bytesize":17, "value":"rubyforge_project", "encoding":"US-ASCII", "memsize":40, "flags":{"wb_protected":true, "old":true, "long_lived":true, "marked":true}}
{"address":"0x7fcbb1849890", "type":"DATA", "class":"0x7fcbb10c0100", "struct":"iseq", "references":["0x7fcbb184ae20", "0x7fcbb1042cc8", "0x7fcbb1840970", "0x7fcbb1840970", "0x7fcbb184b348"], "memsize":664, "flags":{"wb_protected":true, "old":true, "long_lived":true, "marked":true}}
{"address":"0x7fcbb18499a8", "type":"STRING", "class":"0x7fcbb10e0ef0", "frozen":true, "fstring":true, "bytesize":25, "value":"required_rubygems_version", "encoding":"US-ASCII", "memsize":66, "flags":{"wb_protected":true, "old":true, "long_lived":true, "marked":true}}
{"address":"0x7fcbb1849ae8", "type":"STRING", "class":"0x7fcbb10e0ef0", "frozen":true, "embedded":true, "fstring":true, "bytesize":21, "value":"required_ruby_version", "encoding":"US-ASCII", "memsize":40, "flags":{"wb_protected":true, "old":true, "long_lived":true, "marked":true}}
{"address":"0x7fcbb1849b10", "type":"STRING", "class":"0x7fcbb10e0ef0", "frozen":true, "fstring":true, "bytesize":49, "value":"specification must have at least one require_path", "encoding":"UTF-8", "memsize":90, "flags":{"wb_protected":true, "old":true, "long_lived":true, "marked":true}}
{"address":"0x7fcbb1849c50", "type":"STRING", "class":"0x7fcbb10e0ef0", "frozen":true, "fstring":true, "bytesize":35, "value":"invalid value for attribute name: \"", "encoding":"UTF-8", "memsize":76, "flags":{"wb_protected":true, "old":true, "long_lived":true, "marked":true}}
{"address":"0x7fcbb1849d18", "type":"STRING", "class":"0x7fcbb10e0ef0", "frozen":true, "embedded":true, "fstring":true, "bytesize":12, "value":"rdoc_options", "encoding":"US-ASCII", "memsize":40, "flags":{"wb_protected":true, "old":true, "long_lived":true, "marked":true}}
{"address":"0x7fcbb1849e08", "type":"STRING", "class":"0x7fcbb10e0ef0", "frozen":true, "embedded":true, "fstring":true, "bytesize":20, "value":"post_install_message", "encoding":"US-ASCII", "memsize":40, "flags":{"wb_protected":true, "old":true, "long_lived":true, "marked":true}}
{"address":"0x7fcbb1849e30", "type":"ARRAY", "length":1, "embedded":true, "references":["0x7fcbb184a100"], "memsize":40, "flags":{"wb_protected":true, "old":true, "long_lived":true, "marked":true}}
{"address":"0x7fcbb184a0d8", "type":"STRING", "class":"0x7fcbb10e0ef0", "frozen":true, "embedded":true, "fstring":true, "bytesize":8, "value":"metadata", "encoding":"US-ASCII", "memsize":40, "flags":{"wb_protected":true, "old":true, "long_lived":true, "marked":true}}
{"address":"0x7fcbb184a100", "type":"STRING", "class":"0x7fcbb10e0ef0", "frozen":true, "fstring":true, "bytesize":28, "value":"missing value for attribute ", "encoding":"UTF-8", "memsize":69, "flags":{"wb_protected":true, "old":true, "long_lived":true, "marked":true}}
{"address":"0x7fcbb184a1c8", "type":"STRING", "class":"0x7fcbb10e0ef0", "frozen":true, "embedded":true, "fstring":true, "bytesize":8, "value":"licenses", "encoding":"US-ASCII", "memsize":40, "flags":{"wb_protected":true, "old":true, "long_lived":true, "marked":true}}
{"address":"0x7fcbb184a2b8", "type":"STRING", "class":"0x7fcbb10e0ef0", "frozen":true, "embedded":true, "fstring":true, "bytesize":8, "value":"homepage", "encoding":"US-ASCII", "memsize":40, "flags":{"wb_protected":true, "old":true, "long_lived":true, "marked":true}}
{"address":"0x7fcbb184a3a8", "type":"DATA", "class":"0x7fcbb10c0100", "struct":"iseq", "references":["0x7fcbb1849e30", "0x7fcbb184ae20", "0x7fcbb1042cc8", "0x7fcbb1840970", "0x7fcbb1840970", "0x7fcbb184b348"], "memsize":976, "flags":{"wb_protected":true, "old":true, "long_lived":true, "marked":true}}
{"address":"0x7fcbb184a470", "type":"STRING", "class":"0x7fcbb10e0ef0", "frozen":true, "embedded":true, "fstring":true, "bytesize":16, "value":"extra_rdoc_files", "encoding":"US-ASCII", "memsize":40, "flags":{"wb_protected":true, "old":true, "long_lived":true, "marked":true}}
{"address":"0x7fcbb184a560", "type":"STRING", "class":"0x7fcbb10e0ef0", "frozen":true, "embedded":true, "fstring":true, "bytesize":10, "value":"extensions", "encoding":"US-ASCII", "memsize":40, "flags":{"wb_protected":true, "old":true, "long_lived":true, "marked":true}}
{"address":"0x7fcbb184a588", "type":"STRING", "class":"0x7fcbb10e0ef0", "frozen":true, "embedded":true, "fstring":true, "bytesize":6, "value":", was ", "encoding":"UTF-8", "memsize":40, "flags":{"wb_protected":true, "old":true, "long_lived":true, "marked":true}}
{"address":"0x7fcbb184a650", "type":"STRING", "class":"0x7fcbb10e0ef0", "frozen":true, "fstring":true, "bytesize":26, "value":"expected RubyGems version ", "encoding":"UTF-8", "memsize":67, "flags":{"wb_protected":true, "old":true, "long_lived":true, "marked":true}}
{"address":"0x7fcbb184a718", "type":"STRING", "class":"0x7fcbb10e0ef0", "frozen":true, "embedded":true, "fstring":true, "bytesize":5, "value":"email", "encoding":"US-ASCII", "memsize":40, "flags":{"wb_protected":true, "old":true, "long_lived":true, "marked":true}}
{"address":"0x7fcbb184a740", "type":"STRING", "class":"0x7fcbb10e0ef0", "frozen":true, "embedded":true, "fstring":true, "bytesize":16, "value":" must not be nil", "encoding":"UTF-8", "memsize":40, "flags":{"wb_protected":true, "old":true, "long_lived":true, "marked":true}}
{"address":"0x7fcbb184a808", "type":"STRING", "class":"0x7fcbb10e0ef0", "frozen":true, "embedded":true, "fstring":true, "bytesize":11, "value":"description", "encoding":"US-ASCII", "memsize":40, "flags":{"wb_protected":true, "old":true, "long_lived":true, "marked":true}}
{"address":"0x7fcbb184a8f8", "type":"ARRAY", "length":1, "embedded":true, "references":["0x7fcbb18292e8"], "memsize":40, "flags":{"wb_protected":true, "old":true, "long_lived":true, "marked":true}}
{"address":"0x7fcbb184aa88", "type":"STRING", "class":"0x7fcbb10e0ef0", "frozen":true, "embedded":true, "fstring":true, "bytesize":10, "value":"cert_chain", "encoding":"US-ASCII", "memsize":40, "flags":{"wb_protected":true, "old":true, "long_lived":true, "marked":true}}
{"address":"0x7fcbb184ab78", "type":"STRING", "class":"0x7fcbb10e0ef0", "frozen":true, "embedded":true, "fstring":true, "bytesize":2, "value":"[\"", "encoding":"UTF-8", "memsize":40, "flags":{"wb_protected":true, "old":true, "long_lived":true, "marked":true}}
{"address":"0x7fcbb184ac90", "type":"STRING", "class":"0x7fcbb10e0ef0", "frozen":true, "embedded":true, "fstring":true, "bytesize":11, "value":"autorequire", "encoding":"US-ASCII", "memsize":40, "flags":{"wb_protected":true, "old":true, "long_lived":true, "marked":true}}
{"address":"0x7fcbb184ad80", "type":"STRING", "class":"0x7fcbb10e0ef0", "frozen":true, "embedded":true, "fstring":true, "bytesize":7, "value":"authors", "encoding":"US-ASCII", "memsize":40, "flags":{"wb_protected":true, "old":true, "long_lived":true, "marked":true}}
{"address":"0x7fcbb184ada8", "type":"DATA", "class":"0x7fcbb10c0100", "struct":"iseq", "references":["0x7fcbb184a8f8", "0x7fcbb184ae20", "0x7fcbb1042cc8", "0x7fcbb1840970", "0x7fcbb1840970", "0x7fcbb184b348"], "memsize":784, "flags":{"wb_protected":true, "old":true, "long_lived":true, "marked":true}}
{"address":"0x7fcbb184adf8", "type":"STRING", "class":"0x7fcbb10e0ef0", "frozen":true, "embedded":true, "fstring":true, "bytesize":15, "value":"@@default_value", "encoding":"US-ASCII", "memsize":40, "flags":{"wb_protected":true, "old":true, "long_lived":true, "marked":true}}
{"address":"0x7fcbb184ae20", "type":"STRING", "class":"0x7fcbb10e0ef0", "frozen":true, "embedded":true, "fstring":true, "bytesize":17, "value":"block in validate", "memsize":40, "flags":{"wb_protected":true, "old":true, "long_lived":true, "marked":true}}
{"address":"0x7fcbb184ae70", "type":"ARRAY", "length":58, "references":["0x7fcbb184b0a0", "0x7fcbb184ada8", "0x7fcbb184a3a8", "0x7fcbb1849890", "0x7fcbb1849278", "0x7fcbb1848f30", "0x7fcbb1848990", "0x7fcbb18482b0", "0x7fcbb1848058", "0x7fcbb189ba00", "0x7fcbb189b280", "0x7fcbb189af60", "0x7fcbb189ac68", "0x7fcbb189a6a0", "0x7fcbb1899d90", "0x7fcbb1899728", "0x7fcbb10499b0", "0x7fcbb1842ef0", "0x7fcbb184a740", "0x7fcbb184a650", "0x7fcbb184a588", "0x7fcbb1849c50", "0x7fcbb104a5e0", "0x7fcbb1849b10", "0x7fcbb184ab78", "0x7fcbb189bf28", "0x7fcbb189beb0", "0x7fcbb189bde8", "0x7fcbb189bc08", "0x7fcbb189bbe0", "0x7fcbb189baf0", "0x7fcbb189ba78", "0x7fcbb189b000", "0x7fcbb189afb0", "0x7fcbb189a0d8", "0x7fcbb189a0b0", "0x7fcbb103a780", "0x7fcbb1049d98", "0x7fcbb103a3c0", "0x7fcbb189a088", "0x7fcbb1039c40", "0x7fcbb189a060", "0x7fcbb10394c0", "0x7fcbb189a010", "0x7fcbb1038d90", "0x7fcbb1899f70", "0x7fcbb1038548", "0x7fcbb104a5e0", "0x7fcbb1899e80", "0x7fcbb1899b10", "0x7fcbb1899ae8", "0x7fcbb1899ac0", "0x7fcbb1899a98", "0x7fcbb1899a48", "0x7fcbb1899818", "0x7fcbb18997a0", "0x7fcbb184aee8", "0x7fcbb184b0a0"], "memsize":720, "flags":{"wb_protected":true, "old":true, "long_lived":true, "marked":true}}
{"address":"0x7fcbb184ae98", "type":"ARRAY", "length":1, "embedded":true, "references":["0x7fcbb184aee8"], "memsize":40, "flags":{"wb_protected":true, "old":true, "long_lived":true, "marked":true}}
{"address":"0x7fcbb184aee8", "type":"STRING", "class":"0x7fcbb10e0ef0", "frozen":true, "fstring":true, "bytesize":64, "value":"See http://guides.rubygems.org/specification-reference/ for help", "encoding":"UTF-8", "memsize":105, "flags":{"wb_protected":true, "old":true, "long_lived":true, "marked":true}}
{"address":"0x7fcbb184afd8", "type":"STRING", "class":"0x7fcbb10e0ef0", "frozen":true, "embedded":true, "fstring":true, "bytesize":7, "value":"summary", "encoding":"US-ASCII", "memsize":40, "flags":{"wb_protected":true, "old":true, "long_lived":true, "marked":true}}
{"address":"0x7fcbb184b078", "type":"STRING", "class":"0x7fcbb10e0ef0", "frozen":true, "embedded":true, "fstring":true, "bytesize":4, "value":"date", "encoding":"US-ASCII", "memsize":40, "flags":{"wb_protected":true, "old":true, "long_lived":true, "marked":true}}
{"address":"0x7fcbb184b0a0", "type":"DATA", "class":"0x7fcbb10c0100", "struct":"iseq", "references":["0x7fcbb184ae98", "0x7fcbb184b118", "0x7fcbb1042cc8", "0x7fcbb1840970", "0x7fcbb1840970", "0x7fcbb184b348"], "memsize":776, "flags":{"wb_protected":true, "old":true, "long_lived":true, "marked":true}}
{"address":"0x7fcbb184b118", "type":"STRING", "class":"0x7fcbb10e0ef0", "frozen":true, "embedded":true, "fstring":true, "bytesize":18, "value":"ensure in validate", "memsize":40, "flags":{"wb_protected":true, "old":true, "long_lived":true, "marked":true}}
{"address":"0x7fcbb184b208", "type":"STRING", "class":"0x7fcbb10e0ef0", "frozen":true, "embedded":true, "fstring":true, "bytesize":21, "value":"specification_version", "encoding":"US-ASCII", "memsize":40, "flags":{"wb_protected":true, "old":true, "long_lived":true, "marked":true}}
{"address":"0x7fcbb184b2d0", "type":"STRING", "class":"0x7fcbb10e0ef0", "frozen":true, "embedded":true, "fstring":true, "bytesize":21, "value":"@@required_attributes", "encoding":"US-ASCII", "memsize":40, "flags":{"wb_protected":true, "old":true, "long_lived":true, "marked":true}}
{"address":"0x7fcbb184b348", "type":"NODE", "frozen":true, "node_type":"NODE_CREF", "references":["0x7fcbb1906558", "0x7fcbb2022558"], "memsize":40, "flags":{"wb_protected":true, "old":true, "long_lived":true, "marked":true}}
{"address":"0x7fcbb184b370", "type":"DATA", "class":"0x7fcbb10c0100", "struct":"iseq", "references":["0x7fcbb184ae70", "0x7fcbb1042cc8", "0x7fcbb1042cc8", "0x7fcbb1840970", "0x7fcbb1840970", "0x7fcbb184b348", "0x7fcbb1906558"], "memsize":19384, "flags":{"wb_protected":true, "old":true, "long_lived":true, "marked":true}}
{"address":"0x7fcbb184b3c0", "type":"ARRAY", "length":1, "embedded":true, "references":["0x7fcbb184be38"], "memsize":40, "flags":{"wb_protected":true, "old":true, "long_lived":true, "marked":true}}
{"address":"0x7fcbb184b5f0", "type":"STRING", "class":"0x7fcbb10e0ef0", "frozen":true, "embedded":true, "fstring":true, "bytesize":10, "value":"LOAD_CACHE", "encoding":"US-ASCII", "memsize":40, "flags":{"wb_protected":true, "old":true, "long_lived":true, "marked":true}}
{"address":"0x7fcbb184b618", "type":"ARRAY", "length":1, "embedded":true, "references":["0x7fcbb184ba50"], "memsize":40, "flags":{"wb_protected":true, "old":true, "long_lived":true, "marked":true}}
{"address":"0x7fcbb184b870", "type":"STRING", "class":"0x7fcbb10e0ef0", "frozen":true, "embedded":true, "fstring":true, "bytesize":5, "value":"TODAY", "encoding":"US-ASCII", "memsize":40, "flags":{"wb_protected":true, "old":true, "long_lived":true, "marked":true}}
{"address":"0x7fcbb184b988", "type":"STRING", "class":"0x7fcbb10e0ef0", "frozen":true, "embedded":true, "fstring":true, "bytesize":5, "value":"today", "encoding":"US-ASCII", "memsize":40, "flags":{"wb_protected":true, "old":true, "long_lived":true, "marked":true}}
{"address":"0x7fcbb184ba50", "type":"DATA", "class":"0x7fcbb10c0100", "struct":"iseq", "references":["0x7fcbb184bb18", "0x7fcbb1868768", "0x7fcbb1840970", "0x7fcbb1840970", "0x7fcbb1858110"], "memsize":1520, "flags":{"wb_protected":true, "old":true, "long_lived":true, "marked":true}}
{"address":"0x7fcbb184bb18", "type":"STRING", "class":"0x7fcbb10e0ef0", "frozen":true, "fstring":true, "bytesize":28, "value":"block (2 levels) in traverse", "memsize":69, "flags":{"wb_protected":true, "old":true, "long_lived":true, "marked":true}}
{"address":"0x7fcbb184be38", "type":"DATA", "class":"0x7fcbb10c0100", "struct":"iseq", "references":["0x7fcbb184b618", "0x7fcbb184beb0", "0x7fcbb1868768", "0x7fcbb1840970", "0x7fcbb1840970", "0x7fcbb1858110"], "memsize":768, "flags":{"wb_protected":true, "old":true, "long_lived":true, "marked":true}}
{"address":"0x7fcbb184be88", "type":"STRING", "class":"0x7fcbb10e0ef0", "frozen":true, "embedded":true, "fstring":true, "bytesize":14, "value":"MARSHAL_FIELDS", "encoding":"US-ASCII", "memsize":40, "flags":{"wb_protected":true, "old":true, "long_lived":true, "marked":true}}
{"address":"0x7fcbb184beb0", "type":"STRING", "class":"0x7fcbb10e0ef0", "frozen":true, "embedded":true, "fstring":true, "bytesize":17, "value":"block in traverse", "memsize":40, "flags":{"wb_protected":true, "old":true, "long_lived":true, "marked":true}}
{"address":"0x7fcbb1850190", "type":"STRING", "class":"0x7fcbb10e0ef0", "frozen":true, "embedded":true, "bytesize":13, "value":"Gem::Platform", "encoding":"US-ASCII", "memsize":40, "flags":{"wb_protected":true, "old":true, "long_lived":true, "marked":true}}
{"address":"0x7fcbb18502a8", "type":"CLASS", "class":"0x7fcbb18e7e78", "name":"Class", "references":["0x7fcbb18502a8", "0x7fcbb18dc668", "0x7fcbb18502a8", "0x7fcbb18dc550", "0x7fcbb18502a8", "0x7fcbb18dc348", "0x7fcbb18502a8", "0x7fcbb18dc2a8", "0x7fcbb18502f8", "0x7fcbb10e23e0"], "memsize":712, "flags":{"wb_protected":true, "old":true, "long_lived":true, "marked":true}}
{"address":"0x7fcbb18502f8", "type":"CLASS", "class":"0x7fcbb18502a8", "name":"Gem::Platform", "references":["0x7fcbb18502f8", "0x7fcbb18527b0", "0x7fcbb18502f8", "0x7fcbb1851900", "0x7fcbb18502f8", "0x7fcbb18e7f90", "0x7fcbb18502f8", "0x7fcbb18e7f40", "0x7fcbb18502f8", "0x7fcbb18e7ef0", "0x7fcbb18502f8", "0x7fcbb18e7ea0", "0x7fcbb18502f8", "0x7fcbb18dc1b8", "0x7fcbb18502f8", "0x7fcbb1853250", "0x7fcbb18502f8", "0x7fcbb1852b20", "0x7fcbb18502f8", "0x7fcbb1852648", "0x7fcbb18502f8", "0x7fcbb1852328", "0x7fcbb18502f8", "0x7fcbb1852328", "0x7fcbb18502f8", "0x7fcbb1851e50", "0x7fcbb18502f8", "0x7fcbb1851950", "0x7fcbb18502f8", "0x7fcbb1850f50", "0x7fcbb1850190", "0x7fcbb191c4c0", "0x7fcbb18e7e50", "0x7fcbb18cf4e0", "0x7fcbb18e7e28", "0x7fcbb18cf4e0", "0x7fcbb10e2c78"], "memsize":1800, "flags":{"wb_protected":true, "old":true, "long_lived":true, "marked":true}}
{"address":"0x7fcbb1850668", "type":"ARRAY", "length":33, "references":["0x7fcbb18df840", "0x7fcbb18df548", "0x7fcbb1853c78", "0x7fcbb1850988", "0x7fcbb18defa8", "0x7fcbb18ded28", "0x7fcbb18dea30", "0x7fcbb18de738", "0x7fcbb2021860", "0x7fcbb18de1e8", "0x7fcbb18ddef0", "0x7fcbb18ddba8", "0x7fcbb18dc0c8", "0x7fcbb18dc028", "0x7fcbb18dc0c8", "0x7fcbb1853930", "0x7fcbb1853c78", "0x7fcbb1853b88", "0x7fcbb18512c0", "0x7fcbb18539a8", "0x7fcbb18dc0c8", "0x7fcbb2021900", "0x7fcbb1850848", "0x7fcbb18507d0", "0x7fcbb1850780", "0x7fcbb18dc028", "0x7fcbb1850780", "0x7fcbb18dc028", "0x7fcbb1850758", "0x7fcbb18533e0", "0x7fcbb18506e0", "0x7fcbb18512c0", "0x7fcbb18dc028"], "memsize":336, "flags":{"wb_protected":true, "old":true, "long_lived":true, "marked":true}}
{"address":"0x7fcbb18506e0", "type":"STRING", "class":"0x7fcbb10e0ef0", "frozen":true, "embedded":true, "fstring":true, "bytesize":3, "value":"2.8", "encoding":"UTF-8", "memsize":40, "flags":{"wb_protected":true, "old":true, "long_lived":true, "marked":true}}
{"address":"0x7fcbb1850758", "type":"STRING", "class":"0x7fcbb10e0ef0", "frozen":true, "embedded":true, "fstring":true, "bytesize":5, "value":"sparc", "encoding":"UTF-8", "memsize":40, "flags":{"wb_protected":true, "old":true, "long_lived":true, "marked":true}}
{"address":"0x7fcbb1850780", "type":"STRING", "class":"0x7fcbb10e0ef0", "frozen":true, "embedded":true, "fstring":true, "bytesize":7, "value":"powerpc", "encoding":"UTF-8", "memsize":40, "flags":{"wb_protected":true, "old":true, "long_lived":true, "marked":true}}
{"address":"0x7fcbb18507d0", "type":"STRING", "class":"0x7fcbb10e0ef0", "frozen":true, "embedded":true, "fstring":true, "bytesize":7, "value":"mswin64", "encoding":"UTF-8", "memsize":40, "flags":{"wb_protected":true, "old":true, "long_lived":true, "marked":true}}
{"address":"0x7fcbb1850848", "type":"STRING", "class":"0x7fcbb10e0ef0", "frozen":true, "embedded":true, "fstring":true, "bytesize":3, "value":"x64", "encoding":"UTF-8", "memsize":40, "flags":{"wb_protected":true, "old":true, "long_lived":true, "marked":true}}
{"address":"0x7fcbb1850988", "type":"STRING", "class":"0x7fcbb10e0ef0", "frozen":true, "embedded":true, "fstring":true, "bytesize":5, "value":"jruby", "encoding":"UTF-8", "memsize":40, "flags":{"wb_protected":true, "old":true, "long_lived":true, "marked":true}}
{"address":"0x7fcbb1850c80", "type":"STRING", "class":"0x7fcbb10e0ef0", "frozen":true, "embedded":true, "fstring":true, "bytesize":10, "value":"file_path=", "encoding":"US-ASCII", "memsize":40, "flags":{"wb_protected":true, "old":true, "long_lived":true, "marked":true}}
{"address":"0x7fcbb1850ca8", "type":"STRING", "class":"0x7fcbb10e0ef0", "frozen":true, "embedded":true, "fstring":true, "bytesize":9, "value":"file_path", "encoding":"US-ASCII", "memsize":40, "flags":{"wb_protected":true, "old":true, "long_lived":true, "marked":true}}
{"address":"0x7fcbb1850d70", "type":"NODE", "frozen":true, "node_type":"NODE_CREF", "references":["0x7fcbb18502f8", "0x7fcbb18dc7d0"], "memsize":40, "flags":{"wb_protected":true, "old":true, "long_lived":true, "marked":true}}
{"address":"0x7fcbb1850f50", "type":"DATA", "class":"0x7fcbb10c0100", "struct":"iseq", "references":["0x7fcbb1850668", "0x7fcbb10e3808", "0x7fcbb10e3808", "0x7fcbb18cf4e0", "0x7fcbb18cf4e0", "0x7fcbb1850d70", "0x7fcbb18502f8"], "memsize":3456, "flags":{"wb_protected":true, "old":true, "long_lived":true, "marked":true}}
{"address":"0x7fcbb1851068", "type":"STRING", "class":"0x7fcbb10e0ef0", "frozen":true, "embedded":true, "fstring":true, "bytesize":4, "value":"cpu=", "encoding":"US-ASCII", "memsize":40, "flags":{"wb_protected":true, "old":true, "long_lived":true, "marked":true}}
{"address":"0x7fcbb1851090", "type":"ARRAY", "length":4, "references":["0x7fcbb18512c0", "0x7fcbb18512c0", "0x7fcbb18511a8", "0x7fcbb1858750"], "memsize":200, "flags":{"wb_protected":true, "old":true, "long_lived":true, "marked":true}}
{"address":"0x7fcbb18510e0", "type":"STRING", "class":"0x7fcbb10e0ef0", "frozen":true, "embedded":true, "fstring":true, "bytesize":15, "value":"FormatException", "encoding":"US-ASCII", "memsize":40, "flags":{"wb_protected":true, "old":true, "long_lived":true, "marked":true}}
{"address":"0x7fcbb18511a8", "type":"STRING", "class":"0x7fcbb10e0ef0", "frozen":true, "embedded":true, "fstring":true, "bytesize":3, "value":"arm", "encoding":"UTF-8", "memsize":40, "flags":{"wb_protected":true, "old":true, "long_lived":true, "marked":true}}
{"address":"0x7fcbb18512c0", "type":"STRING", "class":"0x7fcbb10e0ef0", "frozen":true, "embedded":true, "fstring":true, "bytesize":9, "value":"universal", "encoding":"UTF-8", "memsize":40, "flags":{"wb_protected":true, "old":true, "long_lived":true, "marked":true}}
{"address":"0x7fcbb18513d8", "type":"STRING", "class":"0x7fcbb10e0ef0", "frozen":true, "embedded":true, "fstring":true, "bytesize":11, "value":"@extensions", "encoding":"US-ASCII", "memsize":40, "flags":{"wb_protected":true, "old":true, "long_lived":true, "marked":true}}
{"address":"0x7fcbb1851478", "type":"STRING", "class":"0x7fcbb10e0ef0", "frozen":true, "embedded":true, "fstring":true, "bytesize":17, "value":"@extra_rdoc_files", "encoding":"US-ASCII", "memsize":40, "flags":{"wb_protected":true, "old":true, "long_lived":true, "marked":true}}
{"address":"0x7fcbb1851540", "type":"STRING", "class":"0x7fcbb10e0ef0", "frozen":true, "embedded":true, "fstring":true, "bytesize":12, "value":"@executables", "encoding":"US-ASCII", "memsize":40, "flags":{"wb_protected":true, "old":true, "long_lived":true, "marked":true}}
{"address":"0x7fcbb1851590", "type":"STRING", "class":"0x7fcbb10e0ef0", "frozen":true, "embedded":true, "fstring":true, "bytesize":10, "value":"add_bindir", "encoding":"US-ASCII", "memsize":40, "flags":{"wb_protected":true, "old":true, "long_lived":true, "marked":true}}
{"address":"0x7fcbb1851630", "type":"STRING", "class":"0x7fcbb10e0ef0", "frozen":true, "embedded":true, "fstring":true, "bytesize":11, "value":"@test_files", "encoding":"US-ASCII", "memsize":40, "flags":{"wb_protected":true, "old":true, "long_lived":true, "marked":true}}
{"address":"0x7fcbb18516f8", "type":"STRING", "class":"0x7fcbb10e0ef0", "frozen":true, "embedded":true, "fstring":true, "bytesize":6, "value":"@files", "encoding":"US-ASCII", "memsize":40, "flags":{"wb_protected":true, "old":true, "long_lived":true, "marked":true}}
{"address":"0x7fcbb18518b0", "type":"NODE", "frozen":true, "node_type":"NODE_CREF", "references":["0x7fcbb18502f8", "0x7fcbb18dc7d0"], "memsize":40, "flags":{"wb_protected":true, "old":true, "long_lived":true, "marked":true}}
{"address":"0x7fcbb1851900", "type":"ARRAY", "class":"0x7fcbb10d19a0", "frozen":true, "length":2, "embedded":true, "references":["0x7fcbb18cf4e0"], "memsize":40, "flags":{"wb_protected":true, "old":true, "long_lived":true, "marked":true}}
{"address":"0x7fcbb1851950", "type":"DATA", "class":"0x7fcbb10c0100", "struct":"iseq", "references":["0x7fcbb1851090", "0x7fcbb10e3858", "0x7fcbb10e3858", "0x7fcbb18cf4e0", "0x7fcbb18cf4e0", "0x7fcbb18518b0", "0x7fcbb18502f8"], "memsize":3256, "flags":{"wb_protected":true, "old":true, "long_lived":true, "marked":true}}
{"address":"0x7fcbb1851978", "type":"STRING", "class":"0x7fcbb10e0ef0", "frozen":true, "embedded":true, "fstring":true, "bytesize":14, "value":"really_verbose", "encoding":"US-ASCII", "memsize":40, "flags":{"wb_protected":true, "old":true, "long_lived":true, "marked":true}}
{"address":"0x7fcbb1851b80", "type":"NODE", "frozen":true, "node_type":"NODE_CREF", "references":["0x7fcbb18502f8", "0x7fcbb18dc7d0"], "memsize":40, "flags":{"wb_protected":true, "old":true, "long_lived":true, "marked":true}}
{"address":"0x7fcbb1851d10", "type":"STRING", "class":"0x7fcbb10e0ef0", "frozen":true, "fstring":true, "bytesize":30, "value":"invalidate_memoized_attributes", "encoding":"US-ASCII", "memsize":71, "flags":{"wb_protected":true, "old":true, "long_lived":true, "marked":true}}
{"address":"0x7fcbb1851e28", "type":"STRING", "class":"0x7fcbb10e0ef0", "frozen":true, "embedded":true, "fstring":true, "bytesize":9, "value":"@platform", "encoding":"US-ASCII", "memsize":40, "flags":{"wb_protected":true, "old":true, "long_lived":true, "marked":true}}
{"address":"0x7fcbb1851e50", "type":"DATA", "class":"0x7fcbb10c0100", "struct":"iseq", "references":["0x7fcbb10e2a20", "0x7fcbb10e2a20", "0x7fcbb18cf4e0", "0x7fcbb18cf4e0", "0x7fcbb1851b80", "0x7fcbb18502f8"], "memsize":648, "flags":{"wb_protected":true, "old":true, "long_lived":true, "marked":true}}
{"address":"0x7fcbb1852210", "type":"NODE", "frozen":true, "node_type":"NODE_CREF", "references":["0x7fcbb18502f8", "0x7fcbb18dc7d0"], "memsize":40, "flags":{"wb_protected":true, "old":true, "long_lived":true, "marked":true}}
{"address":"0x7fcbb1852328", "type":"DATA", "class":"0x7fcbb10c0100", "struct":"iseq", "references":["0x7fcbb10e3880", "0x7fcbb10e3880", "0x7fcbb18cf4e0", "0x7fcbb18cf4e0", "0x7fcbb1852210", "0x7fcbb18502f8"], "memsize":1088, "flags":{"wb_protected":true, "old":true, "long_lived":true, "marked":true}}
{"address":"0x7fcbb1852418", "type":"ARRAY", "length":1, "embedded":true, "references":["0x7fcbb1048b50"], "memsize":40, "flags":{"wb_protected":true, "old":true, "long_lived":true, "marked":true}}
{"address":"0x7fcbb18525f8", "type":"NODE", "frozen":true, "node_type":"NODE_CREF", "references":["0x7fcbb18502f8", "0x7fcbb18dc7d0"], "memsize":40, "flags":{"wb_protected":true, "old":true, "long_lived":true, "marked":true}}
{"address":"0x7fcbb1852648", "type":"DATA", "class":"0x7fcbb10c0100", "struct":"iseq", "references":["0x7fcbb1852418", "0x7fcbb10e3150", "0x7fcbb10e3150", "0x7fcbb18cf4e0", "0x7fcbb18cf4e0", "0x7fcbb18525f8", "0x7fcbb18502f8"], "memsize":784, "flags":{"wb_protected":true, "old":true, "long_lived":true, "marked":true}}
{"address":"0x7fcbb18527b0", "type":"ARRAY", "class":"0x7fcbb10d19a0", "frozen":true, "length":2, "embedded":true, "references":["0x7fcbb18cf4e0"], "memsize":40, "flags":{"wb_protected":true, "old":true, "long_lived":true, "marked":true}}
{"address":"0x7fcbb18528a0", "type":"NODE", "frozen":true, "node_type":"NODE_CREF", "references":["0x7fcbb18502f8", "0x7fcbb18dc7d0"], "memsize":40, "flags":{"wb_protected":true, "old":true, "long_lived":true, "marked":true}}
{"address":"0x7fcbb1852b20", "type":"DATA", "class":"0x7fcbb10c0100", "struct":"iseq", "references":["0x7fcbb10e3178", "0x7fcbb10e3178", "0x7fcbb18cf4e0", "0x7fcbb18cf4e0", "0x7fcbb18528a0", "0x7fcbb18502f8"], "memsize":536, "flags":{"wb_protected":true, "old":true, "long_lived":true, "marked":true}}
{"address":"0x7fcbb1852d00", "type":"STRING", "class":"0x7fcbb10e0ef0", "frozen":true, "embedded":true, "fstring":true, "bytesize":13, "value":"@new_platform", "encoding":"US-ASCII", "memsize":40, "flags":{"wb_protected":true, "old":true, "long_lived":true, "marked":true}}
{"address":"0x7fcbb1852d28", "type":"ARRAY", "length":1, "embedded":true, "references":["0x7fcbb1852e68"], "memsize":40, "flags":{"wb_protected":true, "old":true, "long_lived":true, "marked":true}}
{"address":"0x7fcbb1852da0", "type":"STRING", "class":"0x7fcbb10e0ef0", "frozen":true, "embedded":true, "fstring":true, "bytesize":7, "value":"CURRENT", "encoding":"US-ASCII", "memsize":40, "flags":{"wb_protected":true, "old":true, "long_lived":true, "marked":true}}
{"address":"0x7fcbb1852e68", "type":"STRING", "class":"0x7fcbb10e0ef0", "frozen":true, "fstring":true, "bytesize":39, "value":"#<%s:0x%x @cpu=%p, @os=%p, @version=%p>", "encoding":"UTF-8", "memsize":80, "flags":{"wb_protected":true, "old":true, "long_lived":true, "marked":true}}
{"address":"0x7fcbb1853110", "type":"STRING", "class":"0x7fcbb10e0ef0", "frozen":true, "embedded":true, "fstring":true, "bytesize":18, "value":"@original_platform", "encoding":"US-ASCII", "memsize":40, "flags":{"wb_protected":true, "old":true, "long_lived":true, "marked":true}}
{"address":"0x7fcbb18531b0", "type":"STRING", "class":"0x7fcbb10e0ef0", "frozen":true, "embedded":true, "fstring":true, "bytesize":9, "value":"platform=", "encoding":"US-ASCII", "memsize":40, "flags":{"wb_protected":true, "old":true, "long_lived":true, "marked":true}}
{"address":"0x7fcbb1853200", "type":"STRING", "class":"0x7fcbb10e0ef0", "frozen":true, "embedded":true, "fstring":true, "bytesize":10, "value":"other_spec", "encoding":"US-ASCII", "memsize":40, "flags":{"wb_protected":true, "old":true, "long_lived":true, "marked":true}}
{"address":"0x7fcbb1853228", "type":"NODE", "frozen":true, "node_type":"NODE_CREF", "references":["0x7fcbb18502f8", "0x7fcbb18dc7d0"], "memsize":40, "flags":{"wb_protected":true, "old":true, "long_lived":true, "marked":true}}
{"address":"0x7fcbb1853250", "type":"DATA", "class":"0x7fcbb10c0100", "struct":"iseq", "references":["0x7fcbb1852d28", "0x7fcbb10e3678", "0x7fcbb10e3678", "0x7fcbb18cf4e0", "0x7fcbb18cf4e0", "0x7fcbb1853228", "0x7fcbb18502f8"], "memsize":944, "flags":{"wb_protected":true, "old":true, "long_lived":true, "marked":true}}
{"address":"0x7fcbb1853278", "type":"ARRAY", "length":45, "references":["0x7fcbb18532a0", "0x7fcbb1048b50", "0x7fcbb18ccdd0", "0x7fcbb1048b50", "0x7fcbb18cc718", "0x7fcbb18dc0c8", "0x7fcbb18cc308", "0x7fcbb1860b80", "0x7fcbb18d7f00", "0x7fcbb18d7cd0", "0x7fcbb18d7a78", "0x7fcbb18d7820", "0x7fcbb18d75c8", "0x7fcbb18d7370", "0x7fcbb18d7230", "0x7fcbb18d6fd8", "0x7fcbb18d6d80", "0x7fcbb18d6b28", "0x7fcbb18d68d0", "0x7fcbb18d6678", "0x7fcbb18d6420", "0x7fcbb18d61c8", "0x7fcbb18d5ac0", "0x7fcbb18d5868", "0x7fcbb18d5610", "0x7fcbb18d5390", "0x7fcbb18532f0", "0x7fcbb18dc078", "0x7fcbb18dc050", "0x7fcbb18dc028", "0x7fcbb1853f48", "0x7fcbb1853e58", "0x7fcbb1853cc8", "0x7fcbb1853c78", "0x7fcbb1853c78", "0x7fcbb1853b88", "0x7fcbb18539a8", "0x7fcbb18539a8", "0x7fcbb1853930", "0x7fcbb1853890", "0x7fcbb18d5db8", "0x7fcbb18dc0c8", "0x7fcbb1853520", "0x7fcbb1853480", "0x7fcbb18533e0"], "memsize":488, "flags":{"wb_protected":true, "old":true, "long_lived":true, "marked":true}}
{"address":"0x7fcbb18532a0", "type":"STRING", "class":"0x7fcbb10e0ef0", "frozen":true, "embedded":true, "fstring":true, "bytesize":17, "value":"invalid argument ", "encoding":"UTF-8", "memsize":40, "flags":{"wb_protected":true, "old":true, "long_lived":true, "marked":true}}
{"address":"0x7fcbb18532f0", "type":"STRING", "class":"0x7fcbb10e0ef0", "frozen":true, "embedded":true, "fstring":true, "bytesize":7, "value":"unknown", "encoding":"UTF-8", "memsize":40, "flags":{"wb_protected":true, "old":true, "long_lived":true, "marked":true}}
{"address":"0x7fcbb18533e0", "type":"STRING", "class":"0x7fcbb10e0ef0", "frozen":true, "embedded":true, "fstring":true, "bytesize":7, "value":"solaris", "encoding":"UTF-8", "memsize":40, "flags":{"wb_protected":true, "old":true, "long_lived":true, "marked":true}}
{"address":"0x7fcbb1853480", "type":"STRING", "class":"0x7fcbb10e0ef0", "frozen":true, "embedded":true, "fstring":true, "bytesize":7, "value":"openbsd", "encoding":"UTF-8", "memsize":40, "flags":{"wb_protected":true, "old":true, "long_lived":true, "marked":true}}
{"address":"0x7fcbb1853520", "type":"STRING", "class":"0x7fcbb10e0ef0", "frozen":true, "embedded":true, "fstring":true, "bytesize":9, "value":"netbsdelf", "encoding":"UTF-8", "memsize":40, "flags":{"wb_protected":true, "old":true, "long_lived":true, "marked":true}}
{"address":"0x7fcbb1853638", "type":"STRING", "class":"0x7fcbb10e0ef0", "frozen":true, "embedded":true, "fstring":true, "bytesize":8, "value":"version=", "encoding":"US-ASCII", "memsize":40, "flags":{"wb_protected":true, "old":true, "long_lived":true, "marked":true}}
{"address":"0x7fcbb18537a0", "type":"STRING", "class":"0x7fcbb10e0ef0", "frozen":true, "embedded":true, "fstring":true, "bytesize":8, "value":"@authors", "encoding":"US-ASCII", "memsize":40, "flags":{"wb_protected":true, "old":true, "long_lived":true, "marked":true}}
{"address":"0x7fcbb1853890", "type":"STRING", "class":"0x7fcbb10e0ef0", "frozen":true, "embedded":true, "fstring":true, "bytesize":7, "value":"mingw32", "encoding":"UTF-8", "memsize":40, "flags":{"wb_protected":true, "old":true, "long_lived":true, "marked":true}}
{"address":"0x7fcbb1853930", "type":"STRING", "class":"0x7fcbb10e0ef0", "frozen":true, "embedded":true, "fstring":true, "bytesize":5, "value":"linux", "encoding":"UTF-8", "memsize":40, "flags":{"wb_protected":true, "old":true, "long_lived":true, "marked":true}}
{"address":"0x7fcbb18539a8", "type":"STRING", "class":"0x7fcbb10e0ef0", "frozen":true, "embedded":true, "fstring":true, "bytesize":6, "value":"dotnet", "encoding":"UTF-8", "memsize":40, "flags":{"wb_protected":true, "old":true, "long_lived":true, "marked":true}}
{"address":"0x7fcbb1853ae8", "type":"STRING", "class":"0x7fcbb10e0ef0", "frozen":true, "embedded":true, "fstring":true, "bytesize":8, "value":"authors=", "encoding":"US-ASCII", "memsize":40, "flags":{"wb_protected":true, "old":true, "long_lived":true, "marked":true}}
{"address":"0x7fcbb1853b88", "type":"STRING", "class":"0x7fcbb10e0ef0", "frozen":true, "embedded":true, "fstring":true, "bytesize":6, "value":"dalvik", "encoding":"UTF-8", "memsize":40, "flags":{"wb_protected":true, "old":true, "long_lived":true, "marked":true}}
{"address":"0x7fcbb1853bb0", "type":"STRING", "class":"0x7fcbb10e0ef0", "frozen":true, "embedded":true, "fstring":true, "bytesize":1, "value":"o", "encoding":"US-ASCII", "memsize":40, "flags":{"wb_protected":true, "old":true, "long_lived":true, "marked":true}}
{"address":"0x7fcbb1853bd8", "type":"STRING", "class":"0x7fcbb10e0ef0", "frozen":true, "embedded":true, "fstring":true, "bytesize":7, "value":"author=", "encoding":"US-ASCII", "memsize":40, "flags":{"wb_protected":true, "old":true, "long_lived":true, "marked":true}}
{"address":"0x7fcbb1853c78", "type":"STRING", "class":"0x7fcbb10e0ef0", "frozen":true, "embedded":true, "fstring":true, "bytesize":4, "value":"java", "encoding":"UTF-8", "memsize":40, "flags":{"wb_protected":true, "old":true, "long_lived":true, "marked":true}}
{"address":"0x7fcbb1853cc8", "type":"STRING", "class":"0x7fcbb10e0ef0", "frozen":true, "embedded":true, "fstring":true, "bytesize":4, "value":"hpux", "encoding":"UTF-8", "memsize":40, "flags":{"wb_protected":true, "old":true, "long_lived":true, "marked":true}}
{"address":"0x7fcbb1853e58", "type":"STRING", "class":"0x7fcbb10e0ef0", "frozen":true, "embedded":true, "fstring":true, "bytesize":7, "value":"freebsd", "encoding":"UTF-8", "memsize":40, "flags":{"wb_protected":true, "old":true, "long_lived":true, "marked":true}}
{"address":"0x7fcbb1853f48", "type":"STRING", "class":"0x7fcbb10e0ef0", "frozen":true, "embedded":true, "fstring":true, "bytesize":7, "value":"macruby", "encoding":"UTF-8", "memsize":40, "flags":{"wb_protected":true, "old":true, "long_lived":true, "marked":true}}
{"address":"0x7fcbb1858098", "type":"STRING", "class":"0x7fcbb10e0ef0", "frozen":true, "embedded":true, "fstring":true, "bytesize":17, "value":"original_platform", "encoding":"US-ASCII", "memsize":40, "flags":{"wb_protected":true, "old":true, "long_lived":true, "marked":true}}
{"address":"0x7fcbb1858110", "type":"NODE", "frozen":true, "node_type":"NODE_CREF", "references":["0x7fcbb1906558", "0x7fcbb2022558"], "memsize":40, "flags":{"wb_protected":true, "old":true, "long_lived":true, "marked":true}}
{"address":"0x7fcbb1858138", "type":"DATA", "class":"0x7fcbb10c0100", "struct":"iseq", "references":["0x7fcbb184b3c0", "0x7fcbb1868768", "0x7fcbb1868768", "0x7fcbb1840970", "0x7fcbb1840970", "0x7fcbb1858110", "0x7fcbb1906558"], "memsize":944, "flags":{"wb_protected":true, "old":true, "long_lived":true, "marked":true}}
{"address":"0x7fcbb18581d8", "type":"ARRAY", "length":4, "references":["0x7fcbb1858548", "0x7fcbb104b710", "0x7fcbb1051980", "0x7fcbb18393a0"], "memsize":200, "flags":{"wb_protected":true, "old":true, "long_lived":true, "marked":true}}
{"address":"0x7fcbb1858228", "type":"STRING", "class":"0x7fcbb10e0ef0", "frozen":true, "embedded":true, "fstring":true, "bytesize":18, "value":"default_executable", "encoding":"US-ASCII", "memsize":40, "flags":{"wb_protected":true, "old":true, "long_lived":true, "marked":true}}
{"address":"0x7fcbb18582f0", "type":"ARRAY", "length":1, "embedded":true, "references":["0x7fcbb1858458"], "memsize":40, "flags":{"wb_protected":true, "old":true, "long_lived":true, "marked":true}}
{"address":"0x7fcbb1858458", "type":"DATA", "class":"0x7fcbb10c0100", "struct":"iseq", "references":["0x7fcbb1858480", "0x7fcbb1070920", "0x7fcbb1840970", "0x7fcbb1840970", "0x7fcbb1858778"], "memsize":624, "flags":{"wb_protected":true, "old":true, "long_lived":true, "marked":true}}
{"address":"0x7fcbb1858480", "type":"STRING", "class":"0x7fcbb10e0ef0", "frozen":true, "fstring":true, "bytesize":27, "value":"block (2 levels) in to_yaml", "memsize":68, "flags":{"wb_protected":true, "old":true, "long_lived":true, "marked":true}}
{"address":"0x7fcbb1858548", "type":"DATA", "class":"0x7fcbb10c0100", "struct":"iseq", "references":["0x7fcbb18582f0", "0x7fcbb18585e8", "0x7fcbb1070920", "0x7fcbb1840970", "0x7fcbb1840970", "0x7fcbb1858778"], "memsize":904, "flags":{"wb_protected":true, "old":true, "long_lived":true, "marked":true}}
{"address":"0x7fcbb18585e8", "type":"STRING", "class":"0x7fcbb10e0ef0", "frozen":true, "embedded":true, "fstring":true, "bytesize":16, "value":"block in to_yaml", "memsize":40, "flags":{"wb_protected":true, "old":true, "long_lived":true, "marked":true}}
{"address":"0x7fcbb1858660", "type":"STRING", "class":"0x7fcbb10e0ef0", "frozen":true, "embedded":true, "fstring":true, "bytesize":5, "value":"\\Aarm", "encoding":"US-ASCII", "memsize":40, "flags":{"wb_protected":true, "old":true, "long_lived":true, "marked":true}}
{"address":"0x7fcbb18586b0", "type":"STRING", "class":"0x7fcbb10e0ef0", "frozen":true, "embedded":true, "fstring":true, "bytesize":9, "value":"activated", "encoding":"US-ASCII", "memsize":40, "flags":{"wb_protected":true, "old":true, "long_lived":true, "marked":true}}
{"address":"0x7fcbb1858750", "type":"REGEXP", "class":"0x7fcbb10d0b40", "references":["0x7fcbb1858660"], "memsize":501, "flags":{"wb_protected":true, "old":true, "long_lived":true, "marked":true}}
{"address":"0x7fcbb1858778", "type":"NODE", "frozen":true, "node_type":"NODE_CREF", "references":["0x7fcbb1906558", "0x7fcbb2022558"], "memsize":40, "flags":{"wb_protected":true, "old":true, "long_lived":true, "marked":true}}
{"address":"0x7fcbb18587a0", "type":"DATA", "class":"0x7fcbb10c0100", "struct":"iseq", "references":["0x7fcbb18581d8", "0x7fcbb1070920", "0x7fcbb1070920", "0x7fcbb1840970", "0x7fcbb1840970", "0x7fcbb1858778", "0x7fcbb1906558"], "memsize":4312, "flags":{"wb_protected":true, "old":true, "long_lived":true, "marked":true}}
{"address":"0x7fcbb1858840", "type":"NODE", "frozen":true, "node_type":"NODE_CREF", "references":["0x7fcbb1906558", "0x7fcbb2022558"], "memsize":40, "flags":{"wb_protected":true, "old":true, "long_lived":true, "marked":true}}
{"address":"0x7fcbb1858908", "type":"DATA", "class":"0x7fcbb10c0100", "struct":"iseq", "references":["0x7fcbb1070308", "0x7fcbb1070308", "0x7fcbb1840970", "0x7fcbb1840970", "0x7fcbb1858840", "0x7fcbb1906558"], "memsize":408, "flags":{"wb_protected":true, "old":true, "long_lived":true, "marked":true}}
{"address":"0x7fcbb18589a8", "type":"ARRAY", "length":3, "embedded":true, "references":["0x7fcbb1858a20", "0x7fcbb18589d0", "0x7fcbb186baa8"], "memsize":40, "flags":{"wb_protected":true, "old":true, "long_lived":true, "marked":true}}
{"address":"0x7fcbb18589d0", "type":"STRING", "class":"0x7fcbb10e0ef0", "frozen":true, "embedded":true, "fstring":true, "bytesize":9, "value":" version=", "encoding":"UTF-8", "memsize":40, "flags":{"wb_protected":true, "old":true, "long_lived":true, "marked":true}}
{"address":"0x7fcbb18589f8", "type":"STRING", "class":"0x7fcbb10e0ef0", "frozen":true, "embedded":true, "fstring":true, "bytesize":11, "value":"test_files=", "encoding":"US-ASCII", "memsize":40, "flags":{"wb_protected":true, "old":true, "long_lived":true, "marked":true}}
{"address":"0x7fcbb1858a20", "type":"STRING", "class":"0x7fcbb10e0ef0", "frozen":true, "fstring":true, "bytesize":26, "value":"#<Gem::Specification name=", "encoding":"UTF-8", "memsize":67, "flags":{"wb_protected":true, "old":true, "long_lived":true, "marked":true}}
{"address":"0x7fcbb1858a98", "type":"NODE", "frozen":true, "node_type":"NODE_CREF", "references":["0x7fcbb1906558", "0x7fcbb2022558"], "memsize":40, "flags":{"wb_protected":true, "old":true, "long_lived":true, "marked":true}}
{"address":"0x7fcbb1858ac0", "type":"DATA", "class":"0x7fcbb10c0100", "struct":"iseq", "references":["0x7fcbb18589a8", "0x7fcbb10e3150", "0x7fcbb10e3150", "0x7fcbb1840970", "0x7fcbb1840970", "0x7fcbb1858a98", "0x7fcbb1906558"], "memsize":560, "flags":{"wb_protected":true, "old":true, "long_lived":true, "marked":true}}
{"address":"0x7fcbb1858b38", "type":"NODE", "frozen":true, "node_type":"NODE_CREF", "references":["0x7fcbb1906558", "0x7fcbb2022558"], "memsize":40, "flags":{"wb_protected":true, "old":true, "long_lived":true, "marked":true}}
{"address":"0x7fcbb1858b60", "type":"DATA", "class":"0x7fcbb10c0100", "struct":"iseq", "references":["0x7fcbb1072518", "0x7fcbb1072518", "0x7fcbb1840970", "0x7fcbb1840970", "0x7fcbb1858b38", "0x7fcbb1906558"], "memsize":648, "flags":{"wb_protected":true, "old":true, "long_lived":true, "marked":true}}
{"address":"0x7fcbb1858bb0", "type":"STRING", "class":"0x7fcbb10e0ef0", "frozen":true, "embedded":true, "fstring":true, "bytesize":5, "value":"  end", "encoding":"UTF-8", "memsize":40, "flags":{"wb_protected":true, "old":true, "long_lived":true, "marked":true}}
{"address":"0x7fcbb1858cf0", "type":"STRING", "class":"0x7fcbb10e0ef0", "frozen":true, "embedded":true, "fstring":true, "bytesize":13, "value":"@requirements", "encoding":"US-ASCII", "memsize":40, "flags":{"wb_protected":true, "old":true, "long_lived":true, "marked":true}}
{"address":"0x7fcbb1858d40", "type":"ARRAY", "length":3, "embedded":true, "references":["0x7fcbb1858db8", "0x7fcbb1859510", "0x7fcbb1052290"], "memsize":40, "flags":{"wb_protected":true, "old":true, "long_lived":true, "marked":true}}
{"address":"0x7fcbb1858db8", "type":"STRING", "class":"0x7fcbb10e0ef0", "frozen":true, "fstring":true, "bytesize":24, "value":"    s.add_dependency(%q<", "encoding":"UTF-8", "memsize":65, "flags":{"wb_protected":true, "old":true, "long_lived":true, "marked":true}}
{"address":"0x7fcbb1858e30", "type":"DATA", "class":"0x7fcbb10c0100", "struct":"iseq", "references":["0x7fcbb1858d40", "0x7fcbb18599c0", "0x7fcbb10b0e58", "0x7fcbb1840970", "0x7fcbb1840970", "0x7fcbb1859d80"], "memsize":1152, "flags":{"wb_protected":true, "old":true, "long_lived":true, "marked":true}}
{"address":"0x7fcbb1858e80", "type":"STRING", "class":"0x7fcbb10e0ef0", "frozen":true, "embedded":true, "fstring":true, "bytesize":6, "value":"  else", "encoding":"UTF-8", "memsize":40, "flags":{"wb_protected":true, "old":true, "long_lived":true, "marked":true}}
{"address":"0x7fcbb1858ea8", "type":"STRING", "class":"0x7fcbb10e0ef0", "frozen":true, "embedded":true, "fstring":true, "bytesize":7, "value":"    end", "encoding":"UTF-8", "memsize":40, "flags":{"wb_protected":true, "old":true, "long_lived":true, "marked":true}}
{"address":"0x7fcbb1858f20", "type":"ARRAY", "length":3, "embedded":true, "references":["0x7fcbb1859128", "0x7fcbb1859510", "0x7fcbb1052290"], "memsize":40, "flags":{"wb_protected":true, "old":true, "long_lived":true, "marked":true}}
{"address":"0x7fcbb18590b0", "type":"STRING", "class":"0x7fcbb10e0ef0", "frozen":true, "fstring":true, "bytesize":26, "value":"@required_rubygems_version", "encoding":"US-ASCII", "memsize":67, "flags":{"wb_protected":true, "old":true, "long_lived":true, "marked":true}}
{"address":"0x7fcbb1859128", "type":"STRING", "class":"0x7fcbb10e0ef0", "frozen":true, "fstring":true, "bytesize":26, "value":"      s.add_dependency(%q<", "encoding":"UTF-8", "memsize":67, "flags":{"wb_protected":true, "old":true, "long_lived":true, "marked":true}}
{"address":"0x7fcbb1859150", "type":"STRING", "class":"0x7fcbb10e0ef0", "frozen":true, "fstring":true, "bytesize":26, "value":"required_rubygems_version=", "encoding":"US-ASCII", "memsize":67, "flags":{"wb_protected":true, "old":true, "long_lived":true, "marked":true}}
{"address":"0x7fcbb18591c8", "type":"DATA", "class":"0x7fcbb10c0100", "struct":"iseq", "references":["0x7fcbb1858f20", "0x7fcbb18599c0", "0x7fcbb10b0e58", "0x7fcbb1840970", "0x7fcbb1840970", "0x7fcbb1859d80"], "memsize":1152, "flags":{"wb_protected":true, "old":true, "long_lived":true, "marked":true}}
{"address":"0x7fcbb1859240", "type":"STRING", "class":"0x7fcbb10e0ef0", "frozen":true, "embedded":true, "fstring":true, "bytesize":8, "value":"    else", "encoding":"UTF-8", "memsize":40, "flags":{"wb_protected":true, "old":true, "long_lived":true, "marked":true}}
{"address":"0x7fcbb1859358", "type":"STRING", "class":"0x7fcbb10e0ef0", "frozen":true, "embedded":true, "fstring":true, "bytesize":6, "value":"create", "encoding":"US-ASCII", "memsize":40, "flags":{"wb_protected":true, "old":true, "long_lived":true, "marked":true}}
{"address":"0x7fcbb18593f8", "type":"STRING", "class":"0x7fcbb10e0ef0", "frozen":true, "embedded":true, "fstring":true, "bytesize":22, "value":"@required_ruby_version", "encoding":"US-ASCII", "memsize":40, "flags":{"wb_protected":true, "old":true, "long_lived":true, "marked":true}}
{"address":"0x7fcbb1859448", "type":"ARRAY", "length":4, "references":["0x7fcbb1859560", "0x7fcbb1859538", "0x7fcbb1859510", "0x7fcbb1052290"], "memsize":200, "flags":{"wb_protected":true, "old":true, "long_lived":true, "marked":true}}
{"address":"0x7fcbb1859498", "type":"STRING", "class":"0x7fcbb10e0ef0", "frozen":true, "embedded":true, "fstring":true, "bytesize":3, "value":"req", "encoding":"US-ASCII", "memsize":40, "flags":{"wb_protected":true, "old":true, "long_lived":true, "marked":true}}
{"address":"0x7fcbb18594c0", "type":"STRING", "class":"0x7fcbb10e0ef0", "frozen":true, "embedded":true, "fstring":true, "bytesize":22, "value":"required_ruby_version=", "encoding":"US-ASCII", "memsize":40, "flags":{"wb_protected":true, "old":true, "long_lived":true, "marked":true}}
{"address":"0x7fcbb1859510", "type":"STRING", "class":"0x7fcbb10e0ef0", "frozen":true, "embedded":true, "fstring":true, "bytesize":3, "value":">, ", "encoding":"UTF-8", "memsize":40, "flags":{"wb_protected":true, "old":true, "long_lived":true, "marked":true}}
{"address":"0x7fcbb1859538", "type":"STRING", "class":"0x7fcbb10e0ef0", "frozen":true, "embedded":true, "fstring":true, "bytesize":15, "value":"_dependency(%q<", "encoding":"UTF-8", "memsize":40, "flags":{"wb_protected":true, "old":true, "long_lived":true, "marked":true}}
{"address":"0x7fcbb1859560", "type":"STRING", "class":"0x7fcbb10e0ef0", "frozen":true, "embedded":true, "fstring":true, "bytesize":12, "value":"      s.add_", "encoding":"UTF-8", "memsize":40, "flags":{"wb_protected":true, "old":true, "long_lived":true, "marked":true}}
{"address":"0x7fcbb18595d8", "type":"DATA", "class":"0x7fcbb10c0100", "struct":"iseq", "references":["0x7fcbb1859448", "0x7fcbb18599c0", "0x7fcbb10b0e58", "0x7fcbb1840970", "0x7fcbb1840970", "0x7fcbb1859d80"], "memsize":1784, "flags":{"wb_protected":true, "old":true, "long_lived":true, "marked":true}}
{"address":"0x7fcbb1859628", "type":"STRING", "class":"0x7fcbb10e0ef0", "frozen":true, "fstring":true, "bytesize":71, "value":"    if Gem::Version.new(Gem::VERSION) >= Gem::Version.new('1.2.0') then", "encoding":"UTF-8", "memsize":112, "flags":{"wb_protected":true, "old":true, "long_lived":true, "marked":true}}
{"address":"0x7fcbb1859650", "type":"STRING", "class":"0x7fcbb10e0ef0", "frozen":true, "fstring":true, "bytesize":30, "value":"    s.specification_version = ", "encoding":"UTF-8", "memsize":71, "flags":{"wb_protected":true, "old":true, "long_lived":true, "marked":true}}
{"address":"0x7fcbb1859678", "type":"STRING", "class":"0x7fcbb10e0ef0", "frozen":true, "fstring":true, "bytesize":46, "value":"  if s.respond_to? :specification_version then", "encoding":"UTF-8", "memsize":87, "flags":{"wb_protected":true, "old":true, "long_lived":true, "marked":true}}
{"address":"0x7fcbb18596a0", "type":"STRING", "class":"0x7fcbb10e0ef0", "frozen":true, "fstring":true, "bytesize":40, "value":"\" if s.respond_to? :installed_by_version", "encoding":"UTF-8", "memsize":81, "flags":{"wb_protected":true, "old":true, "long_lived":true, "marked":true}}
{"address":"0x7fcbb18596c8", "type":"STRING", "class":"0x7fcbb10e0ef0", "frozen":true, "fstring":true, "bytesize":28, "value":"  s.installed_by_version = \"", "encoding":"UTF-8", "memsize":69, "flags":{"wb_protected":true, "old":true, "long_lived":true, "marked":true}}
{"address":"0x7fcbb1859718", "type":"ARRAY", "length":32, "references":["0x7fcbb1859998", "0x7fcbb18595d8", "0x7fcbb18591c8", "0x7fcbb1858e30", "0x7fcbb1859d08", "0x7fcbb186bb20", "0x7fcbb186bb20", "0x7fcbb186bb20", "0x7fcbb1859ce0", "0x7fcbb1859ce0", "0x7fcbb1868560", "0x7fcbb1859cb8", "0x7fcbb1859bf0", "0x7fcbb1859b28", "0x7fcbb1049d98", "0x7fcbb1859ad8", "0x7fcbb1859ab0", "0x7fcbb1859a88", "0x7fcbb1859a60", "0x7fcbb1859a38", "0x7fcbb1859a10", "0x7fcbb18596c8", "0x7fcbb18596a0", "0x7fcbb1859678", "0x7fcbb1859650", "0x7fcbb1859628", "0x7fcbb1859240", "0x7fcbb1858ea8", "0x7fcbb1858e80", "0x7fcbb1858bb0", "0x7fcbb1868420", "0x7fcbb183b358"], "memsize":336, "flags":{"wb_protected":true, "old":true, "long_lived":true, "marked":true}}
{"address":"0x7fcbb1859740", "type":"ARRAY", "length":2, "embedded":true, "references":["0x7fcbb1859880", "0x7fcbb1868b78"], "memsize":40, "flags":{"wb_protected":true, "old":true, "long_lived":true, "marked":true}}
{"address":"0x7fcbb1859880", "type":"STRING", "class":"0x7fcbb10e0ef0", "frozen":true, "embedded":true, "fstring":true, "bytesize":4, "value":"  s.", "encoding":"UTF-8", "memsize":40, "flags":{"wb_protected":true, "old":true, "long_lived":true, "marked":true}}
{"address":"0x7fcbb18598f8", "type":"STRING", "class":"0x7fcbb10e0ef0", "frozen":true, "embedded":true, "fstring":true, "bytesize":13, "value":"@rdoc_options", "encoding":"US-ASCII", "memsize":40, "flags":{"wb_protected":true, "old":true, "long_lived":true, "marked":true}}
{"address":"0x7fcbb1859998", "type":"DATA", "class":"0x7fcbb10c0100", "struct":"iseq", "references":["0x7fcbb1859740", "0x7fcbb18599c0", "0x7fcbb10b0e58", "0x7fcbb1840970", "0x7fcbb1840970", "0x7fcbb1859d80"], "memsize":2032, "flags":{"wb_protected":true, "old":true, "long_lived":true, "marked":true}}
{"address":"0x7fcbb18599c0", "type":"STRING", "class":"0x7fcbb10e0ef0", "frozen":true, "embedded":true, "fstring":true, "bytesize":16, "value":"block in to_ruby", "memsize":40, "flags":{"wb_protected":true, "old":true, "long_lived":true, "marked":true}}
{"address":"0x7fcbb1859a10", "type":"ARRAY", "frozen":true, "length":10, "memsize":120, "flags":{"wb_protected":true, "old":true, "long_lived":true, "marked":true}}
{"address":"0x7fcbb1859a38", "type":"STRING", "class":"0x7fcbb10e0ef0", "frozen":true, "embedded":true, "fstring":true, "bytesize":20, "value":"  s.require_paths = ", "encoding":"UTF-8", "memsize":40, "flags":{"wb_protected":true, "old":true, "long_lived":true, "marked":true}}
{"address":"0x7fcbb1859a60", "type":"STRING", "class":"0x7fcbb10e0ef0", "frozen":true, "fstring":true, "bytesize":28, "value":" if s.respond_to? :metadata=", "encoding":"UTF-8", "memsize":69, "flags":{"wb_protected":true, "old":true, "long_lived":true, "marked":true}}
{"address":"0x7fcbb1859a88", "type":"STRING", "class":"0x7fcbb10e0ef0", "frozen":true, "embedded":true, "fstring":true, "bytesize":15, "value":"  s.metadata = ", "encoding":"UTF-8", "memsize":40, "flags":{"wb_protected":true, "old":true, "long_lived":true, "marked":true}}
{"address":"0x7fcbb1859ab0", "type":"STRING", "class":"0x7fcbb10e0ef0", "frozen":true, "fstring":true, "bytesize":45, "value":" if s.respond_to? :required_rubygems_version=", "encoding":"UTF-8", "memsize":86, "flags":{"wb_protected":true, "old":true, "long_lived":true, "marked":true}}
{"address":"0x7fcbb1859ad8", "type":"STRING", "class":"0x7fcbb10e0ef0", "frozen":true, "fstring":true, "bytesize":32, "value":"  s.required_rubygems_version = ", "encoding":"UTF-8", "memsize":73, "flags":{"wb_protected":true, "old":true, "long_lived":true, "marked":true}}
{"address":"0x7fcbb1859b28", "type":"STRING", "class":"0x7fcbb10e0ef0", "frozen":true, "embedded":true, "fstring":true, "bytesize":15, "value":"  s.platform = ", "encoding":"UTF-8", "memsize":40, "flags":{"wb_protected":true, "old":true, "long_lived":true, "marked":true}}
{"address":"0x7fcbb1859bf0", "type":"STRING", "class":"0x7fcbb10e0ef0", "frozen":true, "embedded":true, "fstring":true, "bytesize":14, "value":"  s.version = ", "encoding":"UTF-8", "memsize":40, "flags":{"wb_protected":true, "old":true, "long_lived":true, "marked":true}}
{"address":"0x7fcbb1859c68", "type":"STRING", "class":"0x7fcbb10e0ef0", "frozen":true, "embedded":true, "fstring":true, "bytesize":9, "value":"@licenses", "encoding":"US-ASCII", "memsize":40, "flags":{"wb_protected":true, "old":true, "long_lived":true, "marked":true}}
{"address":"0x7fcbb1859cb8", "type":"STRING", "class":"0x7fcbb10e0ef0", "frozen":true, "embedded":true, "fstring":true, "bytesize":11, "value":"  s.name = ", "encoding":"UTF-8", "memsize":40, "flags":{"wb_protected":true, "old":true, "long_lived":true, "marked":true}}
{"address":"0x7fcbb1859ce0", "type":"STRING", "class":"0x7fcbb10e0ef0", "frozen":true, "embedded":true, "fstring":true, "bytesize":1, "value":"\u0000", "encoding":"UTF-8", "memsize":40, "flags":{"wb_protected":true, "old":true, "long_lived":true, "marked":true}}
{"address":"0x7fcbb1859d08", "type":"STRING", "class":"0x7fcbb10e0ef0", "frozen":true, "fstring":true, "bytesize":25, "value":"# -*- encoding: utf-8 -*-", "encoding":"UTF-8", "memsize":66, "flags":{"wb_protected":true, "old":true, "long_lived":true, "marked":true}}
{"address":"0x7fcbb1859d80", "type":"NODE", "frozen":true, "node_type":"NODE_CREF", "references":["0x7fcbb1906558", "0x7fcbb2022558"], "memsize":40, "flags":{"wb_protected":true, "old":true, "long_lived":true, "marked":true}}
{"address":"0x7fcbb1859da8", "type":"DATA", "class":"0x7fcbb10c0100", "struct":"iseq", "references":["0x7fcbb1859718", "0x7fcbb10b0e58", "0x7fcbb10b0e58", "0x7fcbb1840970", "0x7fcbb1840970", "0x7fcbb1859d80", "0x7fcbb1906558"], "memsize":11624, "flags":{"wb_protected":true, "old":true, "long_lived":true, "marked":true}}
{"address":"0x7fcbb1859e20", "type":"NODE", "frozen":true, "node_type":"NODE_CREF", "references":["0x7fcbb1906558", "0x7fcbb2022558"], "memsize":40, "flags":{"wb_protected":true, "old":true, "long_lived":true, "marked":true}}
{"address":"0x7fcbb1859e48", "type":"DATA", "class":"0x7fcbb10c0100", "struct":"iseq", "references":["0x7fcbb1849340", "0x7fcbb1849340", "0x7fcbb1840970", "0x7fcbb1840970", "0x7fcbb1859e20", "0x7fcbb1906558"], "memsize":1128, "flags":{"wb_protected":true, "old":true, "long_lived":true, "marked":true}}
{"address":"0x7fcbb1859ec0", "type":"NODE", "frozen":true, "node_type":"NODE_CREF", "references":["0x7fcbb1906558", "0x7fcbb2022558"], "memsize":40, "flags":{"wb_protected":true, "old":true, "long_lived":true, "marked":true}}
{"address":"0x7fcbb1859ee8", "type":"DATA", "class":"0x7fcbb10c0100", "struct":"iseq", "references":["0x7fcbb10c0470", "0x7fcbb10c0470", "0x7fcbb1840970", "0x7fcbb1840970", "0x7fcbb1859ec0", "0x7fcbb1906558"], "memsize":600, "flags":{"wb_protected":true, "old":true, "long_lived":true, "marked":true}}
{"address":"0x7fcbb1859f88", "type":"NODE", "frozen":true, "node_type":"NODE_CREF", "references":["0x7fcbb1906558", "0x7fcbb2022558"], "memsize":40, "flags":{"wb_protected":true, "old":true, "long_lived":true, "marked":true}}
{"address":"0x7fcbb185a028", "type":"DATA", "class":"0x7fcbb10c0100", "struct":"iseq", "references":["0x7fcbb10c0b28", "0x7fcbb10c0b28", "0x7fcbb1840970", "0x7fcbb1840970", "0x7fcbb1859f88", "0x7fcbb1906558"], "memsize":728, "flags":{"wb_protected":true, "old":true, "long_lived":true, "marked":true}}
{"address":"0x7fcbb185a0c8", "type":"STRING", "class":"0x7fcbb10e0ef0", "frozen":true, "embedded":true, "fstring":true, "bytesize":9, "value":"licenses=", "encoding":"US-ASCII", "memsize":40, "flags":{"wb_protected":true, "old":true, "long_lived":true, "marked":true}}
{"address":"0x7fcbb185a140", "type":"ARRAY", "length":4, "references":["0x7fcbb10c1578", "0x7fcbb185a168", "0x7fcbb10c1168", "0x7fcbb186bb20"], "memsize":200, "flags":{"wb_protected":true, "old":true, "long_lived":true, "marked":true}}
{"address":"0x7fcbb185a168", "type":"STRING", "class":"0x7fcbb10e0ef0", "frozen":true, "embedded":true, "fstring":true, "bytesize":4, "value":"\\1\\2", "encoding":"UTF-8", "memsize":40, "flags":{"wb_protected":true, "old":true, "long_lived":true, "marked":true}}
{"address":"0x7fcbb185a190", "type":"STRING", "class":"0x7fcbb10e0ef0", "frozen":true, "embedded":true, "fstring":true, "bytesize":8, "value":"license=", "encoding":"US-ASCII", "memsize":40, "flags":{"wb_protected":true, "old":true, "long_lived":true, "marked":true}}
{"address":"0x7fcbb185a208", "type":"NODE", "frozen":true, "node_type":"NODE_CREF", "references":["0x7fcbb1906558", "0x7fcbb2022558"], "memsize":40, "flags":{"wb_protected":true, "old":true, "long_lived":true, "marked":true}}
{"address":"0x7fcbb185a230", "type":"DATA", "class":"0x7fcbb10c0100", "struct":"iseq", "references":["0x7fcbb185a140", "0x7fcbb10c1988", "0x7fcbb10c1988", "0x7fcbb1840970", "0x7fcbb1840970", "0x7fcbb185a208", "0x7fcbb1906558"], "memsize":1032, "flags":{"wb_protected":true, "old":true, "long_lived":true, "marked":true}}
{"address":"0x7fcbb185a258", "type":"ARRAY", "length":1, "embedded":true, "references":["0x7fcbb185a348"], "memsize":40, "flags":{"wb_protected":true, "old":true, "long_lived":true, "marked":true}}
{"address":"0x7fcbb185a2d0", "type":"NODE", "frozen":true, "node_type":"NODE_CREF", "references":["0x7fcbb1906558", "0x7fcbb2022558"], "memsize":40, "flags":{"wb_protected":true, "old":true, "long_lived":true, "marked":true}}
{"address":"0x7fcbb185a2f8", "type":"DATA", "class":"0x7fcbb10c0100", "struct":"iseq", "references":["0x7fcbb185a258", "0x7fcbb10c2018", "0x7fcbb10c2018", "0x7fcbb1840970", "0x7fcbb1840970", "0x7fcbb185a2d0", "0x7fcbb1906558"], "memsize":568, "flags":{"wb_protected":true, "old":true, "long_lived":true, "marked":true}}
{"address":"0x7fcbb185a320", "type":"ARRAY", "length":1, "embedded":true, "references":["0x7fcbb185a348"], "memsize":40, "flags":{"wb_protected":true, "old":true, "long_lived":true, "marked":true}}
{"address":"0x7fcbb185a348", "type":"STRING", "class":"0x7fcbb10e0ef0", "frozen":true, "embedded":true, "fstring":true, "bytesize":8, "value":".gemspec", "encoding":"UTF-8", "memsize":40, "flags":{"wb_protected":true, "old":true, "long_lived":true, "marked":true}}
{"address":"0x7fcbb185a3c0", "type":"NODE", "frozen":true, "node_type":"NODE_CREF", "references":["0x7fcbb1906558", "0x7fcbb2022558"], "memsize":40, "flags":{"wb_protected":true, "old":true, "long_lived":true, "marked":true}}
{"address":"0x7fcbb185a3e8", "type":"DATA", "class":"0x7fcbb10c0100", "struct":"iseq", "references":["0x7fcbb185a320", "0x7fcbb2018378", "0x7fcbb2018378", "0x7fcbb1840970", "0x7fcbb1840970", "0x7fcbb185a3c0", "0x7fcbb1906558"], "memsize":1064, "flags":{"wb_protected":true, "old":true, "long_lived":true, "marked":true}}
{"address":"0x7fcbb185a410", "type":"ARRAY", "length":1, "embedded":true, "references":["0x7fcbb10528f8"], "memsize":40, "flags":{"wb_protected":true, "old":true, "long_lived":true, "marked":true}}
{"address":"0x7fcbb185a488", "type":"NODE", "frozen":true, "node_type":"NODE_CREF", "references":["0x7fcbb1906558", "0x7fcbb2022558"], "memsize":40, "flags":{"wb_protected":true, "old":true, "long_lived":true, "marked":true}}
{"address":"0x7fcbb185a4b0", "type":"DATA", "class":"0x7fcbb10c0100", "struct":"iseq", "references":["0x7fcbb185a410", "0x7fcbb2018738", "0x7fcbb2018738", "0x7fcbb1840970", "0x7fcbb1840970", "0x7fcbb185a488", "0x7fcbb1906558"], "memsize":912, "flags":{"wb_protected":true, "old":true, "long_lived":true, "marked":true}}
{"address":"0x7fcbb185a528", "type":"NODE", "frozen":true, "node_type":"NODE_CREF", "references":["0x7fcbb1906558", "0x7fcbb2022558"], "memsize":40, "flags":{"wb_protected":true, "old":true, "long_lived":true, "marked":true}}
{"address":"0x7fcbb185a550", "type":"DATA", "class":"0x7fcbb10c0100", "struct":"iseq", "references":["0x7fcbb10d0a28", "0x7fcbb10d0a28", "0x7fcbb1840970", "0x7fcbb1840970", "0x7fcbb185a528", "0x7fcbb1906558"], "memsize":624, "flags":{"wb_protected":true, "old":true, "long_lived":true, "marked":true}}
{"address":"0x7fcbb185a5c8", "type":"NODE", "frozen":true, "node_type":"NODE_CREF", "references":["0x7fcbb1906558", "0x7fcbb2022558"], "memsize":40, "flags":{"wb_protected":true, "old":true, "long_lived":true, "marked":true}}
{"address":"0x7fcbb185a5f0", "type":"DATA", "class":"0x7fcbb10c0100", "struct":"iseq", "references":["0x7fcbb1880db8", "0x7fcbb1880db8", "0x7fcbb1840970", "0x7fcbb1840970", "0x7fcbb185a5c8", "0x7fcbb1906558"], "memsize":816, "flags":{"wb_protected":true, "old":true, "long_lived":true, "marked":true}}
{"address":"0x7fcbb185a758", "type":"NODE", "frozen":true, "node_type":"NODE_CREF", "references":["0x7fcbb1906558", "0x7fcbb2022558"], "memsize":40, "flags":{"wb_protected":true, "old":true, "long_lived":true, "marked":true}}
{"address":"0x7fcbb185a820", "type":"DATA", "class":"0x7fcbb10c0100", "struct":"iseq", "references":["0x7fcbb1890b00", "0x7fcbb1890b00", "0x7fcbb1840970", "0x7fcbb1840970", "0x7fcbb185a758", "0x7fcbb1906558"], "memsize":1048, "flags":{"wb_protected":true, "old":true, "long_lived":true, "marked":true}}
{"address":"0x7fcbb185a870", "type":"STRING", "class":"0x7fcbb10e0ef0", "frozen":true, "embedded":true, "fstring":true, "bytesize":21, "value":"installed_by_version=", "encoding":"US-ASCII", "memsize":40, "flags":{"wb_protected":true, "old":true, "long_lived":true, "marked":true}}
{"address":"0x7fcbb185a898", "type":"ARRAY", "length":1, "embedded":true, "references":["0x7fcbb185a988"], "memsize":40, "flags":{"wb_protected":true, "old":true, "long_lived":true, "marked":true}}
{"address":"0x7fcbb185a988", "type":"DATA", "class":"0x7fcbb10c0100", "struct":"iseq", "references":["0x7fcbb185aa50", "0x7fcbb102a600", "0x7fcbb1840970", "0x7fcbb1840970", "0x7fcbb185ac58"], "memsize":880, "flags":{"wb_protected":true, "old":true, "long_lived":true, "marked":true}}
{"address":"0x7fcbb185aa50", "type":"STRING", "class":"0x7fcbb10e0ef0", "frozen":true, "fstring":true, "bytesize":25, "value":"block in same_attributes?", "memsize":66, "flags":{"wb_protected":true, "old":true, "long_lived":true, "marked":true}}
{"address":"0x7fcbb185ab68", "type":"STRING", "class":"0x7fcbb10e0ef0", "frozen":true, "embedded":true, "fstring":true, "bytesize":21, "value":"@installed_by_version", "encoding":"US-ASCII", "memsize":40, "flags":{"wb_protected":true, "old":true, "long_lived":true, "marked":true}}
{"address":"0x7fcbb185abe0", "type":"STRING", "class":"0x7fcbb10e0ef0", "frozen":true, "embedded":true, "fstring":true, "bytesize":20, "value":"installed_by_version", "encoding":"US-ASCII", "memsize":40, "flags":{"wb_protected":true, "old":true, "long_lived":true, "marked":true}}
{"address":"0x7fcbb185ac58", "type":"NODE", "frozen":true, "node_type":"NODE_CREF", "references":["0x7fcbb1906558", "0x7fcbb2022558"], "memsize":40, "flags":{"wb_protected":true, "old":true, "long_lived":true, "marked":true}}
{"address":"0x7fcbb185ac80", "type":"DATA", "class":"0x7fcbb10c0100", "struct":"iseq", "references":["0x7fcbb185a898", "0x7fcbb102a600", "0x7fcbb102a600", "0x7fcbb1840970", "0x7fcbb1840970", "0x7fcbb185ac58", "0x7fcbb1906558"], "memsize":584, "flags":{"wb_protected":true, "old":true, "long_lived":true, "marked":true}}
{"address":"0x7fcbb185acd0", "type":"ARRAY", "length":1, "embedded":true, "references":["0x7fcbb185aed8"], "memsize":40, "flags":{"wb_protected":true, "old":true, "long_lived":true, "marked":true}}
{"address":"0x7fcbb185aed8", "type":"DATA", "class":"0x7fcbb10c0100", "struct":"iseq", "references":["0x7fcbb185af00", "0x7fcbb188b768", "0x7fcbb1840970", "0x7fcbb1840970", "0x7fcbb185afa0"], "memsize":728, "flags":{"wb_protected":true, "old":true, "long_lived":true, "marked":true}}
{"address":"0x7fcbb185af00", "type":"STRING", "class":"0x7fcbb10e0ef0", "frozen":true, "fstring":true, "bytesize":29, "value":"block in runtime_dependencies", "memsize":70, "flags":{"wb_protected":true, "old":true, "long_lived":true, "marked":true}}
{"address":"0x7fcbb185afa0", "type":"NODE", "frozen":true, "node_type":"NODE_CREF", "references":["0x7fcbb1906558", "0x7fcbb2022558"], "memsize":40, "flags":{"wb_protected":true, "old":true, "long_lived":true, "marked":true}}
{"address":"0x7fcbb185afc8", "type":"DATA", "class":"0x7fcbb10c0100", "struct":"iseq", "references":["0x7fcbb185acd0", "0x7fcbb188b768", "0x7fcbb188b768", "0x7fcbb1840970", "0x7fcbb1840970", "0x7fcbb185afa0", "0x7fcbb1906558"], "memsize":688, "flags":{"wb_protected":true, "old":true, "long_lived":true, "marked":true}}
{"address":"0x7fcbb185aff0", "type":"STRING", "class":"0x7fcbb10e0ef0", "frozen":true, "fstring":true, "bytesize":28, "value":"ruby_code case not handled: ", "encoding":"UTF-8", "memsize":69, "flags":{"wb_protected":true, "old":true, "long_lived":true, "marked":true}}
{"address":"0x7fcbb185b018", "type":"STRING", "class":"0x7fcbb10e0ef0", "frozen":true, "embedded":true, "fstring":true, "bytesize":21, "value":"Gem::Requirement.new(", "encoding":"UTF-8", "memsize":40, "flags":{"wb_protected":true, "old":true, "long_lived":true, "marked":true}}
{"address":"0x7fcbb185b040", "type":"STRING", "class":"0x7fcbb10e0ef0", "frozen":true, "embedded":true, "fstring":true, "bytesize":18, "value":"Gem::Platform.new(", "encoding":"UTF-8", "memsize":40, "flags":{"wb_protected":true, "old":true, "long_lived":true, "marked":true}}
{"address":"0x7fcbb185b068", "type":"STRING", "class":"0x7fcbb10e0ef0", "frozen":true, "embedded":true, "fstring":true, "bytesize":8, "value":"%Y-%m-%d", "encoding":"UTF-8", "memsize":40, "flags":{"wb_protected":true, "old":true, "long_lived":true, "marked":true}}
{"address":"0x7fcbb185b090", "type":"STRING", "class":"0x7fcbb10e0ef0", "frozen":true, "embedded":true, "fstring":true, "bytesize":2, "value":" }", "encoding":"UTF-8", "memsize":40, "flags":{"wb_protected":true, "old":true, "long_lived":true, "marked":true}}
{"address":"0x7fcbb185b0e0", "type":"STRING", "class":"0x7fcbb10e0ef0", "frozen":true, "embedded":true, "fstring":true, "bytesize":2, "value":"{ ", "encoding":"UTF-8", "memsize":40, "flags":{"wb_protected":true, "old":true, "long_lived":true, "marked":true}}
{"address":"0x7fcbb185b248", "type":"ARRAY", "length":1, "embedded":true, "references":["0x7fcbb185b2c0"], "memsize":40, "flags":{"wb_protected":true, "old":true, "long_lived":true, "marked":true}}
{"address":"0x7fcbb185b2c0", "type":"STRING", "class":"0x7fcbb10e0ef0", "frozen":true, "embedded":true, "fstring":true, "bytesize":4, "value":" => ", "encoding":"UTF-8", "memsize":40, "flags":{"wb_protected":true, "old":true, "long_lived":true, "marked":true}}
{"address":"0x7fcbb185b338", "type":"DATA", "class":"0x7fcbb10c0100", "struct":"iseq", "references":["0x7fcbb185b248", "0x7fcbb185b590", "0x7fcbb201bd20", "0x7fcbb1840970", "0x7fcbb1840970", "0x7fcbb185b6d0"], "memsize":1152, "flags":{"wb_protected":true, "old":true, "long_lived":true, "marked":true}}
{"address":"0x7fcbb185b388", "type":"STRING", "class":"0x7fcbb10e0ef0", "frozen":true, "embedded":true, "fstring":true, "bytesize":1, "value":"]", "encoding":"UTF-8", "memsize":40, "flags":{"wb_protected":true, "old":true, "long_lived":true, "marked":true}}
{"address":"0x7fcbb185b3d8", "type":"ARRAY", "length":15, "references":["0x7fcbb185b4c8", "0x7fcbb185b338", "0x7fcbb185aff0", "0x7fcbb18395d0", "0x7fcbb1842ef0", "0x7fcbb185b388", "0x7fcbb185b0e0", "0x7fcbb1842ef0", "0x7fcbb185b090", "0x7fcbb185b068", "0x7fcbb185b068", "0x7fcbb185b040", "0x7fcbb1052290", "0x7fcbb185b018", "0x7fcbb1052290"], "memsize":200, "flags":{"wb_protected":true, "old":true, "long_lived":true, "marked":true}}
{"address":"0x7fcbb185b4c8", "type":"DATA", "class":"0x7fcbb10c0100", "struct":"iseq", "references":["0x7fcbb185b590", "0x7fcbb201bd20", "0x7fcbb1840970", "0x7fcbb1840970", "0x7fcbb185b6d0"], "memsize":600, "flags":{"wb_protected":true, "old":true, "long_lived":true, "marked":true}}
{"address":"0x7fcbb185b590", "type":"STRING", "class":"0x7fcbb10e0ef0", "frozen":true, "embedded":true, "fstring":true, "bytesize":18, "value":"block in ruby_code", "memsize":40, "flags":{"wb_protected":true, "old":true, "long_lived":true, "marked":true}}
{"address":"0x7fcbb185b6d0", "type":"NODE", "frozen":true, "node_type":"NODE_CREF", "references":["0x7fcbb1906558", "0x7fcbb2022558"], "memsize":40, "flags":{"wb_protected":true, "old":true, "long_lived":true, "marked":true}}
{"address":"0x7fcbb185b6f8", "type":"DATA", "class":"0x7fcbb10c0100", "struct":"iseq", "references":["0x7fcbb185b3d8", "0x7fcbb201bd20", "0x7fcbb201bd20", "0x7fcbb1840970", "0x7fcbb1840970", "0x7fcbb185b6d0", "0x7fcbb1906558"], "memsize":6288, "flags":{"wb_protected":true, "old":true, "long_lived":true, "marked":true}}
{"address":"0x7fcbb185b720", "type":"ARRAY", "length":1, "embedded":true, "references":["0x7fcbb1048e48"], "memsize":40, "flags":{"wb_protected":true, "old":true, "long_lived":true, "marked":true}}
{"address":"0x7fcbb185b798", "type":"NODE", "frozen":true, "node_type":"NODE_CREF", "references":["0x7fcbb1906558", "0x7fcbb2022558"], "memsize":40, "flags":{"wb_protected":true, "old":true, "long_lived":true, "marked":true}}
{"address":"0x7fcbb185b7c0", "type":"DATA", "class":"0x7fcbb10c0100", "struct":"iseq", "references":["0x7fcbb185b720", "0x7fcbb3000038", "0x7fcbb3000038", "0x7fcbb1840970", "0x7fcbb1840970", "0x7fcbb185b798", "0x7fcbb1906558"], "memsize":1040, "flags":{"wb_protected":true, "old":true, "long_lived":true, "marked":true}}
{"address":"0x7fcbb185b860", "type":"NODE", "frozen":true, "node_type":"NODE_CREF", "references":["0x7fcbb1906558", "0x7fcbb2022558"], "memsize":40, "flags":{"wb_protected":true, "old":true, "long_lived":true, "marked":true}}
{"address":"0x7fcbb185b888", "type":"DATA", "class":"0x7fcbb10c0100", "struct":"iseq", "references":["0x7fcbb10e2f70", "0x7fcbb10e2f70", "0x7fcbb1840970", "0x7fcbb1840970", "0x7fcbb185b860", "0x7fcbb1906558"], "memsize":472, "flags":{"wb_protected":true, "old":true, "long_lived":true, "marked":true}}
{"address":"0x7fcbb185b978", "type":"NODE", "frozen":true, "node_type":"NODE_CREF", "references":["0x7fcbb1906558", "0x7fcbb2022558"], "memsize":40, "flags":{"wb_protected":true, "old":true, "long_lived":true, "marked":true}}
{"address":"0x7fcbb185ba40", "type":"STRING", "class":"0x7fcbb10e0ef0", "frozen":true, "embedded":true, "fstring":true, "bytesize":7, "value":"runtime", "encoding":"US-ASCII", "memsize":40, "flags":{"wb_protected":true, "old":true, "long_lived":true, "marked":true}}
{"address":"0x7fcbb185bae0", "type":"DATA", "class":"0x7fcbb10c0100", "struct":"iseq", "references":["0x7fcbb3000588", "0x7fcbb3000588", "0x7fcbb1840970", "0x7fcbb1840970", "0x7fcbb185b978", "0x7fcbb1906558"], "memsize":600, "flags":{"wb_protected":true, "old":true, "long_lived":true, "marked":true}}
{"address":"0x7fcbb185bb58", "type":"STRING", "class":"0x7fcbb10e0ef0", "frozen":true, "embedded":true, "fstring":true, "bytesize":22, "value":"add_runtime_dependency", "encoding":"US-ASCII", "memsize":40, "flags":{"wb_protected":true, "old":true, "long_lived":true, "marked":true}}
{"address":"0x7fcbb185bba8", "type":"NODE", "frozen":true, "node_type":"NODE_CREF", "references":["0x7fcbb1906558", "0x7fcbb2022558"], "memsize":40, "flags":{"wb_protected":true, "old":true, "long_lived":true, "marked":true}}
{"address":"0x7fcbb185bbd0", "type":"DATA", "class":"0x7fcbb10c0100", "struct":"iseq", "references":["0x7fcbb30008d0", "0x7fcbb30008d0", "0x7fcbb1840970", "0x7fcbb1840970", "0x7fcbb185bba8", "0x7fcbb1906558"], "memsize":712, "flags":{"wb_protected":true, "old":true, "long_lived":true, "marked":true}}
{"address":"0x7fcbb185bc48", "type":"NODE", "frozen":true, "node_type":"NODE_CREF", "references":["0x7fcbb1906558", "0x7fcbb2022558"], "memsize":40, "flags":{"wb_protected":true, "old":true, "long_lived":true, "marked":true}}
{"address":"0x7fcbb185bc70", "type":"DATA", "class":"0x7fcbb10c0100", "struct":"iseq", "references":["0x7fcbb3000b78", "0x7fcbb3000b78", "0x7fcbb1840970", "0x7fcbb1840970", "0x7fcbb185bc48", "0x7fcbb1906558"], "memsize":728, "flags":{"wb_protected":true, "old":true, "long_lived":true, "marked":true}}
{"address":"0x7fcbb185bd60", "type":"NODE", "frozen":true, "node_type":"NODE_CREF", "references":["0x7fcbb1906558", "0x7fcbb2022558"], "memsize":40, "flags":{"wb_protected":true, "old":true, "long_lived":true, "marked":true}}
{"address":"0x7fcbb185be28", "type":"STRING", "class":"0x7fcbb10e0ef0", "frozen":true, "embedded":true, "fstring":true, "bytesize":11, "value":"development", "encoding":"US-ASCII", "memsize":40, "flags":{"wb_protected":true, "old":true, "long_lived":true, "marked":true}}
{"address":"0x7fcbb185bec8", "type":"STRING", "class":"0x7fcbb10e0ef0", "frozen":true, "fstring":true, "bytesize":24, "value":"add_dependency_with_type", "encoding":"US-ASCII", "memsize":65, "flags":{"wb_protected":true, "old":true, "long_lived":true, "marked":true}}
{"address":"0x7fcbb185bef0", "type":"DATA", "class":"0x7fcbb10c0100", "struct":"iseq", "references":["0x7fcbb3000ec0", "0x7fcbb3000ec0", "0x7fcbb1840970", "0x7fcbb1840970", "0x7fcbb185bd60", "0x7fcbb1906558"], "memsize":600, "flags":{"wb_protected":true, "old":true, "long_lived":true, "marked":true}}
{"address":"0x7fcbb185bf68", "type":"STRING", "class":"0x7fcbb10e0ef0", "frozen":true, "fstring":true, "bytesize":26, "value":"add_development_dependency", "encoding":"US-ASCII", "memsize":67, "flags":{"wb_protected":true, "old":true, "long_lived":true, "marked":true}}
{"address":"0x7fcbb1860108", "type":"STRING", "class":"0x7fcbb10e0ef0", "frozen":true, "embedded":true, "fstring":true, "bytesize":3, "value":"all", "encoding":"US-ASCII", "memsize":40, "flags":{"wb_protected":true, "old":true, "long_lived":true, "marked":true}}
{"address":"0x7fcbb18606f8", "type":"STRING", "class":"0x7fcbb10e0ef0", "frozen":true, "embedded":true, "fstring":true, "bytesize":9, "value":"aix(\\d+)?", "encoding":"US-ASCII", "memsize":40, "flags":{"wb_protected":true, "old":true, "long_lived":true, "marked":true}}
{"address":"0x7fcbb18607c0", "type":"STRING", "class":"0x7fcbb10e0ef0", "frozen":true, "embedded":true, "fstring":true, "bytesize":9, "value":"add_specs", "encoding":"US-ASCII", "memsize":40, "flags":{"wb_protected":true, "old":true, "long_lived":true, "marked":true}}
{"address":"0x7fcbb1860b80", "type":"REGEXP", "class":"0x7fcbb10d0b40", "references":["0x7fcbb18606f8"], "memsize":635, "flags":{"wb_protected":true, "old":true, "long_lived":true, "marked":true}}
{"address":"0x7fcbb1861170", "type":"STRING", "class":"0x7fcbb10e0ef0", "frozen":true, "embedded":true, "fstring":true, "bytesize":8, "value":"add_spec", "encoding":"US-ASCII", "memsize":40, "flags":{"wb_protected":true, "old":true, "long_lived":true, "marked":true}}
{"address":"0x7fcbb1861c88", "type":"STRING", "class":"0x7fcbb10e0ef0", "frozen":true, "embedded":true, "fstring":true, "bytesize":1, "value":"a", "encoding":"US-ASCII", "memsize":40, "flags":{"wb_protected":true, "old":true, "long_lived":true, "marked":true}}
{"address":"0x7fcbb1862048", "type":"STRING", "class":"0x7fcbb10e0ef0", "frozen":true, "embedded":true, "fstring":true, "bytesize":8, "value":"_resort!", "encoding":"US-ASCII", "memsize":40, "flags":{"wb_protected":true, "old":true, "long_lived":true, "marked":true}}
{"address":"0x7fcbb18624d0", "type":"STRING", "class":"0x7fcbb10e0ef0", "frozen":true, "fstring":true, "bytesize":26, "value":"default_specifications_dir", "encoding":"US-ASCII", "memsize":67, "flags":{"wb_protected":true, "old":true, "long_lived":true, "marked":true}}
{"address":"0x7fcbb18625e8", "type":"STRING", "class":"0x7fcbb10e0ef0", "frozen":true, "embedded":true, "fstring":true, "bytesize":7, "value":"@@stubs", "encoding":"US-ASCII", "memsize":40, "flags":{"wb_protected":true, "old":true, "long_lived":true, "marked":true}}
{"address":"0x7fcbb1862a70", "type":"STRING", "class":"0x7fcbb10e0ef0", "frozen":true, "embedded":true, "fstring":true, "bytesize":15, "value":"yaml_initialize", "encoding":"US-ASCII", "memsize":40, "flags":{"wb_protected":true, "old":true, "long_lived":true, "marked":true}}
{"address":"0x7fcbb1862bd8", "type":"STRING", "class":"0x7fcbb10e0ef0", "frozen":true, "embedded":true, "fstring":true, "bytesize":9, "value":"each_spec", "encoding":"US-ASCII", "memsize":40, "flags":{"wb_protected":true, "old":true, "long_lived":true, "marked":true}}
{"address":"0x7fcbb1862e30", "type":"STRING", "class":"0x7fcbb10e0ef0", "frozen":true, "embedded":true, "fstring":true, "bytesize":6, "value":"valid?", "encoding":"US-ASCII", "memsize":40, "flags":{"wb_protected":true, "old":true, "long_lived":true, "marked":true}}
{"address":"0x7fcbb1862fc0", "type":"STRING", "class":"0x7fcbb10e0ef0", "frozen":true, "embedded":true, "fstring":true, "bytesize":17, "value":"StubSpecification", "encoding":"US-ASCII", "memsize":40, "flags":{"wb_protected":true, "old":true, "long_lived":true, "marked":true}}
{"address":"0x7fcbb1863038", "type":"STRING", "class":"0x7fcbb10e0ef0", "frozen":true, "embedded":true, "fstring":true, "bytesize":4, "value":"stub", "encoding":"US-ASCII", "memsize":40, "flags":{"wb_protected":true, "old":true, "long_lived":true, "marked":true}}
{"address":"0x7fcbb1863060", "type":"STRING", "class":"0x7fcbb10e0ef0", "frozen":true, "embedded":true, "fstring":true, "bytesize":9, "value":"init_with", "encoding":"US-ASCII", "memsize":40, "flags":{"wb_protected":true, "old":true, "long_lived":true, "marked":true}}
{"address":"0x7fcbb18631c8", "type":"STRING", "class":"0x7fcbb10e0ef0", "frozen":true, "embedded":true, "fstring":true, "bytesize":9, "value":"each_stub", "encoding":"US-ASCII", "memsize":40, "flags":{"wb_protected":true, "old":true, "long_lived":true, "marked":true}}
{"address":"0x7fcbb1863830", "type":"STRING", "class":"0x7fcbb10e0ef0", "frozen":true, "embedded":true, "fstring":true, "bytesize":12, "value":"each_gemspec", "encoding":"US-ASCII", "memsize":40, "flags":{"wb_protected":true, "old":true, "long_lived":true, "marked":true}}
{"address":"0x7fcbb1863a10", "type":"STRING", "class":"0x7fcbb10e0ef0", "frozen":true, "embedded":true, "fstring":true, "bytesize":17, "value":"_clear_load_cache", "encoding":"US-ASCII", "memsize":40, "flags":{"wb_protected":true, "old":true, "long_lived":true, "marked":true}}
{"address":"0x7fcbb1863bc8", "type":"STRING", "class":"0x7fcbb10e0ef0", "frozen":true, "embedded":true, "fstring":true, "bytesize":15, "value":"has_test_suite?", "encoding":"US-ASCII", "memsize":40, "flags":{"wb_protected":true, "old":true, "long_lived":true, "marked":true}}
{"address":"0x7fcbb1863df8", "type":"STRING", "class":"0x7fcbb10e0ef0", "frozen":true, "embedded":true, "fstring":true, "bytesize":10, "value":"activated=", "encoding":"US-ASCII", "memsize":40, "flags":{"wb_protected":true, "old":true, "long_lived":true, "marked":true}}
{"address":"0x7fcbb1868128", "type":"STRUCT", "class":"0x7fcbb1868ce0", "references":["0x7fcbb18682b8"], "memsize":40, "flags":{"wb_protected":true, "old":true, "long_lived":true, "marked":true}}
{"address":"0x7fcbb18681c8", "type":"NODE", "frozen":true, "node_type":"NODE_CREF", "references":["0x7fcbb1906558", "0x7fcbb2022558"], "memsize":40, "flags":{"wb_protected":true, "old":true, "long_lived":true, "marked":true}}
{"address":"0x7fcbb1868240", "type":"DATA", "class":"0x7fcbb10c0100", "struct":"iseq", "references":["0x7fcbb18686c8", "0x7fcbb1040a18", "0x7fcbb1040a18", "0x7fcbb1840970", "0x7fcbb1840970", "0x7fcbb18681c8", "0x7fcbb1906558"], "memsize":1968, "flags":{"wb_protected":true, "old":true, "long_lived":true, "marked":true}}
{"address":"0x7fcbb18682b8", "type":"STRING", "class":"0x7fcbb10e0ef0", "embedded":true, "bytesize":1, "value":"!", "encoding":"UTF-8", "memsize":40, "flags":{"wb_protected":true, "old":true, "long_lived":true, "marked":true}}
{"address":"0x7fcbb1868420", "type":"STRING", "class":"0x7fcbb10e0ef0", "frozen":true, "embedded":true, "fstring":true, "bytesize":3, "value":"end", "encoding":"UTF-8", "memsize":40, "flags":{"wb_protected":true, "old":true, "long_lived":true, "marked":true}}
{"address":"0x7fcbb1868560", "type":"STRING", "class":"0x7fcbb10e0ef0", "frozen":true, "fstring":true, "bytesize":29, "value":"Gem::Specification.new do |s|", "encoding":"UTF-8", "memsize":70, "flags":{"wb_protected":true, "old":true, "long_lived":true, "marked":true}}
{"address":"0x7fcbb1868600", "type":"ARRAY", "length":3, "embedded":true, "references":["0x7fcbb1868fb0", "0x7fcbb1868560", "0x7fcbb1868420"], "memsize":40, "flags":{"wb_protected":true, "old":true, "long_lived":true, "marked":true}}
{"address":"0x7fcbb1868650", "type":"STRING", "class":"0x7fcbb10e0ef0", "frozen":true, "embedded":true, "fstring":true, "bytesize":15, "value":"can't activate ", "encoding":"UTF-8", "memsize":40, "flags":{"wb_protected":true, "old":true, "long_lived":true, "marked":true}}
{"address":"0x7fcbb1868678", "type":"STRING", "class":"0x7fcbb10e0ef0", "frozen":true, "embedded":true, "fstring":true, "bytesize":5, "value":"trail", "encoding":"US-ASCII", "memsize":40, "flags":{"wb_protected":true, "old":true, "long_lived":true, "marked":true}}
{"address":"0x7fcbb18686a0", "type":"STRING", "class":"0x7fcbb10e0ef0", "frozen":true, "embedded":true, "fstring":true, "bytesize":20, "value":", already activated ", "encoding":"UTF-8", "memsize":40, "flags":{"wb_protected":true, "old":true, "long_lived":true, "marked":true}}
{"address":"0x7fcbb18686c8", "type":"ARRAY", "length":2, "embedded":true, "references":["0x7fcbb1868650", "0x7fcbb18686a0"], "memsize":40, "flags":{"wb_protected":true, "old":true, "long_lived":true, "marked":true}}
{"address":"0x7fcbb1868718", "type":"STRING", "class":"0x7fcbb10e0ef0", "frozen":true, "embedded":true, "fstring":true, "bytesize":9, "value":"from_spec", "encoding":"US-ASCII", "memsize":40, "flags":{"wb_protected":true, "old":true, "long_lived":true, "marked":true}}
{"address":"0x7fcbb1868768", "type":"STRING", "class":"0x7fcbb10e0ef0", "frozen":true, "embedded":true, "fstring":true, "bytesize":8, "value":"traverse", "encoding":"US-ASCII", "memsize":40, "flags":{"wb_protected":true, "old":true, "long_lived":true, "marked":true}}
{"address":"0x7fcbb1868830", "type":"STRING", "class":"0x7fcbb10e0ef0", "frozen":true, "embedded":true, "fstring":true, "bytesize":6, "value":"trails", "encoding":"US-ASCII", "memsize":40, "flags":{"wb_protected":true, "old":true, "long_lived":true, "marked":true}}
{"address":"0x7fcbb1868858", "type":"NODE", "frozen":true, "node_type":"NODE_CREF", "memsize":40, "flags":{"wb_protected":true, "old":true, "long_lived":true, "marked":true}}
{"address":"0x7fcbb18688a8", "type":"ARRAY", "length":2, "embedded":true, "references":["0x7fcbb1868c68", "0x7fcbb1868da8"], "memsize":40, "flags":{"wb_protected":true, "old":true, "long_lived":true, "marked":true}}
{"address":"0x7fcbb1868920", "type":"ARRAY", "length":6, "references":["0x7fcbb1868bf0", "0x7fcbb1868b78", "0x7fcbb1868b50", "0x7fcbb1842ef0", "0x7fcbb1842ef0", "0x7fcbb1052290"], "memsize":200, "flags":{"wb_protected":true, "old":true, "long_lived":true, "marked":true}}
{"address":"0x7fcbb1868970", "type":"DATA", "class":"0x7fcbb10c0100", "struct":"iseq", "references":["0x7fcbb1868c18", "0x7fcbb1868c18", "0x7fcbb18b7de0", "0x7fcbb18b7de0", "0x7fcbb1868858"], "memsize":392, "flags":{"wb_protected":true, "old":true, "long_lived":true, "marked":true}}
{"address":"0x7fcbb1868b50", "type":"STRING", "class":"0x7fcbb10e0ef0", "frozen":true, "embedded":true, "fstring":true, "bytesize":9, "value":"Time.utc(", "encoding":"UTF-8", "memsize":40, "flags":{"wb_protected":true, "old":true, "long_lived":true, "marked":true}}
{"address":"0x7fcbb1868b78", "type":"STRING", "class":"0x7fcbb10e0ef0", "frozen":true, "embedded":true, "fstring":true, "bytesize":3, "value":" = ", "encoding":"UTF-8", "memsize":40, "flags":{"wb_protected":true, "old":true, "long_lived":true, "marked":true}}
{"address":"0x7fcbb1868ba0", "type":"STRING", "class":"0x7fcbb10e0ef0", "frozen":true, "embedded":true, "fstring":true, "bytesize":23, "value":"find_in_unresolved_tree", "encoding":"US-ASCII", "memsize":40, "flags":{"wb_protected":true, "old":true, "long_lived":true, "marked":true}}
{"address":"0x7fcbb1868bf0", "type":"STRING", "class":"0x7fcbb10e0ef0", "frozen":true, "embedded":true, "fstring":true, "bytesize":2, "value":"s.", "encoding":"UTF-8", "memsize":40, "flags":{"wb_protected":true, "old":true, "long_lived":true, "marked":true}}
{"address":"0x7fcbb1868c18", "type":"STRING", "class":"0x7fcbb10e0ef0", "frozen":true, "embedded":true, "fstring":true, "bytesize":13, "value":"for_lockfile=", "encoding":"US-ASCII", "memsize":40, "flags":{"wb_protected":true, "old":true, "long_lived":true, "marked":true}}
{"address":"0x7fcbb1868c40", "type":"CLASS", "class":"0x7fcbb10e2430", "name":"Class", "references":["0x7fcbb1868c40", "0x7fcbb1868c40", "0x7fcbb1868c40", "0x7fcbb1868ce0", "0x7fcbb10d0d98"], "memsize":712, "flags":{"wb_protected":true, "old":true, "long_lived":true, "marked":true}}
{"address":"0x7fcbb1868c68", "type":"DATA", "class":"0x7fcbb10c0100", "struct":"iseq", "references":["0x7fcbb1868920", "0x7fcbb1868c90", "0x7fcbb1830638", "0x7fcbb1840970", "0x7fcbb1840970", "0x7fcbb1869280"], "memsize":3104, "flags":{"wb_protected":true, "old":true, "long_lived":true, "marked":true}}
{"address":"0x7fcbb1868c90", "type":"STRING", "class":"0x7fcbb10e0ef0", "frozen":true, "fstring":true, "bytesize":32, "value":"block (2 levels) in pretty_print", "memsize":73, "flags":{"wb_protected":true, "old":true, "long_lived":true, "marked":true}}
{"address":"0x7fcbb1868ce0", "type":"CLASS", "class":"0x7fcbb1868c40", "name":"#<Class:0x007fcbb1868ce0>", "references":["0x7fcbb1868ce0", "0x7fcbb1868ce0", "0x7fcbb1868970", "0x7fcbb1868ee8", "0x7fcbb102bc80", "0x7fcbb10d0dc0"], "memsize":712, "flags":{"wb_protected":true, "old":true, "long_lived":true, "marking":true, "marked":true}}
{"address":"0x7fcbb1868da8", "type":"ARRAY", "frozen":true, "length":2, "embedded":true, "memsize":40, "flags":{"wb_protected":true, "old":true, "long_lived":true, "marked":true}}
{"address":"0x7fcbb1868ee8", "type":"ARRAY", "frozen":true, "length":1, "embedded":true, "memsize":40, "flags":{"wb_protected":true, "old":true, "long_lived":true, "marked":true}}
{"address":"0x7fcbb1868f60", "type":"HASH", "class":"0x7fcbb10d1270", "size":7, "references":["0x7fcbb18b7480", "0x7fcbb18695a0", "0x7fcbb18b71d8", "0x7fcbb18694d8", "0x7fcbb186baa8", "0x7fcbb18692f8", "0x7fcbb18b6cb0", "0x7fcbb18692d0", "0x7fcbb188bab0", "0x7fcbb1869208", "0x7fcbb18b6788", "0x7fcbb18691e0", "0x7fcbb18988f0", "0x7fcbb1869190"], "memsize":552, "flags":{"wb_protected":true, "old":true, "long_lived":true, "marked":true}}
{"address":"0x7fcbb1868fb0", "type":"DATA", "class":"0x7fcbb10c0100", "struct":"iseq", "references":["0x7fcbb18688a8", "0x7fcbb18690c8", "0x7fcbb1830638", "0x7fcbb1840970", "0x7fcbb1840970", "0x7fcbb1869280"], "memsize":1560, "flags":{"wb_protected":true, "old":true, "long_lived":true, "marked":true}}
{"address":"0x7fcbb1869050", "type":"STRING", "class":"0x7fcbb10e0ef0", "frozen":true, "embedded":true, "fstring":true, "bytesize":8, "value":"to_specs", "encoding":"US-ASCII", "memsize":40, "flags":{"wb_protected":true, "old":true, "long_lived":true, "marked":true}}
{"address":"0x7fcbb18690c8", "type":"STRING", "class":"0x7fcbb10e0ef0", "frozen":true, "embedded":true, "fstring":true, "bytesize":21, "value":"block in pretty_print", "memsize":40, "flags":{"wb_protected":true, "old":true, "long_lived":true, "marked":true}}
{"address":"0x7fcbb1869190", "type":"DATA", "class":"0x7fcbb10c3d50", "struct":"proc", "references":["0x7fcbb18697d0", "0x7fcbb1869190", "0x7fcbb1869a78"], "memsize":104, "flags":{"long_lived":true, "marked":true}}
{"address":"0x7fcbb18691e0", "type":"DATA", "class":"0x7fcbb10c3d50", "struct":"proc", "references":["0x7fcbb18697d0", "0x7fcbb18691e0", "0x7fcbb1869a78"], "memsize":104, "flags":{"long_lived":true, "marked":true}}
{"address":"0x7fcbb1869208", "type":"DATA", "class":"0x7fcbb10c3d50", "struct":"proc", "references":["0x7fcbb18697d0", "0x7fcbb1869208", "0x7fcbb1869a78"], "memsize":104, "flags":{"long_lived":true, "marked":true}}
{"address":"0x7fcbb1869230", "type":"STRING", "class":"0x7fcbb10e0ef0", "frozen":true, "embedded":true, "fstring":true, "bytesize":18, "value":"find_in_unresolved", "encoding":"US-ASCII", "memsize":40, "flags":{"wb_protected":true, "old":true, "long_lived":true, "marked":true}}
{"address":"0x7fcbb1869280", "type":"NODE", "frozen":true, "node_type":"NODE_CREF", "references":["0x7fcbb1906558", "0x7fcbb2022558"], "memsize":40, "flags":{"wb_protected":true, "old":true, "long_lived":true, "marked":true}}
{"address":"0x7fcbb18692a8", "type":"DATA", "class":"0x7fcbb10c0100", "struct":"iseq", "references":["0x7fcbb1868600", "0x7fcbb1830638", "0x7fcbb1830638", "0x7fcbb1840970", "0x7fcbb1840970", "0x7fcbb1869280", "0x7fcbb1906558"], "memsize":632, "flags":{"wb_protected":true, "old":true, "long_lived":true, "marked":true}}
{"address":"0x7fcbb18692d0", "type":"DATA", "class":"0x7fcbb10c3d50", "struct":"proc", "references":["0x7fcbb18697d0", "0x7fcbb18692d0", "0x7fcbb1869a78"], "memsize":104, "flags":{"long_lived":true, "marked":true}}
{"address":"0x7fcbb18692f8", "type":"DATA", "class":"0x7fcbb10c3d50", "struct":"proc", "references":["0x7fcbb18697d0", "0x7fcbb18692f8", "0x7fcbb1869a78"], "memsize":104, "flags":{"long_lived":true, "marked":true}}
{"address":"0x7fcbb1869348", "type":"NODE", "frozen":true, "node_type":"NODE_CREF", "references":["0x7fcbb1906558", "0x7fcbb2022558"], "memsize":40, "flags":{"wb_protected":true, "old":true, "long_lived":true, "marked":true}}
{"address":"0x7fcbb1869460", "type":"DATA", "class":"0x7fcbb10c0100", "struct":"iseq", "references":["0x7fcbb1838810", "0x7fcbb1838810", "0x7fcbb1840970", "0x7fcbb1840970", "0x7fcbb1869348", "0x7fcbb1906558"], "memsize":680, "flags":{"wb_protected":true, "old":true, "long_lived":true, "marked":true}}
{"address":"0x7fcbb18694d8", "type":"DATA", "class":"0x7fcbb10c3d50", "struct":"proc", "references":["0x7fcbb18697d0", "0x7fcbb18694d8", "0x7fcbb1869a78"], "memsize":104, "flags":{"long_lived":true, "marked":true}}
{"address":"0x7fcbb18695a0", "type":"DATA", "class":"0x7fcbb10c3d50", "struct":"proc", "references":["0x7fcbb18697d0", "0x7fcbb18695a0", "0x7fcbb1869a78"], "memsize":104, "flags":{"long_lived":true, "marked":true}}
{"address":"0x7fcbb1869690", "type":"NODE", "frozen":true, "node_type":"NODE_CREF", "references":["0x7fcbb1906558", "0x7fcbb2022558"], "memsize":40, "flags":{"wb_protected":true, "old":true, "long_lived":true, "marked":true}}
{"address":"0x7fcbb18696e0", "type":"DATA", "class":"0x7fcbb10c0100", "struct":"iseq", "references":["0x7fcbb1858098", "0x7fcbb1858098", "0x7fcbb1840970", "0x7fcbb1840970", "0x7fcbb1869690", "0x7fcbb1906558"], "memsize":704, "flags":{"wb_protected":true, "old":true, "long_lived":true, "marked":true}}
{"address":"0x7fcbb18697a8", "type":"ARRAY", "length":3, "embedded":true, "references":["0x7fcbb1048b50", "0x7fcbb1048b50", "0x7fcbb1048b50"], "memsize":40, "flags":{"wb_protected":true, "old":true, "long_lived":true, "marked":true}}
{"address":"0x7fcbb18697d0", "type":"DATA", "class":"0x7fcbb10c2360", "struct":"VM/env", "references":["0x7fcbb18cfe40", "0x7fcbb18697d0", "0x7fcbb1869a78", "0x7fcbb18c64f8"], "memsize":128}
{"address":"0x7fcbb1869848", "type":"NODE", "frozen":true, "node_type":"NODE_CREF", "references":["0x7fcbb1906558", "0x7fcbb2022558"], "memsize":40, "flags":{"wb_protected":true, "old":true, "long_lived":true, "marked":true}}
{"address":"0x7fcbb1869870", "type":"DATA", "class":"0x7fcbb10c0100", "struct":"iseq", "references":["0x7fcbb18697a8", "0x7fcbb10c39e0", "0x7fcbb10c39e0", "0x7fcbb1840970", "0x7fcbb1840970", "0x7fcbb1869848", "0x7fcbb1906558"], "memsize":1424, "flags":{"wb_protected":true, "old":true, "long_lived":true, "marked":true}}
{"address":"0x7fcbb1869898", "type":"STRING", "class":"0x7fcbb10e0ef0", "frozen":true, "embedded":true, "bytesize":16, "value":"Gem::Requirement", "encoding":"US-ASCII", "memsize":40, "flags":{"wb_protected":true, "old":true, "long_lived":true, "marked":true}}
{"address":"0x7fcbb18698c0", "type":"CLASS", "class":"0x7fcbb18cf9e0", "name":"Class", "references":["0x7fcbb18698c0", "0x7fcbb18c5968", "0x7fcbb18698c0", "0x7fcbb18c5878", "0x7fcbb18698c0", "0x7fcbb18c5788", "0x7fcbb18698c0", "0x7fcbb18c56e8", "0x7fcbb1869a78", "0x7fcbb10e23e0"], "memsize":712, "flags":{"wb_protected":true, "old":true, "long_lived":true, "marked":true}}
{"address":"0x7fcbb1869910", "type":"NODE", "frozen":true, "node_type":"NODE_CREF", "references":["0x7fcbb1906558", "0x7fcbb2022558"], "memsize":40, "flags":{"wb_protected":true, "old":true, "long_lived":true, "marked":true}}
{"address":"0x7fcbb1869988", "type":"DATA", "class":"0x7fcbb10c0100", "struct":"iseq", "references":["0x7fcbb1831218", "0x7fcbb1831218", "0x7fcbb1840970", "0x7fcbb1840970", "0x7fcbb1869910", "0x7fcbb1906558"], "memsize":992, "flags":{"wb_protected":true, "old":true, "long_lived":true, "marked":true}}
{"address":"0x7fcbb1869a78", "type":"CLASS", "class":"0x7fcbb18698c0", "name":"Gem::Requirement", "references":["0x7fcbb1869a78", "0x7fcbb18cf990", "0x7fcbb1869a78", "0x7fcbb18c55d0", "0x7fcbb1869a78", "0x7fcbb18c53f0", "0x7fcbb1869a78", "0x7fcbb18c51e8", "0x7fcbb1869a78", "0x7fcbb18c4ea0", "0x7fcbb1869a78", "0x7fcbb18c4e00", "0x7fcbb1869a78", "0x7fcbb18c4d38", "0x7fcbb1869a78", "0x7fcbb18c4b08", "0x7fcbb1869a78", "0x7fcbb18c4a68", "0x7fcbb1869a78", "0x7fcbb18c49c8", "0x7fcbb1869a78", "0x7fcbb18c4928", "0x7fcbb1869a78", "0x7fcbb18c4720", "0x7fcbb1869a78", "0x7fcbb18c4680", "0x7fcbb1869a78", "0x7fcbb18c4590", "0x7fcbb1869a78", "0x7fcbb18c44a0", "0x7fcbb1869a78", "0x7fcbb18c4298", "0x7fcbb1869a78", "0x7fcbb18c40b8", "0x7fcbb1869a78", "0x7fcbb18c40b8", "0x7fcbb1869a78", "0x7fcbb18c40b8", "0x7fcbb1869a78", "0x7fcbb186b940", "0x7fcbb1869a78", "0x7fcbb186b3f0", "0x7fcbb1869a78", "0x7fcbb186b170", "0x7fcbb1869a78", "0x7fcbb186ae28", "0x7fcbb1869898", "0x7fcbb1868f60", "0x7fcbb18b7de0", "0x7fcbb1868128", "0x7fcbb18b7de0", "0x7fcbb18cfe18", "0x7fcbb18b7de0", "0x7fcbb18cfd28", "0x7fcbb18b7de0", "0x7fcbb18cfaa8", "0x7fcbb18b7de0", "0x7fcbb18cfa80", "0x7fcbb18b7de0", "0x7fcbb10e2c78"], "memsize":2184, "flags":{"wb_protected":true, "old":true, "long_lived":true, "marked":true}}
{"address":"0x7fcbb1869aa0", "type":"STRING", "class":"0x7fcbb10e0ef0", "frozen":true, "fstring":true, "bytesize":25, "value":"contains_requirable_file?", "encoding":"US-ASCII", "memsize":66, "flags":{"wb_protected":true, "old":true, "long_lived":true, "marked":true}}
{"address":"0x7fcbb1869b40", "type":"NODE", "frozen":true, "node_type":"NODE_CREF", "references":["0x7fcbb1906558", "0x7fcbb2022558"], "memsize":40, "flags":{"wb_protected":true, "old":true, "long_lived":true, "marked":true}}
{"address":"0x7fcbb1869be0", "type":"DATA", "class":"0x7fcbb10c0100", "struct":"iseq", "references":["0x7fcbb10ab318", "0x7fcbb10ab318", "0x7fcbb1840970", "0x7fcbb1840970", "0x7fcbb1869b40", "0x7fcbb1906558"], "memsize":2616, "flags":{"wb_protected":true, "old":true, "long_lived":true, "marked":true}}
{"address":"0x7fcbb1869c08", "type":"ARRAY", "length":1, "embedded":true, "references":["0x7fcbb182afd0"], "memsize":40, "flags":{"wb_protected":true, "old":true, "long_lived":true, "marked":true}}
{"address":"0x7fcbb1869ca8", "type":"NODE", "frozen":true, "node_type":"NODE_CREF", "references":["0x7fcbb1906558", "0x7fcbb2022558"], "memsize":40, "flags":{"wb_protected":true, "old":true, "long_lived":true, "marked":true}}
{"address":"0x7fcbb1869cd0", "type":"DATA", "class":"0x7fcbb10c0100", "struct":"iseq", "references":["0x7fcbb1869c08", "0x7fcbb1832ed8", "0x7fcbb1832ed8", "0x7fcbb1840970", "0x7fcbb1840970", "0x7fcbb1869ca8", "0x7fcbb1906558"], "memsize":1968, "flags":{"wb_protected":true, "old":true, "long_lived":true, "marked":true}}
{"address":"0x7fcbb1869d20", "type":"ARRAY", "length":3, "embedded":true, "references":["0x7fcbb1833798", "0x7fcbb1869f50", "0x7fcbb1869e10"], "memsize":40, "flags":{"wb_protected":true, "old":true, "long_lived":true, "marked":true}}
{"address":"0x7fcbb1869e10", "type":"STRING", "class":"0x7fcbb10e0ef0", "frozen":true, "embedded":true, "fstring":true, "bytesize":9, "value":" loading ", "encoding":"UTF-8", "memsize":40, "flags":{"wb_protected":true, "old":true, "long_lived":true, "marked":true}}
{"address":"0x7fcbb1869f50", "type":"STRING", "class":"0x7fcbb10e0ef0", "frozen":true, "embedded":true, "fstring":true, "bytesize":9, "value":"ignoring ", "encoding":"UTF-8", "memsize":40, "flags":{"wb_protected":true, "old":true, "long_lived":true, "marked":true}}
{"address":"0x7fcbb186a018", "type":"NODE", "frozen":true, "node_type":"NODE_CREF", "references":["0x7fcbb1906558", "0x7fcbb2022558"], "memsize":40, "flags":{"wb_protected":true, "old":true, "long_lived":true, "marked":true}}
{"address":"0x7fcbb186a130", "type":"DATA", "class":"0x7fcbb10c0100", "struct":"iseq", "references":["0x7fcbb1869d20", "0x7fcbb10e35d8", "0x7fcbb10e35d8", "0x7fcbb1840970", "0x7fcbb1840970", "0x7fcbb186a018", "0x7fcbb1906558"], "memsize":1608, "flags":{"wb_protected":true, "old":true, "long_lived":true, "marked":true}}
{"address":"0x7fcbb186a1a8", "type":"ARRAY", "length":1, "embedded":true, "references":["0x7fcbb186a298"], "memsize":40, "flags":{"wb_protected":true, "old":true, "long_lived":true, "marked":true}}
{"address":"0x7fcbb186a298", "type":"DATA", "class":"0x7fcbb10c0100", "struct":"iseq", "references":["0x7fcbb186a388", "0x7fcbb108ba68", "0x7fcbb1840970", "0x7fcbb1840970", "0x7fcbb186a590"], "memsize":592, "flags":{"wb_protected":true, "old":true, "long_lived":true, "marked":true}}
{"address":"0x7fcbb186a388", "type":"STRING", "class":"0x7fcbb10e0ef0", "frozen":true, "fstring":true, "bytesize":25, "value":"block in matches_for_glob", "memsize":66, "flags":{"wb_protected":true, "old":true, "long_lived":true, "marked":true}}
{"address":"0x7fcbb186a4f0", "type":"ARRAY", "length":1, "embedded":true, "references":["0x7fcbb186a9f0"], "memsize":40, "flags":{"wb_protected":true, "old":true, "long_lived":true, "marked":true}}
{"address":"0x7fcbb186a518", "type":"ARRAY", "length":1, "embedded":true, "references":["0x7fcbb18b7480"], "memsize":40, "flags":{"wb_protected":true, "old":true, "long_lived":true, "marked":true}}
{"address":"0x7fcbb186a590", "type":"NODE", "frozen":true, "node_type":"NODE_CREF", "references":["0x7fcbb1906558", "0x7fcbb2022558"], "memsize":40, "flags":{"wb_protected":true, "old":true, "long_lived":true, "marked":true}}
{"address":"0x7fcbb186a6a8", "type":"DATA", "class":"0x7fcbb10c0100", "struct":"iseq", "references":["0x7fcbb186a1a8", "0x7fcbb108ba68", "0x7fcbb108ba68", "0x7fcbb1840970", "0x7fcbb1840970", "0x7fcbb186a590", "0x7fcbb1906558"], "memsize":1152, "flags":{"wb_protected":true, "old":true, "long_lived":true, "marked":true}}
{"address":"0x7fcbb186a6f8", "type":"STRING", "class":"0x7fcbb10e0ef0", "frozen":true, "embedded":true, "fstring":true, "bytesize":16, "value":"find_all_by_name", "encoding":"US-ASCII", "memsize":40, "flags":{"wb_protected":true, "old":true, "long_lived":true, "marked":true}}
{"address":"0x7fcbb186a770", "type":"NODE", "frozen":true, "node_type":"NODE_CREF", "references":["0x7fcbb1906558", "0x7fcbb2022558"], "memsize":40, "flags":{"wb_protected":true, "old":true, "long_lived":true, "marked":true}}
{"address":"0x7fcbb186a798", "type":"DATA", "class":"0x7fcbb10c0100", "struct":"iseq", "references":["0x7fcbb1898e68", "0x7fcbb1898e68", "0x7fcbb1840970", "0x7fcbb1840970", "0x7fcbb186a770", "0x7fcbb1906558"], "memsize":536, "flags":{"wb_protected":true, "old":true, "long_lived":true, "marked":true}}
{"address":"0x7fcbb186a8d8", "type":"NODE", "frozen":true, "node_type":"NODE_CREF", "references":["0x7fcbb1906558", "0x7fcbb2022558"], "memsize":40, "flags":{"wb_protected":true, "old":true, "long_lived":true, "marked":true}}
{"address":"0x7fcbb186a9c8", "type":"DATA", "class":"0x7fcbb10c0100", "struct":"iseq", "references":["0x7fcbb1870ad0", "0x7fcbb1870ad0", "0x7fcbb1840970", "0x7fcbb1840970", "0x7fcbb186a8d8", "0x7fcbb1906558"], "memsize":1080, "flags":{"wb_protected":true, "old":true, "long_lived":true, "marked":true}}
{"address":"0x7fcbb186a9f0", "type":"DATA", "class":"0x7fcbb10c0100", "struct":"iseq", "references":["0x7fcbb186a518", "0x7fcbb186aa40", "0x7fcbb18bdd30", "0x7fcbb18b7de0", "0x7fcbb18b7de0", "0x7fcbb186ad88"], "memsize":1104, "flags":{"wb_protected":true, "old":true, "long_lived":true, "marked":true}}
{"address":"0x7fcbb186aa40", "type":"STRING", "class":"0x7fcbb10e0ef0", "frozen":true, "fstring":true, "bytesize":45, "value":"block in fix_syck_default_key_in_requirements", "memsize":86, "flags":{"wb_protected":true, "old":true, "long_lived":true, "marked":true}}
{"address":"0x7fcbb186aa68", "type":"STRING", "class":"0x7fcbb10e0ef0", "frozen":true, "embedded":true, "fstring":true, "bytesize":1, "value":"x", "encoding":"US-ASCII", "memsize":40, "flags":{"wb_protected":true, "old":true, "long_lived":true, "marked":true}}
{"address":"0x7fcbb186ab08", "type":"NODE", "frozen":true, "node_type":"NODE_CREF", "references":["0x7fcbb1906558", "0x7fcbb2022558"], "memsize":40, "flags":{"wb_protected":true, "old":true, "long_lived":true, "marked":true}}
{"address":"0x7fcbb186ab80", "type":"DATA", "class":"0x7fcbb10c0100", "struct":"iseq", "references":["0x7fcbb184a1c8", "0x7fcbb184a1c8", "0x7fcbb1840970", "0x7fcbb1840970", "0x7fcbb186ab08", "0x7fcbb1906558"], "memsize":592, "flags":{"wb_protected":true, "old":true, "long_lived":true, "marked":true}}
{"address":"0x7fcbb186ace8", "type":"NODE", "frozen":true, "node_type":"NODE_CREF", "references":["0x7fcbb1906558", "0x7fcbb2022558"], "memsize":40, "flags":{"wb_protected":true, "old":true, "long_lived":true, "marked":true}}
{"address":"0x7fcbb186ad10", "type":"DATA", "class":"0x7fcbb10c0100", "struct":"iseq", "references":["0x7fcbb1841e88", "0x7fcbb1841e88", "0x7fcbb1840970", "0x7fcbb1840970", "0x7fcbb186ace8", "0x7fcbb1906558"], "memsize":648, "flags":{"wb_protected":true, "old":true, "long_lived":true, "marked":true}}
{"address":"0x7fcbb186ad60", "type":"ARRAY", "length":1, "embedded":true, "references":["0x7fcbb186b418"], "memsize":40, "flags":{"wb_protected":true, "old":true, "long_lived":true, "marked":true}}
{"address":"0x7fcbb186ad88", "type":"NODE", "frozen":true, "node_type":"NODE_CREF", "references":["0x7fcbb1869a78", "0x7fcbb18c65c0"], "memsize":40, "flags":{"wb_protected":true, "old":true, "long_lived":true, "marked":true}}
{"address":"0x7fcbb186ae28", "type":"DATA", "class":"0x7fcbb10c0100", "struct":"iseq", "references":["0x7fcbb186a4f0", "0x7fcbb18bdd30", "0x7fcbb18bdd30", "0x7fcbb18b7de0", "0x7fcbb18b7de0", "0x7fcbb186ad88", "0x7fcbb1869a78"], "memsize":824, "flags":{"wb_protected":true, "old":true, "long_lived":true, "marked":true}}
{"address":"0x7fcbb186aec8", "type":"ARRAY", "length":1, "embedded":true, "references":["0x7fcbb186b328"], "memsize":40, "flags":{"wb_protected":true, "old":true, "long_lived":true, "marked":true}}
{"address":"0x7fcbb186b080", "type":"NODE", "frozen":true, "node_type":"NODE_CREF", "references":["0x7fcbb1869a78", "0x7fcbb18c65c0"], "memsize":40, "flags":{"wb_protected":true, "old":true, "long_lived":true, "marked":true}}
{"address":"0x7fcbb186b0a8", "type":"DATA", "class":"0x7fcbb10c0100", "struct":"iseq", "references":["0x7fcbb1040130", "0x7fcbb1040130", "0x7fcbb1840970", "0x7fcbb1840970", "0x7fcbb186b698", "0x7fcbb1906558"], "memsize":1136, "flags":{"wb_protected":true, "old":true, "long_lived":true, "marked":true}}
{"address":"0x7fcbb186b170", "type":"DATA", "class":"0x7fcbb10c0100", "struct":"iseq", "references":["0x7fcbb10e3880", "0x7fcbb10e3880", "0x7fcbb18b7de0", "0x7fcbb18b7de0", "0x7fcbb186b080", "0x7fcbb1869a78"], "memsize":1048, "flags":{"wb_protected":true, "old":true, "long_lived":true, "marked":true}}
{"address":"0x7fcbb186b260", "type":"ARRAY", "length":1, "embedded":true, "references":["0x7fcbb1842ef0"], "memsize":40, "flags":{"wb_protected":true, "old":true, "long_lived":true, "marked":true}}
{"address":"0x7fcbb186b328", "type":"DATA", "class":"0x7fcbb10c0100", "struct":"iseq", "references":["0x7fcbb186b350", "0x7fcbb1842b08", "0x7fcbb1840970", "0x7fcbb1840970", "0x7fcbb186b788"], "memsize":632, "flags":{"wb_protected":true, "old":true, "long_lived":true, "marked":true}}
{"address":"0x7fcbb186b350", "type":"STRING", "class":"0x7fcbb10e0ef0", "frozen":true, "fstring":true, "bytesize":29, "value":"block (2 levels) in lib_files", "memsize":70, "flags":{"wb_protected":true, "old":true, "long_lived":true, "marked":true}}
{"address":"0x7fcbb186b3c8", "type":"NODE", "frozen":true, "node_type":"NODE_CREF", "references":["0x7fcbb1869a78", "0x7fcbb18c65c0"], "memsize":40, "flags":{"wb_protected":true, "old":true, "long_lived":true, "marked":true}}
{"address":"0x7fcbb186b3f0", "type":"DATA", "class":"0x7fcbb10c0100", "struct":"iseq", "references":["0x7fcbb186b260", "0x7fcbb10e3150", "0x7fcbb10e3150", "0x7fcbb18b7de0", "0x7fcbb18b7de0", "0x7fcbb186b3c8", "0x7fcbb1869a78"], "memsize":664, "flags":{"wb_protected":true, "old":true, "long_lived":true, "marked":true}}
{"address":"0x7fcbb186b418", "type":"DATA", "class":"0x7fcbb10c0100", "struct":"iseq", "references":["0x7fcbb186aec8", "0x7fcbb186b440", "0x7fcbb1842b08", "0x7fcbb1840970", "0x7fcbb1840970", "0x7fcbb186b788"], "memsize":760, "flags":{"wb_protected":true, "old":true, "long_lived":true, "marked":true}}
{"address":"0x7fcbb186b440", "type":"STRING", "class":"0x7fcbb10e0ef0", "frozen":true, "embedded":true, "fstring":true, "bytesize":18, "value":"block in lib_files", "memsize":40, "flags":{"wb_protected":true, "old":true, "long_lived":true, "marked":true}}
{"address":"0x7fcbb186b490", "type":"ARRAY", "length":2, "embedded":true, "references":["0x7fcbb186baa8", "0x7fcbb188bab0"], "memsize":40, "flags":{"wb_protected":true, "old":true, "long_lived":true, "marked":true}}
{"address":"0x7fcbb186b670", "type":"NODE", "frozen":true, "node_type":"NODE_CREF", "references":["0x7fcbb1869a78", "0x7fcbb18c65c0"], "memsize":40, "flags":{"wb_protected":true, "old":true, "long_lived":true, "marked":true}}
{"address":"0x7fcbb186b698", "type":"NODE", "frozen":true, "node_type":"NODE_CREF", "references":["0x7fcbb1906558", "0x7fcbb2022558"], "memsize":40, "flags":{"wb_protected":true, "old":true, "long_lived":true, "marked":true}}
{"address":"0x7fcbb186b788", "type":"NODE", "frozen":true, "node_type":"NODE_CREF", "references":["0x7fcbb1906558", "0x7fcbb2022558"], "memsize":40, "flags":{"wb_protected":true, "old":true, "long_lived":true, "marked":true}}
{"address":"0x7fcbb186b7d8", "type":"DATA", "class":"0x7fcbb10c0100", "struct":"iseq", "references":["0x7fcbb186ad60", "0x7fcbb1842b08", "0x7fcbb1842b08", "0x7fcbb1840970", "0x7fcbb1840970", "0x7fcbb186b788", "0x7fcbb1906558"], "memsize":600, "flags":{"wb_protected":true, "old":true, "long_lived":true, "marked":true}}
{"address":"0x7fcbb186b8a0", "type":"STRING", "class":"0x7fcbb10e0ef0", "frozen":true, "embedded":true, "fstring":true, "bytesize":6, "value":"@@dirs", "encoding":"US-ASCII", "memsize":40, "flags":{"wb_protected":true, "old":true, "long_lived":true, "marked":true}}
{"address":"0x7fcbb186b8f0", "type":"ARRAY", "length":4, "references":["0x7fcbb1049ed8", "0x7fcbb1049eb0", "0x7fcbb1049e88", "0x7fcbb1050530"], "memsize":200, "flags":{"wb_protected":true, "old":true, "long_lived":true, "marked":true}}
{"address":"0x7fcbb186b940", "type":"DATA", "class":"0x7fcbb10c0100", "struct":"iseq", "references":["0x7fcbb186b490", "0x7fcbb18703c8", "0x7fcbb18703c8", "0x7fcbb18b7de0", "0x7fcbb18b7de0", "0x7fcbb186b670", "0x7fcbb1869a78"], "memsize":1352, "flags":{"wb_protected":true, "old":true, "long_lived":true, "marked":true}}
{"address":"0x7fcbb186b990", "type":"NODE", "frozen":true, "node_type":"NODE_CREF", "references":["0x7fcbb1906558", "0x7fcbb2022558"], "memsize":40, "flags":{"wb_protected":true, "old":true, "long_lived":true, "marked":true}}
{"address":"0x7fcbb186b9b8", "type":"DATA", "class":"0x7fcbb10c0100", "struct":"iseq", "references":["0x7fcbb186b8f0", "0x7fcbb1843648", "0x7fcbb1843648", "0x7fcbb1840970", "0x7fcbb1840970", "0x7fcbb186b990", "0x7fcbb1906558"], "memsize":1680, "flags":{"wb_protected":true, "old":true, "long_lived":true, "marked":true}}
{"address":"0x7fcbb186ba08", "type":"ARRAY", "length":4, "references":["0x7fcbb186bbc0", "0x7fcbb186bb98", "0x7fcbb186bb20", "0x7fcbb186baa8"], "memsize":200, "flags":{"wb_protected":true, "old":true, "long_lived":true, "marked":true}}
{"address":"0x7fcbb186baa8", "type":"STRING", "class":"0x7fcbb10e0ef0", "frozen":true, "embedded":true, "fstring":true, "bytesize":1, "value":">", "encoding":"UTF-8", "memsize":40, "flags":{"wb_protected":true, "old":true, "long_lived":true, "marked":true}}
{"address":"0x7fcbb186bb20", "type":"STRING", "class":"0x7fcbb10e0ef0", "frozen":true, "embedded":true, "fstring":true, "bytesize":1, "value":" ", "encoding":"UTF-8", "memsize":40, "flags":{"wb_protected":true, "old":true, "long_lived":true, "marked":true}}
{"address":"0x7fcbb186bb48", "type":"STRING", "class":"0x7fcbb10e0ef0", "frozen":true, "embedded":true, "fstring":true, "bytesize":15, "value":"attribute_names", "encoding":"US-ASCII", "memsize":40, "flags":{"wb_protected":true, "old":true, "long_lived":true, "marked":true}}
{"address":"0x7fcbb186bb98", "type":"STRING", "class":"0x7fcbb10e0ef0", "frozen":true, "embedded":true, "fstring":true, "bytesize":3, "value":":0x", "encoding":"UTF-8", "memsize":40, "flags":{"wb_protected":true, "old":true, "long_lived":true, "marked":true}}
{"address":"0x7fcbb186bbc0", "type":"STRING", "class":"0x7fcbb10e0ef0", "frozen":true, "embedded":true, "fstring":true, "bytesize":2, "value":"#<", "encoding":"UTF-8", "memsize":40, "flags":{"wb_protected":true, "old":true, "long_lived":true, "marked":true}}
{"address":"0x7fcbb186bbe8", "type":"ARRAY", "length":2, "embedded":true, "references":["0x7fcbb186bee0", "0x7fcbb18c4018"], "memsize":40, "flags":{"wb_protected":true, "old":true, "long_lived":true, "marked":true}}
{"address":"0x7fcbb186bc10", "type":"ARRAY", "length":1, "embedded":true, "references":["0x7fcbb18b7480"], "memsize":40, "flags":{"wb_protected":true, "old":true, "long_lived":true, "marked":true}}
{"address":"0x7fcbb186bc38", "type":"NODE", "frozen":true, "node_type":"NODE_CREF", "references":["0x7fcbb1906558", "0x7fcbb2022558"], "memsize":40, "flags":{"wb_protected":true, "old":true, "long_lived":true, "marked":true}}
{"address":"0x7fcbb186bc60", "type":"DATA", "class":"0x7fcbb10c0100", "struct":"iseq", "references":["0x7fcbb186ba08", "0x7fcbb10e3678", "0x7fcbb10e3678", "0x7fcbb1840970", "0x7fcbb1840970", "0x7fcbb186bc38", "0x7fcbb1906558"], "memsize":1264, "flags":{"wb_protected":true, "old":true, "long_lived":true, "marked":true}}
{"address":"0x7fcbb186bdc8", "type":"NODE", "frozen":true, "node_type":"NODE_CREF", "references":["0x7fcbb1906558", "0x7fcbb2022558"], "memsize":40, "flags":{"wb_protected":true, "old":true, "long_lived":true, "marked":true}}
{"address":"0x7fcbb186bdf0", "type":"STRING", "class":"0x7fcbb10e0ef0", "frozen":true, "embedded":true, "fstring":true, "bytesize":16, "value":"array_attributes", "encoding":"US-ASCII", "memsize":40, "flags":{"wb_protected":true, "old":true, "long_lived":true, "marked":true}}
{"address":"0x7fcbb186be40", "type":"DATA", "class":"0x7fcbb10c0100", "struct":"iseq", "references":["0x7fcbb1851d10", "0x7fcbb1851d10", "0x7fcbb1840970", "0x7fcbb1840970", "0x7fcbb186bdc8", "0x7fcbb1906558"], "memsize":528, "flags":{"wb_protected":true, "old":true, "long_lived":true, "marked":true}}
{"address":"0x7fcbb186be90", "type":"ARRAY", "length":1, "embedded":true, "references":["0x7fcbb18296f8"], "memsize":40, "flags":{"wb_protected":true, "old":true, "long_lived":true, "marked":true}}
{"address":"0x7fcbb186bee0", "type":"DATA", "class":"0x7fcbb10c0100", "struct":"iseq", "references":["0x7fcbb186bc10", "0x7fcbb186bf08", "0x7fcbb2019070", "0x7fcbb18b7de0", "0x7fcbb18b7de0", "0x7fcbb18c4090"], "memsize":1056, "flags":{"wb_protected":true, "old":true, "long_lived":true, "marked":true}}
{"address":"0x7fcbb186bf08", "type":"STRING", "class":"0x7fcbb10e0ef0", "frozen":true, "embedded":true, "fstring":true, "bytesize":22, "value":"block in satisfied_by?", "memsize":40, "flags":{"wb_protected":true, "old":true, "long_lived":true, "marked":true}}
{"address":"0x7fcbb18703c8", "type":"STRING", "class":"0x7fcbb10e0ef0", "frozen":true, "embedded":true, "fstring":true, "bytesize":9, "value":"specific?", "encoding":"US-ASCII", "memsize":40, "flags":{"wb_protected":true, "old":true, "long_lived":true, "marked":true}}
{"address":"0x7fcbb1870698", "type":"STRING", "class":"0x7fcbb10e0ef0", "frozen":true, "embedded":true, "fstring":true, "bytesize":15, "value":"has_unit_tests?", "encoding":"US-ASCII", "memsize":40, "flags":{"wb_protected":true, "old":true, "long_lived":true, "marked":true}}
{"address":"0x7fcbb1870ad0", "type":"STRING", "class":"0x7fcbb10e0ef0", "frozen":true, "embedded":true, "fstring":true, "bytesize":12, "value":"loaded_from=", "encoding":"US-ASCII", "memsize":40, "flags":{"wb_protected":true, "old":true, "long_lived":true, "marked":true}}
{"address":"0x7fcbb1870af8", "type":"STRING", "class":"0x7fcbb10e0ef0", "frozen":true, "embedded":true, "fstring":true, "bytesize":11, "value":"loaded_from", "encoding":"US-ASCII", "memsize":40, "flags":{"wb_protected":true, "old":true, "long_lived":true, "marked":true}}
{"address":"0x7fcbb1870df0", "type":"STRING", "class":"0x7fcbb10e0ef0", "frozen":true, "embedded":true, "fstring":true, "bytesize":9, "value":"has_rdoc?", "encoding":"US-ASCII", "memsize":40, "flags":{"wb_protected":true, "old":true, "long_lived":true, "marked":true}}
{"address":"0x7fcbb18712f0", "type":"STRING", "class":"0x7fcbb10e0ef0", "frozen":true, "embedded":true, "fstring":true, "bytesize":4, "value":"code", "encoding":"US-ASCII", "memsize":40, "flags":{"wb_protected":true, "old":true, "long_lived":true, "marked":true}}
{"address":"0x7fcbb1871570", "type":"STRING", "class":"0x7fcbb10e0ef0", "frozen":true, "embedded":true, "fstring":true, "bytesize":5, "value":"_spec", "encoding":"US-ASCII", "memsize":40, "flags":{"wb_protected":true, "old":true, "long_lived":true, "marked":true}}
{"address":"0x7fcbb1871598", "type":"STRING", "class":"0x7fcbb10e0ef0", "frozen":true, "embedded":true, "fstring":true, "bytesize":7, "value":"ignored", "encoding":"US-ASCII", "memsize":40, "flags":{"wb_protected":true, "old":true, "long_lived":true, "marked":true}}
{"address":"0x7fcbb1871610", "type":"STRING", "class":"0x7fcbb10e0ef0", "frozen":true, "embedded":true, "fstring":true, "bytesize":9, "value":"has_rdoc=", "encoding":"US-ASCII", "memsize":40, "flags":{"wb_protected":true, "old":true, "long_lived":true, "marked":true}}
{"address":"0x7fcbb1871bd8", "type":"STRING", "class":"0x7fcbb10e0ef0", "frozen":true, "embedded":true, "fstring":true, "bytesize":3, "value":"tup", "encoding":"US-ASCII", "memsize":40, "flags":{"wb_protected":true, "old":true, "long_lived":true, "marked":true}}
{"address":"0x7fcbb1871f20", "type":"STRING", "class":"0x7fcbb10e0ef0", "frozen":true, "embedded":true, "fstring":true, "bytesize":7, "value":"minimum", "encoding":"US-ASCII", "memsize":40, "flags":{"wb_protected":true, "old":true, "long_lived":true, "marked":true}}
{"address":"0x7fcbb1871f98", "type":"STRING", "class":"0x7fcbb10e0ef0", "frozen":true, "embedded":true, "fstring":true, "bytesize":8, "value":"has_rdoc", "encoding":"US-ASCII", "memsize":40, "flags":{"wb_protected":true, "old":true, "long_lived":true, "marked":true}}
{"address":"0x7fcbb18727e0", "type":"STRING", "class":"0x7fcbb10e0ef0", "frozen":true, "embedded":true, "fstring":true, "bytesize":11, "value":"prerelease?", "encoding":"US-ASCII", "memsize":40, "flags":{"wb_protected":true, "old":true, "long_lived":true, "marked":true}}
{"address":"0x7fcbb1872a60", "type":"STRING", "class":"0x7fcbb10e0ef0", "frozen":true, "embedded":true, "fstring":true, "bytesize":6, "value":"native", "encoding":"US-ASCII", "memsize":40, "flags":{"wb_protected":true, "old":true, "long_lived":true, "marked":true}}
{"address":"0x7fcbb1872c68", "type":"STRING", "class":"0x7fcbb10e0ef0", "frozen":true, "embedded":true, "fstring":true, "bytesize":1, "value":"h", "encoding":"US-ASCII", "memsize":40, "flags":{"wb_protected":true, "old":true, "long_lived":true, "marked":true}}
{"address":"0x7fcbb1872dd0", "type":"STRING", "class":"0x7fcbb10e0ef0", "frozen":true, "embedded":true, "fstring":true, "bytesize":10, "value":"prerelease", "encoding":"US-ASCII", "memsize":40, "flags":{"wb_protected":true, "old":true, "long_lived":true, "marked":true}}
{"address":"0x7fcbb18730a0", "type":"STRING", "class":"0x7fcbb10e0ef0", "frozen":true, "fstring":true, "bytesize":31, "value":"reset_nil_attributes_to_default", "encoding":"US-ASCII", "memsize":72, "flags":{"wb_protected":true, "old":true, "long_lived":true, "marked":true}}
{"address":"0x7fcbb1873168", "type":"STRING", "class":"0x7fcbb10e0ef0", "frozen":true, "embedded":true, "fstring":true, "bytesize":22, "value":"specification_version=", "encoding":"US-ASCII", "memsize":40, "flags":{"wb_protected":true, "old":true, "long_lived":true, "marked":true}}
{"address":"0x7fcbb1873618", "type":"STRING", "class":"0x7fcbb10e0ef0", "frozen":true, "embedded":true, "fstring":true, "bytesize":18, "value":"EndOfYAMLException", "encoding":"US-ASCII", "memsize":40, "flags":{"wb_protected":true, "old":true, "long_lived":true, "marked":true}}
{"address":"0x7fcbb1873690", "type":"STRING", "class":"0x7fcbb10e0ef0", "frozen":true, "embedded":true, "fstring":true, "bytesize":13, "value":"extension_dir", "encoding":"US-ASCII", "memsize":40, "flags":{"wb_protected":true, "old":true, "long_lived":true, "marked":true}}
{"address":"0x7fcbb1873a00", "type":"STRING", "class":"0x7fcbb10e0ef0", "frozen":true, "embedded":true, "fstring":true, "bytesize":20, "value":"normalize_yaml_input", "encoding":"US-ASCII", "memsize":40, "flags":{"wb_protected":true, "old":true, "long_lived":true, "marked":true}}
{"address":"0x7fcbb1873a50", "type":"STRING", "class":"0x7fcbb10e0ef0", "frozen":true, "embedded":true, "fstring":true, "bytesize":2, "value":"rv", "encoding":"US-ASCII", "memsize":40, "flags":{"wb_protected":true, "old":true, "long_lived":true, "marked":true}}
{"address":"0x7fcbb1873b68", "type":"STRING", "class":"0x7fcbb10e0ef0", "frozen":true, "embedded":true, "fstring":true, "bytesize":5, "value":"input", "encoding":"US-ASCII", "memsize":40, "flags":{"wb_protected":true, "old":true, "long_lived":true, "marked":true}}
{"address":"0x7fcbb1873b90", "type":"STRING", "class":"0x7fcbb10e0ef0", "frozen":true, "embedded":true, "fstring":true, "bytesize":9, "value":"from_yaml", "encoding":"US-ASCII", "memsize":40, "flags":{"wb_protected":true, "old":true, "long_lived":true, "marked":true}}
{"address":"0x7fcbb1873e10", "type":"STRING", "class":"0x7fcbb10e0ef0", "frozen":true, "embedded":true, "fstring":true, "bytesize":10, "value":"@full_name", "encoding":"US-ASCII", "memsize":40, "flags":{"wb_protected":true, "old":true, "long_lived":true, "marked":true}}
{"address":"0x7fcbb1878078", "type":"STRING", "class":"0x7fcbb10e0ef0", "frozen":true, "embedded":true, "fstring":true, "bytesize":3, "value":"str", "encoding":"US-ASCII", "memsize":40, "flags":{"wb_protected":true, "old":true, "long_lived":true, "marked":true}}
{"address":"0x7fcbb1878550", "type":"STRING", "class":"0x7fcbb10e0ef0", "frozen":true, "embedded":true, "fstring":true, "bytesize":16, "value":"@unresolved_deps", "encoding":"US-ASCII", "memsize":40, "flags":{"wb_protected":true, "old":true, "long_lived":true, "marked":true}}
{"address":"0x7fcbb1879338", "type":"STRING", "class":"0x7fcbb10e0ef0", "frozen":true, "embedded":true, "fstring":true, "bytesize":1, "value":"w", "encoding":"US-ASCII", "memsize":40, "flags":{"wb_protected":true, "old":true, "long_lived":true, "marked":true}}
{"address":"0x7fcbb1879478", "type":"STRING", "class":"0x7fcbb10e0ef0", "frozen":true, "embedded":true, "fstring":true, "bytesize":10, "value":"unresolved", "encoding":"US-ASCII", "memsize":40, "flags":{"wb_protected":true, "old":true, "long_lived":true, "marked":true}}
{"address":"0x7fcbb1879b58", "type":"STRING", "class":"0x7fcbb10e0ef0", "frozen":true, "embedded":true, "fstring":true, "bytesize":19, "value":"required_attributes", "encoding":"US-ASCII", "memsize":40, "flags":{"wb_protected":true, "old":true, "long_lived":true, "marked":true}}
{"address":"0x7fcbb1879e50", "type":"STRING", "class":"0x7fcbb10e0ef0", "frozen":true, "embedded":true, "fstring":true, "bytesize":19, "value":"required_attribute?", "encoding":"US-ASCII", "memsize":40, "flags":{"wb_protected":true, "old":true, "long_lived":true, "marked":true}}
{"address":"0x7fcbb187a378", "type":"STRING", "class":"0x7fcbb10e0ef0", "frozen":true, "embedded":true, "fstring":true, "bytesize":11, "value":"remove_spec", "encoding":"US-ASCII", "memsize":40, "flags":{"wb_protected":true, "old":true, "long_lived":true, "marked":true}}
{"address":"0x7fcbb187aa08", "type":"STRING", "class":"0x7fcbb10e0ef0", "frozen":true, "embedded":true, "fstring":true, "bytesize":13, "value":"latest_remote", "encoding":"US-ASCII", "memsize":40, "flags":{"wb_protected":true, "old":true, "long_lived":true, "marked":true}}
{"address":"0x7fcbb187ad28", "type":"STRING", "class":"0x7fcbb10e0ef0", "frozen":true, "embedded":true, "fstring":true, "bytesize":21, "value":"search_for_dependency", "encoding":"US-ASCII", "memsize":40, "flags":{"wb_protected":true, "old":true, "long_lived":true, "marked":true}}
{"address":"0x7fcbb187adf0", "type":"STRING", "class":"0x7fcbb10e0ef0", "frozen":true, "embedded":true, "fstring":true, "bytesize":7, "value":"remotes", "encoding":"US-ASCII", "memsize":40, "flags":{"wb_protected":true, "old":true, "long_lived":true, "marked":true}}
{"address":"0x7fcbb187b160", "type":"STRING", "class":"0x7fcbb10e0ef0", "frozen":true, "embedded":true, "fstring":true, "bytesize":10, "value":"local_spec", "encoding":"US-ASCII", "memsize":40, "flags":{"wb_protected":true, "old":true, "long_lived":true, "marked":true}}
{"address":"0x7fcbb187b8e0", "type":"STRING", "class":"0x7fcbb10e0ef0", "frozen":true, "fstring":true, "bytesize":27, "value":"outdated_and_latest_version", "encoding":"US-ASCII", "memsize":68, "flags":{"wb_protected":true, "old":true, "long_lived":true, "marked":true}}
{"address":"0x7fcbb187b958", "type":"STRING", "class":"0x7fcbb10e0ef0", "frozen":true, "embedded":true, "fstring":true, "bytesize":8, "value":"outdated", "encoding":"US-ASCII", "memsize":40, "flags":{"wb_protected":true, "old":true, "long_lived":true, "marked":true}}
{"address":"0x7fcbb187bd40", "type":"STRING", "class":"0x7fcbb10e0ef0", "frozen":true, "fstring":true, "bytesize":51, "value":"^(date: \\d{4}-\\d{2}-\\d{2} \\d{2}:\\d{2}:\\d{2}\\.\\d+?)Z", "encoding":"US-ASCII", "memsize":92, "flags":{"wb_protected":true, "old":true, "long_lived":true, "marked":true}}
{"address":"0x7fcbb187bdb8", "type":"REGEXP", "class":"0x7fcbb10d0b40", "references":["0x7fcbb187bd40"], "memsize":966, "flags":{"wb_protected":true, "old":true, "long_lived":true, "marked":true}}
{"address":"0x7fcbb1880570", "type":"STRING", "class":"0x7fcbb10e0ef0", "frozen":true, "embedded":true, "fstring":true, "bytesize":5, "value":"limit", "encoding":"US-ASCII", "memsize":40, "flags":{"wb_protected":true, "old":true, "long_lived":true, "marked":true}}
{"address":"0x7fcbb1880660", "type":"STRING", "class":"0x7fcbb10e0ef0", "frozen":true, "embedded":true, "fstring":true, "bytesize":8, "value":"gems_dir", "encoding":"US-ASCII", "memsize":40, "flags":{"wb_protected":true, "old":true, "long_lived":true, "marked":true}}
{"address":"0x7fcbb1880a98", "type":"STRING", "class":"0x7fcbb10e0ef0", "frozen":true, "embedded":true, "fstring":true, "bytesize":18, "value":"find_full_gem_path", "encoding":"US-ASCII", "memsize":40, "flags":{"wb_protected":true, "old":true, "long_lived":true, "marked":true}}
{"address":"0x7fcbb1880db8", "type":"STRING", "class":"0x7fcbb10e0ef0", "frozen":true, "embedded":true, "fstring":true, "bytesize":8, "value":"sort_obj", "encoding":"US-ASCII", "memsize":40, "flags":{"wb_protected":true, "old":true, "long_lived":true, "marked":true}}
{"address":"0x7fcbb1880e58", "type":"STRING", "class":"0x7fcbb10e0ef0", "frozen":true, "embedded":true, "fstring":true, "bytesize":5, "value":"other", "encoding":"US-ASCII", "memsize":40, "flags":{"wb_protected":true, "old":true, "long_lived":true, "marked":true}}
{"address":"0x7fcbb1881100", "type":"STRING", "class":"0x7fcbb10e0ef0", "frozen":true, "embedded":true, "fstring":true, "bytesize":10, "value":"@activated", "encoding":"US-ASCII", "memsize":40, "flags":{"wb_protected":true, "old":true, "long_lived":true, "marked":true}}
{"address":"0x7fcbb1881268", "type":"STRING", "class":"0x7fcbb10e0ef0", "frozen":true, "embedded":true, "fstring":true, "bytesize":7, "value":"@loaded", "encoding":"US-ASCII", "memsize":40, "flags":{"wb_protected":true, "old":true, "long_lived":true, "marked":true}}
{"address":"0x7fcbb1881448", "type":"STRING", "class":"0x7fcbb10e0ef0", "frozen":true, "embedded":true, "fstring":true, "bytesize":9, "value":"@metadata", "encoding":"US-ASCII", "memsize":40, "flags":{"wb_protected":true, "old":true, "long_lived":true, "marked":true}}
{"address":"0x7fcbb1881628", "type":"STRING", "class":"0x7fcbb10e0ef0", "frozen":true, "embedded":true, "fstring":true, "bytesize":8, "value":"@license", "encoding":"US-ASCII", "memsize":40, "flags":{"wb_protected":true, "old":true, "long_lived":true, "marked":true}}
{"address":"0x7fcbb1881ba0", "type":"STRING", "class":"0x7fcbb10e0ef0", "frozen":true, "embedded":true, "fstring":true, "bytesize":9, "value":"@has_rdoc", "encoding":"US-ASCII", "memsize":40, "flags":{"wb_protected":true, "old":true, "long_lived":true, "marked":true}}
{"address":"0x7fcbb1881d80", "type":"STRING", "class":"0x7fcbb10e0ef0", "frozen":true, "embedded":true, "fstring":true, "bytesize":9, "value":"@homepage", "encoding":"US-ASCII", "memsize":40, "flags":{"wb_protected":true, "old":true, "long_lived":true, "marked":true}}
{"address":"0x7fcbb1881f60", "type":"STRING", "class":"0x7fcbb10e0ef0", "frozen":true, "embedded":true, "fstring":true, "bytesize":12, "value":"@description", "encoding":"US-ASCII", "memsize":40, "flags":{"wb_protected":true, "old":true, "long_lived":true, "marked":true}}
{"address":"0x7fcbb18822f8", "type":"STRING", "class":"0x7fcbb10e0ef0", "frozen":true, "embedded":true, "fstring":true, "bytesize":6, "value":"@email", "encoding":"US-ASCII", "memsize":40, "flags":{"wb_protected":true, "old":true, "long_lived":true, "marked":true}}
{"address":"0x7fcbb18824d8", "type":"STRING", "class":"0x7fcbb10e0ef0", "frozen":true, "embedded":true, "fstring":true, "bytesize":18, "value":"@rubyforge_project", "encoding":"US-ASCII", "memsize":40, "flags":{"wb_protected":true, "old":true, "long_lived":true, "marked":true}}
{"address":"0x7fcbb18826b8", "type":"STRING", "class":"0x7fcbb10e0ef0", "frozen":true, "embedded":true, "fstring":true, "bytesize":13, "value":"@dependencies", "encoding":"US-ASCII", "memsize":40, "flags":{"wb_protected":true, "old":true, "long_lived":true, "marked":true}}
{"address":"0x7fcbb1882dc0", "type":"STRING", "class":"0x7fcbb10e0ef0", "frozen":true, "embedded":true, "fstring":true, "bytesize":8, "value":"@summary", "encoding":"US-ASCII", "memsize":40, "flags":{"wb_protected":true, "old":true, "long_lived":true, "marked":true}}
{"address":"0x7fcbb1882f50", "type":"STRING", "class":"0x7fcbb10e0ef0", "frozen":true, "embedded":true, "fstring":true, "bytesize":5, "value":"date=", "encoding":"US-ASCII", "memsize":40, "flags":{"wb_protected":true, "old":true, "long_lived":true, "marked":true}}
{"address":"0x7fcbb18831f8", "type":"STRING", "class":"0x7fcbb10e0ef0", "frozen":true, "embedded":true, "fstring":true, "bytesize":9, "value":"for_cache", "encoding":"US-ASCII", "memsize":40, "flags":{"wb_protected":true, "old":true, "long_lived":true, "marked":true}}
{"address":"0x7fcbb18834f0", "type":"HASH", "class":"0x7fcbb10d1270", "size":9, "references":["0x7fcbb18cfc60", "0x7fcbb191d140", "0x7fcbb191d2d0", "0x7fcbb1925a98", "0x7fcbb1925c00", "0x7fcbb1924fa8", "0x7fcbb1925110", "0x7fcbb192e238", "0x7fcbb192e3a0", "0x7fcbb193c9c8", "0x7fcbb193cb30", "0x7fcbb19479b8", "0x7fcbb1947b20", "0x7fcbb194d1d8", "0x7fcbb194d340", "0x7fcbb195c2f0", "0x7fcbb195c458"], "memsize":648, "flags":{"wb_protected":true, "old":true, "long_lived":true, "marked":true}}
{"address":"0x7fcbb1883540", "type":"CLASS", "class":"0x7fcbb10c8378", "name":"Class", "references":["0x7fcbb18ac210", "0x7fcbb10c8328"], "memsize":712, "flags":{"wb_protected":true, "old":true, "long_lived":true, "marked":true}}
{"address":"0x7fcbb18836a8", "type":"STRING", "class":"0x7fcbb10e0ef0", "frozen":true, "embedded":true, "fstring":true, "bytesize":11, "value":"PrivateType", "encoding":"US-ASCII", "memsize":40, "flags":{"wb_protected":true, "old":true, "long_lived":true, "marked":true}}
{"address":"0x7fcbb18837e8", "type":"STRING", "class":"0x7fcbb10e0ef0", "frozen":true, "fstring":true, "bytesize":73, "value":"\\A\\s*([0-9]+(?>\\.[0-9a-zA-Z]+)*(-[0-9A-Za-z-]+(\\.[0-9A-Za-z-]+)*)?)?\\s*\\z", "encoding":"US-ASCII", "memsize":114, "flags":{"wb_protected":true, "old":true, "long_lived":true, "marked":true}}
{"address":"0x7fcbb1883ab8", "type":"REGEXP", "class":"0x7fcbb10d0b40", "references":["0x7fcbb18837e8"], "memsize":1072, "flags":{"wb_protected":true, "old":true, "long_lived":true, "marked":true}}
{"address":"0x7fcbb1888068", "type":"STRING", "class":"0x7fcbb10e0ef0", "frozen":true, "embedded":true, "fstring":true, "bytesize":7, "value":"gem_dir", "encoding":"US-ASCII", "memsize":40, "flags":{"wb_protected":true, "old":true, "long_lived":true, "marked":true}}
{"address":"0x7fcbb18880e0", "type":"STRING", "class":"0x7fcbb10e0ef0", "frozen":true, "embedded":true, "fstring":true, "bytesize":8, "value":"@bin_dir", "encoding":"US-ASCII", "memsize":40, "flags":{"wb_protected":true, "old":true, "long_lived":true, "marked":true}}
{"address":"0x7fcbb1888158", "type":"STRING", "class":"0x7fcbb10e0ef0", "frozen":true, "embedded":true, "fstring":true, "bytesize":7, "value":"bin_dir", "encoding":"US-ASCII", "memsize":40, "flags":{"wb_protected":true, "old":true, "long_lived":true, "marked":true}}
{"address":"0x7fcbb1888720", "type":"STRING", "class":"0x7fcbb10e0ef0", "frozen":true, "embedded":true, "fstring":true, "bytesize":6, "value":"author", "encoding":"US-ASCII", "memsize":40, "flags":{"wb_protected":true, "old":true, "long_lived":true, "marked":true}}
{"address":"0x7fcbb1888a18", "type":"STRING", "class":"0x7fcbb10e0ef0", "frozen":true, "fstring":true, "bytesize":79, "capacity":118, "value":"/Users/path/.rvm/rubies/ruby-2.2.3/lib/ruby/site_ruby/2.2.0/rubygems/version.rb", "encoding":"US-ASCII", "memsize":159, "flags":{"wb_protected":true, "old":true, "long_lived":true, "marked":true}}
{"address":"0x7fcbb1888c98", "type":"STRING", "class":"0x7fcbb10e0ef0", "frozen":true, "embedded":true, "fstring":true, "bytesize":12, "value":"insert_index", "encoding":"US-ASCII", "memsize":40, "flags":{"wb_protected":true, "old":true, "long_lived":true, "marked":true}}
{"address":"0x7fcbb1888db0", "type":"STRING", "class":"0x7fcbb10e0ef0", "frozen":true, "embedded":true, "fstring":true, "bytesize":18, "value":"full_require_paths", "encoding":"US-ASCII", "memsize":40, "flags":{"wb_protected":true, "old":true, "long_lived":true, "marked":true}}
{"address":"0x7fcbb1888e00", "type":"NODE", "frozen":true, "node_type":"NODE_CREF", "references":["0x7fcbb1906558", "0x7fcbb2022558"], "memsize":40, "flags":{"wb_protected":true, "old":true, "long_lived":true, "marked":true}}
{"address":"0x7fcbb1888e78", "type":"DATA", "class":"0x7fcbb10c0100", "struct":"iseq", "references":["0x7fcbb103af50", "0x7fcbb103af50", "0x7fcbb1840970", "0x7fcbb1840970", "0x7fcbb1888e00", "0x7fcbb1906558"], "memsize":784, "flags":{"wb_protected":true, "old":true, "long_lived":true, "marked":true}}
{"address":"0x7fcbb1888ea0", "type":"STRING", "class":"0x7fcbb10e0ef0", "frozen":true, "embedded":true, "fstring":true, "bytesize":12, "value":"default_gem?", "encoding":"US-ASCII", "memsize":40, "flags":{"wb_protected":true, "old":true, "long_lived":true, "marked":true}}
{"address":"0x7fcbb1888f40", "type":"ARRAY", "length":1, "embedded":true, "references":["0x7fcbb18292e8"], "memsize":40, "flags":{"wb_protected":true, "old":true, "long_lived":true, "marked":true}}
{"address":"0x7fcbb18890a8", "type":"STRING", "class":"0x7fcbb10e0ef0", "frozen":true, "embedded":true, "fstring":true, "bytesize":14, "value":"add_dependency", "encoding":"US-ASCII", "memsize":40, "flags":{"wb_protected":true, "old":true, "long_lived":true, "marked":true}}
{"address":"0x7fcbb1889148", "type":"DATA", "class":"0x7fcbb10c0100", "struct":"iseq", "references":["0x7fcbb1888f40", "0x7fcbb1889800", "0x7fcbb18730a0", "0x7fcbb1840970", "0x7fcbb1840970", "0x7fcbb1889990"], "memsize":1688, "flags":{"wb_protected":true, "old":true, "long_lived":true, "marked":true}}
{"address":"0x7fcbb1889328", "type":"ARRAY", "length":2, "embedded":true, "references":["0x7fcbb18897d8", "0x7fcbb1889148"], "memsize":40, "flags":{"wb_protected":true, "old":true, "long_lived":true, "marked":true}}
{"address":"0x7fcbb1889378", "type":"ARRAY", "length":2, "embedded":true, "references":["0x7fcbb18292e8", "0x7fcbb18292e8"], "memsize":40, "flags":{"wb_protected":true, "old":true, "long_lived":true, "marked":true}}
{"address":"0x7fcbb18897d8", "type":"DATA", "class":"0x7fcbb10c0100", "struct":"iseq", "references":["0x7fcbb1889378", "0x7fcbb1889800", "0x7fcbb18730a0", "0x7fcbb1840970", "0x7fcbb1840970", "0x7fcbb1889990"], "memsize":1120, "flags":{"wb_protected":true, "old":true, "long_lived":true, "marked":true}}
{"address":"0x7fcbb1889800", "type":"STRING", "class":"0x7fcbb10e0ef0", "frozen":true, "fstring":true, "bytesize":40, "value":"block in reset_nil_attributes_to_default", "memsize":81, "flags":{"wb_protected":true, "old":true, "long_lived":true, "marked":true}}
{"address":"0x7fcbb1889990", "type":"NODE", "frozen":true, "node_type":"NODE_CREF", "references":["0x7fcbb1906558", "0x7fcbb2022558"], "memsize":40, "flags":{"wb_protected":true, "old":true, "long_lived":true, "marked":true}}
{"address":"0x7fcbb1889a30", "type":"DATA", "class":"0x7fcbb10c0100", "struct":"iseq", "references":["0x7fcbb1889328", "0x7fcbb18730a0", "0x7fcbb18730a0", "0x7fcbb1840970", "0x7fcbb1840970", "0x7fcbb1889990", "0x7fcbb1906558"], "memsize":1240, "flags":{"wb_protected":true, "old":true, "long_lived":true, "marked":true}}
{"address":"0x7fcbb1889aa8", "type":"STRING", "class":"0x7fcbb10e0ef0", "frozen":true, "embedded":true, "fstring":true, "bytesize":4, "value":"type", "encoding":"US-ASCII", "memsize":40, "flags":{"wb_protected":true, "old":true, "long_lived":true, "marked":true}}
{"address":"0x7fcbb1889af8", "type":"ARRAY", "length":1, "embedded":true, "references":["0x7fcbb1889d50"], "memsize":40, "flags":{"wb_protected":true, "old":true, "long_lived":true, "marked":true}}
{"address":"0x7fcbb1889b70", "type":"ARRAY", "length":3, "embedded":true, "references":["0x7fcbb1889bc0", "0x7fcbb1889b98", "0x7fcbb18292e8"], "memsize":40, "flags":{"wb_protected":true, "old":true, "long_lived":true, "marked":true}}
{"address":"0x7fcbb1889b98", "type":"STRING", "class":"0x7fcbb10e0ef0", "frozen":true, "embedded":true, "fstring":true, "bytesize":4, "value":"date", "encoding":"UTF-8", "memsize":40, "flags":{"wb_protected":true, "old":true, "long_lived":true, "marked":true}}
{"address":"0x7fcbb1889bc0", "type":"HASH", "frozen":true, "size":1, "references":["0x7fcbb1889b98"], "memsize":232, "flags":{"wb_protected":true, "old":true, "long_lived":true, "marked":true}}
{"address":"0x7fcbb1889d50", "type":"DATA", "class":"0x7fcbb10c0100", "struct":"iseq", "references":["0x7fcbb1889b70", "0x7fcbb1889d78", "0x7fcbb1862a70", "0x7fcbb1840970", "0x7fcbb1840970", "0x7fcbb1889eb8"], "memsize":1304, "flags":{"wb_protected":true, "old":true, "long_lived":true, "marked":true}}
{"address":"0x7fcbb1889d78", "type":"STRING", "class":"0x7fcbb10e0ef0", "frozen":true, "fstring":true, "bytesize":24, "value":"block in yaml_initialize", "memsize":65, "flags":{"wb_protected":true, "old":true, "long_lived":true, "marked":true}}
{"address":"0x7fcbb1889df0", "type":"STRING", "class":"0x7fcbb10e0ef0", "frozen":true, "fstring":true, "bytesize":26, "value":"approximate_recommendation", "encoding":"US-ASCII", "memsize":67, "flags":{"wb_protected":true, "old":true, "long_lived":true, "marked":true}}
{"address":"0x7fcbb1889eb8", "type":"NODE", "frozen":true, "node_type":"NODE_CREF", "references":["0x7fcbb1906558", "0x7fcbb2022558"], "memsize":40, "flags":{"wb_protected":true, "old":true, "long_lived":true, "marked":true}}
{"address":"0x7fcbb188a048", "type":"DATA", "class":"0x7fcbb10c0100", "struct":"iseq", "references":["0x7fcbb1889af8", "0x7fcbb1862a70", "0x7fcbb1862a70", "0x7fcbb1840970", "0x7fcbb1840970", "0x7fcbb1889eb8", "0x7fcbb1906558"], "memsize":1136, "flags":{"wb_protected":true, "old":true, "long_lived":true, "marked":true}}
{"address":"0x7fcbb188a160", "type":"STRING", "class":"0x7fcbb10e0ef0", "frozen":true, "embedded":true, "fstring":true, "bytesize":7, "value":"@bindir", "encoding":"US-ASCII", "memsize":40, "flags":{"wb_protected":true, "old":true, "long_lived":true, "marked":true}}
{"address":"0x7fcbb188a200", "type":"NODE", "frozen":true, "node_type":"NODE_CREF", "references":["0x7fcbb1906558", "0x7fcbb2022558"], "memsize":40, "flags":{"wb_protected":true, "old":true, "long_lived":true, "marked":true}}
{"address":"0x7fcbb188a278", "type":"DATA", "class":"0x7fcbb10c0100", "struct":"iseq", "references":["0x7fcbb1062550", "0x7fcbb1062550", "0x7fcbb1840970", "0x7fcbb1840970", "0x7fcbb188a200", "0x7fcbb1906558"], "memsize":416, "flags":{"wb_protected":true, "old":true, "long_lived":true, "marked":true}}
{"address":"0x7fcbb188a2c8", "type":"ARRAY", "length":1, "embedded":true, "references":["0x7fcbb188a318"], "memsize":40, "flags":{"wb_protected":true, "old":true, "long_lived":true, "marked":true}}
{"address":"0x7fcbb188a318", "type":"STRING", "class":"0x7fcbb10e0ef0", "frozen":true, "embedded":true, "fstring":true, "bytesize":7, "value":"> 1.3.1", "encoding":"UTF-8", "memsize":40, "flags":{"wb_protected":true, "old":true, "long_lived":true, "marked":true}}
{"address":"0x7fcbb188a390", "type":"NODE", "frozen":true, "node_type":"NODE_CREF", "references":["0x7fcbb1906558", "0x7fcbb2022558"], "memsize":40, "flags":{"wb_protected":true, "old":true, "long_lived":true, "marked":true}}
{"address":"0x7fcbb188a3b8", "type":"DATA", "class":"0x7fcbb10c0100", "struct":"iseq", "references":["0x7fcbb188a2c8", "0x7fcbb1853638", "0x7fcbb1853638", "0x7fcbb1840970", "0x7fcbb1840970", "0x7fcbb188a390", "0x7fcbb1906558"], "memsize":1248, "flags":{"wb_protected":true, "old":true, "long_lived":true, "marked":true}}
{"address":"0x7fcbb188a430", "type":"ARRAY", "length":1, "embedded":true, "references":["0x7fcbb188a638"], "memsize":40, "flags":{"wb_protected":true, "old":true, "long_lived":true, "marked":true}}
{"address":"0x7fcbb188a638", "type":"STRING", "class":"0x7fcbb10e0ef0", "frozen":true, "embedded":true, "fstring":true, "bytesize":18, "value":" is not executable", "encoding":"UTF-8", "memsize":40, "flags":{"wb_protected":true, "old":true, "long_lived":true, "marked":true}}
{"address":"0x7fcbb188a9a8", "type":"DATA", "class":"0x7fcbb10c0100", "struct":"iseq", "references":["0x7fcbb188a430", "0x7fcbb188af48", "0x7fcbb103ab40", "0x7fcbb1840970", "0x7fcbb1840970", "0x7fcbb188b4c0"], "memsize":1368, "flags":{"wb_protected":true, "old":true, "long_lived":true, "marked":true}}
{"address":"0x7fcbb188aae8", "type":"ARRAY", "length":2, "embedded":true, "references":["0x7fcbb188aed0", "0x7fcbb188a9a8"], "memsize":40, "flags":{"wb_protected":true, "old":true, "long_lived":true, "marked":true}}
{"address":"0x7fcbb188abd8", "type":"ARRAY", "length":1, "embedded":true, "references":["0x7fcbb188ad18"], "memsize":40, "flags":{"wb_protected":true, "old":true, "long_lived":true, "marked":true}}
{"address":"0x7fcbb188ad18", "type":"STRING", "class":"0x7fcbb10e0ef0", "frozen":true, "embedded":true, "fstring":true, "bytesize":22, "value":" is not world-readable", "encoding":"UTF-8", "memsize":40, "flags":{"wb_protected":true, "old":true, "long_lived":true, "marked":true}}
{"address":"0x7fcbb188aed0", "type":"DATA", "class":"0x7fcbb10c0100", "struct":"iseq", "references":["0x7fcbb188abd8", "0x7fcbb188af48", "0x7fcbb103ab40", "0x7fcbb1840970", "0x7fcbb1840970", "0x7fcbb188b4c0"], "memsize":1344, "flags":{"wb_protected":true, "old":true, "long_lived":true, "marked":true}}
{"address":"0x7fcbb188af48", "type":"STRING", "class":"0x7fcbb10e0ef0", "frozen":true, "fstring":true, "bytesize":29, "value":"block in validate_permissions", "memsize":70, "flags":{"wb_protected":true, "old":true, "long_lived":true, "marked":true}}
{"address":"0x7fcbb188b2b8", "type":"STRING", "class":"0x7fcbb10e0ef0", "frozen":true, "embedded":true, "fstring":true, "bytesize":5, "value":"^\\d+$", "encoding":"US-ASCII", "memsize":40, "flags":{"wb_protected":true, "old":true, "long_lived":true, "marked":true}}
{"address":"0x7fcbb188b3f8", "type":"REGEXP", "class":"0x7fcbb10d0b40", "references":["0x7fcbb188b2b8"], "memsize":568, "flags":{"wb_protected":true, "old":true, "long_lived":true, "marked":true}}
{"address":"0x7fcbb188b4c0", "type":"NODE", "frozen":true, "node_type":"NODE_CREF", "references":["0x7fcbb1906558", "0x7fcbb2022558"], "memsize":40, "flags":{"wb_protected":true, "old":true, "long_lived":true, "marked":true}}
{"address":"0x7fcbb188b560", "type":"DATA", "class":"0x7fcbb10c0100", "struct":"iseq", "references":["0x7fcbb188aae8", "0x7fcbb103ab40", "0x7fcbb103ab40", "0x7fcbb1840970", "0x7fcbb1840970", "0x7fcbb188b4c0", "0x7fcbb1906558"], "memsize":1280, "flags":{"wb_protected":true, "old":true, "long_lived":true, "marked":true}}
{"address":"0x7fcbb188b6c8", "type":"ARRAY", "length":1, "embedded":true, "references":["0x7fcbb1898fa8"], "memsize":40, "flags":{"wb_protected":true, "old":true, "long_lived":true, "marked":true}}
{"address":"0x7fcbb188b6f0", "type":"STRING", "class":"0x7fcbb10e0ef0", "frozen":true, "embedded":true, "fstring":true, "bytesize":8, "value":"spec_dep", "encoding":"US-ASCII", "memsize":40, "flags":{"wb_protected":true, "old":true, "long_lived":true, "marked":true}}
{"address":"0x7fcbb188b768", "type":"STRING", "class":"0x7fcbb10e0ef0", "frozen":true, "embedded":true, "fstring":true, "bytesize":20, "value":"runtime_dependencies", "encoding":"US-ASCII", "memsize":40, "flags":{"wb_protected":true, "old":true, "long_lived":true, "marked":true}}
{"address":"0x7fcbb188b8d0", "type":"STRING", "class":"0x7fcbb10e0ef0", "frozen":true, "fstring":true, "bytesize":25, "value":" is not recommended\n  if ", "encoding":"UTF-8", "memsize":66, "flags":{"wb_protected":true, "old":true, "long_lived":true, "marked":true}}
{"address":"0x7fcbb188b8f8", "type":"STRING", "class":"0x7fcbb10e0ef0", "frozen":true, "fstring":true, "bytesize":25, "value":"open-ended dependency on ", "encoding":"UTF-8", "memsize":66, "flags":{"wb_protected":true, "old":true, "long_lived":true, "marked":true}}
{"address":"0x7fcbb188b920", "type":"STRING", "class":"0x7fcbb10e0ef0", "frozen":true, "embedded":true, "fstring":true, "bytesize":6, "value":", '>= ", "encoding":"UTF-8", "memsize":40, "flags":{"wb_protected":true, "old":true, "long_lived":true, "marked":true}}
{"address":"0x7fcbb188b948", "type":"STRING", "class":"0x7fcbb10e0ef0", "frozen":true, "embedded":true, "fstring":true, "bytesize":5, "value":", '> ", "encoding":"UTF-8", "memsize":40, "flags":{"wb_protected":true, "old":true, "long_lived":true, "marked":true}}
{"address":"0x7fcbb188b998", "type":"ARRAY", "length":2, "embedded":true, "references":["0x7fcbb186baa8", "0x7fcbb188bab0"], "memsize":40, "flags":{"wb_protected":true, "old":true, "long_lived":true, "marked":true}}
{"address":"0x7fcbb188bab0", "type":"STRING", "class":"0x7fcbb10e0ef0", "frozen":true, "embedded":true, "fstring":true, "bytesize":2, "value":">=", "encoding":"UTF-8", "memsize":40, "flags":{"wb_protected":true, "old":true, "long_lived":true, "marked":true}}
{"address":"0x7fcbb188bb50", "type":"DATA", "class":"0x7fcbb10c0100", "struct":"iseq", "references":["0x7fcbb188b998", "0x7fcbb1898918", "0x7fcbb1029d40", "0x7fcbb1840970", "0x7fcbb1840970", "0x7fcbb1899250"], "memsize":1112, "flags":{"wb_protected":true, "old":true, "long_lived":true, "marked":true}}
{"address":"0x7fcbb188bc68", "type":"STRING", "class":"0x7fcbb10e0ef0", "frozen":true, "embedded":true, "fstring":true, "bytesize":7, "value":"', '>= ", "encoding":"UTF-8", "memsize":40, "flags":{"wb_protected":true, "old":true, "long_lived":true, "marked":true}}
{"address":"0x7fcbb188bd30", "type":"STRING", "class":"0x7fcbb10e0ef0", "frozen":true, "embedded":true, "fstring":true, "bytesize":7, "value":"', '~> ", "encoding":"UTF-8", "memsize":40, "flags":{"wb_protected":true, "old":true, "long_lived":true, "marked":true}}
{"address":"0x7fcbb188be48", "type":"STRING", "class":"0x7fcbb10e0ef0", "frozen":true, "embedded":true, "fstring":true, "bytesize":13, "value":"_dependency '", "encoding":"UTF-8", "memsize":40, "flags":{"wb_protected":true, "old":true, "long_lived":true, "marked":true}}
{"address":"0x7fcbb188bec0", "type":"STRING", "class":"0x7fcbb10e0ef0", "frozen":true, "fstring":true, "bytesize":41, "value":" is semantically versioned, use:\n    add_", "encoding":"UTF-8", "memsize":82, "flags":{"wb_protected":true, "old":true, "long_lived":true, "marked":true}}
{"address":"0x7fcbb188bee8", "type":"STRING", "class":"0x7fcbb10e0ef0", "frozen":true, "embedded":true, "fstring":true, "bytesize":21, "value":"add_self_to_load_path", "encoding":"US-ASCII", "memsize":40, "flags":{"wb_protected":true, "old":true, "long_lived":true, "marked":true}}
{"address":"0x7fcbb188bf60", "type":"STRING", "class":"0x7fcbb10e0ef0", "frozen":true, "fstring":true, "bytesize":27, "value":" may be overly strict\n  if ", "encoding":"UTF-8", "memsize":68, "flags":{"wb_protected":true, "old":true, "long_lived":true, "marked":true}}
{"address":"0x7fcbb188bf88", "type":"STRING", "class":"0x7fcbb10e0ef0", "frozen":true, "embedded":true, "fstring":true, "bytesize":21, "value":"activate_dependencies", "encoding":"US-ASCII", "memsize":40, "flags":{"wb_protected":true, "old":true, "long_lived":true, "marked":true}}
{"address":"0x7fcbb188bfb0", "type":"STRING", "class":"0x7fcbb10e0ef0", "frozen":true, "fstring":true, "bytesize":26, "value":"pessimistic dependency on ", "encoding":"UTF-8", "memsize":67, "flags":{"wb_protected":true, "old":true, "long_lived":true, "marked":true}}
{"address":"0x7fcbb1890128", "type":"STRING", "class":"0x7fcbb10e0ef0", "frozen":true, "embedded":true, "fstring":true, "bytesize":4, "value":"Date", "encoding":"US-ASCII", "memsize":40, "flags":{"wb_protected":true, "old":true, "long_lived":true, "marked":true}}
{"address":"0x7fcbb18901c8", "type":"STRING", "class":"0x7fcbb10e0ef0", "frozen":true, "embedded":true, "fstring":true, "bytesize":3, "value":"obj", "encoding":"US-ASCII", "memsize":40, "flags":{"wb_protected":true, "old":true, "long_lived":true, "marked":true}}
{"address":"0x7fcbb18902e0", "type":"STRING", "class":"0x7fcbb10e0ef0", "frozen":true, "embedded":true, "fstring":true, "bytesize":8, "value":"DateLike", "encoding":"US-ASCII", "memsize":40, "flags":{"wb_protected":true, "old":true, "long_lived":true, "marked":true}}
{"address":"0x7fcbb1890498", "type":"STRING", "class":"0x7fcbb10e0ef0", "frozen":true, "embedded":true, "fstring":true, "bytesize":5, "value":"@date", "encoding":"US-ASCII", "memsize":40, "flags":{"wb_protected":true, "old":true, "long_lived":true, "marked":true}}
{"address":"0x7fcbb1890b00", "type":"STRING", "class":"0x7fcbb10e0ef0", "frozen":true, "embedded":true, "fstring":true, "bytesize":22, "value":"satisfies_requirement?", "encoding":"US-ASCII", "memsize":40, "flags":{"wb_protected":true, "old":true, "long_lived":true, "marked":true}}
{"address":"0x7fcbb1890cb8", "type":"STRING", "class":"0x7fcbb10e0ef0", "frozen":true, "embedded":true, "fstring":true, "bytesize":6, "value":"files=", "encoding":"US-ASCII", "memsize":40, "flags":{"wb_protected":true, "old":true, "long_lived":true, "marked":true}}
{"address":"0x7fcbb1891258", "type":"STRING", "class":"0x7fcbb10e0ef0", "frozen":true, "embedded":true, "fstring":true, "bytesize":11, "value":"@cache_file", "encoding":"US-ASCII", "memsize":40, "flags":{"wb_protected":true, "old":true, "long_lived":true, "marked":true}}
{"address":"0x7fcbb18912d0", "type":"STRING", "class":"0x7fcbb10e0ef0", "frozen":true, "embedded":true, "fstring":true, "bytesize":10, "value":"cache_file", "encoding":"US-ASCII", "memsize":40, "flags":{"wb_protected":true, "old":true, "long_lived":true, "marked":true}}
{"address":"0x7fcbb1891618", "type":"STRING", "class":"0x7fcbb10e0ef0", "frozen":true, "embedded":true, "fstring":true, "bytesize":10, "value":"@cache_dir", "encoding":"US-ASCII", "memsize":40, "flags":{"wb_protected":true, "old":true, "long_lived":true, "marked":true}}
{"address":"0x7fcbb1891690", "type":"STRING", "class":"0x7fcbb10e0ef0", "frozen":true, "embedded":true, "fstring":true, "bytesize":9, "value":"cache_dir", "encoding":"US-ASCII", "memsize":40, "flags":{"wb_protected":true, "old":true, "long_lived":true, "marked":true}}
{"address":"0x7fcbb1891708", "type":"STRING", "class":"0x7fcbb10e0ef0", "frozen":true, "embedded":true, "fstring":true, "bytesize":9, "value":"file_name", "encoding":"US-ASCII", "memsize":40, "flags":{"wb_protected":true, "old":true, "long_lived":true, "marked":true}}
{"address":"0x7fcbb1891c58", "type":"STRING", "class":"0x7fcbb10e0ef0", "frozen":true, "fstring":true, "bytesize":24, "value":"bundled_gem_in_old_ruby?", "encoding":"US-ASCII", "memsize":65, "flags":{"wb_protected":true, "old":true, "long_lived":true, "marked":true}}
{"address":"0x7fcbb1892108", "type":"STRING", "class":"0x7fcbb10e0ef0", "frozen":true, "embedded":true, "fstring":true, "bytesize":17, "value":"extra_rdoc_files=", "encoding":"US-ASCII", "memsize":40, "flags":{"wb_protected":true, "old":true, "long_lived":true, "marked":true}}
{"address":"0x7fcbb1892388", "type":"STRING", "class":"0x7fcbb10e0ef0", "frozen":true, "embedded":true, "fstring":true, "bytesize":14, "value":"build_info_dir", "encoding":"US-ASCII", "memsize":40, "flags":{"wb_protected":true, "old":true, "long_lived":true, "marked":true}}
{"address":"0x7fcbb1892a18", "type":"STRING", "class":"0x7fcbb10e0ef0", "frozen":true, "embedded":true, "fstring":true, "bytesize":7, "value":"Builder", "encoding":"US-ASCII", "memsize":40, "flags":{"wb_protected":true, "old":true, "long_lived":true, "marked":true}}
{"address":"0x7fcbb1892a68", "type":"STRING", "class":"0x7fcbb10e0ef0", "frozen":true, "embedded":true, "fstring":true, "bytesize":3, "value":"Ext", "encoding":"US-ASCII", "memsize":40, "flags":{"wb_protected":true, "old":true, "long_lived":true, "marked":true}}
{"address":"0x7fcbb1892ae0", "type":"STRING", "class":"0x7fcbb10e0ef0", "frozen":true, "embedded":true, "fstring":true, "bytesize":7, "value":"builder", "encoding":"US-ASCII", "memsize":40, "flags":{"wb_protected":true, "old":true, "long_lived":true, "marked":true}}
{"address":"0x7fcbb1892ba8", "type":"STRING", "class":"0x7fcbb10e0ef0", "frozen":true, "embedded":true, "fstring":true, "bytesize":6, "value":"use_ui", "encoding":"US-ASCII", "memsize":40, "flags":{"wb_protected":true, "old":true, "long_lived":true, "marked":true}}
{"address":"0x7fcbb1892cc0", "type":"STRING", "class":"0x7fcbb10e0ef0", "frozen":true, "embedded":true, "fstring":true, "bytesize":8, "value":"SilentUI", "encoding":"US-ASCII", "memsize":40, "flags":{"wb_protected":true, "old":true, "long_lived":true, "marked":true}}
{"address":"0x7fcbb1892d38", "type":"STRING", "class":"0x7fcbb10e0ef0", "frozen":true, "embedded":true, "fstring":true, "bytesize":11, "value":"extensions=", "encoding":"US-ASCII", "memsize":40, "flags":{"wb_protected":true, "old":true, "long_lived":true, "marked":true}}
{"address":"0x7fcbb1893850", "type":"STRING", "class":"0x7fcbb10e0ef0", "frozen":true, "embedded":true, "fstring":true, "bytesize":23, "value":"gem_build_complete_path", "encoding":"US-ASCII", "memsize":40, "flags":{"wb_protected":true, "old":true, "long_lived":true, "marked":true}}
{"address":"0x7fcbb1893d00", "type":"STRING", "class":"0x7fcbb10e0ef0", "frozen":true, "embedded":true, "fstring":true, "bytesize":16, "value":"build_extensions", "encoding":"US-ASCII", "memsize":40, "flags":{"wb_protected":true, "old":true, "long_lived":true, "marked":true}}
{"address":"0x7fcbb18980a8", "type":"DATA", "class":"0x7fcbb10c0100", "struct":"iseq", "references":["0x7fcbb1898da0", "0x7fcbb1898918", "0x7fcbb1029d40", "0x7fcbb1840970", "0x7fcbb1840970", "0x7fcbb1899250"], "memsize":1912, "flags":{"wb_protected":true, "old":true, "long_lived":true, "marked":true}}
{"address":"0x7fcbb18981e8", "type":"STRING", "class":"0x7fcbb10e0ef0", "frozen":true, "embedded":true, "fstring":true, "bytesize":19, "value":" is not recommended", "encoding":"UTF-8", "memsize":40, "flags":{"wb_protected":true, "old":true, "long_lived":true, "marked":true}}
{"address":"0x7fcbb1898468", "type":"STRING", "class":"0x7fcbb10e0ef0", "frozen":true, "embedded":true, "fstring":true, "bytesize":10, "value":"attributes", "encoding":"US-ASCII", "memsize":40, "flags":{"wb_protected":true, "old":true, "long_lived":true, "marked":true}}
{"address":"0x7fcbb1898490", "type":"STRING", "class":"0x7fcbb10e0ef0", "frozen":true, "fstring":true, "bytesize":25, "value":"prerelease dependency on ", "encoding":"UTF-8", "memsize":66, "flags":{"wb_protected":true, "old":true, "long_lived":true, "marked":true}}
{"address":"0x7fcbb1898670", "type":"ARRAY", "length":33, "references":["0x7fcbb1898878", "0x7fcbb18980a8", "0x7fcbb188bb50", "0x7fcbb1898eb8", "0x7fcbb1898e40", "0x7fcbb1898df0", "0x7fcbb1898d00", "0x7fcbb1898d00", "0x7fcbb1898b48", "0x7fcbb1898490", "0x7fcbb18981e8", "0x7fcbb188bfb0", "0x7fcbb188bf60", "0x7fcbb188bec0", "0x7fcbb188be48", "0x7fcbb188bd30", "0x7fcbb104b3c8", "0x7fcbb188bc68", "0x7fcbb1898b48", "0x7fcbb186baa8", "0x7fcbb188b948", "0x7fcbb182bbd8", "0x7fcbb188bab0", "0x7fcbb188b920", "0x7fcbb182bbd8", "0x7fcbb188b8f8", "0x7fcbb188b8d0", "0x7fcbb188bec0", "0x7fcbb188be48", "0x7fcbb188bd30", "0x7fcbb104b3c8", "0x7fcbb182bbd8", "0x7fcbb183b358"], "memsize":336, "flags":{"wb_protected":true, "old":true, "long_lived":true, "marked":true}}
{"address":"0x7fcbb1898878", "type":"DATA", "class":"0x7fcbb10c0100", "struct":"iseq", "references":["0x7fcbb1898918", "0x7fcbb1029d40", "0x7fcbb1840970", "0x7fcbb1840970", "0x7fcbb1899250"], "memsize":824, "flags":{"wb_protected":true, "old":true, "long_lived":true, "marked":true}}
{"address":"0x7fcbb18988c8", "type":"STRING", "class":"0x7fcbb10e0ef0", "frozen":true, "embedded":true, "fstring":true, "bytesize":8, "value":"correct?", "encoding":"US-ASCII", "memsize":40, "flags":{"wb_protected":true, "old":true, "long_lived":true, "marked":true}}
{"address":"0x7fcbb18988f0", "type":"STRING", "class":"0x7fcbb10e0ef0", "frozen":true, "embedded":true, "fstring":true, "bytesize":2, "value":"~>", "encoding":"UTF-8", "memsize":40, "flags":{"wb_protected":true, "old":true, "long_lived":true, "marked":true}}
{"address":"0x7fcbb1898918", "type":"STRING", "class":"0x7fcbb10e0ef0", "frozen":true, "fstring":true, "bytesize":41, "value":"block (2 levels) in validate_dependencies", "memsize":82, "flags":{"wb_protected":true, "old":true, "long_lived":true, "marked":true}}
{"address":"0x7fcbb1898b48", "type":"STRING", "class":"0x7fcbb10e0ef0", "frozen":true, "embedded":true, "fstring":true, "bytesize":2, "value":"'\n", "encoding":"UTF-8", "memsize":40, "flags":{"wb_protected":true, "old":true, "long_lived":true, "marked":true}}
{"address":"0x7fcbb1898d00", "type":"STRING", "class":"0x7fcbb10e0ef0", "frozen":true, "embedded":true, "fstring":true, "bytesize":4, "value":"', '", "encoding":"UTF-8", "memsize":40, "flags":{"wb_protected":true, "old":true, "long_lived":true, "marked":true}}
{"address":"0x7fcbb1898da0", "type":"ARRAY", "length":1, "embedded":true, "references":["0x7fcbb18988f0"], "memsize":40, "flags":{"wb_protected":true, "old":true, "long_lived":true, "marked":true}}
{"address":"0x7fcbb1898df0", "type":"STRING", "class":"0x7fcbb10e0ef0", "frozen":true, "fstring":true, "bytesize":35, "value":") use:\n    add_runtime_dependency '", "encoding":"UTF-8", "memsize":76, "flags":{"wb_protected":true, "old":true, "long_lived":true, "marked":true}}
{"address":"0x7fcbb1898e40", "type":"STRING", "class":"0x7fcbb10e0ef0", "frozen":true, "embedded":true, "fstring":true, "bytesize":3, "value":", (", "encoding":"UTF-8", "memsize":40, "flags":{"wb_protected":true, "old":true, "long_lived":true, "marked":true}}
{"address":"0x7fcbb1898e68", "type":"STRING", "class":"0x7fcbb10e0ef0", "frozen":true, "embedded":true, "fstring":true, "bytesize":12, "value":"mark_version", "encoding":"US-ASCII", "memsize":40, "flags":{"wb_protected":true, "old":true, "long_lived":true, "marked":true}}
{"address":"0x7fcbb1898eb8", "type":"STRING", "class":"0x7fcbb10e0ef0", "frozen":true, "fstring":true, "bytesize":24, "value":"duplicate dependency on ", "encoding":"UTF-8", "memsize":65, "flags":{"wb_protected":true, "old":true, "long_lived":true, "marked":true}}
{"address":"0x7fcbb1898f08", "type":"STRING", "class":"0x7fcbb10e0ef0", "frozen":true, "embedded":true, "fstring":true, "bytesize":5, "value":"coder", "encoding":"US-ASCII", "memsize":40, "flags":{"wb_protected":true, "old":true, "long_lived":true, "marked":true}}
{"address":"0x7fcbb1898f30", "type":"STRING", "class":"0x7fcbb10e0ef0", "frozen":true, "embedded":true, "fstring":true, "bytesize":11, "value":"encode_with", "encoding":"US-ASCII", "memsize":40, "flags":{"wb_protected":true, "old":true, "long_lived":true, "marked":true}}
{"address":"0x7fcbb1898fa8", "type":"DATA", "class":"0x7fcbb10c0100", "struct":"iseq", "references":["0x7fcbb1898670", "0x7fcbb1899070", "0x7fcbb1029d40", "0x7fcbb1840970", "0x7fcbb1840970", "0x7fcbb1899250"], "memsize":8920, "flags":{"wb_protected":true, "old":true, "long_lived":true, "marked":true}}
{"address":"0x7fcbb1899070", "type":"STRING", "class":"0x7fcbb10e0ef0", "frozen":true, "fstring":true, "bytesize":30, "value":"block in validate_dependencies", "memsize":71, "flags":{"wb_protected":true, "old":true, "long_lived":true, "marked":true}}
{"address":"0x7fcbb1899250", "type":"NODE", "frozen":true, "node_type":"NODE_CREF", "references":["0x7fcbb1906558", "0x7fcbb2022558"], "memsize":40, "flags":{"wb_protected":true, "old":true, "long_lived":true, "marked":true}}
{"address":"0x7fcbb18992a0", "type":"DATA", "class":"0x7fcbb10c0100", "struct":"iseq", "references":["0x7fcbb188b6c8", "0x7fcbb1029d40", "0x7fcbb1029d40", "0x7fcbb1840970", "0x7fcbb1840970", "0x7fcbb1899250", "0x7fcbb1906558"], "memsize":752, "flags":{"wb_protected":true, "old":true, "long_lived":true, "marked":true}}
{"address":"0x7fcbb18994f8", "type":"STRING", "class":"0x7fcbb10e0ef0", "frozen":true, "embedded":true, "fstring":true, "bytesize":8, "value":"@doc_dir", "encoding":"US-ASCII", "memsize":40, "flags":{"wb_protected":true, "old":true, "long_lived":true, "marked":true}}
{"address":"0x7fcbb18995e8", "type":"STRING", "class":"0x7fcbb10e0ef0", "frozen":true, "embedded":true, "fstring":true, "bytesize":7, "value":"doc_dir", "encoding":"US-ASCII", "memsize":40, "flags":{"wb_protected":true, "old":true, "long_lived":true, "marked":true}}
{"address":"0x7fcbb1899610", "type":"ARRAY", "length":2, "embedded":true, "references":["0x7fcbb18996b0", "0x7fcbb1899688"], "memsize":40, "flags":{"wb_protected":true, "old":true, "long_lived":true, "marked":true}}
{"address":"0x7fcbb1899688", "type":"STRING", "class":"0x7fcbb10e0ef0", "frozen":true, "embedded":true, "fstring":true, "bytesize":19, "value":" is missing #! line", "encoding":"UTF-8", "memsize":40, "flags":{"wb_protected":true, "old":true, "long_lived":true, "marked":true}}
{"address":"0x7fcbb18996b0", "type":"STRING", "class":"0x7fcbb10e0ef0", "frozen":true, "embedded":true, "fstring":true, "bytesize":2, "value":"#!", "encoding":"UTF-8", "memsize":40, "flags":{"wb_protected":true, "old":true, "long_lived":true, "marked":true}}
{"address":"0x7fcbb1899728", "type":"DATA", "class":"0x7fcbb10c0100", "struct":"iseq", "references":["0x7fcbb1899610", "0x7fcbb184ae20", "0x7fcbb1042cc8", "0x7fcbb1840970", "0x7fcbb1840970", "0x7fcbb184b348"], "memsize":1512, "flags":{"wb_protected":true, "old":true, "long_lived":true, "marked":true}}
{"address":"0x7fcbb18997a0", "type":"STRING", "class":"0x7fcbb10e0ef0", "frozen":true, "fstring":true, "bytesize":32, "value":"deprecated autorequire specified", "encoding":"UTF-8", "memsize":73, "flags":{"wb_protected":true, "old":true, "long_lived":true, "marked":true}}
{"address":"0x7fcbb1899818", "type":"STRING", "class":"0x7fcbb10e0ef0", "frozen":true, "fstring":true, "bytesize":37, "value":"description and summary are identical", "encoding":"UTF-8", "memsize":78, "flags":{"wb_protected":true, "old":true, "long_lived":true, "marked":true}}
{"address":"0x7fcbb18999a8", "type":"STRING", "class":"0x7fcbb10e0ef0", "frozen":true, "embedded":true, "fstring":true, "bytesize":1, "value":"d", "encoding":"US-ASCII", "memsize":40, "flags":{"wb_protected":true, "old":true, "long_lived":true, "marked":true}}
{"address":"0x7fcbb1899a48", "type":"STRING", "class":"0x7fcbb10e0ef0", "frozen":true, "embedded":true, "fstring":true, "bytesize":7, "value":"summary", "encoding":"UTF-8", "memsize":40, "flags":{"wb_protected":true, "old":true, "long_lived":true, "marked":true}}
{"address":"0x7fcbb1899a70", "type":"STRING", "class":"0x7fcbb10e0ef0", "frozen":true, "fstring":true, "bytesize":24, "value":"development_dependencies", "encoding":"US-ASCII", "memsize":65, "flags":{"wb_protected":true, "old":true, "long_lived":true, "marked":true}}
{"address":"0x7fcbb1899a98", "type":"STRING", "class":"0x7fcbb10e0ef0", "frozen":true, "embedded":true, "fstring":true, "bytesize":8, "value":"homepage", "encoding":"UTF-8", "memsize":40, "flags":{"wb_protected":true, "old":true, "long_lived":true, "marked":true}}
{"address":"0x7fcbb1899ac0", "type":"STRING", "class":"0x7fcbb10e0ef0", "frozen":true, "embedded":true, "fstring":true, "bytesize":5, "value":"email", "encoding":"UTF-8", "memsize":40, "flags":{"wb_protected":true, "old":true, "long_lived":true, "marked":true}}
{"address":"0x7fcbb1899ae8", "type":"STRING", "class":"0x7fcbb10e0ef0", "frozen":true, "embedded":true, "fstring":true, "bytesize":11, "value":"description", "encoding":"UTF-8", "memsize":40, "flags":{"wb_protected":true, "old":true, "long_lived":true, "marked":true}}
{"address":"0x7fcbb1899b10", "type":"STRING", "class":"0x7fcbb10e0ef0", "frozen":true, "embedded":true, "fstring":true, "bytesize":6, "value":"author", "encoding":"UTF-8", "memsize":40, "flags":{"wb_protected":true, "old":true, "long_lived":true, "marked":true}}
{"address":"0x7fcbb1899b60", "type":"ARRAY", "length":2, "embedded":true, "references":["0x7fcbb1899d18", "0x7fcbb1899cc8"], "memsize":40, "flags":{"wb_protected":true, "old":true, "long_lived":true, "marked":true}}
{"address":"0x7fcbb1899cc8", "type":"STRING", "class":"0x7fcbb10e0ef0", "frozen":true, "embedded":true, "fstring":true, "bytesize":10, "value":" specified", "encoding":"UTF-8", "memsize":40, "flags":{"wb_protected":true, "old":true, "long_lived":true, "marked":true}}
{"address":"0x7fcbb1899cf0", "type":"STRING", "class":"0x7fcbb10e0ef0", "frozen":true, "embedded":true, "fstring":true, "bytesize":12, "value":"description=", "encoding":"US-ASCII", "memsize":40, "flags":{"wb_protected":true, "old":true, "long_lived":true, "marked":true}}
{"address":"0x7fcbb1899d18", "type":"STRING", "class":"0x7fcbb10e0ef0", "frozen":true, "embedded":true, "fstring":true, "bytesize":3, "value":"no ", "encoding":"UTF-8", "memsize":40, "flags":{"wb_protected":true, "old":true, "long_lived":true, "marked":true}}
{"address":"0x7fcbb1899d90", "type":"DATA", "class":"0x7fcbb10c0100", "struct":"iseq", "references":["0x7fcbb1899b60", "0x7fcbb184ae20", "0x7fcbb1042cc8", "0x7fcbb1840970", "0x7fcbb1840970", "0x7fcbb184b348"], "memsize":1200, "flags":{"wb_protected":true, "old":true, "long_lived":true, "marked":true}}
{"address":"0x7fcbb1899e80", "type":"STRING", "class":"0x7fcbb10e0ef0", "frozen":true, "embedded":true, "fstring":true, "bytesize":14, "value":"\" is not a URI", "encoding":"UTF-8", "memsize":40, "flags":{"wb_protected":true, "old":true, "long_lived":true, "marked":true}}
{"address":"0x7fcbb1899f70", "type":"STRING", "class":"0x7fcbb10e0ef0", "frozen":true, "embedded":true, "fstring":true, "bytesize":17, "value":" is not a summary", "encoding":"UTF-8", "memsize":40, "flags":{"wb_protected":true, "old":true, "long_lived":true, "marked":true}}
{"address":"0x7fcbb189a010", "type":"STRING", "class":"0x7fcbb10e0ef0", "frozen":true, "embedded":true, "fstring":true, "bytesize":21, "value":" is not a description", "encoding":"UTF-8", "memsize":40, "flags":{"wb_protected":true, "old":true, "long_lived":true, "marked":true}}
{"address":"0x7fcbb189a038", "type":"STRING", "class":"0x7fcbb10e0ef0", "frozen":true, "embedded":true, "fstring":true, "bytesize":15, "value":"dependent_specs", "encoding":"US-ASCII", "memsize":40, "flags":{"wb_protected":true, "old":true, "long_lived":true, "marked":true}}
{"address":"0x7fcbb189a060", "type":"STRING", "class":"0x7fcbb10e0ef0", "frozen":true, "embedded":true, "fstring":true, "bytesize":16, "value":" is not an email", "encoding":"UTF-8", "memsize":40, "flags":{"wb_protected":true, "old":true, "long_lived":true, "marked":true}}
{"address":"0x7fcbb189a088", "type":"STRING", "class":"0x7fcbb10e0ef0", "frozen":true, "embedded":true, "fstring":true, "bytesize":17, "value":" is not an author", "encoding":"UTF-8", "memsize":40, "flags":{"wb_protected":true, "old":true, "long_lived":true, "marked":true}}
{"address":"0x7fcbb189a0b0", "type":"STRING", "class":"0x7fcbb10e0ef0", "frozen":true, "embedded":true, "fstring":true, "bytesize":23, "value":"\"FIxxxXME\" or \"TOxxxDO\"", "encoding":"UTF-8", "memsize":40, "flags":{"wb_protected":true, "old":true, "long_lived":true, "marked":true}}
{"address":"0x7fcbb189a0d8", "type":"STRING", "class":"0x7fcbb10e0ef0", "frozen":true, "fstring":true, "bytesize":117, "value":"licenses is empty, but is recommended.  Use a license abbreviation from:\nhttp://opensource.org/licenses/alphabetical\n", "encoding":"UTF-8", "memsize":158, "flags":{"wb_protected":true, "old":true, "long_lived":true, "marked":true}}
{"address":"0x7fcbb189a1f0", "type":"ARRAY", "length":1, "embedded":true, "references":["0x7fcbb189a358"], "memsize":40, "flags":{"wb_protected":true, "old":true, "long_lived":true, "marked":true}}
{"address":"0x7fcbb189a358", "type":"STRING", "class":"0x7fcbb10e0ef0", "frozen":true, "fstring":true, "bytesize":42, "value":"each license must be 64 characters or less", "encoding":"UTF-8", "memsize":83, "flags":{"wb_protected":true, "old":true, "long_lived":true, "marked":true}}
{"address":"0x7fcbb189a6a0", "type":"DATA", "class":"0x7fcbb10c0100", "struct":"iseq", "references":["0x7fcbb189a1f0", "0x7fcbb184ae20", "0x7fcbb1042cc8", "0x7fcbb1840970", "0x7fcbb1840970", "0x7fcbb184b348"], "memsize":1080, "flags":{"wb_protected":true, "old":true, "long_lived":true, "marked":true}}
{"address":"0x7fcbb189a768", "type":"STRING", "class":"0x7fcbb10e0ef0", "frozen":true, "embedded":true, "fstring":true, "bytesize":3, "value":"sat", "encoding":"US-ASCII", "memsize":40, "flags":{"wb_protected":true, "old":true, "long_lived":true, "marked":true}}
{"address":"0x7fcbb189a808", "type":"STRING", "class":"0x7fcbb10e0ef0", "frozen":true, "embedded":true, "fstring":true, "bytesize":19, "value":"find_all_satisfiers", "encoding":"US-ASCII", "memsize":40, "flags":{"wb_protected":true, "old":true, "long_lived":true, "marked":true}}
{"address":"0x7fcbb189a830", "type":"ARRAY", "length":3, "embedded":true, "references":["0x7fcbb189aad8", "0x7fcbb189aa88", "0x7fcbb189a9e8"], "memsize":40, "flags":{"wb_protected":true, "old":true, "long_lived":true, "marked":true}}
{"address":"0x7fcbb189a8a8", "type":"STRING", "class":"0x7fcbb10e0ef0", "frozen":true, "embedded":true, "fstring":true, "bytesize":4, "value":"sats", "encoding":"US-ASCII", "memsize":40, "flags":{"wb_protected":true, "old":true, "long_lived":true, "marked":true}}
{"address":"0x7fcbb189a9e8", "type":"STRING", "class":"0x7fcbb10e0ef0", "frozen":true, "embedded":true, "fstring":true, "bytesize":8, "value":" > 1024)", "encoding":"UTF-8", "memsize":40, "flags":{"wb_protected":true, "old":true, "long_lived":true, "marked":true}}
{"address":"0x7fcbb189aa88", "type":"STRING", "class":"0x7fcbb10e0ef0", "frozen":true, "fstring":true, "bytesize":26, "value":"metadata value too large (", "encoding":"UTF-8", "memsize":67, "flags":{"wb_protected":true, "old":true, "long_lived":true, "marked":true}}
{"address":"0x7fcbb189aad8", "type":"STRING", "class":"0x7fcbb10e0ef0", "frozen":true, "fstring":true, "bytesize":32, "value":"metadata values must be a String", "encoding":"UTF-8", "memsize":73, "flags":{"wb_protected":true, "old":true, "long_lived":true, "marked":true}}
{"address":"0x7fcbb189ac40", "type":"STRING", "class":"0x7fcbb10e0ef0", "frozen":true, "embedded":true, "fstring":true, "bytesize":14, "value":"dependent_gems", "encoding":"US-ASCII", "memsize":40, "flags":{"wb_protected":true, "old":true, "long_lived":true, "marked":true}}
{"address":"0x7fcbb189ac68", "type":"DATA", "class":"0x7fcbb10c0100", "struct":"iseq", "references":["0x7fcbb189a830", "0x7fcbb184ae20", "0x7fcbb1042cc8", "0x7fcbb1840970", "0x7fcbb1840970", "0x7fcbb184b348"], "memsize":1904, "flags":{"wb_protected":true, "old":true, "long_lived":true, "marked":true}}
{"address":"0x7fcbb189acb8", "type":"STRING", "class":"0x7fcbb10e0ef0", "frozen":true, "fstring":true, "bytesize":24, "value":"ANCHORED_VERSION_PATTERN", "encoding":"US-ASCII", "memsize":65, "flags":{"wb_protected":true, "old":true, "long_lived":true, "marked":true}}
{"address":"0x7fcbb189ace0", "type":"ARRAY", "length":3, "embedded":true, "references":["0x7fcbb189ae70", "0x7fcbb189ada8", "0x7fcbb189ad58"], "memsize":40, "flags":{"wb_protected":true, "old":true, "long_lived":true, "marked":true}}
{"address":"0x7fcbb189ad58", "type":"STRING", "class":"0x7fcbb10e0ef0", "frozen":true, "embedded":true, "fstring":true, "bytesize":7, "value":" > 128)", "encoding":"UTF-8", "memsize":40, "flags":{"wb_protected":true, "old":true, "long_lived":true, "marked":true}}
{"address":"0x7fcbb189ada8", "type":"STRING", "class":"0x7fcbb10e0ef0", "frozen":true, "fstring":true, "bytesize":24, "value":"metadata key too large (", "encoding":"UTF-8", "memsize":65, "flags":{"wb_protected":true, "old":true, "long_lived":true, "marked":true}}
{"address":"0x7fcbb189ae70", "type":"STRING", "class":"0x7fcbb10e0ef0", "frozen":true, "fstring":true, "bytesize":30, "value":"metadata keys must be a String", "encoding":"UTF-8", "memsize":71, "flags":{"wb_protected":true, "old":true, "long_lived":true, "marked":true}}
{"address":"0x7fcbb189af60", "type":"DATA", "class":"0x7fcbb10c0100", "struct":"iseq", "references":["0x7fcbb189ace0", "0x7fcbb184ae20", "0x7fcbb1042cc8", "0x7fcbb1840970", "0x7fcbb1840970", "0x7fcbb184b348"], "memsize":1904, "flags":{"wb_protected":true, "old":true, "long_lived":true, "marked":true}}
{"address":"0x7fcbb189afb0", "type":"STRING", "class":"0x7fcbb10e0ef0", "frozen":true, "embedded":true, "fstring":true, "bytesize":23, "value":"metadata must be a hash", "encoding":"UTF-8", "memsize":40, "flags":{"wb_protected":true, "old":true, "long_lived":true, "marked":true}}
{"address":"0x7fcbb189b000", "type":"ARRAY", "frozen":true, "length":1, "embedded":true, "memsize":40, "flags":{"wb_protected":true, "old":true, "long_lived":true, "marked":true}}
{"address":"0x7fcbb189b028", "type":"ARRAY", "length":1, "embedded":true, "references":["0x7fcbb189b1e0"], "memsize":40, "flags":{"wb_protected":true, "old":true, "long_lived":true, "marked":true}}
{"address":"0x7fcbb189b078", "type":"STRING", "class":"0x7fcbb10e0ef0", "frozen":true, "embedded":true, "fstring":true, "bytesize":15, "value":"VERSION_PATTERN", "encoding":"US-ASCII", "memsize":40, "flags":{"wb_protected":true, "old":true, "long_lived":true, "marked":true}}
{"address":"0x7fcbb189b1e0", "type":"STRING", "class":"0x7fcbb10e0ef0", "frozen":true, "embedded":true, "fstring":true, "bytesize":17, "value":" may not be empty", "encoding":"UTF-8", "memsize":40, "flags":{"wb_protected":true, "old":true, "long_lived":true, "marked":true}}
{"address":"0x7fcbb189b230", "type":"STRING", "class":"0x7fcbb10e0ef0", "frozen":true, "embedded":true, "fstring":true, "bytesize":13, "value":"default_value", "encoding":"US-ASCII", "memsize":40, "flags":{"wb_protected":true, "old":true, "long_lived":true, "marked":true}}
{"address":"0x7fcbb189b280", "type":"DATA", "class":"0x7fcbb10c0100", "struct":"iseq", "references":["0x7fcbb189b028", "0x7fcbb184ae20", "0x7fcbb1042cc8", "0x7fcbb1840970", "0x7fcbb1840970", "0x7fcbb184b348"], "memsize":1136, "flags":{"wb_protected":true, "old":true, "long_lived":true, "marked":true}}
{"address":"0x7fcbb189b438", "type":"STRING", "class":"0x7fcbb10e0ef0", "frozen":true, "embedded":true, "fstring":true, "bytesize":21, "value":" must be an Array of ", "encoding":"UTF-8", "memsize":40, "flags":{"wb_protected":true, "old":true, "long_lived":true, "marked":true}}
{"address":"0x7fcbb189b848", "type":"DATA", "class":"0x7fcbb10c0100", "struct":"iseq", "references":["0x7fcbb189b910", "0x7fcbb1042cc8", "0x7fcbb1840970", "0x7fcbb1840970", "0x7fcbb184b348"], "memsize":608, "flags":{"wb_protected":true, "old":true, "long_lived":true, "marked":true}}
{"address":"0x7fcbb189b8c0", "type":"STRING", "class":"0x7fcbb10e0ef0", "frozen":true, "embedded":true, "fstring":true, "bytesize":19, "value":"@default_executable", "encoding":"US-ASCII", "memsize":40, "flags":{"wb_protected":true, "old":true, "long_lived":true, "marked":true}}
{"address":"0x7fcbb189b910", "type":"STRING", "class":"0x7fcbb10e0ef0", "frozen":true, "fstring":true, "bytesize":28, "value":"block (2 levels) in validate", "memsize":69, "flags":{"wb_protected":true, "old":true, "long_lived":true, "marked":true}}
{"address":"0x7fcbb189b960", "type":"ARRAY", "length":3, "embedded":true, "references":["0x7fcbb189b988", "0x7fcbb189b848", "0x7fcbb189b438"], "memsize":40, "flags":{"wb_protected":true, "old":true, "long_lived":true, "marked":true}}
{"address":"0x7fcbb189b988", "type":"HASH", "frozen":true, "size":1, "memsize":232, "flags":{"wb_protected":true, "old":true, "long_lived":true, "marked":true}}
{"address":"0x7fcbb189ba00", "type":"DATA", "class":"0x7fcbb10c0100", "struct":"iseq", "references":["0x7fcbb189b960", "0x7fcbb184ae20", "0x7fcbb1042cc8", "0x7fcbb1840970", "0x7fcbb1840970", "0x7fcbb184b348"], "memsize":1856, "flags":{"wb_protected":true, "old":true, "long_lived":true, "marked":true}}
{"address":"0x7fcbb189ba78", "type":"STRING", "class":"0x7fcbb10e0ef0", "frozen":true, "embedded":true, "fstring":true, "bytesize":19, "value":", see Gem::Platform", "encoding":"UTF-8", "memsize":40, "flags":{"wb_protected":true, "old":true, "long_lived":true, "marked":true}}
{"address":"0x7fcbb189baf0", "type":"STRING", "class":"0x7fcbb10e0ef0", "frozen":true, "embedded":true, "fstring":true, "bytesize":17, "value":"invalid platform ", "encoding":"UTF-8", "memsize":40, "flags":{"wb_protected":true, "old":true, "long_lived":true, "marked":true}}
{"address":"0x7fcbb189bbe0", "type":"STRING", "class":"0x7fcbb10e0ef0", "frozen":true, "fstring":true, "bytesize":62, "value":"specification_version must be a Fixnum (did you mean version?)", "encoding":"UTF-8", "memsize":103, "flags":{"wb_protected":true, "old":true, "long_lived":true, "marked":true}}
{"address":"0x7fcbb189bc08", "type":"STRING", "class":"0x7fcbb10e0ef0", "frozen":true, "fstring":true, "bytesize":24, "value":"), check your files list", "encoding":"UTF-8", "memsize":65, "flags":{"wb_protected":true, "old":true, "long_lived":true, "marked":true}}
{"address":"0x7fcbb189bde8", "type":"STRING", "class":"0x7fcbb10e0ef0", "frozen":true, "embedded":true, "fstring":true, "bytesize":18, "value":" contains itself (", "encoding":"UTF-8", "memsize":40, "flags":{"wb_protected":true, "old":true, "long_lived":true, "marked":true}}
{"address":"0x7fcbb189beb0", "type":"STRING", "class":"0x7fcbb10e0ef0", "frozen":true, "embedded":true, "fstring":true, "bytesize":16, "value":"\"] are not files", "encoding":"UTF-8", "memsize":40, "flags":{"wb_protected":true, "old":true, "long_lived":true, "marked":true}}
{"address":"0x7fcbb189bf28", "type":"STRING", "class":"0x7fcbb10e0ef0", "frozen":true, "embedded":true, "fstring":true, "bytesize":4, "value":"\", \"", "encoding":"UTF-8", "memsize":40, "flags":{"wb_protected":true, "old":true, "long_lived":true, "marked":true}}
{"address":"0x7fcbb18a4010", "type":"STRING", "class":"0x7fcbb10e0ef0", "frozen":true, "embedded":true, "fstring":true, "bytesize":13, "value":"[0-9]+|[a-z]+", "encoding":"US-ASCII", "memsize":40, "flags":{"wb_protected":true, "old":true, "long_lived":true, "marked":true}}
{"address":"0x7fcbb18a4088", "type":"REGEXP", "class":"0x7fcbb10d0b40", "references":["0x7fcbb18a4010"], "memsize":696, "flags":{"wb_protected":true, "old":true, "long_lived":true, "marked":true}}
{"address":"0x7fcbb18a49e8", "type":"STRING", "class":"0x7fcbb10e0ef0", "frozen":true, "embedded":true, "fstring":true, "bytesize":7, "value":"release", "encoding":"US-ASCII", "memsize":40, "flags":{"wb_protected":true, "old":true, "long_lived":true, "marked":true}}
{"address":"0x7fcbb18a4fd8", "type":"STRING", "class":"0x7fcbb10e0ef0", "frozen":true, "embedded":true, "fstring":true, "bytesize":8, "value":"[a-zA-Z]", "encoding":"US-ASCII", "memsize":40, "flags":{"wb_protected":true, "old":true, "long_lived":true, "marked":true}}
{"address":"0x7fcbb18a5050", "type":"REGEXP", "class":"0x7fcbb10d0b40", "references":["0x7fcbb18a4fd8"], "memsize":552, "flags":{"wb_protected":true, "old":true, "long_lived":true, "marked":true}}
{"address":"0x7fcbb18a5140", "type":"STRING", "class":"0x7fcbb10e0ef0", "frozen":true, "embedded":true, "fstring":true, "bytesize":11, "value":"@prerelease", "encoding":"US-ASCII", "memsize":40, "flags":{"wb_protected":true, "old":true, "long_lived":true, "marked":true}}
{"address":"0x7fcbb18a56b8", "type":"STRING", "class":"0x7fcbb10e0ef0", "frozen":true, "embedded":true, "fstring":true, "bytesize":18, "value":"to_yaml_properties", "encoding":"US-ASCII", "memsize":40, "flags":{"wb_protected":true, "old":true, "long_lived":true, "marked":true}}
{"address":"0x7fcbb18a6838", "type":"STRING", "class":"0x7fcbb10e0ef0", "frozen":true, "embedded":true, "fstring":true, "bytesize":5, "value":"@hash", "encoding":"US-ASCII", "memsize":40, "flags":{"wb_protected":true, "old":true, "long_lived":true, "marked":true}}
{"address":"0x7fcbb18a7648", "type":"STRING", "class":"0x7fcbb10e0ef0", "frozen":true, "embedded":true, "fstring":true, "bytesize":4, "value":"bump", "encoding":"US-ASCII", "memsize":40, "flags":{"wb_protected":true, "old":true, "long_lived":true, "marked":true}}
{"address":"0x7fcbb18a78c8", "type":"STRING", "class":"0x7fcbb10e0ef0", "frozen":true, "embedded":true, "fstring":true, "bytesize":9, "value":"@segments", "encoding":"US-ASCII", "memsize":40, "flags":{"wb_protected":true, "old":true, "long_lived":true, "marked":true}}
{"address":"0x7fcbb18ac0a8", "type":"STRING", "class":"0x7fcbb10e0ef0", "shared":true, "encoding":"UTF-8", "references":["0x7fcbb18ada98"], "memsize":40, "flags":{"wb_protected":true, "old":true, "long_lived":true, "marked":true}}
{"address":"0x7fcbb18ac0d0", "type":"ICLASS", "class":"0x7fcbb10e1710", "references":["0x7fcbb10e1738", "0x7fcbb10e2c78"], "memsize":40, "flags":{"long_lived":true, "marked":true}}
{"address":"0x7fcbb18ac1e8", "type":"STRING", "class":"0x7fcbb10e0ef0", "frozen":true, "embedded":true, "bytesize":12, "value":"Gem::Version", "encoding":"US-ASCII", "memsize":40, "flags":{"wb_protected":true, "old":true, "long_lived":true, "marked":true}}
{"address":"0x7fcbb18ac210", "type":"CLASS", "class":"0x7fcbb1883540", "name":"Class", "references":["0x7fcbb18ac210", "0x7fcbb18ad958", "0x7fcbb18ac210", "0x7fcbb18ad8b8", "0x7fcbb18ac210", "0x7fcbb18ad818", "0x7fcbb18ac238", "0x7fcbb10e23e0"], "memsize":712, "flags":{"wb_protected":true, "old":true, "long_lived":true, "marked":true}}
{"address":"0x7fcbb18ac238", "type":"CLASS", "class":"0x7fcbb18ac210", "name":"Gem::Version", "references":["0x7fcbb18ac238", "0x7fcbb18ada20", "0x7fcbb18ac238", "0x7fcbb18ada20", "0x7fcbb18ac238", "0x7fcbb18ad778", "0x7fcbb18ac238", "0x7fcbb18ad660", "0x7fcbb18ac238", "0x7fcbb18ad3e0", "0x7fcbb18ac238", "0x7fcbb18ad340", "0x7fcbb18ac238", "0x7fcbb18ad2a0", "0x7fcbb18ac238", "0x7fcbb18ad200", "0x7fcbb18ac238", "0x7fcbb18ad138", "0x7fcbb18ac238", "0x7fcbb18ad098", "0x7fcbb18ac238", "0x7fcbb18acff8", "0x7fcbb18ac238", "0x7fcbb18acf30", "0x7fcbb18ac238", "0x7fcbb18ace40", "0x7fcbb18ac238", "0x7fcbb18acd78", "0x7fcbb18ac238", "0x7fcbb18accb0", "0x7fcbb18ac238", "0x7fcbb18acbc0", "0x7fcbb18ac238", "0x7fcbb18ac940", "0x7fcbb18ac238", "0x7fcbb18ac710", "0x7fcbb18ac238", "0x7fcbb18ac378", "0x7fcbb18ac1e8", "0x7fcbb18834f0", "0x7fcbb18ac0a8", "0x7fcbb1888a18", "0x7fcbb1883ab8", "0x7fcbb1888a18", "0x7fcbb1869a78", "0x7fcbb18b7de0", "0x7fcbb18ac0d0"], "memsize":1992, "flags":{"wb_protected":true, "old":true, "long_lived":true, "marked":true}}
{"address":"0x7fcbb18ac350", "type":"NODE", "frozen":true, "node_type":"NODE_CREF", "references":["0x7fcbb18ac238", "0x7fcbb18adc00"], "memsize":40, "flags":{"wb_protected":true, "old":true, "long_lived":true, "marked":true}}
{"address":"0x7fcbb18ac378", "type":"DATA", "class":"0x7fcbb10c0100", "struct":"iseq", "references":["0x7fcbb10e38f8", "0x7fcbb10e38f8", "0x7fcbb1888a18", "0x7fcbb1888a18", "0x7fcbb18ac350", "0x7fcbb18ac238"], "memsize":4792, "flags":{"wb_protected":true, "old":true, "long_lived":true, "marked":true}}
{"address":"0x7fcbb18ac3a0", "type":"STRING", "class":"0x7fcbb10e0ef0", "frozen":true, "embedded":true, "fstring":true, "bytesize":3, "value":"~> ", "encoding":"UTF-8", "memsize":40, "flags":{"wb_protected":true, "old":true, "long_lived":true, "marked":true}}
{"address":"0x7fcbb18ac558", "type":"ARRAY", "length":3, "embedded":true, "references":["0x7fcbb18ac620", "0x7fcbb18ac3a0", "0x7fcbb104b3c8"], "memsize":40, "flags":{"wb_protected":true, "old":true, "long_lived":true, "marked":true}}
{"address":"0x7fcbb18ac620", "type":"DATA", "class":"0x7fcbb10c0100", "struct":"iseq", "references":["0x7fcbb18ac648", "0x7fcbb1889df0", "0x7fcbb1888a18", "0x7fcbb1888a18", "0x7fcbb18ac6e8"], "memsize":664, "flags":{"wb_protected":true, "old":true, "long_lived":true, "marked":true}}
{"address":"0x7fcbb18ac648", "type":"STRING", "class":"0x7fcbb10e0ef0", "frozen":true, "fstring":true, "bytesize":35, "value":"block in approximate_recommendation", "memsize":76, "flags":{"wb_protected":true, "old":true, "long_lived":true, "marked":true}}
{"address":"0x7fcbb18ac6e8", "type":"NODE", "frozen":true, "node_type":"NODE_CREF", "references":["0x7fcbb18ac238", "0x7fcbb18adc00"], "memsize":40, "flags":{"wb_protected":true, "old":true, "long_lived":true, "marked":true}}
{"address":"0x7fcbb18ac710", "type":"DATA", "class":"0x7fcbb10c0100", "struct":"iseq", "references":["0x7fcbb18ac558", "0x7fcbb1889df0", "0x7fcbb1889df0", "0x7fcbb1888a18", "0x7fcbb1888a18", "0x7fcbb18ac6e8", "0x7fcbb18ac238"], "memsize":2648, "flags":{"wb_protected":true, "old":true, "long_lived":true, "marked":true}}
{"address":"0x7fcbb18ac760", "type":"ARRAY", "length":2, "embedded":true, "references":["0x7fcbb18ac850", "0x7fcbb18a4088"], "memsize":40, "flags":{"wb_protected":true, "old":true, "long_lived":true, "marked":true}}
{"address":"0x7fcbb18ac788", "type":"ARRAY", "length":1, "embedded":true, "references":["0x7fcbb188b3f8"], "memsize":40, "flags":{"wb_protected":true, "old":true, "long_lived":true, "marked":true}}
{"address":"0x7fcbb18ac850", "type":"DATA", "class":"0x7fcbb10c0100", "struct":"iseq", "references":["0x7fcbb18ac788", "0x7fcbb18ac878", "0x7fcbb10aa350", "0x7fcbb1888a18", "0x7fcbb1888a18", "0x7fcbb18ac918"], "memsize":696, "flags":{"wb_protected":true, "old":true, "long_lived":true, "marked":true}}
{"address":"0x7fcbb18ac878", "type":"STRING", "class":"0x7fcbb10e0ef0", "frozen":true, "embedded":true, "fstring":true, "bytesize":17, "value":"block in segments", "memsize":40, "flags":{"wb_protected":true, "old":true, "long_lived":true, "marked":true}}
{"address":"0x7fcbb18ac918", "type":"NODE", "frozen":true, "node_type":"NODE_CREF", "references":["0x7fcbb18ac238", "0x7fcbb18adc00"], "memsize":40, "flags":{"wb_protected":true, "old":true, "long_lived":true, "marked":true}}
{"address":"0x7fcbb18ac940", "type":"DATA", "class":"0x7fcbb10c0100", "struct":"iseq", "references":["0x7fcbb18ac760", "0x7fcbb10aa350", "0x7fcbb10aa350", "0x7fcbb1888a18", "0x7fcbb1888a18", "0x7fcbb18ac918", "0x7fcbb18ac238"], "memsize":920, "flags":{"wb_protected":true, "old":true, "long_lived":true, "marked":true}}
{"address":"0x7fcbb18aca08", "type":"ARRAY", "length":2, "embedded":true, "references":["0x7fcbb18acad0", "0x7fcbb104b3c8"], "memsize":40, "flags":{"wb_protected":true, "old":true, "long_lived":true, "marked":true}}
{"address":"0x7fcbb18acad0", "type":"DATA", "class":"0x7fcbb10c0100", "struct":"iseq", "references":["0x7fcbb18acaf8", "0x7fcbb18a49e8", "0x7fcbb1888a18", "0x7fcbb1888a18", "0x7fcbb18acb98"], "memsize":664, "flags":{"wb_protected":true, "old":true, "long_lived":true, "marked":true}}
{"address":"0x7fcbb18acaf8", "type":"STRING", "class":"0x7fcbb10e0ef0", "frozen":true, "embedded":true, "fstring":true, "bytesize":16, "value":"block in release", "memsize":40, "flags":{"wb_protected":true, "old":true, "long_lived":true, "marked":true}}
{"address":"0x7fcbb18acb98", "type":"NODE", "frozen":true, "node_type":"NODE_CREF", "references":["0x7fcbb18ac238", "0x7fcbb18adc00"], "memsize":40, "flags":{"wb_protected":true, "old":true, "long_lived":true, "marked":true}}
{"address":"0x7fcbb18acbc0", "type":"DATA", "class":"0x7fcbb10c0100", "struct":"iseq", "references":["0x7fcbb18aca08", "0x7fcbb18a49e8", "0x7fcbb18a49e8", "0x7fcbb1888a18", "0x7fcbb1888a18", "0x7fcbb18acb98", "0x7fcbb18ac238"], "memsize":1832, "flags":{"wb_protected":true, "old":true, "long_lived":true, "marked":true}}
{"address":"0x7fcbb18acbe8", "type":"ARRAY", "length":2, "embedded":true, "references":["0x7fcbb18acc10", "0x7fcbb1052290"], "memsize":40, "flags":{"wb_protected":true, "old":true, "long_lived":true, "marked":true}}
{"address":"0x7fcbb18acc10", "type":"STRING", "class":"0x7fcbb10e0ef0", "frozen":true, "embedded":true, "fstring":true, "bytesize":17, "value":"Gem::Version.new(", "encoding":"UTF-8", "memsize":40, "flags":{"wb_protected":true, "old":true, "long_lived":true, "marked":true}}
{"address":"0x7fcbb18acc88", "type":"NODE", "frozen":true, "node_type":"NODE_CREF", "references":["0x7fcbb18ac238", "0x7fcbb18adc00"], "memsize":40, "flags":{"wb_protected":true, "old":true, "long_lived":true, "marked":true}}
{"address":"0x7fcbb18accb0", "type":"DATA", "class":"0x7fcbb10c0100", "struct":"iseq", "references":["0x7fcbb18acbe8", "0x7fcbb1830638", "0x7fcbb1830638", "0x7fcbb1888a18", "0x7fcbb1888a18", "0x7fcbb18acc88", "0x7fcbb18ac238"], "memsize":848, "flags":{"wb_protected":true, "old":true, "long_lived":true, "marked":true}}
{"address":"0x7fcbb18accd8", "type":"ARRAY", "length":1, "embedded":true, "references":["0x7fcbb18a5050"], "memsize":40, "flags":{"wb_protected":true, "old":true, "long_lived":true, "marked":true}}
{"address":"0x7fcbb18acd50", "type":"NODE", "frozen":true, "node_type":"NODE_CREF", "references":["0x7fcbb18ac238", "0x7fcbb18adc00"], "memsize":40, "flags":{"wb_protected":true, "old":true, "long_lived":true, "marked":true}}
{"address":"0x7fcbb18acd78", "type":"DATA", "class":"0x7fcbb10c0100", "struct":"iseq", "references":["0x7fcbb18accd8", "0x7fcbb18727e0", "0x7fcbb18727e0", "0x7fcbb1888a18", "0x7fcbb1888a18", "0x7fcbb18acd50", "0x7fcbb18ac238"], "memsize":992, "flags":{"wb_protected":true, "old":true, "long_lived":true, "marked":true}}
{"address":"0x7fcbb18acda0", "type":"ARRAY", "length":1, "embedded":true, "references":["0x7fcbb18294a0"], "memsize":40, "flags":{"wb_protected":true, "old":true, "long_lived":true, "marked":true}}
{"address":"0x7fcbb18ace18", "type":"NODE", "frozen":true, "node_type":"NODE_CREF", "references":["0x7fcbb18ac238", "0x7fcbb18adc00"], "memsize":40, "flags":{"wb_protected":true, "old":true, "long_lived":true, "marked":true}}
{"address":"0x7fcbb18ace40", "type":"DATA", "class":"0x7fcbb10c0100", "struct":"iseq", "references":["0x7fcbb18acda0", "0x7fcbb1898f30", "0x7fcbb1898f30", "0x7fcbb1888a18", "0x7fcbb1888a18", "0x7fcbb18ace18", "0x7fcbb18ac238"], "memsize":600, "flags":{"wb_protected":true, "old":true, "long_lived":true, "marked":true}}
{"address":"0x7fcbb18ace68", "type":"ARRAY", "length":1, "embedded":true, "references":["0x7fcbb18ace90"], "memsize":40, "flags":{"wb_protected":true, "old":true, "long_lived":true, "marked":true}}
{"address":"0x7fcbb18ace90", "type":"STRING", "class":"0x7fcbb10e0ef0", "frozen":true, "embedded":true, "fstring":true, "bytesize":8, "value":"@version", "encoding":"UTF-8", "memsize":40, "flags":{"wb_protected":true, "old":true, "long_lived":true, "marked":true}}
{"address":"0x7fcbb18acf08", "type":"NODE", "frozen":true, "node_type":"NODE_CREF", "references":["0x7fcbb18ac238", "0x7fcbb18adc00"], "memsize":40, "flags":{"wb_protected":true, "old":true, "long_lived":true, "marked":true}}
{"address":"0x7fcbb18acf30", "type":"DATA", "class":"0x7fcbb10c0100", "struct":"iseq", "references":["0x7fcbb18ace68", "0x7fcbb18a56b8", "0x7fcbb18a56b8", "0x7fcbb1888a18", "0x7fcbb1888a18", "0x7fcbb18acf08", "0x7fcbb18ac238"], "memsize":432, "flags":{"wb_protected":true, "old":true, "long_lived":true, "marked":true}}
{"address":"0x7fcbb18acf58", "type":"ARRAY", "length":1, "embedded":true, "references":["0x7fcbb18294a0"], "memsize":40, "flags":{"wb_protected":true, "old":true, "long_lived":true, "marked":true}}
{"address":"0x7fcbb18acfd0", "type":"NODE", "frozen":true, "node_type":"NODE_CREF", "references":["0x7fcbb18ac238", "0x7fcbb18adc00"], "memsize":40, "flags":{"wb_protected":true, "old":true, "long_lived":true, "marked":true}}
{"address":"0x7fcbb18acff8", "type":"DATA", "class":"0x7fcbb10c0100", "struct":"iseq", "references":["0x7fcbb18acf58", "0x7fcbb1862a70", "0x7fcbb1862a70", "0x7fcbb1888a18", "0x7fcbb1888a18", "0x7fcbb18acfd0", "0x7fcbb18ac238"], "memsize":752, "flags":{"wb_protected":true, "old":true, "long_lived":true, "marked":true}}
{"address":"0x7fcbb18ad070", "type":"NODE", "frozen":true, "node_type":"NODE_CREF", "references":["0x7fcbb18ac238", "0x7fcbb18adc00"], "memsize":40, "flags":{"wb_protected":true, "old":true, "long_lived":true, "marked":true}}
{"address":"0x7fcbb18ad098", "type":"DATA", "class":"0x7fcbb10c0100", "struct":"iseq", "references":["0x7fcbb10cba78", "0x7fcbb10cba78", "0x7fcbb1888a18", "0x7fcbb1888a18", "0x7fcbb18ad070", "0x7fcbb18ac238"], "memsize":680, "flags":{"wb_protected":true, "old":true, "long_lived":true, "marked":true}}
{"address":"0x7fcbb18ad110", "type":"NODE", "frozen":true, "node_type":"NODE_CREF", "references":["0x7fcbb18ac238", "0x7fcbb18adc00"], "memsize":40, "flags":{"wb_protected":true, "old":true, "long_lived":true, "marked":true}}
{"address":"0x7fcbb18ad138", "type":"DATA", "class":"0x7fcbb10c0100", "struct":"iseq", "references":["0x7fcbb10cbaa0", "0x7fcbb10cbaa0", "0x7fcbb1888a18", "0x7fcbb1888a18", "0x7fcbb18ad110", "0x7fcbb18ac238"], "memsize":544, "flags":{"wb_protected":true, "old":true, "long_lived":true, "marked":true}}
{"address":"0x7fcbb18ad160", "type":"ARRAY", "length":3, "embedded":true, "references":["0x7fcbb186bbc0", "0x7fcbb186bb20", "0x7fcbb186baa8"], "memsize":40, "flags":{"wb_protected":true, "old":true, "long_lived":true, "marked":true}}
{"address":"0x7fcbb18ad1d8", "type":"NODE", "frozen":true, "node_type":"NODE_CREF", "references":["0x7fcbb18ac238", "0x7fcbb18adc00"], "memsize":40, "flags":{"wb_protected":true, "old":true, "long_lived":true, "marked":true}}
{"address":"0x7fcbb18ad200", "type":"DATA", "class":"0x7fcbb10c0100", "struct":"iseq", "references":["0x7fcbb18ad160", "0x7fcbb10e3678", "0x7fcbb10e3678", "0x7fcbb1888a18", "0x7fcbb1888a18", "0x7fcbb18ad1d8", "0x7fcbb18ac238"], "memsize":856, "flags":{"wb_protected":true, "old":true, "long_lived":true, "marked":true}}
{"address":"0x7fcbb18ad278", "type":"NODE", "frozen":true, "node_type":"NODE_CREF", "references":["0x7fcbb18ac238", "0x7fcbb18adc00"], "memsize":40, "flags":{"wb_protected":true, "old":true, "long_lived":true, "marked":true}}
{"address":"0x7fcbb18ad2a0", "type":"DATA", "class":"0x7fcbb10c0100", "struct":"iseq", "references":["0x7fcbb1863060", "0x7fcbb1863060", "0x7fcbb1888a18", "0x7fcbb1888a18", "0x7fcbb18ad278", "0x7fcbb18ac238"], "memsize":808, "flags":{"wb_protected":true, "old":true, "long_lived":true, "marked":true}}
{"address":"0x7fcbb18ad318", "type":"NODE", "frozen":true, "node_type":"NODE_CREF", "references":["0x7fcbb18ac238", "0x7fcbb18adc00"], "memsize":40, "flags":{"wb_protected":true, "old":true, "long_lived":true, "marked":true}}
{"address":"0x7fcbb18ad340", "type":"DATA", "class":"0x7fcbb10c0100", "struct":"iseq", "references":["0x7fcbb10e2a20", "0x7fcbb10e2a20", "0x7fcbb1888a18", "0x7fcbb1888a18", "0x7fcbb18ad318", "0x7fcbb18ac238"], "memsize":824, "flags":{"wb_protected":true, "old":true, "long_lived":true, "marked":true}}
{"address":"0x7fcbb18ad3b8", "type":"NODE", "frozen":true, "node_type":"NODE_CREF", "references":["0x7fcbb18ac238", "0x7fcbb18adc00"], "memsize":40, "flags":{"wb_protected":true, "old":true, "long_lived":true, "marked":true}}
{"address":"0x7fcbb18ad3e0", "type":"DATA", "class":"0x7fcbb10c0100", "struct":"iseq", "references":["0x7fcbb10e2fc0", "0x7fcbb10e2fc0", "0x7fcbb1888a18", "0x7fcbb1888a18", "0x7fcbb18ad3b8", "0x7fcbb18ac238"], "memsize":1000, "flags":{"wb_protected":true, "old":true, "long_lived":true, "marked":true}}
{"address":"0x7fcbb18ad4a8", "type":"ARRAY", "length":2, "embedded":true, "references":["0x7fcbb18ad570", "0x7fcbb104b3c8"], "memsize":40, "flags":{"wb_protected":true, "old":true, "long_lived":true, "marked":true}}
{"address":"0x7fcbb18ad570", "type":"DATA", "class":"0x7fcbb10c0100", "struct":"iseq", "references":["0x7fcbb18ad598", "0x7fcbb18a7648", "0x7fcbb1888a18", "0x7fcbb1888a18", "0x7fcbb18ad638"], "memsize":664, "flags":{"wb_protected":true, "old":true, "long_lived":true, "marked":true}}
{"address":"0x7fcbb18ad598", "type":"STRING", "class":"0x7fcbb10e0ef0", "frozen":true, "embedded":true, "fstring":true, "bytesize":13, "value":"block in bump", "memsize":40, "flags":{"wb_protected":true, "old":true, "long_lived":true, "marked":true}}
{"address":"0x7fcbb18ad638", "type":"NODE", "frozen":true, "node_type":"NODE_CREF", "references":["0x7fcbb18ac238", "0x7fcbb18adc00"], "memsize":40, "flags":{"wb_protected":true, "old":true, "long_lived":true, "marked":true}}
{"address":"0x7fcbb18ad660", "type":"DATA", "class":"0x7fcbb10c0100", "struct":"iseq", "references":["0x7fcbb18ad4a8", "0x7fcbb18a7648", "0x7fcbb18a7648", "0x7fcbb1888a18", "0x7fcbb1888a18", "0x7fcbb18ad638", "0x7fcbb18ac238"], "memsize":2520, "flags":{"wb_protected":true, "old":true, "long_lived":true, "marked":true}}
{"address":"0x7fcbb18ad688", "type":"ARRAY", "length":3, "embedded":true, "references":["0x7fcbb18ad6d8", "0x7fcbb1048b50", "0x7fcbb18ad6b0"], "memsize":40, "flags":{"wb_protected":true, "old":true, "long_lived":true, "marked":true}}
{"address":"0x7fcbb18ad6b0", "type":"STRING", "class":"0x7fcbb10e0ef0", "frozen":true, "embedded":true, "fstring":true, "bytesize":5, "value":".pre.", "encoding":"UTF-8", "memsize":40, "flags":{"wb_protected":true, "old":true, "long_lived":true, "marked":true}}
{"address":"0x7fcbb18ad6d8", "type":"STRING", "class":"0x7fcbb10e0ef0", "frozen":true, "fstring":true, "bytesize":32, "value":"Malformed version number string ", "encoding":"UTF-8", "memsize":73, "flags":{"wb_protected":true, "old":true, "long_lived":true, "marked":true}}
{"address":"0x7fcbb18ad750", "type":"NODE", "frozen":true, "node_type":"NODE_CREF", "references":["0x7fcbb18ac238", "0x7fcbb18adc00"], "memsize":40, "flags":{"wb_protected":true, "old":true, "long_lived":true, "marked":true}}
{"address":"0x7fcbb18ad778", "type":"DATA", "class":"0x7fcbb10c0100", "struct":"iseq", "references":["0x7fcbb18ad688", "0x7fcbb10e3330", "0x7fcbb10e3330", "0x7fcbb1888a18", "0x7fcbb1888a18", "0x7fcbb18ad750", "0x7fcbb18ac238"], "memsize":1512, "flags":{"wb_protected":true, "old":true, "long_lived":true, "marked":true}}
{"address":"0x7fcbb18ad7f0", "type":"NODE", "frozen":true, "node_type":"NODE_CREF", "references":["0x7fcbb18ac238", "0x7fcbb18adc00"], "memsize":40, "flags":{"wb_protected":true, "old":true, "long_lived":true, "marked":true}}
{"address":"0x7fcbb18ad818", "type":"DATA", "class":"0x7fcbb10c0100", "struct":"iseq", "references":["0x7fcbb10e2340", "0x7fcbb10e2340", "0x7fcbb1888a18", "0x7fcbb1888a18", "0x7fcbb18ad7f0", "0x7fcbb18ac210"], "memsize":1408, "flags":{"wb_protected":true, "old":true, "long_lived":true, "marked":true}}
{"address":"0x7fcbb18ad890", "type":"NODE", "frozen":true, "node_type":"NODE_CREF", "references":["0x7fcbb18ac238", "0x7fcbb18adc00"], "memsize":40, "flags":{"wb_protected":true, "old":true, "long_lived":true, "marked":true}}
{"address":"0x7fcbb18ad8b8", "type":"DATA", "class":"0x7fcbb10c0100", "struct":"iseq", "references":["0x7fcbb1859358", "0x7fcbb1859358", "0x7fcbb1888a18", "0x7fcbb1888a18", "0x7fcbb18ad890", "0x7fcbb18ac210"], "memsize":1000, "flags":{"wb_protected":true, "old":true, "long_lived":true, "marked":true}}
{"address":"0x7fcbb18ad930", "type":"NODE", "frozen":true, "node_type":"NODE_CREF", "references":["0x7fcbb18ac238", "0x7fcbb18adc00"], "memsize":40, "flags":{"wb_protected":true, "old":true, "long_lived":true, "marked":true}}
{"address":"0x7fcbb18ad958", "type":"DATA", "class":"0x7fcbb10c0100", "struct":"iseq", "references":["0x7fcbb18988c8", "0x7fcbb18988c8", "0x7fcbb1888a18", "0x7fcbb1888a18", "0x7fcbb18ad930", "0x7fcbb18ac210"], "memsize":736, "flags":{"wb_protected":true, "old":true, "long_lived":true, "marked":true}}
{"address":"0x7fcbb18ad9f8", "type":"NODE", "frozen":true, "node_type":"NODE_CREF", "references":["0x7fcbb18ac238", "0x7fcbb18adc00"], "memsize":40, "flags":{"wb_protected":true, "old":true, "long_lived":true, "marked":true}}
{"address":"0x7fcbb18ada20", "type":"DATA", "class":"0x7fcbb10c0100", "struct":"iseq", "references":["0x7fcbb10835c0", "0x7fcbb10835c0", "0x7fcbb1888a18", "0x7fcbb1888a18", "0x7fcbb18ad9f8", "0x7fcbb18ac238"], "memsize":560, "flags":{"wb_protected":true, "old":true, "long_lived":true, "marked":true}}
{"address":"0x7fcbb18ada98", "type":"STRING", "class":"0x7fcbb10e0ef0", "frozen":true, "fstring":true, "bytesize":60, "value":"[0-9]+(?>\\.[0-9a-zA-Z]+)*(-[0-9A-Za-z-]+(\\.[0-9A-Za-z-]+)*)?", "encoding":"UTF-8", "memsize":101, "flags":{"wb_protected":true, "old":true, "long_lived":true, "marked":true}}
{"address":"0x7fcbb18adc00", "type":"NODE", "frozen":true, "node_type":"NODE_CREF", "references":["0x7fcbb10e2c78"], "memsize":40, "flags":{"wb_protected":true, "old":true, "long_lived":true, "marked":true}}
{"address":"0x7fcbb18af000", "type":"STRING", "class":"0x7fcbb10e0ef0", "frozen":true, "embedded":true, "fstring":true, "bytesize":3, "value":"rhs", "encoding":"US-ASCII", "memsize":40, "flags":{"wb_protected":true, "old":true, "long_lived":true, "marked":true}}
{"address":"0x7fcbb18af078", "type":"STRING", "class":"0x7fcbb10e0ef0", "frozen":true, "embedded":true, "fstring":true, "bytesize":3, "value":"lhs", "encoding":"US-ASCII", "memsize":40, "flags":{"wb_protected":true, "old":true, "long_lived":true, "marked":true}}
{"address":"0x7fcbb18af528", "type":"STRING", "class":"0x7fcbb10e0ef0", "frozen":true, "embedded":true, "fstring":true, "bytesize":6, "value":"rhsize", "encoding":"US-ASCII", "memsize":40, "flags":{"wb_protected":true, "old":true, "long_lived":true, "marked":true}}
{"address":"0x7fcbb18af618", "type":"STRING", "class":"0x7fcbb10e0ef0", "frozen":true, "embedded":true, "fstring":true, "bytesize":6, "value":"lhsize", "encoding":"US-ASCII", "memsize":40, "flags":{"wb_protected":true, "old":true, "long_lived":true, "marked":true}}
{"address":"0x7fcbb18af730", "type":"STRING", "class":"0x7fcbb10e0ef0", "frozen":true, "embedded":true, "fstring":true, "bytesize":10, "value":"rhsegments", "encoding":"US-ASCII", "memsize":40, "flags":{"wb_protected":true, "old":true, "long_lived":true, "marked":true}}
{"address":"0x7fcbb18af7f8", "type":"STRING", "class":"0x7fcbb10e0ef0", "frozen":true, "embedded":true, "fstring":true, "bytesize":10, "value":"lhsegments", "encoding":"US-ASCII", "memsize":40, "flags":{"wb_protected":true, "old":true, "long_lived":true, "marked":true}}
{"address":"0x7fcbb18b4168", "type":"STRING", "class":"0x7fcbb10e0ef0", "frozen":true, "embedded":true, "fstring":true, "bytesize":5, "value":"parse", "encoding":"US-ASCII", "memsize":40, "flags":{"wb_protected":true, "old":true, "long_lived":true, "marked":true}}
{"address":"0x7fcbb18b4cd0", "type":"STRING", "class":"0x7fcbb10e0ef0", "frozen":true, "embedded":true, "fstring":true, "bytesize":10, "value":"source_set", "encoding":"US-ASCII", "memsize":40, "flags":{"wb_protected":true, "old":true, "long_lived":true, "marked":true}}
{"address":"0x7fcbb18b5388", "type":"STRING", "class":"0x7fcbb10e0ef0", "frozen":true, "embedded":true, "fstring":true, "bytesize":19, "value":"BadRequirementError", "encoding":"US-ASCII", "memsize":40, "flags":{"wb_protected":true, "old":true, "long_lived":true, "marked":true}}
{"address":"0x7fcbb18b5658", "type":"STRING", "class":"0x7fcbb10e0ef0", "frozen":true, "embedded":true, "fstring":true, "bytesize":18, "value":"DefaultRequirement", "encoding":"US-ASCII", "memsize":40, "flags":{"wb_protected":true, "old":true, "long_lived":true, "marked":true}}
{"address":"0x7fcbb18b5950", "type":"STRING", "class":"0x7fcbb10e0ef0", "frozen":true, "embedded":true, "fstring":true, "bytesize":7, "value":"PATTERN", "encoding":"US-ASCII", "memsize":40, "flags":{"wb_protected":true, "old":true, "long_lived":true, "marked":true}}
{"address":"0x7fcbb18b5d38", "type":"STRING", "class":"0x7fcbb10e0ef0", "frozen":true, "embedded":true, "fstring":true, "bytesize":11, "value":"PATTERN_RAW", "encoding":"US-ASCII", "memsize":40, "flags":{"wb_protected":true, "old":true, "long_lived":true, "marked":true}}
{"address":"0x7fcbb18b6058", "type":"STRING", "class":"0x7fcbb10e0ef0", "frozen":true, "embedded":true, "fstring":true, "bytesize":6, "value":"quoted", "encoding":"US-ASCII", "memsize":40, "flags":{"wb_protected":true, "old":true, "long_lived":true, "marked":true}}
{"address":"0x7fcbb18b6260", "type":"STRING", "class":"0x7fcbb10e0ef0", "frozen":true, "embedded":true, "fstring":true, "bytesize":12, "value":"for_lockfile", "encoding":"US-ASCII", "memsize":40, "flags":{"wb_protected":true, "old":true, "long_lived":true, "marked":true}}
{"address":"0x7fcbb18b62d8", "type":"STRING", "class":"0x7fcbb10e0ef0", "frozen":true, "embedded":true, "fstring":true, "bytesize":22, "value":"SOURCE_SET_REQUIREMENT", "encoding":"US-ASCII", "memsize":40, "flags":{"wb_protected":true, "old":true, "long_lived":true, "marked":true}}
{"address":"0x7fcbb18b6788", "type":"STRING", "class":"0x7fcbb10e0ef0", "frozen":true, "embedded":true, "fstring":true, "bytesize":2, "value":"<=", "encoding":"UTF-8", "memsize":40, "flags":{"wb_protected":true, "old":true, "long_lived":true, "marked":true}}
{"address":"0x7fcbb18b6cb0", "type":"STRING", "class":"0x7fcbb10e0ef0", "frozen":true, "embedded":true, "fstring":true, "bytesize":1, "value":"<", "encoding":"UTF-8", "memsize":40, "flags":{"wb_protected":true, "old":true, "long_lived":true, "marked":true}}
{"address":"0x7fcbb18b71d8", "type":"STRING", "class":"0x7fcbb10e0ef0", "frozen":true, "embedded":true, "fstring":true, "bytesize":2, "value":"!=", "encoding":"UTF-8", "memsize":40, "flags":{"wb_protected":true, "old":true, "long_lived":true, "marked":true}}
{"address":"0x7fcbb18b7480", "type":"STRING", "class":"0x7fcbb10e0ef0", "frozen":true, "embedded":true, "fstring":true, "bytesize":1, "value":"=", "encoding":"UTF-8", "memsize":40, "flags":{"wb_protected":true, "old":true, "long_lived":true, "marked":true}}
{"address":"0x7fcbb18b7700", "type":"STRING", "class":"0x7fcbb10e0ef0", "frozen":true, "embedded":true, "fstring":true, "bytesize":3, "value":"OPS", "encoding":"US-ASCII", "memsize":40, "flags":{"wb_protected":true, "old":true, "long_lived":true, "marked":true}}
{"address":"0x7fcbb18b7de0", "type":"STRING", "class":"0x7fcbb10e0ef0", "frozen":true, "fstring":true, "bytesize":83, "capacity":118, "value":"/Users/path/.rvm/rubies/ruby-2.2.3/lib/ruby/site_ruby/2.2.0/rubygems/requirement.rb", "encoding":"US-ASCII", "memsize":159, "flags":{"wb_protected":true, "old":true, "long_lived":true, "marked":true}}
{"address":"0x7fcbb18bdd30", "type":"STRING", "class":"0x7fcbb10e0ef0", "frozen":true, "fstring":true, "bytesize":36, "value":"fix_syck_default_key_in_requirements", "encoding":"US-ASCII", "memsize":77, "flags":{"wb_protected":true, "old":true, "long_lived":true, "marked":true}}
{"address":"0x7fcbb18be898", "type":"STRING", "class":"0x7fcbb10e0ef0", "frozen":true, "embedded":true, "fstring":true, "bytesize":6, "value":"exact?", "encoding":"US-ASCII", "memsize":40, "flags":{"wb_protected":true, "old":true, "long_lived":true, "marked":true}}
{"address":"0x7fcbb18c4018", "type":"STRING", "class":"0x7fcbb10e0ef0", "frozen":true, "embedded":true, "fstring":true, "bytesize":21, "value":"Need a Gem::Version: ", "encoding":"UTF-8", "memsize":40, "flags":{"wb_protected":true, "old":true, "long_lived":true, "marked":true}}
{"address":"0x7fcbb18c4090", "type":"NODE", "frozen":true, "node_type":"NODE_CREF", "references":["0x7fcbb1869a78", "0x7fcbb18c65c0"], "memsize":40, "flags":{"wb_protected":true, "old":true, "long_lived":true, "marked":true}}
{"address":"0x7fcbb18c40b8", "type":"DATA", "class":"0x7fcbb10c0100", "struct":"iseq", "references":["0x7fcbb186bbe8", "0x7fcbb2019070", "0x7fcbb2019070", "0x7fcbb18b7de0", "0x7fcbb18b7de0", "0x7fcbb18c4090", "0x7fcbb1869a78"], "memsize":1352, "flags":{"wb_protected":true, "old":true, "long_lived":true, "marked":true}}
{"address":"0x7fcbb18c4108", "type":"ARRAY", "length":3, "embedded":true, "references":["0x7fcbb18c41d0", "0x7fcbb185b018", "0x7fcbb1052290"], "memsize":40, "flags":{"wb_protected":true, "old":true, "long_lived":true, "marked":true}}
{"address":"0x7fcbb18c41d0", "type":"DATA", "class":"0x7fcbb10c0100", "struct":"iseq", "references":["0x7fcbb18690c8", "0x7fcbb1830638", "0x7fcbb18b7de0", "0x7fcbb18b7de0", "0x7fcbb18c4270"], "memsize":736, "flags":{"wb_protected":true, "old":true, "long_lived":true, "marked":true}}
{"address":"0x7fcbb18c4270", "type":"NODE", "frozen":true, "node_type":"NODE_CREF", "references":["0x7fcbb1869a78", "0x7fcbb18c65c0"], "memsize":40, "flags":{"wb_protected":true, "old":true, "long_lived":true, "marked":true}}
{"address":"0x7fcbb18c4298", "type":"DATA", "class":"0x7fcbb10c0100", "struct":"iseq", "references":["0x7fcbb18c4108", "0x7fcbb1830638", "0x7fcbb1830638", "0x7fcbb18b7de0", "0x7fcbb18b7de0", "0x7fcbb18c4270", "0x7fcbb1869a78"], "memsize":624, "flags":{"wb_protected":true, "old":true, "long_lived":true, "marked":true}}
{"address":"0x7fcbb18c42e8", "type":"ARRAY", "length":1, "embedded":true, "references":["0x7fcbb18c43b0"], "memsize":40, "flags":{"wb_protected":true, "old":true, "long_lived":true, "marked":true}}
{"address":"0x7fcbb18c43b0", "type":"DATA", "class":"0x7fcbb10c0100", "struct":"iseq", "references":["0x7fcbb18c43d8", "0x7fcbb18727e0", "0x7fcbb18b7de0", "0x7fcbb18b7de0", "0x7fcbb18c4478"], "memsize":712, "flags":{"wb_protected":true, "old":true, "long_lived":true, "marked":true}}
{"address":"0x7fcbb18c43d8", "type":"STRING", "class":"0x7fcbb10e0ef0", "frozen":true, "embedded":true, "fstring":true, "bytesize":20, "value":"block in prerelease?", "memsize":40, "flags":{"wb_protected":true, "old":true, "long_lived":true, "marked":true}}
{"address":"0x7fcbb18c4478", "type":"NODE", "frozen":true, "node_type":"NODE_CREF", "references":["0x7fcbb1869a78", "0x7fcbb18c65c0"], "memsize":40, "flags":{"wb_protected":true, "old":true, "long_lived":true, "marked":true}}
{"address":"0x7fcbb18c44a0", "type":"DATA", "class":"0x7fcbb10c0100", "struct":"iseq", "references":["0x7fcbb18c42e8", "0x7fcbb18727e0", "0x7fcbb18727e0", "0x7fcbb18b7de0", "0x7fcbb18b7de0", "0x7fcbb18c4478", "0x7fcbb1869a78"], "memsize":688, "flags":{"wb_protected":true, "old":true, "long_lived":true, "marked":true}}
{"address":"0x7fcbb18c44c8", "type":"ARRAY", "length":1, "embedded":true, "references":["0x7fcbb18c44f0"], "memsize":40, "flags":{"wb_protected":true, "old":true, "long_lived":true, "marked":true}}
{"address":"0x7fcbb18c44f0", "type":"STRING", "class":"0x7fcbb10e0ef0", "frozen":true, "embedded":true, "fstring":true, "bytesize":12, "value":"requirements", "encoding":"UTF-8", "memsize":40, "flags":{"wb_protected":true, "old":true, "long_lived":true, "marked":true}}
{"address":"0x7fcbb18c4568", "type":"NODE", "frozen":true, "node_type":"NODE_CREF", "references":["0x7fcbb1869a78", "0x7fcbb18c65c0"], "memsize":40, "flags":{"wb_protected":true, "old":true, "long_lived":true, "marked":true}}
{"address":"0x7fcbb18c4590", "type":"DATA", "class":"0x7fcbb10c0100", "struct":"iseq", "references":["0x7fcbb18c44c8", "0x7fcbb1898f30", "0x7fcbb1898f30", "0x7fcbb18b7de0", "0x7fcbb18b7de0", "0x7fcbb18c4568", "0x7fcbb1869a78"], "memsize":600, "flags":{"wb_protected":true, "old":true, "long_lived":true, "marked":true}}
{"address":"0x7fcbb18c45b8", "type":"ARRAY", "length":1, "embedded":true, "references":["0x7fcbb18c45e0"], "memsize":40, "flags":{"wb_protected":true, "old":true, "long_lived":true, "marked":true}}
{"address":"0x7fcbb18c45e0", "type":"STRING", "class":"0x7fcbb10e0ef0", "frozen":true, "embedded":true, "fstring":true, "bytesize":13, "value":"@requirements", "encoding":"UTF-8", "memsize":40, "flags":{"wb_protected":true, "old":true, "long_lived":true, "marked":true}}
{"address":"0x7fcbb18c4658", "type":"NODE", "frozen":true, "node_type":"NODE_CREF", "references":["0x7fcbb1869a78", "0x7fcbb18c65c0"], "memsize":40, "flags":{"wb_protected":true, "old":true, "long_lived":true, "marked":true}}
{"address":"0x7fcbb18c4680", "type":"DATA", "class":"0x7fcbb10c0100", "struct":"iseq", "references":["0x7fcbb18c45b8", "0x7fcbb18a56b8", "0x7fcbb18a56b8", "0x7fcbb18b7de0", "0x7fcbb18b7de0", "0x7fcbb18c4658", "0x7fcbb1869a78"], "memsize":432, "flags":{"wb_protected":true, "old":true, "long_lived":true, "marked":true}}
{"address":"0x7fcbb18c46f8", "type":"NODE", "frozen":true, "node_type":"NODE_CREF", "references":["0x7fcbb1869a78", "0x7fcbb18c65c0"], "memsize":40, "flags":{"wb_protected":true, "old":true, "long_lived":true, "marked":true}}
{"address":"0x7fcbb18c4720", "type":"DATA", "class":"0x7fcbb10c0100", "struct":"iseq", "references":["0x7fcbb1863060", "0x7fcbb1863060", "0x7fcbb18b7de0", "0x7fcbb18b7de0", "0x7fcbb18c46f8", "0x7fcbb1869a78"], "memsize":808, "flags":{"wb_protected":true, "old":true, "long_lived":true, "marked":true}}
{"address":"0x7fcbb18c4770", "type":"ARRAY", "length":1, "embedded":true, "references":["0x7fcbb18c4860"], "memsize":40, "flags":{"wb_protected":true, "old":true, "long_lived":true, "marked":true}}
{"address":"0x7fcbb18c4798", "type":"ARRAY", "length":1, "embedded":true, "references":["0x7fcbb18292e8"], "memsize":40, "flags":{"wb_protected":true, "old":true, "long_lived":true, "marked":true}}
{"address":"0x7fcbb18c4860", "type":"DATA", "class":"0x7fcbb10c0100", "struct":"iseq", "references":["0x7fcbb18c4798", "0x7fcbb1889d78", "0x7fcbb1862a70", "0x7fcbb18b7de0", "0x7fcbb18b7de0", "0x7fcbb18c4900"], "memsize":688, "flags":{"wb_protected":true, "old":true, "long_lived":true, "marked":true}}
{"address":"0x7fcbb18c4900", "type":"NODE", "frozen":true, "node_type":"NODE_CREF", "references":["0x7fcbb1869a78", "0x7fcbb18c65c0"], "memsize":40, "flags":{"wb_protected":true, "old":true, "long_lived":true, "marked":true}}
{"address":"0x7fcbb18c4928", "type":"DATA", "class":"0x7fcbb10c0100", "struct":"iseq", "references":["0x7fcbb18c4770", "0x7fcbb1862a70", "0x7fcbb1862a70", "0x7fcbb18b7de0", "0x7fcbb18b7de0", "0x7fcbb18c4900", "0x7fcbb1869a78"], "memsize":976, "flags":{"wb_protected":true, "old":true, "long_lived":true, "marked":true}}
{"address":"0x7fcbb18c49a0", "type":"NODE", "frozen":true, "node_type":"NODE_CREF", "references":["0x7fcbb1869a78", "0x7fcbb18c65c0"], "memsize":40, "flags":{"wb_protected":true, "old":true, "long_lived":true, "marked":true}}
{"address":"0x7fcbb18c49c8", "type":"DATA", "class":"0x7fcbb10c0100", "struct":"iseq", "references":["0x7fcbb10cba78", "0x7fcbb10cba78", "0x7fcbb18b7de0", "0x7fcbb18b7de0", "0x7fcbb18c49a0", "0x7fcbb1869a78"], "memsize":744, "flags":{"wb_protected":true, "old":true, "long_lived":true, "marked":true}}
{"address":"0x7fcbb18c4a40", "type":"NODE", "frozen":true, "node_type":"NODE_CREF", "references":["0x7fcbb1869a78", "0x7fcbb18c65c0"], "memsize":40, "flags":{"wb_protected":true, "old":true, "long_lived":true, "marked":true}}
{"address":"0x7fcbb18c4a68", "type":"DATA", "class":"0x7fcbb10c0100", "struct":"iseq", "references":["0x7fcbb10cbaa0", "0x7fcbb10cbaa0", "0x7fcbb18b7de0", "0x7fcbb18b7de0", "0x7fcbb18c4a40", "0x7fcbb1869a78"], "memsize":616, "flags":{"wb_protected":true, "old":true, "long_lived":true, "marked":true}}
{"address":"0x7fcbb18c4ae0", "type":"NODE", "frozen":true, "node_type":"NODE_CREF", "references":["0x7fcbb1869a78", "0x7fcbb18c65c0"], "memsize":40, "flags":{"wb_protected":true, "old":true, "long_lived":true, "marked":true}}
{"address":"0x7fcbb18c4b08", "type":"DATA", "class":"0x7fcbb10c0100", "struct":"iseq", "references":["0x7fcbb10e2a20", "0x7fcbb10e2a20", "0x7fcbb18b7de0", "0x7fcbb18b7de0", "0x7fcbb18c4ae0", "0x7fcbb1869a78"], "memsize":768, "flags":{"wb_protected":true, "old":true, "long_lived":true, "marked":true}}
{"address":"0x7fcbb18c4b58", "type":"ARRAY", "length":1, "embedded":true, "references":["0x7fcbb18c4c48"], "memsize":40, "flags":{"wb_protected":true, "old":true, "long_lived":true, "marked":true}}
{"address":"0x7fcbb18c4b80", "type":"ARRAY", "length":1, "embedded":true, "references":["0x7fcbb186bb20"], "memsize":40, "flags":{"wb_protected":true, "old":true, "long_lived":true, "marked":true}}
{"address":"0x7fcbb18c4c48", "type":"DATA", "class":"0x7fcbb10c0100", "struct":"iseq", "references":["0x7fcbb18c4b80", "0x7fcbb18c4c70", "0x7fcbb201a588", "0x7fcbb18b7de0", "0x7fcbb18b7de0", "0x7fcbb18c4d10"], "memsize":544, "flags":{"wb_protected":true, "old":true, "long_lived":true, "marked":true}}
{"address":"0x7fcbb18c4c70", "type":"STRING", "class":"0x7fcbb10e0ef0", "frozen":true, "embedded":true, "fstring":true, "bytesize":16, "value":"block in as_list", "memsize":40, "flags":{"wb_protected":true, "old":true, "long_lived":true, "marked":true}}
{"address":"0x7fcbb18c4d10", "type":"NODE", "frozen":true, "node_type":"NODE_CREF", "references":["0x7fcbb1869a78", "0x7fcbb18c65c0"], "memsize":40, "flags":{"wb_protected":true, "old":true, "long_lived":true, "marked":true}}
{"address":"0x7fcbb18c4d38", "type":"DATA", "class":"0x7fcbb10c0100", "struct":"iseq", "references":["0x7fcbb18c4b58", "0x7fcbb201a588", "0x7fcbb201a588", "0x7fcbb18b7de0", "0x7fcbb18b7de0", "0x7fcbb18c4d10", "0x7fcbb1869a78"], "memsize":808, "flags":{"wb_protected":true, "old":true, "long_lived":true, "marked":true}}
{"address":"0x7fcbb18c4d60", "type":"ARRAY", "length":1, "embedded":true, "references":["0x7fcbb18b7480"], "memsize":40, "flags":{"wb_protected":true, "old":true, "long_lived":true, "marked":true}}
{"address":"0x7fcbb18c4dd8", "type":"NODE", "frozen":true, "node_type":"NODE_CREF", "references":["0x7fcbb1869a78", "0x7fcbb18c65c0"], "memsize":40, "flags":{"wb_protected":true, "old":true, "long_lived":true, "marked":true}}
{"address":"0x7fcbb18c4e00", "type":"DATA", "class":"0x7fcbb10c0100", "struct":"iseq", "references":["0x7fcbb18c4d60", "0x7fcbb18be898", "0x7fcbb18be898", "0x7fcbb18b7de0", "0x7fcbb18b7de0", "0x7fcbb18c4dd8", "0x7fcbb1869a78"], "memsize":1216, "flags":{"wb_protected":true, "old":true, "long_lived":true, "marked":true}}
{"address":"0x7fcbb18c4e78", "type":"NODE", "frozen":true, "node_type":"NODE_CREF", "references":["0x7fcbb1869a78", "0x7fcbb18c65c0"], "memsize":40, "flags":{"wb_protected":true, "old":true, "long_lived":true, "marked":true}}
{"address":"0x7fcbb18c4ea0", "type":"DATA", "class":"0x7fcbb10c0100", "struct":"iseq", "references":["0x7fcbb10e1300", "0x7fcbb10e1300", "0x7fcbb18b7de0", "0x7fcbb18b7de0", "0x7fcbb18c4e78", "0x7fcbb1869a78"], "memsize":1152, "flags":{"wb_protected":true, "old":true, "long_lived":true, "marked":true}}
{"address":"0x7fcbb18c4fb8", "type":"DATA", "class":"0x7fcbb10c0100", "struct":"iseq", "references":["0x7fcbb18c5120", "0x7fcbb18b6260", "0x7fcbb18b7de0", "0x7fcbb18b7de0", "0x7fcbb18c51c0"], "memsize":504, "flags":{"wb_protected":true, "old":true, "long_lived":true, "marked":true}}
{"address":"0x7fcbb18c5008", "type":"ARRAY", "length":5, "references":["0x7fcbb18c50f8", "0x7fcbb18c4fb8", "0x7fcbb10522b8", "0x7fcbb1842ef0", "0x7fcbb1052290"], "memsize":200, "flags":{"wb_protected":true, "old":true, "long_lived":true, "marked":true}}
{"address":"0x7fcbb18c5030", "type":"ARRAY", "length":1, "embedded":true, "references":["0x7fcbb186bb20"], "memsize":40, "flags":{"wb_protected":true, "old":true, "long_lived":true, "marked":true}}
{"address":"0x7fcbb18c50f8", "type":"DATA", "class":"0x7fcbb10c0100", "struct":"iseq", "references":["0x7fcbb18c5030", "0x7fcbb18c5120", "0x7fcbb18b6260", "0x7fcbb18b7de0", "0x7fcbb18b7de0", "0x7fcbb18c51c0"], "memsize":568, "flags":{"wb_protected":true, "old":true, "long_lived":true, "marked":true}}
{"address":"0x7fcbb18c5120", "type":"STRING", "class":"0x7fcbb10e0ef0", "frozen":true, "embedded":true, "fstring":true, "bytesize":21, "value":"block in for_lockfile", "memsize":40, "flags":{"wb_protected":true, "old":true, "long_lived":true, "marked":true}}
{"address":"0x7fcbb18c51c0", "type":"NODE", "frozen":true, "node_type":"NODE_CREF", "references":["0x7fcbb1869a78", "0x7fcbb18c65c0"], "memsize":40, "flags":{"wb_protected":true, "old":true, "long_lived":true, "marked":true}}
{"address":"0x7fcbb18c51e8", "type":"DATA", "class":"0x7fcbb10c0100", "struct":"iseq", "references":["0x7fcbb18c5008", "0x7fcbb18b6260", "0x7fcbb18b6260", "0x7fcbb18b7de0", "0x7fcbb18b7de0", "0x7fcbb18c51c0", "0x7fcbb1869a78"], "memsize":1576, "flags":{"wb_protected":true, "old":true, "long_lived":true, "marked":true}}
{"address":"0x7fcbb18c5238", "type":"ARRAY", "length":1, "embedded":true, "references":["0x7fcbb18c5300"], "memsize":40, "flags":{"wb_protected":true, "old":true, "long_lived":true, "marked":true}}
{"address":"0x7fcbb18c5300", "type":"DATA", "class":"0x7fcbb10c0100", "struct":"iseq", "references":["0x7fcbb18c5328", "0x7fcbb10e08d8", "0x7fcbb18b7de0", "0x7fcbb18b7de0", "0x7fcbb18c53c8"], "memsize":720, "flags":{"wb_protected":true, "old":true, "long_lived":true, "marked":true}}
{"address":"0x7fcbb18c5328", "type":"STRING", "class":"0x7fcbb10e0ef0", "frozen":true, "embedded":true, "fstring":true, "bytesize":15, "value":"block in concat", "memsize":40, "flags":{"wb_protected":true, "old":true, "long_lived":true, "marked":true}}
{"address":"0x7fcbb18c53c8", "type":"NODE", "frozen":true, "node_type":"NODE_CREF", "references":["0x7fcbb1869a78", "0x7fcbb18c65c0"], "memsize":40, "flags":{"wb_protected":true, "old":true, "long_lived":true, "marked":true}}
{"address":"0x7fcbb18c53f0", "type":"DATA", "class":"0x7fcbb10c0100", "struct":"iseq", "references":["0x7fcbb18c5238", "0x7fcbb10e08d8", "0x7fcbb10e08d8", "0x7fcbb18b7de0", "0x7fcbb18b7de0", "0x7fcbb18c53c8", "0x7fcbb1869a78"], "memsize":1312, "flags":{"wb_protected":true, "old":true, "long_lived":true, "marked":true}}
{"address":"0x7fcbb18c5440", "type":"ARRAY", "length":1, "embedded":true, "references":["0x7fcbb18c5508"], "memsize":40, "flags":{"wb_protected":true, "old":true, "long_lived":true, "marked":true}}
{"address":"0x7fcbb18c5508", "type":"DATA", "class":"0x7fcbb10c0100", "struct":"iseq", "references":["0x7fcbb1842fb8", "0x7fcbb10e3330", "0x7fcbb18b7de0", "0x7fcbb18b7de0", "0x7fcbb18c55a8"], "memsize":720, "flags":{"wb_protected":true, "old":true, "long_lived":true, "marked":true}}
{"address":"0x7fcbb18c55a8", "type":"NODE", "frozen":true, "node_type":"NODE_CREF", "references":["0x7fcbb1869a78", "0x7fcbb18c65c0"], "memsize":40, "flags":{"wb_protected":true, "old":true, "long_lived":true, "marked":true}}
{"address":"0x7fcbb18c55d0", "type":"DATA", "class":"0x7fcbb10c0100", "struct":"iseq", "references":["0x7fcbb18c5440", "0x7fcbb10e3330", "0x7fcbb10e3330", "0x7fcbb18b7de0", "0x7fcbb18b7de0", "0x7fcbb18c55a8", "0x7fcbb1869a78"], "memsize":1504, "flags":{"wb_protected":true, "old":true, "long_lived":true, "marked":true}}
{"address":"0x7fcbb18c55f8", "type":"ARRAY", "length":6, "references":["0x7fcbb18b7480", "0x7fcbb18c5648", "0x7fcbb185b388", "0x7fcbb188bab0", "0x7fcbb18c5620", "0x7fcbb18b7480"], "memsize":200, "flags":{"wb_protected":true, "old":true, "long_lived":true, "marked":true}}
{"address":"0x7fcbb18c5620", "type":"STRING", "class":"0x7fcbb10e0ef0", "frozen":true, "embedded":true, "fstring":true, "bytesize":1, "value":"0", "encoding":"UTF-8", "memsize":40, "flags":{"wb_protected":true, "old":true, "long_lived":true, "marked":true}}
{"address":"0x7fcbb18c5648", "type":"STRING", "class":"0x7fcbb10e0ef0", "frozen":true, "embedded":true, "fstring":true, "bytesize":23, "value":"Illformed requirement [", "encoding":"UTF-8", "memsize":40, "flags":{"wb_protected":true, "old":true, "long_lived":true, "marked":true}}
{"address":"0x7fcbb18c56c0", "type":"NODE", "frozen":true, "node_type":"NODE_CREF", "references":["0x7fcbb1869a78", "0x7fcbb18c65c0"], "memsize":40, "flags":{"wb_protected":true, "old":true, "long_lived":true, "marked":true}}
{"address":"0x7fcbb18c56e8", "type":"DATA", "class":"0x7fcbb10c0100", "struct":"iseq", "references":["0x7fcbb18c55f8", "0x7fcbb18b4168", "0x7fcbb18b4168", "0x7fcbb18b7de0", "0x7fcbb18b7de0", "0x7fcbb18c56c0", "0x7fcbb18698c0"], "memsize":2368, "flags":{"wb_protected":true, "old":true, "long_lived":true, "marked":true}}
{"address":"0x7fcbb18c5760", "type":"NODE", "frozen":true, "node_type":"NODE_CREF", "references":["0x7fcbb1869a78", "0x7fcbb18c65c0"], "memsize":40, "flags":{"wb_protected":true, "old":true, "long_lived":true, "marked":true}}
{"address":"0x7fcbb18c5788", "type":"DATA", "class":"0x7fcbb10c0100", "struct":"iseq", "references":["0x7fcbb18b4cd0", "0x7fcbb18b4cd0", "0x7fcbb18b7de0", "0x7fcbb18b7de0", "0x7fcbb18c5760", "0x7fcbb18698c0"], "memsize":472, "flags":{"wb_protected":true, "old":true, "long_lived":true, "marked":true}}
{"address":"0x7fcbb18c57b0", "type":"ARRAY", "length":1, "embedded":true, "references":["0x7fcbb18c57d8"], "memsize":40, "flags":{"wb_protected":true, "old":true, "long_lived":true, "marked":true}}
{"address":"0x7fcbb18c57d8", "type":"STRING", "class":"0x7fcbb10e0ef0", "frozen":true, "embedded":true, "fstring":true, "bytesize":4, "value":">= 0", "encoding":"UTF-8", "memsize":40, "flags":{"wb_protected":true, "old":true, "long_lived":true, "marked":true}}
{"address":"0x7fcbb18c5850", "type":"NODE", "frozen":true, "node_type":"NODE_CREF", "references":["0x7fcbb1869a78", "0x7fcbb18c65c0"], "memsize":40, "flags":{"wb_protected":true, "old":true, "long_lived":true, "marked":true}}
{"address":"0x7fcbb18c5878", "type":"DATA", "class":"0x7fcbb10c0100", "struct":"iseq", "references":["0x7fcbb18c57b0", "0x7fcbb10d1298", "0x7fcbb10d1298", "0x7fcbb18b7de0", "0x7fcbb18b7de0", "0x7fcbb18c5850", "0x7fcbb18698c0"], "memsize":544, "flags":{"wb_protected":true, "old":true, "long_lived":true, "marked":true}}
{"address":"0x7fcbb18c58a0", "type":"ARRAY", "length":1, "embedded":true, "references":["0x7fcbb18c5c60"], "memsize":40, "flags":{"wb_protected":true, "old":true, "long_lived":true, "marked":true}}
{"address":"0x7fcbb18c5940", "type":"NODE", "frozen":true, "node_type":"NODE_CREF", "references":["0x7fcbb1869a78", "0x7fcbb18c65c0"], "memsize":40, "flags":{"wb_protected":true, "old":true, "long_lived":true, "marked":true}}
{"address":"0x7fcbb18c5968", "type":"DATA", "class":"0x7fcbb10c0100", "struct":"iseq", "references":["0x7fcbb18c58a0", "0x7fcbb1859358", "0x7fcbb1859358", "0x7fcbb18b7de0", "0x7fcbb18b7de0", "0x7fcbb18c5940", "0x7fcbb18698c0"], "memsize":2016, "flags":{"wb_protected":true, "old":true, "long_lived":true, "marked":true}}
{"address":"0x7fcbb18c59e0", "type":"NODE", "frozen":true, "node_type":"NODE_CREF", "references":["0x7fcbb18cfa80", "0x7fcbb18c64d0"], "memsize":40, "flags":{"wb_protected":true, "old":true, "long_lived":true, "marked":true}}
{"address":"0x7fcbb18c5a08", "type":"DATA", "class":"0x7fcbb10c0100", "struct":"iseq", "references":["0x7fcbb18c5a30", "0x7fcbb18c5a30", "0x7fcbb18b7de0", "0x7fcbb18b7de0", "0x7fcbb18c59e0"], "memsize":392, "flags":{"wb_protected":true, "old":true, "long_lived":true, "marked":true}}
{"address":"0x7fcbb18c5a30", "type":"STRING", "class":"0x7fcbb10e0ef0", "frozen":true, "fstring":true, "bytesize":27, "value":"<class:BadRequirementError>", "memsize":68, "flags":{"wb_protected":true, "old":true, "long_lived":true, "marked":true}}
{"address":"0x7fcbb18c5a80", "type":"STRING", "class":"0x7fcbb10e0ef0", "frozen":true, "embedded":true, "fstring":true, "bytesize":2, "value":"\\z", "encoding":"UTF-8", "memsize":40, "flags":{"wb_protected":true, "old":true, "long_lived":true, "marked":true}}
{"address":"0x7fcbb18c5aa8", "type":"STRING", "class":"0x7fcbb10e0ef0", "frozen":true, "embedded":true, "fstring":true, "bytesize":2, "value":"\\A", "encoding":"UTF-8", "memsize":40, "flags":{"wb_protected":true, "old":true, "long_lived":true, "marked":true}}
{"address":"0x7fcbb18c5ad0", "type":"STRING", "class":"0x7fcbb10e0ef0", "frozen":true, "embedded":true, "fstring":true, "bytesize":4, "value":")\\s*", "encoding":"UTF-8", "memsize":40, "flags":{"wb_protected":true, "old":true, "long_lived":true, "marked":true}}
{"address":"0x7fcbb18c5af8", "type":"STRING", "class":"0x7fcbb10e0ef0", "frozen":true, "embedded":true, "fstring":true, "bytesize":6, "value":")?\\s*(", "encoding":"UTF-8", "memsize":40, "flags":{"wb_protected":true, "old":true, "long_lived":true, "marked":true}}
{"address":"0x7fcbb18c5b20", "type":"STRING", "class":"0x7fcbb10e0ef0", "frozen":true, "embedded":true, "fstring":true, "bytesize":4, "value":"\\s*(", "encoding":"UTF-8", "memsize":40, "flags":{"wb_protected":true, "old":true, "long_lived":true, "marked":true}}
{"address":"0x7fcbb18c5c10", "type":"DATA", "class":"0x7fcbb10c0100", "struct":"iseq", "references":["0x7fcbb18c6430", "0x7fcbb18c6520", "0x7fcbb18b7de0", "0x7fcbb18b7de0", "0x7fcbb18c64d0"], "memsize":664, "flags":{"wb_protected":true, "old":true, "long_lived":true, "marked":true}}
{"address":"0x7fcbb18c5c60", "type":"STRING", "class":"0x7fcbb10e0ef0", "frozen":true, "embedded":true, "fstring":true, "bytesize":1, "value":"!", "encoding":"UTF-8", "memsize":40, "flags":{"wb_protected":true, "old":true, "long_lived":true, "marked":true}}
{"address":"0x7fcbb18c5d50", "type":"DATA", "class":"0x7fcbb10c0100", "struct":"iseq", "references":["0x7fcbb18c6430", "0x7fcbb18c6520", "0x7fcbb18b7de0", "0x7fcbb18b7de0", "0x7fcbb18c64d0"], "memsize":1040, "flags":{"wb_protected":true, "old":true, "long_lived":true, "marked":true}}
{"address":"0x7fcbb18c5e68", "type":"DATA", "class":"0x7fcbb10c0100", "struct":"iseq", "references":["0x7fcbb18c6430", "0x7fcbb18c6520", "0x7fcbb18b7de0", "0x7fcbb18b7de0", "0x7fcbb18c64d0"], "memsize":616, "flags":{"wb_protected":true, "old":true, "long_lived":true, "marked":true}}
{"address":"0x7fcbb18c5f80", "type":"DATA", "class":"0x7fcbb10c0100", "struct":"iseq", "references":["0x7fcbb18c6430", "0x7fcbb18c6520", "0x7fcbb18b7de0", "0x7fcbb18b7de0", "0x7fcbb18c64d0"], "memsize":616, "flags":{"wb_protected":true, "old":true, "long_lived":true, "marked":true}}
{"address":"0x7fcbb18c6098", "type":"DATA", "class":"0x7fcbb10c0100", "struct":"iseq", "references":["0x7fcbb18c6430", "0x7fcbb18c6520", "0x7fcbb18b7de0", "0x7fcbb18b7de0", "0x7fcbb18c64d0"], "memsize":616, "flags":{"wb_protected":true, "old":true, "long_lived":true, "marked":true}}
{"address":"0x7fcbb18c61b0", "type":"DATA", "class":"0x7fcbb10c0100", "struct":"iseq", "references":["0x7fcbb18c6430", "0x7fcbb18c6520", "0x7fcbb18b7de0", "0x7fcbb18b7de0", "0x7fcbb18c64d0"], "memsize":616, "flags":{"wb_protected":true, "old":true, "long_lived":true, "marked":true}}
{"address":"0x7fcbb18c62c8", "type":"DATA", "class":"0x7fcbb10c0100", "struct":"iseq", "references":["0x7fcbb18c6430", "0x7fcbb18c6520", "0x7fcbb18b7de0", "0x7fcbb18b7de0", "0x7fcbb18c64d0"], "memsize":728, "flags":{"wb_protected":true, "old":true, "long_lived":true, "marked":true}}
{"address":"0x7fcbb18c6340", "type":"ARRAY", "length":48, "references":["0x7fcbb18c6408", "0x7fcbb18c62c8", "0x7fcbb18c61b0", "0x7fcbb18c6098", "0x7fcbb18c5f80", "0x7fcbb18c5e68", "0x7fcbb18c5d50", "0x7fcbb18c5c10", "0x7fcbb18c5a08", "0x7fcbb18c5968", "0x7fcbb18c5878", "0x7fcbb18c5788", "0x7fcbb18c56e8", "0x7fcbb18c55d0", "0x7fcbb18c53f0", "0x7fcbb18c51e8", "0x7fcbb18c4ea0", "0x7fcbb18c4e00", "0x7fcbb18c4d38", "0x7fcbb18c4b08", "0x7fcbb18c4a68", "0x7fcbb18c49c8", "0x7fcbb18c4928", "0x7fcbb18c4720", "0x7fcbb18c4680", "0x7fcbb18c4590", "0x7fcbb18c44a0", "0x7fcbb18c4298", "0x7fcbb18c40b8", "0x7fcbb186b940", "0x7fcbb186b3f0", "0x7fcbb186b170", "0x7fcbb186ae28", "0x7fcbb18b7480", "0x7fcbb18b71d8", "0x7fcbb186baa8", "0x7fcbb18b6cb0", "0x7fcbb188bab0", "0x7fcbb18b6788", "0x7fcbb18988f0", "0x7fcbb18c5c60", "0x7fcbb1048060", "0x7fcbb18c5b20", "0x7fcbb18c5af8", "0x7fcbb18c5ad0", "0x7fcbb18c5aa8", "0x7fcbb18c5a80", "0x7fcbb188bab0"], "memsize":488, "flags":{"wb_protected":true, "old":true, "long_lived":true, "marked":true}}
{"address":"0x7fcbb18c6408", "type":"DATA", "class":"0x7fcbb10c0100", "struct":"iseq", "references":["0x7fcbb18c6430", "0x7fcbb18c6520", "0x7fcbb18b7de0", "0x7fcbb18b7de0", "0x7fcbb18c64d0"], "memsize":616, "flags":{"wb_protected":true, "old":true, "long_lived":true, "marked":true}}
{"address":"0x7fcbb18c6430", "type":"STRING", "class":"0x7fcbb10e0ef0", "frozen":true, "fstring":true, "bytesize":28, "value":"block in <class:Requirement>", "memsize":69, "flags":{"wb_protected":true, "old":true, "long_lived":true, "marked":true}}
{"address":"0x7fcbb18c64d0", "type":"NODE", "frozen":true, "node_type":"NODE_CREF", "references":["0x7fcbb1869a78", "0x7fcbb18c65c0"], "memsize":40, "flags":{"wb_protected":true, "old":true, "long_lived":true, "marked":true}}
{"address":"0x7fcbb18c64f8", "type":"DATA", "class":"0x7fcbb10c0100", "struct":"iseq", "references":["0x7fcbb18c6340", "0x7fcbb18c6520", "0x7fcbb18c6520", "0x7fcbb18b7de0", "0x7fcbb18b7de0", "0x7fcbb18c64d0"], "memsize":9504, "flags":{"wb_protected":true, "old":true, "long_lived":true, "marked":true}}
{"address":"0x7fcbb18c6520", "type":"STRING", "class":"0x7fcbb10e0ef0", "frozen":true, "embedded":true, "fstring":true, "bytesize":19, "value":"<class:Requirement>", "memsize":40, "flags":{"wb_protected":true, "old":true, "long_lived":true, "marked":true}}
{"address":"0x7fcbb18c65c0", "type":"NODE", "frozen":true, "node_type":"NODE_CREF", "references":["0x7fcbb10e2c78"], "memsize":40, "flags":{"wb_protected":true, "old":true, "long_lived":true, "marked":true}}
{"address":"0x7fcbb18c7268", "type":"STRING", "class":"0x7fcbb10e0ef0", "frozen":true, "embedded":true, "fstring":true, "bytesize":14, "value":"SyckDefaultKey", "encoding":"US-ASCII", "memsize":40, "flags":{"wb_protected":true, "old":true, "long_lived":true, "marked":true}}
{"address":"0x7fcbb18cc290", "type":"STRING", "class":"0x7fcbb10e0ef0", "frozen":true, "embedded":true, "fstring":true, "bytesize":13, "value":"^\\d+(\\.\\d+)?$", "encoding":"US-ASCII", "memsize":40, "flags":{"wb_protected":true, "old":true, "long_lived":true, "marked":true}}
{"address":"0x7fcbb18cc308", "type":"REGEXP", "class":"0x7fcbb10d0b40", "references":["0x7fcbb18cc290"], "memsize":696, "flags":{"wb_protected":true, "old":true, "long_lived":true, "marked":true}}
{"address":"0x7fcbb18cc6a0", "type":"STRING", "class":"0x7fcbb10e0ef0", "frozen":true, "embedded":true, "fstring":true, "bytesize":5, "value":"i\\d86", "encoding":"US-ASCII", "memsize":40, "flags":{"wb_protected":true, "old":true, "long_lived":true, "marked":true}}
{"address":"0x7fcbb18cc718", "type":"REGEXP", "class":"0x7fcbb10d0b40", "references":["0x7fcbb18cc6a0"], "memsize":530, "flags":{"wb_protected":true, "old":true, "long_lived":true, "marked":true}}
{"address":"0x7fcbb18ccc90", "type":"STRING", "class":"0x7fcbb10e0ef0", "frozen":true, "embedded":true, "fstring":true, "bytesize":5, "value":"extra", "encoding":"US-ASCII", "memsize":40, "flags":{"wb_protected":true, "old":true, "long_lived":true, "marked":true}}
{"address":"0x7fcbb18ccd58", "type":"STRING", "class":"0x7fcbb10e0ef0", "frozen":true, "embedded":true, "fstring":true, "bytesize":2, "value":"\\d", "encoding":"US-ASCII", "memsize":40, "flags":{"wb_protected":true, "old":true, "long_lived":true, "marked":true}}
{"address":"0x7fcbb18ccdd0", "type":"REGEXP", "class":"0x7fcbb10d0b40", "references":["0x7fcbb18ccd58"], "memsize":552, "flags":{"wb_protected":true, "old":true, "long_lived":true, "marked":true}}
{"address":"0x7fcbb18cd280", "type":"STRING", "class":"0x7fcbb10e0ef0", "frozen":true, "embedded":true, "fstring":true, "bytesize":3, "value":"@os", "encoding":"US-ASCII", "memsize":40, "flags":{"wb_protected":true, "old":true, "long_lived":true, "marked":true}}
{"address":"0x7fcbb18cd2f8", "type":"STRING", "class":"0x7fcbb10e0ef0", "frozen":true, "embedded":true, "fstring":true, "bytesize":4, "value":"@cpu", "encoding":"US-ASCII", "memsize":40, "flags":{"wb_protected":true, "old":true, "long_lived":true, "marked":true}}
{"address":"0x7fcbb18cde10", "type":"STRING", "class":"0x7fcbb10e0ef0", "frozen":true, "embedded":true, "fstring":true, "bytesize":21, "value":"installable_platform?", "encoding":"US-ASCII", "memsize":40, "flags":{"wb_protected":true, "old":true, "long_lived":true, "marked":true}}
{"address":"0x7fcbb18cded8", "type":"STRING", "class":"0x7fcbb10e0ef0", "frozen":true, "embedded":true, "fstring":true, "bytesize":12, "value":"installable?", "encoding":"US-ASCII", "memsize":40, "flags":{"wb_protected":true, "old":true, "long_lived":true, "marked":true}}
{"address":"0x7fcbb18ce450", "type":"STRING", "class":"0x7fcbb10e0ef0", "frozen":true, "embedded":true, "fstring":true, "bytesize":14, "value":"local_platform", "encoding":"US-ASCII", "memsize":40, "flags":{"wb_protected":true, "old":true, "long_lived":true, "marked":true}}
{"address":"0x7fcbb18ce860", "type":"STRING", "class":"0x7fcbb10e0ef0", "frozen":true, "embedded":true, "fstring":true, "bytesize":15, "value":"mswin(?:32|64)$", "encoding":"US-ASCII", "memsize":40, "flags":{"wb_protected":true, "old":true, "long_lived":true, "marked":true}}
{"address":"0x7fcbb18ce8d8", "type":"REGEXP", "class":"0x7fcbb10d0b40", "references":["0x7fcbb18ce860"], "memsize":523, "flags":{"wb_protected":true, "old":true, "long_lived":true, "marked":true}}
{"address":"0x7fcbb18cec70", "type":"STRING", "class":"0x7fcbb10e0ef0", "frozen":true, "embedded":true, "fstring":true, "bytesize":4, "value":"arch", "encoding":"US-ASCII", "memsize":40, "flags":{"wb_protected":true, "old":true, "long_lived":true, "marked":true}}
{"address":"0x7fcbb18ceec8", "type":"STRING", "class":"0x7fcbb10e0ef0", "frozen":true, "embedded":true, "fstring":true, "bytesize":2, "value":"os", "encoding":"US-ASCII", "memsize":40, "flags":{"wb_protected":true, "old":true, "long_lived":true, "marked":true}}
{"address":"0x7fcbb18cf008", "type":"STRING", "class":"0x7fcbb10e0ef0", "frozen":true, "embedded":true, "fstring":true, "bytesize":3, "value":"cpu", "encoding":"US-ASCII", "memsize":40, "flags":{"wb_protected":true, "old":true, "long_lived":true, "marked":true}}
{"address":"0x7fcbb18cf0f8", "type":"STRING", "class":"0x7fcbb10e0ef0", "frozen":true, "embedded":true, "fstring":true, "bytesize":6, "value":"@local", "encoding":"US-ASCII", "memsize":40, "flags":{"wb_protected":true, "old":true, "long_lived":true, "marked":true}}
{"address":"0x7fcbb18cf4e0", "type":"STRING", "class":"0x7fcbb10e0ef0", "frozen":true, "fstring":true, "bytesize":80, "capacity":118, "value":"/Users/path/.rvm/rubies/ruby-2.2.3/lib/ruby/site_ruby/2.2.0/rubygems/platform.rb", "encoding":"US-ASCII", "memsize":159, "flags":{"wb_protected":true, "old":true, "long_lived":true, "marked":true}}
{"address":"0x7fcbb18cf990", "type":"ARRAY", "class":"0x7fcbb10d19a0", "frozen":true, "length":2, "embedded":true, "references":["0x7fcbb18b7de0"], "memsize":40, "flags":{"wb_protected":true, "old":true, "long_lived":true, "marked":true}}
{"address":"0x7fcbb18cf9e0", "type":"CLASS", "class":"0x7fcbb10c8378", "name":"Class", "references":["0x7fcbb18698c0", "0x7fcbb10c8328"], "memsize":712, "flags":{"wb_protected":true, "old":true, "long_lived":true, "marked":true}}
{"address":"0x7fcbb18cfa30", "type":"STRING", "class":"0x7fcbb10e0ef0", "frozen":true, "bytesize":37, "capacity":46, "value":"Gem::Requirement::BadRequirementError", "encoding":"US-ASCII", "memsize":87, "flags":{"wb_protected":true, "old":true, "long_lived":true, "marked":true}}
{"address":"0x7fcbb18cfa58", "type":"CLASS", "class":"0x7fcbb10e2430", "name":"Class", "references":["0x7fcbb18cfa80", "0x7fcbb10dbb80"], "memsize":712, "flags":{"wb_protected":true, "old":true, "long_lived":true, "marked":true}}
{"address":"0x7fcbb18cfa80", "type":"CLASS", "class":"0x7fcbb18cfa58", "name":"Gem::Requirement::BadRequirementError", "references":["0x7fcbb18cfa30", "0x7fcbb10dbba8"], "memsize":712, "flags":{"wb_protected":true, "old":true, "long_lived":true, "marked":true}}
{"address":"0x7fcbb18cfaa8", "type":"ARRAY", "class":"0x7fcbb10d19a0", "length":2, "embedded":true, "references":["0x7fcbb18cfc88", "0x7fcbb18cfc60"], "memsize":40, "flags":{"wb_protected":true, "old":true, "long_lived":true, "marked":true}}
{"address":"0x7fcbb18cfad0", "type":"STRING", "class":"0x7fcbb10e0ef0", "embedded":true, "bytesize":1, "value":"0", "encoding":"US-ASCII", "memsize":40, "flags":{"wb_protected":true, "old":true, "long_lived":true, "marked":true}}
{"address":"0x7fcbb18cfc60", "type":"OBJECT", "class":"0x7fcbb18ac238", "ivars":3, "references":["0x7fcbb18cfad0"], "memsize":40, "flags":{"wb_protected":true, "old":true, "long_lived":true, "marked":true}}
{"address":"0x7fcbb18cfc88", "type":"STRING", "class":"0x7fcbb10e0ef0", "embedded":true, "bytesize":2, "value":">=", "encoding":"UTF-8", "memsize":40, "flags":{"wb_protected":true, "old":true, "long_lived":true, "marked":true}}
{"address":"0x7fcbb18cfcb0", "type":"STRING", "class":"0x7fcbb10e0ef0", "frozen":true, "fstring":true, "bytesize":95, "value":"\\A\\s*(=|!=|>|<|>=|<=|~>)?\\s*([0-9]+(?>\\.[0-9a-zA-Z]+)*(-[0-9A-Za-z-]+(\\.[0-9A-Za-z-]+)*)?)\\s*\\z", "encoding":"US-ASCII", "memsize":136, "flags":{"wb_protected":true, "old":true, "long_lived":true, "marked":true}}
{"address":"0x7fcbb18cfd28", "type":"REGEXP", "class":"0x7fcbb10d0b40", "references":["0x7fcbb18cfcb0"], "memsize":1248, "flags":{"wb_protected":true, "old":true, "long_lived":true, "marked":true}}
{"address":"0x7fcbb18cfe18", "type":"STRING", "class":"0x7fcbb10e0ef0", "bytesize":91, "capacity":92, "value":"\\s*(=|!=|>|<|>=|<=|~>)?\\s*([0-9]+(?>\\.[0-9a-zA-Z]+)*(-[0-9A-Za-z-]+(\\.[0-9A-Za-z-]+)*)?)\\s*", "encoding":"UTF-8", "memsize":133, "flags":{"wb_protected":true, "old":true, "long_lived":true, "marked":true}}
{"address":"0x7fcbb18cfe40", "type":"STRING", "class":"0x7fcbb10e0ef0", "bytesize":17, "capacity":128, "value":"=|!=|>|<|>=|<=|~>", "encoding":"US-ASCII", "memsize":169, "flags":{"wb_protected":true}}
{"address":"0x7fcbb18d5318", "type":"STRING", "class":"0x7fcbb10e0ef0", "frozen":true, "embedded":true, "fstring":true, "bytesize":21, "value":"^(\\w+_platform)(\\d+)?", "encoding":"US-ASCII", "memsize":40, "flags":{"wb_protected":true, "old":true, "long_lived":true, "marked":true}}
{"address":"0x7fcbb18d5390", "type":"REGEXP", "class":"0x7fcbb10d0b40", "references":["0x7fcbb18d5318"], "memsize":665, "flags":{"wb_protected":true, "old":true, "long_lived":true, "marked":true}}
{"address":"0x7fcbb18d5598", "type":"STRING", "class":"0x7fcbb10e0ef0", "frozen":true, "embedded":true, "fstring":true, "bytesize":18, "value":"solaris(\\d+\\.\\d+)?", "encoding":"US-ASCII", "memsize":40, "flags":{"wb_protected":true, "old":true, "long_lived":true, "marked":true}}
{"address":"0x7fcbb18d5610", "type":"REGEXP", "class":"0x7fcbb10d0b40", "references":["0x7fcbb18d5598"], "memsize":783, "flags":{"wb_protected":true, "old":true, "long_lived":true, "marked":true}}
{"address":"0x7fcbb18d57f0", "type":"STRING", "class":"0x7fcbb10e0ef0", "frozen":true, "embedded":true, "fstring":true, "bytesize":18, "value":"openbsd(\\d+\\.\\d+)?", "encoding":"US-ASCII", "memsize":40, "flags":{"wb_protected":true, "old":true, "long_lived":true, "marked":true}}
{"address":"0x7fcbb18d5868", "type":"REGEXP", "class":"0x7fcbb10d0b40", "references":["0x7fcbb18d57f0"], "memsize":783, "flags":{"wb_protected":true, "old":true, "long_lived":true, "marked":true}}
{"address":"0x7fcbb18d5a48", "type":"STRING", "class":"0x7fcbb10e0ef0", "frozen":true, "embedded":true, "fstring":true, "bytesize":9, "value":"netbsdelf", "encoding":"US-ASCII", "memsize":40, "flags":{"wb_protected":true, "old":true, "long_lived":true, "marked":true}}
{"address":"0x7fcbb18d5ac0", "type":"REGEXP", "class":"0x7fcbb10d0b40", "references":["0x7fcbb18d5a48"], "memsize":515, "flags":{"wb_protected":true, "old":true, "long_lived":true, "marked":true}}
{"address":"0x7fcbb18d5d40", "type":"STRING", "class":"0x7fcbb10e0ef0", "frozen":true, "embedded":true, "fstring":true, "bytesize":3, "value":"32$", "encoding":"US-ASCII", "memsize":40, "flags":{"wb_protected":true, "old":true, "long_lived":true, "marked":true}}
{"address":"0x7fcbb18d5db8", "type":"REGEXP", "class":"0x7fcbb10d0b40", "references":["0x7fcbb18d5d40"], "memsize":496, "flags":{"wb_protected":true, "old":true, "long_lived":true, "marked":true}}
{"address":"0x7fcbb18d6150", "type":"STRING", "class":"0x7fcbb10e0ef0", "frozen":true, "embedded":true, "fstring":true, "bytesize":20, "value":"(mswin\\d+)(\\_(\\d+))?", "encoding":"US-ASCII", "memsize":40, "flags":{"wb_protected":true, "old":true, "long_lived":true, "marked":true}}
{"address":"0x7fcbb18d61c8", "type":"REGEXP", "class":"0x7fcbb10d0b40", "references":["0x7fcbb18d6150"], "memsize":813, "flags":{"wb_protected":true, "old":true, "long_lived":true, "marked":true}}
{"address":"0x7fcbb18d63a8", "type":"STRING", "class":"0x7fcbb10e0ef0", "frozen":true, "embedded":true, "fstring":true, "bytesize":7, "value":"mingw32", "encoding":"US-ASCII", "memsize":40, "flags":{"wb_protected":true, "old":true, "long_lived":true, "marked":true}}
{"address":"0x7fcbb18d6420", "type":"REGEXP", "class":"0x7fcbb10d0b40", "references":["0x7fcbb18d63a8"], "memsize":509, "flags":{"wb_protected":true, "old":true, "long_lived":true, "marked":true}}
{"address":"0x7fcbb18d6600", "type":"STRING", "class":"0x7fcbb10e0ef0", "frozen":true, "embedded":true, "fstring":true, "bytesize":5, "value":"linux", "encoding":"US-ASCII", "memsize":40, "flags":{"wb_protected":true, "old":true, "long_lived":true, "marked":true}}
{"address":"0x7fcbb18d6678", "type":"REGEXP", "class":"0x7fcbb10d0b40", "references":["0x7fcbb18d6600"], "memsize":503, "flags":{"wb_protected":true, "old":true, "long_lived":true, "marked":true}}
{"address":"0x7fcbb18d6858", "type":"STRING", "class":"0x7fcbb10e0ef0", "frozen":true, "embedded":true, "fstring":true, "bytesize":15, "value":"^dotnet([\\d.]*)", "encoding":"US-ASCII", "memsize":40, "flags":{"wb_protected":true, "old":true, "long_lived":true, "marked":true}}
{"address":"0x7fcbb18d68d0", "type":"REGEXP", "class":"0x7fcbb10d0b40", "references":["0x7fcbb18d6858"], "memsize":614, "flags":{"wb_protected":true, "old":true, "long_lived":true, "marked":true}}
{"address":"0x7fcbb18d6ab0", "type":"STRING", "class":"0x7fcbb10e0ef0", "frozen":true, "embedded":true, "fstring":true, "bytesize":8, "value":"^dotnet$", "encoding":"US-ASCII", "memsize":40, "flags":{"wb_protected":true, "old":true, "long_lived":true, "marked":true}}
{"address":"0x7fcbb18d6b28", "type":"REGEXP", "class":"0x7fcbb10d0b40", "references":["0x7fcbb18d6ab0"], "memsize":510, "flags":{"wb_protected":true, "old":true, "long_lived":true, "marked":true}}
{"address":"0x7fcbb18d6d08", "type":"STRING", "class":"0x7fcbb10e0ef0", "frozen":true, "embedded":true, "fstring":true, "bytesize":14, "value":"^dalvik(\\d+)?$", "encoding":"US-ASCII", "memsize":40, "flags":{"wb_protected":true, "old":true, "long_lived":true, "marked":true}}
{"address":"0x7fcbb18d6d80", "type":"REGEXP", "class":"0x7fcbb10d0b40", "references":["0x7fcbb18d6d08"], "memsize":606, "flags":{"wb_protected":true, "old":true, "long_lived":true, "marked":true}}
{"address":"0x7fcbb18d6f60", "type":"STRING", "class":"0x7fcbb10e0ef0", "frozen":true, "embedded":true, "fstring":true, "bytesize":13, "value":"^java([\\d.]*)", "encoding":"US-ASCII", "memsize":40, "flags":{"wb_protected":true, "old":true, "long_lived":true, "marked":true}}
{"address":"0x7fcbb18d6fd8", "type":"REGEXP", "class":"0x7fcbb10d0b40", "references":["0x7fcbb18d6f60"], "memsize":596, "flags":{"wb_protected":true, "old":true, "long_lived":true, "marked":true}}
{"address":"0x7fcbb18d71b8", "type":"STRING", "class":"0x7fcbb10e0ef0", "frozen":true, "embedded":true, "fstring":true, "bytesize":7, "value":"^jruby$", "encoding":"US-ASCII", "memsize":40, "flags":{"wb_protected":true, "old":true, "long_lived":true, "marked":true}}
{"address":"0x7fcbb18d7230", "type":"REGEXP", "class":"0x7fcbb10d0b40", "references":["0x7fcbb18d71b8"], "memsize":507, "flags":{"wb_protected":true, "old":true, "long_lived":true, "marked":true}}
{"address":"0x7fcbb18d72f8", "type":"STRING", "class":"0x7fcbb10e0ef0", "frozen":true, "embedded":true, "fstring":true, "bytesize":6, "value":"^java$", "encoding":"US-ASCII", "memsize":40, "flags":{"wb_protected":true, "old":true, "long_lived":true, "marked":true}}
{"address":"0x7fcbb18d7370", "type":"REGEXP", "class":"0x7fcbb10d0b40", "references":["0x7fcbb18d72f8"], "memsize":504, "flags":{"wb_protected":true, "old":true, "long_lived":true, "marked":true}}
{"address":"0x7fcbb18d7550", "type":"STRING", "class":"0x7fcbb10e0ef0", "frozen":true, "embedded":true, "fstring":true, "bytesize":10, "value":"hpux(\\d+)?", "encoding":"US-ASCII", "memsize":40, "flags":{"wb_protected":true, "old":true, "long_lived":true, "marked":true}}
{"address":"0x7fcbb18d75c8", "type":"REGEXP", "class":"0x7fcbb10d0b40", "references":["0x7fcbb18d7550"], "memsize":652, "flags":{"wb_protected":true, "old":true, "long_lived":true, "marked":true}}
{"address":"0x7fcbb18d77a8", "type":"STRING", "class":"0x7fcbb10e0ef0", "frozen":true, "embedded":true, "fstring":true, "bytesize":13, "value":"freebsd(\\d+)?", "encoding":"US-ASCII", "memsize":40, "flags":{"wb_protected":true, "old":true, "long_lived":true, "marked":true}}
{"address":"0x7fcbb18d7820", "type":"REGEXP", "class":"0x7fcbb10d0b40", "references":["0x7fcbb18d77a8"], "memsize":599, "flags":{"wb_protected":true, "old":true, "long_lived":true, "marked":true}}
{"address":"0x7fcbb18d7a00", "type":"STRING", "class":"0x7fcbb10e0ef0", "frozen":true, "embedded":true, "fstring":true, "bytesize":9, "value":"^macruby$", "encoding":"US-ASCII", "memsize":40, "flags":{"wb_protected":true, "old":true, "long_lived":true, "marked":true}}
{"address":"0x7fcbb18d7a78", "type":"REGEXP", "class":"0x7fcbb10d0b40", "references":["0x7fcbb18d7a00"], "memsize":513, "flags":{"wb_protected":true, "old":true, "long_lived":true, "marked":true}}
{"address":"0x7fcbb18d7c58", "type":"STRING", "class":"0x7fcbb10e0ef0", "frozen":true, "embedded":true, "fstring":true, "bytesize":12, "value":"darwin(\\d+)?", "encoding":"US-ASCII", "memsize":40, "flags":{"wb_protected":true, "old":true, "long_lived":true, "marked":true}}
{"address":"0x7fcbb18d7cd0", "type":"REGEXP", "class":"0x7fcbb10d0b40", "references":["0x7fcbb18d7c58"], "memsize":686, "flags":{"wb_protected":true, "old":true, "long_lived":true, "marked":true}}
{"address":"0x7fcbb18d7f00", "type":"REGEXP", "class":"0x7fcbb10d0b40", "references":["0x7fcbb10a30c8"], "memsize":506, "flags":{"wb_protected":true, "old":true, "long_lived":true, "marked":true}}
{"address":"0x7fcbb18dc028", "type":"STRING", "class":"0x7fcbb10e0ef0", "frozen":true, "embedded":true, "fstring":true, "bytesize":6, "value":"darwin", "encoding":"UTF-8", "memsize":40, "flags":{"wb_protected":true, "old":true, "long_lived":true, "marked":true}}
{"address":"0x7fcbb18dc050", "type":"STRING", "class":"0x7fcbb10e0ef0", "frozen":true, "embedded":true, "fstring":true, "bytesize":6, "value":"cygwin", "encoding":"UTF-8", "memsize":40, "flags":{"wb_protected":true, "old":true, "long_lived":true, "marked":true}}
{"address":"0x7fcbb18dc078", "type":"STRING", "class":"0x7fcbb10e0ef0", "frozen":true, "embedded":true, "fstring":true, "bytesize":3, "value":"aix", "encoding":"UTF-8", "memsize":40, "flags":{"wb_protected":true, "old":true, "long_lived":true, "marked":true}}
{"address":"0x7fcbb18dc0c8", "type":"STRING", "class":"0x7fcbb10e0ef0", "frozen":true, "embedded":true, "fstring":true, "bytesize":3, "value":"x86", "encoding":"UTF-8", "memsize":40, "flags":{"wb_protected":true, "old":true, "long_lived":true, "marked":true}}
{"address":"0x7fcbb18dc190", "type":"NODE", "frozen":true, "node_type":"NODE_CREF", "references":["0x7fcbb18502f8", "0x7fcbb18dc7d0"], "memsize":40, "flags":{"wb_protected":true, "old":true, "long_lived":true, "marked":true}}
{"address":"0x7fcbb18dc1b8", "type":"DATA", "class":"0x7fcbb10c0100", "struct":"iseq", "references":["0x7fcbb1853278", "0x7fcbb10e3330", "0x7fcbb10e3330", "0x7fcbb18cf4e0", "0x7fcbb18cf4e0", "0x7fcbb18dc190", "0x7fcbb18502f8"], "memsize":8936, "flags":{"wb_protected":true, "old":true, "long_lived":true, "marked":true}}
{"address":"0x7fcbb18dc1e0", "type":"ARRAY", "length":1, "embedded":true, "references":["0x7fcbb1049d98"], "memsize":40, "flags":{"wb_protected":true, "old":true, "long_lived":true, "marked":true}}
{"address":"0x7fcbb18dc280", "type":"NODE", "frozen":true, "node_type":"NODE_CREF", "references":["0x7fcbb18502f8", "0x7fcbb18dc7d0"], "memsize":40, "flags":{"wb_protected":true, "old":true, "long_lived":true, "marked":true}}
{"address":"0x7fcbb18dc2a8", "type":"DATA", "class":"0x7fcbb10c0100", "struct":"iseq", "references":["0x7fcbb18dc1e0", "0x7fcbb10e2340", "0x7fcbb10e2340", "0x7fcbb18cf4e0", "0x7fcbb18cf4e0", "0x7fcbb18dc280", "0x7fcbb18502a8"], "memsize":1440, "flags":{"wb_protected":true, "old":true, "long_lived":true, "marked":true}}
{"address":"0x7fcbb18dc320", "type":"NODE", "frozen":true, "node_type":"NODE_CREF", "references":["0x7fcbb18502f8", "0x7fcbb18dc7d0"], "memsize":40, "flags":{"wb_protected":true, "old":true, "long_lived":true, "marked":true}}
{"address":"0x7fcbb18dc348", "type":"DATA", "class":"0x7fcbb10c0100", "struct":"iseq", "references":["0x7fcbb18cded8", "0x7fcbb18cded8", "0x7fcbb18cf4e0", "0x7fcbb18cf4e0", "0x7fcbb18dc320", "0x7fcbb18502a8"], "memsize":1048, "flags":{"wb_protected":true, "old":true, "long_lived":true, "marked":true}}
{"address":"0x7fcbb18dc398", "type":"ARRAY", "length":1, "embedded":true, "references":["0x7fcbb18dc460"], "memsize":40, "flags":{"wb_protected":true, "old":true, "long_lived":true, "marked":true}}
{"address":"0x7fcbb18dc460", "type":"DATA", "class":"0x7fcbb10c0100", "struct":"iseq", "references":["0x7fcbb18dc488", "0x7fcbb10e0dd8", "0x7fcbb18cf4e0", "0x7fcbb18cf4e0", "0x7fcbb18dc528"], "memsize":1408, "flags":{"wb_protected":true, "old":true, "long_lived":true, "marked":true}}
{"address":"0x7fcbb18dc488", "type":"STRING", "class":"0x7fcbb10e0ef0", "frozen":true, "embedded":true, "fstring":true, "bytesize":14, "value":"block in match", "memsize":40, "flags":{"wb_protected":true, "old":true, "long_lived":true, "marked":true}}
{"address":"0x7fcbb18dc528", "type":"NODE", "frozen":true, "node_type":"NODE_CREF", "references":["0x7fcbb18502f8", "0x7fcbb18dc7d0"], "memsize":40, "flags":{"wb_protected":true, "old":true, "long_lived":true, "marked":true}}
{"address":"0x7fcbb18dc550", "type":"DATA", "class":"0x7fcbb10c0100", "struct":"iseq", "references":["0x7fcbb18dc398", "0x7fcbb10e0dd8", "0x7fcbb10e0dd8", "0x7fcbb18cf4e0", "0x7fcbb18cf4e0", "0x7fcbb18dc528", "0x7fcbb18502a8"], "memsize":760, "flags":{"wb_protected":true, "old":true, "long_lived":true, "marked":true}}
{"address":"0x7fcbb18dc5a0", "type":"ARRAY", "length":3, "embedded":true, "references":["0x7fcbb10492d0", "0x7fcbb18ce8d8", "0x7fcbb18dc5c8"], "memsize":40, "flags":{"wb_protected":true, "old":true, "long_lived":true, "marked":true}}
{"address":"0x7fcbb18dc5c8", "type":"STRING", "class":"0x7fcbb10e0ef0", "frozen":true, "embedded":true, "fstring":true, "bytesize":3, "value":"_60", "encoding":"UTF-8", "memsize":40, "flags":{"wb_protected":true, "old":true, "long_lived":true, "marked":true}}
{"address":"0x7fcbb18dc640", "type":"NODE", "frozen":true, "node_type":"NODE_CREF", "references":["0x7fcbb18502f8", "0x7fcbb18dc7d0"], "memsize":40, "flags":{"wb_protected":true, "old":true, "long_lived":true, "marked":true}}
{"address":"0x7fcbb18dc668", "type":"DATA", "class":"0x7fcbb10c0100", "struct":"iseq", "references":["0x7fcbb18dc5a0", "0x7fcbb10c89b8", "0x7fcbb10c89b8", "0x7fcbb18cf4e0", "0x7fcbb18cf4e0", "0x7fcbb18dc640", "0x7fcbb18502a8"], "memsize":1248, "flags":{"wb_protected":true, "old":true, "long_lived":true, "marked":true}}
{"address":"0x7fcbb18dc7d0", "type":"NODE", "frozen":true, "node_type":"NODE_CREF", "references":["0x7fcbb10e2c78"], "memsize":40, "flags":{"wb_protected":true, "old":true, "long_lived":true, "marked":true}}
{"address":"0x7fcbb18ddb30", "type":"STRING", "class":"0x7fcbb10e0ef0", "frozen":true, "embedded":true, "fstring":true, "bytesize":20, "value":"universal-darwin(\\d)", "encoding":"US-ASCII", "memsize":40, "flags":{"wb_protected":true, "old":true, "long_lived":true, "marked":true}}
{"address":"0x7fcbb18ddba8", "type":"REGEXP", "class":"0x7fcbb10d0b40", "references":["0x7fcbb18ddb30"], "memsize":584, "flags":{"wb_protected":true, "old":true, "long_lived":true, "marked":true}}
{"address":"0x7fcbb18dde78", "type":"STRING", "class":"0x7fcbb10e0ef0", "frozen":true, "embedded":true, "fstring":true, "bytesize":16, "value":"sparc-solaris2.8", "encoding":"US-ASCII", "memsize":40, "flags":{"wb_protected":true, "old":true, "long_lived":true, "marked":true}}
{"address":"0x7fcbb18ddef0", "type":"REGEXP", "class":"0x7fcbb10d0b40", "references":["0x7fcbb18dde78"], "memsize":534, "flags":{"wb_protected":true, "old":true, "long_lived":true, "marked":true}}
{"address":"0x7fcbb18de170", "type":"STRING", "class":"0x7fcbb10e0ef0", "frozen":true, "embedded":true, "fstring":true, "bytesize":18, "value":"powerpc-darwin(\\d)", "encoding":"US-ASCII", "memsize":40, "flags":{"wb_protected":true, "old":true, "long_lived":true, "marked":true}}
{"address":"0x7fcbb18de1e8", "type":"REGEXP", "class":"0x7fcbb10d0b40", "references":["0x7fcbb18de170"], "memsize":574, "flags":{"wb_protected":true, "old":true, "long_lived":true, "marked":true}}
{"address":"0x7fcbb18de6c0", "type":"STRING", "class":"0x7fcbb10e0ef0", "frozen":true, "embedded":true, "fstring":true, "bytesize":17, "value":"mswin64(\\_(\\d+))?", "encoding":"US-ASCII", "memsize":40, "flags":{"wb_protected":true, "old":true, "long_lived":true, "marked":true}}
{"address":"0x7fcbb18de738", "type":"REGEXP", "class":"0x7fcbb10d0b40", "references":["0x7fcbb18de6c0"], "memsize":631, "flags":{"wb_protected":true, "old":true, "long_lived":true, "marked":true}}
{"address":"0x7fcbb18de9b8", "type":"STRING", "class":"0x7fcbb10e0ef0", "frozen":true, "embedded":true, "fstring":true, "bytesize":17, "value":"mswin32(\\_(\\d+))?", "encoding":"US-ASCII", "memsize":40, "flags":{"wb_protected":true, "old":true, "long_lived":true, "marked":true}}
{"address":"0x7fcbb18dea30", "type":"REGEXP", "class":"0x7fcbb10d0b40", "references":["0x7fcbb18de9b8"], "memsize":631, "flags":{"wb_protected":true, "old":true, "long_lived":true, "marked":true}}
{"address":"0x7fcbb18decb0", "type":"STRING", "class":"0x7fcbb10e0ef0", "frozen":true, "embedded":true, "fstring":true, "bytesize":21, "value":"dotnet(\\-(\\d+\\.\\d+))?", "encoding":"US-ASCII", "memsize":40, "flags":{"wb_protected":true, "old":true, "long_lived":true, "marked":true}}
{"address":"0x7fcbb18ded28", "type":"REGEXP", "class":"0x7fcbb10d0b40", "references":["0x7fcbb18decb0"], "memsize":830, "flags":{"wb_protected":true, "old":true, "long_lived":true, "marked":true}}
{"address":"0x7fcbb18defa8", "type":"REGEXP", "class":"0x7fcbb10d0b40", "references":["0x7fcbb18d6d08"], "memsize":606, "flags":{"wb_protected":true, "old":true, "long_lived":true, "marked":true}}
{"address":"0x7fcbb18df4d0", "type":"STRING", "class":"0x7fcbb10e0ef0", "frozen":true, "embedded":true, "fstring":true, "bytesize":12, "value":"^i\\d86-linux", "encoding":"US-ASCII", "memsize":40, "flags":{"wb_protected":true, "old":true, "long_lived":true, "marked":true}}
{"address":"0x7fcbb18df548", "type":"REGEXP", "class":"0x7fcbb10d0b40", "references":["0x7fcbb18df4d0"], "memsize":592, "flags":{"wb_protected":true, "old":true, "long_lived":true, "marked":true}}
{"address":"0x7fcbb18df7c8", "type":"STRING", "class":"0x7fcbb10e0ef0", "frozen":true, "embedded":true, "fstring":true, "bytesize":16, "value":"^i686-darwin(\\d)", "encoding":"US-ASCII", "memsize":40, "flags":{"wb_protected":true, "old":true, "long_lived":true, "marked":true}}
{"address":"0x7fcbb18df840", "type":"REGEXP", "class":"0x7fcbb10d0b40", "references":["0x7fcbb18df7c8"], "memsize":563, "flags":{"wb_protected":true, "old":true, "long_lived":true, "marked":true}}
{"address":"0x7fcbb18e4408", "type":"STRING", "class":"0x7fcbb10e0ef0", "frozen":true, "embedded":true, "fstring":true, "bytesize":15, "value":"@extensions_dir", "encoding":"US-ASCII", "memsize":40, "flags":{"wb_protected":true, "old":true, "long_lived":true, "marked":true}}
{"address":"0x7fcbb18e4750", "type":"STRING", "class":"0x7fcbb10e0ef0", "frozen":true, "embedded":true, "fstring":true, "bytesize":14, "value":"extensions_dir", "encoding":"US-ASCII", "memsize":40, "flags":{"wb_protected":true, "old":true, "long_lived":true, "marked":true}}
{"address":"0x7fcbb18e47f0", "type":"STRING", "class":"0x7fcbb10e0ef0", "frozen":true, "embedded":true, "fstring":true, "bytesize":14, "value":"@extension_dir", "encoding":"US-ASCII", "memsize":40, "flags":{"wb_protected":true, "old":true, "long_lived":true, "marked":true}}
{"address":"0x7fcbb18e4f48", "type":"STRING", "class":"0x7fcbb10e0ef0", "frozen":true, "embedded":true, "fstring":true, "bytesize":2, "value":"no", "encoding":"US-ASCII", "memsize":40, "flags":{"wb_protected":true, "old":true, "long_lived":true, "marked":true}}
{"address":"0x7fcbb18e4f98", "type":"STRING", "class":"0x7fcbb10e0ef0", "frozen":true, "embedded":true, "fstring":true, "bytesize":3, "value":"yes", "encoding":"US-ASCII", "memsize":40, "flags":{"wb_protected":true, "old":true, "long_lived":true, "marked":true}}
{"address":"0x7fcbb18e5358", "type":"STRING", "class":"0x7fcbb10e0ef0", "frozen":true, "embedded":true, "fstring":true, "bytesize":3, "value":"suf", "encoding":"US-ASCII", "memsize":40, "flags":{"wb_protected":true, "old":true, "long_lived":true, "marked":true}}
{"address":"0x7fcbb18e5fb0", "type":"STRING", "class":"0x7fcbb10e0ef0", "frozen":true, "embedded":true, "fstring":true, "bytesize":8, "value":"@ignored", "encoding":"US-ASCII", "memsize":40, "flags":{"wb_protected":true, "old":true, "long_lived":true, "marked":true}}
{"address":"0x7fcbb18e6190", "type":"STRING", "class":"0x7fcbb10e0ef0", "frozen":true, "fstring":true, "bytesize":25, "value":"@contains_requirable_file", "encoding":"US-ASCII", "memsize":66, "flags":{"wb_protected":true, "old":true, "long_lived":true, "marked":true}}
{"address":"0x7fcbb18e67f8", "type":"STRING", "class":"0x7fcbb10e0ef0", "frozen":true, "embedded":true, "fstring":true, "bytesize":9, "value":"@base_dir", "encoding":"US-ASCII", "memsize":40, "flags":{"wb_protected":true, "old":true, "long_lived":true, "marked":true}}
{"address":"0x7fcbb18e7978", "type":"STRING", "class":"0x7fcbb10e0ef0", "frozen":true, "fstring":true, "bytesize":91, "capacity":118, "value":"/Users/path/.rvm/rubies/ruby-2.2.3/lib/ruby/site_ruby/2.2.0/rubygems/basic_specification.rb", "encoding":"US-ASCII", "memsize":159, "flags":{"wb_protected":true, "old":true, "long_lived":true, "marked":true}}
{"address":"0x7fcbb18e7e28", "type":"STRING", "class":"0x7fcbb10e0ef0", "embedded":true, "bytesize":7, "value":"current", "encoding":"UTF-8", "memsize":40, "flags":{"wb_protected":true, "old":true, "long_lived":true, "marked":true}}
{"address":"0x7fcbb18e7e50", "type":"STRING", "class":"0x7fcbb10e0ef0", "embedded":true, "bytesize":4, "value":"ruby", "encoding":"UTF-8", "memsize":40, "flags":{"wb_protected":true, "old":true, "long_lived":true, "marked":true}}
{"address":"0x7fcbb18e7e78", "type":"CLASS", "class":"0x7fcbb10c8378", "name":"Class", "references":["0x7fcbb18502a8", "0x7fcbb10c8328"], "memsize":712, "flags":{"wb_protected":true, "old":true, "long_lived":true, "marked":true}}
{"address":"0x7fcbb18e7ea0", "type":"ARRAY", "class":"0x7fcbb10d19a0", "frozen":true, "length":2, "embedded":true, "references":["0x7fcbb18cf4e0"], "memsize":40, "flags":{"wb_protected":true, "old":true, "long_lived":true, "marked":true}}
{"address":"0x7fcbb18e7ef0", "type":"ARRAY", "class":"0x7fcbb10d19a0", "frozen":true, "length":2, "embedded":true, "references":["0x7fcbb18cf4e0"], "memsize":40, "flags":{"wb_protected":true, "old":true, "long_lived":true, "marked":true}}
{"address":"0x7fcbb18e7f40", "type":"ARRAY", "class":"0x7fcbb10d19a0", "frozen":true, "length":2, "embedded":true, "references":["0x7fcbb18cf4e0"], "memsize":40, "flags":{"wb_protected":true, "old":true, "long_lived":true, "marked":true}}
{"address":"0x7fcbb18e7f68", "type":"STRING", "class":"0x7fcbb10e0ef0", "frozen":true, "embedded":true, "fstring":true, "bytesize":3, "value":"os=", "encoding":"US-ASCII", "memsize":40, "flags":{"wb_protected":true, "old":true, "long_lived":true, "marked":true}}
{"address":"0x7fcbb18e7f90", "type":"ARRAY", "class":"0x7fcbb10d19a0", "frozen":true, "length":2, "embedded":true, "references":["0x7fcbb18cf4e0"], "memsize":40, "flags":{"wb_protected":true, "old":true, "long_lived":true, "marked":true}}
{"address":"0x7fcbb18ec298", "type":"STRING", "class":"0x7fcbb10e0ef0", "frozen":true, "embedded":true, "fstring":true, "bytesize":9, "value":"extension", "encoding":"US-ASCII", "memsize":40, "flags":{"wb_protected":true, "old":true, "long_lived":true, "marked":true}}
{"address":"0x7fcbb18ec338", "type":"STRING", "class":"0x7fcbb10e0ef0", "frozen":true, "embedded":true, "fstring":true, "bytesize":8, "value":"ext_dirs", "encoding":"US-ASCII", "memsize":40, "flags":{"wb_protected":true, "old":true, "long_lived":true, "marked":true}}
{"address":"0x7fcbb18ec4c8", "type":"STRING", "class":"0x7fcbb10e0ef0", "frozen":true, "embedded":true, "fstring":true, "bytesize":12, "value":"source_paths", "encoding":"US-ASCII", "memsize":40, "flags":{"wb_protected":true, "old":true, "long_lived":true, "marked":true}}
{"address":"0x7fcbb18ed828", "type":"STRING", "class":"0x7fcbb10e0ef0", "frozen":true, "embedded":true, "fstring":true, "bytesize":12, "value":"@loaded_from", "encoding":"US-ASCII", "memsize":40, "flags":{"wb_protected":true, "old":true, "long_lived":true, "marked":true}}
{"address":"0x7fcbb18edcd8", "type":"STRING", "class":"0x7fcbb10e0ef0", "frozen":true, "embedded":true, "fstring":true, "bytesize":9, "value":"@gems_dir", "encoding":"US-ASCII", "memsize":40, "flags":{"wb_protected":true, "old":true, "long_lived":true, "marked":true}}
{"address":"0x7fcbb18ee0e8", "type":"STRING", "class":"0x7fcbb10e0ef0", "frozen":true, "embedded":true, "fstring":true, "bytesize":8, "value":"@gem_dir", "encoding":"US-ASCII", "memsize":40, "flags":{"wb_protected":true, "old":true, "long_lived":true, "marked":true}}
{"address":"0x7fcbb18eec00", "type":"STRING", "class":"0x7fcbb10e0ef0", "frozen":true, "embedded":true, "fstring":true, "bytesize":8, "value":"fullpath", "encoding":"US-ASCII", "memsize":40, "flags":{"wb_protected":true, "old":true, "long_lived":true, "marked":true}}
{"address":"0x7fcbb18eedb8", "type":"STRING", "class":"0x7fcbb10e0ef0", "frozen":true, "embedded":true, "fstring":true, "bytesize":10, "value":"@paths_map", "encoding":"US-ASCII", "memsize":40, "flags":{"wb_protected":true, "old":true, "long_lived":true, "marked":true}}
{"address":"0x7fcbb18eeea8", "type":"STRING", "class":"0x7fcbb10e0ef0", "frozen":true, "embedded":true, "fstring":true, "bytesize":11, "value":"to_fullpath", "encoding":"US-ASCII", "memsize":40, "flags":{"wb_protected":true, "old":true, "long_lived":true, "marked":true}}
{"address":"0x7fcbb18ef628", "type":"STRING", "class":"0x7fcbb10e0ef0", "frozen":true, "embedded":true, "fstring":true, "bytesize":10, "value":"full_paths", "encoding":"US-ASCII", "memsize":40, "flags":{"wb_protected":true, "old":true, "long_lived":true, "marked":true}}
{"address":"0x7fcbb18ef6c8", "type":"STRING", "class":"0x7fcbb10e0ef0", "frozen":true, "embedded":true, "fstring":true, "bytesize":19, "value":"@full_require_paths", "encoding":"US-ASCII", "memsize":40, "flags":{"wb_protected":true, "old":true, "long_lived":true, "marked":true}}
{"address":"0x7fcbb18f4038", "type":"STRING", "class":"0x7fcbb10e0ef0", "frozen":true, "embedded":true, "fstring":true, "bytesize":5, "value":"@spec", "encoding":"US-ASCII", "memsize":40, "flags":{"wb_protected":true, "old":true, "long_lived":true, "marked":true}}
{"address":"0x7fcbb18f4268", "type":"STRING", "class":"0x7fcbb10e0ef0", "frozen":true, "embedded":true, "fstring":true, "bytesize":5, "value":"@data", "encoding":"US-ASCII", "memsize":40, "flags":{"wb_protected":true, "old":true, "long_lived":true, "marked":true}}
{"address":"0x7fcbb18f4560", "type":"STRUCT", "class":"0x7fcbb10cb7f8", "memsize":40, "flags":{"wb_protected":true, "old":true, "long_lived":true, "marked":true}}
{"address":"0x7fcbb18f52a8", "type":"STRING", "class":"0x7fcbb10e0ef0", "frozen":true, "embedded":true, "fstring":true, "bytesize":6, "value":"@parts", "encoding":"US-ASCII", "memsize":40, "flags":{"wb_protected":true, "old":true, "long_lived":true, "marked":true}}
{"address":"0x7fcbb18f5460", "type":"STRING", "class":"0x7fcbb10e0ef0", "frozen":true, "embedded":true, "fstring":true, "bytesize":8, "value":"StubLine", "encoding":"US-ASCII", "memsize":40, "flags":{"wb_protected":true, "old":true, "long_lived":true, "marked":true}}
{"address":"0x7fcbb18f57d0", "type":"STRING", "class":"0x7fcbb10e0ef0", "frozen":true, "embedded":true, "fstring":true, "bytesize":9, "value":"OPEN_MODE", "encoding":"US-ASCII", "memsize":40, "flags":{"wb_protected":true, "old":true, "long_lived":true, "marked":true}}
{"address":"0x7fcbb18f5be0", "type":"STRING", "class":"0x7fcbb10e0ef0", "frozen":true, "fstring":true, "bytesize":90, "capacity":118, "value":"/Users/path/.rvm/rubies/ruby-2.2.3/lib/ruby/site_ruby/2.2.0/rubygems/stub_specification.rb", "encoding":"US-ASCII", "memsize":159, "flags":{"wb_protected":true, "old":true, "long_lived":true, "marked":true}}
{"address":"0x7fcbb18f6040", "type":"CLASS", "class":"0x7fcbb10c8378", "name":"Class", "references":["0x7fcbb18f62e8", "0x7fcbb10c8328"], "memsize":712, "flags":{"wb_protected":true, "old":true, "long_lived":true, "marked":true}}
{"address":"0x7fcbb18f6068", "type":"ARRAY", "class":"0x7fcbb10d19a0", "frozen":true, "length":2, "embedded":true, "references":["0x7fcbb18e7978"], "memsize":40, "flags":{"wb_protected":true, "old":true, "long_lived":true, "marked":true}}
{"address":"0x7fcbb18f6090", "type":"STRING", "class":"0x7fcbb10e0ef0", "frozen":true, "embedded":true, "fstring":true, "bytesize":14, "value":"full_gem_path=", "encoding":"US-ASCII", "memsize":40, "flags":{"wb_protected":true, "old":true, "long_lived":true, "marked":true}}
{"address":"0x7fcbb18f60e0", "type":"ARRAY", "class":"0x7fcbb10d19a0", "frozen":true, "length":2, "embedded":true, "references":["0x7fcbb18e7978"], "memsize":40, "flags":{"wb_protected":true, "old":true, "long_lived":true, "marked":true}}
{"address":"0x7fcbb18f6130", "type":"ARRAY", "class":"0x7fcbb10d19a0", "frozen":true, "length":2, "embedded":true, "references":["0x7fcbb18e7978"], "memsize":40, "flags":{"wb_protected":true, "old":true, "long_lived":true, "marked":true}}
{"address":"0x7fcbb18f6158", "type":"STRING", "class":"0x7fcbb10e0ef0", "frozen":true, "embedded":true, "fstring":true, "bytesize":8, "value":"ignored=", "encoding":"US-ASCII", "memsize":40, "flags":{"wb_protected":true, "old":true, "long_lived":true, "marked":true}}
{"address":"0x7fcbb18f61a8", "type":"ARRAY", "class":"0x7fcbb10d19a0", "frozen":true, "length":2, "embedded":true, "references":["0x7fcbb18e7978"], "memsize":40, "flags":{"wb_protected":true, "old":true, "long_lived":true, "marked":true}}
{"address":"0x7fcbb18f61d0", "type":"STRING", "class":"0x7fcbb10e0ef0", "frozen":true, "embedded":true, "fstring":true, "bytesize":14, "value":"extension_dir=", "encoding":"US-ASCII", "memsize":40, "flags":{"wb_protected":true, "old":true, "long_lived":true, "marked":true}}
{"address":"0x7fcbb18f6220", "type":"ARRAY", "class":"0x7fcbb10d19a0", "frozen":true, "length":2, "embedded":true, "references":["0x7fcbb18e7978"], "memsize":40, "flags":{"wb_protected":true, "old":true, "long_lived":true, "marked":true}}
{"address":"0x7fcbb18f6248", "type":"STRING", "class":"0x7fcbb10e0ef0", "frozen":true, "embedded":true, "fstring":true, "bytesize":9, "value":"base_dir=", "encoding":"US-ASCII", "memsize":40, "flags":{"wb_protected":true, "old":true, "long_lived":true, "marked":true}}
{"address":"0x7fcbb18f62c0", "type":"STRING", "class":"0x7fcbb10e0ef0", "frozen":true, "embedded":true, "bytesize":23, "value":"Gem::BasicSpecification", "encoding":"US-ASCII", "memsize":40, "flags":{"wb_protected":true, "old":true, "long_lived":true, "marked":true}}
{"address":"0x7fcbb18f62e8", "type":"CLASS", "class":"0x7fcbb18f6040", "name":"Class", "references":["0x7fcbb18f62e8", "0x7fcbb18f7bc0", "0x7fcbb18f6310", "0x7fcbb10e23e0"], "memsize":712, "flags":{"wb_protected":true, "old":true, "long_lived":true, "marked":true}}
{"address":"0x7fcbb18f6310", "type":"CLASS", "class":"0x7fcbb18f62e8", "name":"Gem::BasicSpecification", "references":["0x7fcbb18f6310", "0x7fcbb18f6220", "0x7fcbb18f6310", "0x7fcbb18f61a8", "0x7fcbb18f6310", "0x7fcbb18f6130", "0x7fcbb18f6310", "0x7fcbb18f60e0", "0x7fcbb18f6310", "0x7fcbb18f6068", "0x7fcbb18f6310", "0x7fcbb18f7aa8", "0x7fcbb18f6310", "0x7fcbb18f7a08", "0x7fcbb18f6310", "0x7fcbb18f7968", "0x7fcbb18f6310", "0x7fcbb18f7558", "0x7fcbb18f6310", "0x7fcbb18f74b8", "0x7fcbb18f6310", "0x7fcbb18f7418", "0x7fcbb18f6310", "0x7fcbb18f7350", "0x7fcbb18f6310", "0x7fcbb18f72b0", "0x7fcbb18f6310", "0x7fcbb18f7210", "0x7fcbb18f6310", "0x7fcbb18f7148", "0x7fcbb18f6310", "0x7fcbb18f6f40", "0x7fcbb18f6310", "0x7fcbb18f6ba8", "0x7fcbb18f6310", "0x7fcbb18f6b08", "0x7fcbb18f6310", "0x7fcbb18f6a40", "0x7fcbb18f6310", "0x7fcbb18f69a0", "0x7fcbb18f6310", "0x7fcbb18f6900", "0x7fcbb18f6310", "0x7fcbb18f6860", "0x7fcbb18f6310", "0x7fcbb18f67c0", "0x7fcbb18f6310", "0x7fcbb18f6720", "0x7fcbb18f6310", "0x7fcbb18f6518", "0x7fcbb18f6310", "0x7fcbb18f6478", "0x7fcbb18f6310", "0x7fcbb18f63d8", "0x7fcbb18f62c0", "0x7fcbb10e2c78"], "memsize":1992, "flags":{"wb_protected":true, "old":true, "long_lived":true, "marked":true}}
{"address":"0x7fcbb18f63b0", "type":"NODE", "frozen":true, "node_type":"NODE_CREF", "references":["0x7fcbb18f6310", "0x7fcbb18f7d28"], "memsize":40, "flags":{"wb_protected":true, "old":true, "long_lived":true, "marked":true}}
{"address":"0x7fcbb18f63d8", "type":"DATA", "class":"0x7fcbb10c0100", "struct":"iseq", "references":["0x7fcbb1062550", "0x7fcbb1062550", "0x7fcbb18e7978", "0x7fcbb18e7978", "0x7fcbb18f63b0", "0x7fcbb18f6310"], "memsize":600, "flags":{"wb_protected":true, "old":true, "long_lived":true, "marked":true}}
{"address":"0x7fcbb18f6450", "type":"NODE", "frozen":true, "node_type":"NODE_CREF", "references":["0x7fcbb18f6310", "0x7fcbb18f7d28"], "memsize":40, "flags":{"wb_protected":true, "old":true, "long_lived":true, "marked":true}}
{"address":"0x7fcbb18f6478", "type":"DATA", "class":"0x7fcbb10c0100", "struct":"iseq", "references":["0x7fcbb10835c0", "0x7fcbb10835c0", "0x7fcbb18e7978", "0x7fcbb18e7978", "0x7fcbb18f6450", "0x7fcbb18f6310"], "memsize":600, "flags":{"wb_protected":true, "old":true, "long_lived":true, "marked":true}}
{"address":"0x7fcbb18f64f0", "type":"NODE", "frozen":true, "node_type":"NODE_CREF", "references":["0x7fcbb18f6310", "0x7fcbb18f7d28"], "memsize":40, "flags":{"wb_protected":true, "old":true, "long_lived":true, "marked":true}}
{"address":"0x7fcbb18f6518", "type":"DATA", "class":"0x7fcbb10c0100", "struct":"iseq", "references":["0x7fcbb1070308", "0x7fcbb1070308", "0x7fcbb18e7978", "0x7fcbb18e7978", "0x7fcbb18f64f0", "0x7fcbb18f6310"], "memsize":600, "flags":{"wb_protected":true, "old":true, "long_lived":true, "marked":true}}
{"address":"0x7fcbb18f6568", "type":"ARRAY", "length":1, "embedded":true, "references":["0x7fcbb18f6630"], "memsize":40, "flags":{"wb_protected":true, "old":true, "long_lived":true, "marked":true}}
{"address":"0x7fcbb18f6630", "type":"DATA", "class":"0x7fcbb10c0100", "struct":"iseq", "references":["0x7fcbb18f6658", "0x7fcbb18ec4c8", "0x7fcbb18e7978", "0x7fcbb18e7978", "0x7fcbb18f66f8"], "memsize":840, "flags":{"wb_protected":true, "old":true, "long_lived":true, "marked":true}}
{"address":"0x7fcbb18f6658", "type":"STRING", "class":"0x7fcbb10e0ef0", "frozen":true, "embedded":true, "fstring":true, "bytesize":21, "value":"block in source_paths", "memsize":40, "flags":{"wb_protected":true, "old":true, "long_lived":true, "marked":true}}
{"address":"0x7fcbb18f66f8", "type":"NODE", "frozen":true, "node_type":"NODE_CREF", "references":["0x7fcbb18f6310", "0x7fcbb18f7d28"], "memsize":40, "flags":{"wb_protected":true, "old":true, "long_lived":true, "marked":true}}
{"address":"0x7fcbb18f6720", "type":"DATA", "class":"0x7fcbb10c0100", "struct":"iseq", "references":["0x7fcbb18f6568", "0x7fcbb18ec4c8", "0x7fcbb18ec4c8", "0x7fcbb18e7978", "0x7fcbb18e7978", "0x7fcbb18f66f8", "0x7fcbb18f6310"], "memsize":1480, "flags":{"wb_protected":true, "old":true, "long_lived":true, "marked":true}}
{"address":"0x7fcbb18f6798", "type":"NODE", "frozen":true, "node_type":"NODE_CREF", "references":["0x7fcbb18f6310", "0x7fcbb18f7d28"], "memsize":40, "flags":{"wb_protected":true, "old":true, "long_lived":true, "marked":true}}
{"address":"0x7fcbb18f67c0", "type":"DATA", "class":"0x7fcbb10c0100", "struct":"iseq", "references":["0x7fcbb1060b88", "0x7fcbb1060b88", "0x7fcbb18e7978", "0x7fcbb18e7978", "0x7fcbb18f6798", "0x7fcbb18f6310"], "memsize":1336, "flags":{"wb_protected":true, "old":true, "long_lived":true, "marked":true}}
{"address":"0x7fcbb18f6838", "type":"NODE", "frozen":true, "node_type":"NODE_CREF", "references":["0x7fcbb18f6310", "0x7fcbb18f7d28"], "memsize":40, "flags":{"wb_protected":true, "old":true, "long_lived":true, "marked":true}}
{"address":"0x7fcbb18f6860", "type":"DATA", "class":"0x7fcbb10c0100", "struct":"iseq", "references":["0x7fcbb10b05c0", "0x7fcbb10b05c0", "0x7fcbb18e7978", "0x7fcbb18e7978", "0x7fcbb18f6838", "0x7fcbb18f6310"], "memsize":568, "flags":{"wb_protected":true, "old":true, "long_lived":true, "marked":true}}
{"address":"0x7fcbb18f68d8", "type":"NODE", "frozen":true, "node_type":"NODE_CREF", "references":["0x7fcbb18f6310", "0x7fcbb18f7d28"], "memsize":40, "flags":{"wb_protected":true, "old":true, "long_lived":true, "marked":true}}
{"address":"0x7fcbb18f6900", "type":"DATA", "class":"0x7fcbb10c0100", "struct":"iseq", "references":["0x7fcbb1838810", "0x7fcbb1838810", "0x7fcbb18e7978", "0x7fcbb18e7978", "0x7fcbb18f68d8", "0x7fcbb18f6310"], "memsize":600, "flags":{"wb_protected":true, "old":true, "long_lived":true, "marked":true}}
{"address":"0x7fcbb18f6978", "type":"NODE", "frozen":true, "node_type":"NODE_CREF", "references":["0x7fcbb18f6310", "0x7fcbb18f7d28"], "memsize":40, "flags":{"wb_protected":true, "old":true, "long_lived":true, "marked":true}}
{"address":"0x7fcbb18f69a0", "type":"DATA", "class":"0x7fcbb10c0100", "struct":"iseq", "references":["0x7fcbb10e22a0", "0x7fcbb10e22a0", "0x7fcbb18e7978", "0x7fcbb18e7978", "0x7fcbb18f6978", "0x7fcbb18f6310"], "memsize":600, "flags":{"wb_protected":true, "old":true, "long_lived":true, "marked":true}}
{"address":"0x7fcbb18f6a18", "type":"NODE", "frozen":true, "node_type":"NODE_CREF", "references":["0x7fcbb18f6310", "0x7fcbb18f7d28"], "memsize":40, "flags":{"wb_protected":true, "old":true, "long_lived":true, "marked":true}}
{"address":"0x7fcbb18f6a40", "type":"DATA", "class":"0x7fcbb10c0100", "struct":"iseq", "references":["0x7fcbb1870ad0", "0x7fcbb1870ad0", "0x7fcbb18e7978", "0x7fcbb18e7978", "0x7fcbb18f6a18", "0x7fcbb18f6310"], "memsize":1072, "flags":{"wb_protected":true, "old":true, "long_lived":true, "marked":true}}
{"address":"0x7fcbb18f6a68", "type":"ARRAY", "length":1, "embedded":true, "references":["0x7fcbb1052920"], "memsize":40, "flags":{"wb_protected":true, "old":true, "long_lived":true, "marked":true}}
{"address":"0x7fcbb18f6ae0", "type":"NODE", "frozen":true, "node_type":"NODE_CREF", "references":["0x7fcbb18f6310", "0x7fcbb18f7d28"], "memsize":40, "flags":{"wb_protected":true, "old":true, "long_lived":true, "marked":true}}
{"address":"0x7fcbb18f6b08", "type":"DATA", "class":"0x7fcbb10c0100", "struct":"iseq", "references":["0x7fcbb18f6a68", "0x7fcbb1880660", "0x7fcbb1880660", "0x7fcbb18e7978", "0x7fcbb18e7978", "0x7fcbb18f6ae0", "0x7fcbb18f6310"], "memsize":1296, "flags":{"wb_protected":true, "old":true, "long_lived":true, "marked":true}}
{"address":"0x7fcbb18f6b80", "type":"NODE", "frozen":true, "node_type":"NODE_CREF", "references":["0x7fcbb18f6310", "0x7fcbb18f7d28"], "memsize":40, "flags":{"wb_protected":true, "old":true, "long_lived":true, "marked":true}}
{"address":"0x7fcbb18f6ba8", "type":"DATA", "class":"0x7fcbb10c0100", "struct":"iseq", "references":["0x7fcbb1888068", "0x7fcbb1888068", "0x7fcbb18e7978", "0x7fcbb18e7978", "0x7fcbb18f6b80", "0x7fcbb18f6310"], "memsize":1216, "flags":{"wb_protected":true, "old":true, "long_lived":true, "marked":true}}
{"address":"0x7fcbb18f6bf8", "type":"ARRAY", "length":1, "embedded":true, "references":["0x7fcbb18f6e50"], "memsize":40, "flags":{"wb_protected":true, "old":true, "long_lived":true, "marked":true}}
{"address":"0x7fcbb18f6c98", "type":"ARRAY", "length":1, "embedded":true, "references":["0x7fcbb18f6d88"], "memsize":40, "flags":{"wb_protected":true, "old":true, "long_lived":true, "marked":true}}
{"address":"0x7fcbb18f6cc0", "type":"ARRAY", "length":1, "embedded":true, "references":["0x7fcbb1050530"], "memsize":40, "flags":{"wb_protected":true, "old":true, "long_lived":true, "marked":true}}
{"address":"0x7fcbb18f6d88", "type":"DATA", "class":"0x7fcbb10c0100", "struct":"iseq", "references":["0x7fcbb18f6cc0", "0x7fcbb18f6db0", "0x7fcbb18eeea8", "0x7fcbb18e7978", "0x7fcbb18e7978", "0x7fcbb18f6f18"], "memsize":816, "flags":{"wb_protected":true, "old":true, "long_lived":true, "marked":true}}
{"address":"0x7fcbb18f6db0", "type":"STRING", "class":"0x7fcbb10e0ef0", "frozen":true, "fstring":true, "bytesize":31, "value":"block (2 levels) in to_fullpath", "memsize":72, "flags":{"wb_protected":true, "old":true, "long_lived":true, "marked":true}}
{"address":"0x7fcbb18f6e50", "type":"DATA", "class":"0x7fcbb10c0100", "struct":"iseq", "references":["0x7fcbb18f6c98", "0x7fcbb18f6e78", "0x7fcbb18eeea8", "0x7fcbb18e7978", "0x7fcbb18e7978", "0x7fcbb18f6f18"], "memsize":648, "flags":{"wb_protected":true, "old":true, "long_lived":true, "marked":true}}
{"address":"0x7fcbb18f6e78", "type":"STRING", "class":"0x7fcbb10e0ef0", "frozen":true, "embedded":true, "fstring":true, "bytesize":20, "value":"block in to_fullpath", "memsize":40, "flags":{"wb_protected":true, "old":true, "long_lived":true, "marked":true}}
{"address":"0x7fcbb18f6f18", "type":"NODE", "frozen":true, "node_type":"NODE_CREF", "references":["0x7fcbb18f6310", "0x7fcbb18f7d28"], "memsize":40, "flags":{"wb_protected":true, "old":true, "long_lived":true, "marked":true}}
{"address":"0x7fcbb18f6f40", "type":"DATA", "class":"0x7fcbb10c0100", "struct":"iseq", "references":["0x7fcbb18f6bf8", "0x7fcbb18eeea8", "0x7fcbb18eeea8", "0x7fcbb18e7978", "0x7fcbb18e7978", "0x7fcbb18f6f18", "0x7fcbb18f6310"], "memsize":1960, "flags":{"wb_protected":true, "old":true, "long_lived":true, "marked":true}}
{"address":"0x7fcbb18f6f90", "type":"ARRAY", "length":1, "embedded":true, "references":["0x7fcbb18f7058"], "memsize":40, "flags":{"wb_protected":true, "old":true, "long_lived":true, "marked":true}}
{"address":"0x7fcbb18f7058", "type":"DATA", "class":"0x7fcbb10c0100", "struct":"iseq", "references":["0x7fcbb18f7080", "0x7fcbb1888db0", "0x7fcbb18e7978", "0x7fcbb18e7978", "0x7fcbb18f7120"], "memsize":816, "flags":{"wb_protected":true, "old":true, "long_lived":true, "marked":true}}
{"address":"0x7fcbb18f7080", "type":"STRING", "class":"0x7fcbb10e0ef0", "frozen":true, "fstring":true, "bytesize":27, "value":"block in full_require_paths", "memsize":68, "flags":{"wb_protected":true, "old":true, "long_lived":true, "marked":true}}
{"address":"0x7fcbb18f7120", "type":"NODE", "frozen":true, "node_type":"NODE_CREF", "references":["0x7fcbb18f6310", "0x7fcbb18f7d28"], "memsize":40, "flags":{"wb_protected":true, "old":true, "long_lived":true, "marked":true}}
{"address":"0x7fcbb18f7148", "type":"DATA", "class":"0x7fcbb10c0100", "struct":"iseq", "references":["0x7fcbb18f6f90", "0x7fcbb1888db0", "0x7fcbb1888db0", "0x7fcbb18e7978", "0x7fcbb18e7978", "0x7fcbb18f7120", "0x7fcbb18f6310"], "memsize":1608, "flags":{"wb_protected":true, "old":true, "long_lived":true, "marked":true}}
{"address":"0x7fcbb18f7170", "type":"ARRAY", "length":3, "embedded":true, "references":["0x7fcbb1048b50", "0x7fcbb1048b50", "0x7fcbb1048b50"], "memsize":40, "flags":{"wb_protected":true, "old":true, "long_lived":true, "marked":true}}
{"address":"0x7fcbb18f71e8", "type":"NODE", "frozen":true, "node_type":"NODE_CREF", "references":["0x7fcbb18f6310", "0x7fcbb18f7d28"], "memsize":40, "flags":{"wb_protected":true, "old":true, "long_lived":true, "marked":true}}
{"address":"0x7fcbb18f7210", "type":"DATA", "class":"0x7fcbb10c0100", "struct":"iseq", "references":["0x7fcbb18f7170", "0x7fcbb1839be8", "0x7fcbb1839be8", "0x7fcbb18e7978", "0x7fcbb18e7978", "0x7fcbb18f71e8", "0x7fcbb18f6310"], "memsize":2104, "flags":{"wb_protected":true, "old":true, "long_lived":true, "marked":true}}
{"address":"0x7fcbb18f7288", "type":"NODE", "frozen":true, "node_type":"NODE_CREF", "references":["0x7fcbb18f6310", "0x7fcbb18f7d28"], "memsize":40, "flags":{"wb_protected":true, "old":true, "long_lived":true, "marked":true}}
{"address":"0x7fcbb18f72b0", "type":"DATA", "class":"0x7fcbb10c0100", "struct":"iseq", "references":["0x7fcbb10938a8", "0x7fcbb10938a8", "0x7fcbb18e7978", "0x7fcbb18e7978", "0x7fcbb18f7288", "0x7fcbb18f6310"], "memsize":704, "flags":{"wb_protected":true, "old":true, "long_lived":true, "marked":true}}
{"address":"0x7fcbb18f7328", "type":"NODE", "frozen":true, "node_type":"NODE_CREF", "references":["0x7fcbb18f6310", "0x7fcbb18f7d28"], "memsize":40, "flags":{"wb_protected":true, "old":true, "long_lived":true, "marked":true}}
{"address":"0x7fcbb18f7350", "type":"DATA", "class":"0x7fcbb10c0100", "struct":"iseq", "references":["0x7fcbb1880a98", "0x7fcbb1880a98", "0x7fcbb18e7978", "0x7fcbb18e7978", "0x7fcbb18f7328", "0x7fcbb18f6310"], "memsize":1520, "flags":{"wb_protected":true, "old":true, "long_lived":true, "marked":true}}
{"address":"0x7fcbb18f7378", "type":"ARRAY", "length":1, "embedded":true, "references":["0x7fcbb1052948"], "memsize":40, "flags":{"wb_protected":true, "old":true, "long_lived":true, "marked":true}}
{"address":"0x7fcbb18f73f0", "type":"NODE", "frozen":true, "node_type":"NODE_CREF", "references":["0x7fcbb18f6310", "0x7fcbb18f7d28"], "memsize":40, "flags":{"wb_protected":true, "old":true, "long_lived":true, "marked":true}}
{"address":"0x7fcbb18f7418", "type":"DATA", "class":"0x7fcbb10c0100", "struct":"iseq", "references":["0x7fcbb18f7378", "0x7fcbb18e4750", "0x7fcbb18e4750", "0x7fcbb18e7978", "0x7fcbb18e7978", "0x7fcbb18f73f0", "0x7fcbb18f6310"], "memsize":1832, "flags":{"wb_protected":true, "old":true, "long_lived":true, "marked":true}}
{"address":"0x7fcbb18f7490", "type":"NODE", "frozen":true, "node_type":"NODE_CREF", "references":["0x7fcbb18f6310", "0x7fcbb18f7d28"], "memsize":40, "flags":{"wb_protected":true, "old":true, "long_lived":true, "marked":true}}
{"address":"0x7fcbb18f74b8", "type":"DATA", "class":"0x7fcbb10c0100", "struct":"iseq", "references":["0x7fcbb1873690", "0x7fcbb1873690", "0x7fcbb18e7978", "0x7fcbb18e7978", "0x7fcbb18f7490", "0x7fcbb18f6310"], "memsize":1216, "flags":{"wb_protected":true, "old":true, "long_lived":true, "marked":true}}
{"address":"0x7fcbb18f7530", "type":"NODE", "frozen":true, "node_type":"NODE_CREF", "references":["0x7fcbb18f6310", "0x7fcbb18f7d28"], "memsize":40, "flags":{"wb_protected":true, "old":true, "long_lived":true, "marked":true}}
{"address":"0x7fcbb18f7558", "type":"DATA", "class":"0x7fcbb10c0100", "struct":"iseq", "references":["0x7fcbb1888ea0", "0x7fcbb1888ea0", "0x7fcbb18e7978", "0x7fcbb18e7978", "0x7fcbb18f7530", "0x7fcbb18f6310"], "memsize":1264, "flags":{"wb_protected":true, "old":true, "long_lived":true, "marked":true}}
{"address":"0x7fcbb18f75a8", "type":"ARRAY", "length":5, "references":["0x7fcbb18f77d8", "0x7fcbb18f78c8", "0x7fcbb18f78a0", "0x7fcbb18f7878", "0x7fcbb18f7850"], "memsize":200, "flags":{"wb_protected":true, "old":true, "long_lived":true, "marked":true}}
{"address":"0x7fcbb18f7648", "type":"ARRAY", "length":2, "embedded":true, "references":["0x7fcbb18f7710", "0x7fcbb1050530"], "memsize":40, "flags":{"wb_protected":true, "old":true, "long_lived":true, "marked":true}}
{"address":"0x7fcbb18f7710", "type":"DATA", "class":"0x7fcbb10c0100", "struct":"iseq", "references":["0x7fcbb18f7738", "0x7fcbb1869aa0", "0x7fcbb18e7978", "0x7fcbb18e7978", "0x7fcbb18f7940"], "memsize":712, "flags":{"wb_protected":true, "old":true, "long_lived":true, "marked":true}}
{"address":"0x7fcbb18f7738", "type":"STRING", "class":"0x7fcbb10e0ef0", "frozen":true, "fstring":true, "bytesize":45, "value":"block (2 levels) in contains_requirable_file?", "memsize":86, "flags":{"wb_protected":true, "old":true, "long_lived":true, "marked":true}}
{"address":"0x7fcbb18f77d8", "type":"DATA", "class":"0x7fcbb10c0100", "struct":"iseq", "references":["0x7fcbb18f7648", "0x7fcbb18f7800", "0x7fcbb1869aa0", "0x7fcbb18e7978", "0x7fcbb18e7978", "0x7fcbb18f7940"], "memsize":776, "flags":{"wb_protected":true, "old":true, "long_lived":true, "marked":true}}
{"address":"0x7fcbb18f7800", "type":"STRING", "class":"0x7fcbb10e0ef0", "frozen":true, "fstring":true, "bytesize":34, "value":"block in contains_requirable_file?", "memsize":75, "flags":{"wb_protected":true, "old":true, "long_lived":true, "marked":true}}
{"address":"0x7fcbb18f7850", "type":"STRING", "class":"0x7fcbb10e0ef0", "frozen":true, "embedded":true, "fstring":true, "bytesize":11, "value":" --version ", "encoding":"UTF-8", "memsize":40, "flags":{"wb_protected":true, "old":true, "long_lived":true, "marked":true}}
{"address":"0x7fcbb18f7878", "type":"STRING", "class":"0x7fcbb10e0ef0", "frozen":true, "embedded":true, "fstring":true, "bytesize":18, "value":"Try: gem pristine ", "encoding":"UTF-8", "memsize":40, "flags":{"wb_protected":true, "old":true, "long_lived":true, "marked":true}}
{"address":"0x7fcbb18f78a0", "type":"STRING", "class":"0x7fcbb10e0ef0", "frozen":true, "fstring":true, "bytesize":40, "value":" because its extensions are not built.  ", "encoding":"UTF-8", "memsize":81, "flags":{"wb_protected":true, "old":true, "long_lived":true, "marked":true}}
{"address":"0x7fcbb18f78c8", "type":"STRING", "class":"0x7fcbb10e0ef0", "frozen":true, "embedded":true, "fstring":true, "bytesize":9, "value":"Ignoring ", "encoding":"UTF-8", "memsize":40, "flags":{"wb_protected":true, "old":true, "long_lived":true, "marked":true}}
{"address":"0x7fcbb18f7940", "type":"NODE", "frozen":true, "node_type":"NODE_CREF", "references":["0x7fcbb18f6310", "0x7fcbb18f7d28"], "memsize":40, "flags":{"wb_protected":true, "old":true, "long_lived":true, "marked":true}}
{"address":"0x7fcbb18f7968", "type":"DATA", "class":"0x7fcbb10c0100", "struct":"iseq", "references":["0x7fcbb18f75a8", "0x7fcbb1869aa0", "0x7fcbb1869aa0", "0x7fcbb18e7978", "0x7fcbb18e7978", "0x7fcbb18f7940", "0x7fcbb18f6310"], "memsize":3408, "flags":{"wb_protected":true, "old":true, "long_lived":true, "marked":true}}
{"address":"0x7fcbb18f79e0", "type":"NODE", "frozen":true, "node_type":"NODE_CREF", "references":["0x7fcbb18f6310", "0x7fcbb18f7d28"], "memsize":40, "flags":{"wb_protected":true, "old":true, "long_lived":true, "marked":true}}
{"address":"0x7fcbb18f7a08", "type":"DATA", "class":"0x7fcbb10c0100", "struct":"iseq", "references":["0x7fcbb182aff8", "0x7fcbb182aff8", "0x7fcbb18e7978", "0x7fcbb18e7978", "0x7fcbb18f79e0", "0x7fcbb18f6310"], "memsize":2424, "flags":{"wb_protected":true, "old":true, "long_lived":true, "marked":true}}
{"address":"0x7fcbb18f7a80", "type":"NODE", "frozen":true, "node_type":"NODE_CREF", "references":["0x7fcbb18f6310", "0x7fcbb18f7d28"], "memsize":40, "flags":{"wb_protected":true, "old":true, "long_lived":true, "marked":true}}
{"address":"0x7fcbb18f7aa8", "type":"DATA", "class":"0x7fcbb10c0100", "struct":"iseq", "references":["0x7fcbb10a0940", "0x7fcbb10a0940", "0x7fcbb18e7978", "0x7fcbb18e7978", "0x7fcbb18f7a80", "0x7fcbb18f6310"], "memsize":600, "flags":{"wb_protected":true, "old":true, "long_lived":true, "marked":true}}
{"address":"0x7fcbb18f7af8", "type":"ARRAY", "length":2, "embedded":true, "references":["0x7fcbb10528f8", "0x7fcbb18f7b20"], "memsize":40, "flags":{"wb_protected":true, "old":true, "long_lived":true, "marked":true}}
{"address":"0x7fcbb18f7b20", "type":"STRING", "class":"0x7fcbb10e0ef0", "frozen":true, "embedded":true, "fstring":true, "bytesize":7, "value":"default", "encoding":"UTF-8", "memsize":40, "flags":{"wb_protected":true, "old":true, "long_lived":true, "marked":true}}
{"address":"0x7fcbb18f7b98", "type":"NODE", "frozen":true, "node_type":"NODE_CREF", "references":["0x7fcbb18f6310", "0x7fcbb18f7d28"], "memsize":40, "flags":{"wb_protected":true, "old":true, "long_lived":true, "marked":true}}
{"address":"0x7fcbb18f7bc0", "type":"DATA", "class":"0x7fcbb10c0100", "struct":"iseq", "references":["0x7fcbb18f7af8", "0x7fcbb18624d0", "0x7fcbb18624d0", "0x7fcbb18e7978", "0x7fcbb18e7978", "0x7fcbb18f7b98", "0x7fcbb18f62e8"], "memsize":816, "flags":{"wb_protected":true, "old":true, "long_lived":true, "marked":true}}
{"address":"0x7fcbb18f7d28", "type":"NODE", "frozen":true, "node_type":"NODE_CREF", "references":["0x7fcbb10e2c78"], "memsize":40, "flags":{"wb_protected":true, "old":true, "long_lived":true, "marked":true}}
{"address":"0x7fcbb18fc008", "type":"ARRAY", "class":"0x7fcbb10d19a0", "frozen":true, "length":2, "embedded":true, "references":["0x7fcbb18f5be0"], "memsize":40, "flags":{"wb_protected":true, "old":true, "long_lived":true, "marked":true}}
{"address":"0x7fcbb18fc080", "type":"STRING", "class":"0x7fcbb10e0ef0", "frozen":true, "bytesize":32, "capacity":46, "value":"Gem::StubSpecification::StubLine", "encoding":"US-ASCII", "memsize":87, "flags":{"wb_protected":true, "old":true, "long_lived":true, "marked":true}}
{"address":"0x7fcbb18fc0a8", "type":"CLASS", "class":"0x7fcbb10e2430", "name":"Class", "references":["0x7fcbb18fc0d0", "0x7fcbb10e23e0"], "memsize":712, "flags":{"wb_protected":true, "old":true, "long_lived":true, "marked":true}}
{"address":"0x7fcbb18fc0d0", "type":"CLASS", "class":"0x7fcbb18fc0a8", "name":"Gem::StubSpecification::StubLine", "references":["0x7fcbb18fc0d0", "0x7fcbb18fc008", "0x7fcbb18fc0d0", "0x7fcbb18fd318", "0x7fcbb18fc0d0", "0x7fcbb18fd228", "0x7fcbb18fc0d0", "0x7fcbb18fd188", "0x7fcbb18fc0d0", "0x7fcbb18fd0e8", "0x7fcbb18fc0d0", "0x7fcbb18fd048", "0x7fcbb18fc080", "0x7fcbb10e2c78"], "memsize":712, "flags":{"wb_protected":true, "old":true, "long_lived":true, "marked":true}}
{"address":"0x7fcbb18fc0f8", "type":"STRING", "class":"0x7fcbb10e0ef0", "embedded":true, "bytesize":9, "value":"r:UTF-8:-", "encoding":"UTF-8", "memsize":40, "flags":{"wb_protected":true, "old":true, "long_lived":true, "marked":true}}
{"address":"0x7fcbb18fc120", "type":"STRING", "class":"0x7fcbb10e0ef0", "embedded":true, "bytesize":8, "value":"# stub: ", "encoding":"UTF-8", "memsize":40, "flags":{"wb_protected":true, "old":true, "long_lived":true, "marked":true}}
{"address":"0x7fcbb18fc170", "type":"STRING", "class":"0x7fcbb10e0ef0", "frozen":true, "embedded":true, "bytesize":22, "value":"Gem::StubSpecification", "encoding":"US-ASCII", "memsize":40, "flags":{"wb_protected":true, "old":true, "long_lived":true, "marked":true}}
{"address":"0x7fcbb18fc198", "type":"CLASS", "class":"0x7fcbb10e2430", "name":"Class", "references":["0x7fcbb18fc1c0", "0x7fcbb18f62e8"], "memsize":712, "flags":{"wb_protected":true, "old":true, "long_lived":true, "marked":true}}
{"address":"0x7fcbb18fc1c0", "type":"CLASS", "class":"0x7fcbb18fc198", "name":"Gem::StubSpecification", "references":["0x7fcbb18fc1c0", "0x7fcbb18fcf58", "0x7fcbb18fc1c0", "0x7fcbb18fceb8", "0x7fcbb18fc1c0", "0x7fcbb18fce18", "0x7fcbb18fc1c0", "0x7fcbb18fcd78", "0x7fcbb18fc1c0", "0x7fcbb18fca30", "0x7fcbb18fc1c0", "0x7fcbb18fc990", "0x7fcbb18fc1c0", "0x7fcbb18fc8f0", "0x7fcbb18fc1c0", "0x7fcbb18fc850", "0x7fcbb18fc1c0", "0x7fcbb18fc7b0", "0x7fcbb18fc1c0", "0x7fcbb18fc710", "0x7fcbb18fc1c0", "0x7fcbb18fc670", "0x7fcbb18fc1c0", "0x7fcbb18fc5d0", "0x7fcbb18fc1c0", "0x7fcbb18fc3c8", "0x7fcbb18fc1c0", "0x7fcbb18fc328", "0x7fcbb18fc1c0", "0x7fcbb18fc288", "0x7fcbb18fc170", "0x7fcbb18fc120", "0x7fcbb18f5be0", "0x7fcbb18fc0f8", "0x7fcbb18f5be0", "0x7fcbb18fc0d0", "0x7fcbb18f5be0", "0x7fcbb18f6310"], "memsize":1608, "flags":{"wb_protected":true, "old":true, "long_lived":true, "marked":true}}
{"address":"0x7fcbb18fc260", "type":"NODE", "frozen":true, "node_type":"NODE_CREF", "references":["0x7fcbb18fc1c0", "0x7fcbb18fd5c0"], "memsize":40, "flags":{"wb_protected":true, "old":true, "long_lived":true, "marked":true}}
{"address":"0x7fcbb18fc288", "type":"DATA", "class":"0x7fcbb10c0100", "struct":"iseq", "references":["0x7fcbb1062550", "0x7fcbb1062550", "0x7fcbb18f5be0", "0x7fcbb18f5be0", "0x7fcbb18fc260", "0x7fcbb18fc1c0"], "memsize":720, "flags":{"wb_protected":true, "old":true, "long_lived":true, "marked":true}}
{"address":"0x7fcbb18fc300", "type":"NODE", "frozen":true, "node_type":"NODE_CREF", "references":["0x7fcbb18fc1c0", "0x7fcbb18fd5c0"], "memsize":40, "flags":{"wb_protected":true, "old":true, "long_lived":true, "marked":true}}
{"address":"0x7fcbb18fc328", "type":"DATA", "class":"0x7fcbb10c0100", "struct":"iseq", "references":["0x7fcbb10835c0", "0x7fcbb10835c0", "0x7fcbb18f5be0", "0x7fcbb18f5be0", "0x7fcbb18fc300", "0x7fcbb18fc1c0"], "memsize":824, "flags":{"wb_protected":true, "old":true, "long_lived":true, "marked":true}}
{"address":"0x7fcbb18fc3a0", "type":"NODE", "frozen":true, "node_type":"NODE_CREF", "references":["0x7fcbb18fc1c0", "0x7fcbb18fd5c0"], "memsize":40, "flags":{"wb_protected":true, "old":true, "long_lived":true, "marked":true}}
{"address":"0x7fcbb18fc3c8", "type":"DATA", "class":"0x7fcbb10c0100", "struct":"iseq", "references":["0x7fcbb1862e30", "0x7fcbb1862e30", "0x7fcbb18f5be0", "0x7fcbb18f5be0", "0x7fcbb18fc3a0", "0x7fcbb18fc1c0"], "memsize":528, "flags":{"wb_protected":true, "old":true, "long_lived":true, "marked":true}}
{"address":"0x7fcbb18fc418", "type":"ARRAY", "length":1, "embedded":true, "references":["0x7fcbb18fc4e0"], "memsize":40, "flags":{"wb_protected":true, "old":true, "long_lived":true, "marked":true}}
{"address":"0x7fcbb18fc4e0", "type":"DATA", "class":"0x7fcbb10c0100", "struct":"iseq", "references":["0x7fcbb18fc508", "0x7fcbb1070308", "0x7fcbb18f5be0", "0x7fcbb18f5be0", "0x7fcbb18fc5a8"], "memsize":1280, "flags":{"wb_protected":true, "old":true, "long_lived":true, "marked":true}}
{"address":"0x7fcbb18fc508", "type":"STRING", "class":"0x7fcbb10e0ef0", "frozen":true, "embedded":true, "fstring":true, "bytesize":16, "value":"block in to_spec", "memsize":40, "flags":{"wb_protected":true, "old":true, "long_lived":true, "marked":true}}
{"address":"0x7fcbb18fc5a8", "type":"NODE", "frozen":true, "node_type":"NODE_CREF", "references":["0x7fcbb18fc1c0", "0x7fcbb18fd5c0"], "memsize":40, "flags":{"wb_protected":true, "old":true, "long_lived":true, "marked":true}}
{"address":"0x7fcbb18fc5d0", "type":"DATA", "class":"0x7fcbb10c0100", "struct":"iseq", "references":["0x7fcbb18fc418", "0x7fcbb1070308", "0x7fcbb1070308", "0x7fcbb18f5be0", "0x7fcbb18f5be0", "0x7fcbb18fc5a8", "0x7fcbb18fc1c0"], "memsize":2200, "flags":{"wb_protected":true, "old":true, "long_lived":true, "marked":true}}
{"address":"0x7fcbb18fc648", "type":"NODE", "frozen":true, "node_type":"NODE_CREF", "references":["0x7fcbb18fc1c0", "0x7fcbb18fd5c0"], "memsize":40, "flags":{"wb_protected":true, "old":true, "long_lived":true, "marked":true}}
{"address":"0x7fcbb18fc670", "type":"DATA", "class":"0x7fcbb10c0100", "struct":"iseq", "references":["0x7fcbb1060b88", "0x7fcbb1060b88", "0x7fcbb18f5be0", "0x7fcbb18f5be0", "0x7fcbb18fc648", "0x7fcbb18fc1c0"], "memsize":992, "flags":{"wb_protected":true, "old":true, "long_lived":true, "marked":true}}
{"address":"0x7fcbb18fc6e8", "type":"NODE", "frozen":true, "node_type":"NODE_CREF", "references":["0x7fcbb18fc1c0", "0x7fcbb18fd5c0"], "memsize":40, "flags":{"wb_protected":true, "old":true, "long_lived":true, "marked":true}}
{"address":"0x7fcbb18fc710", "type":"DATA", "class":"0x7fcbb10c0100", "struct":"iseq", "references":["0x7fcbb1838810", "0x7fcbb1838810", "0x7fcbb18f5be0", "0x7fcbb18f5be0", "0x7fcbb18fc6e8", "0x7fcbb18fc1c0"], "memsize":824, "flags":{"wb_protected":true, "old":true, "long_lived":true, "marked":true}}
{"address":"0x7fcbb18fc788", "type":"NODE", "frozen":true, "node_type":"NODE_CREF", "references":["0x7fcbb18fc1c0", "0x7fcbb18fd5c0"], "memsize":40, "flags":{"wb_protected":true, "old":true, "long_lived":true, "marked":true}}
{"address":"0x7fcbb18fc7b0", "type":"DATA", "class":"0x7fcbb10c0100", "struct":"iseq", "references":["0x7fcbb10e22a0", "0x7fcbb10e22a0", "0x7fcbb18f5be0", "0x7fcbb18f5be0", "0x7fcbb18fc788", "0x7fcbb18fc1c0"], "memsize":824, "flags":{"wb_protected":true, "old":true, "long_lived":true, "marked":true}}
{"address":"0x7fcbb18fc828", "type":"NODE", "frozen":true, "node_type":"NODE_CREF", "references":["0x7fcbb18fc1c0", "0x7fcbb18fd5c0"], "memsize":40, "flags":{"wb_protected":true, "old":true, "long_lived":true, "marked":true}}
{"address":"0x7fcbb18fc850", "type":"DATA", "class":"0x7fcbb10c0100", "struct":"iseq", "references":["0x7fcbb1832ed8", "0x7fcbb1832ed8", "0x7fcbb18f5be0", "0x7fcbb18f5be0", "0x7fcbb18fc828", "0x7fcbb18fc1c0"], "memsize":1216, "flags":{"wb_protected":true, "old":true, "long_lived":true, "marked":true}}
{"address":"0x7fcbb18fc8c8", "type":"NODE", "frozen":true, "node_type":"NODE_CREF", "references":["0x7fcbb18fc1c0", "0x7fcbb18fd5c0"], "memsize":40, "flags":{"wb_protected":true, "old":true, "long_lived":true, "marked":true}}
{"address":"0x7fcbb18fc8f0", "type":"DATA", "class":"0x7fcbb10c0100", "struct":"iseq", "references":["0x7fcbb1888db0", "0x7fcbb1888db0", "0x7fcbb18f5be0", "0x7fcbb18f5be0", "0x7fcbb18fc8c8", "0x7fcbb18fc1c0"], "memsize":992, "flags":{"wb_protected":true, "old":true, "long_lived":true, "marked":true}}
{"address":"0x7fcbb18fc968", "type":"NODE", "frozen":true, "node_type":"NODE_CREF", "references":["0x7fcbb18fc1c0", "0x7fcbb18fd5c0"], "memsize":40, "flags":{"wb_protected":true, "old":true, "long_lived":true, "marked":true}}
{"address":"0x7fcbb18fc990", "type":"DATA", "class":"0x7fcbb10c0100", "struct":"iseq", "references":["0x7fcbb1880a98", "0x7fcbb1880a98", "0x7fcbb18f5be0", "0x7fcbb18f5be0", "0x7fcbb18fc968", "0x7fcbb18fc1c0"], "memsize":1272, "flags":{"wb_protected":true, "old":true, "long_lived":true, "marked":true}}
{"address":"0x7fcbb18fca08", "type":"NODE", "frozen":true, "node_type":"NODE_CREF", "references":["0x7fcbb18fc1c0", "0x7fcbb18fd5c0"], "memsize":40, "flags":{"wb_protected":true, "old":true, "long_lived":true, "marked":true}}
{"address":"0x7fcbb18fca30", "type":"DATA", "class":"0x7fcbb10c0100", "struct":"iseq", "references":["0x7fcbb184a560", "0x7fcbb184a560", "0x7fcbb18f5be0", "0x7fcbb18f5be0", "0x7fcbb18fca08", "0x7fcbb18fc1c0"], "memsize":760, "flags":{"wb_protected":true, "old":true, "long_lived":true, "marked":true}}
{"address":"0x7fcbb18fca80", "type":"ARRAY", "length":1, "embedded":true, "references":["0x7fcbb18fcc88"], "memsize":40, "flags":{"wb_protected":true, "old":true, "long_lived":true, "marked":true}}
{"address":"0x7fcbb18fcb48", "type":"ARRAY", "length":4, "references":["0x7fcbb18fcbc0", "0x7fcbb18c5aa8", "0x7fcbb1859ce0", "0x7fcbb18fcbc0"], "memsize":200, "flags":{"wb_protected":true, "old":true, "long_lived":true, "marked":true}}
{"address":"0x7fcbb18fcbc0", "type":"DATA", "class":"0x7fcbb10c0100", "struct":"iseq", "references":["0x7fcbb18fcbe8", "0x7fcbb1093538", "0x7fcbb18f5be0", "0x7fcbb18f5be0", "0x7fcbb18fcd50"], "memsize":520, "flags":{"wb_protected":true, "old":true, "long_lived":true, "marked":true}}
{"address":"0x7fcbb18fcbe8", "type":"STRING", "class":"0x7fcbb10e0ef0", "frozen":true, "embedded":true, "fstring":true, "bytesize":23, "value":"rescue in block in data", "memsize":40, "flags":{"wb_protected":true, "old":true, "long_lived":true, "marked":true}}
{"address":"0x7fcbb18fcc88", "type":"DATA", "class":"0x7fcbb10c0100", "struct":"iseq", "references":["0x7fcbb18fcb48", "0x7fcbb18fccb0", "0x7fcbb1093538", "0x7fcbb18f5be0", "0x7fcbb18f5be0", "0x7fcbb18fcd50"], "memsize":2376, "flags":{"wb_protected":true, "old":true, "long_lived":true, "marked":true}}
{"address":"0x7fcbb18fccb0", "type":"STRING", "class":"0x7fcbb10e0ef0", "frozen":true, "embedded":true, "fstring":true, "bytesize":13, "value":"block in data", "memsize":40, "flags":{"wb_protected":true, "old":true, "long_lived":true, "marked":true}}
{"address":"0x7fcbb18fcd50", "type":"NODE", "frozen":true, "node_type":"NODE_CREF", "references":["0x7fcbb18fc1c0", "0x7fcbb18fd5c0"], "memsize":40, "flags":{"wb_protected":true, "old":true, "long_lived":true, "marked":true}}
{"address":"0x7fcbb18fcd78", "type":"DATA", "class":"0x7fcbb10c0100", "struct":"iseq", "references":["0x7fcbb18fca80", "0x7fcbb1093538", "0x7fcbb1093538", "0x7fcbb18f5be0", "0x7fcbb18f5be0", "0x7fcbb18fcd50", "0x7fcbb18fc1c0"], "memsize":1264, "flags":{"wb_protected":true, "old":true, "long_lived":true, "marked":true}}
{"address":"0x7fcbb18fcdf0", "type":"NODE", "frozen":true, "node_type":"NODE_CREF", "references":["0x7fcbb18fc1c0", "0x7fcbb18fd5c0"], "memsize":40, "flags":{"wb_protected":true, "old":true, "long_lived":true, "marked":true}}
{"address":"0x7fcbb18fce18", "type":"DATA", "class":"0x7fcbb10c0100", "struct":"iseq", "references":["0x7fcbb1893d00", "0x7fcbb1893d00", "0x7fcbb18f5be0", "0x7fcbb18f5be0", "0x7fcbb18fcdf0", "0x7fcbb18fc1c0"], "memsize":1200, "flags":{"wb_protected":true, "old":true, "long_lived":true, "marked":true}}
{"address":"0x7fcbb18fce90", "type":"NODE", "frozen":true, "node_type":"NODE_CREF", "references":["0x7fcbb18fc1c0", "0x7fcbb18fd5c0"], "memsize":40, "flags":{"wb_protected":true, "old":true, "long_lived":true, "marked":true}}
{"address":"0x7fcbb18fceb8", "type":"DATA", "class":"0x7fcbb10c0100", "struct":"iseq", "references":["0x7fcbb10a0940", "0x7fcbb10a0940", "0x7fcbb18f5be0", "0x7fcbb18f5be0", "0x7fcbb18fce90", "0x7fcbb18fc1c0"], "memsize":1528, "flags":{"wb_protected":true, "old":true, "long_lived":true, "marked":true}}
{"address":"0x7fcbb18fcf30", "type":"NODE", "frozen":true, "node_type":"NODE_CREF", "references":["0x7fcbb18fc1c0", "0x7fcbb18fd5c0"], "memsize":40, "flags":{"wb_protected":true, "old":true, "long_lived":true, "marked":true}}
{"address":"0x7fcbb18fcf58", "type":"DATA", "class":"0x7fcbb10c0100", "struct":"iseq", "references":["0x7fcbb10e3330", "0x7fcbb10e3330", "0x7fcbb18f5be0", "0x7fcbb18f5be0", "0x7fcbb18fcf30", "0x7fcbb18fc1c0"], "memsize":856, "flags":{"wb_protected":true, "old":true, "long_lived":true, "marked":true}}
{"address":"0x7fcbb18fcfa8", "type":"ARRAY", "length":3, "embedded":true, "references":["0x7fcbb18f4560", "0x7fcbb186bb20", "0x7fcbb1859ce0"], "memsize":40, "flags":{"wb_protected":true, "old":true, "long_lived":true, "marked":true}}
{"address":"0x7fcbb18fd020", "type":"NODE", "frozen":true, "node_type":"NODE_CREF", "references":["0x7fcbb18fc0d0", "0x7fcbb18fd4d0"], "memsize":40, "flags":{"wb_protected":true, "old":true, "long_lived":true, "marked":true}}
{"address":"0x7fcbb18fd048", "type":"DATA", "class":"0x7fcbb10c0100", "struct":"iseq", "references":["0x7fcbb18fcfa8", "0x7fcbb1060b88", "0x7fcbb1060b88", "0x7fcbb18f5be0", "0x7fcbb18f5be0", "0x7fcbb18fd020", "0x7fcbb18fc0d0"], "memsize":848, "flags":{"wb_protected":true, "old":true, "long_lived":true, "marked":true}}
{"address":"0x7fcbb18fd0c0", "type":"NODE", "frozen":true, "node_type":"NODE_CREF", "references":["0x7fcbb18fc0d0", "0x7fcbb18fd4d0"], "memsize":40, "flags":{"wb_protected":true, "old":true, "long_lived":true, "marked":true}}
{"address":"0x7fcbb18fd0e8", "type":"DATA", "class":"0x7fcbb10c0100", "struct":"iseq", "references":["0x7fcbb1838810", "0x7fcbb1838810", "0x7fcbb18f5be0", "0x7fcbb18f5be0", "0x7fcbb18fd0c0", "0x7fcbb18fc0d0"], "memsize":784, "flags":{"wb_protected":true, "old":true, "long_lived":true, "marked":true}}
{"address":"0x7fcbb18fd160", "type":"NODE", "frozen":true, "node_type":"NODE_CREF", "references":["0x7fcbb18fc0d0", "0x7fcbb18fd4d0"], "memsize":40, "flags":{"wb_protected":true, "old":true, "long_lived":true, "marked":true}}
{"address":"0x7fcbb18fd188", "type":"DATA", "class":"0x7fcbb10c0100", "struct":"iseq", "references":["0x7fcbb10835c0", "0x7fcbb10835c0", "0x7fcbb18f5be0", "0x7fcbb18f5be0", "0x7fcbb18fd160", "0x7fcbb18fc0d0"], "memsize":776, "flags":{"wb_protected":true, "old":true, "long_lived":true, "marked":true}}
{"address":"0x7fcbb18fd200", "type":"NODE", "frozen":true, "node_type":"NODE_CREF", "references":["0x7fcbb18fc0d0", "0x7fcbb18fd4d0"], "memsize":40, "flags":{"wb_protected":true, "old":true, "long_lived":true, "marked":true}}
{"address":"0x7fcbb18fd228", "type":"DATA", "class":"0x7fcbb10c0100", "struct":"iseq", "references":["0x7fcbb10e22a0", "0x7fcbb10e22a0", "0x7fcbb18f5be0", "0x7fcbb18f5be0", "0x7fcbb18fd200", "0x7fcbb18fc0d0"], "memsize":568, "flags":{"wb_protected":true, "old":true, "long_lived":true, "marked":true}}
{"address":"0x7fcbb18fd278", "type":"ARRAY", "length":1, "embedded":true, "references":["0x7fcbb186bb20"], "memsize":40, "flags":{"wb_protected":true, "old":true, "long_lived":true, "marked":true}}
{"address":"0x7fcbb18fd2f0", "type":"NODE", "frozen":true, "node_type":"NODE_CREF", "references":["0x7fcbb18fc0d0", "0x7fcbb18fd4d0"], "memsize":40, "flags":{"wb_protected":true, "old":true, "long_lived":true, "marked":true}}
{"address":"0x7fcbb18fd318", "type":"DATA", "class":"0x7fcbb10c0100", "struct":"iseq", "references":["0x7fcbb18fd278", "0x7fcbb10e3330", "0x7fcbb10e3330", "0x7fcbb18f5be0", "0x7fcbb18f5be0", "0x7fcbb18fd2f0", "0x7fcbb18fc0d0"], "memsize":952, "flags":{"wb_protected":true, "old":true, "long_lived":true, "marked":true}}
{"address":"0x7fcbb18fd4d0", "type":"NODE", "frozen":true, "node_type":"NODE_CREF", "references":["0x7fcbb18fc1c0", "0x7fcbb18fd5c0"], "memsize":40, "flags":{"wb_protected":true, "old":true, "long_lived":true, "marked":true}}
{"address":"0x7fcbb18fd5c0", "type":"NODE", "frozen":true, "node_type":"NODE_CREF", "references":["0x7fcbb10e2c78"], "memsize":40, "flags":{"wb_protected":true, "old":true, "long_lived":true, "marked":true}}
{"address":"0x7fcbb19041b8", "type":"DATA", "class":"0x7fcbb10c3d50", "struct":"proc", "references":["0x7fcbb19041e0", "0x7fcbb19041b8", "0x7fcbb1906558"], "memsize":104, "flags":{"long_lived":true, "marked":true}}
{"address":"0x7fcbb19041e0", "type":"DATA", "class":"0x7fcbb10c2360", "struct":"VM/env", "references":["0x7fcbb19041e0", "0x7fcbb1906558", "0x7fcbb18383b0"], "memsize":120}
{"address":"0x7fcbb1904208", "type":"HASH", "class":"0x7fcbb10d1270", "size":0, "default":"0x7fcbb19041b8", "references":["0x7fcbb19041b8"], "memsize":232, "flags":{"wb_protected":true, "old":true, "long_lived":true, "marked":true}}
{"address":"0x7fcbb1904230", "type":"ICLASS", "class":"0x7fcbb183b178", "references":["0x7fcbb183b880", "0x7fcbb183b6c8", "0x7fcbb183b150", "0x7fcbb19042a8"], "memsize":40, "flags":{"long_lived":true, "marked":true}}
{"address":"0x7fcbb1904258", "type":"CLASS", "class":"0x7fcbb10e23e0", "name":"Object", "references":["0x7fcbb1904258", "0x7fcbb182a508", "0x7fcbb1904280", "0x7fcbb10e2c78"], "memsize":712, "flags":{"wb_protected":true, "old":true, "long_lived":true, "marked":true}}
{"address":"0x7fcbb1904280", "type":"OBJECT", "class":"0x7fcbb1904258", "ivars":0, "memsize":40, "flags":{"wb_protected":true, "old":true, "long_lived":true, "marked":true}}
{"address":"0x7fcbb19042a8", "type":"ICLASS", "class":"0x7fcbb10e1698", "references":["0x7fcbb10e16c0", "0x7fcbb18f62e8"], "memsize":40}
{"address":"0x7fcbb19042d0", "type":"CLASS", "class":"0x7fcbb10c8378", "name":"Class", "references":["0x7fcbb1906530", "0x7fcbb18f6040"], "memsize":712, "flags":{"wb_protected":true, "old":true, "long_lived":true, "marked":true}}
{"address":"0x7fcbb19042f8", "type":"ARRAY", "class":"0x7fcbb10d19a0", "frozen":true, "length":2, "embedded":true, "references":["0x7fcbb1840970"], "memsize":40, "flags":{"wb_protected":true, "old":true, "long_lived":true, "marked":true}}
{"address":"0x7fcbb1904348", "type":"ARRAY", "class":"0x7fcbb10d19a0", "frozen":true, "length":2, "embedded":true, "references":["0x7fcbb1840970"], "memsize":40, "flags":{"wb_protected":true, "old":true, "long_lived":true, "marked":true}}
{"address":"0x7fcbb1904398", "type":"ARRAY", "class":"0x7fcbb10d19a0", "frozen":true, "length":2, "embedded":true, "references":["0x7fcbb1840970"], "memsize":40, "flags":{"wb_protected":true, "old":true, "long_lived":true, "marked":true}}
{"address":"0x7fcbb19043c0", "type":"STRING", "class":"0x7fcbb10e0ef0", "frozen":true, "embedded":true, "fstring":true, "bytesize":18, "value":"rubyforge_project=", "encoding":"US-ASCII", "memsize":40, "flags":{"wb_protected":true, "old":true, "long_lived":true, "marked":true}}
{"address":"0x7fcbb19043e8", "type":"ARRAY", "class":"0x7fcbb10d19a0", "frozen":true, "length":2, "embedded":true, "references":["0x7fcbb1840970"], "memsize":40, "flags":{"wb_protected":true, "old":true, "long_lived":true, "marked":true}}
{"address":"0x7fcbb1904438", "type":"ARRAY", "class":"0x7fcbb10d19a0", "frozen":true, "length":2, "embedded":true, "references":["0x7fcbb1840970"], "memsize":40, "flags":{"wb_protected":true, "old":true, "long_lived":true, "marked":true}}
{"address":"0x7fcbb1904460", "type":"STRING", "class":"0x7fcbb10e0ef0", "frozen":true, "embedded":true, "fstring":true, "bytesize":18, "value":"original_platform=", "encoding":"US-ASCII", "memsize":40, "flags":{"wb_protected":true, "old":true, "long_lived":true, "marked":true}}
{"address":"0x7fcbb19044b0", "type":"ARRAY", "class":"0x7fcbb10d19a0", "frozen":true, "length":2, "embedded":true, "references":["0x7fcbb1840970"], "memsize":40, "flags":{"wb_protected":true, "old":true, "long_lived":true, "marked":true}}
{"address":"0x7fcbb19044d8", "type":"STRING", "class":"0x7fcbb10e0ef0", "frozen":true, "embedded":true, "fstring":true, "bytesize":19, "value":"default_executable=", "encoding":"US-ASCII", "memsize":40, "flags":{"wb_protected":true, "old":true, "long_lived":true, "marked":true}}
{"address":"0x7fcbb1904528", "type":"ARRAY", "class":"0x7fcbb10d19a0", "frozen":true, "length":2, "embedded":true, "references":["0x7fcbb1840970"], "memsize":40, "flags":{"wb_protected":true, "old":true, "long_lived":true, "marked":true}}
{"address":"0x7fcbb1904550", "type":"STRING", "class":"0x7fcbb10e0ef0", "frozen":true, "embedded":true, "fstring":true, "bytesize":12, "value":"autorequire=", "encoding":"US-ASCII", "memsize":40, "flags":{"wb_protected":true, "old":true, "long_lived":true, "marked":true}}
{"address":"0x7fcbb1904578", "type":"ARRAY", "class":"0x7fcbb10d19a0", "frozen":true, "length":2, "embedded":true, "references":["0x7fcbb1840970"], "memsize":40, "flags":{"wb_protected":true, "old":true, "long_lived":true, "marked":true}}
{"address":"0x7fcbb19045a0", "type":"STRING", "class":"0x7fcbb10e0ef0", "frozen":true, "embedded":true, "fstring":true, "bytesize":12, "value":"@autorequire", "encoding":"US-ASCII", "memsize":40, "flags":{"wb_protected":true, "old":true, "long_lived":true, "marked":true}}
{"address":"0x7fcbb19045f0", "type":"ARRAY", "class":"0x7fcbb10d19a0", "frozen":true, "length":2, "embedded":true, "references":["0x7fcbb1840970"], "memsize":40, "flags":{"wb_protected":true, "old":true, "long_lived":true, "marked":true}}
{"address":"0x7fcbb1904640", "type":"ARRAY", "class":"0x7fcbb10d19a0", "frozen":true, "length":2, "embedded":true, "references":["0x7fcbb1840970"], "memsize":40, "flags":{"wb_protected":true, "old":true, "long_lived":true, "marked":true}}
{"address":"0x7fcbb1904690", "type":"ARRAY", "class":"0x7fcbb10d19a0", "frozen":true, "length":2, "embedded":true, "references":["0x7fcbb1840970"], "memsize":40, "flags":{"wb_protected":true, "old":true, "long_lived":true, "marked":true}}
{"address":"0x7fcbb19046b8", "type":"STRING", "class":"0x7fcbb10e0ef0", "frozen":true, "embedded":true, "fstring":true, "bytesize":9, "value":"metadata=", "encoding":"US-ASCII", "memsize":40, "flags":{"wb_protected":true, "old":true, "long_lived":true, "marked":true}}
{"address":"0x7fcbb19046e0", "type":"ARRAY", "class":"0x7fcbb10d19a0", "frozen":true, "length":2, "embedded":true, "references":["0x7fcbb1840970"], "memsize":40, "flags":{"wb_protected":true, "old":true, "long_lived":true, "marked":true}}
{"address":"0x7fcbb1904730", "type":"ARRAY", "class":"0x7fcbb10d19a0", "frozen":true, "length":2, "embedded":true, "references":["0x7fcbb1840970"], "memsize":40, "flags":{"wb_protected":true, "old":true, "long_lived":true, "marked":true}}
{"address":"0x7fcbb1904758", "type":"STRING", "class":"0x7fcbb10e0ef0", "frozen":true, "embedded":true, "fstring":true, "bytesize":12, "value":"signing_key=", "encoding":"US-ASCII", "memsize":40, "flags":{"wb_protected":true, "old":true, "long_lived":true, "marked":true}}
{"address":"0x7fcbb1904780", "type":"ARRAY", "class":"0x7fcbb10d19a0", "frozen":true, "length":2, "embedded":true, "references":["0x7fcbb1840970"], "memsize":40, "flags":{"wb_protected":true, "old":true, "long_lived":true, "marked":true}}
{"address":"0x7fcbb19047a8", "type":"STRING", "class":"0x7fcbb10e0ef0", "frozen":true, "embedded":true, "fstring":true, "bytesize":12, "value":"@signing_key", "encoding":"US-ASCII", "memsize":40, "flags":{"wb_protected":true, "old":true, "long_lived":true, "marked":true}}
{"address":"0x7fcbb19047f8", "type":"ARRAY", "class":"0x7fcbb10d19a0", "frozen":true, "length":2, "embedded":true, "references":["0x7fcbb1840970"], "memsize":40, "flags":{"wb_protected":true, "old":true, "long_lived":true, "marked":true}}
{"address":"0x7fcbb1904848", "type":"ARRAY", "class":"0x7fcbb10d19a0", "frozen":true, "length":2, "embedded":true, "references":["0x7fcbb1840970"], "memsize":40, "flags":{"wb_protected":true, "old":true, "long_lived":true, "marked":true}}
{"address":"0x7fcbb1904898", "type":"ARRAY", "class":"0x7fcbb10d19a0", "frozen":true, "length":2, "embedded":true, "references":["0x7fcbb1840970"], "memsize":40, "flags":{"wb_protected":true, "old":true, "long_lived":true, "marked":true}}
{"address":"0x7fcbb19048c0", "type":"STRING", "class":"0x7fcbb10e0ef0", "frozen":true, "embedded":true, "fstring":true, "bytesize":21, "value":"post_install_message=", "encoding":"US-ASCII", "memsize":40, "flags":{"wb_protected":true, "old":true, "long_lived":true, "marked":true}}
{"address":"0x7fcbb19048e8", "type":"ARRAY", "class":"0x7fcbb10d19a0", "frozen":true, "length":2, "embedded":true, "references":["0x7fcbb1840970"], "memsize":40, "flags":{"wb_protected":true, "old":true, "long_lived":true, "marked":true}}
{"address":"0x7fcbb1904910", "type":"STRING", "class":"0x7fcbb10e0ef0", "frozen":true, "embedded":true, "fstring":true, "bytesize":21, "value":"@post_install_message", "encoding":"US-ASCII", "memsize":40, "flags":{"wb_protected":true, "old":true, "long_lived":true, "marked":true}}
{"address":"0x7fcbb1904960", "type":"ARRAY", "class":"0x7fcbb10d19a0", "frozen":true, "length":2, "embedded":true, "references":["0x7fcbb1840970"], "memsize":40, "flags":{"wb_protected":true, "old":true, "long_lived":true, "marked":true}}
{"address":"0x7fcbb1904988", "type":"STRING", "class":"0x7fcbb10e0ef0", "frozen":true, "embedded":true, "fstring":true, "bytesize":9, "value":"homepage=", "encoding":"US-ASCII", "memsize":40, "flags":{"wb_protected":true, "old":true, "long_lived":true, "marked":true}}
{"address":"0x7fcbb19049b0", "type":"ARRAY", "class":"0x7fcbb10d19a0", "frozen":true, "length":2, "embedded":true, "references":["0x7fcbb1840970"], "memsize":40, "flags":{"wb_protected":true, "old":true, "long_lived":true, "marked":true}}
{"address":"0x7fcbb1904a00", "type":"ARRAY", "class":"0x7fcbb10d19a0", "frozen":true, "length":2, "embedded":true, "references":["0x7fcbb1840970"], "memsize":40, "flags":{"wb_protected":true, "old":true, "long_lived":true, "marked":true}}
{"address":"0x7fcbb1904a28", "type":"STRING", "class":"0x7fcbb10e0ef0", "frozen":true, "embedded":true, "fstring":true, "bytesize":6, "value":"email=", "encoding":"US-ASCII", "memsize":40, "flags":{"wb_protected":true, "old":true, "long_lived":true, "marked":true}}
{"address":"0x7fcbb1904a50", "type":"ARRAY", "class":"0x7fcbb10d19a0", "frozen":true, "length":2, "embedded":true, "references":["0x7fcbb1840970"], "memsize":40, "flags":{"wb_protected":true, "old":true, "long_lived":true, "marked":true}}
{"address":"0x7fcbb1904aa0", "type":"ARRAY", "class":"0x7fcbb10d19a0", "frozen":true, "length":2, "embedded":true, "references":["0x7fcbb1840970"], "memsize":40, "flags":{"wb_protected":true, "old":true, "long_lived":true, "marked":true}}
{"address":"0x7fcbb1904af0", "type":"ARRAY", "class":"0x7fcbb10d19a0", "frozen":true, "length":2, "embedded":true, "references":["0x7fcbb1840970"], "memsize":40, "flags":{"wb_protected":true, "old":true, "long_lived":true, "marked":true}}
{"address":"0x7fcbb1904b18", "type":"STRING", "class":"0x7fcbb10e0ef0", "frozen":true, "embedded":true, "fstring":true, "bytesize":11, "value":"cert_chain=", "encoding":"US-ASCII", "memsize":40, "flags":{"wb_protected":true, "old":true, "long_lived":true, "marked":true}}
{"address":"0x7fcbb1904b40", "type":"ARRAY", "class":"0x7fcbb10d19a0", "frozen":true, "length":2, "embedded":true, "references":["0x7fcbb1840970"], "memsize":40, "flags":{"wb_protected":true, "old":true, "long_lived":true, "marked":true}}
{"address":"0x7fcbb1904b68", "type":"STRING", "class":"0x7fcbb10e0ef0", "frozen":true, "embedded":true, "fstring":true, "bytesize":11, "value":"@cert_chain", "encoding":"US-ASCII", "memsize":40, "flags":{"wb_protected":true, "old":true, "long_lived":true, "marked":true}}
{"address":"0x7fcbb1904bb8", "type":"ARRAY", "class":"0x7fcbb10d19a0", "frozen":true, "length":2, "embedded":true, "references":["0x7fcbb1840970"], "memsize":40, "flags":{"wb_protected":true, "old":true, "long_lived":true, "marked":true}}
{"address":"0x7fcbb1904be0", "type":"STRING", "class":"0x7fcbb10e0ef0", "frozen":true, "embedded":true, "fstring":true, "bytesize":7, "value":"bindir=", "encoding":"US-ASCII", "memsize":40, "flags":{"wb_protected":true, "old":true, "long_lived":true, "marked":true}}
{"address":"0x7fcbb1904c08", "type":"ARRAY", "class":"0x7fcbb10d19a0", "frozen":true, "length":2, "embedded":true, "references":["0x7fcbb1840970"], "memsize":40, "flags":{"wb_protected":true, "old":true, "long_lived":true, "marked":true}}
{"address":"0x7fcbb1904c58", "type":"ARRAY", "class":"0x7fcbb10d19a0", "frozen":true, "length":2, "embedded":true, "references":["0x7fcbb1840970"], "memsize":40, "flags":{"wb_protected":true, "old":true, "long_lived":true, "marked":true}}
{"address":"0x7fcbb1904ca8", "type":"ARRAY", "class":"0x7fcbb10d19a0", "frozen":true, "length":2, "embedded":true, "references":["0x7fcbb1840970"], "memsize":40, "flags":{"wb_protected":true, "old":true, "long_lived":true, "marked":true}}
{"address":"0x7fcbb1904cd0", "type":"STRING", "class":"0x7fcbb10e0ef0", "frozen":true, "embedded":true, "fstring":true, "bytesize":17, "value":"rubygems_version=", "encoding":"US-ASCII", "memsize":40, "flags":{"wb_protected":true, "old":true, "long_lived":true, "marked":true}}
{"address":"0x7fcbb1904cf8", "type":"ARRAY", "class":"0x7fcbb10d19a0", "frozen":true, "length":2, "embedded":true, "references":["0x7fcbb1840970"], "memsize":40, "flags":{"wb_protected":true, "old":true, "long_lived":true, "marked":true}}
{"address":"0x7fcbb1904d48", "type":"ARRAY", "class":"0x7fcbb10d19a0", "frozen":true, "length":2, "embedded":true, "references":["0x7fcbb1840970"], "memsize":40, "flags":{"wb_protected":true, "old":true, "long_lived":true, "marked":true}}
{"address":"0x7fcbb1904d98", "type":"ARRAY", "class":"0x7fcbb10d19a0", "frozen":true, "length":2, "embedded":true, "references":["0x7fcbb1840970"], "memsize":40, "flags":{"wb_protected":true, "old":true, "long_lived":true, "marked":true}}
{"address":"0x7fcbb1904de8", "type":"ARRAY", "class":"0x7fcbb10d19a0", "frozen":true, "length":2, "embedded":true, "references":["0x7fcbb1840970"], "memsize":40, "flags":{"wb_protected":true, "old":true, "long_lived":true, "marked":true}}
{"address":"0x7fcbb1904eb0", "type":"ARRAY", "class":"0x7fcbb10d19a0", "length":20, "memsize":200, "flags":{"wb_protected":true, "old":true, "long_lived":true, "marked":true}}
{"address":"0x7fcbb1904ed8", "type":"ARRAY", "class":"0x7fcbb10d19a0", "length":10, "memsize":200, "flags":{"wb_protected":true, "old":true, "long_lived":true, "marked":true}}
{"address":"0x7fcbb1904f28", "type":"ARRAY", "class":"0x7fcbb10d19a0", "length":11, "memsize":128, "flags":{"wb_protected":true, "old":true, "long_lived":true, "marked":true}}
{"address":"0x7fcbb1905338", "type":"HASH", "class":"0x7fcbb10d1270", "size":0, "memsize":232, "flags":{"wb_protected":true}}
{"address":"0x7fcbb1905400", "type":"HASH", "class":"0x7fcbb10d1270", "size":0, "memsize":232, "flags":{"wb_protected":true}}
{"address":"0x7fcbb1905428", "type":"HASH", "class":"0x7fcbb10d1270", "size":2, "references":["0x7fcbb1905400", "0x7fcbb1905338"], "memsize":232, "flags":{"wb_protected":true}}
{"address":"0x7fcbb19059c8", "type":"ARRAY", "class":"0x7fcbb10d19a0", "length":30, "memsize":280, "flags":{"wb_protected":true, "old":true, "long_lived":true, "marked":true}}
{"address":"0x7fcbb1905a18", "type":"HASH", "class":"0x7fcbb10d1270", "size":30, "memsize":1656, "flags":{"wb_protected":true, "old":true, "long_lived":true, "marked":true}}
{"address":"0x7fcbb1905a40", "type":"HASH", "class":"0x7fcbb10d1270", "size":30, "references":["0x7fcbb19060d0", "0x7fcbb19060a8", "0x7fcbb1906080", "0x7fcbb1906198", "0x7fcbb1906058", "0x7fcbb1906030", "0x7fcbb1906008", "0x7fcbb1905fe0", "0x7fcbb1905fb8", "0x7fcbb1905f90", "0x7fcbb1905f68", "0x7fcbb18e7e50", "0x7fcbb1905f40", "0x7fcbb1905ef0", "0x7fcbb1905ea0", "0x7fcbb1905c70", "0x7fcbb1905a90", "0x7fcbb3002e00", "0x7fcbb1905a68"], "memsize":1656, "flags":{"wb_protected":true, "old":true, "long_lived":true, "marked":true}}
{"address":"0x7fcbb1905a68", "type":"ARRAY", "class":"0x7fcbb10d19a0", "length":0, "memsize":40, "flags":{"wb_protected":true, "old":true, "long_lived":true, "marked":true}}
{"address":"0x7fcbb1905a90", "type":"ARRAY", "class":"0x7fcbb10d19a0", "length":0, "memsize":40, "flags":{"wb_protected":true, "old":true, "long_lived":true, "marked":true}}
{"address":"0x7fcbb1905bd0", "type":"ARRAY", "class":"0x7fcbb10d19a0", "length":1, "embedded":true, "references":["0x7fcbb18cfaa8"], "memsize":40, "flags":{"wb_protected":true, "old":true, "long_lived":true, "marked":true}}
{"address":"0x7fcbb1905c70", "type":"OBJECT", "class":"0x7fcbb1869a78", "ivars":3, "references":["0x7fcbb1905bd0"], "memsize":40, "flags":{"wb_protected":true, "old":true, "long_lived":true, "marked":true}}
{"address":"0x7fcbb1905e00", "type":"ARRAY", "class":"0x7fcbb10d19a0", "length":1, "embedded":true, "references":["0x7fcbb18cfaa8"], "memsize":40, "flags":{"wb_protected":true, "old":true, "long_lived":true, "marked":true}}
{"address":"0x7fcbb1905ea0", "type":"OBJECT", "class":"0x7fcbb1869a78", "ivars":3, "references":["0x7fcbb1905e00"], "memsize":40, "flags":{"wb_protected":true, "old":true, "long_lived":true, "marked":true}}
{"address":"0x7fcbb1905ef0", "type":"ARRAY", "class":"0x7fcbb10d19a0", "length":1, "embedded":true, "references":["0x7fcbb1905f18"], "memsize":40, "flags":{"wb_protected":true, "old":true, "long_lived":true, "marked":true}}
{"address":"0x7fcbb1905f18", "type":"STRING", "class":"0x7fcbb10e0ef0", "embedded":true, "bytesize":3, "value":"lib", "encoding":"UTF-8", "memsize":40, "flags":{"wb_protected":true, "old":true, "long_lived":true, "marked":true}}
{"address":"0x7fcbb1905f40", "type":"ARRAY", "class":"0x7fcbb10d19a0", "length":0, "memsize":40, "flags":{"wb_protected":true, "old":true, "long_lived":true, "marked":true}}
{"address":"0x7fcbb1905f68", "type":"HASH", "class":"0x7fcbb10d1270", "size":0, "memsize":40, "flags":{"wb_protected":true, "old":true, "long_lived":true, "marked":true}}
{"address":"0x7fcbb1905f90", "type":"ARRAY", "class":"0x7fcbb10d19a0", "length":0, "memsize":40, "flags":{"wb_protected":true, "old":true, "long_lived":true, "marked":true}}
{"address":"0x7fcbb1905fb8", "type":"ARRAY", "class":"0x7fcbb10d19a0", "length":0, "memsize":40, "flags":{"wb_protected":true, "old":true, "long_lived":true, "marked":true}}
{"address":"0x7fcbb1905fe0", "type":"ARRAY", "class":"0x7fcbb10d19a0", "length":0, "memsize":40, "flags":{"wb_protected":true, "old":true, "long_lived":true, "marked":true}}
{"address":"0x7fcbb1906008", "type":"ARRAY", "class":"0x7fcbb10d19a0", "length":0, "memsize":40, "flags":{"wb_protected":true, "old":true, "long_lived":true, "marked":true}}
{"address":"0x7fcbb1906030", "type":"ARRAY", "class":"0x7fcbb10d19a0", "length":0, "memsize":40, "flags":{"wb_protected":true, "old":true, "long_lived":true, "marked":true}}
{"address":"0x7fcbb1906058", "type":"ARRAY", "class":"0x7fcbb10d19a0", "length":0, "memsize":40, "flags":{"wb_protected":true, "old":true, "long_lived":true, "marked":true}}
{"address":"0x7fcbb1906080", "type":"ARRAY", "class":"0x7fcbb10d19a0", "length":0, "memsize":40, "flags":{"wb_protected":true, "old":true, "long_lived":true, "marked":true}}
{"address":"0x7fcbb19060a8", "type":"STRING", "class":"0x7fcbb10e0ef0", "embedded":true, "bytesize":3, "value":"bin", "encoding":"UTF-8", "memsize":40, "flags":{"wb_protected":true, "old":true, "long_lived":true, "marked":true}}
{"address":"0x7fcbb19060d0", "type":"ARRAY", "class":"0x7fcbb10d19a0", "length":0, "memsize":40, "flags":{"wb_protected":true, "old":true, "long_lived":true, "marked":true}}
{"address":"0x7fcbb19060f8", "type":"ARRAY", "class":"0x7fcbb10d19a0", "length":7, "memsize":96, "flags":{"wb_protected":true, "old":true, "long_lived":true, "marked":true}}
{"address":"0x7fcbb1906120", "type":"STRING", "class":"0x7fcbb10e0ef0", "frozen":true, "embedded":true, "bytesize":6, "value":"method", "memsize":40, "flags":{"wb_protected":true, "old":true, "long_lived":true, "marked":true}}
{"address":"0x7fcbb1906148", "type":"HASH", "class":"0x7fcbb10d1270", "size":6, "references":["0x7fcbb20204d8", "0x7fcbb191df78", "0x7fcbb2019930", "0x7fcbb19268a8", "0x7fcbb19243c8", "0x7fcbb192f048", "0x7fcbb192d1f8", "0x7fcbb193d7d8", "0x7fcbb19451e0", "0x7fcbb194dfe8", "0x7fcbb1957318", "0x7fcbb195d100"], "memsize":232, "flags":{"wb_protected":true, "old":true, "long_lived":true, "marked":true}}
{"address":"0x7fcbb1906198", "type":"DATA", "class":"0x7fcbb10c8aa8", "struct":"time", "memsize":96, "flags":{"long_lived":true, "marked":true}}
{"address":"0x7fcbb19062b0", "type":"HASH", "class":"0x7fcbb10d1270", "size":5, "memsize":232, "flags":{"wb_protected":true, "old":true, "long_lived":true, "marked":true}}
{"address":"0x7fcbb19062d8", "type":"HASH", "class":"0x7fcbb10d1270", "size":5, "references":["0x7fcbb1906490", "0x7fcbb1906418", "0x7fcbb19063a0", "0x7fcbb1906350", "0x7fcbb1906300"], "memsize":232, "flags":{"wb_protected":true, "old":true, "long_lived":true, "marked":true}}
{"address":"0x7fcbb1906300", "type":"ARRAY", "class":"0x7fcbb10d19a0", "length":1, "embedded":true, "references":["0x7fcbb1906328"], "memsize":40, "flags":{"wb_protected":true, "old":true, "long_lived":true, "marked":true}}
{"address":"0x7fcbb1906328", "type":"STRING", "class":"0x7fcbb10e0ef0", "shared":true, "encoding":"UTF-8", "references":["0x7fcbb2022260"], "memsize":40, "flags":{"wb_protected":true, "old":true, "long_lived":true, "marked":true}}
{"address":"0x7fcbb1906350", "type":"ARRAY", "class":"0x7fcbb10d19a0", "length":1, "embedded":true, "references":["0x7fcbb1906378"], "memsize":40, "flags":{"wb_protected":true, "old":true, "long_lived":true, "marked":true}}
{"address":"0x7fcbb1906378", "type":"STRING", "class":"0x7fcbb10e0ef0", "shared":true, "encoding":"UTF-8", "references":["0x7fcbb2022288"], "memsize":40, "flags":{"wb_protected":true, "old":true, "long_lived":true, "marked":true}}
{"address":"0x7fcbb19063a0", "type":"ARRAY", "class":"0x7fcbb10d19a0", "length":2, "embedded":true, "references":["0x7fcbb19063f0", "0x7fcbb19063c8"], "memsize":40, "flags":{"wb_protected":true, "old":true, "long_lived":true, "marked":true}}
{"address":"0x7fcbb19063c8", "type":"STRING", "class":"0x7fcbb10e0ef0", "shared":true, "encoding":"UTF-8", "references":["0x7fcbb20222b0"], "memsize":40, "flags":{"wb_protected":true, "old":true, "long_lived":true, "marked":true}}
{"address":"0x7fcbb19063f0", "type":"STRING", "class":"0x7fcbb10e0ef0", "shared":true, "encoding":"UTF-8", "references":["0x7fcbb20222d8"], "memsize":40, "flags":{"wb_protected":true, "old":true, "long_lived":true, "marked":true}}
{"address":"0x7fcbb1906418", "type":"ARRAY", "class":"0x7fcbb10d19a0", "length":2, "embedded":true, "references":["0x7fcbb1906468", "0x7fcbb1906440"], "memsize":40, "flags":{"wb_protected":true, "old":true, "long_lived":true, "marked":true}}
{"address":"0x7fcbb1906440", "type":"STRING", "class":"0x7fcbb10e0ef0", "shared":true, "encoding":"UTF-8", "references":["0x7fcbb2022300"], "memsize":40, "flags":{"wb_protected":true, "old":true, "long_lived":true, "marked":true}}
{"address":"0x7fcbb1906468", "type":"STRING", "class":"0x7fcbb10e0ef0", "shared":true, "encoding":"UTF-8", "references":["0x7fcbb2022328"], "memsize":40, "flags":{"wb_protected":true, "old":true, "long_lived":true, "marked":true}}
{"address":"0x7fcbb1906490", "type":"ARRAY", "class":"0x7fcbb10d19a0", "length":1, "embedded":true, "references":["0x7fcbb19064b8"], "memsize":40, "flags":{"wb_protected":true, "old":true, "long_lived":true, "marked":true}}
{"address":"0x7fcbb19064b8", "type":"STRING", "class":"0x7fcbb10e0ef0", "shared":true, "encoding":"UTF-8", "references":["0x7fcbb2022350"], "memsize":40, "flags":{"wb_protected":true, "old":true, "long_lived":true, "marked":true}}
{"address":"0x7fcbb1906508", "type":"STRING", "class":"0x7fcbb10e0ef0", "frozen":true, "embedded":true, "bytesize":18, "value":"Gem::Specification", "encoding":"US-ASCII", "memsize":40, "flags":{"wb_protected":true, "old":true, "long_lived":true, "marked":true}}
{"address":"0x7fcbb1906530", "type":"CLASS", "class":"0x7fcbb19042d0", "name":"Class", "references":["0x7fcbb1906530", "0x7fcbb2020e10", "0x7fcbb1906530", "0x7fcbb2020aa0", "0x7fcbb1906530", "0x7fcbb2020a00", "0x7fcbb1906530", "0x7fcbb2020640", "0x7fcbb1906530", "0x7fcbb2020410", "0x7fcbb1906530", "0x7fcbb20201e0", "0x7fcbb1906530", "0x7fcbb10ba598", "0x7fcbb1906530", "0x7fcbb10b8cc0", "0x7fcbb1906530", "0x7fcbb10b8900", "0x7fcbb1906530", "0x7fcbb183bf10", "0x7fcbb1906530", "0x7fcbb183bd08", "0x7fcbb1906530", "0x7fcbb183bc18", "0x7fcbb1906530", "0x7fcbb183bb78", "0x7fcbb1906530", "0x7fcbb183bab0", "0x7fcbb1906530", "0x7fcbb183ba10", "0x7fcbb1906530", "0x7fcbb183b8d0", "0x7fcbb1906530", "0x7fcbb183b4c0", "0x7fcbb1906530", "0x7fcbb183b038", "0x7fcbb1906530", "0x7fcbb183ae30", "0x7fcbb1906530", "0x7fcbb183ad90", "0x7fcbb1906530", "0x7fcbb183acc8", "0x7fcbb1906530", "0x7fcbb183aa70", "0x7fcbb1906530", "0x7fcbb183a868", "0x7fcbb1906530", "0x7fcbb183a520", "0x7fcbb1906530", "0x7fcbb1839ff8", "0x7fcbb1906530", "0x7fcbb1839ee0", "0x7fcbb1906530", "0x7fcbb1839828", "0x7fcbb1906530", "0x7fcbb1839508", "0x7fcbb1906530", "0x7fcbb1839468", "0x7fcbb1906530", "0x7fcbb1839300", "0x7fcbb1906530", "0x7fcbb18390d0", "0x7fcbb1906530", "0x7fcbb1838d38", "0x7fcbb1906530", "0x7fcbb1838ae0", "0x7fcbb1906530", "0x7fcbb1838a40", "0x7fcbb1906530", "0x7fcbb18389a0", "0x7fcbb1906530", "0x7fcbb18383b0", "0x7fcbb1906530", "0x7fcbb1838158", "0x7fcbb1906558", "0x7fcbb1904230"], "memsize":2472, "flags":{"wb_protected":true, "old":true, "long_lived":true, "marked":true}}
{"address":"0x7fcbb1906558", "type":"CLASS", "class":"0x7fcbb1906530", "name":"Gem::Specification", "references":["0x7fcbb1906558", "0x7fcbb1904de8", "0x7fcbb1906558", "0x7fcbb1904d98", "0x7fcbb1906558", "0x7fcbb1904d48", "0x7fcbb1906558", "0x7fcbb2021bf8", "0x7fcbb1906558", "0x7fcbb1904cf8", "0x7fcbb1906558", "0x7fcbb1904ca8", "0x7fcbb1906558", "0x7fcbb1904c58", "0x7fcbb1906558", "0x7fcbb2021b58", "0x7fcbb1906558", "0x7fcbb2021ab8", "0x7fcbb1906558", "0x7fcbb2021a18", "0x7fcbb1906558", "0x7fcbb2021810", "0x7fcbb1906558", "0x7fcbb1904c08", "0x7fcbb1906558", "0x7fcbb1904bb8", "0x7fcbb1906558", "0x7fcbb1904b40", "0x7fcbb1906558", "0x7fcbb1904af0", "0x7fcbb1906558", "0x7fcbb1904aa0", "0x7fcbb1906558", "0x7fcbb1904a50", "0x7fcbb1906558", "0x7fcbb1904a00", "0x7fcbb1906558", "0x7fcbb19049b0", "0x7fcbb1906558", "0x7fcbb1904960", "0x7fcbb1906558", "0x7fcbb19048e8", "0x7fcbb1906558", "0x7fcbb1904898", "0x7fcbb1906558", "0x7fcbb1904848", "0x7fcbb1906558", "0x7fcbb19047f8", "0x7fcbb1906558", "0x7fcbb1904780", "0x7fcbb1906558", "0x7fcbb1904730", "0x7fcbb1906558", "0x7fcbb19046e0", "0x7fcbb1906558", "0x7fcbb1904690", "0x7fcbb1906558", "0x7fcbb2021770", "0x7fcbb1906558", "0x7fcbb20216a8", "0x7fcbb1906558", "0x7fcbb2021608", "0x7fcbb1906558", "0x7fcbb2021568", "0x7fcbb1906558", "0x7fcbb20214c8", "0x7fcbb1906558", "0x7fcbb2021428", "0x7fcbb1906558", "0x7fcbb2021388", "0x7fcbb1906558", "0x7fcbb20212e8", "0x7fcbb1906558", "0x7fcbb2021220", "0x7fcbb1906558", "0x7fcbb2021158", "0x7fcbb1906558", "0x7fcbb20210b8", "0x7fcbb1906558", "0x7fcbb2021018", "0x7fcbb1906558", "0x7fcbb2020f50", "0x7fcbb1906558", "0x7fcbb2020eb0", "0x7fcbb1906558", "0x7fcbb1904640", "0x7fcbb1906558", "0x7fcbb19045f0", "0x7fcbb1906558", "0x7fcbb1904640", "0x7fcbb1906558", "0x7fcbb1904578", "0x7fcbb1906558", "0x7fcbb1904528", "0x7fcbb1906558", "0x7fcbb19044b0", "0x7fcbb1906558", "0x7fcbb1904438", "0x7fcbb1906558", "0x7fcbb19043e8", "0x7fcbb1906558", "0x7fcbb1904398", "0x7fcbb1906558", "0x7fcbb1904348", "0x7fcbb1906558", "0x7fcbb19042f8", "0x7fcbb1906558", "0x7fcbb1839760", "0x7fcbb1906558", "0x7fcbb1839cb0", "0x7fcbb1906558", "0x7fcbb182bf20", "0x7fcbb1906558", "0x7fcbb182be80", "0x7fcbb1906558", "0x7fcbb182bdb8", "0x7fcbb1906558", "0x7fcbb182bac0", "0x7fcbb1906558", "0x7fcbb182b700", "0x7fcbb1906558", "0x7fcbb20216a8", "0x7fcbb1906558", "0x7fcbb182b638", "0x7fcbb1906558", "0x7fcbb182b570", "0x7fcbb1906558", "0x7fcbb182b4d0", "0x7fcbb1906558", "0x7fcbb182b430", "0x7fcbb1906558", "0x7fcbb182b368", "0x7fcbb1906558", "0x7fcbb182b2c8", "0x7fcbb1906558", "0x7fcbb182b0c0", "0x7fcbb1906558", "0x7fcbb182ad00", "0x7fcbb1906558", "0x7fcbb182ac38", "0x7fcbb1906558", "0x7fcbb182ab20", "0x7fcbb1906558", "0x7fcbb182a990", "0x7fcbb1906558", "0x7fcbb182a8c8", "0x7fcbb1906558", "0x7fcbb182a7d8", "0x7fcbb1906558", "0x7fcbb182a5a8", "0x7fcbb1906558", "0x7fcbb182a440", "0x7fcbb1906558", "0x7fcbb182a300", "0x7fcbb1906558", "0x7fcbb182a260", "0x7fcbb1906558", "0x7fcbb182a1c0", "0x7fcbb1906558", "0x7fcbb182a120", "0x7fcbb1906558", "0x7fcbb1829bf8", "0x7fcbb1906558", "0x7fcbb18299f0", "0x7fcbb1906558", "0x7fcbb1829950", "0x7fcbb1906558", "0x7fcbb18296a8", "0x7fcbb1906558", "0x7fcbb1829568", "0x7fcbb1906558", "0x7fcbb18291d0", "0x7fcbb1906558", "0x7fcbb1829130", "0x7fcbb1906558", "0x7fcbb1829090", "0x7fcbb1906558", "0x7fcbb1828ff0", "0x7fcbb1906558", "0x7fcbb1828f50", "0x7fcbb1906558", "0x7fcbb1828eb0", "0x7fcbb1906558", "0x7fcbb1828e10", "0x7fcbb1906558", "0x7fcbb1828d48", "0x7fcbb1906558", "0x7fcbb1828c80", "0x7fcbb1906558", "0x7fcbb1828a50", "0x7fcbb1906558", "0x7fcbb18289b0", "0x7fcbb1906558", "0x7fcbb1828910", "0x7fcbb1906558", "0x7fcbb1828870", "0x7fcbb1906558", "0x7fcbb1828758", "0x7fcbb1906558", "0x7fcbb18286b8", "0x7fcbb1906558", "0x7fcbb1828618", "0x7fcbb1906558", "0x7fcbb18286b8", "0x7fcbb1906558", "0x7fcbb1828550", "0x7fcbb1906558", "0x7fcbb1828550", "0x7fcbb1906558", "0x7fcbb18284b0", "0x7fcbb1906558", "0x7fcbb18283e8", "0x7fcbb1906558", "0x7fcbb1828320", "0x7fcbb1906558", "0x7fcbb1828bb8", "0x7fcbb1906558", "0x7fcbb186be40", "0x7fcbb1906558", "0x7fcbb186bc60", "0x7fcbb1906558", "0x7fcbb186b9b8", "0x7fcbb1906558", "0x7fcbb186b7d8", "0x7fcbb1906558", "0x7fcbb186ad10", "0x7fcbb1906558", "0x7fcbb186ab80", "0x7fcbb1906558", "0x7fcbb186a9c8", "0x7fcbb1906558", "0x7fcbb186a798", "0x7fcbb1906558", "0x7fcbb186a6a8", "0x7fcbb1906558", "0x7fcbb186a130", "0x7fcbb1906558", "0x7fcbb1869cd0", "0x7fcbb1906558", "0x7fcbb1869be0", "0x7fcbb1906558", "0x7fcbb1869988", "0x7fcbb1906558", "0x7fcbb1869870", "0x7fcbb1906558", "0x7fcbb18696e0", "0x7fcbb1906558", "0x7fcbb1869460", "0x7fcbb1906558", "0x7fcbb18692a8", "0x7fcbb1906558", "0x7fcbb1868240", "0x7fcbb1906558", "0x7fcbb186b0a8", "0x7fcbb1906558", "0x7fcbb185bef0", "0x7fcbb1906558", "0x7fcbb185bc70", "0x7fcbb1906558", "0x7fcbb185bbd0", "0x7fcbb1906558", "0x7fcbb185bae0", "0x7fcbb1906558", "0x7fcbb185b888", "0x7fcbb1906558", "0x7fcbb185b7c0", "0x7fcbb1906558", "0x7fcbb185b6f8", "0x7fcbb1906558", "0x7fcbb185afc8", "0x7fcbb1906558", "0x7fcbb185ac80", "0x7fcbb1906558", "0x7fcbb185a820", "0x7fcbb1906558", "0x7fcbb185a5f0", "0x7fcbb1906558", "0x7fcbb185a550", "0x7fcbb1906558", "0x7fcbb185a4b0", "0x7fcbb1906558", "0x7fcbb185a3e8", "0x7fcbb1906558", "0x7fcbb185a2f8", "0x7fcbb1906558", "0x7fcbb185a230", "0x7fcbb1906558", "0x7fcbb185a028", "0x7fcbb1906558", "0x7fcbb1859ee8", "0x7fcbb1906558", "0x7fcbb1859e48", "0x7fcbb1906558", "0x7fcbb1859da8", "0x7fcbb1906558", "0x7fcbb1858b60", "0x7fcbb1906558", "0x7fcbb1858ac0", "0x7fcbb1906558", "0x7fcbb1858908", "0x7fcbb1906558", "0x7fcbb18587a0", "0x7fcbb1906558", "0x7fcbb1858138", "0x7fcbb1906558", "0x7fcbb184b370", "0x7fcbb1906558", "0x7fcbb18992a0", "0x7fcbb1906558", "0x7fcbb188b560", "0x7fcbb1906558", "0x7fcbb188a3b8", "0x7fcbb1906558", "0x7fcbb188a278", "0x7fcbb1906558", "0x7fcbb188a048", "0x7fcbb1906558", "0x7fcbb1889a30", "0x7fcbb1906558", "0x7fcbb1888e78", "0x7fcbb1906508", "0x7fcbb19060f8", "0x7fcbb1905a40", "0x7fcbb19059c8", "0x7fcbb1904f28", "0x7fcbb1904ed8", "0x7fcbb1904eb0", "0x7fcbb1904208", "0x7fcbb1840970", "0x7fcbb1840970", "0x7fcbb19062d8", "0x7fcbb1840970", "0x7fcbb19062b0", "0x7fcbb1840970", "0x7fcbb1906198", "0x7fcbb1840970", "0x7fcbb1906148", "0x7fcbb1840970", "0x7fcbb1905a18", "0x7fcbb1840970", "0x7fcbb1904280", "0x7fcbb1840970", "0x7fcbb1033430", "0x7fcbb1840970", "0x7fcbb18f6310"], "memsize":12712, "flags":{"wb_protected":true, "old":true, "long_lived":true, "marked":true}}
{"address":"0x7fcbb19069b8", "type":"STRING", "class":"0x7fcbb10e0ef0", "frozen":true, "embedded":true, "bytesize":17, "value":"Gem::StringSource", "encoding":"US-ASCII", "memsize":40, "flags":{"wb_protected":true, "old":true, "long_lived":true, "marked":true}}
{"address":"0x7fcbb19069e0", "type":"CLASS", "class":"0x7fcbb10e2430", "name":"Class", "references":["0x7fcbb1906a08", "0x7fcbb10e23e0"], "memsize":712, "flags":{"wb_protected":true, "old":true, "long_lived":true, "marked":true}}
{"address":"0x7fcbb1906a08", "type":"CLASS", "class":"0x7fcbb19069e0", "name":"Gem::StringSource", "references":["0x7fcbb1906a08", "0x7fcbb1906cb0", "0x7fcbb1906a08", "0x7fcbb1906be8", "0x7fcbb1906a08", "0x7fcbb1906be8", "0x7fcbb19069b8", "0x7fcbb10e2c78"], "memsize":712, "flags":{"wb_protected":true, "old":true, "long_lived":true, "marked":true}}
{"address":"0x7fcbb1906a30", "type":"ARRAY", "class":"0x7fcbb10d19a0", "frozen":true, "length":2, "embedded":true, "references":["0x7fcbb1832f50"], "memsize":40, "flags":{"wb_protected":true, "old":true, "long_lived":true, "marked":true}}
{"address":"0x7fcbb1906aa8", "type":"STRING", "class":"0x7fcbb10e0ef0", "frozen":true, "embedded":true, "bytesize":15, "value":"Gem::StringSink", "encoding":"US-ASCII", "memsize":40, "flags":{"wb_protected":true, "old":true, "long_lived":true, "marked":true}}
{"address":"0x7fcbb1906ad0", "type":"CLASS", "class":"0x7fcbb10e2430", "name":"Class", "references":["0x7fcbb1906af8", "0x7fcbb10e23e0"], "memsize":712, "flags":{"wb_protected":true, "old":true, "long_lived":true, "marked":true}}
{"address":"0x7fcbb1906af8", "type":"CLASS", "class":"0x7fcbb1906ad0", "name":"Gem::StringSink", "references":["0x7fcbb1906af8", "0x7fcbb1906ff8", "0x7fcbb1906af8", "0x7fcbb1906a30", "0x7fcbb1906af8", "0x7fcbb1906f08", "0x7fcbb1906af8", "0x7fcbb1906e68", "0x7fcbb1906aa8", "0x7fcbb10e2c78"], "memsize":712, "flags":{"wb_protected":true, "old":true, "long_lived":true, "marked":true}}
{"address":"0x7fcbb1906b20", "type":"ARRAY", "length":1, "embedded":true, "references":["0x7fcbb1049d98"], "memsize":40, "flags":{"wb_protected":true, "old":true, "long_lived":true, "marked":true}}
{"address":"0x7fcbb1906bc0", "type":"NODE", "frozen":true, "node_type":"NODE_CREF", "references":["0x7fcbb1906a08", "0x7fcbb1907160"], "memsize":40, "flags":{"wb_protected":true, "old":true, "long_lived":true, "marked":true}}
{"address":"0x7fcbb1906be8", "type":"DATA", "class":"0x7fcbb10c0100", "struct":"iseq", "references":["0x7fcbb1906b20", "0x7fcbb10cb9d8", "0x7fcbb10cb9d8", "0x7fcbb1832f50", "0x7fcbb1832f50", "0x7fcbb1906bc0", "0x7fcbb1906a08"], "memsize":912, "flags":{"wb_protected":true, "old":true, "long_lived":true, "marked":true}}
{"address":"0x7fcbb1906c88", "type":"NODE", "frozen":true, "node_type":"NODE_CREF", "references":["0x7fcbb1906a08", "0x7fcbb1907160"], "memsize":40, "flags":{"wb_protected":true, "old":true, "long_lived":true, "marked":true}}
{"address":"0x7fcbb1906cb0", "type":"DATA", "class":"0x7fcbb10c0100", "struct":"iseq", "references":["0x7fcbb10e3330", "0x7fcbb10e3330", "0x7fcbb1832f50", "0x7fcbb1832f50", "0x7fcbb1906c88", "0x7fcbb1906a08"], "memsize":592, "flags":{"wb_protected":true, "old":true, "long_lived":true, "marked":true}}
{"address":"0x7fcbb1906e40", "type":"NODE", "frozen":true, "node_type":"NODE_CREF", "references":["0x7fcbb1906af8", "0x7fcbb1907160"], "memsize":40, "flags":{"wb_protected":true, "old":true, "long_lived":true, "marked":true}}
{"address":"0x7fcbb1906e68", "type":"DATA", "class":"0x7fcbb10c0100", "struct":"iseq", "references":["0x7fcbb10cb5c8", "0x7fcbb10cb5c8", "0x7fcbb1832f50", "0x7fcbb1832f50", "0x7fcbb1906e40", "0x7fcbb1906af8"], "memsize":584, "flags":{"wb_protected":true, "old":true, "long_lived":true, "marked":true}}
{"address":"0x7fcbb1906ee0", "type":"NODE", "frozen":true, "node_type":"NODE_CREF", "references":["0x7fcbb1906af8", "0x7fcbb1907160"], "memsize":40, "flags":{"wb_protected":true, "old":true, "long_lived":true, "marked":true}}
{"address":"0x7fcbb1906f08", "type":"DATA", "class":"0x7fcbb10c0100", "struct":"iseq", "references":["0x7fcbb10cb9b0", "0x7fcbb10cb9b0", "0x7fcbb1832f50", "0x7fcbb1832f50", "0x7fcbb1906ee0", "0x7fcbb1906af8"], "memsize":784, "flags":{"wb_protected":true, "old":true, "long_lived":true, "marked":true}}
{"address":"0x7fcbb1906f58", "type":"ARRAY", "length":1, "embedded":true, "references":["0x7fcbb1049d98"], "memsize":40, "flags":{"wb_protected":true, "old":true, "long_lived":true, "marked":true}}
{"address":"0x7fcbb1906fd0", "type":"NODE", "frozen":true, "node_type":"NODE_CREF", "references":["0x7fcbb1906af8", "0x7fcbb1907160"], "memsize":40, "flags":{"wb_protected":true, "old":true, "long_lived":true, "marked":true}}
{"address":"0x7fcbb1906ff8", "type":"DATA", "class":"0x7fcbb10c0100", "struct":"iseq", "references":["0x7fcbb1906f58", "0x7fcbb10e3330", "0x7fcbb10e3330", "0x7fcbb1832f50", "0x7fcbb1832f50", "0x7fcbb1906fd0", "0x7fcbb1906af8"], "memsize":464, "flags":{"wb_protected":true, "old":true, "long_lived":true, "marked":true}}
{"address":"0x7fcbb1907160", "type":"NODE", "frozen":true, "node_type":"NODE_CREF", "references":["0x7fcbb10e2c78"], "memsize":40, "flags":{"wb_protected":true, "old":true, "long_lived":true, "marked":true}}
{"address":"0x7fcbb190c200", "type":"STRING", "class":"0x7fcbb10e0ef0", "frozen":true, "embedded":true, "fstring":true, "bytesize":19, "value":"RubyVersionMismatch", "encoding":"US-ASCII", "memsize":40, "flags":{"wb_protected":true, "old":true, "long_lived":true, "marked":true}}
{"address":"0x7fcbb190c458", "type":"STRING", "class":"0x7fcbb10e0ef0", "frozen":true, "embedded":true, "fstring":true, "bytesize":21, "value":"RemoteSourceException", "encoding":"US-ASCII", "memsize":40, "flags":{"wb_protected":true, "old":true, "long_lived":true, "marked":true}}
{"address":"0x7fcbb190c660", "type":"STRING", "class":"0x7fcbb10e0ef0", "frozen":true, "fstring":true, "bytesize":25, "value":"RemoteInstallationSkipped", "encoding":"US-ASCII", "memsize":66, "flags":{"wb_protected":true, "old":true, "long_lived":true, "marked":true}}
{"address":"0x7fcbb190c818", "type":"STRING", "class":"0x7fcbb10e0ef0", "frozen":true, "fstring":true, "bytesize":27, "value":"RemoteInstallationCancelled", "encoding":"US-ASCII", "memsize":68, "flags":{"wb_protected":true, "old":true, "long_lived":true, "marked":true}}
{"address":"0x7fcbb190c9d0", "type":"STRING", "class":"0x7fcbb10e0ef0", "frozen":true, "embedded":true, "fstring":true, "bytesize":11, "value":"RemoteError", "encoding":"US-ASCII", "memsize":40, "flags":{"wb_protected":true, "old":true, "long_lived":true, "marked":true}}
{"address":"0x7fcbb190cca0", "type":"STRING", "class":"0x7fcbb10e0ef0", "frozen":true, "fstring":true, "bytesize":26, "value":"OperationNotSupportedError", "encoding":"US-ASCII", "memsize":67, "flags":{"wb_protected":true, "old":true, "long_lived":true, "marked":true}}
{"address":"0x7fcbb190d038", "type":"STRING", "class":"0x7fcbb10e0ef0", "frozen":true, "embedded":true, "fstring":true, "bytesize":12, "value":"InstallError", "encoding":"US-ASCII", "memsize":40, "flags":{"wb_protected":true, "old":true, "long_lived":true, "marked":true}}
{"address":"0x7fcbb190dd08", "type":"STRING", "class":"0x7fcbb10e0ef0", "frozen":true, "embedded":true, "fstring":true, "bytesize":9, "value":"requester", "encoding":"US-ASCII", "memsize":40, "flags":{"wb_protected":true, "old":true, "long_lived":true, "marked":true}}
{"address":"0x7fcbb190df10", "type":"STRING", "class":"0x7fcbb10e0ef0", "frozen":true, "embedded":true, "fstring":true, "bytesize":13, "value":"build_message", "encoding":"US-ASCII", "memsize":40, "flags":{"wb_protected":true, "old":true, "long_lived":true, "marked":true}}
{"address":"0x7fcbb190e0a0", "type":"STRING", "class":"0x7fcbb10e0ef0", "frozen":true, "embedded":true, "fstring":true, "bytesize":8, "value":"@request", "encoding":"US-ASCII", "memsize":40, "flags":{"wb_protected":true, "old":true, "long_lived":true, "marked":true}}
{"address":"0x7fcbb190e258", "type":"STRING", "class":"0x7fcbb10e0ef0", "frozen":true, "embedded":true, "fstring":true, "bytesize":7, "value":"request", "encoding":"US-ASCII", "memsize":40, "flags":{"wb_protected":true, "old":true, "long_lived":true, "marked":true}}
{"address":"0x7fcbb190e410", "type":"STRING", "class":"0x7fcbb10e0ef0", "frozen":true, "fstring":true, "bytesize":27, "value":"ImpossibleDependenciesError", "encoding":"US-ASCII", "memsize":68, "flags":{"wb_protected":true, "old":true, "long_lived":true, "marked":true}}
{"address":"0x7fcbb190eb68", "type":"STRING", "class":"0x7fcbb10e0ef0", "frozen":true, "embedded":true, "fstring":true, "bytesize":7, "value":"@errors", "encoding":"US-ASCII", "memsize":40, "flags":{"wb_protected":true, "old":true, "long_lived":true, "marked":true}}
{"address":"0x7fcbb190f0b8", "type":"STRING", "class":"0x7fcbb10e0ef0", "frozen":true, "embedded":true, "fstring":true, "bytesize":6, "value":"errors", "encoding":"US-ASCII", "memsize":40, "flags":{"wb_protected":true, "old":true, "long_lived":true, "marked":true}}
{"address":"0x7fcbb190f2c0", "type":"STRING", "class":"0x7fcbb10e0ef0", "frozen":true, "fstring":true, "bytesize":28, "value":"SpecificGemNotFoundException", "encoding":"US-ASCII", "memsize":69, "flags":{"wb_protected":true, "old":true, "long_lived":true, "marked":true}}
{"address":"0x7fcbb190fc20", "type":"STRING", "class":"0x7fcbb10e0ef0", "frozen":true, "embedded":true, "fstring":true, "bytesize":10, "value":"@directory", "encoding":"US-ASCII", "memsize":40, "flags":{"wb_protected":true, "old":true, "long_lived":true, "marked":true}}
{"address":"0x7fcbb190fe50", "type":"STRING", "class":"0x7fcbb10e0ef0", "frozen":true, "embedded":true, "fstring":true, "bytesize":19, "value":"FilePermissionError", "encoding":"US-ASCII", "memsize":40, "flags":{"wb_protected":true, "old":true, "long_lived":true, "marked":true}}
{"address":"0x7fcbb1914018", "type":"CLASS", "class":"0x7fcbb2023f70", "name":"Gem::DependencyError", "references":["0x7fcbb2023e80", "0x7fcbb1914220"], "memsize":712, "flags":{"wb_protected":true, "old":true, "long_lived":true, "marked":true}}
{"address":"0x7fcbb1914068", "type":"STRING", "class":"0x7fcbb10e0ef0", "frozen":true, "embedded":true, "bytesize":21, "value":"Gem::CommandLineError", "encoding":"US-ASCII", "memsize":40, "flags":{"wb_protected":true, "old":true, "long_lived":true, "marked":true}}
{"address":"0x7fcbb1914090", "type":"CLASS", "class":"0x7fcbb10e2430", "name":"Class", "references":["0x7fcbb19140b8", "0x7fcbb19141f8"], "memsize":712, "flags":{"wb_protected":true, "old":true, "long_lived":true, "marked":true}}
{"address":"0x7fcbb19140b8", "type":"CLASS", "class":"0x7fcbb1914090", "name":"Gem::CommandLineError", "references":["0x7fcbb1914068", "0x7fcbb1914220"], "memsize":712, "flags":{"wb_protected":true, "old":true, "long_lived":true, "marked":true}}
{"address":"0x7fcbb19140e0", "type":"ARRAY", "class":"0x7fcbb10d19a0", "frozen":true, "length":2, "embedded":true, "references":["0x7fcbb182b958"], "memsize":40, "flags":{"wb_protected":true, "old":true, "long_lived":true, "marked":true}}
{"address":"0x7fcbb1914108", "type":"STRING", "class":"0x7fcbb10e0ef0", "frozen":true, "embedded":true, "fstring":true, "bytesize":17, "value":"source_exception=", "encoding":"US-ASCII", "memsize":40, "flags":{"wb_protected":true, "old":true, "long_lived":true, "marked":true}}
{"address":"0x7fcbb1914130", "type":"ARRAY", "class":"0x7fcbb10d19a0", "frozen":true, "length":2, "embedded":true, "references":["0x7fcbb182b958"], "memsize":40, "flags":{"wb_protected":true, "old":true, "long_lived":true, "marked":true}}
{"address":"0x7fcbb1914158", "type":"STRING", "class":"0x7fcbb10e0ef0", "frozen":true, "embedded":true, "fstring":true, "bytesize":17, "value":"@source_exception", "encoding":"US-ASCII", "memsize":40, "flags":{"wb_protected":true, "old":true, "long_lived":true, "marked":true}}
{"address":"0x7fcbb19141d0", "type":"STRING", "class":"0x7fcbb10e0ef0", "frozen":true, "embedded":true, "bytesize":14, "value":"Gem::Exception", "encoding":"US-ASCII", "memsize":40, "flags":{"wb_protected":true, "old":true, "long_lived":true, "marked":true}}
{"address":"0x7fcbb19141f8", "type":"CLASS", "class":"0x7fcbb10e2430", "name":"Class", "references":["0x7fcbb1914220", "0x7fcbb10db5b8"], "memsize":712, "flags":{"wb_protected":true, "old":true, "long_lived":true, "marked":true}}
{"address":"0x7fcbb1914220", "type":"CLASS", "class":"0x7fcbb19141f8", "name":"Gem::Exception", "references":["0x7fcbb1914220", "0x7fcbb1914130", "0x7fcbb1914220", "0x7fcbb19140e0", "0x7fcbb19141d0", "0x7fcbb10db5e0"], "memsize":712, "flags":{"wb_protected":true, "old":true, "long_lived":true, "marked":true}}
{"address":"0x7fcbb1914298", "type":"NODE", "frozen":true, "node_type":"NODE_CREF", "references":["0x7fcbb2021b80", "0x7fcbb1916728"], "memsize":40, "flags":{"wb_protected":true, "old":true, "long_lived":true, "marked":true}}
{"address":"0x7fcbb19142c0", "type":"DATA", "class":"0x7fcbb10c0100", "struct":"iseq", "references":["0x7fcbb10835c0", "0x7fcbb10835c0", "0x7fcbb182b958", "0x7fcbb182b958", "0x7fcbb1914298", "0x7fcbb2021b80"], "memsize":560, "flags":{"wb_protected":true, "old":true, "long_lived":true, "marked":true}}
{"address":"0x7fcbb1914338", "type":"NODE", "frozen":true, "node_type":"NODE_CREF", "references":["0x7fcbb2021b80", "0x7fcbb1916728"], "memsize":40, "flags":{"wb_protected":true, "old":true, "long_lived":true, "marked":true}}
{"address":"0x7fcbb1914360", "type":"DATA", "class":"0x7fcbb10c0100", "struct":"iseq", "references":["0x7fcbb10e22a0", "0x7fcbb10e22a0", "0x7fcbb182b958", "0x7fcbb182b958", "0x7fcbb1914338", "0x7fcbb2021b80"], "memsize":560, "flags":{"wb_protected":true, "old":true, "long_lived":true, "marked":true}}
{"address":"0x7fcbb19143b0", "type":"STRING", "class":"0x7fcbb10e0ef0", "frozen":true, "embedded":true, "fstring":true, "bytesize":12, "value":"' requires '", "encoding":"UTF-8", "memsize":40, "flags":{"wb_protected":true, "old":true, "long_lived":true, "marked":true}}
{"address":"0x7fcbb19143d8", "type":"STRING", "class":"0x7fcbb10e0ef0", "frozen":true, "fstring":true, "bytesize":31, "value":"Unable to resolve dependency: '", "encoding":"UTF-8", "memsize":72, "flags":{"wb_protected":true, "old":true, "long_lived":true, "marked":true}}
{"address":"0x7fcbb1914400", "type":"STRING", "class":"0x7fcbb10e0ef0", "frozen":true, "fstring":true, "bytesize":46, "value":"Unable to resolve dependency: user requested '", "encoding":"UTF-8", "memsize":87, "flags":{"wb_protected":true, "old":true, "long_lived":true, "marked":true}}
{"address":"0x7fcbb1914428", "type":"STRING", "class":"0x7fcbb10e0ef0", "frozen":true, "fstring":true, "bytesize":27, "value":"' on this platform. Found: ", "encoding":"UTF-8", "memsize":68, "flags":{"wb_protected":true, "old":true, "long_lived":true, "marked":true}}
{"address":"0x7fcbb1914450", "type":"STRING", "class":"0x7fcbb10e0ef0", "frozen":true, "fstring":true, "bytesize":44, "value":"Unable to resolve dependency: No match for '", "encoding":"UTF-8", "memsize":85, "flags":{"wb_protected":true, "old":true, "long_lived":true, "marked":true}}
{"address":"0x7fcbb19144a0", "type":"ARRAY", "length":9, "references":["0x7fcbb1914568", "0x7fcbb1914450", "0x7fcbb1914428", "0x7fcbb1842ef0", "0x7fcbb1914400", "0x7fcbb182bbd8", "0x7fcbb19143d8", "0x7fcbb19143b0", "0x7fcbb182bbd8"], "memsize":200, "flags":{"wb_protected":true, "old":true, "long_lived":true, "marked":true}}
{"address":"0x7fcbb1914568", "type":"DATA", "class":"0x7fcbb10c0100", "struct":"iseq", "references":["0x7fcbb1842fb8", "0x7fcbb10e3330", "0x7fcbb182b958", "0x7fcbb182b958", "0x7fcbb1914630"], "memsize":712, "flags":{"wb_protected":true, "old":true, "long_lived":true, "marked":true}}
{"address":"0x7fcbb1914630", "type":"NODE", "frozen":true, "node_type":"NODE_CREF", "references":["0x7fcbb2021b80", "0x7fcbb1916728"], "memsize":40, "flags":{"wb_protected":true, "old":true, "long_lived":true, "marked":true}}
{"address":"0x7fcbb1914658", "type":"DATA", "class":"0x7fcbb10c0100", "struct":"iseq", "references":["0x7fcbb19144a0", "0x7fcbb10e3330", "0x7fcbb10e3330", "0x7fcbb182b958", "0x7fcbb182b958", "0x7fcbb1914630", "0x7fcbb2021b80"], "memsize":2648, "flags":{"wb_protected":true, "old":true, "long_lived":true, "marked":true}}
{"address":"0x7fcbb1914798", "type":"ARRAY", "length":1, "embedded":true, "references":["0x7fcbb19147c0"], "memsize":40, "flags":{"wb_protected":true, "old":true, "long_lived":true, "marked":true}}
{"address":"0x7fcbb19147c0", "type":"STRING", "class":"0x7fcbb10e0ef0", "frozen":true, "fstring":true, "bytesize":32, "value":"Exiting RubyGems with exit_code ", "encoding":"UTF-8", "memsize":73, "flags":{"wb_protected":true, "old":true, "long_lived":true, "marked":true}}
{"address":"0x7fcbb1914838", "type":"NODE", "frozen":true, "node_type":"NODE_CREF", "references":["0x7fcbb2021d38", "0x7fcbb1916728"], "memsize":40, "flags":{"wb_protected":true, "old":true, "long_lived":true, "marked":true}}
{"address":"0x7fcbb1914860", "type":"DATA", "class":"0x7fcbb10c0100", "struct":"iseq", "references":["0x7fcbb1914798", "0x7fcbb10e3330", "0x7fcbb10e3330", "0x7fcbb182b958", "0x7fcbb182b958", "0x7fcbb1914838", "0x7fcbb2021d38"], "memsize":680, "flags":{"wb_protected":true, "old":true, "long_lived":true, "marked":true}}
{"address":"0x7fcbb1915238", "type":"NODE", "frozen":true, "node_type":"NODE_CREF", "references":["0x7fcbb2022850", "0x7fcbb1916728"], "memsize":40, "flags":{"wb_protected":true, "old":true, "long_lived":true, "marked":true}}
{"address":"0x7fcbb1915260", "type":"DATA", "class":"0x7fcbb10c0100", "struct":"iseq", "references":["0x7fcbb1073440", "0x7fcbb1073440", "0x7fcbb182b958", "0x7fcbb182b958", "0x7fcbb1915238", "0x7fcbb2022850"], "memsize":560, "flags":{"wb_protected":true, "old":true, "long_lived":true, "marked":true}}
{"address":"0x7fcbb19152b0", "type":"ARRAY", "length":4, "references":["0x7fcbb1915378", "0x7fcbb1915440", "0x7fcbb1915418", "0x7fcbb19153f0"], "memsize":200, "flags":{"wb_protected":true, "old":true, "long_lived":true, "marked":true}}
{"address":"0x7fcbb1915378", "type":"DATA", "class":"0x7fcbb10c0100", "struct":"iseq", "references":["0x7fcbb19153a0", "0x7fcbb190df10", "0x7fcbb182b958", "0x7fcbb182b958", "0x7fcbb19154b8"], "memsize":760, "flags":{"wb_protected":true, "old":true, "long_lived":true, "marked":true}}
{"address":"0x7fcbb19153a0", "type":"STRING", "class":"0x7fcbb10e0ef0", "frozen":true, "embedded":true, "fstring":true, "bytesize":22, "value":"block in build_message", "memsize":40, "flags":{"wb_protected":true, "old":true, "long_lived":true, "marked":true}}
{"address":"0x7fcbb19153f0", "type":"STRING", "class":"0x7fcbb10e0ef0", "frozen":true, "embedded":true, "fstring":true, "bytesize":20, "value":" but it conflicted:\n", "encoding":"UTF-8", "memsize":40, "flags":{"wb_protected":true, "old":true, "long_lived":true, "marked":true}}
{"address":"0x7fcbb1915418", "type":"STRING", "class":"0x7fcbb10e0ef0", "frozen":true, "embedded":true, "fstring":true, "bytesize":10, "value":" requires ", "encoding":"UTF-8", "memsize":40, "flags":{"wb_protected":true, "old":true, "long_lived":true, "marked":true}}
{"address":"0x7fcbb1915440", "type":"STRING", "class":"0x7fcbb10e0ef0", "frozen":true, "embedded":true, "fstring":true, "bytesize":8, "value":"The user", "encoding":"UTF-8", "memsize":40, "flags":{"wb_protected":true, "old":true, "long_lived":true, "marked":true}}
{"address":"0x7fcbb19154b8", "type":"NODE", "frozen":true, "node_type":"NODE_CREF", "references":["0x7fcbb2022850", "0x7fcbb1916728"], "memsize":40, "flags":{"wb_protected":true, "old":true, "long_lived":true, "marked":true}}
{"address":"0x7fcbb19154e0", "type":"DATA", "class":"0x7fcbb10c0100", "struct":"iseq", "references":["0x7fcbb19152b0", "0x7fcbb190df10", "0x7fcbb190df10", "0x7fcbb182b958", "0x7fcbb182b958", "0x7fcbb19154b8", "0x7fcbb2022850"], "memsize":1568, "flags":{"wb_protected":true, "old":true, "long_lived":true, "marked":true}}
{"address":"0x7fcbb1915580", "type":"NODE", "frozen":true, "node_type":"NODE_CREF", "references":["0x7fcbb2022850", "0x7fcbb1916728"], "memsize":40, "flags":{"wb_protected":true, "old":true, "long_lived":true, "marked":true}}
{"address":"0x7fcbb19155a8", "type":"DATA", "class":"0x7fcbb10c0100", "struct":"iseq", "references":["0x7fcbb10e3330", "0x7fcbb10e3330", "0x7fcbb182b958", "0x7fcbb182b958", "0x7fcbb1915580", "0x7fcbb2022850"], "memsize":840, "flags":{"wb_protected":true, "old":true, "long_lived":true, "marked":true}}
{"address":"0x7fcbb19156e8", "type":"ARRAY", "length":3, "embedded":true, "references":["0x7fcbb1915760", "0x7fcbb1915738", "0x7fcbb1915710"], "memsize":40, "flags":{"wb_protected":true, "old":true, "long_lived":true, "marked":true}}
{"address":"0x7fcbb1915710", "type":"STRING", "class":"0x7fcbb10e0ef0", "frozen":true, "fstring":true, "bytesize":28, "value":") locally or in a repository", "encoding":"UTF-8", "memsize":69, "flags":{"wb_protected":true, "old":true, "long_lived":true, "marked":true}}
{"address":"0x7fcbb1915738", "type":"STRING", "class":"0x7fcbb10e0ef0", "frozen":true, "embedded":true, "fstring":true, "bytesize":3, "value":"' (", "encoding":"UTF-8", "memsize":40, "flags":{"wb_protected":true, "old":true, "long_lived":true, "marked":true}}
{"address":"0x7fcbb1915760", "type":"STRING", "class":"0x7fcbb10e0ef0", "frozen":true, "fstring":true, "bytesize":28, "value":"Could not find a valid gem '", "encoding":"UTF-8", "memsize":69, "flags":{"wb_protected":true, "old":true, "long_lived":true, "marked":true}}
{"address":"0x7fcbb1915800", "type":"NODE", "frozen":true, "node_type":"NODE_CREF", "references":["0x7fcbb20229e0", "0x7fcbb1916728"], "memsize":40, "flags":{"wb_protected":true, "old":true, "long_lived":true, "marked":true}}
{"address":"0x7fcbb1915828", "type":"DATA", "class":"0x7fcbb10c0100", "struct":"iseq", "references":["0x7fcbb19156e8", "0x7fcbb10e3330", "0x7fcbb10e3330", "0x7fcbb182b958", "0x7fcbb182b958", "0x7fcbb1915800", "0x7fcbb20229e0"], "memsize":960, "flags":{"wb_protected":true, "old":true, "long_lived":true, "marked":true}}
{"address":"0x7fcbb1915b48", "type":"ARRAY", "length":2, "embedded":true, "references":["0x7fcbb1915b98", "0x7fcbb1915b70"], "memsize":40, "flags":{"wb_protected":true, "old":true, "long_lived":true, "marked":true}}
{"address":"0x7fcbb1915b70", "type":"STRING", "class":"0x7fcbb10e0ef0", "frozen":true, "embedded":true, "fstring":true, "bytesize":11, "value":" directory.", "encoding":"UTF-8", "memsize":40, "flags":{"wb_protected":true, "old":true, "long_lived":true, "marked":true}}
{"address":"0x7fcbb1915b98", "type":"STRING", "class":"0x7fcbb10e0ef0", "frozen":true, "fstring":true, "bytesize":41, "value":"You don't have write permissions for the ", "encoding":"UTF-8", "memsize":82, "flags":{"wb_protected":true, "old":true, "long_lived":true, "marked":true}}
{"address":"0x7fcbb1915c10", "type":"NODE", "frozen":true, "node_type":"NODE_CREF", "references":["0x7fcbb2022e40", "0x7fcbb1916728"], "memsize":40, "flags":{"wb_protected":true, "old":true, "long_lived":true, "marked":true}}
{"address":"0x7fcbb1915c38", "type":"DATA", "class":"0x7fcbb10c0100", "struct":"iseq", "references":["0x7fcbb1915b48", "0x7fcbb10e3330", "0x7fcbb10e3330", "0x7fcbb182b958", "0x7fcbb182b958", "0x7fcbb1915c10", "0x7fcbb2022e40"], "memsize":696, "flags":{"wb_protected":true, "old":true, "long_lived":true, "marked":true}}
{"address":"0x7fcbb1916070", "type":"NODE", "frozen":true, "node_type":"NODE_CREF", "references":["0x7fcbb2023bb0", "0x7fcbb1916728"], "memsize":40, "flags":{"wb_protected":true, "old":true, "long_lived":true, "marked":true}}
{"address":"0x7fcbb1916098", "type":"DATA", "class":"0x7fcbb10c0100", "struct":"iseq", "references":["0x7fcbb1829ab8", "0x7fcbb1829ab8", "0x7fcbb182b958", "0x7fcbb182b958", "0x7fcbb1916070", "0x7fcbb2023bb0"], "memsize":560, "flags":{"wb_protected":true, "old":true, "long_lived":true, "marked":true}}
{"address":"0x7fcbb19160e8", "type":"ARRAY", "length":3, "embedded":true, "references":["0x7fcbb1916138", "0x7fcbb1916110", "0x7fcbb183b358"], "memsize":40, "flags":{"wb_protected":true, "old":true, "long_lived":true, "marked":true}}
{"address":"0x7fcbb1916110", "type":"STRING", "class":"0x7fcbb10e0ef0", "frozen":true, "embedded":true, "fstring":true, "bytesize":5, "value":" and ", "encoding":"UTF-8", "memsize":40, "flags":{"wb_protected":true, "old":true, "long_lived":true, "marked":true}}
{"address":"0x7fcbb1916138", "type":"STRING", "class":"0x7fcbb10e0ef0", "frozen":true, "fstring":true, "bytesize":25, "value":"conflicting dependencies ", "encoding":"UTF-8", "memsize":66, "flags":{"wb_protected":true, "old":true, "long_lived":true, "marked":true}}
{"address":"0x7fcbb19161b0", "type":"NODE", "frozen":true, "node_type":"NODE_CREF", "references":["0x7fcbb2023bb0", "0x7fcbb1916728"], "memsize":40, "flags":{"wb_protected":true, "old":true, "long_lived":true, "marked":true}}
{"address":"0x7fcbb19161d8", "type":"DATA", "class":"0x7fcbb10c0100", "struct":"iseq", "references":["0x7fcbb19160e8", "0x7fcbb10e3330", "0x7fcbb10e3330", "0x7fcbb182b958", "0x7fcbb182b958", "0x7fcbb19161b0", "0x7fcbb2023bb0"], "memsize":1128, "flags":{"wb_protected":true, "old":true, "long_lived":true, "marked":true}}
{"address":"0x7fcbb1916728", "type":"NODE", "frozen":true, "node_type":"NODE_CREF", "references":["0x7fcbb10e2c78"], "memsize":40, "flags":{"wb_protected":true, "old":true, "long_lived":true, "marked":true}}
{"address":"0x7fcbb1916e30", "type":"STRING", "class":"0x7fcbb10e0ef0", "frozen":true, "fstring":true, "bytesize":27, "value":"UnsatisfiableDepedencyError", "encoding":"US-ASCII", "memsize":68, "flags":{"wb_protected":true, "old":true, "long_lived":true, "marked":true}}
{"address":"0x7fcbb1917600", "type":"STRING", "class":"0x7fcbb10e0ef0", "frozen":true, "embedded":true, "fstring":true, "bytesize":11, "value":"@dependency", "encoding":"US-ASCII", "memsize":40, "flags":{"wb_protected":true, "old":true, "long_lived":true, "marked":true}}
{"address":"0x7fcbb1917948", "type":"STRING", "class":"0x7fcbb10e0ef0", "frozen":true, "embedded":true, "fstring":true, "bytesize":15, "value":"request_context", "encoding":"US-ASCII", "memsize":40, "flags":{"wb_protected":true, "old":true, "long_lived":true, "marked":true}}
{"address":"0x7fcbb1917c68", "type":"STRING", "class":"0x7fcbb10e0ef0", "frozen":true, "embedded":true, "fstring":true, "bytesize":9, "value":"explicit?", "encoding":"US-ASCII", "memsize":40, "flags":{"wb_protected":true, "old":true, "long_lived":true, "marked":true}}
{"address":"0x7fcbb191c060", "type":"STRING", "class":"0x7fcbb10e0ef0", "bytesize":105, "value":"/Users/path/.rvm/rubies/ruby-2.2.3/lib/ruby/gems/2.2.0/extensions/x86_64-darwin-14/2.2.0/bigdecimal-1.2.6", "encoding":"US-ASCII", "memsize":146, "flags":{"wb_protected":true, "old":true, "long_lived":true, "marked":true}}
{"address":"0x7fcbb191c100", "type":"STRING", "class":"0x7fcbb10e0ef0", "embedded":true, "bytesize":16, "value":"bigdecimal-1.2.6", "encoding":"UTF-8", "memsize":40, "flags":{"wb_protected":true, "old":true, "long_lived":true, "marked":true}}
{"address":"0x7fcbb191c150", "type":"STRING", "class":"0x7fcbb10e0ef0", "bytesize":88, "capacity":128, "value":"/Users/path/.rvm/rubies/ruby-2.2.3/lib/ruby/gems/2.2.0/extensions/x86_64-darwin-14/2.2.0", "encoding":"US-ASCII", "memsize":169, "flags":{"wb_protected":true, "old":true, "long_lived":true, "marked":true}}
{"address":"0x7fcbb191c1a0", "type":"STRING", "class":"0x7fcbb10e0ef0", "embedded":true, "bytesize":5, "value":"2.2.0", "encoding":"UTF-8", "memsize":40, "flags":{"wb_protected":true, "old":true, "long_lived":true, "marked":true}}
{"address":"0x7fcbb191c2b8", "type":"STRING", "class":"0x7fcbb10e0ef0", "embedded":true, "bytesize":2, "value":"14", "encoding":"UTF-8", "memsize":40, "flags":{"wb_protected":true, "old":true, "long_lived":true, "marked":true}}
{"address":"0x7fcbb191c2e0", "type":"STRING", "class":"0x7fcbb10e0ef0", "embedded":true, "bytesize":6, "value":"darwin", "encoding":"UTF-8", "memsize":40, "flags":{"wb_protected":true, "old":true, "long_lived":true, "marked":true}}
{"address":"0x7fcbb191c448", "type":"STRING", "class":"0x7fcbb10e0ef0", "embedded":true, "bytesize":6, "value":"x86_64", "encoding":"UTF-8", "memsize":40, "flags":{"wb_protected":true, "old":true, "long_lived":true, "marked":true}}
{"address":"0x7fcbb191c4c0", "type":"OBJECT", "class":"0x7fcbb18502f8", "ivars":3, "references":["0x7fcbb191c448", "0x7fcbb191c2e0", "0x7fcbb191c2b8"], "memsize":40, "flags":{"wb_protected":true, "old":true, "long_lived":true, "marked":true}}
{"address":"0x7fcbb191c560", "type":"STRING", "class":"0x7fcbb10e0ef0", "bytesize":54, "value":"/Users/path/.rvm/rubies/ruby-2.2.3/lib/ruby/gems/2.2.0", "encoding":"US-ASCII", "memsize":95, "flags":{"wb_protected":true, "old":true, "long_lived":true, "marked":true}}
{"address":"0x7fcbb191c740", "type":"STRING", "class":"0x7fcbb10e0ef0", "frozen":true, "bytesize":102, "value":"/Users/path/.rvm/rubies/ruby-2.2.3/lib/ruby/gems/2.2.0/specifications/default/bigdecimal-1.2.6.gemspec", "encoding":"US-ASCII", "memsize":143, "flags":{"wb_protected":true, "old":true, "long_lived":true, "marked":true}}
{"address":"0x7fcbb191c790", "type":"STRING", "class":"0x7fcbb10e0ef0", "shared":true, "encoding":"US-ASCII", "references":["0x7fcbb191c740"], "memsize":40, "flags":{"wb_protected":true, "old":true, "long_lived":true, "marked":true}}
{"address":"0x7fcbb191c7b8", "type":"STRING", "class":"0x7fcbb10e0ef0", "shared":true, "encoding":"UTF-8", "references":["0x7fcbb191e090"], "memsize":40, "flags":{"wb_protected":true, "old":true, "long_lived":true, "marked":true}}
{"address":"0x7fcbb191c920", "type":"STRING", "class":"0x7fcbb10e0ef0", "embedded":true, "bytesize":7, "value":"2.4.5.1", "encoding":"UTF-8", "memsize":40, "flags":{"wb_protected":true, "old":true, "long_lived":true, "marked":true}}
{"address":"0x7fcbb191c948", "type":"ARRAY", "class":"0x7fcbb10d19a0", "length":1, "embedded":true, "references":["0x7fcbb191c970"], "memsize":40, "flags":{"wb_protected":true, "old":true, "long_lived":true, "marked":true}}
{"address":"0x7fcbb191c970", "type":"STRING", "class":"0x7fcbb10e0ef0", "embedded":true, "bytesize":4, "value":"ruby", "encoding":"UTF-8", "memsize":40, "flags":{"wb_protected":true, "old":true, "long_lived":true, "marked":true}}
{"address":"0x7fcbb191c998", "type":"STRING", "class":"0x7fcbb10e0ef0", "shared":true, "encoding":"UTF-8", "references":["0x7fcbb191e0e0"], "memsize":40, "flags":{"wb_protected":true, "old":true, "long_lived":true, "marked":true}}
{"address":"0x7fcbb191c9e8", "type":"STRING", "class":"0x7fcbb10e0ef0", "embedded":true, "bytesize":10, "value":"extconf.rb", "encoding":"UTF-8", "memsize":40, "flags":{"wb_protected":true, "old":true, "long_lived":true, "marked":true}}
{"address":"0x7fcbb191ca10", "type":"STRING", "class":"0x7fcbb10e0ef0", "embedded":true, "bytesize":18, "value":"bigdecimal/util.rb", "encoding":"UTF-8", "memsize":40, "flags":{"wb_protected":true, "old":true, "long_lived":true, "marked":true}}
{"address":"0x7fcbb191ca38", "type":"STRING", "class":"0x7fcbb10e0ef0", "embedded":true, "bytesize":20, "value":"bigdecimal/newton.rb", "encoding":"UTF-8", "memsize":40, "flags":{"wb_protected":true, "old":true, "long_lived":true, "marked":true}}
{"address":"0x7fcbb191ca60", "type":"STRING", "class":"0x7fcbb10e0ef0", "embedded":true, "bytesize":18, "value":"bigdecimal/math.rb", "encoding":"UTF-8", "memsize":40, "flags":{"wb_protected":true, "old":true, "long_lived":true, "marked":true}}
{"address":"0x7fcbb191ca88", "type":"STRING", "class":"0x7fcbb10e0ef0", "embedded":true, "bytesize":20, "value":"bigdecimal/ludcmp.rb", "encoding":"UTF-8", "memsize":40, "flags":{"wb_protected":true, "old":true, "long_lived":true, "marked":true}}
{"address":"0x7fcbb191cab0", "type":"STRING", "class":"0x7fcbb10e0ef0", "embedded":true, "bytesize":22, "value":"bigdecimal/jacobian.rb", "encoding":"UTF-8", "memsize":40, "flags":{"wb_protected":true, "old":true, "long_lived":true, "marked":true}}
{"address":"0x7fcbb191cad8", "type":"ARRAY", "class":"0x7fcbb10d19a0", "length":1, "embedded":true, "references":["0x7fcbb191cb00"], "memsize":40, "flags":{"wb_protected":true, "old":true, "long_lived":true, "marked":true}}
{"address":"0x7fcbb191cb00", "type":"STRING", "class":"0x7fcbb10e0ef0", "embedded":true, "bytesize":10, "value":"extconf.rb", "encoding":"UTF-8", "memsize":40, "flags":{"wb_protected":true, "old":true, "long_lived":true, "marked":true}}
{"address":"0x7fcbb191cb28", "type":"STRING", "class":"0x7fcbb10e0ef0", "embedded":true, "bytesize":12, "value":"mrkn@mrkn.jp", "encoding":"UTF-8", "memsize":40, "flags":{"wb_protected":true, "old":true, "long_lived":true, "marked":true}}
{"address":"0x7fcbb191cb50", "type":"STRING", "class":"0x7fcbb10e0ef0", "shared":true, "encoding":"UTF-8", "references":["0x7fcbb191e220"], "memsize":40, "flags":{"wb_protected":true, "old":true, "long_lived":true, "marked":true}}
{"address":"0x7fcbb191cba0", "type":"DATA", "class":"0x7fcbb10c8aa8", "struct":"time", "memsize":96, "flags":{"long_lived":true, "marked":true}}
{"address":"0x7fcbb191cd80", "type":"ARRAY", "class":"0x7fcbb10d19a0", "length":3, "embedded":true, "references":["0x7fcbb191ce70", "0x7fcbb191ce48", "0x7fcbb191ce20"], "memsize":40, "flags":{"wb_protected":true, "old":true, "long_lived":true, "marked":true}}
{"address":"0x7fcbb191ce20", "type":"STRING", "class":"0x7fcbb10e0ef0", "embedded":true, "bytesize":16, "value":"Shigeo Kobayashi", "encoding":"UTF-8", "memsize":40, "flags":{"wb_protected":true, "old":true, "long_lived":true, "marked":true}}
{"address":"0x7fcbb191ce48", "type":"STRING", "class":"0x7fcbb10e0ef0", "embedded":true, "bytesize":13, "value":"Zachary Scott", "encoding":"UTF-8", "memsize":40, "flags":{"wb_protected":true, "old":true, "long_lived":true, "marked":true}}
{"address":"0x7fcbb191ce70", "type":"STRING", "class":"0x7fcbb10e0ef0", "embedded":true, "bytesize":12, "value":"Kenta Murata", "encoding":"UTF-8", "memsize":40, "flags":{"wb_protected":true, "old":true, "long_lived":true, "marked":true}}
{"address":"0x7fcbb191ce98", "type":"ARRAY", "class":"0x7fcbb10d19a0", "length":1, "embedded":true, "references":["0x7fcbb191cec0"], "memsize":40, "flags":{"wb_protected":true, "old":true, "long_lived":true, "marked":true}}
{"address":"0x7fcbb191cec0", "type":"STRING", "class":"0x7fcbb10e0ef0", "embedded":true, "bytesize":3, "value":"lib", "encoding":"UTF-8", "memsize":40, "flags":{"wb_protected":true, "old":true, "long_lived":true, "marked":true}}
{"address":"0x7fcbb191d000", "type":"ARRAY", "class":"0x7fcbb10d19a0", "length":1, "embedded":true, "references":["0x7fcbb18cfaa8"], "memsize":40, "flags":{"wb_protected":true, "old":true, "long_lived":true, "marked":true}}
{"address":"0x7fcbb191d0a0", "type":"OBJECT", "class":"0x7fcbb1869a78", "ivars":3, "references":["0x7fcbb191d000"], "memsize":40, "flags":{"wb_protected":true, "old":true, "long_lived":true, "marked":true}}
{"address":"0x7fcbb191d140", "type":"STRING", "class":"0x7fcbb10e0ef0", "frozen":true, "embedded":true, "bytesize":5, "value":"1.2.6", "encoding":"UTF-8", "memsize":40, "flags":{"wb_protected":true, "old":true, "long_lived":true, "marked":true}}
{"address":"0x7fcbb191d168", "type":"STRING", "class":"0x7fcbb10e0ef0", "embedded":true, "bytesize":5, "value":"1.2.6", "encoding":"UTF-8", "memsize":40, "flags":{"wb_protected":true, "old":true, "long_lived":true, "marked":true}}
{"address":"0x7fcbb191d2d0", "type":"OBJECT", "class":"0x7fcbb18ac238", "ivars":3, "references":["0x7fcbb191d168"], "memsize":40, "flags":{"wb_protected":true, "old":true, "long_lived":true, "marked":true}}
{"address":"0x7fcbb191d320", "type":"STRING", "class":"0x7fcbb10e0ef0", "embedded":true, "bytesize":10, "value":"bigdecimal", "encoding":"UTF-8", "memsize":40, "flags":{"wb_protected":true, "old":true, "long_lived":true, "marked":true}}
{"address":"0x7fcbb191d398", "type":"ARRAY", "class":"0x7fcbb10d19a0", "length":0, "memsize":40, "flags":{"wb_protected":true, "old":true, "long_lived":true, "marked":true}}
{"address":"0x7fcbb191d4d8", "type":"ARRAY", "class":"0x7fcbb10d19a0", "length":0, "memsize":40, "flags":{"wb_protected":true, "old":true, "long_lived":true, "marked":true}}
{"address":"0x7fcbb191d5c8", "type":"OBJECT", "class":"0x7fcbb1869a78", "ivars":3, "references":["0x7fcbb1905e00"], "memsize":40, "flags":{"wb_protected":true, "old":true, "long_lived":true, "marked":true}}
{"address":"0x7fcbb191d6b8", "type":"ARRAY", "class":"0x7fcbb10d19a0", "length":0, "memsize":40, "flags":{"wb_protected":true, "old":true, "long_lived":true, "marked":true}}
{"address":"0x7fcbb191d730", "type":"STRING", "class":"0x7fcbb10e0ef0", "embedded":true, "bytesize":4, "value":"ruby", "encoding":"UTF-8", "memsize":40, "flags":{"wb_protected":true, "old":true, "long_lived":true, "marked":true}}
{"address":"0x7fcbb191d7a8", "type":"HASH", "class":"0x7fcbb10d1270", "size":0, "memsize":40, "flags":{"wb_protected":true, "old":true, "long_lived":true, "marked":true}}
{"address":"0x7fcbb191d910", "type":"ARRAY", "class":"0x7fcbb10d19a0", "length":0, "memsize":40, "flags":{"wb_protected":true, "old":true, "long_lived":true, "marked":true}}
{"address":"0x7fcbb191da00", "type":"ARRAY", "class":"0x7fcbb10d19a0", "length":0, "memsize":40, "flags":{"wb_protected":true, "old":true, "long_lived":true, "marked":true}}
{"address":"0x7fcbb191da78", "type":"ARRAY", "class":"0x7fcbb10d19a0", "length":0, "memsize":40, "flags":{"wb_protected":true, "old":true, "long_lived":true, "marked":true}}
{"address":"0x7fcbb191db40", "type":"ARRAY", "class":"0x7fcbb10d19a0", "length":0, "memsize":40, "flags":{"wb_protected":true, "old":true, "long_lived":true, "marked":true}}
{"address":"0x7fcbb191dbb8", "type":"STRING", "class":"0x7fcbb10e0ef0", "embedded":true, "bytesize":3, "value":"bin", "encoding":"UTF-8", "memsize":40, "flags":{"wb_protected":true, "old":true, "long_lived":true, "marked":true}}
{"address":"0x7fcbb191df78", "type":"OBJECT", "class":"0x7fcbb1906558", "ivars":58, "references":["0x7fcbb191c790", "0x7fcbb191c060", "0x7fcbb191c150", "0x7fcbb191c560", "0x7fcbb191cb50", "0x7fcbb191cb28", "0x7fcbb191c998", "0x7fcbb191d320", "0x7fcbb191c7b8", "0x7fcbb191d2d0", "0x7fcbb191cd80", "0x7fcbb191dbb8", "0x7fcbb191db40", "0x7fcbb191cba0", "0x7fcbb191da78", "0x7fcbb191da00", "0x7fcbb191cad8", "0x7fcbb191d910", "0x7fcbb2019d40", "0x7fcbb191c948", "0x7fcbb191d7a8", "0x7fcbb191d730", "0x7fcbb191d6b8", "0x7fcbb191ce98", "0x7fcbb191d5c8", "0x7fcbb191d0a0", "0x7fcbb191d4d8", "0x7fcbb191c920", "0x7fcbb191d398", "0x7fcbb18e7e50", "0x7fcbb191c100"], "memsize":504, "flags":{"wb_protected":true, "old":true, "long_lived":true, "marked":true}}
{"address":"0x7fcbb191e090", "type":"STRING", "class":"0x7fcbb10e0ef0", "frozen":true, "fstring":true, "bytesize":58, "value":"Arbitrary-precision decimal floating-point number library.", "encoding":"UTF-8", "memsize":99, "flags":{"wb_protected":true, "old":true, "long_lived":true, "marked":true}}
{"address":"0x7fcbb191e0e0", "type":"STRING", "class":"0x7fcbb10e0ef0", "frozen":true, "fstring":true, "bytesize":24, "value":"http://www.ruby-lang.org", "encoding":"UTF-8", "memsize":65, "flags":{"wb_protected":true, "old":true, "long_lived":true, "marked":true}}
{"address":"0x7fcbb191e220", "type":"STRING", "class":"0x7fcbb10e0ef0", "frozen":true, "fstring":true, "bytesize":78, "value":"This library provides arbitrary-precision decimal floating-point number class.", "encoding":"UTF-8", "memsize":119, "flags":{"wb_protected":true, "old":true, "long_lived":true, "marked":true}}
{"address":"0x7fcbb19243c8", "type":"STRING", "class":"0x7fcbb10e0ef0", "frozen":true, "bytesize":96, "value":"/Users/path/.rvm/rubies/ruby-2.2.3/lib/ruby/gems/2.2.0/specifications/default/json-1.8.1.gemspec", "encoding":"UTF-8", "memsize":137, "flags":{"wb_protected":true, "old":true, "long_lived":true, "marked":true}}
{"address":"0x7fcbb1924418", "type":"STRING", "class":"0x7fcbb10e0ef0", "frozen":true, "embedded":true, "bytesize":18, "value":"io/console/size.rb", "encoding":"UTF-8", "memsize":40, "flags":{"wb_protected":true, "old":true, "long_lived":true, "marked":true}}
{"address":"0x7fcbb1924468", "type":"ARRAY", "class":"0x7fcbb10d19a0", "length":2, "embedded":true, "references":["0x7fcbb1925458", "0x7fcbb1925430"], "memsize":40, "flags":{"wb_protected":true, "old":true, "long_lived":true, "marked":true}}
{"address":"0x7fcbb1924990", "type":"STRING", "class":"0x7fcbb10e0ef0", "bytesize":105, "value":"/Users/path/.rvm/rubies/ruby-2.2.3/lib/ruby/gems/2.2.0/extensions/x86_64-darwin-14/2.2.0/io-console-0.4.3", "encoding":"US-ASCII", "memsize":146, "flags":{"wb_protected":true, "old":true, "long_lived":true, "marked":true}}
{"address":"0x7fcbb1924a30", "type":"STRING", "class":"0x7fcbb10e0ef0", "embedded":true, "bytesize":16, "value":"io-console-0.4.3", "encoding":"UTF-8", "memsize":40, "flags":{"wb_protected":true, "old":true, "long_lived":true, "marked":true}}
{"address":"0x7fcbb1924a80", "type":"STRING", "class":"0x7fcbb10e0ef0", "bytesize":88, "capacity":128, "value":"/Users/path/.rvm/rubies/ruby-2.2.3/lib/ruby/gems/2.2.0/extensions/x86_64-darwin-14/2.2.0", "encoding":"US-ASCII", "memsize":169, "flags":{"wb_protected":true, "old":true, "long_lived":true, "marked":true}}
{"address":"0x7fcbb1924be8", "type":"STRING", "class":"0x7fcbb10e0ef0", "bytesize":54, "value":"/Users/path/.rvm/rubies/ruby-2.2.3/lib/ruby/gems/2.2.0", "encoding":"US-ASCII", "memsize":95, "flags":{"wb_protected":true, "old":true, "long_lived":true, "marked":true}}
{"address":"0x7fcbb1924dc8", "type":"STRING", "class":"0x7fcbb10e0ef0", "frozen":true, "bytesize":102, "value":"/Users/path/.rvm/rubies/ruby-2.2.3/lib/ruby/gems/2.2.0/specifications/default/io-console-0.4.3.gemspec", "encoding":"US-ASCII", "memsize":143, "flags":{"wb_protected":true, "old":true, "long_lived":true, "marked":true}}
{"address":"0x7fcbb1924e18", "type":"STRING", "class":"0x7fcbb10e0ef0", "shared":true, "encoding":"US-ASCII", "references":["0x7fcbb1924dc8"], "memsize":40, "flags":{"wb_protected":true, "old":true, "long_lived":true, "marked":true}}
{"address":"0x7fcbb1924e40", "type":"STRING", "class":"0x7fcbb10e0ef0", "embedded":true, "bytesize":17, "value":"Console interface", "encoding":"UTF-8", "memsize":40, "flags":{"wb_protected":true, "old":true, "long_lived":true, "marked":true}}
{"address":"0x7fcbb1924f58", "type":"STRING", "class":"0x7fcbb10e0ef0", "embedded":true, "bytesize":7, "value":"2.4.5.1", "encoding":"UTF-8", "memsize":40, "flags":{"wb_protected":true, "old":true, "long_lived":true, "marked":true}}
{"address":"0x7fcbb1924f80", "type":"ARRAY", "class":"0x7fcbb10d19a0", "length":2, "embedded":true, "references":["0x7fcbb1925160", "0x7fcbb1925110"], "memsize":40, "flags":{"wb_protected":true, "old":true, "long_lived":true, "marked":true}}
{"address":"0x7fcbb1924fa8", "type":"STRING", "class":"0x7fcbb10e0ef0", "frozen":true, "embedded":true, "bytesize":5, "value":"2.0.0", "encoding":"UTF-8", "memsize":40, "flags":{"wb_protected":true, "old":true, "long_lived":true, "marked":true}}
{"address":"0x7fcbb1924fd0", "type":"STRING", "class":"0x7fcbb10e0ef0", "embedded":true, "bytesize":5, "value":"2.0.0", "encoding":"UTF-8", "memsize":40, "flags":{"wb_protected":true, "old":true, "long_lived":true, "marked":true}}
{"address":"0x7fcbb1925110", "type":"OBJECT", "class":"0x7fcbb18ac238", "ivars":3, "references":["0x7fcbb1924fd0"], "memsize":40, "flags":{"wb_protected":true, "old":true, "long_lived":true, "marked":true}}
{"address":"0x7fcbb1925160", "type":"STRING", "class":"0x7fcbb10e0ef0", "embedded":true, "bytesize":2, "value":">=", "encoding":"UTF-8", "memsize":40, "flags":{"wb_protected":true, "old":true, "long_lived":true, "marked":true}}
{"address":"0x7fcbb19252a0", "type":"ARRAY", "class":"0x7fcbb10d19a0", "length":1, "embedded":true, "references":["0x7fcbb1924f80"], "memsize":40, "flags":{"wb_protected":true, "old":true, "long_lived":true, "marked":true}}
{"address":"0x7fcbb1925340", "type":"OBJECT", "class":"0x7fcbb1869a78", "ivars":3, "references":["0x7fcbb19252a0"], "memsize":40, "flags":{"wb_protected":true, "old":true, "long_lived":true, "marked":true}}
{"address":"0x7fcbb1925390", "type":"ARRAY", "class":"0x7fcbb10d19a0", "length":1, "embedded":true, "references":["0x7fcbb19253b8"], "memsize":40, "flags":{"wb_protected":true, "old":true, "long_lived":true, "marked":true}}
{"address":"0x7fcbb19253b8", "type":"STRING", "class":"0x7fcbb10e0ef0", "embedded":true, "bytesize":4, "value":"ruby", "encoding":"UTF-8", "memsize":40, "flags":{"wb_protected":true, "old":true, "long_lived":true, "marked":true}}
{"address":"0x7fcbb19253e0", "type":"STRING", "class":"0x7fcbb10e0ef0", "shared":true, "encoding":"UTF-8", "references":["0x7fcbb191e0e0"], "memsize":40, "flags":{"wb_protected":true, "old":true, "long_lived":true, "marked":true}}
{"address":"0x7fcbb1925430", "type":"STRING", "class":"0x7fcbb10e0ef0", "embedded":true, "bytesize":18, "value":"io/console/size.rb", "encoding":"UTF-8", "memsize":40, "flags":{"wb_protected":true, "old":true, "long_lived":true, "marked":true}}
{"address":"0x7fcbb1925458", "type":"STRING", "class":"0x7fcbb10e0ef0", "embedded":true, "bytesize":10, "value":"extconf.rb", "encoding":"UTF-8", "memsize":40, "flags":{"wb_protected":true, "old":true, "long_lived":true, "marked":true}}
{"address":"0x7fcbb1925480", "type":"ARRAY", "class":"0x7fcbb10d19a0", "length":1, "embedded":true, "references":["0x7fcbb19254a8"], "memsize":40, "flags":{"wb_protected":true, "old":true, "long_lived":true, "marked":true}}
{"address":"0x7fcbb19254a8", "type":"STRING", "class":"0x7fcbb10e0ef0", "embedded":true, "bytesize":10, "value":"extconf.rb", "encoding":"UTF-8", "memsize":40, "flags":{"wb_protected":true, "old":true, "long_lived":true, "marked":true}}
{"address":"0x7fcbb19254d0", "type":"STRING", "class":"0x7fcbb10e0ef0", "embedded":true, "bytesize":18, "value":"nobu@ruby-lang.org", "encoding":"UTF-8", "memsize":40, "flags":{"wb_protected":true, "old":true, "long_lived":true, "marked":true}}
{"address":"0x7fcbb19254f8", "type":"STRING", "class":"0x7fcbb10e0ef0", "shared":true, "encoding":"UTF-8", "references":["0x7fcbb1926a60"], "memsize":40, "flags":{"wb_protected":true, "old":true, "long_lived":true, "marked":true}}
{"address":"0x7fcbb1925548", "type":"DATA", "class":"0x7fcbb10c8aa8", "struct":"time", "memsize":96, "flags":{"long_lived":true, "marked":true}}
{"address":"0x7fcbb19256b0", "type":"ARRAY", "class":"0x7fcbb10d19a0", "length":1, "embedded":true, "references":["0x7fcbb19256d8"], "memsize":40, "flags":{"wb_protected":true, "old":true, "long_lived":true, "marked":true}}
{"address":"0x7fcbb19256d8", "type":"STRING", "class":"0x7fcbb10e0ef0", "embedded":true, "bytesize":14, "value":"certs/nobu.pem", "encoding":"UTF-8", "memsize":40, "flags":{"wb_protected":true, "old":true, "long_lived":true, "marked":true}}
{"address":"0x7fcbb1925750", "type":"ARRAY", "class":"0x7fcbb10d19a0", "length":1, "embedded":true, "references":["0x7fcbb19257f0"], "memsize":40, "flags":{"wb_protected":true, "old":true, "long_lived":true, "marked":true}}
{"address":"0x7fcbb19257f0", "type":"STRING", "class":"0x7fcbb10e0ef0", "embedded":true, "bytesize":11, "value":"Nobu Nakada", "encoding":"UTF-8", "memsize":40, "flags":{"wb_protected":true, "old":true, "long_lived":true, "marked":true}}
{"address":"0x7fcbb1925818", "type":"ARRAY", "class":"0x7fcbb10d19a0", "length":1, "embedded":true, "references":["0x7fcbb1925840"], "memsize":40, "flags":{"wb_protected":true, "old":true, "long_lived":true, "marked":true}}
{"address":"0x7fcbb1925840", "type":"STRING", "class":"0x7fcbb10e0ef0", "embedded":true, "bytesize":3, "value":"lib", "encoding":"UTF-8", "memsize":40, "flags":{"wb_protected":true, "old":true, "long_lived":true, "marked":true}}
{"address":"0x7fcbb1925980", "type":"ARRAY", "class":"0x7fcbb10d19a0", "length":1, "embedded":true, "references":["0x7fcbb18cfaa8"], "memsize":40, "flags":{"wb_protected":true, "old":true, "long_lived":true, "marked":true}}
{"address":"0x7fcbb1925a20", "type":"OBJECT", "class":"0x7fcbb1869a78", "ivars":3, "references":["0x7fcbb1925980"], "memsize":40, "flags":{"wb_protected":true, "old":true, "long_lived":true, "marked":true}}
{"address":"0x7fcbb1925a98", "type":"STRING", "class":"0x7fcbb10e0ef0", "frozen":true, "embedded":true, "bytesize":5, "value":"0.4.3", "encoding":"UTF-8", "memsize":40, "flags":{"wb_protected":true, "old":true, "long_lived":true, "marked":true}}
{"address":"0x7fcbb1925ac0", "type":"STRING", "class":"0x7fcbb10e0ef0", "embedded":true, "bytesize":5, "value":"0.4.3", "encoding":"UTF-8", "memsize":40, "flags":{"wb_protected":true, "old":true, "long_lived":true, "marked":true}}
{"address":"0x7fcbb1925c00", "type":"OBJECT", "class":"0x7fcbb18ac238", "ivars":3, "references":["0x7fcbb1925ac0"], "memsize":40, "flags":{"wb_protected":true, "old":true, "long_lived":true, "marked":true}}
{"address":"0x7fcbb1925c50", "type":"STRING", "class":"0x7fcbb10e0ef0", "embedded":true, "bytesize":10, "value":"io-console", "encoding":"UTF-8", "memsize":40, "flags":{"wb_protected":true, "old":true, "long_lived":true, "marked":true}}
{"address":"0x7fcbb1925cc8", "type":"ARRAY", "class":"0x7fcbb10d19a0", "length":0, "memsize":40, "flags":{"wb_protected":true, "old":true, "long_lived":true, "marked":true}}
{"address":"0x7fcbb1925e08", "type":"ARRAY", "class":"0x7fcbb10d19a0", "length":0, "memsize":40, "flags":{"wb_protected":true, "old":true, "long_lived":true, "marked":true}}
{"address":"0x7fcbb1925fe8", "type":"ARRAY", "class":"0x7fcbb10d19a0", "length":0, "memsize":40, "flags":{"wb_protected":true, "old":true, "long_lived":true, "marked":true}}
{"address":"0x7fcbb1926060", "type":"STRING", "class":"0x7fcbb10e0ef0", "embedded":true, "bytesize":4, "value":"ruby", "encoding":"UTF-8", "memsize":40, "flags":{"wb_protected":true, "old":true, "long_lived":true, "marked":true}}
{"address":"0x7fcbb19260d8", "type":"HASH", "class":"0x7fcbb10d1270", "size":0, "memsize":40, "flags":{"wb_protected":true, "old":true, "long_lived":true, "marked":true}}
{"address":"0x7fcbb1926240", "type":"ARRAY", "class":"0x7fcbb10d19a0", "length":0, "memsize":40, "flags":{"wb_protected":true, "old":true, "long_lived":true, "marked":true}}
{"address":"0x7fcbb1926330", "type":"ARRAY", "class":"0x7fcbb10d19a0", "length":0, "memsize":40, "flags":{"wb_protected":true, "old":true, "long_lived":true, "marked":true}}
{"address":"0x7fcbb19263a8", "type":"ARRAY", "class":"0x7fcbb10d19a0", "length":0, "memsize":40, "flags":{"wb_protected":true, "old":true, "long_lived":true, "marked":true}}
{"address":"0x7fcbb19264e8", "type":"STRING", "class":"0x7fcbb10e0ef0", "embedded":true, "bytesize":3, "value":"bin", "encoding":"UTF-8", "memsize":40, "flags":{"wb_protected":true, "old":true, "long_lived":true, "marked":true}}
{"address":"0x7fcbb19268a8", "type":"OBJECT", "class":"0x7fcbb1906558", "ivars":50, "references":["0x7fcbb1924e18", "0x7fcbb1924990", "0x7fcbb1924a80", "0x7fcbb1924be8", "0x7fcbb19254f8", "0x7fcbb19254d0", "0x7fcbb19253e0", "0x7fcbb1925c50", "0x7fcbb1924e40", "0x7fcbb1925c00", "0x7fcbb1925750", "0x7fcbb19264e8", "0x7fcbb19256b0", "0x7fcbb1925548", "0x7fcbb19263a8", "0x7fcbb1926330", "0x7fcbb1925480", "0x7fcbb1926240", "0x7fcbb1924468", "0x7fcbb1925390", "0x7fcbb19260d8", "0x7fcbb1926060", "0x7fcbb1925fe8", "0x7fcbb1925818", "0x7fcbb1925340", "0x7fcbb1925a20", "0x7fcbb1925e08", "0x7fcbb1924f58", "0x7fcbb1925cc8", "0x7fcbb18e7e50", "0x7fcbb1924a30"], "memsize":440, "flags":{"wb_protected":true, "old":true, "long_lived":true, "marked":true}}
{"address":"0x7fcbb1926a60", "type":"STRING", "class":"0x7fcbb10e0ef0", "frozen":true, "fstring":true, "bytesize":41, "value":"add console capabilities to IO instances.", "encoding":"UTF-8", "memsize":82, "flags":{"wb_protected":true, "old":true, "long_lived":true, "marked":true}}
{"address":"0x7fcbb192d1f8", "type":"STRING", "class":"0x7fcbb10e0ef0", "frozen":true, "bytesize":97, "value":"/Users/path/.rvm/rubies/ruby-2.2.3/lib/ruby/gems/2.2.0/specifications/default/psych-2.0.8.gemspec", "encoding":"UTF-8", "memsize":138, "flags":{"wb_protected":true, "old":true, "long_lived":true, "marked":true}}
{"address":"0x7fcbb192d248", "type":"STRING", "class":"0x7fcbb10e0ef0", "frozen":true, "embedded":true, "bytesize":15, "value":"json/version.rb", "encoding":"UTF-8", "memsize":40, "flags":{"wb_protected":true, "old":true, "long_lived":true, "marked":true}}
{"address":"0x7fcbb192d270", "type":"STRING", "class":"0x7fcbb10e0ef0", "frozen":true, "embedded":true, "bytesize":22, "value":"json/generic_object.rb", "encoding":"UTF-8", "memsize":40, "flags":{"wb_protected":true, "old":true, "long_lived":true, "marked":true}}
{"address":"0x7fcbb192d298", "type":"STRING", "class":"0x7fcbb10e0ef0", "frozen":true, "embedded":true, "bytesize":11, "value":"json/ext.rb", "encoding":"UTF-8", "memsize":40, "flags":{"wb_protected":true, "old":true, "long_lived":true, "marked":true}}
{"address":"0x7fcbb192d2c0", "type":"STRING", "class":"0x7fcbb10e0ef0", "frozen":true, "embedded":true, "bytesize":14, "value":"json/common.rb", "encoding":"UTF-8", "memsize":40, "flags":{"wb_protected":true, "old":true, "long_lived":true, "marked":true}}
{"address":"0x7fcbb192d2e8", "type":"STRING", "class":"0x7fcbb10e0ef0", "frozen":true, "embedded":true, "bytesize":16, "value":"json/add/time.rb", "encoding":"UTF-8", "memsize":40, "flags":{"wb_protected":true, "old":true, "long_lived":true, "marked":true}}
{"address":"0x7fcbb192d310", "type":"STRING", "class":"0x7fcbb10e0ef0", "frozen":true, "embedded":true, "bytesize":18, "value":"json/add/symbol.rb", "encoding":"UTF-8", "memsize":40, "flags":{"wb_protected":true, "old":true, "long_lived":true, "marked":true}}
{"address":"0x7fcbb192d338", "type":"STRING", "class":"0x7fcbb10e0ef0", "frozen":true, "embedded":true, "bytesize":18, "value":"json/add/struct.rb", "encoding":"UTF-8", "memsize":40, "flags":{"wb_protected":true, "old":true, "long_lived":true, "marked":true}}
{"address":"0x7fcbb192d360", "type":"STRING", "class":"0x7fcbb10e0ef0", "frozen":true, "embedded":true, "bytesize":18, "value":"json/add/regexp.rb", "encoding":"UTF-8", "memsize":40, "flags":{"wb_protected":true, "old":true, "long_lived":true, "marked":true}}
{"address":"0x7fcbb192d388", "type":"STRING", "class":"0x7fcbb10e0ef0", "frozen":true, "embedded":true, "bytesize":20, "value":"json/add/rational.rb", "encoding":"UTF-8", "memsize":40, "flags":{"wb_protected":true, "old":true, "long_lived":true, "marked":true}}
{"address":"0x7fcbb192d3b0", "type":"STRING", "class":"0x7fcbb10e0ef0", "frozen":true, "embedded":true, "bytesize":17, "value":"json/add/range.rb", "encoding":"UTF-8", "memsize":40, "flags":{"wb_protected":true, "old":true, "long_lived":true, "marked":true}}
{"address":"0x7fcbb192d3d8", "type":"STRING", "class":"0x7fcbb10e0ef0", "frozen":true, "embedded":true, "bytesize":19, "value":"json/add/ostruct.rb", "encoding":"UTF-8", "memsize":40, "flags":{"wb_protected":true, "old":true, "long_lived":true, "marked":true}}
{"address":"0x7fcbb192d400", "type":"STRING", "class":"0x7fcbb10e0ef0", "frozen":true, "embedded":true, "bytesize":21, "value":"json/add/exception.rb", "encoding":"UTF-8", "memsize":40, "flags":{"wb_protected":true, "old":true, "long_lived":true, "marked":true}}
{"address":"0x7fcbb192d428", "type":"STRING", "class":"0x7fcbb10e0ef0", "frozen":true, "embedded":true, "bytesize":21, "value":"json/add/date_time.rb", "encoding":"UTF-8", "memsize":40, "flags":{"wb_protected":true, "old":true, "long_lived":true, "marked":true}}
{"address":"0x7fcbb192d450", "type":"STRING", "class":"0x7fcbb10e0ef0", "frozen":true, "embedded":true, "bytesize":16, "value":"json/add/date.rb", "encoding":"UTF-8", "memsize":40, "flags":{"wb_protected":true, "old":true, "long_lived":true, "marked":true}}
{"address":"0x7fcbb192d478", "type":"STRING", "class":"0x7fcbb10e0ef0", "frozen":true, "embedded":true, "bytesize":16, "value":"json/add/core.rb", "encoding":"UTF-8", "memsize":40, "flags":{"wb_protected":true, "old":true, "long_lived":true, "marked":true}}
{"address":"0x7fcbb192d4a0", "type":"STRING", "class":"0x7fcbb10e0ef0", "frozen":true, "embedded":true, "bytesize":19, "value":"json/add/complex.rb", "encoding":"UTF-8", "memsize":40, "flags":{"wb_protected":true, "old":true, "long_lived":true, "marked":true}}
{"address":"0x7fcbb192d4c8", "type":"STRING", "class":"0x7fcbb10e0ef0", "frozen":true, "embedded":true, "bytesize":22, "value":"json/add/bigdecimal.rb", "encoding":"UTF-8", "memsize":40, "flags":{"wb_protected":true, "old":true, "long_lived":true, "marked":true}}
{"address":"0x7fcbb192d4f0", "type":"STRING", "class":"0x7fcbb10e0ef0", "frozen":true, "embedded":true, "bytesize":7, "value":"json.rb", "encoding":"UTF-8", "memsize":40, "flags":{"wb_protected":true, "old":true, "long_lived":true, "marked":true}}
{"address":"0x7fcbb192d540", "type":"ARRAY", "class":"0x7fcbb10d19a0", "length":18, "references":["0x7fcbb192e0a8", "0x7fcbb192e080", "0x7fcbb192e058", "0x7fcbb192e030", "0x7fcbb192e008", "0x7fcbb192dfe0", "0x7fcbb192dfb8", "0x7fcbb192df90", "0x7fcbb192df68", "0x7fcbb192df40", "0x7fcbb192df18", "0x7fcbb192def0", "0x7fcbb192dec8", "0x7fcbb192dea0", "0x7fcbb192de78", "0x7fcbb192de50", "0x7fcbb192de28", "0x7fcbb192de00"], "memsize":184, "flags":{"wb_protected":true, "old":true, "long_lived":true, "marked":true}}
{"address":"0x7fcbb192ddb0", "type":"STRING", "class":"0x7fcbb10e0ef0", "bytesize":96, "value":"/Users/path/.rvm/rubies/ruby-2.2.3/lib/ruby/gems/2.2.0/specifications/default/json-1.8.1.gemspec", "encoding":"US-ASCII", "memsize":137, "flags":{"wb_protected":true, "old":true, "long_lived":true, "marked":true}}
{"address":"0x7fcbb192de00", "type":"STRING", "class":"0x7fcbb10e0ef0", "embedded":true, "bytesize":15, "value":"json/version.rb", "encoding":"UTF-8", "memsize":40, "flags":{"wb_protected":true, "old":true, "long_lived":true, "marked":true}}
{"address":"0x7fcbb192de28", "type":"STRING", "class":"0x7fcbb10e0ef0", "embedded":true, "bytesize":22, "value":"json/generic_object.rb", "encoding":"UTF-8", "memsize":40, "flags":{"wb_protected":true, "old":true, "long_lived":true, "marked":true}}
{"address":"0x7fcbb192de50", "type":"STRING", "class":"0x7fcbb10e0ef0", "embedded":true, "bytesize":11, "value":"json/ext.rb", "encoding":"UTF-8", "memsize":40, "flags":{"wb_protected":true, "old":true, "long_lived":true, "marked":true}}
{"address":"0x7fcbb192de78", "type":"STRING", "class":"0x7fcbb10e0ef0", "embedded":true, "bytesize":14, "value":"json/common.rb", "encoding":"UTF-8", "memsize":40, "flags":{"wb_protected":true, "old":true, "long_lived":true, "marked":true}}
{"address":"0x7fcbb192dea0", "type":"STRING", "class":"0x7fcbb10e0ef0", "embedded":true, "bytesize":16, "value":"json/add/time.rb", "encoding":"UTF-8", "memsize":40, "flags":{"wb_protected":true, "old":true, "long_lived":true, "marked":true}}
{"address":"0x7fcbb192dec8", "type":"STRING", "class":"0x7fcbb10e0ef0", "embedded":true, "bytesize":18, "value":"json/add/symbol.rb", "encoding":"UTF-8", "memsize":40, "flags":{"wb_protected":true, "old":true, "long_lived":true, "marked":true}}
{"address":"0x7fcbb192def0", "type":"STRING", "class":"0x7fcbb10e0ef0", "embedded":true, "bytesize":18, "value":"json/add/struct.rb", "encoding":"UTF-8", "memsize":40, "flags":{"wb_protected":true, "old":true, "long_lived":true, "marked":true}}
{"address":"0x7fcbb192df18", "type":"STRING", "class":"0x7fcbb10e0ef0", "embedded":true, "bytesize":18, "value":"json/add/regexp.rb", "encoding":"UTF-8", "memsize":40, "flags":{"wb_protected":true, "old":true, "long_lived":true, "marked":true}}
{"address":"0x7fcbb192df40", "type":"STRING", "class":"0x7fcbb10e0ef0", "embedded":true, "bytesize":20, "value":"json/add/rational.rb", "encoding":"UTF-8", "memsize":40, "flags":{"wb_protected":true, "old":true, "long_lived":true, "marked":true}}
{"address":"0x7fcbb192df68", "type":"STRING", "class":"0x7fcbb10e0ef0", "embedded":true, "bytesize":17, "value":"json/add/range.rb", "encoding":"UTF-8", "memsize":40, "flags":{"wb_protected":true, "old":true, "long_lived":true, "marked":true}}
{"address":"0x7fcbb192df90", "type":"STRING", "class":"0x7fcbb10e0ef0", "embedded":true, "bytesize":19, "value":"json/add/ostruct.rb", "encoding":"UTF-8", "memsize":40, "flags":{"wb_protected":true, "old":true, "long_lived":true, "marked":true}}
{"address":"0x7fcbb192dfb8", "type":"STRING", "class":"0x7fcbb10e0ef0", "embedded":true, "bytesize":21, "value":"json/add/exception.rb", "encoding":"UTF-8", "memsize":40, "flags":{"wb_protected":true, "old":true, "long_lived":true, "marked":true}}
{"address":"0x7fcbb192dfe0", "type":"STRING", "class":"0x7fcbb10e0ef0", "embedded":true, "bytesize":21, "value":"json/add/date_time.rb", "encoding":"UTF-8", "memsize":40, "flags":{"wb_protected":true, "old":true, "long_lived":true, "marked":true}}
{"address":"0x7fcbb192e008", "type":"STRING", "class":"0x7fcbb10e0ef0", "embedded":true, "bytesize":16, "value":"json/add/date.rb", "encoding":"UTF-8", "memsize":40, "flags":{"wb_protected":true, "old":true, "long_lived":true, "marked":true}}
{"address":"0x7fcbb192e030", "type":"STRING", "class":"0x7fcbb10e0ef0", "embedded":true, "bytesize":16, "value":"json/add/core.rb", "encoding":"UTF-8", "memsize":40, "flags":{"wb_protected":true, "old":true, "long_lived":true, "marked":true}}
{"address":"0x7fcbb192e058", "type":"STRING", "class":"0x7fcbb10e0ef0", "embedded":true, "bytesize":19, "value":"json/add/complex.rb", "encoding":"UTF-8", "memsize":40, "flags":{"wb_protected":true, "old":true, "long_lived":true, "marked":true}}
{"address":"0x7fcbb192e080", "type":"STRING", "class":"0x7fcbb10e0ef0", "embedded":true, "bytesize":22, "value":"json/add/bigdecimal.rb", "encoding":"UTF-8", "memsize":40, "flags":{"wb_protected":true, "old":true, "long_lived":true, "marked":true}}
{"address":"0x7fcbb192e0a8", "type":"STRING", "class":"0x7fcbb10e0ef0", "embedded":true, "bytesize":7, "value":"json.rb", "encoding":"UTF-8", "memsize":40, "flags":{"wb_protected":true, "old":true, "long_lived":true, "marked":true}}
{"address":"0x7fcbb192e0d0", "type":"ARRAY", "class":"0x7fcbb10d19a0", "length":0, "memsize":40, "flags":{"wb_protected":true, "old":true, "long_lived":true, "marked":true}}
{"address":"0x7fcbb192e0f8", "type":"STRING", "class":"0x7fcbb10e0ef0", "shared":true, "encoding":"UTF-8", "references":["0x7fcbb192f430"], "memsize":40, "flags":{"wb_protected":true, "old":true, "long_lived":true, "marked":true}}
{"address":"0x7fcbb192e238", "type":"STRING", "class":"0x7fcbb10e0ef0", "frozen":true, "embedded":true, "bytesize":5, "value":"1.8.1", "encoding":"UTF-8", "memsize":40, "flags":{"wb_protected":true, "old":true, "long_lived":true, "marked":true}}
{"address":"0x7fcbb192e260", "type":"STRING", "class":"0x7fcbb10e0ef0", "embedded":true, "bytesize":5, "value":"1.8.1", "encoding":"UTF-8", "memsize":40, "flags":{"wb_protected":true, "old":true, "long_lived":true, "marked":true}}
{"address":"0x7fcbb192e3a0", "type":"OBJECT", "class":"0x7fcbb18ac238", "ivars":3, "references":["0x7fcbb192e260"], "memsize":40, "flags":{"wb_protected":true, "old":true, "long_lived":true, "marked":true}}
{"address":"0x7fcbb192e3f0", "type":"STRING", "class":"0x7fcbb10e0ef0", "embedded":true, "bytesize":4, "value":"json", "encoding":"UTF-8", "memsize":40, "flags":{"wb_protected":true, "old":true, "long_lived":true, "marked":true}}
{"address":"0x7fcbb192e468", "type":"ARRAY", "class":"0x7fcbb10d19a0", "length":0, "memsize":40, "flags":{"wb_protected":true, "old":true, "long_lived":true, "marked":true}}
{"address":"0x7fcbb192e530", "type":"STRING", "class":"0x7fcbb10e0ef0", "embedded":true, "bytesize":5, "value":"2.4.8", "encoding":"UTF-8", "memsize":40, "flags":{"wb_protected":true, "old":true, "long_lived":true, "marked":true}}
{"address":"0x7fcbb192e5a8", "type":"ARRAY", "class":"0x7fcbb10d19a0", "length":0, "memsize":40, "flags":{"wb_protected":true, "old":true, "long_lived":true, "marked":true}}
{"address":"0x7fcbb192e620", "type":"OBJECT", "class":"0x7fcbb1869a78", "ivars":3, "references":["0x7fcbb1905bd0"], "memsize":40, "flags":{"wb_protected":true, "old":true, "long_lived":true, "marked":true}}
{"address":"0x7fcbb192e698", "type":"OBJECT", "class":"0x7fcbb1869a78", "ivars":3, "references":["0x7fcbb1905e00"], "memsize":40, "flags":{"wb_protected":true, "old":true, "long_lived":true, "marked":true}}
{"address":"0x7fcbb192e710", "type":"ARRAY", "class":"0x7fcbb10d19a0", "length":1, "embedded":true, "references":["0x7fcbb1905f18"], "memsize":40, "flags":{"wb_protected":true, "old":true, "long_lived":true, "marked":true}}
{"address":"0x7fcbb192e788", "type":"ARRAY", "class":"0x7fcbb10d19a0", "length":0, "memsize":40, "flags":{"wb_protected":true, "old":true, "long_lived":true, "marked":true}}
{"address":"0x7fcbb192e800", "type":"STRING", "class":"0x7fcbb10e0ef0", "embedded":true, "bytesize":4, "value":"ruby", "encoding":"UTF-8", "memsize":40, "flags":{"wb_protected":true, "old":true, "long_lived":true, "marked":true}}
{"address":"0x7fcbb192e878", "type":"HASH", "class":"0x7fcbb10d1270", "size":0, "memsize":40, "flags":{"wb_protected":true, "old":true, "long_lived":true, "marked":true}}
{"address":"0x7fcbb192e8f0", "type":"ARRAY", "class":"0x7fcbb10d19a0", "length":0, "memsize":40, "flags":{"wb_protected":true, "old":true, "long_lived":true, "marked":true}}
{"address":"0x7fcbb192e9e0", "type":"ARRAY", "class":"0x7fcbb10d19a0", "length":0, "memsize":40, "flags":{"wb_protected":true, "old":true, "long_lived":true, "marked":true}}
{"address":"0x7fcbb192ea58", "type":"ARRAY", "class":"0x7fcbb10d19a0", "length":0, "memsize":40, "flags":{"wb_protected":true, "old":true, "long_lived":true, "marked":true}}
{"address":"0x7fcbb192eb48", "type":"ARRAY", "class":"0x7fcbb10d19a0", "length":0, "memsize":40, "flags":{"wb_protected":true, "old":true, "long_lived":true, "marked":true}}
{"address":"0x7fcbb192ec10", "type":"ARRAY", "class":"0x7fcbb10d19a0", "length":0, "memsize":40, "flags":{"wb_protected":true, "old":true, "long_lived":true, "marked":true}}
{"address":"0x7fcbb192ec88", "type":"STRING", "class":"0x7fcbb10e0ef0", "embedded":true, "bytesize":3, "value":"bin", "encoding":"UTF-8", "memsize":40, "flags":{"wb_protected":true, "old":true, "long_lived":true, "marked":true}}
{"address":"0x7fcbb192ed00", "type":"ARRAY", "class":"0x7fcbb10d19a0", "length":0, "memsize":40, "flags":{"wb_protected":true, "old":true, "long_lived":true, "marked":true}}
{"address":"0x7fcbb192f048", "type":"OBJECT", "class":"0x7fcbb1906558", "ivars":50, "references":["0x7fcbb192ddb0", "0x7fcbb192e3f0", "0x7fcbb192e0f8", "0x7fcbb192e3a0", "0x7fcbb192ed00", "0x7fcbb192ec88", "0x7fcbb192ec10", "0x7fcbb1906198", "0x7fcbb192eb48", "0x7fcbb192e0d0", "0x7fcbb192ea58", "0x7fcbb192e9e0", "0x7fcbb192d540", "0x7fcbb192e8f0", "0x7fcbb192e878", "0x7fcbb192e800", "0x7fcbb192e788", "0x7fcbb192e710", "0x7fcbb192e698", "0x7fcbb192e620", "0x7fcbb192e5a8", "0x7fcbb192e530", "0x7fcbb192e468", "0x7fcbb18e7e50"], "memsize":440, "flags":{"wb_protected":true, "old":true, "long_lived":true, "marked":true}}
{"address":"0x7fcbb192f430", "type":"STRING", "class":"0x7fcbb10e0ef0", "frozen":true, "fstring":true, "bytesize":30, "value":"This json is bundled with Ruby", "encoding":"UTF-8", "memsize":71, "flags":{"wb_protected":true, "old":true, "long_lived":true, "marked":true}}
{"address":"0x7fcbb193c018", "type":"STRING", "class":"0x7fcbb10e0ef0", "embedded":true, "bytesize":19, "value":"psych/nodes/node.rb", "encoding":"UTF-8", "memsize":40, "flags":{"wb_protected":true, "old":true, "long_lived":true, "marked":true}}
{"address":"0x7fcbb193c040", "type":"STRING", "class":"0x7fcbb10e0ef0", "embedded":true, "bytesize":22, "value":"psych/nodes/mapping.rb", "encoding":"UTF-8", "memsize":40, "flags":{"wb_protected":true, "old":true, "long_lived":true, "marked":true}}
{"address":"0x7fcbb193c068", "type":"STRING", "class":"0x7fcbb10e0ef0", "embedded":true, "bytesize":23, "value":"psych/nodes/document.rb", "encoding":"UTF-8", "memsize":40, "flags":{"wb_protected":true, "old":true, "long_lived":true, "marked":true}}
{"address":"0x7fcbb193c090", "type":"STRING", "class":"0x7fcbb10e0ef0", "embedded":true, "bytesize":20, "value":"psych/nodes/alias.rb", "encoding":"UTF-8", "memsize":40, "flags":{"wb_protected":true, "old":true, "long_lived":true, "marked":true}}
{"address":"0x7fcbb193c0b8", "type":"STRING", "class":"0x7fcbb10e0ef0", "embedded":true, "bytesize":14, "value":"psych/nodes.rb", "encoding":"UTF-8", "memsize":40, "flags":{"wb_protected":true, "old":true, "long_lived":true, "marked":true}}
{"address":"0x7fcbb193c0e0", "type":"STRING", "class":"0x7fcbb10e0ef0", "shared":true, "encoding":"UTF-8", "references":["0x7fcbb193e480"], "memsize":40, "flags":{"wb_protected":true, "old":true, "long_lived":true, "marked":true}}
{"address":"0x7fcbb193c108", "type":"STRING", "class":"0x7fcbb10e0ef0", "shared":true, "encoding":"UTF-8", "references":["0x7fcbb193e4a8"], "memsize":40, "flags":{"wb_protected":true, "old":true, "long_lived":true, "marked":true}}
{"address":"0x7fcbb193c130", "type":"STRING", "class":"0x7fcbb10e0ef0", "embedded":true, "bytesize":20, "value":"psych/json/stream.rb", "encoding":"UTF-8", "memsize":40, "flags":{"wb_protected":true, "old":true, "long_lived":true, "marked":true}}
{"address":"0x7fcbb193c158", "type":"STRING", "class":"0x7fcbb10e0ef0", "shared":true, "encoding":"UTF-8", "references":["0x7fcbb193e4f8"], "memsize":40, "flags":{"wb_protected":true, "old":true, "long_lived":true, "marked":true}}
{"address":"0x7fcbb193c180", "type":"STRING", "class":"0x7fcbb10e0ef0", "shared":true, "encoding":"UTF-8", "references":["0x7fcbb193e520"], "memsize":40, "flags":{"wb_protected":true, "old":true, "long_lived":true, "marked":true}}
{"address":"0x7fcbb193c1a8", "type":"STRING", "class":"0x7fcbb10e0ef0", "shared":true, "encoding":"UTF-8", "references":["0x7fcbb193e548"], "memsize":40, "flags":{"wb_protected":true, "old":true, "long_lived":true, "marked":true}}
{"address":"0x7fcbb193c1d0", "type":"STRING", "class":"0x7fcbb10e0ef0", "embedded":true, "bytesize":16, "value":"psych/handler.rb", "encoding":"UTF-8", "memsize":40, "flags":{"wb_protected":true, "old":true, "long_lived":true, "marked":true}}
{"address":"0x7fcbb193c1f8", "type":"STRING", "class":"0x7fcbb10e0ef0", "embedded":true, "bytesize":18, "value":"psych/exception.rb", "encoding":"UTF-8", "memsize":40, "flags":{"wb_protected":true, "old":true, "long_lived":true, "marked":true}}
{"address":"0x7fcbb193c220", "type":"STRING", "class":"0x7fcbb10e0ef0", "embedded":true, "bytesize":19, "value":"psych/deprecated.rb", "encoding":"UTF-8", "memsize":40, "flags":{"wb_protected":true, "old":true, "long_lived":true, "marked":true}}
{"address":"0x7fcbb193c248", "type":"STRING", "class":"0x7fcbb10e0ef0", "embedded":true, "bytesize":17, "value":"psych/core_ext.rb", "encoding":"UTF-8", "memsize":40, "flags":{"wb_protected":true, "old":true, "long_lived":true, "marked":true}}
{"address":"0x7fcbb193c270", "type":"STRING", "class":"0x7fcbb10e0ef0", "embedded":true, "bytesize":14, "value":"psych/coder.rb", "encoding":"UTF-8", "memsize":40, "flags":{"wb_protected":true, "old":true, "long_lived":true, "marked":true}}
{"address":"0x7fcbb193c298", "type":"STRING", "class":"0x7fcbb10e0ef0", "embedded":true, "bytesize":21, "value":"psych/class_loader.rb", "encoding":"UTF-8", "memsize":40, "flags":{"wb_protected":true, "old":true, "long_lived":true, "marked":true}}
{"address":"0x7fcbb193c2c0", "type":"STRING", "class":"0x7fcbb10e0ef0", "embedded":true, "bytesize":8, "value":"psych.rb", "encoding":"UTF-8", "memsize":40, "flags":{"wb_protected":true, "old":true, "long_lived":true, "marked":true}}
{"address":"0x7fcbb193c2e8", "type":"STRING", "class":"0x7fcbb10e0ef0", "embedded":true, "bytesize":20, "value":"ext/psych/extconf.rb", "encoding":"UTF-8", "memsize":40, "flags":{"wb_protected":true, "old":true, "long_lived":true, "marked":true}}
{"address":"0x7fcbb193c310", "type":"STRING", "class":"0x7fcbb10e0ef0", "embedded":true, "bytesize":11, "value":"README.rdoc", "encoding":"UTF-8", "memsize":40, "flags":{"wb_protected":true, "old":true, "long_lived":true, "marked":true}}
{"address":"0x7fcbb193c338", "type":"STRING", "class":"0x7fcbb10e0ef0", "embedded":true, "bytesize":14, "value":"CHANGELOG.rdoc", "encoding":"UTF-8", "memsize":40, "flags":{"wb_protected":true, "old":true, "long_lived":true, "marked":true}}
{"address":"0x7fcbb193c360", "type":"ARRAY", "class":"0x7fcbb10d19a0", "length":2, "embedded":true, "references":["0x7fcbb193c3b0", "0x7fcbb193c388"], "memsize":40, "flags":{"wb_protected":true, "old":true, "long_lived":true, "marked":true}}
{"address":"0x7fcbb193c388", "type":"STRING", "class":"0x7fcbb10e0ef0", "embedded":true, "bytesize":11, "value":"README.rdoc", "encoding":"UTF-8", "memsize":40, "flags":{"wb_protected":true, "old":true, "long_lived":true, "marked":true}}
{"address":"0x7fcbb193c3b0", "type":"STRING", "class":"0x7fcbb10e0ef0", "embedded":true, "bytesize":14, "value":"CHANGELOG.rdoc", "encoding":"UTF-8", "memsize":40, "flags":{"wb_protected":true, "old":true, "long_lived":true, "marked":true}}
{"address":"0x7fcbb193c3d8", "type":"ARRAY", "class":"0x7fcbb10d19a0", "length":1, "embedded":true, "references":["0x7fcbb193c400"], "memsize":40, "flags":{"wb_protected":true, "old":true, "long_lived":true, "marked":true}}
{"address":"0x7fcbb193c400", "type":"STRING", "class":"0x7fcbb10e0ef0", "embedded":true, "bytesize":20, "value":"ext/psych/extconf.rb", "encoding":"UTF-8", "memsize":40, "flags":{"wb_protected":true, "old":true, "long_lived":true, "marked":true}}
{"address":"0x7fcbb193c428", "type":"ARRAY", "class":"0x7fcbb10d19a0", "length":1, "embedded":true, "references":["0x7fcbb193c450"], "memsize":40, "flags":{"wb_protected":true, "old":true, "long_lived":true, "marked":true}}
{"address":"0x7fcbb193c450", "type":"STRING", "class":"0x7fcbb10e0ef0", "shared":true, "encoding":"UTF-8", "references":["0x7fcbb193e700"], "memsize":40, "flags":{"wb_protected":true, "old":true, "long_lived":true, "marked":true}}
{"address":"0x7fcbb193c478", "type":"STRING", "class":"0x7fcbb10e0ef0", "shared":true, "encoding":"UTF-8", "references":["0x7fcbb193e728"], "memsize":40, "flags":{"wb_protected":true, "old":true, "long_lived":true, "marked":true}}
{"address":"0x7fcbb193c4c8", "type":"DATA", "class":"0x7fcbb10c8aa8", "struct":"time", "memsize":96, "flags":{"long_lived":true, "marked":true}}
{"address":"0x7fcbb193c680", "type":"ARRAY", "class":"0x7fcbb10d19a0", "length":1, "embedded":true, "references":["0x7fcbb193c720"], "memsize":40, "flags":{"wb_protected":true, "old":true, "long_lived":true, "marked":true}}
{"address":"0x7fcbb193c720", "type":"STRING", "class":"0x7fcbb10e0ef0", "embedded":true, "bytesize":15, "value":"Aaron Patterson", "encoding":"UTF-8", "memsize":40, "flags":{"wb_protected":true, "old":true, "long_lived":true, "marked":true}}
{"address":"0x7fcbb193c748", "type":"ARRAY", "class":"0x7fcbb10d19a0", "length":1, "embedded":true, "references":["0x7fcbb193c770"], "memsize":40, "flags":{"wb_protected":true, "old":true, "long_lived":true, "marked":true}}
{"address":"0x7fcbb193c770", "type":"STRING", "class":"0x7fcbb10e0ef0", "embedded":true, "bytesize":3, "value":"lib", "encoding":"UTF-8", "memsize":40, "flags":{"wb_protected":true, "old":true, "long_lived":true, "marked":true}}
{"address":"0x7fcbb193c8b0", "type":"ARRAY", "class":"0x7fcbb10d19a0", "length":1, "embedded":true, "references":["0x7fcbb18cfaa8"], "memsize":40, "flags":{"wb_protected":true, "old":true, "long_lived":true, "marked":true}}
{"address":"0x7fcbb193c950", "type":"OBJECT", "class":"0x7fcbb1869a78", "ivars":3, "references":["0x7fcbb193c8b0"], "memsize":40, "flags":{"wb_protected":true, "old":true, "long_lived":true, "marked":true}}
{"address":"0x7fcbb193c9c8", "type":"STRING", "class":"0x7fcbb10e0ef0", "frozen":true, "embedded":true, "bytesize":5, "value":"2.0.8", "encoding":"UTF-8", "memsize":40, "flags":{"wb_protected":true, "old":true, "long_lived":true, "marked":true}}
{"address":"0x7fcbb193c9f0", "type":"STRING", "class":"0x7fcbb10e0ef0", "embedded":true, "bytesize":5, "value":"2.0.8", "encoding":"UTF-8", "memsize":40, "flags":{"wb_protected":true, "old":true, "long_lived":true, "marked":true}}
{"address":"0x7fcbb193cb30", "type":"OBJECT", "class":"0x7fcbb18ac238", "ivars":3, "references":["0x7fcbb193c9f0"], "memsize":40, "flags":{"wb_protected":true, "old":true, "long_lived":true, "marked":true}}
{"address":"0x7fcbb193cb80", "type":"STRING", "class":"0x7fcbb10e0ef0", "embedded":true, "bytesize":5, "value":"psych", "encoding":"UTF-8", "memsize":40, "flags":{"wb_protected":true, "old":true, "long_lived":true, "marked":true}}
{"address":"0x7fcbb193cd38", "type":"ARRAY", "class":"0x7fcbb10d19a0", "length":0, "memsize":40, "flags":{"wb_protected":true, "old":true, "long_lived":true, "marked":true}}
{"address":"0x7fcbb193cf90", "type":"STRING", "class":"0x7fcbb10e0ef0", "embedded":true, "bytesize":4, "value":"ruby", "encoding":"UTF-8", "memsize":40, "flags":{"wb_protected":true, "old":true, "long_lived":true, "marked":true}}
{"address":"0x7fcbb193d008", "type":"HASH", "class":"0x7fcbb10d1270", "size":0, "memsize":40, "flags":{"wb_protected":true, "old":true, "long_lived":true, "marked":true}}
{"address":"0x7fcbb193d260", "type":"ARRAY", "class":"0x7fcbb10d19a0", "length":0, "memsize":40, "flags":{"wb_protected":true, "old":true, "long_lived":true, "marked":true}}
{"address":"0x7fcbb193d2d8", "type":"ARRAY", "class":"0x7fcbb10d19a0", "length":0, "memsize":40, "flags":{"wb_protected":true, "old":true, "long_lived":true, "marked":true}}
{"address":"0x7fcbb193d3a0", "type":"ARRAY", "class":"0x7fcbb10d19a0", "length":0, "memsize":40, "flags":{"wb_protected":true, "old":true, "long_lived":true, "marked":true}}
{"address":"0x7fcbb193d418", "type":"STRING", "class":"0x7fcbb10e0ef0", "embedded":true, "bytesize":3, "value":"bin", "encoding":"UTF-8", "memsize":40, "flags":{"wb_protected":true, "old":true, "long_lived":true, "marked":true}}
{"address":"0x7fcbb193d7d8", "type":"OBJECT", "class":"0x7fcbb1906558", "ivars":50, "references":["0x7fcbb19470f8", "0x7fcbb1946c70", "0x7fcbb1946d60", "0x7fcbb1946ec8", "0x7fcbb193c478", "0x7fcbb193c428", "0x7fcbb1947e68", "0x7fcbb193cb80", "0x7fcbb1947850", "0x7fcbb193cb30", "0x7fcbb193c680", "0x7fcbb193d418", "0x7fcbb193d3a0", "0x7fcbb193c4c8", "0x7fcbb193d2d8", "0x7fcbb193d260", "0x7fcbb193c3d8", "0x7fcbb193c360", "0x7fcbb19457d0", "0x7fcbb1947e18", "0x7fcbb193d008", "0x7fcbb193cf90", "0x7fcbb1947da0", "0x7fcbb193c748", "0x7fcbb1947d50", "0x7fcbb193c950", "0x7fcbb193cd38", "0x7fcbb1947968", "0x7fcbb1947120", "0x7fcbb18e7e50", "0x7fcbb1946d10"], "memsize":440, "flags":{"wb_protected":true, "old":true, "long_lived":true, "marked":true}}
{"address":"0x7fcbb193d8f0", "type":"STRING", "class":"0x7fcbb10e0ef0", "frozen":true, "fstring":true, "bytesize":34, "value":"Psych is a YAML parser and emitter", "encoding":"UTF-8", "memsize":75, "flags":{"wb_protected":true, "old":true, "long_lived":true, "marked":true}}
{"address":"0x7fcbb193d990", "type":"STRING", "class":"0x7fcbb10e0ef0", "frozen":true, "fstring":true, "bytesize":34, "value":"http://github.com/tenderlove/psych", "encoding":"UTF-8", "memsize":75, "flags":{"wb_protected":true, "old":true, "long_lived":true, "marked":true}}
{"address":"0x7fcbb193d9b8", "type":"STRING", "class":"0x7fcbb10e0ef0", "frozen":true, "fstring":true, "bytesize":37, "value":"test/psych/visitors/test_yaml_tree.rb", "encoding":"UTF-8", "memsize":78, "flags":{"wb_protected":true, "old":true, "long_lived":true, "marked":true}}
{"address":"0x7fcbb193d9e0", "type":"STRING", "class":"0x7fcbb10e0ef0", "frozen":true, "fstring":true, "bytesize":35, "value":"test/psych/visitors/test_to_ruby.rb", "encoding":"UTF-8", "memsize":76, "flags":{"wb_protected":true, "old":true, "long_lived":true, "marked":true}}
{"address":"0x7fcbb193da08", "type":"STRING", "class":"0x7fcbb10e0ef0", "frozen":true, "fstring":true, "bytesize":35, "value":"test/psych/visitors/test_emitter.rb", "encoding":"UTF-8", "memsize":76, "flags":{"wb_protected":true, "old":true, "long_lived":true, "marked":true}}
{"address":"0x7fcbb193da30", "type":"STRING", "class":"0x7fcbb10e0ef0", "frozen":true, "fstring":true, "bytesize":39, "value":"test/psych/visitors/test_depth_first.rb", "encoding":"UTF-8", "memsize":80, "flags":{"wb_protected":true, "old":true, "long_lived":true, "marked":true}}
{"address":"0x7fcbb193da58", "type":"STRING", "class":"0x7fcbb10e0ef0", "frozen":true, "fstring":true, "bytesize":28, "value":"test/psych/test_yamlstore.rb", "encoding":"UTF-8", "memsize":69, "flags":{"wb_protected":true, "old":true, "long_lived":true, "marked":true}}
{"address":"0x7fcbb193da80", "type":"STRING", "class":"0x7fcbb10e0ef0", "frozen":true, "fstring":true, "bytesize":26, "value":"test/psych/test_yamldbm.rb", "encoding":"UTF-8", "memsize":67, "flags":{"wb_protected":true, "old":true, "long_lived":true, "marked":true}}
{"address":"0x7fcbb193dad0", "type":"STRING", "class":"0x7fcbb10e0ef0", "frozen":true, "fstring":true, "bytesize":31, "value":"test/psych/test_tree_builder.rb", "encoding":"UTF-8", "memsize":72, "flags":{"wb_protected":true, "old":true, "long_lived":true, "marked":true}}
{"address":"0x7fcbb193daf8", "type":"STRING", "class":"0x7fcbb10e0ef0", "frozen":true, "fstring":true, "bytesize":37, "value":"test/psych/test_to_yaml_properties.rb", "encoding":"UTF-8", "memsize":78, "flags":{"wb_protected":true, "old":true, "long_lived":true, "marked":true}}
{"address":"0x7fcbb193db20", "type":"STRING", "class":"0x7fcbb10e0ef0", "frozen":true, "fstring":true, "bytesize":26, "value":"test/psych/test_tainted.rb", "encoding":"UTF-8", "memsize":67, "flags":{"wb_protected":true, "old":true, "long_lived":true, "marked":true}}
{"address":"0x7fcbb193db48", "type":"STRING", "class":"0x7fcbb10e0ef0", "frozen":true, "fstring":true, "bytesize":25, "value":"test/psych/test_symbol.rb", "encoding":"UTF-8", "memsize":66, "flags":{"wb_protected":true, "old":true, "long_lived":true, "marked":true}}
{"address":"0x7fcbb193db70", "type":"STRING", "class":"0x7fcbb10e0ef0", "frozen":true, "fstring":true, "bytesize":25, "value":"test/psych/test_struct.rb", "encoding":"UTF-8", "memsize":66, "flags":{"wb_protected":true, "old":true, "long_lived":true, "marked":true}}
{"address":"0x7fcbb193db98", "type":"STRING", "class":"0x7fcbb10e0ef0", "frozen":true, "fstring":true, "bytesize":25, "value":"test/psych/test_string.rb", "encoding":"UTF-8", "memsize":66, "flags":{"wb_protected":true, "old":true, "long_lived":true, "marked":true}}
{"address":"0x7fcbb193dbc0", "type":"STRING", "class":"0x7fcbb10e0ef0", "frozen":true, "fstring":true, "bytesize":25, "value":"test/psych/test_stream.rb", "encoding":"UTF-8", "memsize":66, "flags":{"wb_protected":true, "old":true, "long_lived":true, "marked":true}}
{"address":"0x7fcbb193dc10", "type":"STRING", "class":"0x7fcbb10e0ef0", "frozen":true, "fstring":true, "bytesize":39, "value":"test/psych/test_serialize_subclasses.rb", "encoding":"UTF-8", "memsize":80, "flags":{"wb_protected":true, "old":true, "long_lived":true, "marked":true}}
{"address":"0x7fcbb193dc38", "type":"STRING", "class":"0x7fcbb10e0ef0", "frozen":true, "fstring":true, "bytesize":33, "value":"test/psych/test_scalar_scanner.rb", "encoding":"UTF-8", "memsize":74, "flags":{"wb_protected":true, "old":true, "long_lived":true, "marked":true}}
{"address":"0x7fcbb193dc60", "type":"STRING", "class":"0x7fcbb10e0ef0", "frozen":true, "fstring":true, "bytesize":25, "value":"test/psych/test_scalar.rb", "encoding":"UTF-8", "memsize":66, "flags":{"wb_protected":true, "old":true, "long_lived":true, "marked":true}}
{"address":"0x7fcbb193dc88", "type":"STRING", "class":"0x7fcbb10e0ef0", "frozen":true, "fstring":true, "bytesize":28, "value":"test/psych/test_safe_load.rb", "encoding":"UTF-8", "memsize":69, "flags":{"wb_protected":true, "old":true, "long_lived":true, "marked":true}}
{"address":"0x7fcbb193dcb0", "type":"STRING", "class":"0x7fcbb10e0ef0", "frozen":true, "fstring":true, "bytesize":24, "value":"test/psych/test_psych.rb", "encoding":"UTF-8", "memsize":65, "flags":{"wb_protected":true, "old":true, "long_lived":true, "marked":true}}
{"address":"0x7fcbb193dcd8", "type":"STRING", "class":"0x7fcbb10e0ef0", "frozen":true, "fstring":true, "bytesize":25, "value":"test/psych/test_parser.rb", "encoding":"UTF-8", "memsize":66, "flags":{"wb_protected":true, "old":true, "long_lived":true, "marked":true}}
{"address":"0x7fcbb193dd28", "type":"STRING", "class":"0x7fcbb10e0ef0", "frozen":true, "fstring":true, "bytesize":36, "value":"test/psych/test_object_references.rb", "encoding":"UTF-8", "memsize":77, "flags":{"wb_protected":true, "old":true, "long_lived":true, "marked":true}}
{"address":"0x7fcbb193dd50", "type":"STRING", "class":"0x7fcbb10e0ef0", "frozen":true, "fstring":true, "bytesize":25, "value":"test/psych/test_object.rb", "encoding":"UTF-8", "memsize":66, "flags":{"wb_protected":true, "old":true, "long_lived":true, "marked":true}}
{"address":"0x7fcbb193dd78", "type":"STRING", "class":"0x7fcbb10e0ef0", "frozen":true, "fstring":true, "bytesize":26, "value":"test/psych/test_numeric.rb", "encoding":"UTF-8", "memsize":67, "flags":{"wb_protected":true, "old":true, "long_lived":true, "marked":true}}
{"address":"0x7fcbb193ddf0", "type":"STRING", "class":"0x7fcbb10e0ef0", "frozen":true, "fstring":true, "bytesize":29, "value":"test/psych/test_merge_keys.rb", "encoding":"UTF-8", "memsize":70, "flags":{"wb_protected":true, "old":true, "long_lived":true, "marked":true}}
{"address":"0x7fcbb193de18", "type":"STRING", "class":"0x7fcbb10e0ef0", "frozen":true, "fstring":true, "bytesize":30, "value":"test/psych/test_marshalable.rb", "encoding":"UTF-8", "memsize":71, "flags":{"wb_protected":true, "old":true, "long_lived":true, "marked":true}}
{"address":"0x7fcbb193de40", "type":"STRING", "class":"0x7fcbb10e0ef0", "frozen":true, "fstring":true, "bytesize":28, "value":"test/psych/test_json_tree.rb", "encoding":"UTF-8", "memsize":69, "flags":{"wb_protected":true, "old":true, "long_lived":true, "marked":true}}
{"address":"0x7fcbb193de90", "type":"STRING", "class":"0x7fcbb10e0ef0", "frozen":true, "fstring":true, "bytesize":28, "value":"test/psych/test_exception.rb", "encoding":"UTF-8", "memsize":69, "flags":{"wb_protected":true, "old":true, "long_lived":true, "marked":true}}
{"address":"0x7fcbb193deb8", "type":"STRING", "class":"0x7fcbb10e0ef0", "frozen":true, "fstring":true, "bytesize":27, "value":"test/psych/test_encoding.rb", "encoding":"UTF-8", "memsize":68, "flags":{"wb_protected":true, "old":true, "long_lived":true, "marked":true}}
{"address":"0x7fcbb193dee0", "type":"STRING", "class":"0x7fcbb10e0ef0", "frozen":true, "fstring":true, "bytesize":26, "value":"test/psych/test_emitter.rb", "encoding":"UTF-8", "memsize":67, "flags":{"wb_protected":true, "old":true, "long_lived":true, "marked":true}}
{"address":"0x7fcbb193df08", "type":"STRING", "class":"0x7fcbb10e0ef0", "frozen":true, "fstring":true, "bytesize":27, "value":"test/psych/test_document.rb", "encoding":"UTF-8", "memsize":68, "flags":{"wb_protected":true, "old":true, "long_lived":true, "marked":true}}
{"address":"0x7fcbb193df30", "type":"STRING", "class":"0x7fcbb10e0ef0", "frozen":true, "fstring":true, "bytesize":29, "value":"test/psych/test_deprecated.rb", "encoding":"UTF-8", "memsize":70, "flags":{"wb_protected":true, "old":true, "long_lived":true, "marked":true}}
{"address":"0x7fcbb193df58", "type":"STRING", "class":"0x7fcbb10e0ef0", "frozen":true, "fstring":true, "bytesize":28, "value":"test/psych/test_date_time.rb", "encoding":"UTF-8", "memsize":69, "flags":{"wb_protected":true, "old":true, "long_lived":true, "marked":true}}
{"address":"0x7fcbb193df80", "type":"STRING", "class":"0x7fcbb10e0ef0", "frozen":true, "fstring":true, "bytesize":24, "value":"test/psych/test_coder.rb", "encoding":"UTF-8", "memsize":65, "flags":{"wb_protected":true, "old":true, "long_lived":true, "marked":true}}
{"address":"0x7fcbb193dfa8", "type":"STRING", "class":"0x7fcbb10e0ef0", "frozen":true, "fstring":true, "bytesize":24, "value":"test/psych/test_class.rb", "encoding":"UTF-8", "memsize":65, "flags":{"wb_protected":true, "old":true, "long_lived":true, "marked":true}}
{"address":"0x7fcbb193dfd0", "type":"STRING", "class":"0x7fcbb10e0ef0", "frozen":true, "fstring":true, "bytesize":26, "value":"test/psych/test_boolean.rb", "encoding":"UTF-8", "memsize":67, "flags":{"wb_protected":true, "old":true, "long_lived":true, "marked":true}}
{"address":"0x7fcbb193dff8", "type":"STRING", "class":"0x7fcbb10e0ef0", "frozen":true, "fstring":true, "bytesize":24, "value":"test/psych/test_array.rb", "encoding":"UTF-8", "memsize":65, "flags":{"wb_protected":true, "old":true, "long_lived":true, "marked":true}}
{"address":"0x7fcbb193e020", "type":"STRING", "class":"0x7fcbb10e0ef0", "frozen":true, "fstring":true, "bytesize":35, "value":"test/psych/test_alias_and_anchor.rb", "encoding":"UTF-8", "memsize":76, "flags":{"wb_protected":true, "old":true, "long_lived":true, "marked":true}}
{"address":"0x7fcbb193e048", "type":"STRING", "class":"0x7fcbb10e0ef0", "frozen":true, "fstring":true, "bytesize":35, "value":"test/psych/nodes/test_enumerable.rb", "encoding":"UTF-8", "memsize":76, "flags":{"wb_protected":true, "old":true, "long_lived":true, "marked":true}}
{"address":"0x7fcbb193e070", "type":"STRING", "class":"0x7fcbb10e0ef0", "frozen":true, "fstring":true, "bytesize":30, "value":"test/psych/json/test_stream.rb", "encoding":"UTF-8", "memsize":71, "flags":{"wb_protected":true, "old":true, "long_lived":true, "marked":true}}
{"address":"0x7fcbb193e098", "type":"STRING", "class":"0x7fcbb10e0ef0", "frozen":true, "fstring":true, "bytesize":36, "value":"test/psych/handlers/test_recorder.rb", "encoding":"UTF-8", "memsize":77, "flags":{"wb_protected":true, "old":true, "long_lived":true, "marked":true}}
{"address":"0x7fcbb193e0e8", "type":"STRING", "class":"0x7fcbb10e0ef0", "frozen":true, "fstring":true, "bytesize":27, "value":"psych/visitors/yaml_tree.rb", "encoding":"UTF-8", "memsize":68, "flags":{"wb_protected":true, "old":true, "long_lived":true, "marked":true}}
{"address":"0x7fcbb193e110", "type":"STRING", "class":"0x7fcbb10e0ef0", "frozen":true, "fstring":true, "bytesize":25, "value":"psych/visitors/visitor.rb", "encoding":"UTF-8", "memsize":66, "flags":{"wb_protected":true, "old":true, "long_lived":true, "marked":true}}
{"address":"0x7fcbb193e138", "type":"STRING", "class":"0x7fcbb10e0ef0", "frozen":true, "fstring":true, "bytesize":25, "value":"psych/visitors/to_ruby.rb", "encoding":"UTF-8", "memsize":66, "flags":{"wb_protected":true, "old":true, "long_lived":true, "marked":true}}
{"address":"0x7fcbb193e160", "type":"STRING", "class":"0x7fcbb10e0ef0", "frozen":true, "fstring":true, "bytesize":27, "value":"psych/visitors/json_tree.rb", "encoding":"UTF-8", "memsize":68, "flags":{"wb_protected":true, "old":true, "long_lived":true, "marked":true}}
{"address":"0x7fcbb193e188", "type":"STRING", "class":"0x7fcbb10e0ef0", "frozen":true, "fstring":true, "bytesize":25, "value":"psych/visitors/emitter.rb", "encoding":"UTF-8", "memsize":66, "flags":{"wb_protected":true, "old":true, "long_lived":true, "marked":true}}
{"address":"0x7fcbb193e1b0", "type":"STRING", "class":"0x7fcbb10e0ef0", "frozen":true, "fstring":true, "bytesize":29, "value":"psych/visitors/depth_first.rb", "encoding":"UTF-8", "memsize":70, "flags":{"wb_protected":true, "old":true, "long_lived":true, "marked":true}}
{"address":"0x7fcbb193e480", "type":"STRING", "class":"0x7fcbb10e0ef0", "frozen":true, "fstring":true, "bytesize":25, "value":"psych/json/yaml_events.rb", "encoding":"UTF-8", "memsize":66, "flags":{"wb_protected":true, "old":true, "long_lived":true, "marked":true}}
{"address":"0x7fcbb193e4a8", "type":"STRING", "class":"0x7fcbb10e0ef0", "frozen":true, "fstring":true, "bytesize":26, "value":"psych/json/tree_builder.rb", "encoding":"UTF-8", "memsize":67, "flags":{"wb_protected":true, "old":true, "long_lived":true, "marked":true}}
{"address":"0x7fcbb193e4f8", "type":"STRING", "class":"0x7fcbb10e0ef0", "frozen":true, "fstring":true, "bytesize":25, "value":"psych/json/ruby_events.rb", "encoding":"UTF-8", "memsize":66, "flags":{"wb_protected":true, "old":true, "long_lived":true, "marked":true}}
{"address":"0x7fcbb193e520", "type":"STRING", "class":"0x7fcbb10e0ef0", "frozen":true, "fstring":true, "bytesize":26, "value":"psych/handlers/recorder.rb", "encoding":"UTF-8", "memsize":67, "flags":{"wb_protected":true, "old":true, "long_lived":true, "marked":true}}
{"address":"0x7fcbb193e548", "type":"STRING", "class":"0x7fcbb10e0ef0", "frozen":true, "fstring":true, "bytesize":33, "value":"psych/handlers/document_stream.rb", "encoding":"UTF-8", "memsize":74, "flags":{"wb_protected":true, "old":true, "long_lived":true, "marked":true}}
{"address":"0x7fcbb193e700", "type":"STRING", "class":"0x7fcbb10e0ef0", "frozen":true, "fstring":true, "bytesize":26, "value":"aaron@tenderlovemaking.com", "encoding":"UTF-8", "memsize":67, "flags":{"wb_protected":true, "old":true, "long_lived":true, "marked":true}}
{"address":"0x7fcbb193e728", "type":"STRING", "class":"0x7fcbb10e0ef0", "frozen":true, "fstring":true, "bytesize":272, "value":"Psych is a YAML parser and emitter.  Psych leverages libyaml[http://pyyaml.org/wiki/LibYAML]\nfor its YAML parsing and emitting capabilities.  In addition to wrapping\nlibyaml, Psych also knows how to serialize and de-serialize most Ruby objects\nto and from the YAML format.", "encoding":"UTF-8", "memsize":313, "flags":{"wb_protected":true, "old":true, "long_lived":true, "marked":true}}
{"address":"0x7fcbb19451e0", "type":"STRING", "class":"0x7fcbb10e0ef0", "frozen":true, "bytesize":97, "value":"/Users/path/.rvm/rubies/ruby-2.2.3/lib/ruby/gems/2.2.0/specifications/default/rake-10.4.2.gemspec", "encoding":"UTF-8", "memsize":138, "flags":{"wb_protected":true, "old":true, "long_lived":true, "marked":true}}
{"address":"0x7fcbb1945230", "type":"STRING", "class":"0x7fcbb10e0ef0", "frozen":true, "embedded":true, "bytesize":23, "value":"test/psych/test_yaml.rb", "encoding":"UTF-8", "memsize":40, "flags":{"wb_protected":true, "old":true, "long_lived":true, "marked":true}}
{"address":"0x7fcbb1945258", "type":"STRING", "class":"0x7fcbb10e0ef0", "frozen":true, "embedded":true, "bytesize":22, "value":"test/psych/test_set.rb", "encoding":"UTF-8", "memsize":40, "flags":{"wb_protected":true, "old":true, "long_lived":true, "marked":true}}
{"address":"0x7fcbb1945280", "type":"STRING", "class":"0x7fcbb10e0ef0", "frozen":true, "embedded":true, "bytesize":23, "value":"test/psych/test_omap.rb", "encoding":"UTF-8", "memsize":40, "flags":{"wb_protected":true, "old":true, "long_lived":true, "marked":true}}
{"address":"0x7fcbb19452a8", "type":"STRING", "class":"0x7fcbb10e0ef0", "frozen":true, "embedded":true, "bytesize":23, "value":"test/psych/test_null.rb", "encoding":"UTF-8", "memsize":40, "flags":{"wb_protected":true, "old":true, "long_lived":true, "marked":true}}
{"address":"0x7fcbb19452d0", "type":"STRING", "class":"0x7fcbb10e0ef0", "frozen":true, "embedded":true, "bytesize":22, "value":"test/psych/test_nil.rb", "encoding":"UTF-8", "memsize":40, "flags":{"wb_protected":true, "old":true, "long_lived":true, "marked":true}}
{"address":"0x7fcbb19452f8", "type":"STRING", "class":"0x7fcbb10e0ef0", "frozen":true, "embedded":true, "bytesize":23, "value":"test/psych/test_hash.rb", "encoding":"UTF-8", "memsize":40, "flags":{"wb_protected":true, "old":true, "long_lived":true, "marked":true}}
{"address":"0x7fcbb1945320", "type":"STRING", "class":"0x7fcbb10e0ef0", "frozen":true, "embedded":true, "bytesize":10, "value":"psych/y.rb", "encoding":"UTF-8", "memsize":40, "flags":{"wb_protected":true, "old":true, "long_lived":true, "marked":true}}
{"address":"0x7fcbb1945348", "type":"STRING", "class":"0x7fcbb10e0ef0", "frozen":true, "embedded":true, "bytesize":17, "value":"psych/visitors.rb", "encoding":"UTF-8", "memsize":40, "flags":{"wb_protected":true, "old":true, "long_lived":true, "marked":true}}
{"address":"0x7fcbb1945370", "type":"STRING", "class":"0x7fcbb10e0ef0", "frozen":true, "embedded":true, "bytesize":21, "value":"psych/tree_builder.rb", "encoding":"UTF-8", "memsize":40, "flags":{"wb_protected":true, "old":true, "long_lived":true, "marked":true}}
{"address":"0x7fcbb1945398", "type":"STRING", "class":"0x7fcbb10e0ef0", "frozen":true, "embedded":true, "bytesize":21, "value":"psych/syntax_error.rb", "encoding":"UTF-8", "memsize":40, "flags":{"wb_protected":true, "old":true, "long_lived":true, "marked":true}}
{"address":"0x7fcbb19453c0", "type":"STRING", "class":"0x7fcbb10e0ef0", "frozen":true, "embedded":true, "bytesize":18, "value":"psych/streaming.rb", "encoding":"UTF-8", "memsize":40, "flags":{"wb_protected":true, "old":true, "long_lived":true, "marked":true}}
{"address":"0x7fcbb19453e8", "type":"STRING", "class":"0x7fcbb10e0ef0", "frozen":true, "embedded":true, "bytesize":15, "value":"psych/stream.rb", "encoding":"UTF-8", "memsize":40, "flags":{"wb_protected":true, "old":true, "long_lived":true, "marked":true}}
{"address":"0x7fcbb1945410", "type":"STRING", "class":"0x7fcbb10e0ef0", "frozen":true, "embedded":true, "bytesize":12, "value":"psych/set.rb", "encoding":"UTF-8", "memsize":40, "flags":{"wb_protected":true, "old":true, "long_lived":true, "marked":true}}
{"address":"0x7fcbb1945438", "type":"STRING", "class":"0x7fcbb10e0ef0", "frozen":true, "embedded":true, "bytesize":23, "value":"psych/scalar_scanner.rb", "encoding":"UTF-8", "memsize":40, "flags":{"wb_protected":true, "old":true, "long_lived":true, "marked":true}}
{"address":"0x7fcbb1945460", "type":"STRING", "class":"0x7fcbb10e0ef0", "frozen":true, "embedded":true, "bytesize":15, "value":"psych/parser.rb", "encoding":"UTF-8", "memsize":40, "flags":{"wb_protected":true, "old":true, "long_lived":true, "marked":true}}
{"address":"0x7fcbb1945488", "type":"STRING", "class":"0x7fcbb10e0ef0", "frozen":true, "embedded":true, "bytesize":13, "value":"psych/omap.rb", "encoding":"UTF-8", "memsize":40, "flags":{"wb_protected":true, "old":true, "long_lived":true, "marked":true}}
{"address":"0x7fcbb19454b0", "type":"STRING", "class":"0x7fcbb10e0ef0", "frozen":true, "embedded":true, "bytesize":21, "value":"psych/nodes/stream.rb", "encoding":"UTF-8", "memsize":40, "flags":{"wb_protected":true, "old":true, "long_lived":true, "marked":true}}
{"address":"0x7fcbb19454d8", "type":"STRING", "class":"0x7fcbb10e0ef0", "frozen":true, "embedded":true, "bytesize":23, "value":"psych/nodes/sequence.rb", "encoding":"UTF-8", "memsize":40, "flags":{"wb_protected":true, "old":true, "long_lived":true, "marked":true}}
{"address":"0x7fcbb1945500", "type":"STRING", "class":"0x7fcbb10e0ef0", "frozen":true, "embedded":true, "bytesize":21, "value":"psych/nodes/scalar.rb", "encoding":"UTF-8", "memsize":40, "flags":{"wb_protected":true, "old":true, "long_lived":true, "marked":true}}
{"address":"0x7fcbb1945528", "type":"STRING", "class":"0x7fcbb10e0ef0", "frozen":true, "embedded":true, "bytesize":19, "value":"psych/nodes/node.rb", "encoding":"UTF-8", "memsize":40, "flags":{"wb_protected":true, "old":true, "long_lived":true, "marked":true}}
{"address":"0x7fcbb1945550", "type":"STRING", "class":"0x7fcbb10e0ef0", "frozen":true, "embedded":true, "bytesize":22, "value":"psych/nodes/mapping.rb", "encoding":"UTF-8", "memsize":40, "flags":{"wb_protected":true, "old":true, "long_lived":true, "marked":true}}
{"address":"0x7fcbb1945578", "type":"STRING", "class":"0x7fcbb10e0ef0", "frozen":true, "embedded":true, "bytesize":23, "value":"psych/nodes/document.rb", "encoding":"UTF-8", "memsize":40, "flags":{"wb_protected":true, "old":true, "long_lived":true, "marked":true}}
{"address":"0x7fcbb19455a0", "type":"STRING", "class":"0x7fcbb10e0ef0", "frozen":true, "embedded":true, "bytesize":20, "value":"psych/nodes/alias.rb", "encoding":"UTF-8", "memsize":40, "flags":{"wb_protected":true, "old":true, "long_lived":true, "marked":true}}
{"address":"0x7fcbb19455c8", "type":"STRING", "class":"0x7fcbb10e0ef0", "frozen":true, "embedded":true, "bytesize":14, "value":"psych/nodes.rb", "encoding":"UTF-8", "memsize":40, "flags":{"wb_protected":true, "old":true, "long_lived":true, "marked":true}}
{"address":"0x7fcbb19455f0", "type":"STRING", "class":"0x7fcbb10e0ef0", "frozen":true, "embedded":true, "bytesize":20, "value":"psych/json/stream.rb", "encoding":"UTF-8", "memsize":40, "flags":{"wb_protected":true, "old":true, "long_lived":true, "marked":true}}
{"address":"0x7fcbb1945618", "type":"STRING", "class":"0x7fcbb10e0ef0", "frozen":true, "embedded":true, "bytesize":16, "value":"psych/handler.rb", "encoding":"UTF-8", "memsize":40, "flags":{"wb_protected":true, "old":true, "long_lived":true, "marked":true}}
{"address":"0x7fcbb1945640", "type":"STRING", "class":"0x7fcbb10e0ef0", "frozen":true, "embedded":true, "bytesize":18, "value":"psych/exception.rb", "encoding":"UTF-8", "memsize":40, "flags":{"wb_protected":true, "old":true, "long_lived":true, "marked":true}}
{"address":"0x7fcbb1945668", "type":"STRING", "class":"0x7fcbb10e0ef0", "frozen":true, "embedded":true, "bytesize":19, "value":"psych/deprecated.rb", "encoding":"UTF-8", "memsize":40, "flags":{"wb_protected":true, "old":true, "long_lived":true, "marked":true}}
{"address":"0x7fcbb1945690", "type":"STRING", "class":"0x7fcbb10e0ef0", "frozen":true, "embedded":true, "bytesize":17, "value":"psych/core_ext.rb", "encoding":"UTF-8", "memsize":40, "flags":{"wb_protected":true, "old":true, "long_lived":true, "marked":true}}
{"address":"0x7fcbb19456b8", "type":"STRING", "class":"0x7fcbb10e0ef0", "frozen":true, "embedded":true, "bytesize":14, "value":"psych/coder.rb", "encoding":"UTF-8", "memsize":40, "flags":{"wb_protected":true, "old":true, "long_lived":true, "marked":true}}
{"address":"0x7fcbb19456e0", "type":"STRING", "class":"0x7fcbb10e0ef0", "frozen":true, "embedded":true, "bytesize":21, "value":"psych/class_loader.rb", "encoding":"UTF-8", "memsize":40, "flags":{"wb_protected":true, "old":true, "long_lived":true, "marked":true}}
{"address":"0x7fcbb1945708", "type":"STRING", "class":"0x7fcbb10e0ef0", "frozen":true, "embedded":true, "bytesize":8, "value":"psych.rb", "encoding":"UTF-8", "memsize":40, "flags":{"wb_protected":true, "old":true, "long_lived":true, "marked":true}}
{"address":"0x7fcbb1945730", "type":"STRING", "class":"0x7fcbb10e0ef0", "frozen":true, "embedded":true, "bytesize":20, "value":"ext/psych/extconf.rb", "encoding":"UTF-8", "memsize":40, "flags":{"wb_protected":true, "old":true, "long_lived":true, "marked":true}}
{"address":"0x7fcbb1945758", "type":"STRING", "class":"0x7fcbb10e0ef0", "frozen":true, "embedded":true, "bytesize":11, "value":"README.rdoc", "encoding":"UTF-8", "memsize":40, "flags":{"wb_protected":true, "old":true, "long_lived":true, "marked":true}}
{"address":"0x7fcbb1945780", "type":"STRING", "class":"0x7fcbb10e0ef0", "frozen":true, "embedded":true, "bytesize":14, "value":"CHANGELOG.rdoc", "encoding":"UTF-8", "memsize":40, "flags":{"wb_protected":true, "old":true, "long_lived":true, "marked":true}}
{"address":"0x7fcbb19457d0", "type":"ARRAY", "class":"0x7fcbb10d19a0", "length":85, "references":["0x7fcbb193c338", "0x7fcbb193c310", "0x7fcbb193c2e8", "0x7fcbb193c2c0", "0x7fcbb193c298", "0x7fcbb193c270", "0x7fcbb193c248", "0x7fcbb193c220", "0x7fcbb193c1f8", "0x7fcbb193c1d0", "0x7fcbb193c1a8", "0x7fcbb193c180", "0x7fcbb193c158", "0x7fcbb193c130", "0x7fcbb193c108", "0x7fcbb193c0e0", "0x7fcbb193c0b8", "0x7fcbb193c090", "0x7fcbb193c068", "0x7fcbb193c040", "0x7fcbb193c018", "0x7fcbb10ab598", "0x7fcbb10ab1b0", "0x7fcbb10ab110", "0x7fcbb10ab0c0", "0x7fcbb10aafd0", "0x7fcbb10aaf08", "0x7fcbb10aae18", "0x7fcbb10aadc8", "0x7fcbb10aad28", "0x7fcbb10aab70", "0x7fcbb10aa9e0", "0x7fcbb10aa940", "0x7fcbb10aa8a0", "0x7fcbb10aa7d8", "0x7fcbb10aa3a0", "0x7fcbb10aa210", "0x7fcbb10aa148", "0x7fcbb10aa058", "0x7fcbb10aa030", "0x7fcbb10a9fb8", "0x7fcbb10a9f40", "0x7fcbb10a9d38", "0x7fcbb10a9c48", "0x7fcbb10a9ab8", "0x7fcbb10a9950", "0x7fcbb10a98b0", "0x7fcbb10a9888", "0x7fcbb10a97c0", "0x7fcbb10a9798", "0x7fcbb10a9630", "0x7fcbb10a95e0", "0x7fcbb10a9310", "0x7fcbb10a9068", "0x7fcbb10a8f78", "0x7fcbb10a8dc0", "0x7fcbb10a8aa0", "0x7fcbb10a8a78", "0x7fcbb10a8910", "0x7fcbb10a86e0", "0x7fcbb10a8640", "0x7fcbb10a84b0", "0x7fcbb10a8438", "0x7fcbb10a8320", "0x7fcbb10a8280", "0x7fcbb10a8208", "0x7fcbb10a8118", "0x7fcbb10a8050", "0x7fcbb10a8230", "0x7fcbb10a8348", "0x7fcbb10a8488", "0x7fcbb10a8a50", "0x7fcbb10a9900", "0x7fcbb10a9928", "0x7fcbb10a8fa0", "0x7fcbb10aa8c8", "0x7fcbb10aa9b8", "0x7fcbb10ab070", "0x7fcbb1947fa8", "0x7fcbb1947f80", "0x7fcbb1947f58", "0x7fcbb1947f30", "0x7fcbb1947f08", "0x7fcbb1947ee0", "0x7fcbb1947eb8"], "memsize":720, "flags":{"wb_protected":true, "old":true, "long_lived":true, "marked":true}}
{"address":"0x7fcbb1946c70", "type":"STRING", "class":"0x7fcbb10e0ef0", "bytesize":100, "value":"/Users/path/.rvm/rubies/ruby-2.2.3/lib/ruby/gems/2.2.0/extensions/x86_64-darwin-14/2.2.0/psych-2.0.8", "encoding":"US-ASCII", "memsize":141, "flags":{"wb_protected":true, "old":true, "long_lived":true, "marked":true}}
{"address":"0x7fcbb1946d10", "type":"STRING", "class":"0x7fcbb10e0ef0", "embedded":true, "bytesize":11, "value":"psych-2.0.8", "encoding":"UTF-8", "memsize":40, "flags":{"wb_protected":true, "old":true, "long_lived":true, "marked":true}}
{"address":"0x7fcbb1946d60", "type":"STRING", "class":"0x7fcbb10e0ef0", "bytesize":88, "capacity":128, "value":"/Users/path/.rvm/rubies/ruby-2.2.3/lib/ruby/gems/2.2.0/extensions/x86_64-darwin-14/2.2.0", "encoding":"US-ASCII", "memsize":169, "flags":{"wb_protected":true, "old":true, "long_lived":true, "marked":true}}
{"address":"0x7fcbb1946ec8", "type":"STRING", "class":"0x7fcbb10e0ef0", "bytesize":54, "value":"/Users/path/.rvm/rubies/ruby-2.2.3/lib/ruby/gems/2.2.0", "encoding":"US-ASCII", "memsize":95, "flags":{"wb_protected":true, "old":true, "long_lived":true, "marked":true}}
{"address":"0x7fcbb19470a8", "type":"STRING", "class":"0x7fcbb10e0ef0", "frozen":true, "bytesize":97, "value":"/Users/path/.rvm/rubies/ruby-2.2.3/lib/ruby/gems/2.2.0/specifications/default/psych-2.0.8.gemspec", "encoding":"US-ASCII", "memsize":138, "flags":{"wb_protected":true, "old":true, "long_lived":true, "marked":true}}
{"address":"0x7fcbb19470f8", "type":"STRING", "class":"0x7fcbb10e0ef0", "shared":true, "encoding":"US-ASCII", "references":["0x7fcbb19470a8"], "memsize":40, "flags":{"wb_protected":true, "old":true, "long_lived":true, "marked":true}}
{"address":"0x7fcbb1947120", "type":"ARRAY", "class":"0x7fcbb10d19a0", "length":45, "references":["0x7fcbb1947828", "0x7fcbb1947800", "0x7fcbb19477d8", "0x7fcbb19477b0", "0x7fcbb1947788", "0x7fcbb1947760", "0x7fcbb1947738", "0x7fcbb1947710", "0x7fcbb19476e8", "0x7fcbb19476c0", "0x7fcbb1947698", "0x7fcbb1947670", "0x7fcbb1947648", "0x7fcbb1947620", "0x7fcbb19475f8", "0x7fcbb19475d0", "0x7fcbb19475a8", "0x7fcbb1947580", "0x7fcbb1947558", "0x7fcbb1947530", "0x7fcbb1947508", "0x7fcbb19474e0", "0x7fcbb19474b8", "0x7fcbb1947490", "0x7fcbb1947468", "0x7fcbb1947440", "0x7fcbb1947418", "0x7fcbb19473f0", "0x7fcbb19473c8", "0x7fcbb19473a0", "0x7fcbb1947378", "0x7fcbb1947350", "0x7fcbb1947328", "0x7fcbb1947300", "0x7fcbb19472d8", "0x7fcbb19472b0", "0x7fcbb1947288", "0x7fcbb1947260", "0x7fcbb1947238", "0x7fcbb1947210", "0x7fcbb19471e8", "0x7fcbb19471c0", "0x7fcbb1947198", "0x7fcbb1947170", "0x7fcbb1947148"], "memsize":400, "flags":{"wb_protected":true, "old":true, "long_lived":true, "marked":true}}
{"address":"0x7fcbb1947148", "type":"STRING", "class":"0x7fcbb10e0ef0", "shared":true, "encoding":"UTF-8", "references":["0x7fcbb193d9b8"], "memsize":40, "flags":{"wb_protected":true, "old":true, "long_lived":true, "marked":true}}
{"address":"0x7fcbb1947170", "type":"STRING", "class":"0x7fcbb10e0ef0", "shared":true, "encoding":"UTF-8", "references":["0x7fcbb193d9e0"], "memsize":40, "flags":{"wb_protected":true, "old":true, "long_lived":true, "marked":true}}
{"address":"0x7fcbb1947198", "type":"STRING", "class":"0x7fcbb10e0ef0", "shared":true, "encoding":"UTF-8", "references":["0x7fcbb193da08"], "memsize":40, "flags":{"wb_protected":true, "old":true, "long_lived":true, "marked":true}}
{"address":"0x7fcbb19471c0", "type":"STRING", "class":"0x7fcbb10e0ef0", "shared":true, "encoding":"UTF-8", "references":["0x7fcbb193da30"], "memsize":40, "flags":{"wb_protected":true, "old":true, "long_lived":true, "marked":true}}
{"address":"0x7fcbb19471e8", "type":"STRING", "class":"0x7fcbb10e0ef0", "shared":true, "encoding":"UTF-8", "references":["0x7fcbb193da58"], "memsize":40, "flags":{"wb_protected":true, "old":true, "long_lived":true, "marked":true}}
{"address":"0x7fcbb1947210", "type":"STRING", "class":"0x7fcbb10e0ef0", "shared":true, "encoding":"UTF-8", "references":["0x7fcbb193da80"], "memsize":40, "flags":{"wb_protected":true, "old":true, "long_lived":true, "marked":true}}
{"address":"0x7fcbb1947238", "type":"STRING", "class":"0x7fcbb10e0ef0", "embedded":true, "bytesize":23, "value":"test/psych/test_yaml.rb", "encoding":"UTF-8", "memsize":40, "flags":{"wb_protected":true, "old":true, "long_lived":true, "marked":true}}
{"address":"0x7fcbb1947260", "type":"STRING", "class":"0x7fcbb10e0ef0", "shared":true, "encoding":"UTF-8", "references":["0x7fcbb193dad0"], "memsize":40, "flags":{"wb_protected":true, "old":true, "long_lived":true, "marked":true}}
{"address":"0x7fcbb1947288", "type":"STRING", "class":"0x7fcbb10e0ef0", "shared":true, "encoding":"UTF-8", "references":["0x7fcbb193daf8"], "memsize":40, "flags":{"wb_protected":true, "old":true, "long_lived":true, "marked":true}}
{"address":"0x7fcbb19472b0", "type":"STRING", "class":"0x7fcbb10e0ef0", "shared":true, "encoding":"UTF-8", "references":["0x7fcbb193db20"], "memsize":40, "flags":{"wb_protected":true, "old":true, "long_lived":true, "marked":true}}
{"address":"0x7fcbb19472d8", "type":"STRING", "class":"0x7fcbb10e0ef0", "shared":true, "encoding":"UTF-8", "references":["0x7fcbb193db48"], "memsize":40, "flags":{"wb_protected":true, "old":true, "long_lived":true, "marked":true}}
{"address":"0x7fcbb1947300", "type":"STRING", "class":"0x7fcbb10e0ef0", "shared":true, "encoding":"UTF-8", "references":["0x7fcbb193db70"], "memsize":40, "flags":{"wb_protected":true, "old":true, "long_lived":true, "marked":true}}
{"address":"0x7fcbb1947328", "type":"STRING", "class":"0x7fcbb10e0ef0", "shared":true, "encoding":"UTF-8", "references":["0x7fcbb193db98"], "memsize":40, "flags":{"wb_protected":true, "old":true, "long_lived":true, "marked":true}}
{"address":"0x7fcbb1947350", "type":"STRING", "class":"0x7fcbb10e0ef0", "shared":true, "encoding":"UTF-8", "references":["0x7fcbb193dbc0"], "memsize":40, "flags":{"wb_protected":true, "old":true, "long_lived":true, "marked":true}}
{"address":"0x7fcbb1947378", "type":"STRING", "class":"0x7fcbb10e0ef0", "embedded":true, "bytesize":22, "value":"test/psych/test_set.rb", "encoding":"UTF-8", "memsize":40, "flags":{"wb_protected":true, "old":true, "long_lived":true, "marked":true}}
{"address":"0x7fcbb19473a0", "type":"STRING", "class":"0x7fcbb10e0ef0", "shared":true, "encoding":"UTF-8", "references":["0x7fcbb193dc10"], "memsize":40, "flags":{"wb_protected":true, "old":true, "long_lived":true, "marked":true}}
{"address":"0x7fcbb19473c8", "type":"STRING", "class":"0x7fcbb10e0ef0", "shared":true, "encoding":"UTF-8", "references":["0x7fcbb193dc38"], "memsize":40, "flags":{"wb_protected":true, "old":true, "long_lived":true, "marked":true}}
{"address":"0x7fcbb19473f0", "type":"STRING", "class":"0x7fcbb10e0ef0", "shared":true, "encoding":"UTF-8", "references":["0x7fcbb193dc60"], "memsize":40, "flags":{"wb_protected":true, "old":true, "long_lived":true, "marked":true}}
{"address":"0x7fcbb1947418", "type":"STRING", "class":"0x7fcbb10e0ef0", "shared":true, "encoding":"UTF-8", "references":["0x7fcbb193dc88"], "memsize":40, "flags":{"wb_protected":true, "old":true, "long_lived":true, "marked":true}}
{"address":"0x7fcbb1947440", "type":"STRING", "class":"0x7fcbb10e0ef0", "shared":true, "encoding":"UTF-8", "references":["0x7fcbb193dcb0"], "memsize":40, "flags":{"wb_protected":true, "old":true, "long_lived":true, "marked":true}}
{"address":"0x7fcbb1947468", "type":"STRING", "class":"0x7fcbb10e0ef0", "shared":true, "encoding":"UTF-8", "references":["0x7fcbb193dcd8"], "memsize":40, "flags":{"wb_protected":true, "old":true, "long_lived":true, "marked":true}}
{"address":"0x7fcbb1947490", "type":"STRING", "class":"0x7fcbb10e0ef0", "embedded":true, "bytesize":23, "value":"test/psych/test_omap.rb", "encoding":"UTF-8", "memsize":40, "flags":{"wb_protected":true, "old":true, "long_lived":true, "marked":true}}
{"address":"0x7fcbb19474b8", "type":"STRING", "class":"0x7fcbb10e0ef0", "shared":true, "encoding":"UTF-8", "references":["0x7fcbb193dd28"], "memsize":40, "flags":{"wb_protected":true, "old":true, "long_lived":true, "marked":true}}
{"address":"0x7fcbb19474e0", "type":"STRING", "class":"0x7fcbb10e0ef0", "shared":true, "encoding":"UTF-8", "references":["0x7fcbb193dd50"], "memsize":40, "flags":{"wb_protected":true, "old":true, "long_lived":true, "marked":true}}
{"address":"0x7fcbb1947508", "type":"STRING", "class":"0x7fcbb10e0ef0", "shared":true, "encoding":"UTF-8", "references":["0x7fcbb193dd78"], "memsize":40, "flags":{"wb_protected":true, "old":true, "long_lived":true, "marked":true}}
{"address":"0x7fcbb1947530", "type":"STRING", "class":"0x7fcbb10e0ef0", "embedded":true, "bytesize":23, "value":"test/psych/test_null.rb", "encoding":"UTF-8", "memsize":40, "flags":{"wb_protected":true, "old":true, "long_lived":true, "marked":true}}
{"address":"0x7fcbb1947558", "type":"STRING", "class":"0x7fcbb10e0ef0", "embedded":true, "bytesize":22, "value":"test/psych/test_nil.rb", "encoding":"UTF-8", "memsize":40, "flags":{"wb_protected":true, "old":true, "long_lived":true, "marked":true}}
{"address":"0x7fcbb1947580", "type":"STRING", "class":"0x7fcbb10e0ef0", "shared":true, "encoding":"UTF-8", "references":["0x7fcbb193ddf0"], "memsize":40, "flags":{"wb_protected":true, "old":true, "long_lived":true, "marked":true}}
{"address":"0x7fcbb19475a8", "type":"STRING", "class":"0x7fcbb10e0ef0", "shared":true, "encoding":"UTF-8", "references":["0x7fcbb193de18"], "memsize":40, "flags":{"wb_protected":true, "old":true, "long_lived":true, "marked":true}}
{"address":"0x7fcbb19475d0", "type":"STRING", "class":"0x7fcbb10e0ef0", "shared":true, "encoding":"UTF-8", "references":["0x7fcbb193de40"], "memsize":40, "flags":{"wb_protected":true, "old":true, "long_lived":true, "marked":true}}
{"address":"0x7fcbb19475f8", "type":"STRING", "class":"0x7fcbb10e0ef0", "embedded":true, "bytesize":23, "value":"test/psych/test_hash.rb", "encoding":"UTF-8", "memsize":40, "flags":{"wb_protected":true, "old":true, "long_lived":true, "marked":true}}
{"address":"0x7fcbb1947620", "type":"STRING", "class":"0x7fcbb10e0ef0", "shared":true, "encoding":"UTF-8", "references":["0x7fcbb193de90"], "memsize":40, "flags":{"wb_protected":true, "old":true, "long_lived":true, "marked":true}}
{"address":"0x7fcbb1947648", "type":"STRING", "class":"0x7fcbb10e0ef0", "shared":true, "encoding":"UTF-8", "references":["0x7fcbb193deb8"], "memsize":40, "flags":{"wb_protected":true, "old":true, "long_lived":true, "marked":true}}
{"address":"0x7fcbb1947670", "type":"STRING", "class":"0x7fcbb10e0ef0", "shared":true, "encoding":"UTF-8", "references":["0x7fcbb193dee0"], "memsize":40, "flags":{"wb_protected":true, "old":true, "long_lived":true, "marked":true}}
{"address":"0x7fcbb1947698", "type":"STRING", "class":"0x7fcbb10e0ef0", "shared":true, "encoding":"UTF-8", "references":["0x7fcbb193df08"], "memsize":40, "flags":{"wb_protected":true, "old":true, "long_lived":true, "marked":true}}
{"address":"0x7fcbb19476c0", "type":"STRING", "class":"0x7fcbb10e0ef0", "shared":true, "encoding":"UTF-8", "references":["0x7fcbb193df30"], "memsize":40, "flags":{"wb_protected":true, "old":true, "long_lived":true, "marked":true}}
{"address":"0x7fcbb19476e8", "type":"STRING", "class":"0x7fcbb10e0ef0", "shared":true, "encoding":"UTF-8", "references":["0x7fcbb193df58"], "memsize":40, "flags":{"wb_protected":true, "old":true, "long_lived":true, "marked":true}}
{"address":"0x7fcbb1947710", "type":"STRING", "class":"0x7fcbb10e0ef0", "shared":true, "encoding":"UTF-8", "references":["0x7fcbb193df80"], "memsize":40, "flags":{"wb_protected":true, "old":true, "long_lived":true, "marked":true}}
{"address":"0x7fcbb1947738", "type":"STRING", "class":"0x7fcbb10e0ef0", "shared":true, "encoding":"UTF-8", "references":["0x7fcbb193dfa8"], "memsize":40, "flags":{"wb_protected":true, "old":true, "long_lived":true, "marked":true}}
{"address":"0x7fcbb1947760", "type":"STRING", "class":"0x7fcbb10e0ef0", "shared":true, "encoding":"UTF-8", "references":["0x7fcbb193dfd0"], "memsize":40, "flags":{"wb_protected":true, "old":true, "long_lived":true, "marked":true}}
{"address":"0x7fcbb1947788", "type":"STRING", "class":"0x7fcbb10e0ef0", "shared":true, "encoding":"UTF-8", "references":["0x7fcbb193dff8"], "memsize":40, "flags":{"wb_protected":true, "old":true, "long_lived":true, "marked":true}}
{"address":"0x7fcbb19477b0", "type":"STRING", "class":"0x7fcbb10e0ef0", "shared":true, "encoding":"UTF-8", "references":["0x7fcbb193e020"], "memsize":40, "flags":{"wb_protected":true, "old":true, "long_lived":true, "marked":true}}
{"address":"0x7fcbb19477d8", "type":"STRING", "class":"0x7fcbb10e0ef0", "shared":true, "encoding":"UTF-8", "references":["0x7fcbb193e048"], "memsize":40, "flags":{"wb_protected":true, "old":true, "long_lived":true, "marked":true}}
{"address":"0x7fcbb1947800", "type":"STRING", "class":"0x7fcbb10e0ef0", "shared":true, "encoding":"UTF-8", "references":["0x7fcbb193e070"], "memsize":40, "flags":{"wb_protected":true, "old":true, "long_lived":true, "marked":true}}
{"address":"0x7fcbb1947828", "type":"STRING", "class":"0x7fcbb10e0ef0", "shared":true, "encoding":"UTF-8", "references":["0x7fcbb193e098"], "memsize":40, "flags":{"wb_protected":true, "old":true, "long_lived":true, "marked":true}}
{"address":"0x7fcbb1947850", "type":"STRING", "class":"0x7fcbb10e0ef0", "shared":true, "encoding":"UTF-8", "references":["0x7fcbb193d8f0"], "memsize":40, "flags":{"wb_protected":true, "old":true, "long_lived":true, "marked":true}}
{"address":"0x7fcbb1947968", "type":"STRING", "class":"0x7fcbb10e0ef0", "embedded":true, "bytesize":7, "value":"2.4.5.1", "encoding":"UTF-8", "memsize":40, "flags":{"wb_protected":true, "old":true, "long_lived":true, "marked":true}}
{"address":"0x7fcbb1947990", "type":"ARRAY", "class":"0x7fcbb10d19a0", "length":2, "embedded":true, "references":["0x7fcbb1947b70", "0x7fcbb1947b20"], "memsize":40, "flags":{"wb_protected":true, "old":true, "long_lived":true, "marked":true}}
{"address":"0x7fcbb19479b8", "type":"STRING", "class":"0x7fcbb10e0ef0", "frozen":true, "embedded":true, "bytesize":5, "value":"1.9.2", "encoding":"UTF-8", "memsize":40, "flags":{"wb_protected":true, "old":true, "long_lived":true, "marked":true}}
{"address":"0x7fcbb19479e0", "type":"STRING", "class":"0x7fcbb10e0ef0", "embedded":true, "bytesize":5, "value":"1.9.2", "encoding":"UTF-8", "memsize":40, "flags":{"wb_protected":true, "old":true, "long_lived":true, "marked":true}}
{"address":"0x7fcbb1947b20", "type":"OBJECT", "class":"0x7fcbb18ac238", "ivars":3, "references":["0x7fcbb19479e0"], "memsize":40, "flags":{"wb_protected":true, "old":true, "long_lived":true, "marked":true}}
{"address":"0x7fcbb1947b70", "type":"STRING", "class":"0x7fcbb10e0ef0", "embedded":true, "bytesize":2, "value":">=", "encoding":"UTF-8", "memsize":40, "flags":{"wb_protected":true, "old":true, "long_lived":true, "marked":true}}
{"address":"0x7fcbb1947cb0", "type":"ARRAY", "class":"0x7fcbb10d19a0", "length":1, "embedded":true, "references":["0x7fcbb1947990"], "memsize":40, "flags":{"wb_protected":true, "old":true, "long_lived":true, "marked":true}}
{"address":"0x7fcbb1947d50", "type":"OBJECT", "class":"0x7fcbb1869a78", "ivars":3, "references":["0x7fcbb1947cb0"], "memsize":40, "flags":{"wb_protected":true, "old":true, "long_lived":true, "marked":true}}
{"address":"0x7fcbb1947da0", "type":"ARRAY", "class":"0x7fcbb10d19a0", "length":2, "embedded":true, "references":["0x7fcbb1947df0", "0x7fcbb1947dc8"], "memsize":40, "flags":{"wb_protected":true, "old":true, "long_lived":true, "marked":true}}
{"address":"0x7fcbb1947dc8", "type":"STRING", "class":"0x7fcbb10e0ef0", "embedded":true, "bytesize":11, "value":"README.rdoc", "encoding":"UTF-8", "memsize":40, "flags":{"wb_protected":true, "old":true, "long_lived":true, "marked":true}}
{"address":"0x7fcbb1947df0", "type":"STRING", "class":"0x7fcbb10e0ef0", "embedded":true, "bytesize":6, "value":"--main", "encoding":"UTF-8", "memsize":40, "flags":{"wb_protected":true, "old":true, "long_lived":true, "marked":true}}
{"address":"0x7fcbb1947e18", "type":"ARRAY", "class":"0x7fcbb10d19a0", "length":1, "embedded":true, "references":["0x7fcbb1947e40"], "memsize":40, "flags":{"wb_protected":true, "old":true, "long_lived":true, "marked":true}}
{"address":"0x7fcbb1947e40", "type":"STRING", "class":"0x7fcbb10e0ef0", "embedded":true, "bytesize":3, "value":"MIT", "encoding":"UTF-8", "memsize":40, "flags":{"wb_protected":true, "old":true, "long_lived":true, "marked":true}}
{"address":"0x7fcbb1947e68", "type":"STRING", "class":"0x7fcbb10e0ef0", "shared":true, "encoding":"UTF-8", "references":["0x7fcbb193d990"], "memsize":40, "flags":{"wb_protected":true, "old":true, "long_lived":true, "marked":true}}
{"address":"0x7fcbb1947eb8", "type":"STRING", "class":"0x7fcbb10e0ef0", "shared":true, "encoding":"UTF-8", "references":["0x7fcbb193d9b8"], "memsize":40, "flags":{"wb_protected":true, "old":true, "long_lived":true, "marked":true}}
{"address":"0x7fcbb1947ee0", "type":"STRING", "class":"0x7fcbb10e0ef0", "shared":true, "encoding":"UTF-8", "references":["0x7fcbb193d9e0"], "memsize":40, "flags":{"wb_protected":true, "old":true, "long_lived":true, "marked":true}}
{"address":"0x7fcbb1947f08", "type":"STRING", "class":"0x7fcbb10e0ef0", "shared":true, "encoding":"UTF-8", "references":["0x7fcbb193da08"], "memsize":40, "flags":{"wb_protected":true, "old":true, "long_lived":true, "marked":true}}
{"address":"0x7fcbb1947f30", "type":"STRING", "class":"0x7fcbb10e0ef0", "shared":true, "encoding":"UTF-8", "references":["0x7fcbb193da30"], "memsize":40, "flags":{"wb_protected":true, "old":true, "long_lived":true, "marked":true}}
{"address":"0x7fcbb1947f58", "type":"STRING", "class":"0x7fcbb10e0ef0", "shared":true, "encoding":"UTF-8", "references":["0x7fcbb193da58"], "memsize":40, "flags":{"wb_protected":true, "old":true, "long_lived":true, "marked":true}}
{"address":"0x7fcbb1947f80", "type":"STRING", "class":"0x7fcbb10e0ef0", "shared":true, "encoding":"UTF-8", "references":["0x7fcbb193da80"], "memsize":40, "flags":{"wb_protected":true, "old":true, "long_lived":true, "marked":true}}
{"address":"0x7fcbb1947fa8", "type":"STRING", "class":"0x7fcbb10e0ef0", "embedded":true, "bytesize":23, "value":"test/psych/test_yaml.rb", "encoding":"UTF-8", "memsize":40, "flags":{"wb_protected":true, "old":true, "long_lived":true, "marked":true}}
{"address":"0x7fcbb194c648", "type":"STRING", "class":"0x7fcbb10e0ef0", "shared":true, "encoding":"UTF-8", "references":["0x7fcbb109a928"], "memsize":40, "flags":{"wb_protected":true, "old":true, "long_lived":true, "marked":true}}
{"address":"0x7fcbb194c6e8", "type":"STRING", "class":"0x7fcbb10e0ef0", "bytesize":97, "value":"/Users/path/.rvm/rubies/ruby-2.2.3/lib/ruby/gems/2.2.0/specifications/default/rake-10.4.2.gemspec", "encoding":"US-ASCII", "memsize":138, "flags":{"wb_protected":true, "old":true, "long_lived":true, "marked":true}}
{"address":"0x7fcbb194c738", "type":"STRING", "class":"0x7fcbb10e0ef0", "embedded":true, "bytesize":13, "value":"rake/win32.rb", "encoding":"UTF-8", "memsize":40, "flags":{"wb_protected":true, "old":true, "long_lived":true, "marked":true}}
{"address":"0x7fcbb194c760", "type":"STRING", "class":"0x7fcbb10e0ef0", "embedded":true, "bytesize":15, "value":"rake/version.rb", "encoding":"UTF-8", "memsize":40, "flags":{"wb_protected":true, "old":true, "long_lived":true, "marked":true}}
{"address":"0x7fcbb194c788", "type":"STRING", "class":"0x7fcbb10e0ef0", "embedded":true, "bytesize":20, "value":"rake/trace_output.rb", "encoding":"UTF-8", "memsize":40, "flags":{"wb_protected":true, "old":true, "long_lived":true, "marked":true}}
{"address":"0x7fcbb194c7b0", "type":"STRING", "class":"0x7fcbb10e0ef0", "embedded":true, "bytesize":19, "value":"rake/thread_pool.rb", "encoding":"UTF-8", "memsize":40, "flags":{"wb_protected":true, "old":true, "long_lived":true, "marked":true}}
{"address":"0x7fcbb194c7d8", "type":"STRING", "class":"0x7fcbb10e0ef0", "shared":true, "encoding":"UTF-8", "references":["0x7fcbb194e1a0"], "memsize":40, "flags":{"wb_protected":true, "old":true, "long_lived":true, "marked":true}}
{"address":"0x7fcbb194c800", "type":"STRING", "class":"0x7fcbb10e0ef0", "embedded":true, "bytesize":16, "value":"rake/testtask.rb", "encoding":"UTF-8", "memsize":40, "flags":{"wb_protected":true, "old":true, "long_lived":true, "marked":true}}
{"address":"0x7fcbb194c828", "type":"STRING", "class":"0x7fcbb10e0ef0", "embedded":true, "bytesize":15, "value":"rake/tasklib.rb", "encoding":"UTF-8", "memsize":40, "flags":{"wb_protected":true, "old":true, "long_lived":true, "marked":true}}
{"address":"0x7fcbb194c850", "type":"STRING", "class":"0x7fcbb10e0ef0", "embedded":true, "bytesize":20, "value":"rake/task_manager.rb", "encoding":"UTF-8", "memsize":40, "flags":{"wb_protected":true, "old":true, "long_lived":true, "marked":true}}
{"address":"0x7fcbb194c878", "type":"STRING", "class":"0x7fcbb10e0ef0", "embedded":true, "bytesize":22, "value":"rake/task_arguments.rb", "encoding":"UTF-8", "memsize":40, "flags":{"wb_protected":true, "old":true, "long_lived":true, "marked":true}}
{"address":"0x7fcbb194c8a0", "type":"STRING", "class":"0x7fcbb10e0ef0", "shared":true, "encoding":"UTF-8", "references":["0x7fcbb194e268"], "memsize":40, "flags":{"wb_protected":true, "old":true, "long_lived":true, "marked":true}}
{"address":"0x7fcbb194c8c8", "type":"STRING", "class":"0x7fcbb10e0ef0", "embedded":true, "bytesize":12, "value":"rake/task.rb", "encoding":"UTF-8", "memsize":40, "flags":{"wb_protected":true, "old":true, "long_lived":true, "marked":true}}
{"address":"0x7fcbb194c8f0", "type":"STRING", "class":"0x7fcbb10e0ef0", "embedded":true, "bytesize":13, "value":"rake/scope.rb", "encoding":"UTF-8", "memsize":40, "flags":{"wb_protected":true, "old":true, "long_lived":true, "marked":true}}
{"address":"0x7fcbb194c918", "type":"STRING", "class":"0x7fcbb10e0ef0", "embedded":true, "bytesize":15, "value":"rake/runtest.rb", "encoding":"UTF-8", "memsize":40, "flags":{"wb_protected":true, "old":true, "long_lived":true, "marked":true}}
{"address":"0x7fcbb194c940", "type":"STRING", "class":"0x7fcbb10e0ef0", "shared":true, "encoding":"UTF-8", "references":["0x7fcbb194e308"], "memsize":40, "flags":{"wb_protected":true, "old":true, "long_lived":true, "marked":true}}
{"address":"0x7fcbb194c968", "type":"STRING", "class":"0x7fcbb10e0ef0", "shared":true, "encoding":"UTF-8", "references":["0x7fcbb194e330"], "memsize":40, "flags":{"wb_protected":true, "old":true, "long_lived":true, "marked":true}}
{"address":"0x7fcbb194c990", "type":"STRING", "class":"0x7fcbb10e0ef0", "embedded":true, "bytesize":16, "value":"rake/rdoctask.rb", "encoding":"UTF-8", "memsize":40, "flags":{"wb_protected":true, "old":true, "long_lived":true, "marked":true}}
{"address":"0x7fcbb194c9b8", "type":"STRING", "class":"0x7fcbb10e0ef0", "shared":true, "encoding":"UTF-8", "references":["0x7fcbb194e380"], "memsize":40, "flags":{"wb_protected":true, "old":true, "long_lived":true, "marked":true}}
{"address":"0x7fcbb194c9e0", "type":"STRING", "class":"0x7fcbb10e0ef0", "embedded":true, "bytesize":19, "value":"rake/rake_module.rb", "encoding":"UTF-8", "memsize":40, "flags":{"wb_protected":true, "old":true, "long_lived":true, "marked":true}}
{"address":"0x7fcbb194ca08", "type":"STRING", "class":"0x7fcbb10e0ef0", "embedded":true, "bytesize":21, "value":"rake/pseudo_status.rb", "encoding":"UTF-8", "memsize":40, "flags":{"wb_protected":true, "old":true, "long_lived":true, "marked":true}}
{"address":"0x7fcbb194ca30", "type":"STRING", "class":"0x7fcbb10e0ef0", "embedded":true, "bytesize":15, "value":"rake/promise.rb", "encoding":"UTF-8", "memsize":40, "flags":{"wb_protected":true, "old":true, "long_lived":true, "marked":true}}
{"address":"0x7fcbb194ca58", "type":"STRING", "class":"0x7fcbb10e0ef0", "embedded":true, "bytesize":22, "value":"rake/private_reader.rb", "encoding":"UTF-8", "memsize":40, "flags":{"wb_protected":true, "old":true, "long_lived":true, "marked":true}}
{"address":"0x7fcbb194ca80", "type":"STRING", "class":"0x7fcbb10e0ef0", "embedded":true, "bytesize":13, "value":"rake/phony.rb", "encoding":"UTF-8", "memsize":40, "flags":{"wb_protected":true, "old":true, "long_lived":true, "marked":true}}
{"address":"0x7fcbb194caa8", "type":"STRING", "class":"0x7fcbb10e0ef0", "embedded":true, "bytesize":15, "value":"rake/pathmap.rb", "encoding":"UTF-8", "memsize":40, "flags":{"wb_protected":true, "old":true, "long_lived":true, "marked":true}}
{"address":"0x7fcbb194cad0", "type":"STRING", "class":"0x7fcbb10e0ef0", "embedded":true, "bytesize":19, "value":"rake/packagetask.rb", "encoding":"UTF-8", "memsize":40, "flags":{"wb_protected":true, "old":true, "long_lived":true, "marked":true}}
{"address":"0x7fcbb194caf8", "type":"STRING", "class":"0x7fcbb10e0ef0", "embedded":true, "bytesize":18, "value":"rake/name_space.rb", "encoding":"UTF-8", "memsize":40, "flags":{"wb_protected":true, "old":true, "long_lived":true, "marked":true}}
{"address":"0x7fcbb194cb20", "type":"STRING", "class":"0x7fcbb10e0ef0", "embedded":true, "bytesize":18, "value":"rake/multi_task.rb", "encoding":"UTF-8", "memsize":40, "flags":{"wb_protected":true, "old":true, "long_lived":true, "marked":true}}
{"address":"0x7fcbb194cb48", "type":"STRING", "class":"0x7fcbb10e0ef0", "shared":true, "encoding":"UTF-8", "references":["0x7fcbb194e510"], "memsize":40, "flags":{"wb_protected":true, "old":true, "long_lived":true, "marked":true}}
{"address":"0x7fcbb194cb70", "type":"STRING", "class":"0x7fcbb10e0ef0", "embedded":true, "bytesize":19, "value":"rake/linked_list.rb", "encoding":"UTF-8", "memsize":40, "flags":{"wb_protected":true, "old":true, "long_lived":true, "marked":true}}
{"address":"0x7fcbb194cb98", "type":"STRING", "class":"0x7fcbb10e0ef0", "embedded":true, "bytesize":17, "value":"rake/late_time.rb", "encoding":"UTF-8", "memsize":40, "flags":{"wb_protected":true, "old":true, "long_lived":true, "marked":true}}
{"address":"0x7fcbb194cbc0", "type":"STRING", "class":"0x7fcbb10e0ef0", "shared":true, "encoding":"UTF-8", "references":["0x7fcbb194e588"], "memsize":40, "flags":{"wb_protected":true, "old":true, "long_lived":true, "marked":true}}
{"address":"0x7fcbb194cbe8", "type":"STRING", "class":"0x7fcbb10e0ef0", "shared":true, "encoding":"UTF-8", "references":["0x7fcbb194e5b0"], "memsize":40, "flags":{"wb_protected":true, "old":true, "long_lived":true, "marked":true}}
{"address":"0x7fcbb194cc10", "type":"STRING", "class":"0x7fcbb10e0ef0", "embedded":true, "bytesize":22, "value":"rake/gempackagetask.rb", "encoding":"UTF-8", "memsize":40, "flags":{"wb_protected":true, "old":true, "long_lived":true, "marked":true}}
{"address":"0x7fcbb194cc38", "type":"STRING", "class":"0x7fcbb10e0ef0", "embedded":true, "bytesize":22, "value":"rake/file_utils_ext.rb", "encoding":"UTF-8", "memsize":40, "flags":{"wb_protected":true, "old":true, "long_lived":true, "marked":true}}
{"address":"0x7fcbb194cc60", "type":"STRING", "class":"0x7fcbb10e0ef0", "embedded":true, "bytesize":18, "value":"rake/file_utils.rb", "encoding":"UTF-8", "memsize":40, "flags":{"wb_protected":true, "old":true, "long_lived":true, "marked":true}}
{"address":"0x7fcbb194cc88", "type":"STRING", "class":"0x7fcbb10e0ef0", "embedded":true, "bytesize":17, "value":"rake/file_task.rb", "encoding":"UTF-8", "memsize":40, "flags":{"wb_protected":true, "old":true, "long_lived":true, "marked":true}}
{"address":"0x7fcbb194ccb0", "type":"STRING", "class":"0x7fcbb10e0ef0", "embedded":true, "bytesize":17, "value":"rake/file_list.rb", "encoding":"UTF-8", "memsize":40, "flags":{"wb_protected":true, "old":true, "long_lived":true, "marked":true}}
{"address":"0x7fcbb194ccd8", "type":"STRING", "class":"0x7fcbb10e0ef0", "shared":true, "encoding":"UTF-8", "references":["0x7fcbb194e6a0"], "memsize":40, "flags":{"wb_protected":true, "old":true, "long_lived":true, "marked":true}}
{"address":"0x7fcbb194cd00", "type":"STRING", "class":"0x7fcbb10e0ef0", "embedded":true, "bytesize":16, "value":"rake/ext/time.rb", "encoding":"UTF-8", "memsize":40, "flags":{"wb_protected":true, "old":true, "long_lived":true, "marked":true}}
{"address":"0x7fcbb194cd28", "type":"STRING", "class":"0x7fcbb10e0ef0", "embedded":true, "bytesize":18, "value":"rake/ext/string.rb", "encoding":"UTF-8", "memsize":40, "flags":{"wb_protected":true, "old":true, "long_lived":true, "marked":true}}
{"address":"0x7fcbb194cd50", "type":"STRING", "class":"0x7fcbb10e0ef0", "embedded":true, "bytesize":20, "value":"rake/ext/pathname.rb", "encoding":"UTF-8", "memsize":40, "flags":{"wb_protected":true, "old":true, "long_lived":true, "marked":true}}
{"address":"0x7fcbb194cd78", "type":"STRING", "class":"0x7fcbb10e0ef0", "embedded":true, "bytesize":18, "value":"rake/ext/module.rb", "encoding":"UTF-8", "memsize":40, "flags":{"wb_protected":true, "old":true, "long_lived":true, "marked":true}}
{"address":"0x7fcbb194cda0", "type":"STRING", "class":"0x7fcbb10e0ef0", "embedded":true, "bytesize":16, "value":"rake/ext/core.rb", "encoding":"UTF-8", "memsize":40, "flags":{"wb_protected":true, "old":true, "long_lived":true, "marked":true}}
{"address":"0x7fcbb194cdc8", "type":"STRING", "class":"0x7fcbb10e0ef0", "embedded":true, "bytesize":18, "value":"rake/early_time.rb", "encoding":"UTF-8", "memsize":40, "flags":{"wb_protected":true, "old":true, "long_lived":true, "marked":true}}
{"address":"0x7fcbb194cdf0", "type":"STRING", "class":"0x7fcbb10e0ef0", "embedded":true, "bytesize":22, "value":"rake/dsl_definition.rb", "encoding":"UTF-8", "memsize":40, "flags":{"wb_protected":true, "old":true, "long_lived":true, "marked":true}}
{"address":"0x7fcbb194ce18", "type":"STRING", "class":"0x7fcbb10e0ef0", "embedded":true, "bytesize":22, "value":"rake/default_loader.rb", "encoding":"UTF-8", "memsize":40, "flags":{"wb_protected":true, "old":true, "long_lived":true, "marked":true}}
{"address":"0x7fcbb194ce40", "type":"STRING", "class":"0x7fcbb10e0ef0", "embedded":true, "bytesize":19, "value":"rake/cpu_counter.rb", "encoding":"UTF-8", "memsize":40, "flags":{"wb_protected":true, "old":true, "long_lived":true, "marked":true}}
{"address":"0x7fcbb194ce68", "type":"STRING", "class":"0x7fcbb10e0ef0", "embedded":true, "bytesize":19, "value":"rake/contrib/sys.rb", "encoding":"UTF-8", "memsize":40, "flags":{"wb_protected":true, "old":true, "long_lived":true, "marked":true}}
{"address":"0x7fcbb194ce90", "type":"STRING", "class":"0x7fcbb10e0ef0", "shared":true, "encoding":"UTF-8", "references":["0x7fcbb194e858"], "memsize":40, "flags":{"wb_protected":true, "old":true, "long_lived":true, "marked":true}}
{"address":"0x7fcbb194ceb8", "type":"STRING", "class":"0x7fcbb10e0ef0", "shared":true, "encoding":"UTF-8", "references":["0x7fcbb194e880"], "memsize":40, "flags":{"wb_protected":true, "old":true, "long_lived":true, "marked":true}}
{"address":"0x7fcbb194cee0", "type":"STRING", "class":"0x7fcbb10e0ef0", "shared":true, "encoding":"UTF-8", "references":["0x7fcbb194e8a8"], "memsize":40, "flags":{"wb_protected":true, "old":true, "long_lived":true, "marked":true}}
{"address":"0x7fcbb194cf08", "type":"STRING", "class":"0x7fcbb10e0ef0", "shared":true, "encoding":"UTF-8", "references":["0x7fcbb194e8d0"], "memsize":40, "flags":{"wb_protected":true, "old":true, "long_lived":true, "marked":true}}
{"address":"0x7fcbb194cf30", "type":"STRING", "class":"0x7fcbb10e0ef0", "shared":true, "encoding":"UTF-8", "references":["0x7fcbb194e8f8"], "memsize":40, "flags":{"wb_protected":true, "old":true, "long_lived":true, "marked":true}}
{"address":"0x7fcbb194cf58", "type":"STRING", "class":"0x7fcbb10e0ef0", "embedded":true, "bytesize":17, "value":"rake/cloneable.rb", "encoding":"UTF-8", "memsize":40, "flags":{"wb_protected":true, "old":true, "long_lived":true, "marked":true}}
{"address":"0x7fcbb194cf80", "type":"STRING", "class":"0x7fcbb10e0ef0", "embedded":true, "bytesize":13, "value":"rake/clean.rb", "encoding":"UTF-8", "memsize":40, "flags":{"wb_protected":true, "old":true, "long_lived":true, "marked":true}}
{"address":"0x7fcbb194cfa8", "type":"STRING", "class":"0x7fcbb10e0ef0", "embedded":true, "bytesize":17, "value":"rake/backtrace.rb", "encoding":"UTF-8", "memsize":40, "flags":{"wb_protected":true, "old":true, "long_lived":true, "marked":true}}
{"address":"0x7fcbb194cfd0", "type":"STRING", "class":"0x7fcbb10e0ef0", "embedded":true, "bytesize":19, "value":"rake/application.rb", "encoding":"UTF-8", "memsize":40, "flags":{"wb_protected":true, "old":true, "long_lived":true, "marked":true}}
{"address":"0x7fcbb194cff8", "type":"STRING", "class":"0x7fcbb10e0ef0", "embedded":true, "bytesize":18, "value":"rake/alt_system.rb", "encoding":"UTF-8", "memsize":40, "flags":{"wb_protected":true, "old":true, "long_lived":true, "marked":true}}
{"address":"0x7fcbb194d020", "type":"STRING", "class":"0x7fcbb10e0ef0", "embedded":true, "bytesize":7, "value":"rake.rb", "encoding":"UTF-8", "memsize":40, "flags":{"wb_protected":true, "old":true, "long_lived":true, "marked":true}}
{"address":"0x7fcbb194d048", "type":"ARRAY", "class":"0x7fcbb10d19a0", "length":1, "embedded":true, "references":["0x7fcbb194d070"], "memsize":40, "flags":{"wb_protected":true, "old":true, "long_lived":true, "marked":true}}
{"address":"0x7fcbb194d070", "type":"STRING", "class":"0x7fcbb10e0ef0", "embedded":true, "bytesize":4, "value":"rake", "encoding":"UTF-8", "memsize":40, "flags":{"wb_protected":true, "old":true, "long_lived":true, "marked":true}}
{"address":"0x7fcbb194d098", "type":"STRING", "class":"0x7fcbb10e0ef0", "shared":true, "encoding":"UTF-8", "references":["0x7fcbb194ea10"], "memsize":40, "flags":{"wb_protected":true, "old":true, "long_lived":true, "marked":true}}
{"address":"0x7fcbb194d1d8", "type":"STRING", "class":"0x7fcbb10e0ef0", "frozen":true, "embedded":true, "bytesize":6, "value":"10.4.2", "encoding":"UTF-8", "memsize":40, "flags":{"wb_protected":true, "old":true, "long_lived":true, "marked":true}}
{"address":"0x7fcbb194d200", "type":"STRING", "class":"0x7fcbb10e0ef0", "embedded":true, "bytesize":6, "value":"10.4.2", "encoding":"UTF-8", "memsize":40, "flags":{"wb_protected":true, "old":true, "long_lived":true, "marked":true}}
{"address":"0x7fcbb194d340", "type":"OBJECT", "class":"0x7fcbb18ac238", "ivars":3, "references":["0x7fcbb194d200"], "memsize":40, "flags":{"wb_protected":true, "old":true, "long_lived":true, "marked":true}}
{"address":"0x7fcbb194d390", "type":"STRING", "class":"0x7fcbb10e0ef0", "embedded":true, "bytesize":4, "value":"rake", "encoding":"UTF-8", "memsize":40, "flags":{"wb_protected":true, "old":true, "long_lived":true, "marked":true}}
{"address":"0x7fcbb194d408", "type":"ARRAY", "class":"0x7fcbb10d19a0", "length":0, "memsize":40, "flags":{"wb_protected":true, "old":true, "long_lived":true, "marked":true}}
{"address":"0x7fcbb194d4d0", "type":"STRING", "class":"0x7fcbb10e0ef0", "embedded":true, "bytesize":5, "value":"2.4.8", "encoding":"UTF-8", "memsize":40, "flags":{"wb_protected":true, "old":true, "long_lived":true, "marked":true}}
{"address":"0x7fcbb194d548", "type":"ARRAY", "class":"0x7fcbb10d19a0", "length":0, "memsize":40, "flags":{"wb_protected":true, "old":true, "long_lived":true, "marked":true}}
{"address":"0x7fcbb194d5c0", "type":"OBJECT", "class":"0x7fcbb1869a78", "ivars":3, "references":["0x7fcbb1905bd0"], "memsize":40, "flags":{"wb_protected":true, "old":true, "long_lived":true, "marked":true}}
{"address":"0x7fcbb194d638", "type":"OBJECT", "class":"0x7fcbb1869a78", "ivars":3, "references":["0x7fcbb1905e00"], "memsize":40, "flags":{"wb_protected":true, "old":true, "long_lived":true, "marked":true}}
{"address":"0x7fcbb194d6b0", "type":"ARRAY", "class":"0x7fcbb10d19a0", "length":1, "embedded":true, "references":["0x7fcbb1905f18"], "memsize":40, "flags":{"wb_protected":true, "old":true, "long_lived":true, "marked":true}}
{"address":"0x7fcbb194d728", "type":"ARRAY", "class":"0x7fcbb10d19a0", "length":0, "memsize":40, "flags":{"wb_protected":true, "old":true, "long_lived":true, "marked":true}}
{"address":"0x7fcbb194d7a0", "type":"STRING", "class":"0x7fcbb10e0ef0", "embedded":true, "bytesize":4, "value":"ruby", "encoding":"UTF-8", "memsize":40, "flags":{"wb_protected":true, "old":true, "long_lived":true, "marked":true}}
{"address":"0x7fcbb194d818", "type":"HASH", "class":"0x7fcbb10d1270", "size":0, "memsize":40, "flags":{"wb_protected":true, "old":true, "long_lived":true, "marked":true}}
{"address":"0x7fcbb194d890", "type":"ARRAY", "class":"0x7fcbb10d19a0", "length":0, "memsize":40, "flags":{"wb_protected":true, "old":true, "long_lived":true, "marked":true}}
{"address":"0x7fcbb194d980", "type":"ARRAY", "class":"0x7fcbb10d19a0", "length":0, "memsize":40, "flags":{"wb_protected":true, "old":true, "long_lived":true, "marked":true}}
{"address":"0x7fcbb194d9f8", "type":"ARRAY", "class":"0x7fcbb10d19a0", "length":0, "memsize":40, "flags":{"wb_protected":true, "old":true, "long_lived":true, "marked":true}}
{"address":"0x7fcbb194dae8", "type":"ARRAY", "class":"0x7fcbb10d19a0", "length":0, "memsize":40, "flags":{"wb_protected":true, "old":true, "long_lived":true, "marked":true}}
{"address":"0x7fcbb194dbb0", "type":"ARRAY", "class":"0x7fcbb10d19a0", "length":0, "memsize":40, "flags":{"wb_protected":true, "old":true, "long_lived":true, "marked":true}}
{"address":"0x7fcbb194dc28", "type":"STRING", "class":"0x7fcbb10e0ef0", "embedded":true, "bytesize":3, "value":"bin", "encoding":"UTF-8", "memsize":40, "flags":{"wb_protected":true, "old":true, "long_lived":true, "marked":true}}
{"address":"0x7fcbb194dca0", "type":"ARRAY", "class":"0x7fcbb10d19a0", "length":0, "memsize":40, "flags":{"wb_protected":true, "old":true, "long_lived":true, "marked":true}}
{"address":"0x7fcbb194dfe8", "type":"OBJECT", "class":"0x7fcbb1906558", "ivars":50, "references":["0x7fcbb194c6e8", "0x7fcbb194d390", "0x7fcbb194d098", "0x7fcbb194d340", "0x7fcbb194dca0", "0x7fcbb194dc28", "0x7fcbb194dbb0", "0x7fcbb1906198", "0x7fcbb194dae8", "0x7fcbb194d048", "0x7fcbb194d9f8", "0x7fcbb194d980", "0x7fcbb1957a70", "0x7fcbb194d890", "0x7fcbb194d818", "0x7fcbb194d7a0", "0x7fcbb194d728", "0x7fcbb194d6b0", "0x7fcbb194d638", "0x7fcbb194d5c0", "0x7fcbb194d548", "0x7fcbb194d4d0", "0x7fcbb194d408", "0x7fcbb18e7e50"], "memsize":440, "flags":{"wb_protected":true, "old":true, "long_lived":true, "marked":true}}
{"address":"0x7fcbb194e1a0", "type":"STRING", "class":"0x7fcbb10e0ef0", "frozen":true, "fstring":true, "bytesize":30, "value":"rake/thread_history_display.rb", "encoding":"UTF-8", "memsize":71, "flags":{"wb_protected":true, "old":true, "long_lived":true, "marked":true}}
{"address":"0x7fcbb194e268", "type":"STRING", "class":"0x7fcbb10e0ef0", "frozen":true, "fstring":true, "bytesize":27, "value":"rake/task_argument_error.rb", "encoding":"UTF-8", "memsize":68, "flags":{"wb_protected":true, "old":true, "long_lived":true, "marked":true}}
{"address":"0x7fcbb194e308", "type":"STRING", "class":"0x7fcbb10e0ef0", "frozen":true, "fstring":true, "bytesize":37, "value":"rake/rule_recursion_overflow_error.rb", "encoding":"UTF-8", "memsize":78, "flags":{"wb_protected":true, "old":true, "long_lived":true, "marked":true}}
{"address":"0x7fcbb194e330", "type":"STRING", "class":"0x7fcbb10e0ef0", "frozen":true, "fstring":true, "bytesize":29, "value":"rake/ruby182_test_unit_fix.rb", "encoding":"UTF-8", "memsize":70, "flags":{"wb_protected":true, "old":true, "long_lived":true, "marked":true}}
{"address":"0x7fcbb194e380", "type":"STRING", "class":"0x7fcbb10e0ef0", "frozen":true, "fstring":true, "bytesize":24, "value":"rake/rake_test_loader.rb", "encoding":"UTF-8", "memsize":65, "flags":{"wb_protected":true, "old":true, "long_lived":true, "marked":true}}
{"address":"0x7fcbb194e510", "type":"STRING", "class":"0x7fcbb10e0ef0", "frozen":true, "fstring":true, "bytesize":24, "value":"rake/loaders/makefile.rb", "encoding":"UTF-8", "memsize":65, "flags":{"wb_protected":true, "old":true, "long_lived":true, "marked":true}}
{"address":"0x7fcbb194e588", "type":"STRING", "class":"0x7fcbb10e0ef0", "frozen":true, "fstring":true, "bytesize":34, "value":"rake/invocation_exception_mixin.rb", "encoding":"UTF-8", "memsize":75, "flags":{"wb_protected":true, "old":true, "long_lived":true, "marked":true}}
{"address":"0x7fcbb194e5b0", "type":"STRING", "class":"0x7fcbb10e0ef0", "frozen":true, "fstring":true, "bytesize":24, "value":"rake/invocation_chain.rb", "encoding":"UTF-8", "memsize":65, "flags":{"wb_protected":true, "old":true, "long_lived":true, "marked":true}}
{"address":"0x7fcbb194e6a0", "type":"STRING", "class":"0x7fcbb10e0ef0", "frozen":true, "fstring":true, "bytesize":26, "value":"rake/file_creation_task.rb", "encoding":"UTF-8", "memsize":67, "flags":{"wb_protected":true, "old":true, "long_lived":true, "marked":true}}
{"address":"0x7fcbb194e858", "type":"STRING", "class":"0x7fcbb10e0ef0", "frozen":true, "fstring":true, "bytesize":28, "value":"rake/contrib/sshpublisher.rb", "encoding":"UTF-8", "memsize":69, "flags":{"wb_protected":true, "old":true, "long_lived":true, "marked":true}}
{"address":"0x7fcbb194e880", "type":"STRING", "class":"0x7fcbb10e0ef0", "frozen":true, "fstring":true, "bytesize":34, "value":"rake/contrib/rubyforgepublisher.rb", "encoding":"UTF-8", "memsize":75, "flags":{"wb_protected":true, "old":true, "long_lived":true, "marked":true}}
{"address":"0x7fcbb194e8a8", "type":"STRING", "class":"0x7fcbb10e0ef0", "frozen":true, "fstring":true, "bytesize":25, "value":"rake/contrib/publisher.rb", "encoding":"UTF-8", "memsize":66, "flags":{"wb_protected":true, "old":true, "long_lived":true, "marked":true}}
{"address":"0x7fcbb194e8d0", "type":"STRING", "class":"0x7fcbb10e0ef0", "frozen":true, "fstring":true, "bytesize":24, "value":"rake/contrib/ftptools.rb", "encoding":"UTF-8", "memsize":65, "flags":{"wb_protected":true, "old":true, "long_lived":true, "marked":true}}
{"address":"0x7fcbb194e8f8", "type":"STRING", "class":"0x7fcbb10e0ef0", "frozen":true, "fstring":true, "bytesize":34, "value":"rake/contrib/compositepublisher.rb", "encoding":"UTF-8", "memsize":75, "flags":{"wb_protected":true, "old":true, "long_lived":true, "marked":true}}
{"address":"0x7fcbb194ea10", "type":"STRING", "class":"0x7fcbb10e0ef0", "frozen":true, "fstring":true, "bytesize":30, "value":"This rake is bundled with Ruby", "encoding":"UTF-8", "memsize":71, "flags":{"wb_protected":true, "old":true, "long_lived":true, "marked":true}}
{"address":"0x7fcbb1957318", "type":"STRING", "class":"0x7fcbb10e0ef0", "frozen":true, "bytesize":96, "value":"/Users/path/.rvm/rubies/ruby-2.2.3/lib/ruby/gems/2.2.0/specifications/default/rdoc-4.2.0.gemspec", "encoding":"UTF-8", "memsize":137, "flags":{"wb_protected":true, "old":true, "long_lived":true, "marked":true}}
{"address":"0x7fcbb1957368", "type":"STRING", "class":"0x7fcbb10e0ef0", "frozen":true, "embedded":true, "bytesize":13, "value":"rake/win32.rb", "encoding":"UTF-8", "memsize":40, "flags":{"wb_protected":true, "old":true, "long_lived":true, "marked":true}}
{"address":"0x7fcbb1957390", "type":"STRING", "class":"0x7fcbb10e0ef0", "frozen":true, "embedded":true, "bytesize":15, "value":"rake/version.rb", "encoding":"UTF-8", "memsize":40, "flags":{"wb_protected":true, "old":true, "long_lived":true, "marked":true}}
{"address":"0x7fcbb19573b8", "type":"STRING", "class":"0x7fcbb10e0ef0", "frozen":true, "embedded":true, "bytesize":20, "value":"rake/trace_output.rb", "encoding":"UTF-8", "memsize":40, "flags":{"wb_protected":true, "old":true, "long_lived":true, "marked":true}}
{"address":"0x7fcbb19573e0", "type":"STRING", "class":"0x7fcbb10e0ef0", "frozen":true, "embedded":true, "bytesize":19, "value":"rake/thread_pool.rb", "encoding":"UTF-8", "memsize":40, "flags":{"wb_protected":true, "old":true, "long_lived":true, "marked":true}}
{"address":"0x7fcbb1957408", "type":"STRING", "class":"0x7fcbb10e0ef0", "frozen":true, "embedded":true, "bytesize":16, "value":"rake/testtask.rb", "encoding":"UTF-8", "memsize":40, "flags":{"wb_protected":true, "old":true, "long_lived":true, "marked":true}}
{"address":"0x7fcbb1957430", "type":"STRING", "class":"0x7fcbb10e0ef0", "frozen":true, "embedded":true, "bytesize":15, "value":"rake/tasklib.rb", "encoding":"UTF-8", "memsize":40, "flags":{"wb_protected":true, "old":true, "long_lived":true, "marked":true}}
{"address":"0x7fcbb1957458", "type":"STRING", "class":"0x7fcbb10e0ef0", "frozen":true, "embedded":true, "bytesize":20, "value":"rake/task_manager.rb", "encoding":"UTF-8", "memsize":40, "flags":{"wb_protected":true, "old":true, "long_lived":true, "marked":true}}
{"address":"0x7fcbb1957480", "type":"STRING", "class":"0x7fcbb10e0ef0", "frozen":true, "embedded":true, "bytesize":22, "value":"rake/task_arguments.rb", "encoding":"UTF-8", "memsize":40, "flags":{"wb_protected":true, "old":true, "long_lived":true, "marked":true}}
{"address":"0x7fcbb19574a8", "type":"STRING", "class":"0x7fcbb10e0ef0", "frozen":true, "embedded":true, "bytesize":12, "value":"rake/task.rb", "encoding":"UTF-8", "memsize":40, "flags":{"wb_protected":true, "old":true, "long_lived":true, "marked":true}}
{"address":"0x7fcbb19574d0", "type":"STRING", "class":"0x7fcbb10e0ef0", "frozen":true, "embedded":true, "bytesize":13, "value":"rake/scope.rb", "encoding":"UTF-8", "memsize":40, "flags":{"wb_protected":true, "old":true, "long_lived":true, "marked":true}}
{"address":"0x7fcbb19574f8", "type":"STRING", "class":"0x7fcbb10e0ef0", "frozen":true, "embedded":true, "bytesize":15, "value":"rake/runtest.rb", "encoding":"UTF-8", "memsize":40, "flags":{"wb_protected":true, "old":true, "long_lived":true, "marked":true}}
{"address":"0x7fcbb1957520", "type":"STRING", "class":"0x7fcbb10e0ef0", "frozen":true, "embedded":true, "bytesize":16, "value":"rake/rdoctask.rb", "encoding":"UTF-8", "memsize":40, "flags":{"wb_protected":true, "old":true, "long_lived":true, "marked":true}}
{"address":"0x7fcbb1957548", "type":"STRING", "class":"0x7fcbb10e0ef0", "frozen":true, "embedded":true, "bytesize":19, "value":"rake/rake_module.rb", "encoding":"UTF-8", "memsize":40, "flags":{"wb_protected":true, "old":true, "long_lived":true, "marked":true}}
{"address":"0x7fcbb1957570", "type":"STRING", "class":"0x7fcbb10e0ef0", "frozen":true, "embedded":true, "bytesize":21, "value":"rake/pseudo_status.rb", "encoding":"UTF-8", "memsize":40, "flags":{"wb_protected":true, "old":true, "long_lived":true, "marked":true}}
{"address":"0x7fcbb1957598", "type":"STRING", "class":"0x7fcbb10e0ef0", "frozen":true, "embedded":true, "bytesize":15, "value":"rake/promise.rb", "encoding":"UTF-8", "memsize":40, "flags":{"wb_protected":true, "old":true, "long_lived":true, "marked":true}}
{"address":"0x7fcbb19575c0", "type":"STRING", "class":"0x7fcbb10e0ef0", "frozen":true, "embedded":true, "bytesize":22, "value":"rake/private_reader.rb", "encoding":"UTF-8", "memsize":40, "flags":{"wb_protected":true, "old":true, "long_lived":true, "marked":true}}
{"address":"0x7fcbb19575e8", "type":"STRING", "class":"0x7fcbb10e0ef0", "frozen":true, "embedded":true, "bytesize":13, "value":"rake/phony.rb", "encoding":"UTF-8", "memsize":40, "flags":{"wb_protected":true, "old":true, "long_lived":true, "marked":true}}
{"address":"0x7fcbb1957610", "type":"STRING", "class":"0x7fcbb10e0ef0", "frozen":true, "embedded":true, "bytesize":15, "value":"rake/pathmap.rb", "encoding":"UTF-8", "memsize":40, "flags":{"wb_protected":true, "old":true, "long_lived":true, "marked":true}}
{"address":"0x7fcbb1957638", "type":"STRING", "class":"0x7fcbb10e0ef0", "frozen":true, "embedded":true, "bytesize":19, "value":"rake/packagetask.rb", "encoding":"UTF-8", "memsize":40, "flags":{"wb_protected":true, "old":true, "long_lived":true, "marked":true}}
{"address":"0x7fcbb1957660", "type":"STRING", "class":"0x7fcbb10e0ef0", "frozen":true, "embedded":true, "bytesize":18, "value":"rake/name_space.rb", "encoding":"UTF-8", "memsize":40, "flags":{"wb_protected":true, "old":true, "long_lived":true, "marked":true}}
{"address":"0x7fcbb1957688", "type":"STRING", "class":"0x7fcbb10e0ef0", "frozen":true, "embedded":true, "bytesize":18, "value":"rake/multi_task.rb", "encoding":"UTF-8", "memsize":40, "flags":{"wb_protected":true, "old":true, "long_lived":true, "marked":true}}
{"address":"0x7fcbb19576b0", "type":"STRING", "class":"0x7fcbb10e0ef0", "frozen":true, "embedded":true, "bytesize":19, "value":"rake/linked_list.rb", "encoding":"UTF-8", "memsize":40, "flags":{"wb_protected":true, "old":true, "long_lived":true, "marked":true}}
{"address":"0x7fcbb19576d8", "type":"STRING", "class":"0x7fcbb10e0ef0", "frozen":true, "embedded":true, "bytesize":17, "value":"rake/late_time.rb", "encoding":"UTF-8", "memsize":40, "flags":{"wb_protected":true, "old":true, "long_lived":true, "marked":true}}
{"address":"0x7fcbb1957700", "type":"STRING", "class":"0x7fcbb10e0ef0", "frozen":true, "embedded":true, "bytesize":22, "value":"rake/gempackagetask.rb", "encoding":"UTF-8", "memsize":40, "flags":{"wb_protected":true, "old":true, "long_lived":true, "marked":true}}
{"address":"0x7fcbb1957728", "type":"STRING", "class":"0x7fcbb10e0ef0", "frozen":true, "embedded":true, "bytesize":22, "value":"rake/file_utils_ext.rb", "encoding":"UTF-8", "memsize":40, "flags":{"wb_protected":true, "old":true, "long_lived":true, "marked":true}}
{"address":"0x7fcbb1957750", "type":"STRING", "class":"0x7fcbb10e0ef0", "frozen":true, "embedded":true, "bytesize":18, "value":"rake/file_utils.rb", "encoding":"UTF-8", "memsize":40, "flags":{"wb_protected":true, "old":true, "long_lived":true, "marked":true}}
{"address":"0x7fcbb1957778", "type":"STRING", "class":"0x7fcbb10e0ef0", "frozen":true, "embedded":true, "bytesize":17, "value":"rake/file_task.rb", "encoding":"UTF-8", "memsize":40, "flags":{"wb_protected":true, "old":true, "long_lived":true, "marked":true}}
{"address":"0x7fcbb19577a0", "type":"STRING", "class":"0x7fcbb10e0ef0", "frozen":true, "embedded":true, "bytesize":17, "value":"rake/file_list.rb", "encoding":"UTF-8", "memsize":40, "flags":{"wb_protected":true, "old":true, "long_lived":true, "marked":true}}
{"address":"0x7fcbb19577c8", "type":"STRING", "class":"0x7fcbb10e0ef0", "frozen":true, "embedded":true, "bytesize":16, "value":"rake/ext/time.rb", "encoding":"UTF-8", "memsize":40, "flags":{"wb_protected":true, "old":true, "long_lived":true, "marked":true}}
{"address":"0x7fcbb19577f0", "type":"STRING", "class":"0x7fcbb10e0ef0", "frozen":true, "embedded":true, "bytesize":18, "value":"rake/ext/string.rb", "encoding":"UTF-8", "memsize":40, "flags":{"wb_protected":true, "old":true, "long_lived":true, "marked":true}}
{"address":"0x7fcbb1957818", "type":"STRING", "class":"0x7fcbb10e0ef0", "frozen":true, "embedded":true, "bytesize":20, "value":"rake/ext/pathname.rb", "encoding":"UTF-8", "memsize":40, "flags":{"wb_protected":true, "old":true, "long_lived":true, "marked":true}}
{"address":"0x7fcbb1957840", "type":"STRING", "class":"0x7fcbb10e0ef0", "frozen":true, "embedded":true, "bytesize":18, "value":"rake/ext/module.rb", "encoding":"UTF-8", "memsize":40, "flags":{"wb_protected":true, "old":true, "long_lived":true, "marked":true}}
{"address":"0x7fcbb1957868", "type":"STRING", "class":"0x7fcbb10e0ef0", "frozen":true, "embedded":true, "bytesize":16, "value":"rake/ext/core.rb", "encoding":"UTF-8", "memsize":40, "flags":{"wb_protected":true, "old":true, "long_lived":true, "marked":true}}
{"address":"0x7fcbb1957890", "type":"STRING", "class":"0x7fcbb10e0ef0", "frozen":true, "embedded":true, "bytesize":18, "value":"rake/early_time.rb", "encoding":"UTF-8", "memsize":40, "flags":{"wb_protected":true, "old":true, "long_lived":true, "marked":true}}
{"address":"0x7fcbb19578b8", "type":"STRING", "class":"0x7fcbb10e0ef0", "frozen":true, "embedded":true, "bytesize":22, "value":"rake/dsl_definition.rb", "encoding":"UTF-8", "memsize":40, "flags":{"wb_protected":true, "old":true, "long_lived":true, "marked":true}}
{"address":"0x7fcbb19578e0", "type":"STRING", "class":"0x7fcbb10e0ef0", "frozen":true, "embedded":true, "bytesize":22, "value":"rake/default_loader.rb", "encoding":"UTF-8", "memsize":40, "flags":{"wb_protected":true, "old":true, "long_lived":true, "marked":true}}
{"address":"0x7fcbb1957908", "type":"STRING", "class":"0x7fcbb10e0ef0", "frozen":true, "embedded":true, "bytesize":19, "value":"rake/cpu_counter.rb", "encoding":"UTF-8", "memsize":40, "flags":{"wb_protected":true, "old":true, "long_lived":true, "marked":true}}
{"address":"0x7fcbb1957930", "type":"STRING", "class":"0x7fcbb10e0ef0", "frozen":true, "embedded":true, "bytesize":19, "value":"rake/contrib/sys.rb", "encoding":"UTF-8", "memsize":40, "flags":{"wb_protected":true, "old":true, "long_lived":true, "marked":true}}
{"address":"0x7fcbb1957958", "type":"STRING", "class":"0x7fcbb10e0ef0", "frozen":true, "embedded":true, "bytesize":17, "value":"rake/cloneable.rb", "encoding":"UTF-8", "memsize":40, "flags":{"wb_protected":true, "old":true, "long_lived":true, "marked":true}}
{"address":"0x7fcbb1957980", "type":"STRING", "class":"0x7fcbb10e0ef0", "frozen":true, "embedded":true, "bytesize":13, "value":"rake/clean.rb", "encoding":"UTF-8", "memsize":40, "flags":{"wb_protected":true, "old":true, "long_lived":true, "marked":true}}
{"address":"0x7fcbb19579a8", "type":"STRING", "class":"0x7fcbb10e0ef0", "frozen":true, "embedded":true, "bytesize":17, "value":"rake/backtrace.rb", "encoding":"UTF-8", "memsize":40, "flags":{"wb_protected":true, "old":true, "long_lived":true, "marked":true}}
{"address":"0x7fcbb19579d0", "type":"STRING", "class":"0x7fcbb10e0ef0", "frozen":true, "embedded":true, "bytesize":19, "value":"rake/application.rb", "encoding":"UTF-8", "memsize":40, "flags":{"wb_protected":true, "old":true, "long_lived":true, "marked":true}}
{"address":"0x7fcbb19579f8", "type":"STRING", "class":"0x7fcbb10e0ef0", "frozen":true, "embedded":true, "bytesize":18, "value":"rake/alt_system.rb", "encoding":"UTF-8", "memsize":40, "flags":{"wb_protected":true, "old":true, "long_lived":true, "marked":true}}
{"address":"0x7fcbb1957a20", "type":"STRING", "class":"0x7fcbb10e0ef0", "frozen":true, "embedded":true, "bytesize":7, "value":"rake.rb", "encoding":"UTF-8", "memsize":40, "flags":{"wb_protected":true, "old":true, "long_lived":true, "marked":true}}
{"address":"0x7fcbb1957a70", "type":"ARRAY", "class":"0x7fcbb10d19a0", "length":59, "references":["0x7fcbb194c648", "0x7fcbb194d020", "0x7fcbb194cff8", "0x7fcbb194cfd0", "0x7fcbb194cfa8", "0x7fcbb194cf80", "0x7fcbb194cf58", "0x7fcbb194cf30", "0x7fcbb194cf08", "0x7fcbb194cee0", "0x7fcbb194ceb8", "0x7fcbb194ce90", "0x7fcbb194ce68", "0x7fcbb194ce40", "0x7fcbb194ce18", "0x7fcbb194cdf0", "0x7fcbb194cdc8", "0x7fcbb194cda0", "0x7fcbb194cd78", "0x7fcbb194cd50", "0x7fcbb194cd28", "0x7fcbb194cd00", "0x7fcbb194ccd8", "0x7fcbb194ccb0", "0x7fcbb194cc88", "0x7fcbb194cc60", "0x7fcbb194cc38", "0x7fcbb194cc10", "0x7fcbb194cbe8", "0x7fcbb194cbc0", "0x7fcbb194cb98", "0x7fcbb194cb70", "0x7fcbb194cb48", "0x7fcbb194cb20", "0x7fcbb194caf8", "0x7fcbb194cad0", "0x7fcbb194caa8", "0x7fcbb194ca80", "0x7fcbb194ca58", "0x7fcbb194ca30", "0x7fcbb194ca08", "0x7fcbb194c9e0", "0x7fcbb194c9b8", "0x7fcbb194c990", "0x7fcbb194c968", "0x7fcbb194c940", "0x7fcbb194c918", "0x7fcbb194c8f0", "0x7fcbb194c8c8", "0x7fcbb194c8a0", "0x7fcbb194c878", "0x7fcbb194c850", "0x7fcbb194c828", "0x7fcbb194c800", "0x7fcbb194c7d8", "0x7fcbb194c7b0", "0x7fcbb194c788", "0x7fcbb194c760", "0x7fcbb194c738"], "memsize":512, "flags":{"wb_protected":true, "old":true, "long_lived":true, "marked":true}}
{"address":"0x7fcbb195c020", "type":"STRING", "class":"0x7fcbb10e0ef0", "embedded":true, "bytesize":19, "value":"rdoc/code_object.rb", "encoding":"UTF-8", "memsize":40, "flags":{"wb_protected":true, "old":true, "long_lived":true, "marked":true}}
{"address":"0x7fcbb195c048", "type":"STRING", "class":"0x7fcbb10e0ef0", "embedded":true, "bytesize":20, "value":"rdoc/class_module.rb", "encoding":"UTF-8", "memsize":40, "flags":{"wb_protected":true, "old":true, "long_lived":true, "marked":true}}
{"address":"0x7fcbb195c070", "type":"STRING", "class":"0x7fcbb10e0ef0", "embedded":true, "bytesize":12, "value":"rdoc/attr.rb", "encoding":"UTF-8", "memsize":40, "flags":{"wb_protected":true, "old":true, "long_lived":true, "marked":true}}
{"address":"0x7fcbb195c098", "type":"STRING", "class":"0x7fcbb10e0ef0", "embedded":true, "bytesize":18, "value":"rdoc/any_method.rb", "encoding":"UTF-8", "memsize":40, "flags":{"wb_protected":true, "old":true, "long_lived":true, "marked":true}}
{"address":"0x7fcbb195c0c0", "type":"STRING", "class":"0x7fcbb10e0ef0", "embedded":true, "bytesize":18, "value":"rdoc/anon_class.rb", "encoding":"UTF-8", "memsize":40, "flags":{"wb_protected":true, "old":true, "long_lived":true, "marked":true}}
{"address":"0x7fcbb195c0e8", "type":"STRING", "class":"0x7fcbb10e0ef0", "embedded":true, "bytesize":13, "value":"rdoc/alias.rb", "encoding":"UTF-8", "memsize":40, "flags":{"wb_protected":true, "old":true, "long_lived":true, "marked":true}}
{"address":"0x7fcbb195c110", "type":"STRING", "class":"0x7fcbb10e0ef0", "embedded":true, "bytesize":7, "value":"rdoc.rb", "encoding":"UTF-8", "memsize":40, "flags":{"wb_protected":true, "old":true, "long_lived":true, "marked":true}}
{"address":"0x7fcbb195c138", "type":"ARRAY", "class":"0x7fcbb10d19a0", "length":2, "embedded":true, "references":["0x7fcbb195c188", "0x7fcbb195c160"], "memsize":40, "flags":{"wb_protected":true, "old":true, "long_lived":true, "marked":true}}
{"address":"0x7fcbb195c160", "type":"STRING", "class":"0x7fcbb10e0ef0", "embedded":true, "bytesize":2, "value":"ri", "encoding":"UTF-8", "memsize":40, "flags":{"wb_protected":true, "old":true, "long_lived":true, "marked":true}}
{"address":"0x7fcbb195c188", "type":"STRING", "class":"0x7fcbb10e0ef0", "embedded":true, "bytesize":4, "value":"rdoc", "encoding":"UTF-8", "memsize":40, "flags":{"wb_protected":true, "old":true, "long_lived":true, "marked":true}}
{"address":"0x7fcbb195c1b0", "type":"STRING", "class":"0x7fcbb10e0ef0", "shared":true, "encoding":"UTF-8", "references":["0x7fcbb195e410"], "memsize":40, "flags":{"wb_protected":true, "old":true, "long_lived":true, "marked":true}}
{"address":"0x7fcbb195c2f0", "type":"STRING", "class":"0x7fcbb10e0ef0", "frozen":true, "embedded":true, "bytesize":5, "value":"4.2.0", "encoding":"UTF-8", "memsize":40, "flags":{"wb_protected":true, "old":true, "long_lived":true, "marked":true}}
{"address":"0x7fcbb195c318", "type":"STRING", "class":"0x7fcbb10e0ef0", "embedded":true, "bytesize":5, "value":"4.2.0", "encoding":"UTF-8", "memsize":40, "flags":{"wb_protected":true, "old":true, "long_lived":true, "marked":true}}
{"address":"0x7fcbb195c458", "type":"OBJECT", "class":"0x7fcbb18ac238", "ivars":3, "references":["0x7fcbb195c318"], "memsize":40, "flags":{"wb_protected":true, "old":true, "long_lived":true, "marked":true}}
{"address":"0x7fcbb195c4a8", "type":"STRING", "class":"0x7fcbb10e0ef0", "embedded":true, "bytesize":4, "value":"rdoc", "encoding":"UTF-8", "memsize":40, "flags":{"wb_protected":true, "old":true, "long_lived":true, "marked":true}}
{"address":"0x7fcbb195c520", "type":"ARRAY", "class":"0x7fcbb10d19a0", "length":0, "memsize":40, "flags":{"wb_protected":true, "old":true, "long_lived":true, "marked":true}}
{"address":"0x7fcbb195c5e8", "type":"STRING", "class":"0x7fcbb10e0ef0", "embedded":true, "bytesize":5, "value":"2.4.8", "encoding":"UTF-8", "memsize":40, "flags":{"wb_protected":true, "old":true, "long_lived":true, "marked":true}}
{"address":"0x7fcbb195c660", "type":"ARRAY", "class":"0x7fcbb10d19a0", "length":0, "memsize":40, "flags":{"wb_protected":true, "old":true, "long_lived":true, "marked":true}}
{"address":"0x7fcbb195c6d8", "type":"OBJECT", "class":"0x7fcbb1869a78", "ivars":3, "references":["0x7fcbb1905bd0"], "memsize":40, "flags":{"wb_protected":true, "old":true, "long_lived":true, "marked":true}}
{"address":"0x7fcbb195c750", "type":"OBJECT", "class":"0x7fcbb1869a78", "ivars":3, "references":["0x7fcbb1905e00"], "memsize":40, "flags":{"wb_protected":true, "old":true, "long_lived":true, "marked":true}}
{"address":"0x7fcbb195c7c8", "type":"ARRAY", "class":"0x7fcbb10d19a0", "length":1, "embedded":true, "references":["0x7fcbb1905f18"], "memsize":40, "flags":{"wb_protected":true, "old":true, "long_lived":true, "marked":true}}
{"address":"0x7fcbb195c840", "type":"ARRAY", "class":"0x7fcbb10d19a0", "length":0, "memsize":40, "flags":{"wb_protected":true, "old":true, "long_lived":true, "marked":true}}
{"address":"0x7fcbb195c8b8", "type":"STRING", "class":"0x7fcbb10e0ef0", "embedded":true, "bytesize":4, "value":"ruby", "encoding":"UTF-8", "memsize":40, "flags":{"wb_protected":true, "old":true, "long_lived":true, "marked":true}}
{"address":"0x7fcbb195c930", "type":"HASH", "class":"0x7fcbb10d1270", "size":0, "memsize":40, "flags":{"wb_protected":true, "old":true, "long_lived":true, "marked":true}}
{"address":"0x7fcbb195c9a8", "type":"ARRAY", "class":"0x7fcbb10d19a0", "length":0, "memsize":40, "flags":{"wb_protected":true, "old":true, "long_lived":true, "marked":true}}
{"address":"0x7fcbb195ca98", "type":"ARRAY", "class":"0x7fcbb10d19a0", "length":0, "memsize":40, "flags":{"wb_protected":true, "old":true, "long_lived":true, "marked":true}}
{"address":"0x7fcbb195cb10", "type":"ARRAY", "class":"0x7fcbb10d19a0", "length":0, "memsize":40, "flags":{"wb_protected":true, "old":true, "long_lived":true, "marked":true}}
{"address":"0x7fcbb195cc00", "type":"ARRAY", "class":"0x7fcbb10d19a0", "length":0, "memsize":40, "flags":{"wb_protected":true, "old":true, "long_lived":true, "marked":true}}
{"address":"0x7fcbb195ccc8", "type":"ARRAY", "class":"0x7fcbb10d19a0", "length":0, "memsize":40, "flags":{"wb_protected":true, "old":true, "long_lived":true, "marked":true}}
{"address":"0x7fcbb195cd40", "type":"STRING", "class":"0x7fcbb10e0ef0", "embedded":true, "bytesize":3, "value":"bin", "encoding":"UTF-8", "memsize":40, "flags":{"wb_protected":true, "old":true, "long_lived":true, "marked":true}}
{"address":"0x7fcbb195cdb8", "type":"ARRAY", "class":"0x7fcbb10d19a0", "length":0, "memsize":40, "flags":{"wb_protected":true, "old":true, "long_lived":true, "marked":true}}
{"address":"0x7fcbb195d100", "type":"OBJECT", "class":"0x7fcbb1906558", "ivars":50, "references":["0x7fcbb19673d0", "0x7fcbb195c4a8", "0x7fcbb195c1b0", "0x7fcbb195c458", "0x7fcbb195cdb8", "0x7fcbb195cd40", "0x7fcbb195ccc8", "0x7fcbb1906198", "0x7fcbb195cc00", "0x7fcbb195c138", "0x7fcbb195cb10", "0x7fcbb195ca98", "0x7fcbb1965530", "0x7fcbb195c9a8", "0x7fcbb195c930", "0x7fcbb195c8b8", "0x7fcbb195c840", "0x7fcbb195c7c8", "0x7fcbb195c750", "0x7fcbb195c6d8", "0x7fcbb195c660", "0x7fcbb195c5e8", "0x7fcbb195c520", "0x7fcbb18e7e50"], "memsize":440, "flags":{"wb_protected":true, "old":true, "long_lived":true, "marked":true}}
{"address":"0x7fcbb195d5d8", "type":"STRING", "class":"0x7fcbb10e0ef0", "frozen":true, "fstring":true, "bytesize":24, "value":"rdoc/rd/inline_parser.rb", "encoding":"UTF-8", "memsize":65, "flags":{"wb_protected":true, "old":true, "long_lived":true, "marked":true}}
{"address":"0x7fcbb195d6c8", "type":"STRING", "class":"0x7fcbb10e0ef0", "frozen":true, "fstring":true, "bytesize":25, "value":"rdoc/parser/ruby_tools.rb", "encoding":"UTF-8", "memsize":66, "flags":{"wb_protected":true, "old":true, "long_lived":true, "marked":true}}
{"address":"0x7fcbb195d768", "type":"STRING", "class":"0x7fcbb10e0ef0", "frozen":true, "fstring":true, "bytesize":24, "value":"rdoc/parser/changelog.rb", "encoding":"UTF-8", "memsize":65, "flags":{"wb_protected":true, "old":true, "long_lived":true, "marked":true}}
{"address":"0x7fcbb195d8f8", "type":"STRING", "class":"0x7fcbb10e0ef0", "frozen":true, "fstring":true, "bytesize":25, "value":"rdoc/markup/to_tt_only.rb", "encoding":"UTF-8", "memsize":66, "flags":{"wb_protected":true, "old":true, "long_lived":true, "marked":true}}
{"address":"0x7fcbb195d948", "type":"STRING", "class":"0x7fcbb10e0ef0", "frozen":true, "fstring":true, "bytesize":35, "value":"rdoc/markup/to_table_of_contents.rb", "encoding":"UTF-8", "memsize":76, "flags":{"wb_protected":true, "old":true, "long_lived":true, "marked":true}}
{"address":"0x7fcbb195d998", "type":"STRING", "class":"0x7fcbb10e0ef0", "frozen":true, "fstring":true, "bytesize":26, "value":"rdoc/markup/to_markdown.rb", "encoding":"UTF-8", "memsize":67, "flags":{"wb_protected":true, "old":true, "long_lived":true, "marked":true}}
{"address":"0x7fcbb195d9e8", "type":"STRING", "class":"0x7fcbb10e0ef0", "frozen":true, "fstring":true, "bytesize":34, "value":"rdoc/markup/to_joined_paragraph.rb", "encoding":"UTF-8", "memsize":75, "flags":{"wb_protected":true, "old":true, "long_lived":true, "marked":true}}
{"address":"0x7fcbb195da10", "type":"STRING", "class":"0x7fcbb10e0ef0", "frozen":true, "fstring":true, "bytesize":30, "value":"rdoc/markup/to_html_snippet.rb", "encoding":"UTF-8", "memsize":71, "flags":{"wb_protected":true, "old":true, "long_lived":true, "marked":true}}
{"address":"0x7fcbb195da38", "type":"STRING", "class":"0x7fcbb10e0ef0", "frozen":true, "fstring":true, "bytesize":31, "value":"rdoc/markup/to_html_crossref.rb", "encoding":"UTF-8", "memsize":72, "flags":{"wb_protected":true, "old":true, "long_lived":true, "marked":true}}
{"address":"0x7fcbb195dad8", "type":"STRING", "class":"0x7fcbb10e0ef0", "frozen":true, "fstring":true, "bytesize":39, "value":"rdoc/markup/text_formatter_test_case.rb", "encoding":"UTF-8", "memsize":80, "flags":{"wb_protected":true, "old":true, "long_lived":true, "marked":true}}
{"address":"0x7fcbb195db78", "type":"STRING", "class":"0x7fcbb10e0ef0", "frozen":true, "fstring":true, "bytesize":26, "value":"rdoc/markup/pre_process.rb", "encoding":"UTF-8", "memsize":67, "flags":{"wb_protected":true, "old":true, "long_lived":true, "marked":true}}
{"address":"0x7fcbb195dbc8", "type":"STRING", "class":"0x7fcbb10e0ef0", "frozen":true, "fstring":true, "bytesize":24, "value":"rdoc/markup/paragraph.rb", "encoding":"UTF-8", "memsize":65, "flags":{"wb_protected":true, "old":true, "long_lived":true, "marked":true}}
{"address":"0x7fcbb195dbf0", "type":"STRING", "class":"0x7fcbb10e0ef0", "frozen":true, "fstring":true, "bytesize":24, "value":"rdoc/markup/list_item.rb", "encoding":"UTF-8", "memsize":65, "flags":{"wb_protected":true, "old":true, "long_lived":true, "marked":true}}
{"address":"0x7fcbb195dc68", "type":"STRING", "class":"0x7fcbb10e0ef0", "frozen":true, "fstring":true, "bytesize":33, "value":"rdoc/markup/indented_paragraph.rb", "encoding":"UTF-8", "memsize":74, "flags":{"wb_protected":true, "old":true, "long_lived":true, "marked":true}}
{"address":"0x7fcbb195dce0", "type":"STRING", "class":"0x7fcbb10e0ef0", "frozen":true, "fstring":true, "bytesize":25, "value":"rdoc/markup/hard_break.rb", "encoding":"UTF-8", "memsize":66, "flags":{"wb_protected":true, "old":true, "long_lived":true, "marked":true}}
{"address":"0x7fcbb195dd08", "type":"STRING", "class":"0x7fcbb10e0ef0", "frozen":true, "fstring":true, "bytesize":34, "value":"rdoc/markup/formatter_test_case.rb", "encoding":"UTF-8", "memsize":75, "flags":{"wb_protected":true, "old":true, "long_lived":true, "marked":true}}
{"address":"0x7fcbb195dd30", "type":"STRING", "class":"0x7fcbb10e0ef0", "frozen":true, "fstring":true, "bytesize":24, "value":"rdoc/markup/formatter.rb", "encoding":"UTF-8", "memsize":65, "flags":{"wb_protected":true, "old":true, "long_lived":true, "marked":true}}
{"address":"0x7fcbb195dd80", "type":"STRING", "class":"0x7fcbb10e0ef0", "frozen":true, "fstring":true, "bytesize":26, "value":"rdoc/markup/block_quote.rb", "encoding":"UTF-8", "memsize":67, "flags":{"wb_protected":true, "old":true, "long_lived":true, "marked":true}}
{"address":"0x7fcbb195dda8", "type":"STRING", "class":"0x7fcbb10e0ef0", "frozen":true, "fstring":true, "bytesize":25, "value":"rdoc/markup/blank_line.rb", "encoding":"UTF-8", "memsize":66, "flags":{"wb_protected":true, "old":true, "long_lived":true, "marked":true}}
{"address":"0x7fcbb195ddd0", "type":"STRING", "class":"0x7fcbb10e0ef0", "frozen":true, "fstring":true, "bytesize":25, "value":"rdoc/markup/attributes.rb", "encoding":"UTF-8", "memsize":66, "flags":{"wb_protected":true, "old":true, "long_lived":true, "marked":true}}
{"address":"0x7fcbb195ddf8", "type":"STRING", "class":"0x7fcbb10e0ef0", "frozen":true, "fstring":true, "bytesize":32, "value":"rdoc/markup/attribute_manager.rb", "encoding":"UTF-8", "memsize":73, "flags":{"wb_protected":true, "old":true, "long_lived":true, "marked":true}}
{"address":"0x7fcbb195de20", "type":"STRING", "class":"0x7fcbb10e0ef0", "frozen":true, "fstring":true, "bytesize":24, "value":"rdoc/markup/attr_span.rb", "encoding":"UTF-8", "memsize":65, "flags":{"wb_protected":true, "old":true, "long_lived":true, "marked":true}}
{"address":"0x7fcbb195de48", "type":"STRING", "class":"0x7fcbb10e0ef0", "frozen":true, "fstring":true, "bytesize":27, "value":"rdoc/markup/attr_changer.rb", "encoding":"UTF-8", "memsize":68, "flags":{"wb_protected":true, "old":true, "long_lived":true, "marked":true}}
{"address":"0x7fcbb195de98", "type":"STRING", "class":"0x7fcbb10e0ef0", "frozen":true, "fstring":true, "bytesize":29, "value":"rdoc/markdown/literals_1_9.rb", "encoding":"UTF-8", "memsize":70, "flags":{"wb_protected":true, "old":true, "long_lived":true, "marked":true}}
{"address":"0x7fcbb195dec0", "type":"STRING", "class":"0x7fcbb10e0ef0", "frozen":true, "fstring":true, "bytesize":25, "value":"rdoc/markdown/entities.rb", "encoding":"UTF-8", "memsize":66, "flags":{"wb_protected":true, "old":true, "long_lived":true, "marked":true}}
{"address":"0x7fcbb195e028", "type":"STRING", "class":"0x7fcbb10e0ef0", "frozen":true, "fstring":true, "bytesize":30, "value":"rdoc/generator/pot/po_entry.rb", "encoding":"UTF-8", "memsize":71, "flags":{"wb_protected":true, "old":true, "long_lived":true, "marked":true}}
{"address":"0x7fcbb195e050", "type":"STRING", "class":"0x7fcbb10e0ef0", "frozen":true, "fstring":true, "bytesize":24, "value":"rdoc/generator/pot/po.rb", "encoding":"UTF-8", "memsize":65, "flags":{"wb_protected":true, "old":true, "long_lived":true, "marked":true}}
{"address":"0x7fcbb195e078", "type":"STRING", "class":"0x7fcbb10e0ef0", "frozen":true, "fstring":true, "bytesize":39, "value":"rdoc/generator/pot/message_extractor.rb", "encoding":"UTF-8", "memsize":80, "flags":{"wb_protected":true, "old":true, "long_lived":true, "marked":true}}
{"address":"0x7fcbb195e0c8", "type":"STRING", "class":"0x7fcbb10e0ef0", "frozen":true, "fstring":true, "bytesize":24, "value":"rdoc/generator/markup.rb", "encoding":"UTF-8", "memsize":65, "flags":{"wb_protected":true, "old":true, "long_lived":true, "marked":true}}
{"address":"0x7fcbb195e0f0", "type":"STRING", "class":"0x7fcbb10e0ef0", "frozen":true, "fstring":true, "bytesize":28, "value":"rdoc/generator/json_index.rb", "encoding":"UTF-8", "memsize":69, "flags":{"wb_protected":true, "old":true, "long_lived":true, "marked":true}}
{"address":"0x7fcbb195e118", "type":"STRING", "class":"0x7fcbb10e0ef0", "frozen":true, "fstring":true, "bytesize":26, "value":"rdoc/generator/darkfish.rb", "encoding":"UTF-8", "memsize":67, "flags":{"wb_protected":true, "old":true, "long_lived":true, "marked":true}}
{"address":"0x7fcbb195e410", "type":"STRING", "class":"0x7fcbb10e0ef0", "frozen":true, "fstring":true, "bytesize":30, "value":"This rdoc is bundled with Ruby", "encoding":"UTF-8", "memsize":71, "flags":{"wb_protected":true, "old":true, "long_lived":true, "marked":true}}
{"address":"0x7fcbb1964748", "type":"STRING", "class":"0x7fcbb10e0ef0", "frozen":true, "fstring":true, "bytesize":91, "capacity":118, "value":"/Users/path/.rvm/rubies/ruby-2.2.3/lib/ruby/site_ruby/2.2.0/rubygems/core_ext/kernel_gem.rb", "encoding":"US-ASCII", "memsize":159, "flags":{"wb_protected":true, "old":true, "long_lived":true, "marked":true}}
{"address":"0x7fcbb19647e8", "type":"STRING", "class":"0x7fcbb10e0ef0", "frozen":true, "embedded":true, "bytesize":17, "value":"rdoc/top_level.rb", "encoding":"UTF-8", "memsize":40, "flags":{"wb_protected":true, "old":true, "long_lived":true, "marked":true}}
{"address":"0x7fcbb1964810", "type":"STRING", "class":"0x7fcbb10e0ef0", "frozen":true, "embedded":true, "bytesize":15, "value":"rdoc/tom_doc.rb", "encoding":"UTF-8", "memsize":40, "flags":{"wb_protected":true, "old":true, "long_lived":true, "marked":true}}
{"address":"0x7fcbb1964838", "type":"STRING", "class":"0x7fcbb10e0ef0", "frozen":true, "embedded":true, "bytesize":20, "value":"rdoc/token_stream.rb", "encoding":"UTF-8", "memsize":40, "flags":{"wb_protected":true, "old":true, "long_lived":true, "marked":true}}
{"address":"0x7fcbb1964860", "type":"STRING", "class":"0x7fcbb10e0ef0", "frozen":true, "embedded":true, "bytesize":12, "value":"rdoc/text.rb", "encoding":"UTF-8", "memsize":40, "flags":{"wb_protected":true, "old":true, "long_lived":true, "marked":true}}
{"address":"0x7fcbb1964888", "type":"STRING", "class":"0x7fcbb10e0ef0", "frozen":true, "embedded":true, "bytesize":17, "value":"rdoc/test_case.rb", "encoding":"UTF-8", "memsize":40, "flags":{"wb_protected":true, "old":true, "long_lived":true, "marked":true}}
{"address":"0x7fcbb19648b0", "type":"STRING", "class":"0x7fcbb10e0ef0", "frozen":true, "embedded":true, "bytesize":12, "value":"rdoc/task.rb", "encoding":"UTF-8", "memsize":40, "flags":{"wb_protected":true, "old":true, "long_lived":true, "marked":true}}
{"address":"0x7fcbb19648d8", "type":"STRING", "class":"0x7fcbb10e0ef0", "frozen":true, "embedded":true, "bytesize":13, "value":"rdoc/store.rb", "encoding":"UTF-8", "memsize":40, "flags":{"wb_protected":true, "old":true, "long_lived":true, "marked":true}}
{"address":"0x7fcbb1964900", "type":"STRING", "class":"0x7fcbb10e0ef0", "frozen":true, "embedded":true, "bytesize":21, "value":"rdoc/stats/verbose.rb", "encoding":"UTF-8", "memsize":40, "flags":{"wb_protected":true, "old":true, "long_lived":true, "marked":true}}
{"address":"0x7fcbb1964928", "type":"STRING", "class":"0x7fcbb10e0ef0", "frozen":true, "embedded":true, "bytesize":19, "value":"rdoc/stats/quiet.rb", "encoding":"UTF-8", "memsize":40, "flags":{"wb_protected":true, "old":true, "long_lived":true, "marked":true}}
{"address":"0x7fcbb1964950", "type":"STRING", "class":"0x7fcbb10e0ef0", "frozen":true, "embedded":true, "bytesize":20, "value":"rdoc/stats/normal.rb", "encoding":"UTF-8", "memsize":40, "flags":{"wb_protected":true, "old":true, "long_lived":true, "marked":true}}
{"address":"0x7fcbb1964978", "type":"STRING", "class":"0x7fcbb10e0ef0", "frozen":true, "embedded":true, "bytesize":13, "value":"rdoc/stats.rb", "encoding":"UTF-8", "memsize":40, "flags":{"wb_protected":true, "old":true, "long_lived":true, "marked":true}}
{"address":"0x7fcbb19649a0", "type":"STRING", "class":"0x7fcbb10e0ef0", "frozen":true, "embedded":true, "bytesize":20, "value":"rdoc/single_class.rb", "encoding":"UTF-8", "memsize":40, "flags":{"wb_protected":true, "old":true, "long_lived":true, "marked":true}}
{"address":"0x7fcbb19649c8", "type":"STRING", "class":"0x7fcbb10e0ef0", "frozen":true, "embedded":true, "bytesize":15, "value":"rdoc/servlet.rb", "encoding":"UTF-8", "memsize":40, "flags":{"wb_protected":true, "old":true, "long_lived":true, "marked":true}}
{"address":"0x7fcbb19649f0", "type":"STRING", "class":"0x7fcbb10e0ef0", "frozen":true, "embedded":true, "bytesize":21, "value":"rdoc/rubygems_hook.rb", "encoding":"UTF-8", "memsize":40, "flags":{"wb_protected":true, "old":true, "long_lived":true, "marked":true}}
{"address":"0x7fcbb1964a18", "type":"STRING", "class":"0x7fcbb10e0ef0", "frozen":true, "embedded":true, "bytesize":18, "value":"rdoc/ruby_token.rb", "encoding":"UTF-8", "memsize":40, "flags":{"wb_protected":true, "old":true, "long_lived":true, "marked":true}}
{"address":"0x7fcbb1964a40", "type":"STRING", "class":"0x7fcbb10e0ef0", "frozen":true, "embedded":true, "bytesize":16, "value":"rdoc/ruby_lex.rb", "encoding":"UTF-8", "memsize":40, "flags":{"wb_protected":true, "old":true, "long_lived":true, "marked":true}}
{"address":"0x7fcbb1964a68", "type":"STRING", "class":"0x7fcbb10e0ef0", "frozen":true, "embedded":true, "bytesize":15, "value":"rdoc/ri/task.rb", "encoding":"UTF-8", "memsize":40, "flags":{"wb_protected":true, "old":true, "long_lived":true, "marked":true}}
{"address":"0x7fcbb1964a90", "type":"STRING", "class":"0x7fcbb10e0ef0", "frozen":true, "embedded":true, "bytesize":16, "value":"rdoc/ri/store.rb", "encoding":"UTF-8", "memsize":40, "flags":{"wb_protected":true, "old":true, "long_lived":true, "marked":true}}
{"address":"0x7fcbb1964ab8", "type":"STRING", "class":"0x7fcbb10e0ef0", "frozen":true, "embedded":true, "bytesize":16, "value":"rdoc/ri/paths.rb", "encoding":"UTF-8", "memsize":40, "flags":{"wb_protected":true, "old":true, "long_lived":true, "marked":true}}
{"address":"0x7fcbb1964ae0", "type":"STRING", "class":"0x7fcbb10e0ef0", "frozen":true, "embedded":true, "bytesize":20, "value":"rdoc/ri/formatter.rb", "encoding":"UTF-8", "memsize":40, "flags":{"wb_protected":true, "old":true, "long_lived":true, "marked":true}}
{"address":"0x7fcbb1964b08", "type":"STRING", "class":"0x7fcbb10e0ef0", "frozen":true, "embedded":true, "bytesize":17, "value":"rdoc/ri/driver.rb", "encoding":"UTF-8", "memsize":40, "flags":{"wb_protected":true, "old":true, "long_lived":true, "marked":true}}
{"address":"0x7fcbb1964b30", "type":"STRING", "class":"0x7fcbb10e0ef0", "frozen":true, "embedded":true, "bytesize":10, "value":"rdoc/ri.rb", "encoding":"UTF-8", "memsize":40, "flags":{"wb_protected":true, "old":true, "long_lived":true, "marked":true}}
{"address":"0x7fcbb1964b58", "type":"STRING", "class":"0x7fcbb10e0ef0", "frozen":true, "embedded":true, "bytesize":15, "value":"rdoc/require.rb", "encoding":"UTF-8", "memsize":40, "flags":{"wb_protected":true, "old":true, "long_lived":true, "marked":true}}
{"address":"0x7fcbb1964b80", "type":"STRING", "class":"0x7fcbb10e0ef0", "frozen":true, "embedded":true, "bytesize":12, "value":"rdoc/rdoc.rb", "encoding":"UTF-8", "memsize":40, "flags":{"wb_protected":true, "old":true, "long_lived":true, "marked":true}}
{"address":"0x7fcbb1964ba8", "type":"STRING", "class":"0x7fcbb10e0ef0", "frozen":true, "embedded":true, "bytesize":17, "value":"rdoc/rd/inline.rb", "encoding":"UTF-8", "memsize":40, "flags":{"wb_protected":true, "old":true, "long_lived":true, "marked":true}}
{"address":"0x7fcbb1964bd0", "type":"STRING", "class":"0x7fcbb10e0ef0", "frozen":true, "embedded":true, "bytesize":23, "value":"rdoc/rd/block_parser.rb", "encoding":"UTF-8", "memsize":40, "flags":{"wb_protected":true, "old":true, "long_lived":true, "marked":true}}
{"address":"0x7fcbb1964bf8", "type":"STRING", "class":"0x7fcbb10e0ef0", "frozen":true, "embedded":true, "bytesize":10, "value":"rdoc/rd.rb", "encoding":"UTF-8", "memsize":40, "flags":{"wb_protected":true, "old":true, "long_lived":true, "marked":true}}
{"address":"0x7fcbb1964c20", "type":"STRING", "class":"0x7fcbb10e0ef0", "frozen":true, "embedded":true, "bytesize":19, "value":"rdoc/parser/text.rb", "encoding":"UTF-8", "memsize":40, "flags":{"wb_protected":true, "old":true, "long_lived":true, "marked":true}}
{"address":"0x7fcbb1964c48", "type":"STRING", "class":"0x7fcbb10e0ef0", "frozen":true, "embedded":true, "bytesize":21, "value":"rdoc/parser/simple.rb", "encoding":"UTF-8", "memsize":40, "flags":{"wb_protected":true, "old":true, "long_lived":true, "marked":true}}
{"address":"0x7fcbb1964c70", "type":"STRING", "class":"0x7fcbb10e0ef0", "frozen":true, "embedded":true, "bytesize":19, "value":"rdoc/parser/ruby.rb", "encoding":"UTF-8", "memsize":40, "flags":{"wb_protected":true, "old":true, "long_lived":true, "marked":true}}
{"address":"0x7fcbb1964c98", "type":"STRING", "class":"0x7fcbb10e0ef0", "frozen":true, "embedded":true, "bytesize":17, "value":"rdoc/parser/rd.rb", "encoding":"UTF-8", "memsize":40, "flags":{"wb_protected":true, "old":true, "long_lived":true, "marked":true}}
{"address":"0x7fcbb1964cc0", "type":"STRING", "class":"0x7fcbb10e0ef0", "frozen":true, "embedded":true, "bytesize":23, "value":"rdoc/parser/markdown.rb", "encoding":"UTF-8", "memsize":40, "flags":{"wb_protected":true, "old":true, "long_lived":true, "marked":true}}
{"address":"0x7fcbb1964ce8", "type":"STRING", "class":"0x7fcbb10e0ef0", "frozen":true, "embedded":true, "bytesize":16, "value":"rdoc/parser/c.rb", "encoding":"UTF-8", "memsize":40, "flags":{"wb_protected":true, "old":true, "long_lived":true, "marked":true}}
{"address":"0x7fcbb1964d10", "type":"STRING", "class":"0x7fcbb10e0ef0", "frozen":true, "embedded":true, "bytesize":14, "value":"rdoc/parser.rb", "encoding":"UTF-8", "memsize":40, "flags":{"wb_protected":true, "old":true, "long_lived":true, "marked":true}}
{"address":"0x7fcbb1964d38", "type":"STRING", "class":"0x7fcbb10e0ef0", "frozen":true, "embedded":true, "bytesize":15, "value":"rdoc/options.rb", "encoding":"UTF-8", "memsize":40, "flags":{"wb_protected":true, "old":true, "long_lived":true, "marked":true}}
{"address":"0x7fcbb1964d60", "type":"STRING", "class":"0x7fcbb10e0ef0", "frozen":true, "embedded":true, "bytesize":21, "value":"rdoc/normal_module.rb", "encoding":"UTF-8", "memsize":40, "flags":{"wb_protected":true, "old":true, "long_lived":true, "marked":true}}
{"address":"0x7fcbb1964d88", "type":"STRING", "class":"0x7fcbb10e0ef0", "frozen":true, "embedded":true, "bytesize":20, "value":"rdoc/normal_class.rb", "encoding":"UTF-8", "memsize":40, "flags":{"wb_protected":true, "old":true, "long_lived":true, "marked":true}}
{"address":"0x7fcbb1964db0", "type":"STRING", "class":"0x7fcbb10e0ef0", "frozen":true, "embedded":true, "bytesize":13, "value":"rdoc/mixin.rb", "encoding":"UTF-8", "memsize":40, "flags":{"wb_protected":true, "old":true, "long_lived":true, "marked":true}}
{"address":"0x7fcbb1964dd8", "type":"STRING", "class":"0x7fcbb10e0ef0", "frozen":true, "embedded":true, "bytesize":19, "value":"rdoc/method_attr.rb", "encoding":"UTF-8", "memsize":40, "flags":{"wb_protected":true, "old":true, "long_lived":true, "marked":true}}
{"address":"0x7fcbb1964e00", "type":"STRING", "class":"0x7fcbb10e0ef0", "frozen":true, "embedded":true, "bytesize":19, "value":"rdoc/meta_method.rb", "encoding":"UTF-8", "memsize":40, "flags":{"wb_protected":true, "old":true, "long_lived":true, "marked":true}}
{"address":"0x7fcbb1964e28", "type":"STRING", "class":"0x7fcbb10e0ef0", "frozen":true, "embedded":true, "bytesize":23, "value":"rdoc/markup/verbatim.rb", "encoding":"UTF-8", "memsize":40, "flags":{"wb_protected":true, "old":true, "long_lived":true, "marked":true}}
{"address":"0x7fcbb1964e50", "type":"STRING", "class":"0x7fcbb10e0ef0", "frozen":true, "embedded":true, "bytesize":22, "value":"rdoc/markup/to_test.rb", "encoding":"UTF-8", "memsize":40, "flags":{"wb_protected":true, "old":true, "long_lived":true, "marked":true}}
{"address":"0x7fcbb1964e78", "type":"STRING", "class":"0x7fcbb10e0ef0", "frozen":true, "embedded":true, "bytesize":22, "value":"rdoc/markup/to_rdoc.rb", "encoding":"UTF-8", "memsize":40, "flags":{"wb_protected":true, "old":true, "long_lived":true, "marked":true}}
{"address":"0x7fcbb1964ea0", "type":"STRING", "class":"0x7fcbb10e0ef0", "frozen":true, "embedded":true, "bytesize":23, "value":"rdoc/markup/to_label.rb", "encoding":"UTF-8", "memsize":40, "flags":{"wb_protected":true, "old":true, "long_lived":true, "marked":true}}
{"address":"0x7fcbb1964ec8", "type":"STRING", "class":"0x7fcbb10e0ef0", "frozen":true, "embedded":true, "bytesize":22, "value":"rdoc/markup/to_html.rb", "encoding":"UTF-8", "memsize":40, "flags":{"wb_protected":true, "old":true, "long_lived":true, "marked":true}}
{"address":"0x7fcbb1964ef0", "type":"STRING", "class":"0x7fcbb10e0ef0", "frozen":true, "embedded":true, "bytesize":20, "value":"rdoc/markup/to_bs.rb", "encoding":"UTF-8", "memsize":40, "flags":{"wb_protected":true, "old":true, "long_lived":true, "marked":true}}
{"address":"0x7fcbb1964f18", "type":"STRING", "class":"0x7fcbb10e0ef0", "frozen":true, "embedded":true, "bytesize":22, "value":"rdoc/markup/to_ansi.rb", "encoding":"UTF-8", "memsize":40, "flags":{"wb_protected":true, "old":true, "long_lived":true, "marked":true}}
{"address":"0x7fcbb1964f40", "type":"STRING", "class":"0x7fcbb10e0ef0", "frozen":true, "embedded":true, "bytesize":22, "value":"rdoc/markup/special.rb", "encoding":"UTF-8", "memsize":40, "flags":{"wb_protected":true, "old":true, "long_lived":true, "marked":true}}
{"address":"0x7fcbb1964f68", "type":"STRING", "class":"0x7fcbb10e0ef0", "frozen":true, "embedded":true, "bytesize":19, "value":"rdoc/markup/rule.rb", "encoding":"UTF-8", "memsize":40, "flags":{"wb_protected":true, "old":true, "long_lived":true, "marked":true}}
{"address":"0x7fcbb1964f90", "type":"STRING", "class":"0x7fcbb10e0ef0", "frozen":true, "embedded":true, "bytesize":18, "value":"rdoc/markup/raw.rb", "encoding":"UTF-8", "memsize":40, "flags":{"wb_protected":true, "old":true, "long_lived":true, "marked":true}}
{"address":"0x7fcbb1964fb8", "type":"STRING", "class":"0x7fcbb10e0ef0", "frozen":true, "embedded":true, "bytesize":21, "value":"rdoc/markup/parser.rb", "encoding":"UTF-8", "memsize":40, "flags":{"wb_protected":true, "old":true, "long_lived":true, "marked":true}}
{"address":"0x7fcbb1964fe0", "type":"STRING", "class":"0x7fcbb10e0ef0", "frozen":true, "embedded":true, "bytesize":19, "value":"rdoc/markup/list.rb", "encoding":"UTF-8", "memsize":40, "flags":{"wb_protected":true, "old":true, "long_lived":true, "marked":true}}
{"address":"0x7fcbb1965008", "type":"STRING", "class":"0x7fcbb10e0ef0", "frozen":true, "embedded":true, "bytesize":21, "value":"rdoc/markup/inline.rb", "encoding":"UTF-8", "memsize":40, "flags":{"wb_protected":true, "old":true, "long_lived":true, "marked":true}}
{"address":"0x7fcbb1965030", "type":"STRING", "class":"0x7fcbb10e0ef0", "frozen":true, "embedded":true, "bytesize":22, "value":"rdoc/markup/include.rb", "encoding":"UTF-8", "memsize":40, "flags":{"wb_protected":true, "old":true, "long_lived":true, "marked":true}}
{"address":"0x7fcbb1965058", "type":"STRING", "class":"0x7fcbb10e0ef0", "frozen":true, "embedded":true, "bytesize":22, "value":"rdoc/markup/heading.rb", "encoding":"UTF-8", "memsize":40, "flags":{"wb_protected":true, "old":true, "long_lived":true, "marked":true}}
{"address":"0x7fcbb1965080", "type":"STRING", "class":"0x7fcbb10e0ef0", "frozen":true, "embedded":true, "bytesize":23, "value":"rdoc/markup/document.rb", "encoding":"UTF-8", "memsize":40, "flags":{"wb_protected":true, "old":true, "long_lived":true, "marked":true}}
{"address":"0x7fcbb19650a8", "type":"STRING", "class":"0x7fcbb10e0ef0", "frozen":true, "embedded":true, "bytesize":14, "value":"rdoc/markup.rb", "encoding":"UTF-8", "memsize":40, "flags":{"wb_protected":true, "old":true, "long_lived":true, "marked":true}}
{"address":"0x7fcbb19650d0", "type":"STRING", "class":"0x7fcbb10e0ef0", "frozen":true, "embedded":true, "bytesize":16, "value":"rdoc/markdown.rb", "encoding":"UTF-8", "memsize":40, "flags":{"wb_protected":true, "old":true, "long_lived":true, "marked":true}}
{"address":"0x7fcbb19650f8", "type":"STRING", "class":"0x7fcbb10e0ef0", "frozen":true, "embedded":true, "bytesize":21, "value":"rdoc/known_classes.rb", "encoding":"UTF-8", "memsize":40, "flags":{"wb_protected":true, "old":true, "long_lived":true, "marked":true}}
{"address":"0x7fcbb1965120", "type":"STRING", "class":"0x7fcbb10e0ef0", "frozen":true, "embedded":true, "bytesize":15, "value":"rdoc/include.rb", "encoding":"UTF-8", "memsize":40, "flags":{"wb_protected":true, "old":true, "long_lived":true, "marked":true}}
{"address":"0x7fcbb1965148", "type":"STRING", "class":"0x7fcbb10e0ef0", "frozen":true, "embedded":true, "bytesize":17, "value":"rdoc/i18n/text.rb", "encoding":"UTF-8", "memsize":40, "flags":{"wb_protected":true, "old":true, "long_lived":true, "marked":true}}
{"address":"0x7fcbb1965170", "type":"STRING", "class":"0x7fcbb10e0ef0", "frozen":true, "embedded":true, "bytesize":19, "value":"rdoc/i18n/locale.rb", "encoding":"UTF-8", "memsize":40, "flags":{"wb_protected":true, "old":true, "long_lived":true, "marked":true}}
{"address":"0x7fcbb1965198", "type":"STRING", "class":"0x7fcbb10e0ef0", "frozen":true, "embedded":true, "bytesize":12, "value":"rdoc/i18n.rb", "encoding":"UTF-8", "memsize":40, "flags":{"wb_protected":true, "old":true, "long_lived":true, "marked":true}}
{"address":"0x7fcbb19651c0", "type":"STRING", "class":"0x7fcbb10e0ef0", "frozen":true, "embedded":true, "bytesize":20, "value":"rdoc/ghost_method.rb", "encoding":"UTF-8", "memsize":40, "flags":{"wb_protected":true, "old":true, "long_lived":true, "marked":true}}
{"address":"0x7fcbb19651e8", "type":"STRING", "class":"0x7fcbb10e0ef0", "frozen":true, "embedded":true, "bytesize":20, "value":"rdoc/generator/ri.rb", "encoding":"UTF-8", "memsize":40, "flags":{"wb_protected":true, "old":true, "long_lived":true, "marked":true}}
{"address":"0x7fcbb1965210", "type":"STRING", "class":"0x7fcbb10e0ef0", "frozen":true, "embedded":true, "bytesize":21, "value":"rdoc/generator/pot.rb", "encoding":"UTF-8", "memsize":40, "flags":{"wb_protected":true, "old":true, "long_lived":true, "marked":true}}
{"address":"0x7fcbb1965238", "type":"STRING", "class":"0x7fcbb10e0ef0", "frozen":true, "embedded":true, "bytesize":17, "value":"rdoc/generator.rb", "encoding":"UTF-8", "memsize":40, "flags":{"wb_protected":true, "old":true, "long_lived":true, "marked":true}}
{"address":"0x7fcbb1965260", "type":"STRING", "class":"0x7fcbb10e0ef0", "frozen":true, "embedded":true, "bytesize":14, "value":"rdoc/extend.rb", "encoding":"UTF-8", "memsize":40, "flags":{"wb_protected":true, "old":true, "long_lived":true, "marked":true}}
{"address":"0x7fcbb1965288", "type":"STRING", "class":"0x7fcbb10e0ef0", "frozen":true, "embedded":true, "bytesize":13, "value":"rdoc/erbio.rb", "encoding":"UTF-8", "memsize":40, "flags":{"wb_protected":true, "old":true, "long_lived":true, "marked":true}}
{"address":"0x7fcbb19652b0", "type":"STRING", "class":"0x7fcbb10e0ef0", "frozen":true, "embedded":true, "bytesize":19, "value":"rdoc/erb_partial.rb", "encoding":"UTF-8", "memsize":40, "flags":{"wb_protected":true, "old":true, "long_lived":true, "marked":true}}
{"address":"0x7fcbb19652d8", "type":"STRING", "class":"0x7fcbb10e0ef0", "frozen":true, "embedded":true, "bytesize":16, "value":"rdoc/encoding.rb", "encoding":"UTF-8", "memsize":40, "flags":{"wb_protected":true, "old":true, "long_lived":true, "marked":true}}
{"address":"0x7fcbb1965300", "type":"STRING", "class":"0x7fcbb10e0ef0", "frozen":true, "embedded":true, "bytesize":23, "value":"rdoc/cross_reference.rb", "encoding":"UTF-8", "memsize":40, "flags":{"wb_protected":true, "old":true, "long_lived":true, "marked":true}}
{"address":"0x7fcbb1965328", "type":"STRING", "class":"0x7fcbb10e0ef0", "frozen":true, "embedded":true, "bytesize":23, "value":"rdoc/context/section.rb", "encoding":"UTF-8", "memsize":40, "flags":{"wb_protected":true, "old":true, "long_lived":true, "marked":true}}
{"address":"0x7fcbb1965350", "type":"STRING", "class":"0x7fcbb10e0ef0", "frozen":true, "embedded":true, "bytesize":15, "value":"rdoc/context.rb", "encoding":"UTF-8", "memsize":40, "flags":{"wb_protected":true, "old":true, "long_lived":true, "marked":true}}
{"address":"0x7fcbb1965378", "type":"STRING", "class":"0x7fcbb10e0ef0", "frozen":true, "embedded":true, "bytesize":16, "value":"rdoc/constant.rb", "encoding":"UTF-8", "memsize":40, "flags":{"wb_protected":true, "old":true, "long_lived":true, "marked":true}}
{"address":"0x7fcbb19653a0", "type":"STRING", "class":"0x7fcbb10e0ef0", "frozen":true, "embedded":true, "bytesize":15, "value":"rdoc/comment.rb", "encoding":"UTF-8", "memsize":40, "flags":{"wb_protected":true, "old":true, "long_lived":true, "marked":true}}
{"address":"0x7fcbb19653c8", "type":"STRING", "class":"0x7fcbb10e0ef0", "frozen":true, "embedded":true, "bytesize":20, "value":"rdoc/code_objects.rb", "encoding":"UTF-8", "memsize":40, "flags":{"wb_protected":true, "old":true, "long_lived":true, "marked":true}}
{"address":"0x7fcbb19653f0", "type":"STRING", "class":"0x7fcbb10e0ef0", "frozen":true, "embedded":true, "bytesize":19, "value":"rdoc/code_object.rb", "encoding":"UTF-8", "memsize":40, "flags":{"wb_protected":true, "old":true, "long_lived":true, "marked":true}}
{"address":"0x7fcbb1965418", "type":"STRING", "class":"0x7fcbb10e0ef0", "frozen":true, "embedded":true, "bytesize":20, "value":"rdoc/class_module.rb", "encoding":"UTF-8", "memsize":40, "flags":{"wb_protected":true, "old":true, "long_lived":true, "marked":true}}
{"address":"0x7fcbb1965440", "type":"STRING", "class":"0x7fcbb10e0ef0", "frozen":true, "embedded":true, "bytesize":12, "value":"rdoc/attr.rb", "encoding":"UTF-8", "memsize":40, "flags":{"wb_protected":true, "old":true, "long_lived":true, "marked":true}}
{"address":"0x7fcbb1965468", "type":"STRING", "class":"0x7fcbb10e0ef0", "frozen":true, "embedded":true, "bytesize":18, "value":"rdoc/any_method.rb", "encoding":"UTF-8", "memsize":40, "flags":{"wb_protected":true, "old":true, "long_lived":true, "marked":true}}
{"address":"0x7fcbb1965490", "type":"STRING", "class":"0x7fcbb10e0ef0", "frozen":true, "embedded":true, "bytesize":18, "value":"rdoc/anon_class.rb", "encoding":"UTF-8", "memsize":40, "flags":{"wb_protected":true, "old":true, "long_lived":true, "marked":true}}
{"address":"0x7fcbb19654b8", "type":"STRING", "class":"0x7fcbb10e0ef0", "frozen":true, "embedded":true, "bytesize":13, "value":"rdoc/alias.rb", "encoding":"UTF-8", "memsize":40, "flags":{"wb_protected":true, "old":true, "long_lived":true, "marked":true}}
{"address":"0x7fcbb19654e0", "type":"STRING", "class":"0x7fcbb10e0ef0", "frozen":true, "embedded":true, "bytesize":7, "value":"rdoc.rb", "encoding":"UTF-8", "memsize":40, "flags":{"wb_protected":true, "old":true, "long_lived":true, "marked":true}}
{"address":"0x7fcbb1965530", "type":"ARRAY", "class":"0x7fcbb10d19a0", "length":117, "references":["0x7fcbb1967330", "0x7fcbb19672e0", "0x7fcbb195c110", "0x7fcbb195c0e8", "0x7fcbb195c0c0", "0x7fcbb195c098", "0x7fcbb195c070", "0x7fcbb195c048", "0x7fcbb195c020", "0x7fcbb108bdb0", "0x7fcbb108b860", "0x7fcbb108b7e8", "0x7fcbb108b658", "0x7fcbb108b478", "0x7fcbb108b2e8", "0x7fcbb108ad98", "0x7fcbb108ac30", "0x7fcbb108abe0", "0x7fcbb108abb8", "0x7fcbb108ab90", "0x7fcbb108ab68", "0x7fcbb108aa78", "0x7fcbb108a5c8", "0x7fcbb108a348", "0x7fcbb108a258", "0x7fcbb1089ee8", "0x7fcbb1089ce0", "0x7fcbb1089970", "0x7fcbb1089880", "0x7fcbb1089380", "0x7fcbb10891a0", "0x7fcbb1089150", "0x7fcbb1088cc8", "0x7fcbb1088bd8", "0x7fcbb10889a8", "0x7fcbb1088660", "0x7fcbb10884f8", "0x7fcbb1088390", "0x7fcbb10880c0", "0x7fcbb1088048", "0x7fcbb1089e48", "0x7fcbb108b720", "0x7fcbb1967fb0", "0x7fcbb1967f88", "0x7fcbb1967f60", "0x7fcbb1967f38", "0x7fcbb1967f10", "0x7fcbb1967ee8", "0x7fcbb1967ec0", "0x7fcbb1967e98", "0x7fcbb1967e70", "0x7fcbb1967e48", "0x7fcbb1967e20", "0x7fcbb1967df8", "0x7fcbb1967dd0", "0x7fcbb1967da8", "0x7fcbb1967d80", "0x7fcbb1967d58", "0x7fcbb1967d30", "0x7fcbb1967d08", "0x7fcbb1967ce0", "0x7fcbb1967cb8", "0x7fcbb1967c90", "0x7fcbb1967c68", "0x7fcbb1967c40", "0x7fcbb1967c18", "0x7fcbb1967bf0", "0x7fcbb1967bc8", "0x7fcbb1967ba0", "0x7fcbb1967b78", "0x7fcbb1967b50", "0x7fcbb1967b28", "0x7fcbb1967b00", "0x7fcbb1967ad8", "0x7fcbb1967ab0", "0x7fcbb1967a88", "0x7fcbb1967a60", "0x7fcbb1967a38", "0x7fcbb1967a10", "0x7fcbb19679e8", "0x7fcbb19679c0", "0x7fcbb1967998", "0x7fcbb1967970", "0x7fcbb1967948", "0x7fcbb1967920", "0x7fcbb19678f8", "0x7fcbb19678d0", "0x7fcbb19678a8", "0x7fcbb1967880", "0x7fcbb1967858", "0x7fcbb1967830", "0x7fcbb1967808", "0x7fcbb19677e0", "0x7fcbb19677b8", "0x7fcbb1967790", "0x7fcbb1967768", "0x7fcbb1967740", "0x7fcbb1967718", "0x7fcbb19676f0", "0x7fcbb19676c8", "0x7fcbb19676a0", "0x7fcbb1967678", "0x7fcbb1967650", "0x7fcbb1967628", "0x7fcbb1967600", "0x7fcbb19675d8", "0x7fcbb19675b0", "0x7fcbb1967588", "0x7fcbb1967560", "0x7fcbb1967538", "0x7fcbb1967510", "0x7fcbb19674e8", "0x7fcbb19674c0", "0x7fcbb1967498", "0x7fcbb1967470", "0x7fcbb1967448", "0x7fcbb1967420"], "memsize":976, "flags":{"wb_protected":true, "old":true, "long_lived":true, "marked":true}}
{"address":"0x7fcbb19664d0", "type":"STRING", "class":"0x7fcbb10e0ef0", "frozen":true, "bytesize":6, "capacity":128, "value":"bin/ri", "encoding":"UTF-8", "memsize":169, "flags":{"wb_protected":true, "old":true, "long_lived":true, "marked":true}}
{"address":"0x7fcbb19664f8", "type":"STRING", "class":"0x7fcbb10e0ef0", "frozen":true, "bytesize":8, "capacity":128, "value":"bin/rdoc", "encoding":"UTF-8", "memsize":169, "flags":{"wb_protected":true, "old":true, "long_lived":true, "marked":true}}
{"address":"0x7fcbb19672e0", "type":"STRING", "class":"0x7fcbb10e0ef0", "shared":true, "encoding":"UTF-8", "references":["0x7fcbb19664d0"], "memsize":40, "flags":{"wb_protected":true, "old":true, "long_lived":true, "marked":true}}
{"address":"0x7fcbb1967330", "type":"STRING", "class":"0x7fcbb10e0ef0", "shared":true, "encoding":"UTF-8", "references":["0x7fcbb19664f8"], "memsize":40, "flags":{"wb_protected":true, "old":true, "long_lived":true, "marked":true}}
{"address":"0x7fcbb19673d0", "type":"STRING", "class":"0x7fcbb10e0ef0", "bytesize":96, "value":"/Users/path/.rvm/rubies/ruby-2.2.3/lib/ruby/gems/2.2.0/specifications/default/rdoc-4.2.0.gemspec", "encoding":"US-ASCII", "memsize":137, "flags":{"wb_protected":true, "old":true, "long_lived":true, "marked":true}}
{"address":"0x7fcbb1967420", "type":"STRING", "class":"0x7fcbb10e0ef0", "embedded":true, "bytesize":17, "value":"rdoc/top_level.rb", "encoding":"UTF-8", "memsize":40, "flags":{"wb_protected":true, "old":true, "long_lived":true, "marked":true}}
{"address":"0x7fcbb1967448", "type":"STRING", "class":"0x7fcbb10e0ef0", "embedded":true, "bytesize":15, "value":"rdoc/tom_doc.rb", "encoding":"UTF-8", "memsize":40, "flags":{"wb_protected":true, "old":true, "long_lived":true, "marked":true}}
{"address":"0x7fcbb1967470", "type":"STRING", "class":"0x7fcbb10e0ef0", "embedded":true, "bytesize":20, "value":"rdoc/token_stream.rb", "encoding":"UTF-8", "memsize":40, "flags":{"wb_protected":true, "old":true, "long_lived":true, "marked":true}}
{"address":"0x7fcbb1967498", "type":"STRING", "class":"0x7fcbb10e0ef0", "embedded":true, "bytesize":12, "value":"rdoc/text.rb", "encoding":"UTF-8", "memsize":40, "flags":{"wb_protected":true, "old":true, "long_lived":true, "marked":true}}
{"address":"0x7fcbb19674c0", "type":"STRING", "class":"0x7fcbb10e0ef0", "embedded":true, "bytesize":17, "value":"rdoc/test_case.rb", "encoding":"UTF-8", "memsize":40, "flags":{"wb_protected":true, "old":true, "long_lived":true, "marked":true}}
{"address":"0x7fcbb19674e8", "type":"STRING", "class":"0x7fcbb10e0ef0", "embedded":true, "bytesize":12, "value":"rdoc/task.rb", "encoding":"UTF-8", "memsize":40, "flags":{"wb_protected":true, "old":true, "long_lived":true, "marked":true}}
{"address":"0x7fcbb1967510", "type":"STRING", "class":"0x7fcbb10e0ef0", "embedded":true, "bytesize":13, "value":"rdoc/store.rb", "encoding":"UTF-8", "memsize":40, "flags":{"wb_protected":true, "old":true, "long_lived":true, "marked":true}}
{"address":"0x7fcbb1967538", "type":"STRING", "class":"0x7fcbb10e0ef0", "embedded":true, "bytesize":21, "value":"rdoc/stats/verbose.rb", "encoding":"UTF-8", "memsize":40, "flags":{"wb_protected":true, "old":true, "long_lived":true, "marked":true}}
{"address":"0x7fcbb1967560", "type":"STRING", "class":"0x7fcbb10e0ef0", "embedded":true, "bytesize":19, "value":"rdoc/stats/quiet.rb", "encoding":"UTF-8", "memsize":40, "flags":{"wb_protected":true, "old":true, "long_lived":true, "marked":true}}
{"address":"0x7fcbb1967588", "type":"STRING", "class":"0x7fcbb10e0ef0", "embedded":true, "bytesize":20, "value":"rdoc/stats/normal.rb", "encoding":"UTF-8", "memsize":40, "flags":{"wb_protected":true, "old":true, "long_lived":true, "marked":true}}
{"address":"0x7fcbb19675b0", "type":"STRING", "class":"0x7fcbb10e0ef0", "embedded":true, "bytesize":13, "value":"rdoc/stats.rb", "encoding":"UTF-8", "memsize":40, "flags":{"wb_protected":true, "old":true, "long_lived":true, "marked":true}}
{"address":"0x7fcbb19675d8", "type":"STRING", "class":"0x7fcbb10e0ef0", "embedded":true, "bytesize":20, "value":"rdoc/single_class.rb", "encoding":"UTF-8", "memsize":40, "flags":{"wb_protected":true, "old":true, "long_lived":true, "marked":true}}
{"address":"0x7fcbb1967600", "type":"STRING", "class":"0x7fcbb10e0ef0", "embedded":true, "bytesize":15, "value":"rdoc/servlet.rb", "encoding":"UTF-8", "memsize":40, "flags":{"wb_protected":true, "old":true, "long_lived":true, "marked":true}}
{"address":"0x7fcbb1967628", "type":"STRING", "class":"0x7fcbb10e0ef0", "embedded":true, "bytesize":21, "value":"rdoc/rubygems_hook.rb", "encoding":"UTF-8", "memsize":40, "flags":{"wb_protected":true, "old":true, "long_lived":true, "marked":true}}
{"address":"0x7fcbb1967650", "type":"STRING", "class":"0x7fcbb10e0ef0", "embedded":true, "bytesize":18, "value":"rdoc/ruby_token.rb", "encoding":"UTF-8", "memsize":40, "flags":{"wb_protected":true, "old":true, "long_lived":true, "marked":true}}
{"address":"0x7fcbb1967678", "type":"STRING", "class":"0x7fcbb10e0ef0", "embedded":true, "bytesize":16, "value":"rdoc/ruby_lex.rb", "encoding":"UTF-8", "memsize":40, "flags":{"wb_protected":true, "old":true, "long_lived":true, "marked":true}}
{"address":"0x7fcbb19676a0", "type":"STRING", "class":"0x7fcbb10e0ef0", "embedded":true, "bytesize":15, "value":"rdoc/ri/task.rb", "encoding":"UTF-8", "memsize":40, "flags":{"wb_protected":true, "old":true, "long_lived":true, "marked":true}}
{"address":"0x7fcbb19676c8", "type":"STRING", "class":"0x7fcbb10e0ef0", "embedded":true, "bytesize":16, "value":"rdoc/ri/store.rb", "encoding":"UTF-8", "memsize":40, "flags":{"wb_protected":true, "old":true, "long_lived":true, "marked":true}}
{"address":"0x7fcbb19676f0", "type":"STRING", "class":"0x7fcbb10e0ef0", "embedded":true, "bytesize":16, "value":"rdoc/ri/paths.rb", "encoding":"UTF-8", "memsize":40, "flags":{"wb_protected":true, "old":true, "long_lived":true, "marked":true}}
{"address":"0x7fcbb1967718", "type":"STRING", "class":"0x7fcbb10e0ef0", "embedded":true, "bytesize":20, "value":"rdoc/ri/formatter.rb", "encoding":"UTF-8", "memsize":40, "flags":{"wb_protected":true, "old":true, "long_lived":true, "marked":true}}
{"address":"0x7fcbb1967740", "type":"STRING", "class":"0x7fcbb10e0ef0", "embedded":true, "bytesize":17, "value":"rdoc/ri/driver.rb", "encoding":"UTF-8", "memsize":40, "flags":{"wb_protected":true, "old":true, "long_lived":true, "marked":true}}
{"address":"0x7fcbb1967768", "type":"STRING", "class":"0x7fcbb10e0ef0", "embedded":true, "bytesize":10, "value":"rdoc/ri.rb", "encoding":"UTF-8", "memsize":40, "flags":{"wb_protected":true, "old":true, "long_lived":true, "marked":true}}
{"address":"0x7fcbb1967790", "type":"STRING", "class":"0x7fcbb10e0ef0", "embedded":true, "bytesize":15, "value":"rdoc/require.rb", "encoding":"UTF-8", "memsize":40, "flags":{"wb_protected":true, "old":true, "long_lived":true, "marked":true}}
{"address":"0x7fcbb19677b8", "type":"STRING", "class":"0x7fcbb10e0ef0", "embedded":true, "bytesize":12, "value":"rdoc/rdoc.rb", "encoding":"UTF-8", "memsize":40, "flags":{"wb_protected":true, "old":true, "long_lived":true, "marked":true}}
{"address":"0x7fcbb19677e0", "type":"STRING", "class":"0x7fcbb10e0ef0", "shared":true, "encoding":"UTF-8", "references":["0x7fcbb195d5d8"], "memsize":40, "flags":{"wb_protected":true, "old":true, "long_lived":true, "marked":true}}
{"address":"0x7fcbb1967808", "type":"STRING", "class":"0x7fcbb10e0ef0", "embedded":true, "bytesize":17, "value":"rdoc/rd/inline.rb", "encoding":"UTF-8", "memsize":40, "flags":{"wb_protected":true, "old":true, "long_lived":true, "marked":true}}
{"address":"0x7fcbb1967830", "type":"STRING", "class":"0x7fcbb10e0ef0", "embedded":true, "bytesize":23, "value":"rdoc/rd/block_parser.rb", "encoding":"UTF-8", "memsize":40, "flags":{"wb_protected":true, "old":true, "long_lived":true, "marked":true}}
{"address":"0x7fcbb1967858", "type":"STRING", "class":"0x7fcbb10e0ef0", "embedded":true, "bytesize":10, "value":"rdoc/rd.rb", "encoding":"UTF-8", "memsize":40, "flags":{"wb_protected":true, "old":true, "long_lived":true, "marked":true}}
{"address":"0x7fcbb1967880", "type":"STRING", "class":"0x7fcbb10e0ef0", "embedded":true, "bytesize":19, "value":"rdoc/parser/text.rb", "encoding":"UTF-8", "memsize":40, "flags":{"wb_protected":true, "old":true, "long_lived":true, "marked":true}}
{"address":"0x7fcbb19678a8", "type":"STRING", "class":"0x7fcbb10e0ef0", "embedded":true, "bytesize":21, "value":"rdoc/parser/simple.rb", "encoding":"UTF-8", "memsize":40, "flags":{"wb_protected":true, "old":true, "long_lived":true, "marked":true}}
{"address":"0x7fcbb19678d0", "type":"STRING", "class":"0x7fcbb10e0ef0", "shared":true, "encoding":"UTF-8", "references":["0x7fcbb195d6c8"], "memsize":40, "flags":{"wb_protected":true, "old":true, "long_lived":true, "marked":true}}
{"address":"0x7fcbb19678f8", "type":"STRING", "class":"0x7fcbb10e0ef0", "embedded":true, "bytesize":19, "value":"rdoc/parser/ruby.rb", "encoding":"UTF-8", "memsize":40, "flags":{"wb_protected":true, "old":true, "long_lived":true, "marked":true}}
{"address":"0x7fcbb1967920", "type":"STRING", "class":"0x7fcbb10e0ef0", "embedded":true, "bytesize":17, "value":"rdoc/parser/rd.rb", "encoding":"UTF-8", "memsize":40, "flags":{"wb_protected":true, "old":true, "long_lived":true, "marked":true}}
{"address":"0x7fcbb1967948", "type":"STRING", "class":"0x7fcbb10e0ef0", "embedded":true, "bytesize":23, "value":"rdoc/parser/markdown.rb", "encoding":"UTF-8", "memsize":40, "flags":{"wb_protected":true, "old":true, "long_lived":true, "marked":true}}
{"address":"0x7fcbb1967970", "type":"STRING", "class":"0x7fcbb10e0ef0", "shared":true, "encoding":"UTF-8", "references":["0x7fcbb195d768"], "memsize":40, "flags":{"wb_protected":true, "old":true, "long_lived":true, "marked":true}}
{"address":"0x7fcbb1967998", "type":"STRING", "class":"0x7fcbb10e0ef0", "embedded":true, "bytesize":16, "value":"rdoc/parser/c.rb", "encoding":"UTF-8", "memsize":40, "flags":{"wb_protected":true, "old":true, "long_lived":true, "marked":true}}
{"address":"0x7fcbb19679c0", "type":"STRING", "class":"0x7fcbb10e0ef0", "embedded":true, "bytesize":14, "value":"rdoc/parser.rb", "encoding":"UTF-8", "memsize":40, "flags":{"wb_protected":true, "old":true, "long_lived":true, "marked":true}}
{"address":"0x7fcbb19679e8", "type":"STRING", "class":"0x7fcbb10e0ef0", "embedded":true, "bytesize":15, "value":"rdoc/options.rb", "encoding":"UTF-8", "memsize":40, "flags":{"wb_protected":true, "old":true, "long_lived":true, "marked":true}}
{"address":"0x7fcbb1967a10", "type":"STRING", "class":"0x7fcbb10e0ef0", "embedded":true, "bytesize":21, "value":"rdoc/normal_module.rb", "encoding":"UTF-8", "memsize":40, "flags":{"wb_protected":true, "old":true, "long_lived":true, "marked":true}}
{"address":"0x7fcbb1967a38", "type":"STRING", "class":"0x7fcbb10e0ef0", "embedded":true, "bytesize":20, "value":"rdoc/normal_class.rb", "encoding":"UTF-8", "memsize":40, "flags":{"wb_protected":true, "old":true, "long_lived":true, "marked":true}}
{"address":"0x7fcbb1967a60", "type":"STRING", "class":"0x7fcbb10e0ef0", "embedded":true, "bytesize":13, "value":"rdoc/mixin.rb", "encoding":"UTF-8", "memsize":40, "flags":{"wb_protected":true, "old":true, "long_lived":true, "marked":true}}
{"address":"0x7fcbb1967a88", "type":"STRING", "class":"0x7fcbb10e0ef0", "embedded":true, "bytesize":19, "value":"rdoc/method_attr.rb", "encoding":"UTF-8", "memsize":40, "flags":{"wb_protected":true, "old":true, "long_lived":true, "marked":true}}
{"address":"0x7fcbb1967ab0", "type":"STRING", "class":"0x7fcbb10e0ef0", "embedded":true, "bytesize":19, "value":"rdoc/meta_method.rb", "encoding":"UTF-8", "memsize":40, "flags":{"wb_protected":true, "old":true, "long_lived":true, "marked":true}}
{"address":"0x7fcbb1967ad8", "type":"STRING", "class":"0x7fcbb10e0ef0", "embedded":true, "bytesize":23, "value":"rdoc/markup/verbatim.rb", "encoding":"UTF-8", "memsize":40, "flags":{"wb_protected":true, "old":true, "long_lived":true, "marked":true}}
{"address":"0x7fcbb1967b00", "type":"STRING", "class":"0x7fcbb10e0ef0", "shared":true, "encoding":"UTF-8", "references":["0x7fcbb195d8f8"], "memsize":40, "flags":{"wb_protected":true, "old":true, "long_lived":true, "marked":true}}
{"address":"0x7fcbb1967b28", "type":"STRING", "class":"0x7fcbb10e0ef0", "embedded":true, "bytesize":22, "value":"rdoc/markup/to_test.rb", "encoding":"UTF-8", "memsize":40, "flags":{"wb_protected":true, "old":true, "long_lived":true, "marked":true}}
{"address":"0x7fcbb1967b50", "type":"STRING", "class":"0x7fcbb10e0ef0", "shared":true, "encoding":"UTF-8", "references":["0x7fcbb195d948"], "memsize":40, "flags":{"wb_protected":true, "old":true, "long_lived":true, "marked":true}}
{"address":"0x7fcbb1967b78", "type":"STRING", "class":"0x7fcbb10e0ef0", "embedded":true, "bytesize":22, "value":"rdoc/markup/to_rdoc.rb", "encoding":"UTF-8", "memsize":40, "flags":{"wb_protected":true, "old":true, "long_lived":true, "marked":true}}
{"address":"0x7fcbb1967ba0", "type":"STRING", "class":"0x7fcbb10e0ef0", "shared":true, "encoding":"UTF-8", "references":["0x7fcbb195d998"], "memsize":40, "flags":{"wb_protected":true, "old":true, "long_lived":true, "marked":true}}
{"address":"0x7fcbb1967bc8", "type":"STRING", "class":"0x7fcbb10e0ef0", "embedded":true, "bytesize":23, "value":"rdoc/markup/to_label.rb", "encoding":"UTF-8", "memsize":40, "flags":{"wb_protected":true, "old":true, "long_lived":true, "marked":true}}
{"address":"0x7fcbb1967bf0", "type":"STRING", "class":"0x7fcbb10e0ef0", "shared":true, "encoding":"UTF-8", "references":["0x7fcbb195d9e8"], "memsize":40, "flags":{"wb_protected":true, "old":true, "long_lived":true, "marked":true}}
{"address":"0x7fcbb1967c18", "type":"STRING", "class":"0x7fcbb10e0ef0", "shared":true, "encoding":"UTF-8", "references":["0x7fcbb195da10"], "memsize":40, "flags":{"wb_protected":true, "old":true, "long_lived":true, "marked":true}}
{"address":"0x7fcbb1967c40", "type":"STRING", "class":"0x7fcbb10e0ef0", "shared":true, "encoding":"UTF-8", "references":["0x7fcbb195da38"], "memsize":40, "flags":{"wb_protected":true, "old":true, "long_lived":true, "marked":true}}
{"address":"0x7fcbb1967c68", "type":"STRING", "class":"0x7fcbb10e0ef0", "embedded":true, "bytesize":22, "value":"rdoc/markup/to_html.rb", "encoding":"UTF-8", "memsize":40, "flags":{"wb_protected":true, "old":true, "long_lived":true, "marked":true}}
{"address":"0x7fcbb1967c90", "type":"STRING", "class":"0x7fcbb10e0ef0", "embedded":true, "bytesize":20, "value":"rdoc/markup/to_bs.rb", "encoding":"UTF-8", "memsize":40, "flags":{"wb_protected":true, "old":true, "long_lived":true, "marked":true}}
{"address":"0x7fcbb1967cb8", "type":"STRING", "class":"0x7fcbb10e0ef0", "embedded":true, "bytesize":22, "value":"rdoc/markup/to_ansi.rb", "encoding":"UTF-8", "memsize":40, "flags":{"wb_protected":true, "old":true, "long_lived":true, "marked":true}}
{"address":"0x7fcbb1967ce0", "type":"STRING", "class":"0x7fcbb10e0ef0", "shared":true, "encoding":"UTF-8", "references":["0x7fcbb195dad8"], "memsize":40, "flags":{"wb_protected":true, "old":true, "long_lived":true, "marked":true}}
{"address":"0x7fcbb1967d08", "type":"STRING", "class":"0x7fcbb10e0ef0", "embedded":true, "bytesize":22, "value":"rdoc/markup/special.rb", "encoding":"UTF-8", "memsize":40, "flags":{"wb_protected":true, "old":true, "long_lived":true, "marked":true}}
{"address":"0x7fcbb1967d30", "type":"STRING", "class":"0x7fcbb10e0ef0", "embedded":true, "bytesize":19, "value":"rdoc/markup/rule.rb", "encoding":"UTF-8", "memsize":40, "flags":{"wb_protected":true, "old":true, "long_lived":true, "marked":true}}
{"address":"0x7fcbb1967d58", "type":"STRING", "class":"0x7fcbb10e0ef0", "embedded":true, "bytesize":18, "value":"rdoc/markup/raw.rb", "encoding":"UTF-8", "memsize":40, "flags":{"wb_protected":true, "old":true, "long_lived":true, "marked":true}}
{"address":"0x7fcbb1967d80", "type":"STRING", "class":"0x7fcbb10e0ef0", "shared":true, "encoding":"UTF-8", "references":["0x7fcbb195db78"], "memsize":40, "flags":{"wb_protected":true, "old":true, "long_lived":true, "marked":true}}
{"address":"0x7fcbb1967da8", "type":"STRING", "class":"0x7fcbb10e0ef0", "embedded":true, "bytesize":21, "value":"rdoc/markup/parser.rb", "encoding":"UTF-8", "memsize":40, "flags":{"wb_protected":true, "old":true, "long_lived":true, "marked":true}}
{"address":"0x7fcbb1967dd0", "type":"STRING", "class":"0x7fcbb10e0ef0", "shared":true, "encoding":"UTF-8", "references":["0x7fcbb195dbc8"], "memsize":40, "flags":{"wb_protected":true, "old":true, "long_lived":true, "marked":true}}
{"address":"0x7fcbb1967df8", "type":"STRING", "class":"0x7fcbb10e0ef0", "shared":true, "encoding":"UTF-8", "references":["0x7fcbb195dbf0"], "memsize":40, "flags":{"wb_protected":true, "old":true, "long_lived":true, "marked":true}}
{"address":"0x7fcbb1967e20", "type":"STRING", "class":"0x7fcbb10e0ef0", "embedded":true, "bytesize":19, "value":"rdoc/markup/list.rb", "encoding":"UTF-8", "memsize":40, "flags":{"wb_protected":true, "old":true, "long_lived":true, "marked":true}}
{"address":"0x7fcbb1967e48", "type":"STRING", "class":"0x7fcbb10e0ef0", "embedded":true, "bytesize":21, "value":"rdoc/markup/inline.rb", "encoding":"UTF-8", "memsize":40, "flags":{"wb_protected":true, "old":true, "long_lived":true, "marked":true}}
{"address":"0x7fcbb1967e70", "type":"STRING", "class":"0x7fcbb10e0ef0", "shared":true, "encoding":"UTF-8", "references":["0x7fcbb195dc68"], "memsize":40, "flags":{"wb_protected":true, "old":true, "long_lived":true, "marked":true}}
{"address":"0x7fcbb1967e98", "type":"STRING", "class":"0x7fcbb10e0ef0", "embedded":true, "bytesize":22, "value":"rdoc/markup/include.rb", "encoding":"UTF-8", "memsize":40, "flags":{"wb_protected":true, "old":true, "long_lived":true, "marked":true}}
{"address":"0x7fcbb1967ec0", "type":"STRING", "class":"0x7fcbb10e0ef0", "embedded":true, "bytesize":22, "value":"rdoc/markup/heading.rb", "encoding":"UTF-8", "memsize":40, "flags":{"wb_protected":true, "old":true, "long_lived":true, "marked":true}}
{"address":"0x7fcbb1967ee8", "type":"STRING", "class":"0x7fcbb10e0ef0", "shared":true, "encoding":"UTF-8", "references":["0x7fcbb195dce0"], "memsize":40, "flags":{"wb_protected":true, "old":true, "long_lived":true, "marked":true}}
{"address":"0x7fcbb1967f10", "type":"STRING", "class":"0x7fcbb10e0ef0", "shared":true, "encoding":"UTF-8", "references":["0x7fcbb195dd08"], "memsize":40, "flags":{"wb_protected":true, "old":true, "long_lived":true, "marked":true}}
{"address":"0x7fcbb1967f38", "type":"STRING", "class":"0x7fcbb10e0ef0", "shared":true, "encoding":"UTF-8", "references":["0x7fcbb195dd30"], "memsize":40, "flags":{"wb_protected":true, "old":true, "long_lived":true, "marked":true}}
{"address":"0x7fcbb1967f60", "type":"STRING", "class":"0x7fcbb10e0ef0", "embedded":true, "bytesize":23, "value":"rdoc/markup/document.rb", "encoding":"UTF-8", "memsize":40, "flags":{"wb_protected":true, "old":true, "long_lived":true, "marked":true}}
{"address":"0x7fcbb1967f88", "type":"STRING", "class":"0x7fcbb10e0ef0", "shared":true, "encoding":"UTF-8", "references":["0x7fcbb195dd80"], "memsize":40, "flags":{"wb_protected":true, "old":true, "long_lived":true, "marked":true}}
{"address":"0x7fcbb1967fb0", "type":"STRING", "class":"0x7fcbb10e0ef0", "shared":true, "encoding":"UTF-8", "references":["0x7fcbb195dda8"], "memsize":40, "flags":{"wb_protected":true, "old":true, "long_lived":true, "marked":true}}
{"address":"0x7fcbb196cc40", "type":"STRING", "class":"0x7fcbb10e0ef0", "frozen":true, "embedded":true, "fstring":true, "bytesize":5, "value":"enter", "encoding":"US-ASCII", "memsize":40, "flags":{"wb_protected":true, "old":true, "long_lived":true, "marked":true}}
{"address":"0x7fcbb196d348", "type":"STRING", "class":"0x7fcbb10e0ef0", "frozen":true, "embedded":true, "fstring":true, "bytesize":20, "value":"gem_original_require", "encoding":"US-ASCII", "memsize":40, "flags":{"wb_protected":true, "old":true, "long_lived":true, "marked":true}}
{"address":"0x7fcbb196d460", "type":"STRING", "class":"0x7fcbb10e0ef0", "frozen":true, "embedded":true, "fstring":true, "bytesize":7, "value":"Monitor", "encoding":"US-ASCII", "memsize":40, "flags":{"wb_protected":true, "old":true, "long_lived":true, "marked":true}}
{"address":"0x7fcbb196d4b0", "type":"STRING", "class":"0x7fcbb10e0ef0", "frozen":true, "fstring":true, "bytesize":27, "value":"RUBYGEMS_ACTIVATION_MONITOR", "encoding":"US-ASCII", "memsize":68, "flags":{"wb_protected":true, "old":true, "long_lived":true, "marked":true}}
{"address":"0x7fcbb196d8c0", "type":"STRING", "class":"0x7fcbb10e0ef0", "frozen":true, "fstring":true, "bytesize":95, "capacity":118, "value":"/Users/path/.rvm/rubies/ruby-2.2.3/lib/ruby/site_ruby/2.2.0/rubygems/core_ext/kernel_require.rb", "encoding":"US-ASCII", "memsize":159, "flags":{"wb_protected":true, "old":true, "long_lived":true, "marking":true, "marked":true}}
{"address":"0x7fcbb196de10", "type":"ARRAY", "length":7, "references":["0x7fcbb196ded8", "0x7fcbb196dfa0", "0x7fcbb1049d98", "0x7fcbb1082af8", "0x7fcbb196df78", "0x7fcbb1048100", "0x7fcbb196df50"], "memsize":200, "flags":{"wb_protected":true, "old":true, "long_lived":true, "marked":true}}
{"address":"0x7fcbb196ded8", "type":"DATA", "class":"0x7fcbb10c0100", "struct":"iseq", "references":["0x7fcbb196df00", "0x7fcbb1082198", "0x7fcbb1964748", "0x7fcbb1964748", "0x7fcbb196e018"], "memsize":608, "flags":{"wb_protected":true, "old":true, "long_lived":true, "marked":true}}
{"address":"0x7fcbb196df00", "type":"STRING", "class":"0x7fcbb10e0ef0", "frozen":true, "embedded":true, "fstring":true, "bytesize":12, "value":"block in gem", "memsize":40, "flags":{"wb_protected":true, "old":true, "long_lived":true, "marked":true}}
{"address":"0x7fcbb196df50", "type":"STRING", "class":"0x7fcbb10e0ef0", "frozen":true, "fstring":true, "bytesize":111, "capacity":124, "value":":Warning: Kernel.gem no longer accepts a Gem::Dependency object, please pass the name and requirements directly", "encoding":"UTF-8", "memsize":165, "flags":{"wb_protected":true, "old":true, "long_lived":true, "marked":true}}
{"address":"0x7fcbb196df78", "type":"STRING", "class":"0x7fcbb10e0ef0", "frozen":true, "embedded":true, "fstring":true, "bytesize":9, "value":"skipping ", "encoding":"UTF-8", "memsize":40, "flags":{"wb_protected":true, "old":true, "long_lived":true, "marked":true}}
{"address":"0x7fcbb196dfa0", "type":"STRING", "class":"0x7fcbb10e0ef0", "frozen":true, "embedded":true, "fstring":true, "bytesize":8, "value":"GEM_SKIP", "encoding":"UTF-8", "memsize":40, "flags":{"wb_protected":true, "old":true, "long_lived":true, "marked":true}}
{"address":"0x7fcbb196e018", "type":"NODE", "frozen":true, "node_type":"NODE_CREF", "references":["0x7fcbb10e2b38", "0x7fcbb196e310"], "memsize":40, "flags":{"wb_protected":true, "old":true, "long_lived":true, "marked":true}}
{"address":"0x7fcbb196e040", "type":"DATA", "class":"0x7fcbb10c0100", "struct":"iseq", "references":["0x7fcbb196de10", "0x7fcbb1082198", "0x7fcbb1082198", "0x7fcbb1964748", "0x7fcbb1964748", "0x7fcbb196e018", "0x7fcbb10e2b38"], "memsize":4200, "flags":{"wb_protected":true, "old":true, "long_lived":true, "marked":true}}
{"address":"0x7fcbb196e310", "type":"NODE", "frozen":true, "node_type":"NODE_CREF", "references":["0x7fcbb10e2c78"], "memsize":40, "flags":{"wb_protected":true, "old":true, "long_lived":true, "marked":true}}
{"address":"0x7fcbb19745f8", "type":"STRING", "class":"0x7fcbb10e0ef0", "frozen":true, "fstring":true, "bytesize":60, "value":"/Users/path/.rvm/rubies/ruby-2.2.3/lib/ruby/2.2.0/monitor.rb", "encoding":"US-ASCII", "memsize":101, "flags":{"wb_protected":true, "old":true, "long_lived":true, "marked":true}}
{"address":"0x7fcbb1974738", "type":"STRING", "class":"0x7fcbb10e0ef0", "frozen":true, "embedded":true, "fstring":true, "bytesize":13, "value":"' to activate", "encoding":"UTF-8", "memsize":40, "flags":{"wb_protected":true, "old":true, "long_lived":true, "marked":true}}
{"address":"0x7fcbb1974760", "type":"STRING", "class":"0x7fcbb10e0ef0", "frozen":true, "fstring":true, "bytesize":29, "value":"unable to find a version of '", "encoding":"UTF-8", "memsize":70, "flags":{"wb_protected":true, "old":true, "long_lived":true, "marked":true}}
{"address":"0x7fcbb1974850", "type":"DATA", "class":"0x7fcbb10c0100", "struct":"iseq", "references":["0x7fcbb1974ad0", "0x7fcbb10c3e40", "0x7fcbb196d8c0", "0x7fcbb196d8c0", "0x7fcbb1974cb0"], "memsize":712, "flags":{"wb_protected":true, "old":true, "long_lived":true, "marked":true}}
{"address":"0x7fcbb19748a0", "type":"STRING", "class":"0x7fcbb10e0ef0", "frozen":true, "fstring":true, "bytesize":25, "value":" found in multiple gems: ", "encoding":"UTF-8", "memsize":66, "flags":{"wb_protected":true, "old":true, "long_lived":true, "marked":true}}
{"address":"0x7fcbb1974990", "type":"DATA", "class":"0x7fcbb10c0100", "struct":"iseq", "references":["0x7fcbb1974ad0", "0x7fcbb10c3e40", "0x7fcbb196d8c0", "0x7fcbb196d8c0", "0x7fcbb1974cb0"], "memsize":616, "flags":{"wb_protected":true, "old":true, "long_lived":true, "marked":true}}
{"address":"0x7fcbb1974aa8", "type":"DATA", "class":"0x7fcbb10c0100", "struct":"iseq", "references":["0x7fcbb1974ad0", "0x7fcbb10c3e40", "0x7fcbb196d8c0", "0x7fcbb196d8c0", "0x7fcbb1974cb0"], "memsize":800, "flags":{"wb_protected":true, "old":true, "long_lived":true, "marked":true}}
{"address":"0x7fcbb1974ad0", "type":"STRING", "class":"0x7fcbb10e0ef0", "frozen":true, "embedded":true, "fstring":true, "bytesize":16, "value":"block in require", "memsize":40, "flags":{"wb_protected":true, "old":true, "long_lived":true, "marked":true}}
{"address":"0x7fcbb1974b20", "type":"ARRAY", "length":9, "references":["0x7fcbb1974be8", "0x7fcbb1974aa8", "0x7fcbb1974990", "0x7fcbb1974850", "0x7fcbb19748a0", "0x7fcbb1842ef0", "0x7fcbb1974760", "0x7fcbb1974738", "0x7fcbb1974be8"], "memsize":200, "flags":{"wb_protected":true, "old":true, "long_lived":true, "marked":true}}
{"address":"0x7fcbb1974b48", "type":"ARRAY", "length":1, "embedded":true, "references":["0x7fcbb1974b70"], "memsize":40, "flags":{"wb_protected":true, "old":true, "long_lived":true, "marked":true}}
{"address":"0x7fcbb1974b70", "type":"STRING", "class":"0x7fcbb10e0ef0", "frozen":true, "embedded":true, "fstring":true, "bytesize":14, "value":"Could not find", "encoding":"UTF-8", "memsize":40, "flags":{"wb_protected":true, "old":true, "long_lived":true, "marked":true}}
{"address":"0x7fcbb1974be8", "type":"DATA", "class":"0x7fcbb10c0100", "struct":"iseq", "references":["0x7fcbb1974b48", "0x7fcbb1974c10", "0x7fcbb10c3e40", "0x7fcbb196d8c0", "0x7fcbb196d8c0", "0x7fcbb1974cb0"], "memsize":2448, "flags":{"wb_protected":true, "old":true, "long_lived":true, "marked":true}}
{"address":"0x7fcbb1974c10", "type":"STRING", "class":"0x7fcbb10e0ef0", "frozen":true, "embedded":true, "fstring":true, "bytesize":17, "value":"rescue in require", "memsize":40, "flags":{"wb_protected":true, "old":true, "long_lived":true, "marked":true}}
{"address":"0x7fcbb1974cb0", "type":"NODE", "frozen":true, "node_type":"NODE_CREF", "references":["0x7fcbb10e2b38", "0x7fcbb1974f58"], "memsize":40, "flags":{"wb_protected":true, "old":true, "long_lived":true, "marked":true}}
{"address":"0x7fcbb1974cd8", "type":"DATA", "class":"0x7fcbb10c0100", "struct":"iseq", "references":["0x7fcbb1974b20", "0x7fcbb10c3e40", "0x7fcbb10c3e40", "0x7fcbb196d8c0", "0x7fcbb196d8c0", "0x7fcbb1974cb0", "0x7fcbb10e2b38"], "memsize":8120, "flags":{"wb_protected":true, "old":true, "long_lived":true, "marked":true}}
{"address":"0x7fcbb1974f58", "type":"NODE", "frozen":true, "node_type":"NODE_CREF", "references":["0x7fcbb10e2c78"], "memsize":40, "flags":{"wb_protected":true, "old":true, "long_lived":true, "marked":true}}
{"address":"0x7fcbb1976100", "type":"STRING", "class":"0x7fcbb10e0ef0", "frozen":true, "embedded":true, "fstring":true, "bytesize":10, "value":"load_error", "encoding":"US-ASCII", "memsize":40, "flags":{"wb_protected":true, "old":true, "long_lived":true, "marked":true}}
{"address":"0x7fcbb1976a60", "type":"STRING", "class":"0x7fcbb10e0ef0", "frozen":true, "embedded":true, "fstring":true, "bytesize":2, "value":"le", "encoding":"US-ASCII", "memsize":40, "flags":{"wb_protected":true, "old":true, "long_lived":true, "marked":true}}
{"address":"0x7fcbb1976d08", "type":"STRING", "class":"0x7fcbb10e0ef0", "frozen":true, "embedded":true, "fstring":true, "bytesize":5, "value":"valid", "encoding":"US-ASCII", "memsize":40, "flags":{"wb_protected":true, "old":true, "long_lived":true, "marked":true}}
{"address":"0x7fcbb1977780", "type":"STRING", "class":"0x7fcbb10e0ef0", "frozen":true, "embedded":true, "fstring":true, "bytesize":10, "value":"found_spec", "encoding":"US-ASCII", "memsize":40, "flags":{"wb_protected":true, "old":true, "long_lived":true, "marked":true}}
{"address":"0x7fcbb1977ca8", "type":"STRING", "class":"0x7fcbb10e0ef0", "frozen":true, "embedded":true, "fstring":true, "bytesize":11, "value":"found_specs", "encoding":"US-ASCII", "memsize":40, "flags":{"wb_protected":true, "old":true, "long_lived":true, "marked":true}}
{"address":"0x7fcbb197c1e0", "type":"STRING", "class":"0x7fcbb10e0ef0", "frozen":true, "embedded":true, "fstring":true, "bytesize":8, "value":"new_cond", "encoding":"US-ASCII", "memsize":40, "flags":{"wb_protected":true, "old":true, "long_lived":true, "marked":true}}
{"address":"0x7fcbb197c690", "type":"STRING", "class":"0x7fcbb10e0ef0", "frozen":true, "embedded":true, "fstring":true, "bytesize":15, "value":"mon_synchronize", "encoding":"US-ASCII", "memsize":40, "flags":{"wb_protected":true, "old":true, "long_lived":true, "marked":true}}
{"address":"0x7fcbb197cca8", "type":"STRING", "class":"0x7fcbb10e0ef0", "frozen":true, "embedded":true, "fstring":true, "bytesize":8, "value":"mon_exit", "encoding":"US-ASCII", "memsize":40, "flags":{"wb_protected":true, "old":true, "long_lived":true, "marked":true}}
{"address":"0x7fcbb197d248", "type":"STRING", "class":"0x7fcbb10e0ef0", "frozen":true, "embedded":true, "fstring":true, "bytesize":9, "value":"mon_enter", "encoding":"US-ASCII", "memsize":40, "flags":{"wb_protected":true, "old":true, "long_lived":true, "marked":true}}
{"address":"0x7fcbb197d3d8", "type":"STRING", "class":"0x7fcbb10e0ef0", "frozen":true, "embedded":true, "fstring":true, "bytesize":13, "value":"try_mon_enter", "encoding":"US-ASCII", "memsize":40, "flags":{"wb_protected":true, "old":true, "long_lived":true, "marked":true}}
{"address":"0x7fcbb197d6d0", "type":"STRING", "class":"0x7fcbb10e0ef0", "frozen":true, "embedded":true, "fstring":true, "bytesize":10, "value":"@mon_count", "encoding":"US-ASCII", "memsize":40, "flags":{"wb_protected":true, "old":true, "long_lived":true, "marked":true}}
{"address":"0x7fcbb197da90", "type":"STRING", "class":"0x7fcbb10e0ef0", "frozen":true, "embedded":true, "fstring":true, "bytesize":10, "value":"@mon_owner", "encoding":"US-ASCII", "memsize":40, "flags":{"wb_protected":true, "old":true, "long_lived":true, "marked":true}}
{"address":"0x7fcbb197db08", "type":"STRING", "class":"0x7fcbb10e0ef0", "frozen":true, "embedded":true, "fstring":true, "bytesize":13, "value":"mon_try_enter", "encoding":"US-ASCII", "memsize":40, "flags":{"wb_protected":true, "old":true, "long_lived":true, "marked":true}}
{"address":"0x7fcbb197dd60", "type":"STRING", "class":"0x7fcbb10e0ef0", "frozen":true, "embedded":true, "fstring":true, "bytesize":14, "value":"mon_initialize", "encoding":"US-ASCII", "memsize":40, "flags":{"wb_protected":true, "old":true, "long_lived":true, "marked":true}}
{"address":"0x7fcbb197e260", "type":"STRING", "class":"0x7fcbb10e0ef0", "frozen":true, "embedded":true, "fstring":true, "bytesize":7, "value":"monitor", "encoding":"US-ASCII", "memsize":40, "flags":{"wb_protected":true, "old":true, "long_lived":true, "marked":true}}
{"address":"0x7fcbb197eb70", "type":"STRING", "class":"0x7fcbb10e0ef0", "frozen":true, "embedded":true, "fstring":true, "bytesize":10, "value":"wait_until", "encoding":"US-ASCII", "memsize":40, "flags":{"wb_protected":true, "old":true, "long_lived":true, "marked":true}}
{"address":"0x7fcbb197ee18", "type":"STRING", "class":"0x7fcbb10e0ef0", "frozen":true, "embedded":true, "fstring":true, "bytesize":10, "value":"wait_while", "encoding":"US-ASCII", "memsize":40, "flags":{"wb_protected":true, "old":true, "long_lived":true, "marked":true}}
{"address":"0x7fcbb197f138", "type":"STRING", "class":"0x7fcbb10e0ef0", "frozen":true, "embedded":true, "fstring":true, "bytesize":18, "value":"mon_enter_for_cond", "encoding":"US-ASCII", "memsize":40, "flags":{"wb_protected":true, "old":true, "long_lived":true, "marked":true}}
{"address":"0x7fcbb197f3e0", "type":"STRING", "class":"0x7fcbb10e0ef0", "frozen":true, "embedded":true, "fstring":true, "bytesize":10, "value":"@mon_mutex", "encoding":"US-ASCII", "memsize":40, "flags":{"wb_protected":true, "old":true, "long_lived":true, "marked":true}}
{"address":"0x7fcbb197f458", "type":"STRING", "class":"0x7fcbb10e0ef0", "frozen":true, "embedded":true, "fstring":true, "bytesize":5, "value":"@cond", "encoding":"US-ASCII", "memsize":40, "flags":{"wb_protected":true, "old":true, "long_lived":true, "marked":true}}
{"address":"0x7fcbb197f598", "type":"STRING", "class":"0x7fcbb10e0ef0", "frozen":true, "embedded":true, "fstring":true, "bytesize":17, "value":"mon_exit_for_cond", "encoding":"US-ASCII", "memsize":40, "flags":{"wb_protected":true, "old":true, "long_lived":true, "marked":true}}
{"address":"0x7fcbb197f6b0", "type":"STRING", "class":"0x7fcbb10e0ef0", "frozen":true, "embedded":true, "fstring":true, "bytesize":15, "value":"mon_check_owner", "encoding":"US-ASCII", "memsize":40, "flags":{"wb_protected":true, "old":true, "long_lived":true, "marked":true}}
{"address":"0x7fcbb197f700", "type":"STRING", "class":"0x7fcbb10e0ef0", "frozen":true, "embedded":true, "fstring":true, "bytesize":8, "value":"@monitor", "encoding":"US-ASCII", "memsize":40, "flags":{"wb_protected":true, "old":true, "long_lived":true, "marked":true}}
{"address":"0x7fcbb197f7f0", "type":"STRING", "class":"0x7fcbb10e0ef0", "frozen":true, "embedded":true, "fstring":true, "bytesize":7, "value":"timeout", "encoding":"US-ASCII", "memsize":40, "flags":{"wb_protected":true, "old":true, "long_lived":true, "marked":true}}
{"address":"0x7fcbb197fa20", "type":"STRING", "class":"0x7fcbb10e0ef0", "frozen":true, "embedded":true, "fstring":true, "bytesize":7, "value":"Timeout", "encoding":"US-ASCII", "memsize":40, "flags":{"wb_protected":true, "old":true, "long_lived":true, "marked":true}}
{"address":"0x7fcbb197fc00", "type":"STRING", "class":"0x7fcbb10e0ef0", "frozen":true, "embedded":true, "fstring":true, "bytesize":12, "value":"MonitorMixin", "encoding":"US-ASCII", "memsize":40, "flags":{"wb_protected":true, "old":true, "long_lived":true, "marking":true, "marked":true}}
{"address":"0x7fcbb1984020", "type":"STRING", "class":"0x7fcbb10e0ef0", "frozen":true, "embedded":true, "fstring":true, "bytesize":6, "value":"output", "encoding":"US-ASCII", "memsize":40, "flags":{"wb_protected":true, "old":true, "long_lived":true, "marked":true}}
{"address":"0x7fcbb1984048", "type":"STRING", "class":"0x7fcbb10e0ef0", "frozen":true, "embedded":true, "fstring":true, "bytesize":8, "value":"dump_all", "encoding":"US-ASCII", "memsize":40, "flags":{"wb_protected":true, "old":true, "long_lived":true, "marked":true}}
{"address":"0x7fcbb1984d18", "type":"DATA", "class":"0x7fcbb10bb948", "struct":"mutex", "memsize":176}
{"address":"0x7fcbb1984d68", "type":"OBJECT", "class":"0x7fcbb1985150", "ivars":3, "references":["0x7fcbb1984d18"], "memsize":40, "flags":{"wb_protected":true}}
{"address":"0x7fcbb19850d8", "type":"ICLASS", "class":"0x7fcbb1985308", "references":["0x7fcbb1985c18", "0x7fcbb1985c18", "0x7fcbb1985b78", "0x7fcbb1985ad8", "0x7fcbb1985a38", "0x7fcbb1985a38", "0x7fcbb1985880", "0x7fcbb19857e0", "0x7fcbb1985740", "0x7fcbb19856a0", "0x7fcbb19855b0", "0x7fcbb1985510", "0x7fcbb197fc00", "0x7fcbb19852b8", "0x7fcbb19745f8", "0x7fcbb10e2c78"], "memsize":40, "flags":{"long_lived":true, "marked":true}}
{"address":"0x7fcbb1985128", "type":"CLASS", "class":"0x7fcbb10e2430", "name":"Class", "references":["0x7fcbb1985150", "0x7fcbb10e23e0"], "memsize":712, "flags":{"wb_protected":true, "old":true, "long_lived":true, "marked":true}}
{"address":"0x7fcbb1985150", "type":"CLASS", "class":"0x7fcbb1985128", "name":"Monitor", "references":["0x7fcbb19850d8", "0x7fcbb1985c18", "0x7fcbb19850d8", "0x7fcbb1985b78", "0x7fcbb19850d8", "0x7fcbb1985ad8", "0x7fcbb196d460", "0x7fcbb19850d8"], "memsize":904, "flags":{"wb_protected":true, "old":true, "long_lived":true, "marked":true}}
{"address":"0x7fcbb1985178", "type":"CLASS", "class":"0x7fcbb10e2408", "name":"Module", "references":["0x7fcbb1985178", "0x7fcbb1985cb8", "0x7fcbb1985308", "0x7fcbb10e2c28"], "memsize":712, "flags":{"wb_protected":true, "old":true, "long_lived":true, "marked":true}}
{"address":"0x7fcbb19851c8", "type":"STRING", "class":"0x7fcbb10e0ef0", "frozen":true, "bytesize":40, "capacity":62, "value":"MonitorMixin::ConditionVariable::Timeout", "encoding":"US-ASCII", "memsize":103, "flags":{"wb_protected":true, "old":true, "long_lived":true, "marked":true}}
{"address":"0x7fcbb19851f0", "type":"CLASS", "class":"0x7fcbb10e2430", "name":"Class", "references":["0x7fcbb1985218", "0x7fcbb10e0040"], "memsize":712, "flags":{"wb_protected":true, "old":true, "long_lived":true, "marked":true}}
{"address":"0x7fcbb1985218", "type":"CLASS", "class":"0x7fcbb19851f0", "name":"MonitorMixin::ConditionVariable::Timeout", "references":["0x7fcbb19851c8", "0x7fcbb10e0068"], "memsize":712, "flags":{"wb_protected":true, "old":true, "long_lived":true, "marked":true}}
{"address":"0x7fcbb1985268", "type":"STRING", "class":"0x7fcbb10e0ef0", "frozen":true, "bytesize":31, "capacity":46, "value":"MonitorMixin::ConditionVariable", "encoding":"US-ASCII", "memsize":87, "flags":{"wb_protected":true, "old":true, "long_lived":true, "marked":true}}
{"address":"0x7fcbb1985290", "type":"CLASS", "class":"0x7fcbb10e2430", "name":"Class", "references":["0x7fcbb19852b8", "0x7fcbb10e23e0"], "memsize":712, "flags":{"wb_protected":true, "old":true, "long_lived":true, "marked":true}}
{"address":"0x7fcbb19852b8", "type":"CLASS", "class":"0x7fcbb1985290", "name":"MonitorMixin::ConditionVariable", "references":["0x7fcbb19852b8", "0x7fcbb19862f8", "0x7fcbb19852b8", "0x7fcbb1986118", "0x7fcbb19852b8", "0x7fcbb1986000", "0x7fcbb19852b8", "0x7fcbb1985ee8", "0x7fcbb19852b8", "0x7fcbb1985e48", "0x7fcbb19852b8", "0x7fcbb1985da8", "0x7fcbb1985268", "0x7fcbb1985218", "0x7fcbb19745f8", "0x7fcbb10e2c78"], "memsize":904, "flags":{"wb_protected":true, "old":true, "long_lived":true, "marked":true}}
{"address":"0x7fcbb1985308", "type":"MODULE", "class":"0x7fcbb1985178", "name":"MonitorMixin", "references":["0x7fcbb1985308", "0x7fcbb1985c18", "0x7fcbb1985308", "0x7fcbb1985c18", "0x7fcbb1985308", "0x7fcbb1985b78", "0x7fcbb1985308", "0x7fcbb1985ad8", "0x7fcbb1985308", "0x7fcbb1985a38", "0x7fcbb1985308", "0x7fcbb1985a38", "0x7fcbb1985308", "0x7fcbb1985880", "0x7fcbb1985308", "0x7fcbb19857e0", "0x7fcbb1985308", "0x7fcbb1985740", "0x7fcbb1985308", "0x7fcbb19856a0", "0x7fcbb1985308", "0x7fcbb19855b0", "0x7fcbb1985308", "0x7fcbb1985510", "0x7fcbb197fc00", "0x7fcbb19852b8", "0x7fcbb19745f8"], "memsize":1464, "flags":{"long_lived":true, "marked":true}}
{"address":"0x7fcbb19854e8", "type":"NODE", "frozen":true, "node_type":"NODE_CREF", "references":["0x7fcbb1985308", "0x7fcbb1986668"], "memsize":40, "flags":{"wb_protected":true, "old":true, "long_lived":true, "marked":true}}
{"address":"0x7fcbb1985510", "type":"DATA", "class":"0x7fcbb10c0100", "struct":"iseq", "references":["0x7fcbb197f598", "0x7fcbb197f598", "0x7fcbb19745f8", "0x7fcbb19745f8", "0x7fcbb19854e8", "0x7fcbb1985308"], "memsize":648, "flags":{"wb_protected":true, "old":true, "long_lived":true, "marked":true}}
{"address":"0x7fcbb1985588", "type":"NODE", "frozen":true, "node_type":"NODE_CREF", "references":["0x7fcbb1985308", "0x7fcbb1986668"], "memsize":40, "flags":{"wb_protected":true, "old":true, "long_lived":true, "marked":true}}
{"address":"0x7fcbb19855b0", "type":"DATA", "class":"0x7fcbb10c0100", "struct":"iseq", "references":["0x7fcbb197f138", "0x7fcbb197f138", "0x7fcbb19745f8", "0x7fcbb19745f8", "0x7fcbb1985588", "0x7fcbb1985308"], "memsize":728, "flags":{"wb_protected":true, "old":true, "long_lived":true, "marked":true}}
{"address":"0x7fcbb19855d8", "type":"ARRAY", "length":1, "embedded":true, "references":["0x7fcbb1985600"], "memsize":40, "flags":{"wb_protected":true, "old":true, "long_lived":true, "marked":true}}
{"address":"0x7fcbb1985600", "type":"STRING", "class":"0x7fcbb10e0ef0", "frozen":true, "fstring":true, "bytesize":24, "value":"current thread not owner", "encoding":"UTF-8", "memsize":65, "flags":{"wb_protected":true, "old":true, "long_lived":true, "marked":true}}
{"address":"0x7fcbb1985678", "type":"NODE", "frozen":true, "node_type":"NODE_CREF", "references":["0x7fcbb1985308", "0x7fcbb1986668"], "memsize":40, "flags":{"wb_protected":true, "old":true, "long_lived":true, "marked":true}}
{"address":"0x7fcbb19856a0", "type":"DATA", "class":"0x7fcbb10c0100", "struct":"iseq", "references":["0x7fcbb19855d8", "0x7fcbb197f6b0", "0x7fcbb197f6b0", "0x7fcbb19745f8", "0x7fcbb19745f8", "0x7fcbb1985678", "0x7fcbb1985308"], "memsize":1160, "flags":{"wb_protected":true, "old":true, "long_lived":true, "marked":true}}
{"address":"0x7fcbb1985718", "type":"NODE", "frozen":true, "node_type":"NODE_CREF", "references":["0x7fcbb1985308", "0x7fcbb1986668"], "memsize":40, "flags":{"wb_protected":true, "old":true, "long_lived":true, "marked":true}}
{"address":"0x7fcbb1985740", "type":"DATA", "class":"0x7fcbb10c0100", "struct":"iseq", "references":["0x7fcbb197dd60", "0x7fcbb197dd60", "0x7fcbb19745f8", "0x7fcbb19745f8", "0x7fcbb1985718", "0x7fcbb1985308"], "memsize":784, "flags":{"wb_protected":true, "old":true, "long_lived":true, "marked":true}}
{"address":"0x7fcbb19857b8", "type":"NODE", "frozen":true, "node_type":"NODE_CREF", "references":["0x7fcbb1985308", "0x7fcbb1986668"], "memsize":40, "flags":{"wb_protected":true, "old":true, "long_lived":true, "marked":true}}
{"address":"0x7fcbb19857e0", "type":"DATA", "class":"0x7fcbb10c0100", "struct":"iseq", "references":["0x7fcbb10e3330", "0x7fcbb10e3330", "0x7fcbb19745f8", "0x7fcbb19745f8", "0x7fcbb19857b8", "0x7fcbb1985308"], "memsize":720, "flags":{"wb_protected":true, "old":true, "long_lived":true, "marked":true}}
{"address":"0x7fcbb1985858", "type":"NODE", "frozen":true, "node_type":"NODE_CREF", "references":["0x7fcbb1985308", "0x7fcbb1986668"], "memsize":40, "flags":{"wb_protected":true, "old":true, "long_lived":true, "marked":true}}
{"address":"0x7fcbb1985880", "type":"DATA", "class":"0x7fcbb10c0100", "struct":"iseq", "references":["0x7fcbb197c1e0", "0x7fcbb197c1e0", "0x7fcbb19745f8", "0x7fcbb19745f8", "0x7fcbb1985858", "0x7fcbb1985308"], "memsize":600, "flags":{"wb_protected":true, "old":true, "long_lived":true, "marked":true}}
{"address":"0x7fcbb19858d0", "type":"ARRAY", "length":2, "embedded":true, "references":["0x7fcbb1985948", "0x7fcbb1985948"], "memsize":40, "flags":{"wb_protected":true, "old":true, "long_lived":true, "marked":true}}
{"address":"0x7fcbb1985948", "type":"DATA", "class":"0x7fcbb10c0100", "struct":"iseq", "references":["0x7fcbb1985970", "0x7fcbb197c690", "0x7fcbb19745f8", "0x7fcbb19745f8", "0x7fcbb1985a10"], "memsize":520, "flags":{"wb_protected":true, "old":true, "long_lived":true, "marked":true}}
{"address":"0x7fcbb1985970", "type":"STRING", "class":"0x7fcbb10e0ef0", "frozen":true, "fstring":true, "bytesize":25, "capacity":46, "value":"ensure in mon_synchronize", "memsize":87, "flags":{"wb_protected":true, "old":true, "long_lived":true, "marked":true}}
{"address":"0x7fcbb1985a10", "type":"NODE", "frozen":true, "node_type":"NODE_CREF", "references":["0x7fcbb1985308", "0x7fcbb1986668"], "memsize":40, "flags":{"wb_protected":true, "old":true, "long_lived":true, "marked":true}}
{"address":"0x7fcbb1985a38", "type":"DATA", "class":"0x7fcbb10c0100", "struct":"iseq", "references":["0x7fcbb19858d0", "0x7fcbb197c690", "0x7fcbb197c690", "0x7fcbb19745f8", "0x7fcbb19745f8", "0x7fcbb1985a10", "0x7fcbb1985308"], "memsize":904, "flags":{"wb_protected":true, "old":true, "long_lived":true, "marked":true}}
{"address":"0x7fcbb1985ab0", "type":"NODE", "frozen":true, "node_type":"NODE_CREF", "references":["0x7fcbb1985308", "0x7fcbb1986668"], "memsize":40, "flags":{"wb_protected":true, "old":true, "long_lived":true, "marked":true}}
{"address":"0x7fcbb1985ad8", "type":"DATA", "class":"0x7fcbb10c0100", "struct":"iseq", "references":["0x7fcbb197cca8", "0x7fcbb197cca8", "0x7fcbb19745f8", "0x7fcbb19745f8", "0x7fcbb1985ab0", "0x7fcbb1985308"], "memsize":1272, "flags":{"wb_protected":true, "old":true, "long_lived":true, "marked":true}}
{"address":"0x7fcbb1985b50", "type":"NODE", "frozen":true, "node_type":"NODE_CREF", "references":["0x7fcbb1985308", "0x7fcbb1986668"], "memsize":40, "flags":{"wb_protected":true, "old":true, "long_lived":true, "marked":true}}
{"address":"0x7fcbb1985b78", "type":"DATA", "class":"0x7fcbb10c0100", "struct":"iseq", "references":["0x7fcbb197d248", "0x7fcbb197d248", "0x7fcbb19745f8", "0x7fcbb19745f8", "0x7fcbb1985b50", "0x7fcbb1985308"], "memsize":1568, "flags":{"wb_protected":true, "old":true, "long_lived":true, "marked":true}}
{"address":"0x7fcbb1985bf0", "type":"NODE", "frozen":true, "node_type":"NODE_CREF", "references":["0x7fcbb1985308", "0x7fcbb1986668"], "memsize":40, "flags":{"wb_protected":true, "old":true, "long_lived":true, "marked":true}}
{"address":"0x7fcbb1985c18", "type":"DATA", "class":"0x7fcbb10c0100", "struct":"iseq", "references":["0x7fcbb197db08", "0x7fcbb197db08", "0x7fcbb19745f8", "0x7fcbb19745f8", "0x7fcbb1985bf0", "0x7fcbb1985308"], "memsize":1688, "flags":{"wb_protected":true, "old":true, "long_lived":true, "marked":true}}
{"address":"0x7fcbb1985c90", "type":"NODE", "frozen":true, "node_type":"NODE_CREF", "references":["0x7fcbb1985308", "0x7fcbb1986668"], "memsize":40, "flags":{"wb_protected":true, "old":true, "long_lived":true, "marked":true}}
{"address":"0x7fcbb1985cb8", "type":"DATA", "class":"0x7fcbb10c0100", "struct":"iseq", "references":["0x7fcbb10e1eb8", "0x7fcbb10e1eb8", "0x7fcbb19745f8", "0x7fcbb19745f8", "0x7fcbb1985c90", "0x7fcbb1985178"], "memsize":744, "flags":{"wb_protected":true, "old":true, "long_lived":true, "marked":true}}
{"address":"0x7fcbb1985d08", "type":"ARRAY", "length":1, "embedded":true, "references":["0x7fcbb10e2c78"], "memsize":40, "flags":{"wb_protected":true, "old":true, "long_lived":true, "marked":true}}
{"address":"0x7fcbb1985d80", "type":"NODE", "frozen":true, "node_type":"NODE_CREF", "references":["0x7fcbb19852b8", "0x7fcbb1986578"], "memsize":40, "flags":{"wb_protected":true, "old":true, "long_lived":true, "marked":true}}
{"address":"0x7fcbb1985da8", "type":"DATA", "class":"0x7fcbb10c0100", "struct":"iseq", "references":["0x7fcbb1985d08", "0x7fcbb10e3330", "0x7fcbb10e3330", "0x7fcbb19745f8", "0x7fcbb19745f8", "0x7fcbb1985d80", "0x7fcbb19852b8"], "memsize":752, "flags":{"wb_protected":true, "old":true, "long_lived":true, "marked":true}}
{"address":"0x7fcbb1985e20", "type":"NODE", "frozen":true, "node_type":"NODE_CREF", "references":["0x7fcbb19852b8", "0x7fcbb1986578"], "memsize":40, "flags":{"wb_protected":true, "old":true, "long_lived":true, "marked":true}}
{"address":"0x7fcbb1985e48", "type":"DATA", "class":"0x7fcbb10c0100", "struct":"iseq", "references":["0x7fcbb30032d8", "0x7fcbb30032d8", "0x7fcbb19745f8", "0x7fcbb19745f8", "0x7fcbb1985e20", "0x7fcbb19852b8"], "memsize":768, "flags":{"wb_protected":true, "old":true, "long_lived":true, "marked":true}}
{"address":"0x7fcbb1985ec0", "type":"NODE", "frozen":true, "node_type":"NODE_CREF", "references":["0x7fcbb19852b8", "0x7fcbb1986578"], "memsize":40, "flags":{"wb_protected":true, "old":true, "long_lived":true, "marked":true}}
{"address":"0x7fcbb1985ee8", "type":"DATA", "class":"0x7fcbb10c0100", "struct":"iseq", "references":["0x7fcbb3003300", "0x7fcbb3003300", "0x7fcbb19745f8", "0x7fcbb19745f8", "0x7fcbb1985ec0", "0x7fcbb19852b8"], "memsize":768, "flags":{"wb_protected":true, "old":true, "long_lived":true, "marked":true}}
{"address":"0x7fcbb1985fd8", "type":"NODE", "frozen":true, "node_type":"NODE_CREF", "references":["0x7fcbb19852b8", "0x7fcbb1986578"], "memsize":40, "flags":{"wb_protected":true, "old":true, "long_lived":true, "marked":true}}
{"address":"0x7fcbb1986000", "type":"DATA", "class":"0x7fcbb10c0100", "struct":"iseq", "references":["0x7fcbb197eb70", "0x7fcbb197eb70", "0x7fcbb19745f8", "0x7fcbb19745f8", "0x7fcbb1985fd8", "0x7fcbb19852b8"], "memsize":864, "flags":{"wb_protected":true, "old":true, "long_lived":true, "marked":true}}
{"address":"0x7fcbb19860f0", "type":"NODE", "frozen":true, "node_type":"NODE_CREF", "references":["0x7fcbb19852b8", "0x7fcbb1986578"], "memsize":40, "flags":{"wb_protected":true, "old":true, "long_lived":true, "marked":true}}
{"address":"0x7fcbb1986118", "type":"DATA", "class":"0x7fcbb10c0100", "struct":"iseq", "references":["0x7fcbb197ee18", "0x7fcbb197ee18", "0x7fcbb19745f8", "0x7fcbb19745f8", "0x7fcbb19860f0", "0x7fcbb19852b8"], "memsize":864, "flags":{"wb_protected":true, "old":true, "long_lived":true, "marked":true}}
{"address":"0x7fcbb1986168", "type":"ARRAY", "length":2, "embedded":true, "references":["0x7fcbb19861e0", "0x7fcbb19861e0"], "memsize":40, "flags":{"wb_protected":true, "old":true, "long_lived":true, "marked":true}}
{"address":"0x7fcbb19861e0", "type":"DATA", "class":"0x7fcbb10c0100", "struct":"iseq", "references":["0x7fcbb1986208", "0x7fcbb10bb1c8", "0x7fcbb19745f8", "0x7fcbb19745f8", "0x7fcbb19862d0"], "memsize":584, "flags":{"wb_protected":true, "old":true, "long_lived":true, "marked":true}}
{"address":"0x7fcbb1986208", "type":"STRING", "class":"0x7fcbb10e0ef0", "frozen":true, "embedded":true, "fstring":true, "bytesize":14, "value":"ensure in wait", "memsize":40, "flags":{"wb_protected":true, "old":true, "long_lived":true, "marked":true}}
{"address":"0x7fcbb19862d0", "type":"NODE", "frozen":true, "node_type":"NODE_CREF", "references":["0x7fcbb19852b8", "0x7fcbb1986578"], "memsize":40, "flags":{"wb_protected":true, "old":true, "long_lived":true, "marked":true}}
{"address":"0x7fcbb19862f8", "type":"DATA", "class":"0x7fcbb10c0100", "struct":"iseq", "references":["0x7fcbb1986168", "0x7fcbb10bb1c8", "0x7fcbb10bb1c8", "0x7fcbb19745f8", "0x7fcbb19745f8", "0x7fcbb19862d0", "0x7fcbb19852b8"], "memsize":1560, "flags":{"wb_protected":true, "old":true, "long_lived":true, "marked":true}}
{"address":"0x7fcbb1986578", "type":"NODE", "frozen":true, "node_type":"NODE_CREF", "references":["0x7fcbb1985308", "0x7fcbb1986668"], "memsize":40, "flags":{"wb_protected":true, "old":true, "long_lived":true, "marked":true}}
{"address":"0x7fcbb1986668", "type":"NODE", "frozen":true, "node_type":"NODE_CREF", "references":["0x7fcbb10e2c78"], "memsize":40, "flags":{"wb_protected":true, "old":true, "long_lived":true, "marked":true}}
{"address":"0x7fcbb19871f8", "type":"STRING", "class":"0x7fcbb10e0ef0", "frozen":true, "embedded":true, "fstring":true, "bytesize":9, "value":"try_enter", "encoding":"US-ASCII", "memsize":40, "flags":{"wb_protected":true, "old":true, "long_lived":true, "marked":true}}
{"address":"0x7fcbb198f358", "type":"ARRAY", "frozen":true, "length":42, "references":["0x7fcbb10c24a0", "0x7fcbb10b9940", "0x7fcbb10b9530", "0x7fcbb10b8a68", "0x7fcbb10b1678", "0x7fcbb10abd40", "0x7fcbb10433f8", "0x7fcbb3003210", "0x7fcbb30036e8", "0x7fcbb3002d38", "0x7fcbb10a9f68", "0x7fcbb1831e48", "0x7fcbb183ac78", "0x7fcbb1888a18", "0x7fcbb18b7de0", "0x7fcbb18cf4e0", "0x7fcbb18e7978", "0x7fcbb18f5be0", "0x7fcbb1832f50", "0x7fcbb1840970", "0x7fcbb182b958", "0x7fcbb1964748", "0x7fcbb19745f8", "0x7fcbb196d8c0", "0x7fcbb10a91d0", "0x7fcbb198fbf0"], "memsize":56, "flags":{"wb_protected":true, "old":true, "long_lived":true, "marked":true}}
{"address":"0x7fcbb198f6c8", "type":"STRING", "class":"0x7fcbb10e0ef0", "frozen":true, "embedded":true, "fstring":true, "bytesize":10, "value":"long_lived", "encoding":"US-ASCII", "memsize":40, "flags":{"wb_protected":true, "old":true, "long_lived":true, "marked":true}}
{"address":"0x7fcbb198f6f0", "type":"STRING", "class":"0x7fcbb10e0ef0", "frozen":true, "embedded":true, "fstring":true, "bytesize":7, "value":"marking", "encoding":"US-ASCII", "memsize":40, "flags":{"wb_protected":true, "old":true, "long_lived":true, "marked":true}}
{"address":"0x7fcbb198f718", "type":"STRING", "class":"0x7fcbb10e0ef0", "frozen":true, "embedded":true, "fstring":true, "bytesize":12, "value":"wb_protected", "encoding":"US-ASCII", "memsize":40, "flags":{"wb_protected":true, "old":true, "long_lived":true, "marked":true}}
{"address":"0x7fcbb198f740", "type":"STRING", "class":"0x7fcbb10e0ef0", "frozen":true, "embedded":true, "fstring":true, "bytesize":6, "value":"marked", "encoding":"US-ASCII", "memsize":40, "flags":{"wb_protected":true, "old":true, "long_lived":true, "marked":true}}
{"address":"0x7fcbb198f768", "type":"STRING", "class":"0x7fcbb10e0ef0", "frozen":true, "embedded":true, "fstring":true, "bytesize":6, "value":"stdout", "encoding":"US-ASCII", "memsize":40, "flags":{"wb_protected":true, "old":true, "long_lived":true, "marked":true}}
{"address":"0x7fcbb198f790", "type":"STRING", "class":"0x7fcbb10e0ef0", "frozen":true, "embedded":true, "fstring":true, "bytesize":21, "value":"allocation_generation", "encoding":"US-ASCII", "memsize":40, "flags":{"wb_protected":true, "old":true, "long_lived":true, "marked":true}}
{"address":"0x7fcbb198f7b8", "type":"STRING", "class":"0x7fcbb10e0ef0", "frozen":true, "embedded":true, "fstring":true, "bytesize":20, "value":"allocation_method_id", "encoding":"US-ASCII", "memsize":40, "flags":{"wb_protected":true, "old":true, "long_lived":true, "marked":true}}
{"address":"0x7fcbb198f7e0", "type":"STRING", "class":"0x7fcbb10e0ef0", "frozen":true, "embedded":true, "fstring":true, "bytesize":21, "value":"allocation_class_path", "encoding":"US-ASCII", "memsize":40, "flags":{"wb_protected":true, "old":true, "long_lived":true, "marked":true}}
{"address":"0x7fcbb198f808", "type":"STRING", "class":"0x7fcbb10e0ef0", "frozen":true, "embedded":true, "fstring":true, "bytesize":21, "value":"allocation_sourceline", "encoding":"US-ASCII", "memsize":40, "flags":{"wb_protected":true, "old":true, "long_lived":true, "marked":true}}
{"address":"0x7fcbb198f830", "type":"STRING", "class":"0x7fcbb10e0ef0", "frozen":true, "embedded":true, "fstring":true, "bytesize":21, "value":"allocation_sourcefile", "encoding":"US-ASCII", "memsize":40, "flags":{"wb_protected":true, "old":true, "long_lived":true, "marked":true}}
{"address":"0x7fcbb198f858", "type":"STRING", "class":"0x7fcbb10e0ef0", "frozen":true, "fstring":true, "bytesize":36, "value":"trace_object_allocations_debug_start", "encoding":"US-ASCII", "memsize":77, "flags":{"wb_protected":true, "old":true, "long_lived":true, "marked":true}}
{"address":"0x7fcbb198f880", "type":"STRING", "class":"0x7fcbb10e0ef0", "frozen":true, "fstring":true, "bytesize":30, "value":"trace_object_allocations_clear", "encoding":"US-ASCII", "memsize":71, "flags":{"wb_protected":true, "old":true, "long_lived":true, "marked":true}}
{"address":"0x7fcbb198f8a8", "type":"STRING", "class":"0x7fcbb10e0ef0", "frozen":true, "fstring":true, "bytesize":29, "value":"trace_object_allocations_stop", "encoding":"US-ASCII", "memsize":70, "flags":{"wb_protected":true, "old":true, "long_lived":true, "marked":true}}
{"address":"0x7fcbb198f8d0", "type":"STRING", "class":"0x7fcbb10e0ef0", "frozen":true, "fstring":true, "bytesize":30, "value":"trace_object_allocations_start", "encoding":"US-ASCII", "memsize":71, "flags":{"wb_protected":true, "old":true, "long_lived":true, "marked":true}}
{"address":"0x7fcbb198f8f8", "type":"STRING", "class":"0x7fcbb10e0ef0", "frozen":true, "fstring":true, "bytesize":24, "value":"trace_object_allocations", "encoding":"US-ASCII", "memsize":65, "flags":{"wb_protected":true, "old":true, "long_lived":true, "marked":true}}
{"address":"0x7fcbb198f920", "type":"STRING", "class":"0x7fcbb10e0ef0", "frozen":true, "embedded":true, "fstring":true, "bytesize":18, "value":"internal_object_id", "encoding":"US-ASCII", "memsize":40, "flags":{"wb_protected":true, "old":true, "long_lived":true, "marked":true}}
{"address":"0x7fcbb198f948", "type":"STRING", "class":"0x7fcbb10e0ef0", "frozen":true, "bytesize":34, "capacity":46, "value":"ObjectSpace::InternalObjectWrapper", "encoding":"US-ASCII", "memsize":87, "flags":{"wb_protected":true, "old":true, "long_lived":true, "marked":true}}
{"address":"0x7fcbb198f970", "type":"CLASS", "class":"0x7fcbb10e2430", "name":"Class", "references":["0x7fcbb198f998", "0x7fcbb10e23e0"], "memsize":712, "flags":{"wb_protected":true, "old":true, "long_lived":true, "marked":true}}
{"address":"0x7fcbb198f998", "type":"CLASS", "class":"0x7fcbb198f970", "name":"ObjectSpace::InternalObjectWrapper", "references":["0x7fcbb198f998", "0x7fcbb198f998", "0x7fcbb198f998", "0x7fcbb198f948", "0x7fcbb10e2c78"], "memsize":712, "flags":{"wb_protected":true, "old":true, "long_lived":true, "marked":true}}
{"address":"0x7fcbb198f9c0", "type":"STRING", "class":"0x7fcbb10e0ef0", "frozen":true, "embedded":true, "fstring":true, "bytesize":21, "value":"InternalObjectWrapper", "encoding":"US-ASCII", "memsize":40, "flags":{"wb_protected":true, "old":true, "long_lived":true, "marked":true}}
{"address":"0x7fcbb198f9e8", "type":"STRING", "class":"0x7fcbb10e0ef0", "frozen":true, "fstring":true, "bytesize":27, "value":"reachable_objects_from_root", "encoding":"US-ASCII", "memsize":68, "flags":{"wb_protected":true, "old":true, "long_lived":true, "marked":true}}
{"address":"0x7fcbb198fa10", "type":"STRING", "class":"0x7fcbb10e0ef0", "frozen":true, "embedded":true, "fstring":true, "bytesize":22, "value":"reachable_objects_from", "encoding":"US-ASCII", "memsize":40, "flags":{"wb_protected":true, "old":true, "long_lived":true, "marked":true}}
{"address":"0x7fcbb198fa38", "type":"STRING", "class":"0x7fcbb10e0ef0", "frozen":true, "embedded":true, "fstring":true, "bytesize":19, "value":"count_tdata_objects", "encoding":"US-ASCII", "memsize":40, "flags":{"wb_protected":true, "old":true, "long_lived":true, "marked":true}}
{"address":"0x7fcbb198fa60", "type":"STRING", "class":"0x7fcbb10e0ef0", "frozen":true, "embedded":true, "fstring":true, "bytesize":11, "value":"count_nodes", "encoding":"US-ASCII", "memsize":40, "flags":{"wb_protected":true, "old":true, "long_lived":true, "marked":true}}
{"address":"0x7fcbb198fa88", "type":"STRING", "class":"0x7fcbb10e0ef0", "frozen":true, "embedded":true, "fstring":true, "bytesize":18, "value":"count_objects_size", "encoding":"US-ASCII", "memsize":40, "flags":{"wb_protected":true, "old":true, "long_lived":true, "marked":true}}
{"address":"0x7fcbb198fab0", "type":"STRING", "class":"0x7fcbb10e0ef0", "frozen":true, "embedded":true, "fstring":true, "bytesize":14, "value":"memsize_of_all", "encoding":"US-ASCII", "memsize":40, "flags":{"wb_protected":true, "old":true, "long_lived":true, "marked":true}}
{"address":"0x7fcbb198fad8", "type":"STRING", "class":"0x7fcbb10e0ef0", "frozen":true, "embedded":true, "fstring":true, "bytesize":10, "value":"memsize_of", "encoding":"US-ASCII", "memsize":40, "flags":{"wb_protected":true, "old":true, "long_lived":true, "marked":true}}
{"address":"0x7fcbb198fba0", "type":"DATA", "struct":"thread_shield", "memsize":40}
{"address":"0x7fcbb198fbf0", "type":"STRING", "class":"0x7fcbb10e0ef0", "frozen":true, "fstring":true, "bytesize":81, "capacity":154, "value":"/Users/path/.rvm/rubies/ruby-2.2.3/lib/ruby/2.2.0/x86_64-darwin14/objspace.bundle", "encoding":"US-ASCII", "memsize":195, "flags":{"wb_protected":true, "old":true, "long_lived":true, "marking":true, "marked":true}}
{"address":"0x7fcbb198fd08", "type":"ARRAY", "class":"0x7fcbb10d19a0", "length":3, "embedded":true, "references":["0x7fcbb198ff38", "0x7fcbb198ff10", "0x7fcbb198fe20"], "memsize":40, "flags":{"wb_protected":true, "old":true, "long_lived":true, "marked":true}}
{"address":"0x7fcbb198fe20", "type":"STRING", "class":"0x7fcbb10e0ef0", "embedded":true, "bytesize":7, "value":".bundle", "encoding":"UTF-8", "memsize":40, "flags":{"wb_protected":true, "old":true, "long_lived":true, "marked":true}}
{"address":"0x7fcbb198ff10", "type":"STRING", "class":"0x7fcbb10e0ef0", "embedded":true, "bytesize":3, "value":".rb", "encoding":"UTF-8", "memsize":40, "flags":{"wb_protected":true, "old":true, "long_lived":true, "marked":true}}
{"address":"0x7fcbb198ff38", "type":"STRING", "class":"0x7fcbb10e0ef0", "embedded":true, "bytesize":0, "value":"", "encoding":"UTF-8", "memsize":40, "flags":{"wb_protected":true, "old":true, "long_lived":true, "marked":true}}
{"address":"0x7fcbb198ff88", "type":"DATA", "class":"0x7fcbb10c2360", "struct":"VM/env", "references":["0x7fcbb198ff88", "0x7fcbb10c0380", "0x7fcbb10e1c88", "0x7fcbb1051048"], "memsize":120}
{"address":"0x7fcbb198ffb0", "type":"STRING", "class":"0x7fcbb10e0ef0", "frozen":true, "embedded":true, "fstring":true, "bytesize":3, "value":"$-a", "encoding":"US-ASCII", "memsize":40, "flags":{"wb_protected":true, "old":true, "long_lived":true, "marked":true}}
{"address":"0x7fcbb2018378", "type":"STRING", "class":"0x7fcbb10e0ef0", "frozen":true, "embedded":true, "fstring":true, "bytesize":9, "value":"spec_file", "encoding":"US-ASCII", "memsize":40, "flags":{"wb_protected":true, "old":true, "long_lived":true, "marked":true}}
{"address":"0x7fcbb2018738", "type":"STRING", "class":"0x7fcbb10e0ef0", "frozen":true, "embedded":true, "fstring":true, "bytesize":8, "value":"spec_dir", "encoding":"US-ASCII", "memsize":40, "flags":{"wb_protected":true, "old":true, "long_lived":true, "marked":true}}
{"address":"0x7fcbb2018918", "type":"STRING", "class":"0x7fcbb10e0ef0", "frozen":true, "bytesize":67, "capacity":128, "value":"\ntest -z '$(RUBY_CODESIGN)' || codesign -s '$(RUBY_CODESIGN)' -f $@", "encoding":"UTF-8", "memsize":169, "flags":{"wb_protected":true, "old":true, "long_lived":true, "marked":true}}
{"address":"0x7fcbb2018968", "type":"STRING", "class":"0x7fcbb10e0ef0", "frozen":true, "embedded":true, "fstring":true, "bytesize":9, "value":"Installed", "encoding":"US-ASCII", "memsize":40, "flags":{"wb_protected":true, "old":true, "long_lived":true, "marked":true}}
{"address":"0x7fcbb2019070", "type":"STRING", "class":"0x7fcbb10e0ef0", "frozen":true, "embedded":true, "fstring":true, "bytesize":13, "value":"satisfied_by?", "encoding":"US-ASCII", "memsize":40, "flags":{"wb_protected":true, "old":true, "long_lived":true, "marked":true}}
{"address":"0x7fcbb2019458", "type":"STRING", "class":"0x7fcbb10e0ef0", "frozen":true, "bytesize":65, "capacity":128, "value":"$(MINIRUBY) $(srcdir)/tool/runruby.rb --extout=.ext $(RUNRUBYOPT)", "encoding":"UTF-8", "memsize":169, "flags":{"wb_protected":true, "old":true, "long_lived":true, "marked":true}}
{"address":"0x7fcbb2019930", "type":"STRING", "class":"0x7fcbb10e0ef0", "frozen":true, "bytesize":102, "value":"/Users/path/.rvm/rubies/ruby-2.2.3/lib/ruby/gems/2.2.0/specifications/default/io-console-0.4.3.gemspec", "encoding":"UTF-8", "memsize":143, "flags":{"wb_protected":true, "old":true, "long_lived":true, "marked":true}}
{"address":"0x7fcbb2019b38", "type":"STRING", "class":"0x7fcbb10e0ef0", "frozen":true, "embedded":true, "bytesize":10, "value":"extconf.rb", "encoding":"UTF-8", "memsize":40, "flags":{"wb_protected":true, "old":true, "long_lived":true, "marked":true}}
{"address":"0x7fcbb2019b60", "type":"STRING", "class":"0x7fcbb10e0ef0", "frozen":true, "embedded":true, "bytesize":18, "value":"bigdecimal/util.rb", "encoding":"UTF-8", "memsize":40, "flags":{"wb_protected":true, "old":true, "long_lived":true, "marked":true}}
{"address":"0x7fcbb2019b88", "type":"STRING", "class":"0x7fcbb10e0ef0", "frozen":true, "embedded":true, "bytesize":20, "value":"bigdecimal/newton.rb", "encoding":"UTF-8", "memsize":40, "flags":{"wb_protected":true, "old":true, "long_lived":true, "marked":true}}
{"address":"0x7fcbb2019bb0", "type":"STRING", "class":"0x7fcbb10e0ef0", "frozen":true, "embedded":true, "bytesize":18, "value":"bigdecimal/math.rb", "encoding":"UTF-8", "memsize":40, "flags":{"wb_protected":true, "old":true, "long_lived":true, "marked":true}}
{"address":"0x7fcbb2019bd8", "type":"STRING", "class":"0x7fcbb10e0ef0", "frozen":true, "embedded":true, "bytesize":20, "value":"bigdecimal/ludcmp.rb", "encoding":"UTF-8", "memsize":40, "flags":{"wb_protected":true, "old":true, "long_lived":true, "marked":true}}
{"address":"0x7fcbb2019c50", "type":"STRING", "class":"0x7fcbb10e0ef0", "frozen":true, "embedded":true, "bytesize":22, "value":"bigdecimal/jacobian.rb", "encoding":"UTF-8", "memsize":40, "flags":{"wb_protected":true, "old":true, "long_lived":true, "marked":true}}
{"address":"0x7fcbb2019ca0", "type":"STRING", "class":"0x7fcbb10e0ef0", "frozen":true, "bytesize":317, "capacity":512, "value":" -O3 -fno-fast-math -ggdb3 -Wall -Wextra -Wno-unused-parameter -Wno-parentheses -Wno-long-long -Wno-missing-field-initializers -Wunused-variable -Wpointer-arith -Wwrite-strings -Wdeclaration-after-statement -Wshorten-64-to-32 -Wimplicit-function-declaration -Wdivision-by-zero -Wdeprecated-declarations -Wextra-tokens", "encoding":"UTF-8", "memsize":553, "flags":{"wb_protected":true, "old":true, "long_lived":true, "marked":true}}
{"address":"0x7fcbb2019d40", "type":"ARRAY", "class":"0x7fcbb10d19a0", "length":6, "references":["0x7fcbb191cab0", "0x7fcbb191ca88", "0x7fcbb191ca60", "0x7fcbb191ca38", "0x7fcbb191ca10", "0x7fcbb191c9e8"], "memsize":88, "flags":{"wb_protected":true, "old":true, "long_lived":true, "marked":true}}
{"address":"0x7fcbb201a0b0", "type":"STRING", "class":"0x7fcbb10e0ef0", "frozen":true, "bytesize":317, "capacity":512, "value":" -O3 -fno-fast-math -ggdb3 -Wall -Wextra -Wno-unused-parameter -Wno-parentheses -Wno-long-long -Wno-missing-field-initializers -Wunused-variable -Wpointer-arith -Wwrite-strings -Wdeclaration-after-statement -Wshorten-64-to-32 -Wimplicit-function-declaration -Wdivision-by-zero -Wdeprecated-declarations -Wextra-tokens", "encoding":"UTF-8", "memsize":553, "flags":{"wb_protected":true, "old":true, "long_lived":true, "marked":true}}
{"address":"0x7fcbb201a588", "type":"STRING", "class":"0x7fcbb10e0ef0", "frozen":true, "embedded":true, "fstring":true, "bytesize":7, "value":"as_list", "encoding":"US-ASCII", "memsize":40, "flags":{"wb_protected":true, "old":true, "long_lived":true, "marked":true}}
{"address":"0x7fcbb201a948", "type":"STRING", "class":"0x7fcbb10e0ef0", "frozen":true, "bytesize":31, "capacity":128, "value":"libruby.2.2.dylib libruby.dylib", "encoding":"UTF-8", "memsize":169, "flags":{"wb_protected":true, "old":true, "long_lived":true, "marked":true}}
{"address":"0x7fcbb201b3e8", "type":"STRING", "class":"0x7fcbb10e0ef0", "frozen":true, "bytesize":45, "capacity":128, "value":"-lruby.2.2.0-static -framework CoreFoundation", "encoding":"UTF-8", "memsize":169, "flags":{"wb_protected":true, "old":true, "long_lived":true, "marked":true}}
{"address":"0x7fcbb201b6b8", "type":"STRING", "class":"0x7fcbb10e0ef0", "frozen":true, "embedded":true, "fstring":true, "bytesize":3, "value":"seg", "encoding":"US-ASCII", "memsize":40, "flags":{"wb_protected":true, "old":true, "long_lived":true, "marked":true}}
{"address":"0x7fcbb201bd20", "type":"STRING", "class":"0x7fcbb10e0ef0", "frozen":true, "embedded":true, "fstring":true, "bytesize":9, "value":"ruby_code", "encoding":"US-ASCII", "memsize":40, "flags":{"wb_protected":true, "old":true, "long_lived":true, "marked":true}}
{"address":"0x7fcbb201bd48", "type":"STRING", "class":"0x7fcbb10e0ef0", "frozen":true, "bytesize":59, "capacity":128, "value":"/Users/path/.rvm/rubies/ruby-2.2.3/lib/ruby/x86_64-darwin14", "encoding":"UTF-8", "memsize":169, "flags":{"wb_protected":true, "old":true, "long_lived":true, "marked":true}}
{"address":"0x7fcbb20200a0", "type":"STRING", "class":"0x7fcbb10e0ef0", "frozen":true, "bytesize":38, "capacity":128, "value":"/Users/path/.rvm/rubies/ruby-2.2.3/etc", "encoding":"UTF-8", "memsize":169, "flags":{"wb_protected":true, "old":true, "long_lived":true, "marked":true}}
{"address":"0x7fcbb20200f0", "type":"DATA", "class":"0x7fcbb10c0100", "struct":"iseq", "references":["0x7fcbb2020118", "0x7fcbb1072bd0", "0x7fcbb1840970", "0x7fcbb1840970", "0x7fcbb20201b8"], "memsize":1016, "flags":{"wb_protected":true, "old":true, "long_lived":true, "marked":true}}
{"address":"0x7fcbb2020118", "type":"STRING", "class":"0x7fcbb10e0ef0", "frozen":true, "embedded":true, "fstring":true, "bytesize":14, "value":"block in stubs", "memsize":40, "flags":{"wb_protected":true, "old":true, "long_lived":true, "marked":true}}
{"address":"0x7fcbb20201b8", "type":"NODE", "frozen":true, "node_type":"NODE_CREF", "references":["0x7fcbb1906558", "0x7fcbb2022558"], "memsize":40, "flags":{"wb_protected":true, "old":true, "long_lived":true, "marked":true}}
{"address":"0x7fcbb20201e0", "type":"DATA", "class":"0x7fcbb10c0100", "struct":"iseq", "references":["0x7fcbb10db860", "0x7fcbb1072bd0", "0x7fcbb1072bd0", "0x7fcbb1840970", "0x7fcbb1840970", "0x7fcbb20201b8", "0x7fcbb1906530"], "memsize":1584, "flags":{"wb_protected":true, "old":true, "long_lived":true, "marked":true}}
{"address":"0x7fcbb2020230", "type":"ARRAY", "length":1, "embedded":true, "references":["0x7fcbb20202f8"], "memsize":40, "flags":{"wb_protected":true, "old":true, "long_lived":true, "marked":true}}
{"address":"0x7fcbb20202f8", "type":"DATA", "class":"0x7fcbb10c0100", "struct":"iseq", "references":["0x7fcbb2020348", "0x7fcbb1862bd8", "0x7fcbb1840970", "0x7fcbb1840970", "0x7fcbb20203e8"], "memsize":864, "flags":{"wb_protected":true, "old":true, "long_lived":true, "marked":true}}
{"address":"0x7fcbb2020320", "type":"STRING", "class":"0x7fcbb10e0ef0", "frozen":true, "bytesize":38, "capacity":128, "value":"/Users/path/.rvm/rubies/ruby-2.2.3/com", "encoding":"UTF-8", "memsize":169, "flags":{"wb_protected":true, "old":true, "long_lived":true, "marked":true}}
{"address":"0x7fcbb2020348", "type":"STRING", "class":"0x7fcbb10e0ef0", "frozen":true, "embedded":true, "fstring":true, "bytesize":18, "value":"block in each_spec", "memsize":40, "flags":{"wb_protected":true, "old":true, "long_lived":true, "marked":true}}
{"address":"0x7fcbb20203e8", "type":"NODE", "frozen":true, "node_type":"NODE_CREF", "references":["0x7fcbb1906558", "0x7fcbb2022558"], "memsize":40, "flags":{"wb_protected":true, "old":true, "long_lived":true, "marked":true}}
{"address":"0x7fcbb2020410", "type":"DATA", "class":"0x7fcbb10c0100", "struct":"iseq", "references":["0x7fcbb2020230", "0x7fcbb1862bd8", "0x7fcbb1862bd8", "0x7fcbb1840970", "0x7fcbb1840970", "0x7fcbb20203e8", "0x7fcbb1906530"], "memsize":592, "flags":{"wb_protected":true, "old":true, "long_lived":true, "marked":true}}
{"address":"0x7fcbb2020460", "type":"ARRAY", "length":1, "embedded":true, "references":["0x7fcbb2020528"], "memsize":40, "flags":{"wb_protected":true, "old":true, "long_lived":true, "marked":true}}
{"address":"0x7fcbb20204d8", "type":"STRING", "class":"0x7fcbb10e0ef0", "frozen":true, "bytesize":102, "value":"/Users/path/.rvm/rubies/ruby-2.2.3/lib/ruby/gems/2.2.0/specifications/default/bigdecimal-1.2.6.gemspec", "encoding":"UTF-8", "memsize":143, "flags":{"wb_protected":true, "old":true, "long_lived":true, "marked":true}}
{"address":"0x7fcbb2020528", "type":"DATA", "class":"0x7fcbb10c0100", "struct":"iseq", "references":["0x7fcbb2020550", "0x7fcbb18631c8", "0x7fcbb1840970", "0x7fcbb1840970", "0x7fcbb2020618"], "memsize":1064, "flags":{"wb_protected":true, "old":true, "long_lived":true, "marked":true}}
{"address":"0x7fcbb2020550", "type":"STRING", "class":"0x7fcbb10e0ef0", "frozen":true, "embedded":true, "fstring":true, "bytesize":18, "value":"block in each_stub", "memsize":40, "flags":{"wb_protected":true, "old":true, "long_lived":true, "marked":true}}
{"address":"0x7fcbb20205a0", "type":"STRING", "class":"0x7fcbb10e0ef0", "frozen":true, "bytesize":38, "capacity":128, "value":"/Users/path/.rvm/rubies/ruby-2.2.3/var", "encoding":"UTF-8", "memsize":169, "flags":{"wb_protected":true, "old":true, "long_lived":true, "marked":true}}
{"address":"0x7fcbb2020618", "type":"NODE", "frozen":true, "node_type":"NODE_CREF", "references":["0x7fcbb1906558", "0x7fcbb2022558"], "memsize":40, "flags":{"wb_protected":true, "old":true, "long_lived":true, "marked":true}}
{"address":"0x7fcbb2020640", "type":"DATA", "class":"0x7fcbb10c0100", "struct":"iseq", "references":["0x7fcbb2020460", "0x7fcbb18631c8", "0x7fcbb18631c8", "0x7fcbb1840970", "0x7fcbb1840970", "0x7fcbb2020618", "0x7fcbb1906530"], "memsize":592, "flags":{"wb_protected":true, "old":true, "long_lived":true, "marked":true}}
{"address":"0x7fcbb2020690", "type":"ARRAY", "length":1, "embedded":true, "references":["0x7fcbb20208e8"], "memsize":40, "flags":{"wb_protected":true, "old":true, "long_lived":true, "marked":true}}
{"address":"0x7fcbb2020730", "type":"STRING", "class":"0x7fcbb10e0ef0", "frozen":true, "embedded":true, "fstring":true, "bytesize":9, "value":"*.gemspec", "encoding":"UTF-8", "memsize":40, "flags":{"wb_protected":true, "old":true, "long_lived":true, "marked":true}}
{"address":"0x7fcbb2020758", "type":"ARRAY", "length":2, "embedded":true, "references":["0x7fcbb2020820", "0x7fcbb2020730"], "memsize":40, "flags":{"wb_protected":true, "old":true, "long_lived":true, "marked":true}}
{"address":"0x7fcbb2020820", "type":"DATA", "class":"0x7fcbb10c0100", "struct":"iseq", "references":["0x7fcbb2020848", "0x7fcbb1863830", "0x7fcbb1840970", "0x7fcbb1840970", "0x7fcbb20209d8"], "memsize":736, "flags":{"wb_protected":true, "old":true, "long_lived":true, "marked":true}}
{"address":"0x7fcbb2020848", "type":"STRING", "class":"0x7fcbb10e0ef0", "frozen":true, "fstring":true, "bytesize":32, "value":"block (2 levels) in each_gemspec", "memsize":73, "flags":{"wb_protected":true, "old":true, "long_lived":true, "marked":true}}
{"address":"0x7fcbb20208e8", "type":"DATA", "class":"0x7fcbb10c0100", "struct":"iseq", "references":["0x7fcbb2020758", "0x7fcbb2020938", "0x7fcbb1863830", "0x7fcbb1840970", "0x7fcbb1840970", "0x7fcbb20209d8"], "memsize":1048, "flags":{"wb_protected":true, "old":true, "long_lived":true, "marked":true}}
{"address":"0x7fcbb2020910", "type":"STRING", "class":"0x7fcbb10e0ef0", "frozen":true, "bytesize":45, "capacity":128, "value":"/Users/path/.rvm/rubies/ruby-2.2.3/share/info", "encoding":"UTF-8", "memsize":169, "flags":{"wb_protected":true, "old":true, "long_lived":true, "marked":true}}
{"address":"0x7fcbb2020938", "type":"STRING", "class":"0x7fcbb10e0ef0", "frozen":true, "embedded":true, "fstring":true, "bytesize":21, "value":"block in each_gemspec", "memsize":40, "flags":{"wb_protected":true, "old":true, "long_lived":true, "marked":true}}
{"address":"0x7fcbb20209b0", "type":"STRING", "class":"0x7fcbb10e0ef0", "bytesize":54, "capacity":128, "value":"/Users/path/.rvm/rubies/ruby-2.2.3/lib/ruby/gems/2.2.0", "encoding":"UTF-8", "memsize":169, "flags":{"wb_protected":true, "old":true, "long_lived":true, "marked":true}}
{"address":"0x7fcbb20209d8", "type":"NODE", "frozen":true, "node_type":"NODE_CREF", "references":["0x7fcbb1906558", "0x7fcbb2022558"], "memsize":40, "flags":{"wb_protected":true, "old":true, "long_lived":true, "marked":true}}
{"address":"0x7fcbb2020a00", "type":"DATA", "class":"0x7fcbb10c0100", "struct":"iseq", "references":["0x7fcbb2020690", "0x7fcbb1863830", "0x7fcbb1863830", "0x7fcbb1840970", "0x7fcbb1840970", "0x7fcbb20209d8", "0x7fcbb1906530"], "memsize":584, "flags":{"wb_protected":true, "old":true, "long_lived":true, "marked":true}}
{"address":"0x7fcbb2020a78", "type":"NODE", "frozen":true, "node_type":"NODE_CREF", "references":["0x7fcbb1906558", "0x7fcbb2022558"], "memsize":40, "flags":{"wb_protected":true, "old":true, "long_lived":true, "marked":true}}
{"address":"0x7fcbb2020aa0", "type":"DATA", "class":"0x7fcbb10c0100", "struct":"iseq", "references":["0x7fcbb1863a10", "0x7fcbb1863a10", "0x7fcbb1840970", "0x7fcbb1840970", "0x7fcbb2020a78", "0x7fcbb1906530"], "memsize":592, "flags":{"wb_protected":true, "old":true, "long_lived":true, "marked":true}}
{"address":"0x7fcbb2020b40", "type":"STRING", "class":"0x7fcbb10e0ef0", "frozen":true, "bytesize":49, "capacity":128, "value":"/Users/path/.rvm/rubies/ruby-2.2.3/share/doc/ruby", "encoding":"UTF-8", "memsize":169, "flags":{"wb_protected":true, "old":true, "long_lived":true, "marked":true}}
{"address":"0x7fcbb2020bb8", "type":"DATA", "class":"0x7fcbb10c0100", "struct":"iseq", "references":["0x7fcbb2020d20", "0x7fcbb1070f88", "0x7fcbb1840970", "0x7fcbb1840970", "0x7fcbb2020de8"], "memsize":832, "flags":{"wb_protected":true, "old":true, "long_lived":true, "marked":true}}
{"address":"0x7fcbb2020c30", "type":"ARRAY", "length":2, "embedded":true, "references":["0x7fcbb2020cf8", "0x7fcbb2020bb8"], "memsize":40, "flags":{"wb_protected":true, "old":true, "long_lived":true, "marked":true}}
{"address":"0x7fcbb2020cf8", "type":"DATA", "class":"0x7fcbb10c0100", "struct":"iseq", "references":["0x7fcbb2020d20", "0x7fcbb1070f88", "0x7fcbb1840970", "0x7fcbb1840970", "0x7fcbb2020de8"], "memsize":656, "flags":{"wb_protected":true, "old":true, "long_lived":true, "marked":true}}
{"address":"0x7fcbb2020d20", "type":"STRING", "class":"0x7fcbb10e0ef0", "frozen":true, "embedded":true, "fstring":true, "bytesize":13, "value":"block in _all", "memsize":40, "flags":{"wb_protected":true, "old":true, "long_lived":true, "marked":true}}
{"address":"0x7fcbb2020d70", "type":"STRING", "class":"0x7fcbb10e0ef0", "frozen":true, "bytesize":49, "capacity":128, "value":"/Users/path/.rvm/rubies/ruby-2.2.3/share/doc/ruby", "encoding":"UTF-8", "memsize":169, "flags":{"wb_protected":true, "old":true, "long_lived":true, "marked":true}}
{"address":"0x7fcbb2020de8", "type":"NODE", "frozen":true, "node_type":"NODE_CREF", "references":["0x7fcbb1906558", "0x7fcbb2022558"], "memsize":40, "flags":{"wb_protected":true, "old":true, "long_lived":true, "marked":true}}
{"address":"0x7fcbb2020e10", "type":"DATA", "class":"0x7fcbb10c0100", "struct":"iseq", "references":["0x7fcbb2020c30", "0x7fcbb1070f88", "0x7fcbb1070f88", "0x7fcbb1840970", "0x7fcbb1840970", "0x7fcbb2020de8", "0x7fcbb1906530"], "memsize":1504, "flags":{"wb_protected":true, "old":true, "long_lived":true, "marked":true}}
{"address":"0x7fcbb2020e88", "type":"NODE", "frozen":true, "node_type":"NODE_CREF", "references":["0x7fcbb1906558", "0x7fcbb2022558"], "memsize":40, "flags":{"wb_protected":true, "old":true, "long_lived":true, "marked":true}}
{"address":"0x7fcbb2020eb0", "type":"DATA", "class":"0x7fcbb10c0100", "struct":"iseq", "references":["0x7fcbb18589f8", "0x7fcbb18589f8", "0x7fcbb1840970", "0x7fcbb1840970", "0x7fcbb2020e88", "0x7fcbb1906558"], "memsize":600, "flags":{"wb_protected":true, "old":true, "long_lived":true, "marked":true}}
{"address":"0x7fcbb2020f28", "type":"NODE", "frozen":true, "node_type":"NODE_CREF", "references":["0x7fcbb1906558", "0x7fcbb2022558"], "memsize":40, "flags":{"wb_protected":true, "old":true, "long_lived":true, "marked":true}}
{"address":"0x7fcbb2020f50", "type":"DATA", "class":"0x7fcbb10c0100", "struct":"iseq", "references":["0x7fcbb109b3a0", "0x7fcbb109b3a0", "0x7fcbb1840970", "0x7fcbb1840970", "0x7fcbb2020f28", "0x7fcbb1906558"], "memsize":592, "flags":{"wb_protected":true, "old":true, "long_lived":true, "marked":true}}
{"address":"0x7fcbb2020fa0", "type":"STRING", "class":"0x7fcbb10e0ef0", "frozen":true, "bytesize":49, "capacity":128, "value":"/Users/path/.rvm/rubies/ruby-2.2.3/share/doc/ruby", "encoding":"UTF-8", "memsize":169, "flags":{"wb_protected":true, "old":true, "long_lived":true, "marked":true}}
{"address":"0x7fcbb2020ff0", "type":"NODE", "frozen":true, "node_type":"NODE_CREF", "references":["0x7fcbb1906558", "0x7fcbb2022558"], "memsize":40, "flags":{"wb_protected":true, "old":true, "long_lived":true, "marked":true}}
{"address":"0x7fcbb2021018", "type":"DATA", "class":"0x7fcbb10c0100", "struct":"iseq", "references":["0x7fcbb1859150", "0x7fcbb1859150", "0x7fcbb1840970", "0x7fcbb1840970", "0x7fcbb2020ff0", "0x7fcbb1906558"], "memsize":680, "flags":{"wb_protected":true, "old":true, "long_lived":true, "marked":true}}
{"address":"0x7fcbb2021090", "type":"NODE", "frozen":true, "node_type":"NODE_CREF", "references":["0x7fcbb1906558", "0x7fcbb2022558"], "memsize":40, "flags":{"wb_protected":true, "old":true, "long_lived":true, "marked":true}}
{"address":"0x7fcbb20210b8", "type":"DATA", "class":"0x7fcbb10c0100", "struct":"iseq", "references":["0x7fcbb18594c0", "0x7fcbb18594c0", "0x7fcbb1840970", "0x7fcbb1840970", "0x7fcbb2021090", "0x7fcbb1906558"], "memsize":680, "flags":{"wb_protected":true, "old":true, "long_lived":true, "marked":true}}
{"address":"0x7fcbb2021130", "type":"NODE", "frozen":true, "node_type":"NODE_CREF", "references":["0x7fcbb1906558", "0x7fcbb2022558"], "memsize":40, "flags":{"wb_protected":true, "old":true, "long_lived":true, "marked":true}}
{"address":"0x7fcbb2021158", "type":"DATA", "class":"0x7fcbb10c0100", "struct":"iseq", "references":["0x7fcbb1849d18", "0x7fcbb1849d18", "0x7fcbb1840970", "0x7fcbb1840970", "0x7fcbb2021130", "0x7fcbb1906558"], "memsize":592, "flags":{"wb_protected":true, "old":true, "long_lived":true, "marked":true}}
{"address":"0x7fcbb20211d0", "type":"STRING", "class":"0x7fcbb10e0ef0", "frozen":true, "bytesize":49, "capacity":128, "value":"/Users/path/.rvm/rubies/ruby-2.2.3/share/doc/ruby", "encoding":"UTF-8", "memsize":169, "flags":{"wb_protected":true, "old":true, "long_lived":true, "marked":true}}
{"address":"0x7fcbb20211f8", "type":"NODE", "frozen":true, "node_type":"NODE_CREF", "references":["0x7fcbb1906558", "0x7fcbb2022558"], "memsize":40, "flags":{"wb_protected":true, "old":true, "long_lived":true, "marked":true}}
{"address":"0x7fcbb2021220", "type":"DATA", "class":"0x7fcbb10c0100", "struct":"iseq", "references":["0x7fcbb185a0c8", "0x7fcbb185a0c8", "0x7fcbb1840970", "0x7fcbb1840970", "0x7fcbb20211f8", "0x7fcbb1906558"], "memsize":600, "flags":{"wb_protected":true, "old":true, "long_lived":true, "marked":true}}
{"address":"0x7fcbb2021248", "type":"STRING", "class":"0x7fcbb10e0ef0", "frozen":true, "bytesize":49, "capacity":128, "value":"/Users/path/.rvm/rubies/ruby-2.2.3/share/doc/ruby", "encoding":"UTF-8", "memsize":169, "flags":{"wb_protected":true, "old":true, "long_lived":true, "marked":true}}
{"address":"0x7fcbb20212c0", "type":"NODE", "frozen":true, "node_type":"NODE_CREF", "references":["0x7fcbb1906558", "0x7fcbb2022558"], "memsize":40, "flags":{"wb_protected":true, "old":true, "long_lived":true, "marked":true}}
{"address":"0x7fcbb20212e8", "type":"DATA", "class":"0x7fcbb10c0100", "struct":"iseq", "references":["0x7fcbb185a190", "0x7fcbb185a190", "0x7fcbb1840970", "0x7fcbb1840970", "0x7fcbb20212c0", "0x7fcbb1906558"], "memsize":600, "flags":{"wb_protected":true, "old":true, "long_lived":true, "marked":true}}
{"address":"0x7fcbb2021360", "type":"NODE", "frozen":true, "node_type":"NODE_CREF", "references":["0x7fcbb1906558", "0x7fcbb2022558"], "memsize":40, "flags":{"wb_protected":true, "old":true, "long_lived":true, "marked":true}}
{"address":"0x7fcbb2021388", "type":"DATA", "class":"0x7fcbb10c0100", "struct":"iseq", "references":["0x7fcbb185a870", "0x7fcbb185a870", "0x7fcbb1840970", "0x7fcbb1840970", "0x7fcbb2021360", "0x7fcbb1906558"], "memsize":680, "flags":{"wb_protected":true, "old":true, "long_lived":true, "marked":true}}
{"address":"0x7fcbb2021400", "type":"NODE", "frozen":true, "node_type":"NODE_CREF", "references":["0x7fcbb1906558", "0x7fcbb2022558"], "memsize":40, "flags":{"wb_protected":true, "old":true, "long_lived":true, "marked":true}}
{"address":"0x7fcbb2021428", "type":"DATA", "class":"0x7fcbb10c0100", "struct":"iseq", "references":["0x7fcbb185abe0", "0x7fcbb185abe0", "0x7fcbb1840970", "0x7fcbb1840970", "0x7fcbb2021400", "0x7fcbb1906558"], "memsize":792, "flags":{"wb_protected":true, "old":true, "long_lived":true, "marked":true}}
{"address":"0x7fcbb20214a0", "type":"NODE", "frozen":true, "node_type":"NODE_CREF", "references":["0x7fcbb1906558", "0x7fcbb2022558"], "memsize":40, "flags":{"wb_protected":true, "old":true, "long_lived":true, "marked":true}}
{"address":"0x7fcbb20214c8", "type":"DATA", "class":"0x7fcbb10c0100", "struct":"iseq", "references":["0x7fcbb184a470", "0x7fcbb184a470", "0x7fcbb1840970", "0x7fcbb1840970", "0x7fcbb20214a0", "0x7fcbb1906558"], "memsize":592, "flags":{"wb_protected":true, "old":true, "long_lived":true, "marked":true}}
{"address":"0x7fcbb2021540", "type":"NODE", "frozen":true, "node_type":"NODE_CREF", "references":["0x7fcbb1906558", "0x7fcbb2022558"], "memsize":40, "flags":{"wb_protected":true, "old":true, "long_lived":true, "marked":true}}
{"address":"0x7fcbb2021568", "type":"DATA", "class":"0x7fcbb10c0100", "struct":"iseq", "references":["0x7fcbb184a560", "0x7fcbb184a560", "0x7fcbb1840970", "0x7fcbb1840970", "0x7fcbb2021540", "0x7fcbb1906558"], "memsize":592, "flags":{"wb_protected":true, "old":true, "long_lived":true, "marked":true}}
{"address":"0x7fcbb20215e0", "type":"NODE", "frozen":true, "node_type":"NODE_CREF", "references":["0x7fcbb1906558", "0x7fcbb2022558"], "memsize":40, "flags":{"wb_protected":true, "old":true, "long_lived":true, "marked":true}}
{"address":"0x7fcbb2021608", "type":"DATA", "class":"0x7fcbb10c0100", "struct":"iseq", "references":["0x7fcbb109a158", "0x7fcbb109a158", "0x7fcbb1840970", "0x7fcbb1840970", "0x7fcbb20215e0", "0x7fcbb1906558"], "memsize":592, "flags":{"wb_protected":true, "old":true, "long_lived":true, "marked":true}}
{"address":"0x7fcbb2021680", "type":"NODE", "frozen":true, "node_type":"NODE_CREF", "references":["0x7fcbb1906558", "0x7fcbb2022558"], "memsize":40, "flags":{"wb_protected":true, "old":true, "long_lived":true, "marked":true}}
{"address":"0x7fcbb20216a8", "type":"DATA", "class":"0x7fcbb10c0100", "struct":"iseq", "references":["0x7fcbb185bb58", "0x7fcbb185bb58", "0x7fcbb1840970", "0x7fcbb1840970", "0x7fcbb2021680", "0x7fcbb1906558"], "memsize":608, "flags":{"wb_protected":true, "old":true, "long_lived":true, "marked":true}}
{"address":"0x7fcbb20216f8", "type":"STRING", "class":"0x7fcbb10e0ef0", "frozen":true, "bytesize":47, "capacity":128, "value":"/Users/path/.rvm/rubies/ruby-2.2.3/share/locale", "encoding":"UTF-8", "memsize":169, "flags":{"wb_protected":true, "old":true, "long_lived":true, "marked":true}}
{"address":"0x7fcbb2021748", "type":"NODE", "frozen":true, "node_type":"NODE_CREF", "references":["0x7fcbb1906558", "0x7fcbb2022558"], "memsize":40, "flags":{"wb_protected":true, "old":true, "long_lived":true, "marked":true}}
{"address":"0x7fcbb2021770", "type":"DATA", "class":"0x7fcbb10c0100", "struct":"iseq", "references":["0x7fcbb185bf68", "0x7fcbb185bf68", "0x7fcbb1840970", "0x7fcbb1840970", "0x7fcbb2021748", "0x7fcbb1906558"], "memsize":608, "flags":{"wb_protected":true, "old":true, "long_lived":true, "marked":true}}
{"address":"0x7fcbb2021798", "type":"ARRAY", "class":"0x7fcbb10d19a0", "frozen":true, "length":2, "embedded":true, "references":["0x7fcbb182b958"], "memsize":40, "flags":{"wb_protected":true, "old":true, "long_lived":true, "marked":true}}
{"address":"0x7fcbb20217c0", "type":"STRING", "class":"0x7fcbb10e0ef0", "frozen":true, "embedded":true, "fstring":true, "bytesize":7, "value":"errors=", "encoding":"US-ASCII", "memsize":40, "flags":{"wb_protected":true, "old":true, "long_lived":true, "marked":true}}
{"address":"0x7fcbb20217e8", "type":"NODE", "frozen":true, "node_type":"NODE_CREF", "references":["0x7fcbb1906558", "0x7fcbb2022558"], "memsize":40, "flags":{"wb_protected":true, "old":true, "long_lived":true, "marked":true}}
{"address":"0x7fcbb2021810", "type":"DATA", "class":"0x7fcbb10c0100", "struct":"iseq", "references":["0x7fcbb108be28", "0x7fcbb108be28", "0x7fcbb1840970", "0x7fcbb1840970", "0x7fcbb20217e8", "0x7fcbb1906558"], "memsize":1328, "flags":{"wb_protected":true, "old":true, "long_lived":true, "marked":true}}
{"address":"0x7fcbb2021838", "type":"ARRAY", "length":6, "references":["0x7fcbb2021900", "0x7fcbb20218b0", "0x7fcbb2021860", "0x7fcbb2021950", "0x7fcbb20218d8", "0x7fcbb2021888"], "memsize":200, "flags":{"wb_protected":true, "old":true, "long_lived":true, "marked":true}}
{"address":"0x7fcbb2021860", "type":"STRING", "class":"0x7fcbb10e0ef0", "frozen":true, "embedded":true, "fstring":true, "bytesize":14, "value":"powerpc-darwin", "encoding":"UTF-8", "memsize":40, "flags":{"wb_protected":true, "old":true, "long_lived":true, "marked":true}}
{"address":"0x7fcbb2021888", "type":"STRING", "class":"0x7fcbb10e0ef0", "frozen":true, "embedded":true, "fstring":true, "bytesize":10, "value":"ppc-darwin", "encoding":"UTF-8", "memsize":40, "flags":{"wb_protected":true, "old":true, "long_lived":true, "marked":true}}
